[    0.000000] Booting Linux on physical CPU 0x0
[    0.000000] Linux version 4.1.17+ (vagrant@vagrant-ubuntu-trusty-64) (gcc version 5.3.0 (GCC) ) #1 Thu Feb 18 01:05:21 UTC 2016
[    0.000000] CPU: ARMv7 Processor [412fc0f1] revision 1 (ARMv7), cr=10c5387d
[    0.000000] CPU: PIPT / VIPT nonaliasing data cache, PIPT instruction cache
[    0.000000] Machine model: linux,dummy-virt
[    0.000000] debug: ignoring loglevel setting.
[    0.000000] Memory policy: Data cache writeback
[    0.000000] On node 0 totalpages: 65536
[    0.000000] free_area_init_node: node 0, pgdat c061dfe8, node_mem_map cfdf9000
[    0.000000]   Normal zone: 512 pages used for memmap
[    0.000000]   Normal zone: 0 pages reserved
[    0.000000]   Normal zone: 65536 pages, LIFO batch:15
[    0.000000] CPU: All CPU(s) started in SVC mode.
[    0.000000] pcpu-alloc: s0 r0 d32768 u32768 alloc=1*32768
[    0.000000] pcpu-alloc: [0] 0 
[    0.000000] Built 1 zonelists in Zone order, mobility grouping on.  Total pages: 65024
[    0.000000] Kernel command line: root=/dev/vda1 console=ttyS0 nandsim.parts=64,64,64,64,64,64,64,64,64,64 rdinit=/firmadyne/preInit.sh rw debug ignore_loglevel print-fatal-signals=1 user_debug=31 firmadyne.syscall=0
[    0.000000] PID hash table entries: 1024 (order: 0, 4096 bytes)
[    0.000000] Dentry cache hash table entries: 32768 (order: 5, 131072 bytes)
[    0.000000] Inode-cache hash table entries: 16384 (order: 4, 65536 bytes)
[    0.000000] Memory: 253344K/262144K available (4297K kernel code, 170K rwdata, 1584K rodata, 180K init, 148K bss, 8800K reserved, 0K cma-reserved)
[    0.000000] Virtual kernel memory layout:
[    0.000000]     vector  : 0xffff0000 - 0xffff1000   (   4 kB)
[    0.000000]     fixmap  : 0xffc00000 - 0xfff00000   (3072 kB)
[    0.000000]     vmalloc : 0xd0800000 - 0xff000000   ( 744 MB)
[    0.000000]     lowmem  : 0xc0000000 - 0xd0000000   ( 256 MB)
[    0.000000]     modules : 0xbf000000 - 0xc0000000   (  16 MB)
[    0.000000]       .text : 0xc0008000 - 0xc05c67bc   (5882 kB)
[    0.000000]       .init : 0xc05c7000 - 0xc05f4000   ( 180 kB)
[    0.000000]       .data : 0xc05f4000 - 0xc061e840   ( 171 kB)
[    0.000000]        .bss : 0xc0621000 - 0xc06462d4   ( 149 kB)
[    0.000000] NR_IRQS:16 nr_irqs:16 16
[    0.000000] Architected cp15 timer(s) running at 62.50MHz (virt).
[    0.000000] clocksource arch_sys_counter: mask: 0xffffffffffffff max_cycles: 0x1cd42e208c, max_idle_ns: 881590405314 ns
[    0.000135] sched_clock: 56 bits at 62MHz, resolution 16ns, wraps every 4398046511096ns
[    0.000262] Switching to timer-based delay loop, resolution 16ns
[    0.003194] Console: colour dummy device 80x30
[    0.003471] Calibrating delay loop (skipped), value calculated using timer frequency.. 125.00 BogoMIPS (lpj=625000)
[    0.003573] pid_max: default: 32768 minimum: 301
[    0.004330] Mount-cache hash table entries: 1024 (order: 0, 4096 bytes)
[    0.004360] Mountpoint-cache hash table entries: 1024 (order: 0, 4096 bytes)
[    0.012094] CPU: Testing write buffer coherency: ok
[    0.017199] Setting up static identity map for 0x40008240 - 0x40008298
[    0.029412] VFP support v0.3: implementor 41 architecture 4 part 30 variant f rev 0
[    0.039438] clocksource jiffies: mask: 0xffffffff max_cycles: 0xffffffff, max_idle_ns: 19112604462750000 ns
[    0.046846] NET: Registered protocol family 16
[    0.049377] DMA: preallocated 256 KiB pool for atomic coherent allocations
[    0.052562] cpuidle: using governor ladder
[    0.052686] cpuidle: using governor menu
[    0.055733] genirq: Setting trigger mode 1 for irq 20 failed (gic_set_type+0x0/0x48)
[    0.057163] genirq: Setting trigger mode 1 for irq 21 failed (gic_set_type+0x0/0x48)
[    0.057427] genirq: Setting trigger mode 1 for irq 22 failed (gic_set_type+0x0/0x48)
[    0.057714] genirq: Setting trigger mode 1 for irq 23 failed (gic_set_type+0x0/0x48)
[    0.057980] genirq: Setting trigger mode 1 for irq 24 failed (gic_set_type+0x0/0x48)
[    0.058231] genirq: Setting trigger mode 1 for irq 25 failed (gic_set_type+0x0/0x48)
[    0.058470] genirq: Setting trigger mode 1 for irq 26 failed (gic_set_type+0x0/0x48)
[    0.058710] genirq: Setting trigger mode 1 for irq 27 failed (gic_set_type+0x0/0x48)
[    0.059045] genirq: Setting trigger mode 1 for irq 28 failed (gic_set_type+0x0/0x48)
[    0.059349] genirq: Setting trigger mode 1 for irq 29 failed (gic_set_type+0x0/0x48)
[    0.059593] genirq: Setting trigger mode 1 for irq 30 failed (gic_set_type+0x0/0x48)
[    0.059849] genirq: Setting trigger mode 1 for irq 31 failed (gic_set_type+0x0/0x48)
[    0.060085] genirq: Setting trigger mode 1 for irq 32 failed (gic_set_type+0x0/0x48)
[    0.060327] genirq: Setting trigger mode 1 for irq 33 failed (gic_set_type+0x0/0x48)
[    0.060558] genirq: Setting trigger mode 1 for irq 34 failed (gic_set_type+0x0/0x48)
[    0.060788] genirq: Setting trigger mode 1 for irq 35 failed (gic_set_type+0x0/0x48)
[    0.061039] genirq: Setting trigger mode 1 for irq 36 failed (gic_set_type+0x0/0x48)
[    0.061284] genirq: Setting trigger mode 1 for irq 37 failed (gic_set_type+0x0/0x48)
[    0.061591] genirq: Setting trigger mode 1 for irq 38 failed (gic_set_type+0x0/0x48)
[    0.061847] genirq: Setting trigger mode 1 for irq 39 failed (gic_set_type+0x0/0x48)
[    0.062089] genirq: Setting trigger mode 1 for irq 40 failed (gic_set_type+0x0/0x48)
[    0.062336] genirq: Setting trigger mode 1 for irq 41 failed (gic_set_type+0x0/0x48)
[    0.062590] genirq: Setting trigger mode 1 for irq 42 failed (gic_set_type+0x0/0x48)
[    0.062843] genirq: Setting trigger mode 1 for irq 43 failed (gic_set_type+0x0/0x48)
[    0.063101] genirq: Setting trigger mode 1 for irq 44 failed (gic_set_type+0x0/0x48)
[    0.063363] genirq: Setting trigger mode 1 for irq 45 failed (gic_set_type+0x0/0x48)
[    0.063820] genirq: Setting trigger mode 1 for irq 46 failed (gic_set_type+0x0/0x48)
[    0.064122] genirq: Setting trigger mode 1 for irq 47 failed (gic_set_type+0x0/0x48)
[    0.064381] genirq: Setting trigger mode 1 for irq 48 failed (gic_set_type+0x0/0x48)
[    0.064629] genirq: Setting trigger mode 1 for irq 49 failed (gic_set_type+0x0/0x48)
[    0.064869] genirq: Setting trigger mode 1 for irq 50 failed (gic_set_type+0x0/0x48)
[    0.065124] genirq: Setting trigger mode 1 for irq 51 failed (gic_set_type+0x0/0x48)
[    0.065561] genirq: Setting trigger mode 1 for irq 52 failed (gic_set_type+0x0/0x48)
[    0.068529] Serial: AMBA PL011 UART driver
[    0.070203] 9000000.pl011: ttyS0 at MMIO 0x9000000 (irq = 52, base_baud = 0) is a PL011 rev1
[    0.126614] console [ttyS0] enabled
[    0.145910] vgaarb: loaded
[    0.147921] SCSI subsystem initialized
[    0.149498] usbcore: registered new interface driver usbfs
[    0.150714] usbcore: registered new interface driver hub
[    0.151847] usbcore: registered new device driver usb
[    0.160073] cfg80211: Calling CRDA to update world regulatory domain
[    0.163133] Switched to clocksource arch_sys_counter
[    0.178314] NET: Registered protocol family 2
[    0.183364] TCP established hash table entries: 2048 (order: 1, 8192 bytes)
[    0.184737] TCP bind hash table entries: 2048 (order: 1, 8192 bytes)
[    0.186046] TCP: Hash tables configured (established 2048 bind 2048)
[    0.187544] UDP hash table entries: 256 (order: 0, 4096 bytes)
[    0.188711] UDP-Lite hash table entries: 256 (order: 0, 4096 bytes)
[    0.190945] NET: Registered protocol family 1
[    0.192524] PCI: CLS 0 bytes, default 64
[    0.199226] NetWinder Floating Point Emulator V0.97 (extended precision)
[    0.202475] futex hash table entries: 256 (order: -1, 3072 bytes)
[    0.208080] squashfs: version 4.0 (2009/01/31) Phillip Lougher
[    0.210312] jffs2: version 2.2. (NAND) Â© 2001-2006 Red Hat, Inc.
[    0.212038] romfs: ROMFS MTD (C) 2007 Red Hat, Inc.
[    0.220370] Block layer SCSI generic (bsg) driver version 0.4 loaded (major 253)
[    0.221849] io scheduler noop registered
[    0.222702] io scheduler cfq registered (default)
[    0.224315] firmadyne: devfs: 1, execute: 1, procfs: 1, syscall: 0
[    0.226442] ------------[ cut here ]------------
[    0.227321] WARNING: CPU: 0 PID: 1 at /home/vagrant/firmadyne-kernel/kernel-v4.1/fs/sysfs/dir.c:31 sysfs_warn_dup+0x50/0x6c()
[    0.229318] sysfs: cannot create duplicate filename '/class/gpio'
[    0.230472] Modules linked in:
[    0.231259] CPU: 0 PID: 1 Comm: swapper Not tainted 4.1.17+ #1
[    0.232299] Hardware name: Generic DT based system
[    0.233953] [<c001c99c>] (unwind_backtrace) from [<c0019d30>] (show_stack+0x10/0x14)
[    0.235451] [<c0019d30>] (show_stack) from [<c0024ab4>] (warn_slowpath_common+0x80/0xa8)
[    0.236893] [<c0024ab4>] (warn_slowpath_common) from [<c0024b08>] (warn_slowpath_fmt+0x2c/0x3c)
[    0.238490] [<c0024b08>] (warn_slowpath_fmt) from [<c00e363c>] (sysfs_warn_dup+0x50/0x6c)
[    0.239915] [<c00e363c>] (sysfs_warn_dup) from [<c00e3714>] (sysfs_create_dir_ns+0x74/0x84)
[    0.241202] [<c00e3714>] (sysfs_create_dir_ns) from [<c018e6ac>] (kobject_add_internal+0xb8/0x2ac)
[    0.241864] [<c018e6ac>] (kobject_add_internal) from [<c018e9a8>] (kset_register+0x1c/0x44)
[    0.242682] [<c018e9a8>] (kset_register) from [<c02090b4>] (__class_register+0xa8/0x198)
[    0.243765] [<c02090b4>] (__class_register) from [<c02091e4>] (__class_create+0x40/0x70)
[    0.244616] [<c02091e4>] (__class_create) from [<c01adf68>] (register_devfs_stubs+0x314/0xbb4)
[    0.245497] [<c01adf68>] (register_devfs_stubs) from [<c05d9b08>] (init_module+0x28/0xa4)
[    0.246330] [<c05d9b08>] (init_module) from [<c0009670>] (do_one_initcall+0x104/0x1b4)
[    0.247011] [<c0009670>] (do_one_initcall) from [<c05c7d08>] (kernel_init_freeable+0xf0/0x1b0)
[    0.247969] [<c05c7d08>] (kernel_init_freeable) from [<c040f28c>] (kernel_init+0x8/0xe4)
[    0.248689] [<c040f28c>] (kernel_init) from [<c0016da8>] (ret_from_fork+0x14/0x2c)
[    0.249428] ---[ end trace bee71772de2c6158 ]---
[    0.250262] ------------[ cut here ]------------
[    0.250824] WARNING: CPU: 0 PID: 1 at /home/vagrant/firmadyne-kernel/kernel-v4.1/lib/kobject.c:240 kobject_add_internal+0x240/0x2ac()
[    0.251736] kobject_add_internal failed for gpio with -EEXIST, don't try to register things with the same name in the same directory.
[    0.253214] Modules linked in:
[    0.253884] CPU: 0 PID: 1 Comm: swapper Tainted: G        W       4.1.17+ #1
[    0.254559] Hardware name: Generic DT based system
[    0.255130] [<c001c99c>] (unwind_backtrace) from [<c0019d30>] (show_stack+0x10/0x14)
[    0.255904] [<c0019d30>] (show_stack) from [<c0024ab4>] (warn_slowpath_common+0x80/0xa8)
[    0.256528] [<c0024ab4>] (warn_slowpath_common) from [<c0024b08>] (warn_slowpath_fmt+0x2c/0x3c)
[    0.257318] [<c0024b08>] (warn_slowpath_fmt) from [<c018e834>] (kobject_add_internal+0x240/0x2ac)
[    0.258302] [<c018e834>] (kobject_add_internal) from [<c018e9a8>] (kset_register+0x1c/0x44)
[    0.259008] [<c018e9a8>] (kset_register) from [<c02090b4>] (__class_register+0xa8/0x198)
[    0.259632] [<c02090b4>] (__class_register) from [<c02091e4>] (__class_create+0x40/0x70)
[    0.260585] [<c02091e4>] (__class_create) from [<c01adf68>] (register_devfs_stubs+0x314/0xbb4)
[    0.261223] [<c01adf68>] (register_devfs_stubs) from [<c05d9b08>] (init_module+0x28/0xa4)
[    0.261937] [<c05d9b08>] (init_module) from [<c0009670>] (do_one_initcall+0x104/0x1b4)
[    0.262832] [<c0009670>] (do_one_initcall) from [<c05c7d08>] (kernel_init_freeable+0xf0/0x1b0)
[    0.263909] [<c05c7d08>] (kernel_init_freeable) from [<c040f28c>] (kernel_init+0x8/0xe4)
[    0.264813] [<c040f28c>] (kernel_init) from [<c0016da8>] (ret_from_fork+0x14/0x2c)
[    0.265479] ---[ end trace bee71772de2c6159 ]---
[    0.266076] firmadyne: Cannot create device class: gpio!
[    0.267863] firmadyne: Cannot register character device: watchdog, 0xa, 0x82!
[    0.269194] firmadyne: Cannot register character device: wdt, 0xfd, 0x0!
[    0.364677] Non-volatile memory driver v1.3
[    0.384131] brd: module loaded
[    0.392421] loop: module loaded
[    0.401199]  vda: vda1
[    0.405785] [nandsim] warning: read_byte: unexpected data output cycle, state is STATE_READY return 0x0
[    0.407494] [nandsim] warning: read_byte: unexpected data output cycle, state is STATE_READY return 0x0
[    0.409116] [nandsim] warning: read_byte: unexpected data output cycle, state is STATE_READY return 0x0
[    0.410724] [nandsim] warning: read_byte: unexpected data output cycle, state is STATE_READY return 0x0
[    0.412321] [nandsim] warning: read_byte: unexpected data output cycle, state is STATE_READY return 0x0
[    0.414126] [nandsim] warning: read_byte: unexpected data output cycle, state is STATE_READY return 0x0
[    0.415342] nand: device found, Manufacturer ID: 0x98, Chip ID: 0x39
[    0.416460] nand: Toshiba NAND 128MiB 1,8V 8-bit
[    0.416889] nand: 128 MiB, SLC, erase size: 16 KiB, page size: 512, OOB size: 16
[    0.418521] flash size: 128 MiB
[    0.419122] page size: 512 bytes
[    0.419691] OOB area size: 16 bytes
[    0.420293] sector size: 16 KiB
[    0.420847] pages number: 262144
[    0.421458] pages per sector: 32
[    0.421900] bus width: 8
[    0.422178] bits in sector size: 14
[    0.422326] bits in page size: 9
[    0.423110] bits in OOB size: 4
[    0.423630] flash size with OOB: 135168 KiB
[    0.423981] page address bytes: 4
[    0.424335] sector address bytes: 3
[    0.424515] options: 0x42
[    0.428810] Scanning device for bad blocks
[    0.541256] Creating 11 MTD partitions on "NAND 128MiB 1,8V 8-bit":
[    0.542774] 0x000000000000-0x000000100000 : "NAND simulator partition 0"
[    0.546897] 0x000000100000-0x000000200000 : "NAND simulator partition 1"
[    0.549339] 0x000000200000-0x000000300000 : "NAND simulator partition 2"
[    0.551745] 0x000000300000-0x000000400000 : "NAND simulator partition 3"
[    0.554340] 0x000000400000-0x000000500000 : "NAND simulator partition 4"
[    0.556716] 0x000000500000-0x000000600000 : "NAND simulator partition 5"
[    0.559137] 0x000000600000-0x000000700000 : "NAND simulator partition 6"
[    0.561624] 0x000000700000-0x000000800000 : "NAND simulator partition 7"
[    0.564244] 0x000000800000-0x000000900000 : "NAND simulator partition 8"
[    0.566778] 0x000000900000-0x000000a00000 : "NAND simulator partition 9"
[    0.569192] 0x000000a00000-0x000008000000 : "NAND simulator partition 10"
[    0.574604] tun: Universal TUN/TAP device driver, 1.6
[    0.575533] tun: (C) 1999-2004 Max Krasnyansky <maxk@qualcomm.com>
[    0.589468] PPP generic driver version 2.4.2
[    0.590920] PPP BSD Compression module registered
[    0.591823] PPP Deflate Compression module registered
[    0.593088] PPP MPPE Compression module registered
[    0.594028] NET: Registered protocol family 24
[    0.595034] PPTP driver version 0.8.5
[    0.596364] usbcore: registered new interface driver usb-storage
[    0.598894] hidraw: raw HID events driver (C) Jiri Kosina
[    0.600308] usbcore: registered new interface driver usbhid
[    0.601318] usbhid: USB HID core driver
[    0.602427] Netfilter messages via NETLINK v0.30.
[    0.604031] nf_conntrack version 0.5.0 (3958 buckets, 15832 max)
[    0.606284] ctnetlink v0.93: registering with nfnetlink.
[    0.608474] ipip: IPv4 over IPv4 tunneling driver
[    0.611032] gre: GRE over IPv4 demultiplexor driver
[    0.611970] ip_gre: GRE over IPv4 tunneling driver
[    0.616971] ip_tables: (C) 2000-2006 Netfilter Core Team
[    0.619423] arp_tables: (C) 2002 David S. Miller
[    0.621244] Initializing XFRM netlink socket
[    0.622479] NET: Registered protocol family 10
[    0.630917] ip6_tables: (C) 2000-2006 Netfilter Core Team
[    0.633560] sit: IPv6 over IPv4 tunneling driver
[    0.637643] NET: Registered protocol family 17
[    0.638991] bridge: automatic filtering via arp/ip/ip6tables has been deprecated. Update your scripts to load br_netfilter if you need this.
[    0.641286] Bridge firewalling registered
[    0.642098] Ebtables v2.0 registered
[    0.643925] 8021q: 802.1Q VLAN Support v1.8
[    0.645238] Registering SWP/SWPB emulation handler
[    0.647892] hctosys: unable to open rtc device (rtc0)
[    0.657703] EXT4-fs (vda1): couldn't mount as ext3 due to feature incompatibilities
[    0.660364] EXT4-fs (vda1): mounting ext2 file system using the ext4 subsystem
[    0.670376] EXT4-fs (vda1): warning: mounting unchecked fs, running e2fsck is recommended
[    0.674407] EXT4-fs (vda1): mounted filesystem without journal. Opts: (null)
[    0.676560] VFS: Mounted root (ext2 filesystem) on device 254:1.
[    0.682355] Freeing unused kernel memory: 180K (c05c7000 - c05f4000)
[    0.708406] firmadyne: do_execve: /firmadyne/console
[    0.709435] OFFSETS: offset of pid: 0x190 offset of comm: 0x270
[    0.720341] Kernel panic - not syncing: No working init found.  Try passing init= option to kernel. See Linux Documentation/init.txt for guidance.
[    0.722754] CPU: 0 PID: 1 Comm: swapper Tainted: G        W       4.1.17+ #1
[    0.724059] Hardware name: Generic DT based system
[    0.724965] [<c001c99c>] (unwind_backtrace) from [<c0019d30>] (show_stack+0x10/0x14)
[    0.726348] [<c0019d30>] (show_stack) from [<c0410b78>] (panic+0x70/0x1c8)
[    0.727567] [<c0410b78>] (panic) from [<c040f33c>] (kernel_init+0xb8/0xe4)
[    0.728786] [<c040f33c>] (kernel_init) from [<c0016da8>] (ret_from_fork+0x14/0x2c)
[    0.730054] ---[ end Kernel panic - not syncing: No working init found.  Try passing init= option to kernel. See Linux Documentation/init.txt for guidance.
