[    0.000000] Booting Linux on physical CPU 0x0
[    0.000000] Linux version 4.1.17+ (vagrant@vagrant-ubuntu-trusty-64) (gcc version 5.3.0 (GCC) ) #1 Thu Feb 18 01:05:21 UTC 2016
[    0.000000] CPU: ARMv7 Processor [412fc0f1] revision 1 (ARMv7), cr=10c5387d
[    0.000000] CPU: PIPT / VIPT nonaliasing data cache, PIPT instruction cache
[    0.000000] Machine model: linux,dummy-virt
[    0.000000] debug: ignoring loglevel setting.
[    0.000000] Memory policy: Data cache writeback
[    0.000000] On node 0 totalpages: 65536
[    0.000000] free_area_init_node: node 0, pgdat c061dfe8, node_mem_map cfdf9000
[    0.000000]   Normal zone: 512 pages used for memmap
[    0.000000]   Normal zone: 0 pages reserved
[    0.000000]   Normal zone: 65536 pages, LIFO batch:15
[    0.000000] CPU: All CPU(s) started in SVC mode.
[    0.000000] pcpu-alloc: s0 r0 d32768 u32768 alloc=1*32768
[    0.000000] pcpu-alloc: [0] 0 
[    0.000000] Built 1 zonelists in Zone order, mobility grouping on.  Total pages: 65024
[    0.000000] Kernel command line: root=/dev/vda1 console=ttyS0 nandsim.parts=64,64,64,64,64,64,64,64,64,64 rdinit=/firmadyne/preInit.sh rw debug ignore_loglevel print-fatal-signals=1 user_debug=31 firmadyne.syscall=0
[    0.000000] PID hash table entries: 1024 (order: 0, 4096 bytes)
[    0.000000] Dentry cache hash table entries: 32768 (order: 5, 131072 bytes)
[    0.000000] Inode-cache hash table entries: 16384 (order: 4, 65536 bytes)
[    0.000000] Memory: 253344K/262144K available (4297K kernel code, 170K rwdata, 1584K rodata, 180K init, 148K bss, 8800K reserved, 0K cma-reserved)
[    0.000000] Virtual kernel memory layout:
[    0.000000]     vector  : 0xffff0000 - 0xffff1000   (   4 kB)
[    0.000000]     fixmap  : 0xffc00000 - 0xfff00000   (3072 kB)
[    0.000000]     vmalloc : 0xd0800000 - 0xff000000   ( 744 MB)
[    0.000000]     lowmem  : 0xc0000000 - 0xd0000000   ( 256 MB)
[    0.000000]     modules : 0xbf000000 - 0xc0000000   (  16 MB)
[    0.000000]       .text : 0xc0008000 - 0xc05c67bc   (5882 kB)
[    0.000000]       .init : 0xc05c7000 - 0xc05f4000   ( 180 kB)
[    0.000000]       .data : 0xc05f4000 - 0xc061e840   ( 171 kB)
[    0.000000]        .bss : 0xc0621000 - 0xc06462d4   ( 149 kB)
[    0.000000] NR_IRQS:16 nr_irqs:16 16
[    0.000000] Architected cp15 timer(s) running at 62.50MHz (virt).
[    0.000000] clocksource arch_sys_counter: mask: 0xffffffffffffff max_cycles: 0x1cd42e208c, max_idle_ns: 881590405314 ns
[    0.000128] sched_clock: 56 bits at 62MHz, resolution 16ns, wraps every 4398046511096ns
[    0.000230] Switching to timer-based delay loop, resolution 16ns
[    0.002733] Console: colour dummy device 80x30
[    0.002994] Calibrating delay loop (skipped), value calculated using timer frequency.. 125.00 BogoMIPS (lpj=625000)
[    0.003092] pid_max: default: 32768 minimum: 301
[    0.003756] Mount-cache hash table entries: 1024 (order: 0, 4096 bytes)
[    0.003781] Mountpoint-cache hash table entries: 1024 (order: 0, 4096 bytes)
[    0.008884] CPU: Testing write buffer coherency: ok
[    0.015522] Setting up static identity map for 0x40008240 - 0x40008298
[    0.026772] VFP support v0.3: implementor 41 architecture 4 part 30 variant f rev 0
[    0.036055] clocksource jiffies: mask: 0xffffffff max_cycles: 0xffffffff, max_idle_ns: 19112604462750000 ns
[    0.042987] NET: Registered protocol family 16
[    0.045508] DMA: preallocated 256 KiB pool for atomic coherent allocations
[    0.048462] cpuidle: using governor ladder
[    0.048568] cpuidle: using governor menu
[    0.051296] genirq: Setting trigger mode 1 for irq 20 failed (gic_set_type+0x0/0x48)
[    0.052542] genirq: Setting trigger mode 1 for irq 21 failed (gic_set_type+0x0/0x48)
[    0.052949] genirq: Setting trigger mode 1 for irq 22 failed (gic_set_type+0x0/0x48)
[    0.053203] genirq: Setting trigger mode 1 for irq 23 failed (gic_set_type+0x0/0x48)
[    0.053442] genirq: Setting trigger mode 1 for irq 24 failed (gic_set_type+0x0/0x48)
[    0.053660] genirq: Setting trigger mode 1 for irq 25 failed (gic_set_type+0x0/0x48)
[    0.053863] genirq: Setting trigger mode 1 for irq 26 failed (gic_set_type+0x0/0x48)
[    0.054111] genirq: Setting trigger mode 1 for irq 27 failed (gic_set_type+0x0/0x48)
[    0.054463] genirq: Setting trigger mode 1 for irq 28 failed (gic_set_type+0x0/0x48)
[    0.054720] genirq: Setting trigger mode 1 for irq 29 failed (gic_set_type+0x0/0x48)
[    0.054951] genirq: Setting trigger mode 1 for irq 30 failed (gic_set_type+0x0/0x48)
[    0.055198] genirq: Setting trigger mode 1 for irq 31 failed (gic_set_type+0x0/0x48)
[    0.055437] genirq: Setting trigger mode 1 for irq 32 failed (gic_set_type+0x0/0x48)
[    0.055648] genirq: Setting trigger mode 1 for irq 33 failed (gic_set_type+0x0/0x48)
[    0.055844] genirq: Setting trigger mode 1 for irq 34 failed (gic_set_type+0x0/0x48)
[    0.056038] genirq: Setting trigger mode 1 for irq 35 failed (gic_set_type+0x0/0x48)
[    0.056245] genirq: Setting trigger mode 1 for irq 36 failed (gic_set_type+0x0/0x48)
[    0.056457] genirq: Setting trigger mode 1 for irq 37 failed (gic_set_type+0x0/0x48)
[    0.056702] genirq: Setting trigger mode 1 for irq 38 failed (gic_set_type+0x0/0x48)
[    0.056915] genirq: Setting trigger mode 1 for irq 39 failed (gic_set_type+0x0/0x48)
[    0.057118] genirq: Setting trigger mode 1 for irq 40 failed (gic_set_type+0x0/0x48)
[    0.057332] genirq: Setting trigger mode 1 for irq 41 failed (gic_set_type+0x0/0x48)
[    0.057551] genirq: Setting trigger mode 1 for irq 42 failed (gic_set_type+0x0/0x48)
[    0.057767] genirq: Setting trigger mode 1 for irq 43 failed (gic_set_type+0x0/0x48)
[    0.057991] genirq: Setting trigger mode 1 for irq 44 failed (gic_set_type+0x0/0x48)
[    0.058294] genirq: Setting trigger mode 1 for irq 45 failed (gic_set_type+0x0/0x48)
[    0.058539] genirq: Setting trigger mode 1 for irq 46 failed (gic_set_type+0x0/0x48)
[    0.058822] genirq: Setting trigger mode 1 for irq 47 failed (gic_set_type+0x0/0x48)
[    0.059082] genirq: Setting trigger mode 1 for irq 48 failed (gic_set_type+0x0/0x48)
[    0.059324] genirq: Setting trigger mode 1 for irq 49 failed (gic_set_type+0x0/0x48)
[    0.059557] genirq: Setting trigger mode 1 for irq 50 failed (gic_set_type+0x0/0x48)
[    0.059789] genirq: Setting trigger mode 1 for irq 51 failed (gic_set_type+0x0/0x48)
[    0.060210] genirq: Setting trigger mode 1 for irq 52 failed (gic_set_type+0x0/0x48)
[    0.063364] Serial: AMBA PL011 UART driver
[    0.065014] 9000000.pl011: ttyS0 at MMIO 0x9000000 (irq = 52, base_baud = 0) is a PL011 rev1
[    0.118187] console [ttyS0] enabled
[    0.137514] vgaarb: loaded
[    0.139549] SCSI subsystem initialized
[    0.141073] usbcore: registered new interface driver usbfs
[    0.142285] usbcore: registered new interface driver hub
[    0.143401] usbcore: registered new device driver usb
[    0.151724] cfg80211: Calling CRDA to update world regulatory domain
[    0.154695] Switched to clocksource arch_sys_counter
[    0.170302] NET: Registered protocol family 2
[    0.175538] TCP established hash table entries: 2048 (order: 1, 8192 bytes)
[    0.176896] TCP bind hash table entries: 2048 (order: 1, 8192 bytes)
[    0.178191] TCP: Hash tables configured (established 2048 bind 2048)
[    0.179697] UDP hash table entries: 256 (order: 0, 4096 bytes)
[    0.180844] UDP-Lite hash table entries: 256 (order: 0, 4096 bytes)
[    0.183094] NET: Registered protocol family 1
[    0.184258] PCI: CLS 0 bytes, default 64
[    0.191374] NetWinder Floating Point Emulator V0.97 (extended precision)
[    0.194869] futex hash table entries: 256 (order: -1, 3072 bytes)
[    0.200403] squashfs: version 4.0 (2009/01/31) Phillip Lougher
[    0.202691] jffs2: version 2.2. (NAND) Â© 2001-2006 Red Hat, Inc.
[    0.204629] romfs: ROMFS MTD (C) 2007 Red Hat, Inc.
[    0.212386] Block layer SCSI generic (bsg) driver version 0.4 loaded (major 253)
[    0.213822] io scheduler noop registered
[    0.215004] io scheduler cfq registered (default)
[    0.216389] firmadyne: devfs: 1, execute: 1, procfs: 1, syscall: 0
[    0.218546] ------------[ cut here ]------------
[    0.219414] WARNING: CPU: 0 PID: 1 at /home/vagrant/firmadyne-kernel/kernel-v4.1/fs/sysfs/dir.c:31 sysfs_warn_dup+0x50/0x6c()
[    0.221326] sysfs: cannot create duplicate filename '/class/gpio'
[    0.222402] Modules linked in:
[    0.223225] CPU: 0 PID: 1 Comm: swapper Not tainted 4.1.17+ #1
[    0.224231] Hardware name: Generic DT based system
[    0.225870] [<c001c99c>] (unwind_backtrace) from [<c0019d30>] (show_stack+0x10/0x14)
[    0.227354] [<c0019d30>] (show_stack) from [<c0024ab4>] (warn_slowpath_common+0x80/0xa8)
[    0.228729] [<c0024ab4>] (warn_slowpath_common) from [<c0024b08>] (warn_slowpath_fmt+0x2c/0x3c)
[    0.230290] [<c0024b08>] (warn_slowpath_fmt) from [<c00e363c>] (sysfs_warn_dup+0x50/0x6c)
[    0.231686] [<c00e363c>] (sysfs_warn_dup) from [<c00e3714>] (sysfs_create_dir_ns+0x74/0x84)
[    0.233096] [<c00e3714>] (sysfs_create_dir_ns) from [<c018e6ac>] (kobject_add_internal+0xb8/0x2ac)
[    0.234004] [<c018e6ac>] (kobject_add_internal) from [<c018e9a8>] (kset_register+0x1c/0x44)
[    0.234886] [<c018e9a8>] (kset_register) from [<c02090b4>] (__class_register+0xa8/0x198)
[    0.235710] [<c02090b4>] (__class_register) from [<c02091e4>] (__class_create+0x40/0x70)
[    0.236802] [<c02091e4>] (__class_create) from [<c01adf68>] (register_devfs_stubs+0x314/0xbb4)
[    0.237508] [<c01adf68>] (register_devfs_stubs) from [<c05d9b08>] (init_module+0x28/0xa4)
[    0.238485] [<c05d9b08>] (init_module) from [<c0009670>] (do_one_initcall+0x104/0x1b4)
[    0.239232] [<c0009670>] (do_one_initcall) from [<c05c7d08>] (kernel_init_freeable+0xf0/0x1b0)
[    0.239983] [<c05c7d08>] (kernel_init_freeable) from [<c040f28c>] (kernel_init+0x8/0xe4)
[    0.240771] [<c040f28c>] (kernel_init) from [<c0016da8>] (ret_from_fork+0x14/0x2c)
[    0.241535] ---[ end trace 7d65fb671b4d031a ]---
[    0.242297] ------------[ cut here ]------------
[    0.242993] WARNING: CPU: 0 PID: 1 at /home/vagrant/firmadyne-kernel/kernel-v4.1/lib/kobject.c:240 kobject_add_internal+0x240/0x2ac()
[    0.243936] kobject_add_internal failed for gpio with -EEXIST, don't try to register things with the same name in the same directory.
[    0.245167] Modules linked in:
[    0.245700] CPU: 0 PID: 1 Comm: swapper Tainted: G        W       4.1.17+ #1
[    0.246407] Hardware name: Generic DT based system
[    0.246900] [<c001c99c>] (unwind_backtrace) from [<c0019d30>] (show_stack+0x10/0x14)
[    0.247640] [<c0019d30>] (show_stack) from [<c0024ab4>] (warn_slowpath_common+0x80/0xa8)
[    0.248402] [<c0024ab4>] (warn_slowpath_common) from [<c0024b08>] (warn_slowpath_fmt+0x2c/0x3c)
[    0.249226] [<c0024b08>] (warn_slowpath_fmt) from [<c018e834>] (kobject_add_internal+0x240/0x2ac)
[    0.249884] [<c018e834>] (kobject_add_internal) from [<c018e9a8>] (kset_register+0x1c/0x44)
[    0.250707] [<c018e9a8>] (kset_register) from [<c02090b4>] (__class_register+0xa8/0x198)
[    0.251391] [<c02090b4>] (__class_register) from [<c02091e4>] (__class_create+0x40/0x70)
[    0.252202] [<c02091e4>] (__class_create) from [<c01adf68>] (register_devfs_stubs+0x314/0xbb4)
[    0.252822] [<c01adf68>] (register_devfs_stubs) from [<c05d9b08>] (init_module+0x28/0xa4)
[    0.253535] [<c05d9b08>] (init_module) from [<c0009670>] (do_one_initcall+0x104/0x1b4)
[    0.254683] [<c0009670>] (do_one_initcall) from [<c05c7d08>] (kernel_init_freeable+0xf0/0x1b0)
[    0.255364] [<c05c7d08>] (kernel_init_freeable) from [<c040f28c>] (kernel_init+0x8/0xe4)
[    0.256169] [<c040f28c>] (kernel_init) from [<c0016da8>] (ret_from_fork+0x14/0x2c)
[    0.256871] ---[ end trace 7d65fb671b4d031b ]---
[    0.257488] firmadyne: Cannot create device class: gpio!
[    0.259499] firmadyne: Cannot register character device: watchdog, 0xa, 0x82!
[    0.260760] firmadyne: Cannot register character device: wdt, 0xfd, 0x0!
[    0.357675] Non-volatile memory driver v1.3
[    0.377569] brd: module loaded
[    0.386833] loop: module loaded
[    0.396873]  vda: vda1
[    0.401325] [nandsim] warning: read_byte: unexpected data output cycle, state is STATE_READY return 0x0
[    0.403025] [nandsim] warning: read_byte: unexpected data output cycle, state is STATE_READY return 0x0
[    0.404832] [nandsim] warning: read_byte: unexpected data output cycle, state is STATE_READY return 0x0
[    0.406430] [nandsim] warning: read_byte: unexpected data output cycle, state is STATE_READY return 0x0
[    0.407999] [nandsim] warning: read_byte: unexpected data output cycle, state is STATE_READY return 0x0
[    0.409570] [nandsim] warning: read_byte: unexpected data output cycle, state is STATE_READY return 0x0
[    0.410765] nand: device found, Manufacturer ID: 0x98, Chip ID: 0x39
[    0.411866] nand: Toshiba NAND 128MiB 1,8V 8-bit
[    0.412634] nand: 128 MiB, SLC, erase size: 16 KiB, page size: 512, OOB size: 16
[    0.414041] flash size: 128 MiB
[    0.414862] page size: 512 bytes
[    0.415430] OOB area size: 16 bytes
[    0.416054] sector size: 16 KiB
[    0.416606] pages number: 262144
[    0.417161] pages per sector: 32
[    0.417712] bus width: 8
[    0.418156] bits in sector size: 14
[    0.418440] bits in page size: 9
[    0.418651] bits in OOB size: 4
[    0.419206] flash size with OOB: 135168 KiB
[    0.419605] page address bytes: 4
[    0.419956] sector address bytes: 3
[    0.420299] options: 0x42
[    0.425100] Scanning device for bad blocks
[    0.534189] Creating 11 MTD partitions on "NAND 128MiB 1,8V 8-bit":
[    0.535919] 0x000000000000-0x000000100000 : "NAND simulator partition 0"
[    0.539905] 0x000000100000-0x000000200000 : "NAND simulator partition 1"
[    0.542352] 0x000000200000-0x000000300000 : "NAND simulator partition 2"
[    0.544949] 0x000000300000-0x000000400000 : "NAND simulator partition 3"
[    0.547364] 0x000000400000-0x000000500000 : "NAND simulator partition 4"
[    0.549726] 0x000000500000-0x000000600000 : "NAND simulator partition 5"
[    0.552163] 0x000000600000-0x000000700000 : "NAND simulator partition 6"
[    0.554807] 0x000000700000-0x000000800000 : "NAND simulator partition 7"
[    0.557243] 0x000000800000-0x000000900000 : "NAND simulator partition 8"
[    0.559757] 0x000000900000-0x000000a00000 : "NAND simulator partition 9"
[    0.562175] 0x000000a00000-0x000008000000 : "NAND simulator partition 10"
[    0.567541] tun: Universal TUN/TAP device driver, 1.6
[    0.568450] tun: (C) 1999-2004 Max Krasnyansky <maxk@qualcomm.com>
[    0.586311] PPP generic driver version 2.4.2
[    0.587710] PPP BSD Compression module registered
[    0.588627] PPP Deflate Compression module registered
[    0.589634] PPP MPPE Compression module registered
[    0.590533] NET: Registered protocol family 24
[    0.591567] PPTP driver version 0.8.5
[    0.593082] usbcore: registered new interface driver usb-storage
[    0.595879] hidraw: raw HID events driver (C) Jiri Kosina
[    0.597239] usbcore: registered new interface driver usbhid
[    0.598244] usbhid: USB HID core driver
[    0.599358] Netfilter messages via NETLINK v0.30.
[    0.601170] nf_conntrack version 0.5.0 (3958 buckets, 15832 max)
[    0.604958] ctnetlink v0.93: registering with nfnetlink.
[    0.608408] ipip: IPv4 over IPv4 tunneling driver
[    0.612497] gre: GRE over IPv4 demultiplexor driver
[    0.613851] ip_gre: GRE over IPv4 tunneling driver
[    0.622390] ip_tables: (C) 2000-2006 Netfilter Core Team
[    0.626552] arp_tables: (C) 2002 David S. Miller
[    0.629406] Initializing XFRM netlink socket
[    0.631285] NET: Registered protocol family 10
[    0.642406] ip6_tables: (C) 2000-2006 Netfilter Core Team
[    0.646494] sit: IPv6 over IPv4 tunneling driver
[    0.653232] NET: Registered protocol family 17
[    0.655122] bridge: automatic filtering via arp/ip/ip6tables has been deprecated. Update your scripts to load br_netfilter if you need this.
[    0.657395] Bridge firewalling registered
[    0.658167] Ebtables v2.0 registered
[    0.659747] 8021q: 802.1Q VLAN Support v1.8
[    0.660860] Registering SWP/SWPB emulation handler
[    0.663411] hctosys: unable to open rtc device (rtc0)
[    0.673439] EXT4-fs (vda1): couldn't mount as ext3 due to feature incompatibilities
[    0.676619] EXT4-fs (vda1): mounting ext2 file system using the ext4 subsystem
[    0.685835] EXT4-fs (vda1): warning: mounting unchecked fs, running e2fsck is recommended
[    0.689600] EXT4-fs (vda1): mounted filesystem without journal. Opts: (null)
[    0.691669] VFS: Mounted root (ext2 filesystem) on device 254:1.
[    0.696983] Freeing unused kernel memory: 180K (c05c7000 - c05f4000)
[    0.720814] firmadyne: do_execve: /firmadyne/console
[    0.721659] OFFSETS: offset of pid: 0x190 offset of comm: 0x270
[    0.723466] Kernel panic - not syncing: No working init found.  Try passing init= option to kernel. See Linux Documentation/init.txt for guidance.
[    0.725600] CPU: 0 PID: 1 Comm: swapper Tainted: G        W       4.1.17+ #1
[    0.726843] Hardware name: Generic DT based system
[    0.727690] [<c001c99c>] (unwind_backtrace) from [<c0019d30>] (show_stack+0x10/0x14)
[    0.728786] [<c0019d30>] (show_stack) from [<c0410b78>] (panic+0x70/0x1c8)
[    0.729772] [<c0410b78>] (panic) from [<c040f33c>] (kernel_init+0xb8/0xe4)
[    0.730880] [<c040f33c>] (kernel_init) from [<c0016da8>] (ret_from_fork+0x14/0x2c)
[    0.732257] ---[ end Kernel panic - not syncing: No working init found.  Try passing init= option to kernel. See Linux Documentation/init.txt for guidance.
