[    0.000000] Booting Linux on physical CPU 0x0
[    0.000000] Linux version 4.1.17+ (vagrant@vagrant-ubuntu-trusty-64) (gcc version 5.3.0 (GCC) ) #1 Thu Feb 18 01:05:21 UTC 2016
[    0.000000] CPU: ARMv7 Processor [412fc0f1] revision 1 (ARMv7), cr=10c5387d
[    0.000000] CPU: PIPT / VIPT nonaliasing data cache, PIPT instruction cache
[    0.000000] Machine model: linux,dummy-virt
[    0.000000] debug: ignoring loglevel setting.
[    0.000000] Memory policy: Data cache writeback
[    0.000000] On node 0 totalpages: 65536
[    0.000000] free_area_init_node: node 0, pgdat c061dfe8, node_mem_map cfdf9000
[    0.000000]   Normal zone: 512 pages used for memmap
[    0.000000]   Normal zone: 0 pages reserved
[    0.000000]   Normal zone: 65536 pages, LIFO batch:15
[    0.000000] CPU: All CPU(s) started in SVC mode.
[    0.000000] pcpu-alloc: s0 r0 d32768 u32768 alloc=1*32768
[    0.000000] pcpu-alloc: [0] 0 
[    0.000000] Built 1 zonelists in Zone order, mobility grouping on.  Total pages: 65024
[    0.000000] Kernel command line: root=/dev/vda1 console=ttyS0 nandsim.parts=64,64,64,64,64,64,64,64,64,64 rdinit=/firmadyne/preInit.sh rw debug ignore_loglevel print-fatal-signals=1 user_debug=31 firmadyne.syscall=0
[    0.000000] PID hash table entries: 1024 (order: 0, 4096 bytes)
[    0.000000] Dentry cache hash table entries: 32768 (order: 5, 131072 bytes)
[    0.000000] Inode-cache hash table entries: 16384 (order: 4, 65536 bytes)
[    0.000000] Memory: 253344K/262144K available (4297K kernel code, 170K rwdata, 1584K rodata, 180K init, 148K bss, 8800K reserved, 0K cma-reserved)
[    0.000000] Virtual kernel memory layout:
[    0.000000]     vector  : 0xffff0000 - 0xffff1000   (   4 kB)
[    0.000000]     fixmap  : 0xffc00000 - 0xfff00000   (3072 kB)
[    0.000000]     vmalloc : 0xd0800000 - 0xff000000   ( 744 MB)
[    0.000000]     lowmem  : 0xc0000000 - 0xd0000000   ( 256 MB)
[    0.000000]     modules : 0xbf000000 - 0xc0000000   (  16 MB)
[    0.000000]       .text : 0xc0008000 - 0xc05c67bc   (5882 kB)
[    0.000000]       .init : 0xc05c7000 - 0xc05f4000   ( 180 kB)
[    0.000000]       .data : 0xc05f4000 - 0xc061e840   ( 171 kB)
[    0.000000]        .bss : 0xc0621000 - 0xc06462d4   ( 149 kB)
[    0.000000] NR_IRQS:16 nr_irqs:16 16
[    0.000000] Architected cp15 timer(s) running at 62.50MHz (virt).
[    0.000000] clocksource arch_sys_counter: mask: 0xffffffffffffff max_cycles: 0x1cd42e208c, max_idle_ns: 881590405314 ns
[    0.000137] sched_clock: 56 bits at 62MHz, resolution 16ns, wraps every 4398046511096ns
[    0.000224] Switching to timer-based delay loop, resolution 16ns
[    0.002352] Console: colour dummy device 80x30
[    0.002575] Calibrating delay loop (skipped), value calculated using timer frequency.. 125.00 BogoMIPS (lpj=625000)
[    0.002661] pid_max: default: 32768 minimum: 301
[    0.003392] Mount-cache hash table entries: 1024 (order: 0, 4096 bytes)
[    0.003421] Mountpoint-cache hash table entries: 1024 (order: 0, 4096 bytes)
[    0.008910] CPU: Testing write buffer coherency: ok
[    0.015374] Setting up static identity map for 0x40008240 - 0x40008298
[    0.026697] VFP support v0.3: implementor 41 architecture 4 part 30 variant f rev 0
[    0.036542] clocksource jiffies: mask: 0xffffffff max_cycles: 0xffffffff, max_idle_ns: 19112604462750000 ns
[    0.043718] NET: Registered protocol family 16
[    0.045924] DMA: preallocated 256 KiB pool for atomic coherent allocations
[    0.048916] cpuidle: using governor ladder
[    0.049022] cpuidle: using governor menu
[    0.051638] genirq: Setting trigger mode 1 for irq 20 failed (gic_set_type+0x0/0x48)
[    0.052928] genirq: Setting trigger mode 1 for irq 21 failed (gic_set_type+0x0/0x48)
[    0.053177] genirq: Setting trigger mode 1 for irq 22 failed (gic_set_type+0x0/0x48)
[    0.053690] genirq: Setting trigger mode 1 for irq 23 failed (gic_set_type+0x0/0x48)
[    0.053963] genirq: Setting trigger mode 1 for irq 24 failed (gic_set_type+0x0/0x48)
[    0.054210] genirq: Setting trigger mode 1 for irq 25 failed (gic_set_type+0x0/0x48)
[    0.054445] genirq: Setting trigger mode 1 for irq 26 failed (gic_set_type+0x0/0x48)
[    0.054683] genirq: Setting trigger mode 1 for irq 27 failed (gic_set_type+0x0/0x48)
[    0.055028] genirq: Setting trigger mode 1 for irq 28 failed (gic_set_type+0x0/0x48)
[    0.055276] genirq: Setting trigger mode 1 for irq 29 failed (gic_set_type+0x0/0x48)
[    0.055507] genirq: Setting trigger mode 1 for irq 30 failed (gic_set_type+0x0/0x48)
[    0.055753] genirq: Setting trigger mode 1 for irq 31 failed (gic_set_type+0x0/0x48)
[    0.055984] genirq: Setting trigger mode 1 for irq 32 failed (gic_set_type+0x0/0x48)
[    0.056220] genirq: Setting trigger mode 1 for irq 33 failed (gic_set_type+0x0/0x48)
[    0.056427] genirq: Setting trigger mode 1 for irq 34 failed (gic_set_type+0x0/0x48)
[    0.056621] genirq: Setting trigger mode 1 for irq 35 failed (gic_set_type+0x0/0x48)
[    0.056821] genirq: Setting trigger mode 1 for irq 36 failed (gic_set_type+0x0/0x48)
[    0.057024] genirq: Setting trigger mode 1 for irq 37 failed (gic_set_type+0x0/0x48)
[    0.057259] genirq: Setting trigger mode 1 for irq 38 failed (gic_set_type+0x0/0x48)
[    0.057470] genirq: Setting trigger mode 1 for irq 39 failed (gic_set_type+0x0/0x48)
[    0.057687] genirq: Setting trigger mode 1 for irq 40 failed (gic_set_type+0x0/0x48)
[    0.057898] genirq: Setting trigger mode 1 for irq 41 failed (gic_set_type+0x0/0x48)
[    0.058111] genirq: Setting trigger mode 1 for irq 42 failed (gic_set_type+0x0/0x48)
[    0.058324] genirq: Setting trigger mode 1 for irq 43 failed (gic_set_type+0x0/0x48)
[    0.058564] genirq: Setting trigger mode 1 for irq 44 failed (gic_set_type+0x0/0x48)
[    0.058831] genirq: Setting trigger mode 1 for irq 45 failed (gic_set_type+0x0/0x48)
[    0.059074] genirq: Setting trigger mode 1 for irq 46 failed (gic_set_type+0x0/0x48)
[    0.059356] genirq: Setting trigger mode 1 for irq 47 failed (gic_set_type+0x0/0x48)
[    0.059606] genirq: Setting trigger mode 1 for irq 48 failed (gic_set_type+0x0/0x48)
[    0.059847] genirq: Setting trigger mode 1 for irq 49 failed (gic_set_type+0x0/0x48)
[    0.060083] genirq: Setting trigger mode 1 for irq 50 failed (gic_set_type+0x0/0x48)
[    0.060303] genirq: Setting trigger mode 1 for irq 51 failed (gic_set_type+0x0/0x48)
[    0.060651] genirq: Setting trigger mode 1 for irq 52 failed (gic_set_type+0x0/0x48)
[    0.063323] Serial: AMBA PL011 UART driver
[    0.065198] 9000000.pl011: ttyS0 at MMIO 0x9000000 (irq = 52, base_baud = 0) is a PL011 rev1
[    0.116932] console [ttyS0] enabled
[    0.135016] vgaarb: loaded
[    0.136764] SCSI subsystem initialized
[    0.138506] usbcore: registered new interface driver usbfs
[    0.139736] usbcore: registered new interface driver hub
[    0.140775] usbcore: registered new device driver usb
[    0.148572] cfg80211: Calling CRDA to update world regulatory domain
[    0.151528] Switched to clocksource arch_sys_counter
[    0.165899] NET: Registered protocol family 2
[    0.170191] TCP established hash table entries: 2048 (order: 1, 8192 bytes)
[    0.171821] TCP bind hash table entries: 2048 (order: 1, 8192 bytes)
[    0.172978] TCP: Hash tables configured (established 2048 bind 2048)
[    0.174486] UDP hash table entries: 256 (order: 0, 4096 bytes)
[    0.175649] UDP-Lite hash table entries: 256 (order: 0, 4096 bytes)
[    0.177582] NET: Registered protocol family 1
[    0.178570] PCI: CLS 0 bytes, default 64
[    0.185344] NetWinder Floating Point Emulator V0.97 (extended precision)
[    0.188525] futex hash table entries: 256 (order: -1, 3072 bytes)
[    0.193518] squashfs: version 4.0 (2009/01/31) Phillip Lougher
[    0.195250] jffs2: version 2.2. (NAND) Â© 2001-2006 Red Hat, Inc.
[    0.196841] romfs: ROMFS MTD (C) 2007 Red Hat, Inc.
[    0.204449] Block layer SCSI generic (bsg) driver version 0.4 loaded (major 253)
[    0.205974] io scheduler noop registered
[    0.206797] io scheduler cfq registered (default)
[    0.208187] firmadyne: devfs: 1, execute: 1, procfs: 1, syscall: 0
[    0.210283] ------------[ cut here ]------------
[    0.211174] WARNING: CPU: 0 PID: 1 at /home/vagrant/firmadyne-kernel/kernel-v4.1/fs/sysfs/dir.c:31 sysfs_warn_dup+0x50/0x6c()
[    0.213417] sysfs: cannot create duplicate filename '/class/gpio'
[    0.214527] Modules linked in:
[    0.215419] CPU: 0 PID: 1 Comm: swapper Not tainted 4.1.17+ #1
[    0.216443] Hardware name: Generic DT based system
[    0.217906] [<c001c99c>] (unwind_backtrace) from [<c0019d30>] (show_stack+0x10/0x14)
[    0.219403] [<c0019d30>] (show_stack) from [<c0024ab4>] (warn_slowpath_common+0x80/0xa8)
[    0.220747] [<c0024ab4>] (warn_slowpath_common) from [<c0024b08>] (warn_slowpath_fmt+0x2c/0x3c)
[    0.222487] [<c0024b08>] (warn_slowpath_fmt) from [<c00e363c>] (sysfs_warn_dup+0x50/0x6c)
[    0.223906] [<c00e363c>] (sysfs_warn_dup) from [<c00e3714>] (sysfs_create_dir_ns+0x74/0x84)
[    0.225279] [<c00e3714>] (sysfs_create_dir_ns) from [<c018e6ac>] (kobject_add_internal+0xb8/0x2ac)
[    0.226058] [<c018e6ac>] (kobject_add_internal) from [<c018e9a8>] (kset_register+0x1c/0x44)
[    0.226695] [<c018e9a8>] (kset_register) from [<c02090b4>] (__class_register+0xa8/0x198)
[    0.227178] [<c02090b4>] (__class_register) from [<c02091e4>] (__class_create+0x40/0x70)
[    0.227951] [<c02091e4>] (__class_create) from [<c01adf68>] (register_devfs_stubs+0x314/0xbb4)
[    0.228650] [<c01adf68>] (register_devfs_stubs) from [<c05d9b08>] (init_module+0x28/0xa4)
[    0.229375] [<c05d9b08>] (init_module) from [<c0009670>] (do_one_initcall+0x104/0x1b4)
[    0.229966] [<c0009670>] (do_one_initcall) from [<c05c7d08>] (kernel_init_freeable+0xf0/0x1b0)
[    0.230689] [<c05c7d08>] (kernel_init_freeable) from [<c040f28c>] (kernel_init+0x8/0xe4)
[    0.231722] [<c040f28c>] (kernel_init) from [<c0016da8>] (ret_from_fork+0x14/0x2c)
[    0.232634] ---[ end trace d9f797a20f4b19d6 ]---
[    0.233443] ------------[ cut here ]------------
[    0.233976] WARNING: CPU: 0 PID: 1 at /home/vagrant/firmadyne-kernel/kernel-v4.1/lib/kobject.c:240 kobject_add_internal+0x240/0x2ac()
[    0.235053] kobject_add_internal failed for gpio with -EEXIST, don't try to register things with the same name in the same directory.
[    0.235863] Modules linked in:
[    0.236369] CPU: 0 PID: 1 Comm: swapper Tainted: G        W       4.1.17+ #1
[    0.236951] Hardware name: Generic DT based system
[    0.237476] [<c001c99c>] (unwind_backtrace) from [<c0019d30>] (show_stack+0x10/0x14)
[    0.238068] [<c0019d30>] (show_stack) from [<c0024ab4>] (warn_slowpath_common+0x80/0xa8)
[    0.238798] [<c0024ab4>] (warn_slowpath_common) from [<c0024b08>] (warn_slowpath_fmt+0x2c/0x3c)
[    0.239549] [<c0024b08>] (warn_slowpath_fmt) from [<c018e834>] (kobject_add_internal+0x240/0x2ac)
[    0.240378] [<c018e834>] (kobject_add_internal) from [<c018e9a8>] (kset_register+0x1c/0x44)
[    0.240958] [<c018e9a8>] (kset_register) from [<c02090b4>] (__class_register+0xa8/0x198)
[    0.241903] [<c02090b4>] (__class_register) from [<c02091e4>] (__class_create+0x40/0x70)
[    0.242706] [<c02091e4>] (__class_create) from [<c01adf68>] (register_devfs_stubs+0x314/0xbb4)
[    0.243590] [<c01adf68>] (register_devfs_stubs) from [<c05d9b08>] (init_module+0x28/0xa4)
[    0.244303] [<c05d9b08>] (init_module) from [<c0009670>] (do_one_initcall+0x104/0x1b4)
[    0.244769] [<c0009670>] (do_one_initcall) from [<c05c7d08>] (kernel_init_freeable+0xf0/0x1b0)
[    0.245405] [<c05c7d08>] (kernel_init_freeable) from [<c040f28c>] (kernel_init+0x8/0xe4)
[    0.246208] [<c040f28c>] (kernel_init) from [<c0016da8>] (ret_from_fork+0x14/0x2c)
[    0.246985] ---[ end trace d9f797a20f4b19d7 ]---
[    0.247576] firmadyne: Cannot create device class: gpio!
[    0.249338] firmadyne: Cannot register character device: watchdog, 0xa, 0x82!
[    0.250459] firmadyne: Cannot register character device: wdt, 0xfd, 0x0!
[    0.341720] Non-volatile memory driver v1.3
[    0.359508] brd: module loaded
[    0.368181] loop: module loaded
[    0.376263]  vda: vda1
[    0.380168] [nandsim] warning: read_byte: unexpected data output cycle, state is STATE_READY return 0x0
[    0.382065] [nandsim] warning: read_byte: unexpected data output cycle, state is STATE_READY return 0x0
[    0.383575] [nandsim] warning: read_byte: unexpected data output cycle, state is STATE_READY return 0x0
[    0.385012] [nandsim] warning: read_byte: unexpected data output cycle, state is STATE_READY return 0x0
[    0.386674] [nandsim] warning: read_byte: unexpected data output cycle, state is STATE_READY return 0x0
[    0.388291] [nandsim] warning: read_byte: unexpected data output cycle, state is STATE_READY return 0x0
[    0.389290] nand: device found, Manufacturer ID: 0x98, Chip ID: 0x39
[    0.390254] nand: Toshiba NAND 128MiB 1,8V 8-bit
[    0.390647] nand: 128 MiB, SLC, erase size: 16 KiB, page size: 512, OOB size: 16
[    0.392216] flash size: 128 MiB
[    0.392703] page size: 512 bytes
[    0.393204] OOB area size: 16 bytes
[    0.393728] sector size: 16 KiB
[    0.394204] pages number: 262144
[    0.394662] pages per sector: 32
[    0.395272] bus width: 8
[    0.395710] bits in sector size: 14
[    0.396101] bits in page size: 9
[    0.396417] bits in OOB size: 4
[    0.396568] flash size with OOB: 135168 KiB
[    0.396972] page address bytes: 4
[    0.397318] sector address bytes: 3
[    0.397504] options: 0x42
[    0.402425] Scanning device for bad blocks
[    0.503047] Creating 11 MTD partitions on "NAND 128MiB 1,8V 8-bit":
[    0.504544] 0x000000000000-0x000000100000 : "NAND simulator partition 0"
[    0.508362] 0x000000100000-0x000000200000 : "NAND simulator partition 1"
[    0.510476] 0x000000200000-0x000000300000 : "NAND simulator partition 2"
[    0.513087] 0x000000300000-0x000000400000 : "NAND simulator partition 3"
[    0.515224] 0x000000400000-0x000000500000 : "NAND simulator partition 4"
[    0.517480] 0x000000500000-0x000000600000 : "NAND simulator partition 5"
[    0.519899] 0x000000600000-0x000000700000 : "NAND simulator partition 6"
[    0.522404] 0x000000700000-0x000000800000 : "NAND simulator partition 7"
[    0.524801] 0x000000800000-0x000000900000 : "NAND simulator partition 8"
[    0.527335] 0x000000900000-0x000000a00000 : "NAND simulator partition 9"
[    0.529553] 0x000000a00000-0x000008000000 : "NAND simulator partition 10"
[    0.535130] tun: Universal TUN/TAP device driver, 1.6
[    0.536058] tun: (C) 1999-2004 Max Krasnyansky <maxk@qualcomm.com>
[    0.551633] PPP generic driver version 2.4.2
[    0.552942] PPP BSD Compression module registered
[    0.553851] PPP Deflate Compression module registered
[    0.554885] PPP MPPE Compression module registered
[    0.555781] NET: Registered protocol family 24
[    0.556707] PPTP driver version 0.8.5
[    0.557957] usbcore: registered new interface driver usb-storage
[    0.560104] hidraw: raw HID events driver (C) Jiri Kosina
[    0.561547] usbcore: registered new interface driver usbhid
[    0.562543] usbhid: USB HID core driver
[    0.563471] Netfilter messages via NETLINK v0.30.
[    0.564616] nf_conntrack version 0.5.0 (3958 buckets, 15832 max)
[    0.566897] ctnetlink v0.93: registering with nfnetlink.
[    0.568750] ipip: IPv4 over IPv4 tunneling driver
[    0.570917] gre: GRE over IPv4 demultiplexor driver
[    0.572005] ip_gre: GRE over IPv4 tunneling driver
[    0.576484] ip_tables: (C) 2000-2006 Netfilter Core Team
[    0.578761] arp_tables: (C) 2002 David S. Miller
[    0.580276] Initializing XFRM netlink socket
[    0.581562] NET: Registered protocol family 10
[    0.587469] ip6_tables: (C) 2000-2006 Netfilter Core Team
[    0.589699] sit: IPv6 over IPv4 tunneling driver
[    0.593515] NET: Registered protocol family 17
[    0.594645] bridge: automatic filtering via arp/ip/ip6tables has been deprecated. Update your scripts to load br_netfilter if you need this.
[    0.596779] Bridge firewalling registered
[    0.597469] Ebtables v2.0 registered
[    0.598995] 8021q: 802.1Q VLAN Support v1.8
[    0.600107] Registering SWP/SWPB emulation handler
[    0.602761] hctosys: unable to open rtc device (rtc0)
[    0.610819] EXT4-fs (vda1): couldn't mount as ext3 due to feature incompatibilities
[    0.613725] EXT4-fs (vda1): mounting ext2 file system using the ext4 subsystem
[    0.623636] EXT4-fs (vda1): warning: mounting unchecked fs, running e2fsck is recommended
[    0.627254] EXT4-fs (vda1): mounted filesystem without journal. Opts: (null)
[    0.629196] VFS: Mounted root (ext2 filesystem) on device 254:1.
[    0.634856] Freeing unused kernel memory: 180K (c05c7000 - c05f4000)
[    0.692554] random: init urandom read with 3 bits of entropy available
[    0.703479] Kernel panic - not syncing: Attempted to kill init! exitcode=0x00001600
[    0.703479] 
[    0.704979] CPU: 0 PID: 1 Comm: init Tainted: G        W       4.1.17+ #1
[    0.705977] Hardware name: Generic DT based system
[    0.706797] [<c001c99c>] (unwind_backtrace) from [<c0019d30>] (show_stack+0x10/0x14)
[    0.708106] [<c0019d30>] (show_stack) from [<c0410b78>] (panic+0x70/0x1c8)
[    0.709110] [<c0410b78>] (panic) from [<c0025714>] (do_exit+0x3c0/0x774)
[    0.710097] [<c0025714>] (do_exit) from [<c0026760>] (do_group_exit+0x48/0xa8)
[    0.711434] [<c0026760>] (do_group_exit) from [<c00267d0>] (__wake_up_parent+0x0/0x18)
[    0.712952] ---[ end Kernel panic - not syncing: Attempted to kill init! exitcode=0x00001600
[    0.712952] 
