[    0.000000] Booting Linux on physical CPU 0x0
[    0.000000] Linux version 4.1.17+ (vagrant@vagrant-ubuntu-trusty-64) (gcc version 5.3.0 (GCC) ) #1 Thu Feb 18 01:05:21 UTC 2016
[    0.000000] CPU: ARMv7 Processor [412fc0f1] revision 1 (ARMv7), cr=10c5387d
[    0.000000] CPU: PIPT / VIPT nonaliasing data cache, PIPT instruction cache
[    0.000000] Machine model: linux,dummy-virt
[    0.000000] debug: ignoring loglevel setting.
[    0.000000] Memory policy: Data cache writeback
[    0.000000] On node 0 totalpages: 65536
[    0.000000] free_area_init_node: node 0, pgdat c061dfe8, node_mem_map cfdf9000
[    0.000000]   Normal zone: 512 pages used for memmap
[    0.000000]   Normal zone: 0 pages reserved
[    0.000000]   Normal zone: 65536 pages, LIFO batch:15
[    0.000000] CPU: All CPU(s) started in SVC mode.
[    0.000000] pcpu-alloc: s0 r0 d32768 u32768 alloc=1*32768
[    0.000000] pcpu-alloc: [0] 0 
[    0.000000] Built 1 zonelists in Zone order, mobility grouping on.  Total pages: 65024
[    0.000000] Kernel command line: firmadyne.syscall=1 root=/dev/vda1 console=ttyS0 nandsim.parts=64,64,64,64,64,64,64,64,64,64 rdinit=/firmadyne/preInit.sh rw debug ignore_loglevel print-fatal-signals=1 user_debug=31
[    0.000000] PID hash table entries: 1024 (order: 0, 4096 bytes)
[    0.000000] Dentry cache hash table entries: 32768 (order: 5, 131072 bytes)
[    0.000000] Inode-cache hash table entries: 16384 (order: 4, 65536 bytes)
[    0.000000] Memory: 253344K/262144K available (4297K kernel code, 170K rwdata, 1584K rodata, 180K init, 148K bss, 8800K reserved, 0K cma-reserved)
[    0.000000] Virtual kernel memory layout:
[    0.000000]     vector  : 0xffff0000 - 0xffff1000   (   4 kB)
[    0.000000]     fixmap  : 0xffc00000 - 0xfff00000   (3072 kB)
[    0.000000]     vmalloc : 0xd0800000 - 0xff000000   ( 744 MB)
[    0.000000]     lowmem  : 0xc0000000 - 0xd0000000   ( 256 MB)
[    0.000000]     modules : 0xbf000000 - 0xc0000000   (  16 MB)
[    0.000000]       .text : 0xc0008000 - 0xc05c67bc   (5882 kB)
[    0.000000]       .init : 0xc05c7000 - 0xc05f4000   ( 180 kB)
[    0.000000]       .data : 0xc05f4000 - 0xc061e840   ( 171 kB)
[    0.000000]        .bss : 0xc0621000 - 0xc06462d4   ( 149 kB)
[    0.000000] NR_IRQS:16 nr_irqs:16 16
[    0.000000] Architected cp15 timer(s) running at 62.50MHz (virt).
[    0.000000] clocksource arch_sys_counter: mask: 0xffffffffffffff max_cycles: 0x1cd42e208c, max_idle_ns: 881590405314 ns
[    0.000115] sched_clock: 56 bits at 62MHz, resolution 16ns, wraps every 4398046511096ns
[    0.000207] Switching to timer-based delay loop, resolution 16ns
[    0.002428] Console: colour dummy device 80x30
[    0.002661] Calibrating delay loop (skipped), value calculated using timer frequency.. 125.00 BogoMIPS (lpj=625000)
[    0.002752] pid_max: default: 32768 minimum: 301
[    0.003418] Mount-cache hash table entries: 1024 (order: 0, 4096 bytes)
[    0.003444] Mountpoint-cache hash table entries: 1024 (order: 0, 4096 bytes)
[    0.008403] CPU: Testing write buffer coherency: ok
[    0.014790] Setting up static identity map for 0x40008240 - 0x40008298
[    0.025654] VFP support v0.3: implementor 41 architecture 4 part 30 variant f rev 0
[    0.034086] clocksource jiffies: mask: 0xffffffff max_cycles: 0xffffffff, max_idle_ns: 19112604462750000 ns
[    0.040475] NET: Registered protocol family 16
[    0.042610] DMA: preallocated 256 KiB pool for atomic coherent allocations
[    0.045547] cpuidle: using governor ladder
[    0.045653] cpuidle: using governor menu
[    0.048128] genirq: Setting trigger mode 1 for irq 20 failed (gic_set_type+0x0/0x48)
[    0.049360] genirq: Setting trigger mode 1 for irq 21 failed (gic_set_type+0x0/0x48)
[    0.049583] genirq: Setting trigger mode 1 for irq 22 failed (gic_set_type+0x0/0x48)
[    0.049805] genirq: Setting trigger mode 1 for irq 23 failed (gic_set_type+0x0/0x48)
[    0.050028] genirq: Setting trigger mode 1 for irq 24 failed (gic_set_type+0x0/0x48)
[    0.050239] genirq: Setting trigger mode 1 for irq 25 failed (gic_set_type+0x0/0x48)
[    0.050441] genirq: Setting trigger mode 1 for irq 26 failed (gic_set_type+0x0/0x48)
[    0.050646] genirq: Setting trigger mode 1 for irq 27 failed (gic_set_type+0x0/0x48)
[    0.050944] genirq: Setting trigger mode 1 for irq 28 failed (gic_set_type+0x0/0x48)
[    0.051188] genirq: Setting trigger mode 1 for irq 29 failed (gic_set_type+0x0/0x48)
[    0.051419] genirq: Setting trigger mode 1 for irq 30 failed (gic_set_type+0x0/0x48)
[    0.051665] genirq: Setting trigger mode 1 for irq 31 failed (gic_set_type+0x0/0x48)
[    0.051895] genirq: Setting trigger mode 1 for irq 32 failed (gic_set_type+0x0/0x48)
[    0.052131] genirq: Setting trigger mode 1 for irq 33 failed (gic_set_type+0x0/0x48)
[    0.052359] genirq: Setting trigger mode 1 for irq 34 failed (gic_set_type+0x0/0x48)
[    0.052578] genirq: Setting trigger mode 1 for irq 35 failed (gic_set_type+0x0/0x48)
[    0.052779] genirq: Setting trigger mode 1 for irq 36 failed (gic_set_type+0x0/0x48)
[    0.052984] genirq: Setting trigger mode 1 for irq 37 failed (gic_set_type+0x0/0x48)
[    0.053502] genirq: Setting trigger mode 1 for irq 38 failed (gic_set_type+0x0/0x48)
[    0.053759] genirq: Setting trigger mode 1 for irq 39 failed (gic_set_type+0x0/0x48)
[    0.054000] genirq: Setting trigger mode 1 for irq 40 failed (gic_set_type+0x0/0x48)
[    0.054244] genirq: Setting trigger mode 1 for irq 41 failed (gic_set_type+0x0/0x48)
[    0.054495] genirq: Setting trigger mode 1 for irq 42 failed (gic_set_type+0x0/0x48)
[    0.054745] genirq: Setting trigger mode 1 for irq 43 failed (gic_set_type+0x0/0x48)
[    0.055016] genirq: Setting trigger mode 1 for irq 44 failed (gic_set_type+0x0/0x48)
[    0.055275] genirq: Setting trigger mode 1 for irq 45 failed (gic_set_type+0x0/0x48)
[    0.055518] genirq: Setting trigger mode 1 for irq 46 failed (gic_set_type+0x0/0x48)
[    0.055798] genirq: Setting trigger mode 1 for irq 47 failed (gic_set_type+0x0/0x48)
[    0.056035] genirq: Setting trigger mode 1 for irq 48 failed (gic_set_type+0x0/0x48)
[    0.056244] genirq: Setting trigger mode 1 for irq 49 failed (gic_set_type+0x0/0x48)
[    0.056448] genirq: Setting trigger mode 1 for irq 50 failed (gic_set_type+0x0/0x48)
[    0.056652] genirq: Setting trigger mode 1 for irq 51 failed (gic_set_type+0x0/0x48)
[    0.057001] genirq: Setting trigger mode 1 for irq 52 failed (gic_set_type+0x0/0x48)
[    0.059575] Serial: AMBA PL011 UART driver
[    0.060983] 9000000.pl011: ttyS0 at MMIO 0x9000000 (irq = 52, base_baud = 0) is a PL011 rev1
[    0.080692] console [ttyS0] enabled
[    0.097480] vgaarb: loaded
[    0.098493] SCSI subsystem initialized
[    0.099269] usbcore: registered new interface driver usbfs
[    0.099620] usbcore: registered new interface driver hub
[    0.099956] usbcore: registered new device driver usb
[    0.106400] cfg80211: Calling CRDA to update world regulatory domain
[    0.108244] Switched to clocksource arch_sys_counter
[    0.120556] NET: Registered protocol family 2
[    0.124125] TCP established hash table entries: 2048 (order: 1, 8192 bytes)
[    0.124410] TCP bind hash table entries: 2048 (order: 1, 8192 bytes)
[    0.124719] TCP: Hash tables configured (established 2048 bind 2048)
[    0.125175] UDP hash table entries: 256 (order: 0, 4096 bytes)
[    0.125433] UDP-Lite hash table entries: 256 (order: 0, 4096 bytes)
[    0.126461] NET: Registered protocol family 1
[    0.126827] PCI: CLS 0 bytes, default 64
[    0.131981] NetWinder Floating Point Emulator V0.97 (extended precision)
[    0.133801] futex hash table entries: 256 (order: -1, 3072 bytes)
[    0.137531] squashfs: version 4.0 (2009/01/31) Phillip Lougher
[    0.138520] jffs2: version 2.2. (NAND) Â© 2001-2006 Red Hat, Inc.
[    0.139180] romfs: ROMFS MTD (C) 2007 Red Hat, Inc.
[    0.145208] Block layer SCSI generic (bsg) driver version 0.4 loaded (major 253)
[    0.145585] io scheduler noop registered
[    0.145797] io scheduler cfq registered (default)
[    0.146330] firmadyne: devfs: 1, execute: 1, procfs: 1, syscall: 1
[    0.147285] ------------[ cut here ]------------
[    0.147458] WARNING: CPU: 0 PID: 1 at /home/vagrant/firmadyne-kernel/kernel-v4.1/fs/sysfs/dir.c:31 sysfs_warn_dup+0x50/0x6c()
[    0.147793] sysfs: cannot create duplicate filename '/class/gpio'
[    0.147997] Modules linked in:
[    0.148454] CPU: 0 PID: 1 Comm: swapper Not tainted 4.1.17+ #1
[    0.148638] Hardware name: Generic DT based system
[    0.149214] [<c001c99c>] (unwind_backtrace) from [<c0019d30>] (show_stack+0x10/0x14)
[    0.149519] [<c0019d30>] (show_stack) from [<c0024ab4>] (warn_slowpath_common+0x80/0xa8)
[    0.149780] [<c0024ab4>] (warn_slowpath_common) from [<c0024b08>] (warn_slowpath_fmt+0x2c/0x3c)
[    0.150081] [<c0024b08>] (warn_slowpath_fmt) from [<c00e363c>] (sysfs_warn_dup+0x50/0x6c)
[    0.150331] [<c00e363c>] (sysfs_warn_dup) from [<c00e3714>] (sysfs_create_dir_ns+0x74/0x84)
[    0.150583] [<c00e3714>] (sysfs_create_dir_ns) from [<c018e6ac>] (kobject_add_internal+0xb8/0x2ac)
[    0.150861] [<c018e6ac>] (kobject_add_internal) from [<c018e9a8>] (kset_register+0x1c/0x44)
[    0.151114] [<c018e9a8>] (kset_register) from [<c02090b4>] (__class_register+0xa8/0x198)
[    0.151360] [<c02090b4>] (__class_register) from [<c02091e4>] (__class_create+0x40/0x70)
[    0.151604] [<c02091e4>] (__class_create) from [<c01adf68>] (register_devfs_stubs+0x314/0xbb4)
[    0.151866] [<c01adf68>] (register_devfs_stubs) from [<c05d9b08>] (init_module+0x28/0xa4)
[    0.152133] [<c05d9b08>] (init_module) from [<c0009670>] (do_one_initcall+0x104/0x1b4)
[    0.152377] [<c0009670>] (do_one_initcall) from [<c05c7d08>] (kernel_init_freeable+0xf0/0x1b0)
[    0.152637] [<c05c7d08>] (kernel_init_freeable) from [<c040f28c>] (kernel_init+0x8/0xe4)
[    0.152877] [<c040f28c>] (kernel_init) from [<c0016da8>] (ret_from_fork+0x14/0x2c)
[    0.153162] ---[ end trace 0a7c02d06e5f3d49 ]---
[    0.153363] ------------[ cut here ]------------
[    0.153514] WARNING: CPU: 0 PID: 1 at /home/vagrant/firmadyne-kernel/kernel-v4.1/lib/kobject.c:240 kobject_add_internal+0x240/0x2ac()
[    0.153855] kobject_add_internal failed for gpio with -EEXIST, don't try to register things with the same name in the same directory.
[    0.154348] Modules linked in:
[    0.154553] CPU: 0 PID: 1 Comm: swapper Tainted: G        W       4.1.17+ #1
[    0.154804] Hardware name: Generic DT based system
[    0.154992] [<c001c99c>] (unwind_backtrace) from [<c0019d30>] (show_stack+0x10/0x14)
[    0.155278] [<c0019d30>] (show_stack) from [<c0024ab4>] (warn_slowpath_common+0x80/0xa8)
[    0.155570] [<c0024ab4>] (warn_slowpath_common) from [<c0024b08>] (warn_slowpath_fmt+0x2c/0x3c)
[    0.155882] [<c0024b08>] (warn_slowpath_fmt) from [<c018e834>] (kobject_add_internal+0x240/0x2ac)
[    0.156193] [<c018e834>] (kobject_add_internal) from [<c018e9a8>] (kset_register+0x1c/0x44)
[    0.156488] [<c018e9a8>] (kset_register) from [<c02090b4>] (__class_register+0xa8/0x198)
[    0.156774] [<c02090b4>] (__class_register) from [<c02091e4>] (__class_create+0x40/0x70)
[    0.157060] [<c02091e4>] (__class_create) from [<c01adf68>] (register_devfs_stubs+0x314/0xbb4)
[    0.157348] [<c01adf68>] (register_devfs_stubs) from [<c05d9b08>] (init_module+0x28/0xa4)
[    0.157595] [<c05d9b08>] (init_module) from [<c0009670>] (do_one_initcall+0x104/0x1b4)
[    0.157838] [<c0009670>] (do_one_initcall) from [<c05c7d08>] (kernel_init_freeable+0xf0/0x1b0)
[    0.158262] [<c05c7d08>] (kernel_init_freeable) from [<c040f28c>] (kernel_init+0x8/0xe4)
[    0.158512] [<c040f28c>] (kernel_init) from [<c0016da8>] (ret_from_fork+0x14/0x2c)
[    0.158751] ---[ end trace 0a7c02d06e5f3d4a ]---
[    0.158991] firmadyne: Cannot create device class: gpio!
[    0.160348] firmadyne: Cannot register character device: watchdog, 0xa, 0x82!
[    0.160616] firmadyne: Cannot register character device: wdt, 0xfd, 0x0!
[    0.248675] Non-volatile memory driver v1.3
[    0.267167] brd: module loaded
[    0.274797] loop: module loaded
[    0.282395]  vda: vda1
[    0.285696] [nandsim] warning: read_byte: unexpected data output cycle, state is STATE_READY return 0x0
[    0.285998] [nandsim] warning: read_byte: unexpected data output cycle, state is STATE_READY return 0x0
[    0.286272] [nandsim] warning: read_byte: unexpected data output cycle, state is STATE_READY return 0x0
[    0.286540] [nandsim] warning: read_byte: unexpected data output cycle, state is STATE_READY return 0x0
[    0.286847] [nandsim] warning: read_byte: unexpected data output cycle, state is STATE_READY return 0x0
[    0.287118] [nandsim] warning: read_byte: unexpected data output cycle, state is STATE_READY return 0x0
[    0.287689] nand: device found, Manufacturer ID: 0x98, Chip ID: 0x39
[    0.287937] nand: Toshiba NAND 128MiB 1,8V 8-bit
[    0.288298] nand: 128 MiB, SLC, erase size: 16 KiB, page size: 512, OOB size: 16
[    0.289099] flash size: 128 MiB
[    0.289215] page size: 512 bytes
[    0.289320] OOB area size: 16 bytes
[    0.289437] sector size: 16 KiB
[    0.289539] pages number: 262144
[    0.289647] pages per sector: 32
[    0.289754] bus width: 8
[    0.289837] bits in sector size: 14
[    0.289952] bits in page size: 9
[    0.290057] bits in OOB size: 4
[    0.290166] flash size with OOB: 135168 KiB
[    0.290300] page address bytes: 4
[    0.290406] sector address bytes: 3
[    0.290517] options: 0x42
[    0.294935] Scanning device for bad blocks
[    0.406632] Creating 11 MTD partitions on "NAND 128MiB 1,8V 8-bit":
[    0.407058] 0x000000000000-0x000000100000 : "NAND simulator partition 0"
[    0.409761] 0x000000100000-0x000000200000 : "NAND simulator partition 1"
[    0.410884] 0x000000200000-0x000000300000 : "NAND simulator partition 2"
[    0.411965] 0x000000300000-0x000000400000 : "NAND simulator partition 3"
[    0.413036] 0x000000400000-0x000000500000 : "NAND simulator partition 4"
[    0.414108] 0x000000500000-0x000000600000 : "NAND simulator partition 5"
[    0.415226] 0x000000600000-0x000000700000 : "NAND simulator partition 6"
[    0.416323] 0x000000700000-0x000000800000 : "NAND simulator partition 7"
[    0.417525] 0x000000800000-0x000000900000 : "NAND simulator partition 8"
[    0.418944] 0x000000900000-0x000000a00000 : "NAND simulator partition 9"
[    0.420059] 0x000000a00000-0x000008000000 : "NAND simulator partition 10"
[    0.423621] tun: Universal TUN/TAP device driver, 1.6
[    0.423788] tun: (C) 1999-2004 Max Krasnyansky <maxk@qualcomm.com>
[    0.438253] PPP generic driver version 2.4.2
[    0.438829] PPP BSD Compression module registered
[    0.439013] PPP Deflate Compression module registered
[    0.439243] PPP MPPE Compression module registered
[    0.439421] NET: Registered protocol family 24
[    0.439703] PPTP driver version 0.8.5
[    0.440284] usbcore: registered new interface driver usb-storage
[    0.441638] hidraw: raw HID events driver (C) Jiri Kosina
[    0.442069] usbcore: registered new interface driver usbhid
[    0.442245] usbhid: USB HID core driver
[    0.442626] Netfilter messages via NETLINK v0.30.
[    0.443142] nf_conntrack version 0.5.0 (3958 buckets, 15832 max)
[    0.444207] ctnetlink v0.93: registering with nfnetlink.
[    0.445321] ipip: IPv4 over IPv4 tunneling driver
[    0.447124] gre: GRE over IPv4 demultiplexor driver
[    0.447332] ip_gre: GRE over IPv4 tunneling driver
[    0.450996] ip_tables: (C) 2000-2006 Netfilter Core Team
[    0.452267] arp_tables: (C) 2002 David S. Miller
[    0.453143] Initializing XFRM netlink socket
[    0.453565] NET: Registered protocol family 10
[    0.458904] ip6_tables: (C) 2000-2006 Netfilter Core Team
[    0.460331] sit: IPv6 over IPv4 tunneling driver
[    0.463255] NET: Registered protocol family 17
[    0.463818] bridge: automatic filtering via arp/ip/ip6tables has been deprecated. Update your scripts to load br_netfilter if you need this.
[    0.464318] Bridge firewalling registered
[    0.464479] Ebtables v2.0 registered
[    0.465346] 8021q: 802.1Q VLAN Support v1.8
[    0.465849] Registering SWP/SWPB emulation handler
[    0.467529] hctosys: unable to open rtc device (rtc0)
[    0.476726] EXT4-fs (vda1): couldn't mount as ext3 due to feature incompatibilities
[    0.477902] EXT4-fs (vda1): mounting ext2 file system using the ext4 subsystem
[    0.488257] EXT4-fs (vda1): mounted filesystem without journal. Opts: (null)
[    0.489157] VFS: Mounted root (ext2 filesystem) on device 254:1.
[    0.493416] Freeing unused kernel memory: 180K (c05c7000 - c05f4000)
[    0.547615] random: init urandom read with 4 bits of entropy available
[    0.556442] Kernel panic - not syncing: Attempted to kill init! exitcode=0x00001600
[    0.556442] 
[    0.556801] CPU: 0 PID: 1 Comm: init Tainted: G        W       4.1.17+ #1
[    0.557035] Hardware name: Generic DT based system
[    0.557246] [<c001c99c>] (unwind_backtrace) from [<c0019d30>] (show_stack+0x10/0x14)
[    0.557489] [<c0019d30>] (show_stack) from [<c0410b78>] (panic+0x70/0x1c8)
[    0.557705] [<c0410b78>] (panic) from [<c0025714>] (do_exit+0x3c0/0x774)
[    0.557912] [<c0025714>] (do_exit) from [<c0026760>] (do_group_exit+0x48/0xa8)
[    0.558210] [<c0026760>] (do_group_exit) from [<c00267d0>] (__wake_up_parent+0x0/0x18)
[    0.558597] ---[ end Kernel panic - not syncing: Attempted to kill init! exitcode=0x00001600
[    0.558597] 
