[    0.000000] Booting Linux on physical CPU 0x0
[    0.000000] Linux version 4.1.17+ (vagrant@vagrant-ubuntu-trusty-64) (gcc version 5.3.0 (GCC) ) #1 Thu Feb 18 01:05:21 UTC 2016
[    0.000000] CPU: ARMv7 Processor [412fc0f1] revision 1 (ARMv7), cr=10c5387d
[    0.000000] CPU: PIPT / VIPT nonaliasing data cache, PIPT instruction cache
[    0.000000] Machine model: linux,dummy-virt
[    0.000000] debug: ignoring loglevel setting.
[    0.000000] Memory policy: Data cache writeback
[    0.000000] On node 0 totalpages: 65536
[    0.000000] free_area_init_node: node 0, pgdat c061dfe8, node_mem_map cfdf9000
[    0.000000]   Normal zone: 512 pages used for memmap
[    0.000000]   Normal zone: 0 pages reserved
[    0.000000]   Normal zone: 65536 pages, LIFO batch:15
[    0.000000] CPU: All CPU(s) started in SVC mode.
[    0.000000] pcpu-alloc: s0 r0 d32768 u32768 alloc=1*32768
[    0.000000] pcpu-alloc: [0] 0 
[    0.000000] Built 1 zonelists in Zone order, mobility grouping on.  Total pages: 65024
[    0.000000] Kernel command line: firmadyne.syscall=1 root=/dev/vda1 console=ttyS0 nandsim.parts=64,64,64,64,64,64,64,64,64,64 rdinit=/firmadyne/preInit.sh rw debug ignore_loglevel print-fatal-signals=1 user_debug=31
[    0.000000] PID hash table entries: 1024 (order: 0, 4096 bytes)
[    0.000000] Dentry cache hash table entries: 32768 (order: 5, 131072 bytes)
[    0.000000] Inode-cache hash table entries: 16384 (order: 4, 65536 bytes)
[    0.000000] Memory: 253344K/262144K available (4297K kernel code, 170K rwdata, 1584K rodata, 180K init, 148K bss, 8800K reserved, 0K cma-reserved)
[    0.000000] Virtual kernel memory layout:
[    0.000000]     vector  : 0xffff0000 - 0xffff1000   (   4 kB)
[    0.000000]     fixmap  : 0xffc00000 - 0xfff00000   (3072 kB)
[    0.000000]     vmalloc : 0xd0800000 - 0xff000000   ( 744 MB)
[    0.000000]     lowmem  : 0xc0000000 - 0xd0000000   ( 256 MB)
[    0.000000]     modules : 0xbf000000 - 0xc0000000   (  16 MB)
[    0.000000]       .text : 0xc0008000 - 0xc05c67bc   (5882 kB)
[    0.000000]       .init : 0xc05c7000 - 0xc05f4000   ( 180 kB)
[    0.000000]       .data : 0xc05f4000 - 0xc061e840   ( 171 kB)
[    0.000000]        .bss : 0xc0621000 - 0xc06462d4   ( 149 kB)
[    0.000000] NR_IRQS:16 nr_irqs:16 16
[    0.000000] Architected cp15 timer(s) running at 62.50MHz (virt).
[    0.000000] clocksource arch_sys_counter: mask: 0xffffffffffffff max_cycles: 0x1cd42e208c, max_idle_ns: 881590405314 ns
[    0.000115] sched_clock: 56 bits at 62MHz, resolution 16ns, wraps every 4398046511096ns
[    0.000206] Switching to timer-based delay loop, resolution 16ns
[    0.002434] Console: colour dummy device 80x30
[    0.002667] Calibrating delay loop (skipped), value calculated using timer frequency.. 125.00 BogoMIPS (lpj=625000)
[    0.002757] pid_max: default: 32768 minimum: 301
[    0.003409] Mount-cache hash table entries: 1024 (order: 0, 4096 bytes)
[    0.003435] Mountpoint-cache hash table entries: 1024 (order: 0, 4096 bytes)
[    0.008373] CPU: Testing write buffer coherency: ok
[    0.015311] Setting up static identity map for 0x40008240 - 0x40008298
[    0.026125] VFP support v0.3: implementor 41 architecture 4 part 30 variant f rev 0
[    0.034849] clocksource jiffies: mask: 0xffffffff max_cycles: 0xffffffff, max_idle_ns: 19112604462750000 ns
[    0.041393] NET: Registered protocol family 16
[    0.045878] DMA: preallocated 256 KiB pool for atomic coherent allocations
[    0.048780] cpuidle: using governor ladder
[    0.048904] cpuidle: using governor menu
[    0.051461] genirq: Setting trigger mode 1 for irq 20 failed (gic_set_type+0x0/0x48)
[    0.052678] genirq: Setting trigger mode 1 for irq 21 failed (gic_set_type+0x0/0x48)
[    0.052910] genirq: Setting trigger mode 1 for irq 22 failed (gic_set_type+0x0/0x48)
[    0.053134] genirq: Setting trigger mode 1 for irq 23 failed (gic_set_type+0x0/0x48)
[    0.053358] genirq: Setting trigger mode 1 for irq 24 failed (gic_set_type+0x0/0x48)
[    0.053570] genirq: Setting trigger mode 1 for irq 25 failed (gic_set_type+0x0/0x48)
[    0.053970] genirq: Setting trigger mode 1 for irq 26 failed (gic_set_type+0x0/0x48)
[    0.054200] genirq: Setting trigger mode 1 for irq 27 failed (gic_set_type+0x0/0x48)
[    0.054515] genirq: Setting trigger mode 1 for irq 28 failed (gic_set_type+0x0/0x48)
[    0.054732] genirq: Setting trigger mode 1 for irq 29 failed (gic_set_type+0x0/0x48)
[    0.054933] genirq: Setting trigger mode 1 for irq 30 failed (gic_set_type+0x0/0x48)
[    0.055146] genirq: Setting trigger mode 1 for irq 31 failed (gic_set_type+0x0/0x48)
[    0.055346] genirq: Setting trigger mode 1 for irq 32 failed (gic_set_type+0x0/0x48)
[    0.055550] genirq: Setting trigger mode 1 for irq 33 failed (gic_set_type+0x0/0x48)
[    0.055746] genirq: Setting trigger mode 1 for irq 34 failed (gic_set_type+0x0/0x48)
[    0.055942] genirq: Setting trigger mode 1 for irq 35 failed (gic_set_type+0x0/0x48)
[    0.056190] genirq: Setting trigger mode 1 for irq 36 failed (gic_set_type+0x0/0x48)
[    0.056430] genirq: Setting trigger mode 1 for irq 37 failed (gic_set_type+0x0/0x48)
[    0.056706] genirq: Setting trigger mode 1 for irq 38 failed (gic_set_type+0x0/0x48)
[    0.056966] genirq: Setting trigger mode 1 for irq 39 failed (gic_set_type+0x0/0x48)
[    0.057204] genirq: Setting trigger mode 1 for irq 40 failed (gic_set_type+0x0/0x48)
[    0.057458] genirq: Setting trigger mode 1 for irq 41 failed (gic_set_type+0x0/0x48)
[    0.057673] genirq: Setting trigger mode 1 for irq 42 failed (gic_set_type+0x0/0x48)
[    0.057888] genirq: Setting trigger mode 1 for irq 43 failed (gic_set_type+0x0/0x48)
[    0.058107] genirq: Setting trigger mode 1 for irq 44 failed (gic_set_type+0x0/0x48)
[    0.058350] genirq: Setting trigger mode 1 for irq 45 failed (gic_set_type+0x0/0x48)
[    0.058562] genirq: Setting trigger mode 1 for irq 46 failed (gic_set_type+0x0/0x48)
[    0.058804] genirq: Setting trigger mode 1 for irq 47 failed (gic_set_type+0x0/0x48)
[    0.059020] genirq: Setting trigger mode 1 for irq 48 failed (gic_set_type+0x0/0x48)
[    0.059229] genirq: Setting trigger mode 1 for irq 49 failed (gic_set_type+0x0/0x48)
[    0.059433] genirq: Setting trigger mode 1 for irq 50 failed (gic_set_type+0x0/0x48)
[    0.059638] genirq: Setting trigger mode 1 for irq 51 failed (gic_set_type+0x0/0x48)
[    0.059985] genirq: Setting trigger mode 1 for irq 52 failed (gic_set_type+0x0/0x48)
[    0.062574] Serial: AMBA PL011 UART driver
[    0.064320] 9000000.pl011: ttyS0 at MMIO 0x9000000 (irq = 52, base_baud = 0) is a PL011 rev1
[    0.082961] console [ttyS0] enabled
[    0.099935] vgaarb: loaded
[    0.100977] SCSI subsystem initialized
[    0.101719] usbcore: registered new interface driver usbfs
[    0.102025] usbcore: registered new interface driver hub
[    0.102333] usbcore: registered new device driver usb
[    0.108689] cfg80211: Calling CRDA to update world regulatory domain
[    0.110397] Switched to clocksource arch_sys_counter
[    0.123335] NET: Registered protocol family 2
[    0.126728] TCP established hash table entries: 2048 (order: 1, 8192 bytes)
[    0.127014] TCP bind hash table entries: 2048 (order: 1, 8192 bytes)
[    0.127327] TCP: Hash tables configured (established 2048 bind 2048)
[    0.127770] UDP hash table entries: 256 (order: 0, 4096 bytes)
[    0.128029] UDP-Lite hash table entries: 256 (order: 0, 4096 bytes)
[    0.129066] NET: Registered protocol family 1
[    0.129429] PCI: CLS 0 bytes, default 64
[    0.134816] NetWinder Floating Point Emulator V0.97 (extended precision)
[    0.136643] futex hash table entries: 256 (order: -1, 3072 bytes)
[    0.140595] squashfs: version 4.0 (2009/01/31) Phillip Lougher
[    0.141407] jffs2: version 2.2. (NAND) Â© 2001-2006 Red Hat, Inc.
[    0.142046] romfs: ROMFS MTD (C) 2007 Red Hat, Inc.
[    0.148080] Block layer SCSI generic (bsg) driver version 0.4 loaded (major 253)
[    0.148399] io scheduler noop registered
[    0.148613] io scheduler cfq registered (default)
[    0.149158] firmadyne: devfs: 1, execute: 1, procfs: 1, syscall: 1
[    0.150117] ------------[ cut here ]------------
[    0.150508] WARNING: CPU: 0 PID: 1 at /home/vagrant/firmadyne-kernel/kernel-v4.1/fs/sysfs/dir.c:31 sysfs_warn_dup+0x50/0x6c()
[    0.150848] sysfs: cannot create duplicate filename '/class/gpio'
[    0.151054] Modules linked in:
[    0.151317] CPU: 0 PID: 1 Comm: swapper Not tainted 4.1.17+ #1
[    0.151500] Hardware name: Generic DT based system
[    0.152063] [<c001c99c>] (unwind_backtrace) from [<c0019d30>] (show_stack+0x10/0x14)
[    0.152367] [<c0019d30>] (show_stack) from [<c0024ab4>] (warn_slowpath_common+0x80/0xa8)
[    0.152633] [<c0024ab4>] (warn_slowpath_common) from [<c0024b08>] (warn_slowpath_fmt+0x2c/0x3c)
[    0.152944] [<c0024b08>] (warn_slowpath_fmt) from [<c00e363c>] (sysfs_warn_dup+0x50/0x6c)
[    0.153195] [<c00e363c>] (sysfs_warn_dup) from [<c00e3714>] (sysfs_create_dir_ns+0x74/0x84)
[    0.153452] [<c00e3714>] (sysfs_create_dir_ns) from [<c018e6ac>] (kobject_add_internal+0xb8/0x2ac)
[    0.153725] [<c018e6ac>] (kobject_add_internal) from [<c018e9a8>] (kset_register+0x1c/0x44)
[    0.153981] [<c018e9a8>] (kset_register) from [<c02090b4>] (__class_register+0xa8/0x198)
[    0.154239] [<c02090b4>] (__class_register) from [<c02091e4>] (__class_create+0x40/0x70)
[    0.154487] [<c02091e4>] (__class_create) from [<c01adf68>] (register_devfs_stubs+0x314/0xbb4)
[    0.154751] [<c01adf68>] (register_devfs_stubs) from [<c05d9b08>] (init_module+0x28/0xa4)
[    0.155023] [<c05d9b08>] (init_module) from [<c0009670>] (do_one_initcall+0x104/0x1b4)
[    0.155268] [<c0009670>] (do_one_initcall) from [<c05c7d08>] (kernel_init_freeable+0xf0/0x1b0)
[    0.155532] [<c05c7d08>] (kernel_init_freeable) from [<c040f28c>] (kernel_init+0x8/0xe4)
[    0.155777] [<c040f28c>] (kernel_init) from [<c0016da8>] (ret_from_fork+0x14/0x2c)
[    0.156058] ---[ end trace 740bd97b337cf522 ]---
[    0.156261] ------------[ cut here ]------------
[    0.156413] WARNING: CPU: 0 PID: 1 at /home/vagrant/firmadyne-kernel/kernel-v4.1/lib/kobject.c:240 kobject_add_internal+0x240/0x2ac()
[    0.156764] kobject_add_internal failed for gpio with -EEXIST, don't try to register things with the same name in the same directory.
[    0.157105] Modules linked in:
[    0.157253] CPU: 0 PID: 1 Comm: swapper Tainted: G        W       4.1.17+ #1
[    0.157459] Hardware name: Generic DT based system
[    0.157619] [<c001c99c>] (unwind_backtrace) from [<c0019d30>] (show_stack+0x10/0x14)
[    0.157861] [<c0019d30>] (show_stack) from [<c0024ab4>] (warn_slowpath_common+0x80/0xa8)
[    0.158113] [<c0024ab4>] (warn_slowpath_common) from [<c0024b08>] (warn_slowpath_fmt+0x2c/0x3c)
[    0.158390] [<c0024b08>] (warn_slowpath_fmt) from [<c018e834>] (kobject_add_internal+0x240/0x2ac)
[    0.158661] [<c018e834>] (kobject_add_internal) from [<c018e9a8>] (kset_register+0x1c/0x44)
[    0.158917] [<c018e9a8>] (kset_register) from [<c02090b4>] (__class_register+0xa8/0x198)
[    0.159165] [<c02090b4>] (__class_register) from [<c02091e4>] (__class_create+0x40/0x70)
[    0.159415] [<c02091e4>] (__class_create) from [<c01adf68>] (register_devfs_stubs+0x314/0xbb4)
[    0.159679] [<c01adf68>] (register_devfs_stubs) from [<c05d9b08>] (init_module+0x28/0xa4)
[    0.159929] [<c05d9b08>] (init_module) from [<c0009670>] (do_one_initcall+0x104/0x1b4)
[    0.160336] [<c0009670>] (do_one_initcall) from [<c05c7d08>] (kernel_init_freeable+0xf0/0x1b0)
[    0.160602] [<c05c7d08>] (kernel_init_freeable) from [<c040f28c>] (kernel_init+0x8/0xe4)
[    0.160856] [<c040f28c>] (kernel_init) from [<c0016da8>] (ret_from_fork+0x14/0x2c)
[    0.161094] ---[ end trace 740bd97b337cf523 ]---
[    0.161275] firmadyne: Cannot create device class: gpio!
[    0.162476] firmadyne: Cannot register character device: watchdog, 0xa, 0x82!
[    0.162709] firmadyne: Cannot register character device: wdt, 0xfd, 0x0!
[    0.245101] Non-volatile memory driver v1.3
[    0.262844] brd: module loaded
[    0.271290] loop: module loaded
[    0.278214]  vda: vda1
[    0.281921] [nandsim] warning: read_byte: unexpected data output cycle, state is STATE_READY return 0x0
[    0.282235] [nandsim] warning: read_byte: unexpected data output cycle, state is STATE_READY return 0x0
[    0.282510] [nandsim] warning: read_byte: unexpected data output cycle, state is STATE_READY return 0x0
[    0.282780] [nandsim] warning: read_byte: unexpected data output cycle, state is STATE_READY return 0x0
[    0.283051] [nandsim] warning: read_byte: unexpected data output cycle, state is STATE_READY return 0x0
[    0.283319] [nandsim] warning: read_byte: unexpected data output cycle, state is STATE_READY return 0x0
[    0.283767] nand: device found, Manufacturer ID: 0x98, Chip ID: 0x39
[    0.283972] nand: Toshiba NAND 128MiB 1,8V 8-bit
[    0.284130] nand: 128 MiB, SLC, erase size: 16 KiB, page size: 512, OOB size: 16
[    0.284880] flash size: 128 MiB
[    0.284987] page size: 512 bytes
[    0.285091] OOB area size: 16 bytes
[    0.285201] sector size: 16 KiB
[    0.285301] pages number: 262144
[    0.285403] pages per sector: 32
[    0.285505] bus width: 8
[    0.285588] bits in sector size: 14
[    0.285697] bits in page size: 9
[    0.285801] bits in OOB size: 4
[    0.285904] flash size with OOB: 135168 KiB
[    0.286032] page address bytes: 4
[    0.286139] sector address bytes: 3
[    0.286259] options: 0x42
[    0.290340] Scanning device for bad blocks
[    0.401656] Creating 11 MTD partitions on "NAND 128MiB 1,8V 8-bit":
[    0.402063] 0x000000000000-0x000000100000 : "NAND simulator partition 0"
[    0.404492] 0x000000100000-0x000000200000 : "NAND simulator partition 1"
[    0.405619] 0x000000200000-0x000000300000 : "NAND simulator partition 2"
[    0.406727] 0x000000300000-0x000000400000 : "NAND simulator partition 3"
[    0.407812] 0x000000400000-0x000000500000 : "NAND simulator partition 4"
[    0.408888] 0x000000500000-0x000000600000 : "NAND simulator partition 5"
[    0.410012] 0x000000600000-0x000000700000 : "NAND simulator partition 6"
[    0.411336] 0x000000700000-0x000000800000 : "NAND simulator partition 7"
[    0.412535] 0x000000800000-0x000000900000 : "NAND simulator partition 8"
[    0.413763] 0x000000900000-0x000000a00000 : "NAND simulator partition 9"
[    0.414892] 0x000000a00000-0x000008000000 : "NAND simulator partition 10"
[    0.418872] tun: Universal TUN/TAP device driver, 1.6
[    0.419037] tun: (C) 1999-2004 Max Krasnyansky <maxk@qualcomm.com>
[    0.434874] PPP generic driver version 2.4.2
[    0.435444] PPP BSD Compression module registered
[    0.435628] PPP Deflate Compression module registered
[    0.435856] PPP MPPE Compression module registered
[    0.436035] NET: Registered protocol family 24
[    0.436360] PPTP driver version 0.8.5
[    0.437041] usbcore: registered new interface driver usb-storage
[    0.438419] hidraw: raw HID events driver (C) Jiri Kosina
[    0.438852] usbcore: registered new interface driver usbhid
[    0.439026] usbhid: USB HID core driver
[    0.439403] Netfilter messages via NETLINK v0.30.
[    0.439908] nf_conntrack version 0.5.0 (3958 buckets, 15832 max)
[    0.441183] ctnetlink v0.93: registering with nfnetlink.
[    0.442310] ipip: IPv4 over IPv4 tunneling driver
[    0.443844] gre: GRE over IPv4 demultiplexor driver
[    0.444032] ip_gre: GRE over IPv4 tunneling driver
[    0.447554] ip_tables: (C) 2000-2006 Netfilter Core Team
[    0.448991] arp_tables: (C) 2002 David S. Miller
[    0.450003] Initializing XFRM netlink socket
[    0.450624] NET: Registered protocol family 10
[    0.455500] ip6_tables: (C) 2000-2006 Netfilter Core Team
[    0.456741] sit: IPv6 over IPv4 tunneling driver
[    0.459528] NET: Registered protocol family 17
[    0.460016] bridge: automatic filtering via arp/ip/ip6tables has been deprecated. Update your scripts to load br_netfilter if you need this.
[    0.460702] Bridge firewalling registered
[    0.460904] Ebtables v2.0 registered
[    0.461861] 8021q: 802.1Q VLAN Support v1.8
[    0.462376] Registering SWP/SWPB emulation handler
[    0.463929] hctosys: unable to open rtc device (rtc0)
[    0.471466] EXT4-fs (vda1): couldn't mount as ext3 due to feature incompatibilities
[    0.472895] EXT4-fs (vda1): mounting ext2 file system using the ext4 subsystem
[    0.483192] EXT4-fs (vda1): mounted filesystem without journal. Opts: (null)
[    0.484069] VFS: Mounted root (ext2 filesystem) on device 254:1.
[    0.488104] Freeing unused kernel memory: 180K (c05c7000 - c05f4000)
[    0.545079] random: init urandom read with 4 bits of entropy available
[    0.553470] Kernel panic - not syncing: Attempted to kill init! exitcode=0x00001600
[    0.553470] 
[    0.553777] CPU: 0 PID: 1 Comm: init Tainted: G        W       4.1.17+ #1
[    0.553980] Hardware name: Generic DT based system
[    0.554161] [<c001c99c>] (unwind_backtrace) from [<c0019d30>] (show_stack+0x10/0x14)
[    0.554417] [<c0019d30>] (show_stack) from [<c0410b78>] (panic+0x70/0x1c8)
[    0.554636] [<c0410b78>] (panic) from [<c0025714>] (do_exit+0x3c0/0x774)
[    0.554843] [<c0025714>] (do_exit) from [<c0026760>] (do_group_exit+0x48/0xa8)
[    0.555065] [<c0026760>] (do_group_exit) from [<c00267d0>] (__wake_up_parent+0x0/0x18)
[    0.555442] ---[ end Kernel panic - not syncing: Attempted to kill init! exitcode=0x00001600
[    0.555442] 
