[    0.000000] Booting Linux on physical CPU 0x0
[    0.000000] Linux version 4.1.17+ (vagrant@vagrant-ubuntu-trusty-64) (gcc version 5.3.0 (GCC) ) #1 Thu Feb 18 01:05:21 UTC 2016
[    0.000000] CPU: ARMv7 Processor [412fc0f1] revision 1 (ARMv7), cr=10c5387d
[    0.000000] CPU: PIPT / VIPT nonaliasing data cache, PIPT instruction cache
[    0.000000] Machine model: linux,dummy-virt
[    0.000000] debug: ignoring loglevel setting.
[    0.000000] Memory policy: Data cache writeback
[    0.000000] On node 0 totalpages: 65536
[    0.000000] free_area_init_node: node 0, pgdat c061dfe8, node_mem_map cfdf9000
[    0.000000]   Normal zone: 512 pages used for memmap
[    0.000000]   Normal zone: 0 pages reserved
[    0.000000]   Normal zone: 65536 pages, LIFO batch:15
[    0.000000] CPU: All CPU(s) started in SVC mode.
[    0.000000] pcpu-alloc: s0 r0 d32768 u32768 alloc=1*32768
[    0.000000] pcpu-alloc: [0] 0 
[    0.000000] Built 1 zonelists in Zone order, mobility grouping on.  Total pages: 65024
[    0.000000] Kernel command line: root=/dev/vda1 console=ttyS0 nandsim.parts=64,64,64,64,64,64,64,64,64,64 rdinit=/firmadyne/preInit.sh rw debug ignore_loglevel print-fatal-signals=1 user_debug=31 firmadyne.syscall=0
[    0.000000] PID hash table entries: 1024 (order: 0, 4096 bytes)
[    0.000000] Dentry cache hash table entries: 32768 (order: 5, 131072 bytes)
[    0.000000] Inode-cache hash table entries: 16384 (order: 4, 65536 bytes)
[    0.000000] Memory: 253344K/262144K available (4297K kernel code, 170K rwdata, 1584K rodata, 180K init, 148K bss, 8800K reserved, 0K cma-reserved)
[    0.000000] Virtual kernel memory layout:
[    0.000000]     vector  : 0xffff0000 - 0xffff1000   (   4 kB)
[    0.000000]     fixmap  : 0xffc00000 - 0xfff00000   (3072 kB)
[    0.000000]     vmalloc : 0xd0800000 - 0xff000000   ( 744 MB)
[    0.000000]     lowmem  : 0xc0000000 - 0xd0000000   ( 256 MB)
[    0.000000]     modules : 0xbf000000 - 0xc0000000   (  16 MB)
[    0.000000]       .text : 0xc0008000 - 0xc05c67bc   (5882 kB)
[    0.000000]       .init : 0xc05c7000 - 0xc05f4000   ( 180 kB)
[    0.000000]       .data : 0xc05f4000 - 0xc061e840   ( 171 kB)
[    0.000000]        .bss : 0xc0621000 - 0xc06462d4   ( 149 kB)
[    0.000000] NR_IRQS:16 nr_irqs:16 16
[    0.000000] Architected cp15 timer(s) running at 62.50MHz (virt).
[    0.000000] clocksource arch_sys_counter: mask: 0xffffffffffffff max_cycles: 0x1cd42e208c, max_idle_ns: 881590405314 ns
[    0.000132] sched_clock: 56 bits at 62MHz, resolution 16ns, wraps every 4398046511096ns
[    0.000240] Switching to timer-based delay loop, resolution 16ns
[    0.002854] Console: colour dummy device 80x30
[    0.003133] Calibrating delay loop (skipped), value calculated using timer frequency.. 125.00 BogoMIPS (lpj=625000)
[    0.003244] pid_max: default: 32768 minimum: 301
[    0.004020] Mount-cache hash table entries: 1024 (order: 0, 4096 bytes)
[    0.004049] Mountpoint-cache hash table entries: 1024 (order: 0, 4096 bytes)
[    0.011957] CPU: Testing write buffer coherency: ok
[    0.016917] Setting up static identity map for 0x40008240 - 0x40008298
[    0.028715] VFP support v0.3: implementor 41 architecture 4 part 30 variant f rev 0
[    0.038577] clocksource jiffies: mask: 0xffffffff max_cycles: 0xffffffff, max_idle_ns: 19112604462750000 ns
[    0.045989] NET: Registered protocol family 16
[    0.048464] DMA: preallocated 256 KiB pool for atomic coherent allocations
[    0.051625] cpuidle: using governor ladder
[    0.051748] cpuidle: using governor menu
[    0.054802] genirq: Setting trigger mode 1 for irq 20 failed (gic_set_type+0x0/0x48)
[    0.056228] genirq: Setting trigger mode 1 for irq 21 failed (gic_set_type+0x0/0x48)
[    0.056487] genirq: Setting trigger mode 1 for irq 22 failed (gic_set_type+0x0/0x48)
[    0.056763] genirq: Setting trigger mode 1 for irq 23 failed (gic_set_type+0x0/0x48)
[    0.057034] genirq: Setting trigger mode 1 for irq 24 failed (gic_set_type+0x0/0x48)
[    0.057283] genirq: Setting trigger mode 1 for irq 25 failed (gic_set_type+0x0/0x48)
[    0.057519] genirq: Setting trigger mode 1 for irq 26 failed (gic_set_type+0x0/0x48)
[    0.057756] genirq: Setting trigger mode 1 for irq 27 failed (gic_set_type+0x0/0x48)
[    0.058088] genirq: Setting trigger mode 1 for irq 28 failed (gic_set_type+0x0/0x48)
[    0.058339] genirq: Setting trigger mode 1 for irq 29 failed (gic_set_type+0x0/0x48)
[    0.058572] genirq: Setting trigger mode 1 for irq 30 failed (gic_set_type+0x0/0x48)
[    0.058819] genirq: Setting trigger mode 1 for irq 31 failed (gic_set_type+0x0/0x48)
[    0.059051] genirq: Setting trigger mode 1 for irq 32 failed (gic_set_type+0x0/0x48)
[    0.059290] genirq: Setting trigger mode 1 for irq 33 failed (gic_set_type+0x0/0x48)
[    0.059573] genirq: Setting trigger mode 1 for irq 34 failed (gic_set_type+0x0/0x48)
[    0.059806] genirq: Setting trigger mode 1 for irq 35 failed (gic_set_type+0x0/0x48)
[    0.060044] genirq: Setting trigger mode 1 for irq 36 failed (gic_set_type+0x0/0x48)
[    0.060284] genirq: Setting trigger mode 1 for irq 37 failed (gic_set_type+0x0/0x48)
[    0.060562] genirq: Setting trigger mode 1 for irq 38 failed (gic_set_type+0x0/0x48)
[    0.060829] genirq: Setting trigger mode 1 for irq 39 failed (gic_set_type+0x0/0x48)
[    0.061071] genirq: Setting trigger mode 1 for irq 40 failed (gic_set_type+0x0/0x48)
[    0.061315] genirq: Setting trigger mode 1 for irq 41 failed (gic_set_type+0x0/0x48)
[    0.061566] genirq: Setting trigger mode 1 for irq 42 failed (gic_set_type+0x0/0x48)
[    0.061815] genirq: Setting trigger mode 1 for irq 43 failed (gic_set_type+0x0/0x48)
[    0.062071] genirq: Setting trigger mode 1 for irq 44 failed (gic_set_type+0x0/0x48)
[    0.062330] genirq: Setting trigger mode 1 for irq 45 failed (gic_set_type+0x0/0x48)
[    0.062574] genirq: Setting trigger mode 1 for irq 46 failed (gic_set_type+0x0/0x48)
[    0.062856] genirq: Setting trigger mode 1 for irq 47 failed (gic_set_type+0x0/0x48)
[    0.063108] genirq: Setting trigger mode 1 for irq 48 failed (gic_set_type+0x0/0x48)
[    0.063577] genirq: Setting trigger mode 1 for irq 49 failed (gic_set_type+0x0/0x48)
[    0.063826] genirq: Setting trigger mode 1 for irq 50 failed (gic_set_type+0x0/0x48)
[    0.064066] genirq: Setting trigger mode 1 for irq 51 failed (gic_set_type+0x0/0x48)
[    0.064481] genirq: Setting trigger mode 1 for irq 52 failed (gic_set_type+0x0/0x48)
[    0.067468] Serial: AMBA PL011 UART driver
[    0.069125] 9000000.pl011: ttyS0 at MMIO 0x9000000 (irq = 52, base_baud = 0) is a PL011 rev1
[    0.121358] console [ttyS0] enabled
[    0.140478] vgaarb: loaded
[    0.142233] SCSI subsystem initialized
[    0.143781] usbcore: registered new interface driver usbfs
[    0.145010] usbcore: registered new interface driver hub
[    0.146204] usbcore: registered new device driver usb
[    0.154433] cfg80211: Calling CRDA to update world regulatory domain
[    0.157494] Switched to clocksource arch_sys_counter
[    0.172582] NET: Registered protocol family 2
[    0.177614] TCP established hash table entries: 2048 (order: 1, 8192 bytes)
[    0.179008] TCP bind hash table entries: 2048 (order: 1, 8192 bytes)
[    0.180324] TCP: Hash tables configured (established 2048 bind 2048)
[    0.181908] UDP hash table entries: 256 (order: 0, 4096 bytes)
[    0.183088] UDP-Lite hash table entries: 256 (order: 0, 4096 bytes)
[    0.185321] NET: Registered protocol family 1
[    0.186523] PCI: CLS 0 bytes, default 64
[    0.193252] NetWinder Floating Point Emulator V0.97 (extended precision)
[    0.196510] futex hash table entries: 256 (order: -1, 3072 bytes)
[    0.202108] squashfs: version 4.0 (2009/01/31) Phillip Lougher
[    0.204323] jffs2: version 2.2. (NAND) Â© 2001-2006 Red Hat, Inc.
[    0.206075] romfs: ROMFS MTD (C) 2007 Red Hat, Inc.
[    0.213811] Block layer SCSI generic (bsg) driver version 0.4 loaded (major 253)
[    0.215318] io scheduler noop registered
[    0.216151] io scheduler cfq registered (default)
[    0.217778] firmadyne: devfs: 1, execute: 1, procfs: 1, syscall: 0
[    0.219917] ------------[ cut here ]------------
[    0.220814] WARNING: CPU: 0 PID: 1 at /home/vagrant/firmadyne-kernel/kernel-v4.1/fs/sysfs/dir.c:31 sysfs_warn_dup+0x50/0x6c()
[    0.222788] sysfs: cannot create duplicate filename '/class/gpio'
[    0.223930] Modules linked in:
[    0.224713] CPU: 0 PID: 1 Comm: swapper Not tainted 4.1.17+ #1
[    0.225802] Hardware name: Generic DT based system
[    0.227431] [<c001c99c>] (unwind_backtrace) from [<c0019d30>] (show_stack+0x10/0x14)
[    0.228977] [<c0019d30>] (show_stack) from [<c0024ab4>] (warn_slowpath_common+0x80/0xa8)
[    0.230434] [<c0024ab4>] (warn_slowpath_common) from [<c0024b08>] (warn_slowpath_fmt+0x2c/0x3c)
[    0.232071] [<c0024b08>] (warn_slowpath_fmt) from [<c00e363c>] (sysfs_warn_dup+0x50/0x6c)
[    0.233601] [<c00e363c>] (sysfs_warn_dup) from [<c00e3714>] (sysfs_create_dir_ns+0x74/0x84)
[    0.234424] [<c00e3714>] (sysfs_create_dir_ns) from [<c018e6ac>] (kobject_add_internal+0xb8/0x2ac)
[    0.235330] [<c018e6ac>] (kobject_add_internal) from [<c018e9a8>] (kset_register+0x1c/0x44)
[    0.236323] [<c018e9a8>] (kset_register) from [<c02090b4>] (__class_register+0xa8/0x198)
[    0.237041] [<c02090b4>] (__class_register) from [<c02091e4>] (__class_create+0x40/0x70)
[    0.237953] [<c02091e4>] (__class_create) from [<c01adf68>] (register_devfs_stubs+0x314/0xbb4)
[    0.238923] [<c01adf68>] (register_devfs_stubs) from [<c05d9b08>] (init_module+0x28/0xa4)
[    0.239845] [<c05d9b08>] (init_module) from [<c0009670>] (do_one_initcall+0x104/0x1b4)
[    0.240641] [<c0009670>] (do_one_initcall) from [<c05c7d08>] (kernel_init_freeable+0xf0/0x1b0)
[    0.241487] [<c05c7d08>] (kernel_init_freeable) from [<c040f28c>] (kernel_init+0x8/0xe4)
[    0.242054] [<c040f28c>] (kernel_init) from [<c0016da8>] (ret_from_fork+0x14/0x2c)
[    0.242917] ---[ end trace abc9617d1126b7d1 ]---
[    0.243795] ------------[ cut here ]------------
[    0.244388] WARNING: CPU: 0 PID: 1 at /home/vagrant/firmadyne-kernel/kernel-v4.1/lib/kobject.c:240 kobject_add_internal+0x240/0x2ac()
[    0.245485] kobject_add_internal failed for gpio with -EEXIST, don't try to register things with the same name in the same directory.
[    0.246439] Modules linked in:
[    0.246833] CPU: 0 PID: 1 Comm: swapper Tainted: G        W       4.1.17+ #1
[    0.247787] Hardware name: Generic DT based system
[    0.248510] [<c001c99c>] (unwind_backtrace) from [<c0019d30>] (show_stack+0x10/0x14)
[    0.249229] [<c0019d30>] (show_stack) from [<c0024ab4>] (warn_slowpath_common+0x80/0xa8)
[    0.250050] [<c0024ab4>] (warn_slowpath_common) from [<c0024b08>] (warn_slowpath_fmt+0x2c/0x3c)
[    0.250906] [<c0024b08>] (warn_slowpath_fmt) from [<c018e834>] (kobject_add_internal+0x240/0x2ac)
[    0.251712] [<c018e834>] (kobject_add_internal) from [<c018e9a8>] (kset_register+0x1c/0x44)
[    0.252539] [<c018e9a8>] (kset_register) from [<c02090b4>] (__class_register+0xa8/0x198)
[    0.253305] [<c02090b4>] (__class_register) from [<c02091e4>] (__class_create+0x40/0x70)
[    0.254105] [<c02091e4>] (__class_create) from [<c01adf68>] (register_devfs_stubs+0x314/0xbb4)
[    0.254910] [<c01adf68>] (register_devfs_stubs) from [<c05d9b08>] (init_module+0x28/0xa4)
[    0.255602] [<c05d9b08>] (init_module) from [<c0009670>] (do_one_initcall+0x104/0x1b4)
[    0.256331] [<c0009670>] (do_one_initcall) from [<c05c7d08>] (kernel_init_freeable+0xf0/0x1b0)
[    0.257529] [<c05c7d08>] (kernel_init_freeable) from [<c040f28c>] (kernel_init+0x8/0xe4)
[    0.258417] [<c040f28c>] (kernel_init) from [<c0016da8>] (ret_from_fork+0x14/0x2c)
[    0.259118] ---[ end trace abc9617d1126b7d2 ]---
[    0.259666] firmadyne: Cannot create device class: gpio!
[    0.261492] firmadyne: Cannot register character device: watchdog, 0xa, 0x82!
[    0.262831] firmadyne: Cannot register character device: wdt, 0xfd, 0x0!
[    0.357071] Non-volatile memory driver v1.3
[    0.377095] brd: module loaded
[    0.385718] loop: module loaded
[    0.394289]  vda: vda1
[    0.398822] [nandsim] warning: read_byte: unexpected data output cycle, state is STATE_READY return 0x0
[    0.400582] [nandsim] warning: read_byte: unexpected data output cycle, state is STATE_READY return 0x0
[    0.402226] [nandsim] warning: read_byte: unexpected data output cycle, state is STATE_READY return 0x0
[    0.403894] [nandsim] warning: read_byte: unexpected data output cycle, state is STATE_READY return 0x0
[    0.405528] [nandsim] warning: read_byte: unexpected data output cycle, state is STATE_READY return 0x0
[    0.406950] [nandsim] warning: read_byte: unexpected data output cycle, state is STATE_READY return 0x0
[    0.408400] nand: device found, Manufacturer ID: 0x98, Chip ID: 0x39
[    0.409566] nand: Toshiba NAND 128MiB 1,8V 8-bit
[    0.410206] nand: 128 MiB, SLC, erase size: 16 KiB, page size: 512, OOB size: 16
[    0.411651] flash size: 128 MiB
[    0.412260] page size: 512 bytes
[    0.412841] OOB area size: 16 bytes
[    0.413488] sector size: 16 KiB
[    0.414050] pages number: 262144
[    0.414623] pages per sector: 32
[    0.415114] bus width: 8
[    0.415191] bits in sector size: 14
[    0.415714] bits in page size: 9
[    0.416010] bits in OOB size: 4
[    0.416412] flash size with OOB: 135168 KiB
[    0.416711] page address bytes: 4
[    0.417171] sector address bytes: 3
[    0.417807] options: 0x42
[    0.422423] Scanning device for bad blocks
[    0.531725] Creating 11 MTD partitions on "NAND 128MiB 1,8V 8-bit":
[    0.533260] 0x000000000000-0x000000100000 : "NAND simulator partition 0"
[    0.537462] 0x000000100000-0x000000200000 : "NAND simulator partition 1"
[    0.539947] 0x000000200000-0x000000300000 : "NAND simulator partition 2"
[    0.542371] 0x000000300000-0x000000400000 : "NAND simulator partition 3"
[    0.544789] 0x000000400000-0x000000500000 : "NAND simulator partition 4"
[    0.547177] 0x000000500000-0x000000600000 : "NAND simulator partition 5"
[    0.549824] 0x000000600000-0x000000700000 : "NAND simulator partition 6"
[    0.552286] 0x000000700000-0x000000800000 : "NAND simulator partition 7"
[    0.554743] 0x000000800000-0x000000900000 : "NAND simulator partition 8"
[    0.557488] 0x000000900000-0x000000a00000 : "NAND simulator partition 9"
[    0.559929] 0x000000a00000-0x000008000000 : "NAND simulator partition 10"
[    0.565144] tun: Universal TUN/TAP device driver, 1.6
[    0.566072] tun: (C) 1999-2004 Max Krasnyansky <maxk@qualcomm.com>
[    0.580717] PPP generic driver version 2.4.2
[    0.582181] PPP BSD Compression module registered
[    0.583093] PPP Deflate Compression module registered
[    0.584133] PPP MPPE Compression module registered
[    0.585050] NET: Registered protocol family 24
[    0.586095] PPTP driver version 0.8.5
[    0.587619] usbcore: registered new interface driver usb-storage
[    0.590147] hidraw: raw HID events driver (C) Jiri Kosina
[    0.591579] usbcore: registered new interface driver usbhid
[    0.592600] usbhid: USB HID core driver
[    0.593717] Netfilter messages via NETLINK v0.30.
[    0.595102] nf_conntrack version 0.5.0 (3958 buckets, 15832 max)
[    0.597555] ctnetlink v0.93: registering with nfnetlink.
[    0.599756] ipip: IPv4 over IPv4 tunneling driver
[    0.602334] gre: GRE over IPv4 demultiplexor driver
[    0.603313] ip_gre: GRE over IPv4 tunneling driver
[    0.608301] ip_tables: (C) 2000-2006 Netfilter Core Team
[    0.610717] arp_tables: (C) 2002 David S. Miller
[    0.612537] Initializing XFRM netlink socket
[    0.613793] NET: Registered protocol family 10
[    0.620305] ip6_tables: (C) 2000-2006 Netfilter Core Team
[    0.622710] sit: IPv6 over IPv4 tunneling driver
[    0.626761] NET: Registered protocol family 17
[    0.628333] bridge: automatic filtering via arp/ip/ip6tables has been deprecated. Update your scripts to load br_netfilter if you need this.
[    0.630663] Bridge firewalling registered
[    0.631473] Ebtables v2.0 registered
[    0.633114] 8021q: 802.1Q VLAN Support v1.8
[    0.634426] Registering SWP/SWPB emulation handler
[    0.637080] hctosys: unable to open rtc device (rtc0)
[    0.647700] EXT4-fs (vda1): couldn't mount as ext3 due to feature incompatibilities
[    0.650616] EXT4-fs (vda1): mounting ext2 file system using the ext4 subsystem
[    0.660252] EXT4-fs (vda1): warning: mounting unchecked fs, running e2fsck is recommended
[    0.664059] EXT4-fs (vda1): mounted filesystem without journal. Opts: (null)
[    0.666219] VFS: Mounted root (ext2 filesystem) on device 254:1.
[    0.672157] Freeing unused kernel memory: 180K (c05c7000 - c05f4000)
[    0.734201] random: init urandom read with 4 bits of entropy available
[    0.750001] Kernel panic - not syncing: Attempted to kill init! exitcode=0x00001600
[    0.750001] 
[    0.751739] CPU: 0 PID: 1 Comm: init Tainted: G        W       4.1.17+ #1
[    0.752948] Hardware name: Generic DT based system
[    0.753851] [<c001c99c>] (unwind_backtrace) from [<c0019d30>] (show_stack+0x10/0x14)
[    0.755201] [<c0019d30>] (show_stack) from [<c0410b78>] (panic+0x70/0x1c8)
[    0.756437] [<c0410b78>] (panic) from [<c0025714>] (do_exit+0x3c0/0x774)
[    0.757760] [<c0025714>] (do_exit) from [<c0026718>] (do_group_exit+0x0/0xa8)
[    0.759025] [<c0026718>] (do_group_exit) from [<c0016d00>] (ret_fast_syscall+0x0/0x3c)
[    0.760012] ---[ end Kernel panic - not syncing: Attempted to kill init! exitcode=0x00001600
[    0.760012] 
