[    0.000000] Booting Linux on physical CPU 0x0
[    0.000000] Linux version 4.1.17+ (vagrant@vagrant-ubuntu-trusty-64) (gcc version 5.3.0 (GCC) ) #1 Thu Feb 18 01:05:21 UTC 2016
[    0.000000] CPU: ARMv7 Processor [412fc0f1] revision 1 (ARMv7), cr=10c5387d
[    0.000000] CPU: PIPT / VIPT nonaliasing data cache, PIPT instruction cache
[    0.000000] Machine model: linux,dummy-virt
[    0.000000] debug: ignoring loglevel setting.
[    0.000000] Memory policy: Data cache writeback
[    0.000000] On node 0 totalpages: 65536
[    0.000000] free_area_init_node: node 0, pgdat c061dfe8, node_mem_map cfdf9000
[    0.000000]   Normal zone: 512 pages used for memmap
[    0.000000]   Normal zone: 0 pages reserved
[    0.000000]   Normal zone: 65536 pages, LIFO batch:15
[    0.000000] CPU: All CPU(s) started in SVC mode.
[    0.000000] pcpu-alloc: s0 r0 d32768 u32768 alloc=1*32768
[    0.000000] pcpu-alloc: [0] 0 
[    0.000000] Built 1 zonelists in Zone order, mobility grouping on.  Total pages: 65024
[    0.000000] Kernel command line: root=/dev/vda1 console=ttyS0 nandsim.parts=64,64,64,64,64,64,64,64,64,64 rdinit=/firmadyne/preInit.sh rw debug ignore_loglevel print-fatal-signals=1 user_debug=31 firmadyne.syscall=0
[    0.000000] PID hash table entries: 1024 (order: 0, 4096 bytes)
[    0.000000] Dentry cache hash table entries: 32768 (order: 5, 131072 bytes)
[    0.000000] Inode-cache hash table entries: 16384 (order: 4, 65536 bytes)
[    0.000000] Memory: 253344K/262144K available (4297K kernel code, 170K rwdata, 1584K rodata, 180K init, 148K bss, 8800K reserved, 0K cma-reserved)
[    0.000000] Virtual kernel memory layout:
[    0.000000]     vector  : 0xffff0000 - 0xffff1000   (   4 kB)
[    0.000000]     fixmap  : 0xffc00000 - 0xfff00000   (3072 kB)
[    0.000000]     vmalloc : 0xd0800000 - 0xff000000   ( 744 MB)
[    0.000000]     lowmem  : 0xc0000000 - 0xd0000000   ( 256 MB)
[    0.000000]     modules : 0xbf000000 - 0xc0000000   (  16 MB)
[    0.000000]       .text : 0xc0008000 - 0xc05c67bc   (5882 kB)
[    0.000000]       .init : 0xc05c7000 - 0xc05f4000   ( 180 kB)
[    0.000000]       .data : 0xc05f4000 - 0xc061e840   ( 171 kB)
[    0.000000]        .bss : 0xc0621000 - 0xc06462d4   ( 149 kB)
[    0.000000] NR_IRQS:16 nr_irqs:16 16
[    0.000000] Architected cp15 timer(s) running at 62.50MHz (virt).
[    0.000000] clocksource arch_sys_counter: mask: 0xffffffffffffff max_cycles: 0x1cd42e208c, max_idle_ns: 881590405314 ns
[    0.000186] sched_clock: 56 bits at 62MHz, resolution 16ns, wraps every 4398046511096ns
[    0.000296] Switching to timer-based delay loop, resolution 16ns
[    0.002908] Console: colour dummy device 80x30
[    0.003413] Calibrating delay loop (skipped), value calculated using timer frequency.. 125.00 BogoMIPS (lpj=625000)
[    0.003515] pid_max: default: 32768 minimum: 301
[    0.004267] Mount-cache hash table entries: 1024 (order: 0, 4096 bytes)
[    0.004296] Mountpoint-cache hash table entries: 1024 (order: 0, 4096 bytes)
[    0.011772] CPU: Testing write buffer coherency: ok
[    0.016768] Setting up static identity map for 0x40008240 - 0x40008298
[    0.028713] VFP support v0.3: implementor 41 architecture 4 part 30 variant f rev 0
[    0.038615] clocksource jiffies: mask: 0xffffffff max_cycles: 0xffffffff, max_idle_ns: 19112604462750000 ns
[    0.046046] NET: Registered protocol family 16
[    0.048533] DMA: preallocated 256 KiB pool for atomic coherent allocations
[    0.051730] cpuidle: using governor ladder
[    0.051854] cpuidle: using governor menu
[    0.054938] genirq: Setting trigger mode 1 for irq 20 failed (gic_set_type+0x0/0x48)
[    0.056384] genirq: Setting trigger mode 1 for irq 21 failed (gic_set_type+0x0/0x48)
[    0.056666] genirq: Setting trigger mode 1 for irq 22 failed (gic_set_type+0x0/0x48)
[    0.056933] genirq: Setting trigger mode 1 for irq 23 failed (gic_set_type+0x0/0x48)
[    0.057198] genirq: Setting trigger mode 1 for irq 24 failed (gic_set_type+0x0/0x48)
[    0.057448] genirq: Setting trigger mode 1 for irq 25 failed (gic_set_type+0x0/0x48)
[    0.057685] genirq: Setting trigger mode 1 for irq 26 failed (gic_set_type+0x0/0x48)
[    0.057925] genirq: Setting trigger mode 1 for irq 27 failed (gic_set_type+0x0/0x48)
[    0.058261] genirq: Setting trigger mode 1 for irq 28 failed (gic_set_type+0x0/0x48)
[    0.058514] genirq: Setting trigger mode 1 for irq 29 failed (gic_set_type+0x0/0x48)
[    0.058749] genirq: Setting trigger mode 1 for irq 30 failed (gic_set_type+0x0/0x48)
[    0.058998] genirq: Setting trigger mode 1 for irq 31 failed (gic_set_type+0x0/0x48)
[    0.059232] genirq: Setting trigger mode 1 for irq 32 failed (gic_set_type+0x0/0x48)
[    0.059473] genirq: Setting trigger mode 1 for irq 33 failed (gic_set_type+0x0/0x48)
[    0.059704] genirq: Setting trigger mode 1 for irq 34 failed (gic_set_type+0x0/0x48)
[    0.059933] genirq: Setting trigger mode 1 for irq 35 failed (gic_set_type+0x0/0x48)
[    0.060182] genirq: Setting trigger mode 1 for irq 36 failed (gic_set_type+0x0/0x48)
[    0.060427] genirq: Setting trigger mode 1 for irq 37 failed (gic_set_type+0x0/0x48)
[    0.060729] genirq: Setting trigger mode 1 for irq 38 failed (gic_set_type+0x0/0x48)
[    0.060982] genirq: Setting trigger mode 1 for irq 39 failed (gic_set_type+0x0/0x48)
[    0.061223] genirq: Setting trigger mode 1 for irq 40 failed (gic_set_type+0x0/0x48)
[    0.061468] genirq: Setting trigger mode 1 for irq 41 failed (gic_set_type+0x0/0x48)
[    0.061721] genirq: Setting trigger mode 1 for irq 42 failed (gic_set_type+0x0/0x48)
[    0.061973] genirq: Setting trigger mode 1 for irq 43 failed (gic_set_type+0x0/0x48)
[    0.062231] genirq: Setting trigger mode 1 for irq 44 failed (gic_set_type+0x0/0x48)
[    0.062492] genirq: Setting trigger mode 1 for irq 45 failed (gic_set_type+0x0/0x48)
[    0.062737] genirq: Setting trigger mode 1 for irq 46 failed (gic_set_type+0x0/0x48)
[    0.063210] genirq: Setting trigger mode 1 for irq 47 failed (gic_set_type+0x0/0x48)
[    0.063496] genirq: Setting trigger mode 1 for irq 48 failed (gic_set_type+0x0/0x48)
[    0.063748] genirq: Setting trigger mode 1 for irq 49 failed (gic_set_type+0x0/0x48)
[    0.063989] genirq: Setting trigger mode 1 for irq 50 failed (gic_set_type+0x0/0x48)
[    0.064242] genirq: Setting trigger mode 1 for irq 51 failed (gic_set_type+0x0/0x48)
[    0.064678] genirq: Setting trigger mode 1 for irq 52 failed (gic_set_type+0x0/0x48)
[    0.067655] Serial: AMBA PL011 UART driver
[    0.069335] 9000000.pl011: ttyS0 at MMIO 0x9000000 (irq = 52, base_baud = 0) is a PL011 rev1
[    0.119498] console [ttyS0] enabled
[    0.138836] vgaarb: loaded
[    0.140618] SCSI subsystem initialized
[    0.142167] usbcore: registered new interface driver usbfs
[    0.143408] usbcore: registered new interface driver hub
[    0.144624] usbcore: registered new device driver usb
[    0.152930] cfg80211: Calling CRDA to update world regulatory domain
[    0.155977] Switched to clocksource arch_sys_counter
[    0.171108] NET: Registered protocol family 2
[    0.176114] TCP established hash table entries: 2048 (order: 1, 8192 bytes)
[    0.177519] TCP bind hash table entries: 2048 (order: 1, 8192 bytes)
[    0.178890] TCP: Hash tables configured (established 2048 bind 2048)
[    0.180453] UDP hash table entries: 256 (order: 0, 4096 bytes)
[    0.181642] UDP-Lite hash table entries: 256 (order: 0, 4096 bytes)
[    0.183874] NET: Registered protocol family 1
[    0.185083] PCI: CLS 0 bytes, default 64
[    0.191768] NetWinder Floating Point Emulator V0.97 (extended precision)
[    0.195018] futex hash table entries: 256 (order: -1, 3072 bytes)
[    0.200688] squashfs: version 4.0 (2009/01/31) Phillip Lougher
[    0.202904] jffs2: version 2.2. (NAND) Â© 2001-2006 Red Hat, Inc.
[    0.204678] romfs: ROMFS MTD (C) 2007 Red Hat, Inc.
[    0.212487] Block layer SCSI generic (bsg) driver version 0.4 loaded (major 253)
[    0.214019] io scheduler noop registered
[    0.214845] io scheduler cfq registered (default)
[    0.216488] firmadyne: devfs: 1, execute: 1, procfs: 1, syscall: 0
[    0.218708] ------------[ cut here ]------------
[    0.219609] WARNING: CPU: 0 PID: 1 at /home/vagrant/firmadyne-kernel/kernel-v4.1/fs/sysfs/dir.c:31 sysfs_warn_dup+0x50/0x6c()
[    0.221663] sysfs: cannot create duplicate filename '/class/gpio'
[    0.222774] Modules linked in:
[    0.223616] CPU: 0 PID: 1 Comm: swapper Not tainted 4.1.17+ #1
[    0.224680] Hardware name: Generic DT based system
[    0.226330] [<c001c99c>] (unwind_backtrace) from [<c0019d30>] (show_stack+0x10/0x14)
[    0.227866] [<c0019d30>] (show_stack) from [<c0024ab4>] (warn_slowpath_common+0x80/0xa8)
[    0.229356] [<c0024ab4>] (warn_slowpath_common) from [<c0024b08>] (warn_slowpath_fmt+0x2c/0x3c)
[    0.230967] [<c0024b08>] (warn_slowpath_fmt) from [<c00e363c>] (sysfs_warn_dup+0x50/0x6c)
[    0.232316] [<c00e363c>] (sysfs_warn_dup) from [<c00e3714>] (sysfs_create_dir_ns+0x74/0x84)
[    0.232981] [<c00e3714>] (sysfs_create_dir_ns) from [<c018e6ac>] (kobject_add_internal+0xb8/0x2ac)
[    0.233731] [<c018e6ac>] (kobject_add_internal) from [<c018e9a8>] (kset_register+0x1c/0x44)
[    0.234530] [<c018e9a8>] (kset_register) from [<c02090b4>] (__class_register+0xa8/0x198)
[    0.235306] [<c02090b4>] (__class_register) from [<c02091e4>] (__class_create+0x40/0x70)
[    0.236278] [<c02091e4>] (__class_create) from [<c01adf68>] (register_devfs_stubs+0x314/0xbb4)
[    0.244345] [<c01adf68>] (register_devfs_stubs) from [<c05d9b08>] (init_module+0x28/0xa4)
[    0.246802] [<c05d9b08>] (init_module) from [<c0009670>] (do_one_initcall+0x104/0x1b4)
[    0.248277] [<c0009670>] (do_one_initcall) from [<c05c7d08>] (kernel_init_freeable+0xf0/0x1b0)
[    0.249839] [<c05c7d08>] (kernel_init_freeable) from [<c040f28c>] (kernel_init+0x8/0xe4)
[    0.251275] [<c040f28c>] (kernel_init) from [<c0016da8>] (ret_from_fork+0x14/0x2c)
[    0.252775] ---[ end trace ddad989e38261cf2 ]---
[    0.254818] ------------[ cut here ]------------
[    0.255676] WARNING: CPU: 0 PID: 1 at /home/vagrant/firmadyne-kernel/kernel-v4.1/lib/kobject.c:240 kobject_add_internal+0x240/0x2ac()
[    0.258164] kobject_add_internal failed for gpio with -EEXIST, don't try to register things with the same name in the same directory.
[    0.260290] Modules linked in:
[    0.260961] CPU: 0 PID: 1 Comm: swapper Tainted: G        W       4.1.17+ #1
[    0.261618] Hardware name: Generic DT based system
[    0.262691] [<c001c99c>] (unwind_backtrace) from [<c0019d30>] (show_stack+0x10/0x14)
[    0.264099] [<c0019d30>] (show_stack) from [<c0024ab4>] (warn_slowpath_common+0x80/0xa8)
[    0.265401] [<c0024ab4>] (warn_slowpath_common) from [<c0024b08>] (warn_slowpath_fmt+0x2c/0x3c)
[    0.266388] [<c0024b08>] (warn_slowpath_fmt) from [<c018e834>] (kobject_add_internal+0x240/0x2ac)
[    0.267407] [<c018e834>] (kobject_add_internal) from [<c018e9a8>] (kset_register+0x1c/0x44)
[    0.268111] [<c018e9a8>] (kset_register) from [<c02090b4>] (__class_register+0xa8/0x198)
[    0.268851] [<c02090b4>] (__class_register) from [<c02091e4>] (__class_create+0x40/0x70)
[    0.269553] [<c02091e4>] (__class_create) from [<c01adf68>] (register_devfs_stubs+0x314/0xbb4)
[    0.270445] [<c01adf68>] (register_devfs_stubs) from [<c05d9b08>] (init_module+0x28/0xa4)
[    0.271128] [<c05d9b08>] (init_module) from [<c0009670>] (do_one_initcall+0x104/0x1b4)
[    0.271975] [<c0009670>] (do_one_initcall) from [<c05c7d08>] (kernel_init_freeable+0xf0/0x1b0)
[    0.272624] [<c05c7d08>] (kernel_init_freeable) from [<c040f28c>] (kernel_init+0x8/0xe4)
[    0.273439] [<c040f28c>] (kernel_init) from [<c0016da8>] (ret_from_fork+0x14/0x2c)
[    0.274157] ---[ end trace ddad989e38261cf3 ]---
[    0.275085] firmadyne: Cannot create device class: gpio!
[    0.278197] firmadyne: Cannot register character device: watchdog, 0xa, 0x82!
[    0.279554] firmadyne: Cannot register character device: wdt, 0xfd, 0x0!
[    0.374588] Non-volatile memory driver v1.3
[    0.393947] brd: module loaded
[    0.402488] loop: module loaded
[    0.412301]  vda: vda1
[    0.416903] [nandsim] warning: read_byte: unexpected data output cycle, state is STATE_READY return 0x0
[    0.418651] [nandsim] warning: read_byte: unexpected data output cycle, state is STATE_READY return 0x0
[    0.420310] [nandsim] warning: read_byte: unexpected data output cycle, state is STATE_READY return 0x0
[    0.422010] [nandsim] warning: read_byte: unexpected data output cycle, state is STATE_READY return 0x0
[    0.423648] [nandsim] warning: read_byte: unexpected data output cycle, state is STATE_READY return 0x0
[    0.424711] [nandsim] warning: read_byte: unexpected data output cycle, state is STATE_READY return 0x0
[    0.425992] nand: device found, Manufacturer ID: 0x98, Chip ID: 0x39
[    0.427169] nand: Toshiba NAND 128MiB 1,8V 8-bit
[    0.427784] nand: 128 MiB, SLC, erase size: 16 KiB, page size: 512, OOB size: 16
[    0.429233] flash size: 128 MiB
[    0.429841] page size: 512 bytes
[    0.430422] OOB area size: 16 bytes
[    0.431072] sector size: 16 KiB
[    0.431638] pages number: 262144
[    0.432223] pages per sector: 32
[    0.432557] bus width: 8
[    0.432641] bits in sector size: 14
[    0.433252] bits in page size: 9
[    0.433348] bits in OOB size: 4
[    0.433838] flash size with OOB: 135168 KiB
[    0.434240] page address bytes: 4
[    0.434579] sector address bytes: 3
[    0.434777] options: 0x42
[    0.439173] Scanning device for bad blocks
[    0.547502] Creating 11 MTD partitions on "NAND 128MiB 1,8V 8-bit":
[    0.549079] 0x000000000000-0x000000100000 : "NAND simulator partition 0"
[    0.553030] 0x000000100000-0x000000200000 : "NAND simulator partition 1"
[    0.555495] 0x000000200000-0x000000300000 : "NAND simulator partition 2"
[    0.558177] 0x000000300000-0x000000400000 : "NAND simulator partition 3"
[    0.560603] 0x000000400000-0x000000500000 : "NAND simulator partition 4"
[    0.562999] 0x000000500000-0x000000600000 : "NAND simulator partition 5"
[    0.565485] 0x000000600000-0x000000700000 : "NAND simulator partition 6"
[    0.568151] 0x000000700000-0x000000800000 : "NAND simulator partition 7"
[    0.570618] 0x000000800000-0x000000900000 : "NAND simulator partition 8"
[    0.573174] 0x000000900000-0x000000a00000 : "NAND simulator partition 9"
[    0.575594] 0x000000a00000-0x000008000000 : "NAND simulator partition 10"
[    0.581093] tun: Universal TUN/TAP device driver, 1.6
[    0.582071] tun: (C) 1999-2004 Max Krasnyansky <maxk@qualcomm.com>
[    0.596130] PPP generic driver version 2.4.2
[    0.597603] PPP BSD Compression module registered
[    0.598566] PPP Deflate Compression module registered
[    0.599572] PPP MPPE Compression module registered
[    0.600495] NET: Registered protocol family 24
[    0.601557] PPTP driver version 0.8.5
[    0.602904] usbcore: registered new interface driver usb-storage
[    0.614136] hidraw: raw HID events driver (C) Jiri Kosina
[    0.620843] usbcore: registered new interface driver usbhid
[    0.621772] usbhid: USB HID core driver
[    0.622856] Netfilter messages via NETLINK v0.30.
[    0.624314] nf_conntrack version 0.5.0 (3958 buckets, 15832 max)
[    0.626826] ctnetlink v0.93: registering with nfnetlink.
[    0.629092] ipip: IPv4 over IPv4 tunneling driver
[    0.631756] gre: GRE over IPv4 demultiplexor driver
[    0.632766] ip_gre: GRE over IPv4 tunneling driver
[    0.637806] ip_tables: (C) 2000-2006 Netfilter Core Team
[    0.640294] arp_tables: (C) 2002 David S. Miller
[    0.642132] Initializing XFRM netlink socket
[    0.643378] NET: Registered protocol family 10
[    0.651372] ip6_tables: (C) 2000-2006 Netfilter Core Team
[    0.653808] sit: IPv6 over IPv4 tunneling driver
[    0.658671] NET: Registered protocol family 17
[    0.660034] bridge: automatic filtering via arp/ip/ip6tables has been deprecated. Update your scripts to load br_netfilter if you need this.
[    0.662411] Bridge firewalling registered
[    0.663185] Ebtables v2.0 registered
[    0.664880] 8021q: 802.1Q VLAN Support v1.8
[    0.666426] Registering SWP/SWPB emulation handler
[    0.669148] hctosys: unable to open rtc device (rtc0)
[    0.679512] EXT4-fs (vda1): couldn't mount as ext3 due to feature incompatibilities
[    0.682513] EXT4-fs (vda1): mounting ext2 file system using the ext4 subsystem
[    0.692071] EXT4-fs (vda1): warning: mounting unchecked fs, running e2fsck is recommended
[    0.696110] EXT4-fs (vda1): mounted filesystem without journal. Opts: (null)
[    0.698277] VFS: Mounted root (ext2 filesystem) on device 254:1.
[    0.704043] Freeing unused kernel memory: 180K (c05c7000 - c05f4000)
[    0.772072] random: init urandom read with 4 bits of entropy available
[    0.783603] Kernel panic - not syncing: Attempted to kill init! exitcode=0x00001600
[    0.783603] 
[    0.785400] CPU: 0 PID: 1 Comm: init Tainted: G        W       4.1.17+ #1
[    0.786699] Hardware name: Generic DT based system
[    0.787649] [<c001c99c>] (unwind_backtrace) from [<c0019d30>] (show_stack+0x10/0x14)
[    0.789077] [<c0019d30>] (show_stack) from [<c0410b78>] (panic+0x70/0x1c8)
[    0.790320] [<c0410b78>] (panic) from [<c0025714>] (do_exit+0x3c0/0x774)
[    0.791498] [<c0025714>] (do_exit) from [<c0026760>] (do_group_exit+0x48/0xa8)
[    0.792406] [<c0026760>] (do_group_exit) from [<c00267d0>] (__wake_up_parent+0x0/0x18)
[    0.793411] ---[ end Kernel panic - not syncing: Attempted to kill init! exitcode=0x00001600
[    0.793411] 
