[    0.000000] Booting Linux on physical CPU 0x0
[    0.000000] Linux version 4.1.17+ (vagrant@vagrant-ubuntu-trusty-64) (gcc version 5.3.0 (GCC) ) #1 Thu Feb 18 01:05:21 UTC 2016
[    0.000000] CPU: ARMv7 Processor [412fc0f1] revision 1 (ARMv7), cr=10c5387d
[    0.000000] CPU: PIPT / VIPT nonaliasing data cache, PIPT instruction cache
[    0.000000] Machine model: linux,dummy-virt
[    0.000000] debug: ignoring loglevel setting.
[    0.000000] Memory policy: Data cache writeback
[    0.000000] On node 0 totalpages: 65536
[    0.000000] free_area_init_node: node 0, pgdat c061dfe8, node_mem_map cfdf9000
[    0.000000]   Normal zone: 512 pages used for memmap
[    0.000000]   Normal zone: 0 pages reserved
[    0.000000]   Normal zone: 65536 pages, LIFO batch:15
[    0.000000] CPU: All CPU(s) started in SVC mode.
[    0.000000] pcpu-alloc: s0 r0 d32768 u32768 alloc=1*32768
[    0.000000] pcpu-alloc: [0] 0 
[    0.000000] Built 1 zonelists in Zone order, mobility grouping on.  Total pages: 65024
[    0.000000] Kernel command line: firmadyne.syscall=1 root=/dev/vda1 console=ttyS0 nandsim.parts=64,64,64,64,64,64,64,64,64,64 rdinit=/firmadyne/preInit.sh rw debug ignore_loglevel print-fatal-signals=1 user_debug=31
[    0.000000] PID hash table entries: 1024 (order: 0, 4096 bytes)
[    0.000000] Dentry cache hash table entries: 32768 (order: 5, 131072 bytes)
[    0.000000] Inode-cache hash table entries: 16384 (order: 4, 65536 bytes)
[    0.000000] Memory: 253344K/262144K available (4297K kernel code, 170K rwdata, 1584K rodata, 180K init, 148K bss, 8800K reserved, 0K cma-reserved)
[    0.000000] Virtual kernel memory layout:
[    0.000000]     vector  : 0xffff0000 - 0xffff1000   (   4 kB)
[    0.000000]     fixmap  : 0xffc00000 - 0xfff00000   (3072 kB)
[    0.000000]     vmalloc : 0xd0800000 - 0xff000000   ( 744 MB)
[    0.000000]     lowmem  : 0xc0000000 - 0xd0000000   ( 256 MB)
[    0.000000]     modules : 0xbf000000 - 0xc0000000   (  16 MB)
[    0.000000]       .text : 0xc0008000 - 0xc05c67bc   (5882 kB)
[    0.000000]       .init : 0xc05c7000 - 0xc05f4000   ( 180 kB)
[    0.000000]       .data : 0xc05f4000 - 0xc061e840   ( 171 kB)
[    0.000000]        .bss : 0xc0621000 - 0xc06462d4   ( 149 kB)
[    0.000000] NR_IRQS:16 nr_irqs:16 16
[    0.000000] Architected cp15 timer(s) running at 62.50MHz (virt).
[    0.000000] clocksource arch_sys_counter: mask: 0xffffffffffffff max_cycles: 0x1cd42e208c, max_idle_ns: 881590405314 ns
[    0.000137] sched_clock: 56 bits at 62MHz, resolution 16ns, wraps every 4398046511096ns
[    0.000246] Switching to timer-based delay loop, resolution 16ns
[    0.002857] Console: colour dummy device 80x30
[    0.003149] Calibrating delay loop (skipped), value calculated using timer frequency.. 125.00 BogoMIPS (lpj=625000)
[    0.003260] pid_max: default: 32768 minimum: 301
[    0.004079] Mount-cache hash table entries: 1024 (order: 0, 4096 bytes)
[    0.004110] Mountpoint-cache hash table entries: 1024 (order: 0, 4096 bytes)
[    0.012560] CPU: Testing write buffer coherency: ok
[    0.017598] Setting up static identity map for 0x40008240 - 0x40008298
[    0.029772] VFP support v0.3: implementor 41 architecture 4 part 30 variant f rev 0
[    0.039819] clocksource jiffies: mask: 0xffffffff max_cycles: 0xffffffff, max_idle_ns: 19112604462750000 ns
[    0.047320] NET: Registered protocol family 16
[    0.049867] DMA: preallocated 256 KiB pool for atomic coherent allocations
[    0.053328] cpuidle: using governor ladder
[    0.053458] cpuidle: using governor menu
[    0.056392] genirq: Setting trigger mode 1 for irq 20 failed (gic_set_type+0x0/0x48)
[    0.057852] genirq: Setting trigger mode 1 for irq 21 failed (gic_set_type+0x0/0x48)
[    0.058117] genirq: Setting trigger mode 1 for irq 22 failed (gic_set_type+0x0/0x48)
[    0.058378] genirq: Setting trigger mode 1 for irq 23 failed (gic_set_type+0x0/0x48)
[    0.058640] genirq: Setting trigger mode 1 for irq 24 failed (gic_set_type+0x0/0x48)
[    0.058888] genirq: Setting trigger mode 1 for irq 25 failed (gic_set_type+0x0/0x48)
[    0.059147] genirq: Setting trigger mode 1 for irq 26 failed (gic_set_type+0x0/0x48)
[    0.059389] genirq: Setting trigger mode 1 for irq 27 failed (gic_set_type+0x0/0x48)
[    0.059740] genirq: Setting trigger mode 1 for irq 28 failed (gic_set_type+0x0/0x48)
[    0.060028] genirq: Setting trigger mode 1 for irq 29 failed (gic_set_type+0x0/0x48)
[    0.060266] genirq: Setting trigger mode 1 for irq 30 failed (gic_set_type+0x0/0x48)
[    0.060516] genirq: Setting trigger mode 1 for irq 31 failed (gic_set_type+0x0/0x48)
[    0.060747] genirq: Setting trigger mode 1 for irq 32 failed (gic_set_type+0x0/0x48)
[    0.060986] genirq: Setting trigger mode 1 for irq 33 failed (gic_set_type+0x0/0x48)
[    0.061214] genirq: Setting trigger mode 1 for irq 34 failed (gic_set_type+0x0/0x48)
[    0.061441] genirq: Setting trigger mode 1 for irq 35 failed (gic_set_type+0x0/0x48)
[    0.061677] genirq: Setting trigger mode 1 for irq 36 failed (gic_set_type+0x0/0x48)
[    0.061916] genirq: Setting trigger mode 1 for irq 37 failed (gic_set_type+0x0/0x48)
[    0.062194] genirq: Setting trigger mode 1 for irq 38 failed (gic_set_type+0x0/0x48)
[    0.062442] genirq: Setting trigger mode 1 for irq 39 failed (gic_set_type+0x0/0x48)
[    0.062679] genirq: Setting trigger mode 1 for irq 40 failed (gic_set_type+0x0/0x48)
[    0.062924] genirq: Setting trigger mode 1 for irq 41 failed (gic_set_type+0x0/0x48)
[    0.063409] genirq: Setting trigger mode 1 for irq 42 failed (gic_set_type+0x0/0x48)
[    0.063685] genirq: Setting trigger mode 1 for irq 43 failed (gic_set_type+0x0/0x48)
[    0.063995] genirq: Setting trigger mode 1 for irq 44 failed (gic_set_type+0x0/0x48)
[    0.064263] genirq: Setting trigger mode 1 for irq 45 failed (gic_set_type+0x0/0x48)
[    0.064510] genirq: Setting trigger mode 1 for irq 46 failed (gic_set_type+0x0/0x48)
[    0.064796] genirq: Setting trigger mode 1 for irq 47 failed (gic_set_type+0x0/0x48)
[    0.065049] genirq: Setting trigger mode 1 for irq 48 failed (gic_set_type+0x0/0x48)
[    0.065291] genirq: Setting trigger mode 1 for irq 49 failed (gic_set_type+0x0/0x48)
[    0.065527] genirq: Setting trigger mode 1 for irq 50 failed (gic_set_type+0x0/0x48)
[    0.065762] genirq: Setting trigger mode 1 for irq 51 failed (gic_set_type+0x0/0x48)
[    0.066171] genirq: Setting trigger mode 1 for irq 52 failed (gic_set_type+0x0/0x48)
[    0.069243] Serial: AMBA PL011 UART driver
[    0.070886] 9000000.pl011: ttyS0 at MMIO 0x9000000 (irq = 52, base_baud = 0) is a PL011 rev1
[    0.096358] console [ttyS0] enabled
[    0.115294] vgaarb: loaded
[    0.116568] SCSI subsystem initialized
[    0.117455] usbcore: registered new interface driver usbfs
[    0.117854] usbcore: registered new interface driver hub
[    0.118269] usbcore: registered new device driver usb
[    0.125841] cfg80211: Calling CRDA to update world regulatory domain
[    0.127904] Switched to clocksource arch_sys_counter
[    0.142345] NET: Registered protocol family 2
[    0.146397] TCP established hash table entries: 2048 (order: 1, 8192 bytes)
[    0.146778] TCP bind hash table entries: 2048 (order: 1, 8192 bytes)
[    0.147208] TCP: Hash tables configured (established 2048 bind 2048)
[    0.148100] UDP hash table entries: 256 (order: 0, 4096 bytes)
[    0.148454] UDP-Lite hash table entries: 256 (order: 0, 4096 bytes)
[    0.149764] NET: Registered protocol family 1
[    0.150221] PCI: CLS 0 bytes, default 64
[    0.156146] NetWinder Floating Point Emulator V0.97 (extended precision)
[    0.158573] futex hash table entries: 256 (order: -1, 3072 bytes)
[    0.163099] squashfs: version 4.0 (2009/01/31) Phillip Lougher
[    0.164124] jffs2: version 2.2. (NAND) Â© 2001-2006 Red Hat, Inc.
[    0.164923] romfs: ROMFS MTD (C) 2007 Red Hat, Inc.
[    0.172420] Block layer SCSI generic (bsg) driver version 0.4 loaded (major 253)
[    0.172842] io scheduler noop registered
[    0.173118] io scheduler cfq registered (default)
[    0.173777] firmadyne: devfs: 1, execute: 1, procfs: 1, syscall: 1
[    0.174940] ------------[ cut here ]------------
[    0.175182] WARNING: CPU: 0 PID: 1 at /home/vagrant/firmadyne-kernel/kernel-v4.1/fs/sysfs/dir.c:31 sysfs_warn_dup+0x50/0x6c()
[    0.175647] sysfs: cannot create duplicate filename '/class/gpio'
[    0.175957] Modules linked in:
[    0.176288] CPU: 0 PID: 1 Comm: swapper Not tainted 4.1.17+ #1
[    0.176543] Hardware name: Generic DT based system
[    0.177235] [<c001c99c>] (unwind_backtrace) from [<c0019d30>] (show_stack+0x10/0x14)
[    0.177874] [<c0019d30>] (show_stack) from [<c0024ab4>] (warn_slowpath_common+0x80/0xa8)
[    0.178244] [<c0024ab4>] (warn_slowpath_common) from [<c0024b08>] (warn_slowpath_fmt+0x2c/0x3c)
[    0.178661] [<c0024b08>] (warn_slowpath_fmt) from [<c00e363c>] (sysfs_warn_dup+0x50/0x6c)
[    0.179040] [<c00e363c>] (sysfs_warn_dup) from [<c00e3714>] (sysfs_create_dir_ns+0x74/0x84)
[    0.179398] [<c00e3714>] (sysfs_create_dir_ns) from [<c018e6ac>] (kobject_add_internal+0xb8/0x2ac)
[    0.179791] [<c018e6ac>] (kobject_add_internal) from [<c018e9a8>] (kset_register+0x1c/0x44)
[    0.180157] [<c018e9a8>] (kset_register) from [<c02090b4>] (__class_register+0xa8/0x198)
[    0.180502] [<c02090b4>] (__class_register) from [<c02091e4>] (__class_create+0x40/0x70)
[    0.180847] [<c02091e4>] (__class_create) from [<c01adf68>] (register_devfs_stubs+0x314/0xbb4)
[    0.181213] [<c01adf68>] (register_devfs_stubs) from [<c05d9b08>] (init_module+0x28/0xa4)
[    0.181588] [<c05d9b08>] (init_module) from [<c0009670>] (do_one_initcall+0x104/0x1b4)
[    0.181928] [<c0009670>] (do_one_initcall) from [<c05c7d08>] (kernel_init_freeable+0xf0/0x1b0)
[    0.182293] [<c05c7d08>] (kernel_init_freeable) from [<c040f28c>] (kernel_init+0x8/0xe4)
[    0.182632] [<c040f28c>] (kernel_init) from [<c0016da8>] (ret_from_fork+0x14/0x2c)
[    0.183022] ---[ end trace ec3e59bee0c3da55 ]---
[    0.183293] ------------[ cut here ]------------
[    0.183504] WARNING: CPU: 0 PID: 1 at /home/vagrant/firmadyne-kernel/kernel-v4.1/lib/kobject.c:240 kobject_add_internal+0x240/0x2ac()
[    0.184047] kobject_add_internal failed for gpio with -EEXIST, don't try to register things with the same name in the same directory.
[    0.184525] Modules linked in:
[    0.184724] CPU: 0 PID: 1 Comm: swapper Tainted: G        W       4.1.17+ #1
[    0.185012] Hardware name: Generic DT based system
[    0.185234] [<c001c99c>] (unwind_backtrace) from [<c0019d30>] (show_stack+0x10/0x14)
[    0.185567] [<c0019d30>] (show_stack) from [<c0024ab4>] (warn_slowpath_common+0x80/0xa8)
[    0.185916] [<c0024ab4>] (warn_slowpath_common) from [<c0024b08>] (warn_slowpath_fmt+0x2c/0x3c)
[    0.186287] [<c0024b08>] (warn_slowpath_fmt) from [<c018e834>] (kobject_add_internal+0x240/0x2ac)
[    0.186662] [<c018e834>] (kobject_add_internal) from [<c018e9a8>] (kset_register+0x1c/0x44)
[    0.187025] [<c018e9a8>] (kset_register) from [<c02090b4>] (__class_register+0xa8/0x198)
[    0.187368] [<c02090b4>] (__class_register) from [<c02091e4>] (__class_create+0x40/0x70)
[    0.187944] [<c02091e4>] (__class_create) from [<c01adf68>] (register_devfs_stubs+0x314/0xbb4)
[    0.188317] [<c01adf68>] (register_devfs_stubs) from [<c05d9b08>] (init_module+0x28/0xa4)
[    0.188666] [<c05d9b08>] (init_module) from [<c0009670>] (do_one_initcall+0x104/0x1b4)
[    0.189030] [<c0009670>] (do_one_initcall) from [<c05c7d08>] (kernel_init_freeable+0xf0/0x1b0)
[    0.189397] [<c05c7d08>] (kernel_init_freeable) from [<c040f28c>] (kernel_init+0x8/0xe4)
[    0.189736] [<c040f28c>] (kernel_init) from [<c0016da8>] (ret_from_fork+0x14/0x2c)
[    0.190069] ---[ end trace ec3e59bee0c3da56 ]---
[    0.190314] firmadyne: Cannot create device class: gpio!
[    0.191765] firmadyne: Cannot register character device: watchdog, 0xa, 0x82!
[    0.192104] firmadyne: Cannot register character device: wdt, 0xfd, 0x0!
[    0.287421] Non-volatile memory driver v1.3
[    0.308003] brd: module loaded
[    0.316038] loop: module loaded
[    0.324305]  vda: vda1
[    0.328424] [nandsim] warning: read_byte: unexpected data output cycle, state is STATE_READY return 0x0
[    0.328840] [nandsim] warning: read_byte: unexpected data output cycle, state is STATE_READY return 0x0
[    0.329222] [nandsim] warning: read_byte: unexpected data output cycle, state is STATE_READY return 0x0
[    0.329602] [nandsim] warning: read_byte: unexpected data output cycle, state is STATE_READY return 0x0
[    0.329981] [nandsim] warning: read_byte: unexpected data output cycle, state is STATE_READY return 0x0
[    0.330359] [nandsim] warning: read_byte: unexpected data output cycle, state is STATE_READY return 0x0
[    0.330989] nand: device found, Manufacturer ID: 0x98, Chip ID: 0x39
[    0.331274] nand: Toshiba NAND 128MiB 1,8V 8-bit
[    0.331492] nand: 128 MiB, SLC, erase size: 16 KiB, page size: 512, OOB size: 16
[    0.332443] flash size: 128 MiB
[    0.332591] page size: 512 bytes
[    0.332735] OOB area size: 16 bytes
[    0.332890] sector size: 16 KiB
[    0.333029] pages number: 262144
[    0.333171] pages per sector: 32
[    0.333312] bus width: 8
[    0.333428] bits in sector size: 14
[    0.333580] bits in page size: 9
[    0.333725] bits in OOB size: 4
[    0.333868] flash size with OOB: 135168 KiB
[    0.334047] page address bytes: 4
[    0.334196] sector address bytes: 3
[    0.334349] options: 0x42
[    0.338733] Scanning device for bad blocks
[    0.464597] Creating 11 MTD partitions on "NAND 128MiB 1,8V 8-bit":
[    0.465124] 0x000000000000-0x000000100000 : "NAND simulator partition 0"
[    0.468304] 0x000000100000-0x000000200000 : "NAND simulator partition 1"
[    0.469658] 0x000000200000-0x000000300000 : "NAND simulator partition 2"
[    0.470976] 0x000000300000-0x000000400000 : "NAND simulator partition 3"
[    0.472364] 0x000000400000-0x000000500000 : "NAND simulator partition 4"
[    0.473662] 0x000000500000-0x000000600000 : "NAND simulator partition 5"
[    0.475041] 0x000000600000-0x000000700000 : "NAND simulator partition 6"
[    0.476414] 0x000000700000-0x000000800000 : "NAND simulator partition 7"
[    0.478069] 0x000000800000-0x000000900000 : "NAND simulator partition 8"
[    0.479557] 0x000000900000-0x000000a00000 : "NAND simulator partition 9"
[    0.480931] 0x000000a00000-0x000008000000 : "NAND simulator partition 10"
[    0.485205] tun: Universal TUN/TAP device driver, 1.6
[    0.485441] tun: (C) 1999-2004 Max Krasnyansky <maxk@qualcomm.com>
[    0.503224] PPP generic driver version 2.4.2
[    0.503960] PPP BSD Compression module registered
[    0.504212] PPP Deflate Compression module registered
[    0.504515] PPP MPPE Compression module registered
[    0.504758] NET: Registered protocol family 24
[    0.505121] PPTP driver version 0.8.5
[    0.505819] usbcore: registered new interface driver usb-storage
[    0.507405] hidraw: raw HID events driver (C) Jiri Kosina
[    0.508242] usbcore: registered new interface driver usbhid
[    0.508490] usbhid: USB HID core driver
[    0.508963] Netfilter messages via NETLINK v0.30.
[    0.509589] nf_conntrack version 0.5.0 (3958 buckets, 15832 max)
[    0.510880] ctnetlink v0.93: registering with nfnetlink.
[    0.512266] ipip: IPv4 over IPv4 tunneling driver
[    0.514112] gre: GRE over IPv4 demultiplexor driver
[    0.514366] ip_gre: GRE over IPv4 tunneling driver
[    0.518677] ip_tables: (C) 2000-2006 Netfilter Core Team
[    0.520264] arp_tables: (C) 2002 David S. Miller
[    0.521312] Initializing XFRM netlink socket
[    0.521839] NET: Registered protocol family 10
[    0.527922] ip6_tables: (C) 2000-2006 Netfilter Core Team
[    0.529429] sit: IPv6 over IPv4 tunneling driver
[    0.532758] NET: Registered protocol family 17
[    0.533391] bridge: automatic filtering via arp/ip/ip6tables has been deprecated. Update your scripts to load br_netfilter if you need this.
[    0.533983] Bridge firewalling registered
[    0.534200] Ebtables v2.0 registered
[    0.535249] 8021q: 802.1Q VLAN Support v1.8
[    0.535893] Registering SWP/SWPB emulation handler
[    0.538253] hctosys: unable to open rtc device (rtc0)
[    0.547473] EXT4-fs (vda1): couldn't mount as ext3 due to feature incompatibilities
[    0.549583] EXT4-fs (vda1): mounting ext2 file system using the ext4 subsystem
[    0.561165] EXT4-fs (vda1): mounted filesystem without journal. Opts: (null)
[    0.562297] VFS: Mounted root (ext2 filesystem) on device 254:1.
[    0.567245] Freeing unused kernel memory: 180K (c05c7000 - c05f4000)
[    0.633239] random: init urandom read with 4 bits of entropy available
[    0.644177] Kernel panic - not syncing: Attempted to kill init! exitcode=0x00001600
[    0.644177] 
[    0.644606] CPU: 0 PID: 1 Comm: init Tainted: G        W       4.1.17+ #1
[    0.644889] Hardware name: Generic DT based system
[    0.645137] [<c001c99c>] (unwind_backtrace) from [<c0019d30>] (show_stack+0x10/0x14)
[    0.645475] [<c0019d30>] (show_stack) from [<c0410b78>] (panic+0x70/0x1c8)
[    0.645778] [<c0410b78>] (panic) from [<c0025714>] (do_exit+0x3c0/0x774)
[    0.646067] [<c0025714>] (do_exit) from [<c0026760>] (do_group_exit+0x48/0xa8)
[    0.646377] [<c0026760>] (do_group_exit) from [<c00267d0>] (__wake_up_parent+0x0/0x18)
[    0.646872] ---[ end Kernel panic - not syncing: Attempted to kill init! exitcode=0x00001600
[    0.646872] 
