[    0.000000] Booting Linux on physical CPU 0x0
[    0.000000] Linux version 4.1.17+ (vagrant@vagrant-ubuntu-trusty-64) (gcc version 5.3.0 (GCC) ) #1 Thu Feb 18 01:05:21 UTC 2016
[    0.000000] CPU: ARMv7 Processor [412fc0f1] revision 1 (ARMv7), cr=10c5387d
[    0.000000] CPU: PIPT / VIPT nonaliasing data cache, PIPT instruction cache
[    0.000000] Machine model: linux,dummy-virt
[    0.000000] debug: ignoring loglevel setting.
[    0.000000] Memory policy: Data cache writeback
[    0.000000] On node 0 totalpages: 65536
[    0.000000] free_area_init_node: node 0, pgdat c061dfe8, node_mem_map cfdf9000
[    0.000000]   Normal zone: 512 pages used for memmap
[    0.000000]   Normal zone: 0 pages reserved
[    0.000000]   Normal zone: 65536 pages, LIFO batch:15
[    0.000000] CPU: All CPU(s) started in SVC mode.
[    0.000000] pcpu-alloc: s0 r0 d32768 u32768 alloc=1*32768
[    0.000000] pcpu-alloc: [0] 0 
[    0.000000] Built 1 zonelists in Zone order, mobility grouping on.  Total pages: 65024
[    0.000000] Kernel command line: firmadyne.syscall=1 root=/dev/vda1 console=ttyS0 nandsim.parts=64,64,64,64,64,64,64,64,64,64 rdinit=/firmadyne/preInit.sh rw debug ignore_loglevel print-fatal-signals=1 user_debug=31
[    0.000000] PID hash table entries: 1024 (order: 0, 4096 bytes)
[    0.000000] Dentry cache hash table entries: 32768 (order: 5, 131072 bytes)
[    0.000000] Inode-cache hash table entries: 16384 (order: 4, 65536 bytes)
[    0.000000] Memory: 253344K/262144K available (4297K kernel code, 170K rwdata, 1584K rodata, 180K init, 148K bss, 8800K reserved, 0K cma-reserved)
[    0.000000] Virtual kernel memory layout:
[    0.000000]     vector  : 0xffff0000 - 0xffff1000   (   4 kB)
[    0.000000]     fixmap  : 0xffc00000 - 0xfff00000   (3072 kB)
[    0.000000]     vmalloc : 0xd0800000 - 0xff000000   ( 744 MB)
[    0.000000]     lowmem  : 0xc0000000 - 0xd0000000   ( 256 MB)
[    0.000000]     modules : 0xbf000000 - 0xc0000000   (  16 MB)
[    0.000000]       .text : 0xc0008000 - 0xc05c67bc   (5882 kB)
[    0.000000]       .init : 0xc05c7000 - 0xc05f4000   ( 180 kB)
[    0.000000]       .data : 0xc05f4000 - 0xc061e840   ( 171 kB)
[    0.000000]        .bss : 0xc0621000 - 0xc06462d4   ( 149 kB)
[    0.000000] NR_IRQS:16 nr_irqs:16 16
[    0.000000] Architected cp15 timer(s) running at 62.50MHz (virt).
[    0.000000] clocksource arch_sys_counter: mask: 0xffffffffffffff max_cycles: 0x1cd42e208c, max_idle_ns: 881590405314 ns
[    0.000135] sched_clock: 56 bits at 62MHz, resolution 16ns, wraps every 4398046511096ns
[    0.000241] Switching to timer-based delay loop, resolution 16ns
[    0.002829] Console: colour dummy device 80x30
[    0.003098] Calibrating delay loop (skipped), value calculated using timer frequency.. 125.00 BogoMIPS (lpj=625000)
[    0.003202] pid_max: default: 32768 minimum: 301
[    0.004603] Mount-cache hash table entries: 1024 (order: 0, 4096 bytes)
[    0.004634] Mountpoint-cache hash table entries: 1024 (order: 0, 4096 bytes)
[    0.012057] CPU: Testing write buffer coherency: ok
[    0.017002] Setting up static identity map for 0x40008240 - 0x40008298
[    0.028883] VFP support v0.3: implementor 41 architecture 4 part 30 variant f rev 0
[    0.038839] clocksource jiffies: mask: 0xffffffff max_cycles: 0xffffffff, max_idle_ns: 19112604462750000 ns
[    0.046406] NET: Registered protocol family 16
[    0.049098] DMA: preallocated 256 KiB pool for atomic coherent allocations
[    0.052373] cpuidle: using governor ladder
[    0.052499] cpuidle: using governor menu
[    0.055572] genirq: Setting trigger mode 1 for irq 20 failed (gic_set_type+0x0/0x48)
[    0.057041] genirq: Setting trigger mode 1 for irq 21 failed (gic_set_type+0x0/0x48)
[    0.057303] genirq: Setting trigger mode 1 for irq 22 failed (gic_set_type+0x0/0x48)
[    0.057563] genirq: Setting trigger mode 1 for irq 23 failed (gic_set_type+0x0/0x48)
[    0.057859] genirq: Setting trigger mode 1 for irq 24 failed (gic_set_type+0x0/0x48)
[    0.058112] genirq: Setting trigger mode 1 for irq 25 failed (gic_set_type+0x0/0x48)
[    0.058348] genirq: Setting trigger mode 1 for irq 26 failed (gic_set_type+0x0/0x48)
[    0.058588] genirq: Setting trigger mode 1 for irq 27 failed (gic_set_type+0x0/0x48)
[    0.058924] genirq: Setting trigger mode 1 for irq 28 failed (gic_set_type+0x0/0x48)
[    0.059173] genirq: Setting trigger mode 1 for irq 29 failed (gic_set_type+0x0/0x48)
[    0.059405] genirq: Setting trigger mode 1 for irq 30 failed (gic_set_type+0x0/0x48)
[    0.059652] genirq: Setting trigger mode 1 for irq 31 failed (gic_set_type+0x0/0x48)
[    0.059901] genirq: Setting trigger mode 1 for irq 32 failed (gic_set_type+0x0/0x48)
[    0.060158] genirq: Setting trigger mode 1 for irq 33 failed (gic_set_type+0x0/0x48)
[    0.060411] genirq: Setting trigger mode 1 for irq 34 failed (gic_set_type+0x0/0x48)
[    0.060643] genirq: Setting trigger mode 1 for irq 35 failed (gic_set_type+0x0/0x48)
[    0.060880] genirq: Setting trigger mode 1 for irq 36 failed (gic_set_type+0x0/0x48)
[    0.061120] genirq: Setting trigger mode 1 for irq 37 failed (gic_set_type+0x0/0x48)
[    0.061398] genirq: Setting trigger mode 1 for irq 38 failed (gic_set_type+0x0/0x48)
[    0.061672] genirq: Setting trigger mode 1 for irq 39 failed (gic_set_type+0x0/0x48)
[    0.061920] genirq: Setting trigger mode 1 for irq 40 failed (gic_set_type+0x0/0x48)
[    0.062167] genirq: Setting trigger mode 1 for irq 41 failed (gic_set_type+0x0/0x48)
[    0.062418] genirq: Setting trigger mode 1 for irq 42 failed (gic_set_type+0x0/0x48)
[    0.062667] genirq: Setting trigger mode 1 for irq 43 failed (gic_set_type+0x0/0x48)
[    0.062923] genirq: Setting trigger mode 1 for irq 44 failed (gic_set_type+0x0/0x48)
[    0.063406] genirq: Setting trigger mode 1 for irq 45 failed (gic_set_type+0x0/0x48)
[    0.063659] genirq: Setting trigger mode 1 for irq 46 failed (gic_set_type+0x0/0x48)
[    0.063973] genirq: Setting trigger mode 1 for irq 47 failed (gic_set_type+0x0/0x48)
[    0.064234] genirq: Setting trigger mode 1 for irq 48 failed (gic_set_type+0x0/0x48)
[    0.064503] genirq: Setting trigger mode 1 for irq 49 failed (gic_set_type+0x0/0x48)
[    0.064743] genirq: Setting trigger mode 1 for irq 50 failed (gic_set_type+0x0/0x48)
[    0.064980] genirq: Setting trigger mode 1 for irq 51 failed (gic_set_type+0x0/0x48)
[    0.065392] genirq: Setting trigger mode 1 for irq 52 failed (gic_set_type+0x0/0x48)
[    0.068446] Serial: AMBA PL011 UART driver
[    0.070094] 9000000.pl011: ttyS0 at MMIO 0x9000000 (irq = 52, base_baud = 0) is a PL011 rev1
[    0.090373] console [ttyS0] enabled
[    0.109624] vgaarb: loaded
[    0.110910] SCSI subsystem initialized
[    0.111772] usbcore: registered new interface driver usbfs
[    0.112153] usbcore: registered new interface driver hub
[    0.112509] usbcore: registered new device driver usb
[    0.120001] cfg80211: Calling CRDA to update world regulatory domain
[    0.122005] Switched to clocksource arch_sys_counter
[    0.136258] NET: Registered protocol family 2
[    0.140246] TCP established hash table entries: 2048 (order: 1, 8192 bytes)
[    0.140590] TCP bind hash table entries: 2048 (order: 1, 8192 bytes)
[    0.140948] TCP: Hash tables configured (established 2048 bind 2048)
[    0.141459] UDP hash table entries: 256 (order: 0, 4096 bytes)
[    0.142026] UDP-Lite hash table entries: 256 (order: 0, 4096 bytes)
[    0.143253] NET: Registered protocol family 1
[    0.143670] PCI: CLS 0 bytes, default 64
[    0.149632] NetWinder Floating Point Emulator V0.97 (extended precision)
[    0.152000] futex hash table entries: 256 (order: -1, 3072 bytes)
[    0.156364] squashfs: version 4.0 (2009/01/31) Phillip Lougher
[    0.157296] jffs2: version 2.2. (NAND) Â© 2001-2006 Red Hat, Inc.
[    0.158072] romfs: ROMFS MTD (C) 2007 Red Hat, Inc.
[    0.165366] Block layer SCSI generic (bsg) driver version 0.4 loaded (major 253)
[    0.165754] io scheduler noop registered
[    0.166002] io scheduler cfq registered (default)
[    0.166626] firmadyne: devfs: 1, execute: 1, procfs: 1, syscall: 1
[    0.167731] ------------[ cut here ]------------
[    0.167950] WARNING: CPU: 0 PID: 1 at /home/vagrant/firmadyne-kernel/kernel-v4.1/fs/sysfs/dir.c:31 sysfs_warn_dup+0x50/0x6c()
[    0.168341] sysfs: cannot create duplicate filename '/class/gpio'
[    0.168572] Modules linked in:
[    0.168875] CPU: 0 PID: 1 Comm: swapper Not tainted 4.1.17+ #1
[    0.169081] Hardware name: Generic DT based system
[    0.169808] [<c001c99c>] (unwind_backtrace) from [<c0019d30>] (show_stack+0x10/0x14)
[    0.170169] [<c0019d30>] (show_stack) from [<c0024ab4>] (warn_slowpath_common+0x80/0xa8)
[    0.170500] [<c0024ab4>] (warn_slowpath_common) from [<c0024b08>] (warn_slowpath_fmt+0x2c/0x3c)
[    0.170845] [<c0024b08>] (warn_slowpath_fmt) from [<c00e363c>] (sysfs_warn_dup+0x50/0x6c)
[    0.171128] [<c00e363c>] (sysfs_warn_dup) from [<c00e3714>] (sysfs_create_dir_ns+0x74/0x84)
[    0.171416] [<c00e3714>] (sysfs_create_dir_ns) from [<c018e6ac>] (kobject_add_internal+0xb8/0x2ac)
[    0.171822] [<c018e6ac>] (kobject_add_internal) from [<c018e9a8>] (kset_register+0x1c/0x44)
[    0.172265] [<c018e9a8>] (kset_register) from [<c02090b4>] (__class_register+0xa8/0x198)
[    0.172561] [<c02090b4>] (__class_register) from [<c02091e4>] (__class_create+0x40/0x70)
[    0.172845] [<c02091e4>] (__class_create) from [<c01adf68>] (register_devfs_stubs+0x314/0xbb4)
[    0.173147] [<c01adf68>] (register_devfs_stubs) from [<c05d9b08>] (init_module+0x28/0xa4)
[    0.173464] [<c05d9b08>] (init_module) from [<c0009670>] (do_one_initcall+0x104/0x1b4)
[    0.173744] [<c0009670>] (do_one_initcall) from [<c05c7d08>] (kernel_init_freeable+0xf0/0x1b0)
[    0.174069] [<c05c7d08>] (kernel_init_freeable) from [<c040f28c>] (kernel_init+0x8/0xe4)
[    0.174351] [<c040f28c>] (kernel_init) from [<c0016da8>] (ret_from_fork+0x14/0x2c)
[    0.174676] ---[ end trace 571f20c399312857 ]---
[    0.174910] ------------[ cut here ]------------
[    0.175084] WARNING: CPU: 0 PID: 1 at /home/vagrant/firmadyne-kernel/kernel-v4.1/lib/kobject.c:240 kobject_add_internal+0x240/0x2ac()
[    0.175471] kobject_add_internal failed for gpio with -EEXIST, don't try to register things with the same name in the same directory.
[    0.175856] Modules linked in:
[    0.176082] CPU: 0 PID: 1 Comm: swapper Tainted: G        W       4.1.17+ #1
[    0.176327] Hardware name: Generic DT based system
[    0.176512] [<c001c99c>] (unwind_backtrace) from [<c0019d30>] (show_stack+0x10/0x14)
[    0.176806] [<c0019d30>] (show_stack) from [<c0024ab4>] (warn_slowpath_common+0x80/0xa8)
[    0.177093] [<c0024ab4>] (warn_slowpath_common) from [<c0024b08>] (warn_slowpath_fmt+0x2c/0x3c)
[    0.177398] [<c0024b08>] (warn_slowpath_fmt) from [<c018e834>] (kobject_add_internal+0x240/0x2ac)
[    0.177702] [<c018e834>] (kobject_add_internal) from [<c018e9a8>] (kset_register+0x1c/0x44)
[    0.177991] [<c018e9a8>] (kset_register) from [<c02090b4>] (__class_register+0xa8/0x198)
[    0.178272] [<c02090b4>] (__class_register) from [<c02091e4>] (__class_create+0x40/0x70)
[    0.178554] [<c02091e4>] (__class_create) from [<c01adf68>] (register_devfs_stubs+0x314/0xbb4)
[    0.178853] [<c01adf68>] (register_devfs_stubs) from [<c05d9b08>] (init_module+0x28/0xa4)
[    0.179137] [<c05d9b08>] (init_module) from [<c0009670>] (do_one_initcall+0x104/0x1b4)
[    0.179415] [<c0009670>] (do_one_initcall) from [<c05c7d08>] (kernel_init_freeable+0xf0/0x1b0)
[    0.179714] [<c05c7d08>] (kernel_init_freeable) from [<c040f28c>] (kernel_init+0x8/0xe4)
[    0.179997] [<c040f28c>] (kernel_init) from [<c0016da8>] (ret_from_fork+0x14/0x2c)
[    0.180263] ---[ end trace 571f20c399312858 ]---
[    0.180484] firmadyne: Cannot create device class: gpio!
[    0.182061] firmadyne: Cannot register character device: watchdog, 0xa, 0x82!
[    0.182329] firmadyne: Cannot register character device: wdt, 0xfd, 0x0!
[    0.278282] Non-volatile memory driver v1.3
[    0.297429] brd: module loaded
[    0.305596] loop: module loaded
[    0.314393]  vda: vda1
[    0.318327] [nandsim] warning: read_byte: unexpected data output cycle, state is STATE_READY return 0x0
[    0.318676] [nandsim] warning: read_byte: unexpected data output cycle, state is STATE_READY return 0x0
[    0.318987] [nandsim] warning: read_byte: unexpected data output cycle, state is STATE_READY return 0x0
[    0.319294] [nandsim] warning: read_byte: unexpected data output cycle, state is STATE_READY return 0x0
[    0.319602] [nandsim] warning: read_byte: unexpected data output cycle, state is STATE_READY return 0x0
[    0.319929] [nandsim] warning: read_byte: unexpected data output cycle, state is STATE_READY return 0x0
[    0.320465] nand: device found, Manufacturer ID: 0x98, Chip ID: 0x39
[    0.320698] nand: Toshiba NAND 128MiB 1,8V 8-bit
[    0.320880] nand: 128 MiB, SLC, erase size: 16 KiB, page size: 512, OOB size: 16
[    0.321978] flash size: 128 MiB
[    0.322108] page size: 512 bytes
[    0.322228] OOB area size: 16 bytes
[    0.322356] sector size: 16 KiB
[    0.322472] pages number: 262144
[    0.322590] pages per sector: 32
[    0.322707] bus width: 8
[    0.322803] bits in sector size: 14
[    0.322929] bits in page size: 9
[    0.323051] bits in OOB size: 4
[    0.323171] flash size with OOB: 135168 KiB
[    0.323318] page address bytes: 4
[    0.323438] sector address bytes: 3
[    0.323569] options: 0x42
[    0.327626] Scanning device for bad blocks
[    0.455659] Creating 11 MTD partitions on "NAND 128MiB 1,8V 8-bit":
[    0.456160] 0x000000000000-0x000000100000 : "NAND simulator partition 0"
[    0.459122] 0x000000100000-0x000000200000 : "NAND simulator partition 1"
[    0.460436] 0x000000200000-0x000000300000 : "NAND simulator partition 2"
[    0.461685] 0x000000300000-0x000000400000 : "NAND simulator partition 3"
[    0.463171] 0x000000400000-0x000000500000 : "NAND simulator partition 4"
[    0.464475] 0x000000500000-0x000000600000 : "NAND simulator partition 5"
[    0.465801] 0x000000600000-0x000000700000 : "NAND simulator partition 6"
[    0.467082] 0x000000700000-0x000000800000 : "NAND simulator partition 7"
[    0.468503] 0x000000800000-0x000000900000 : "NAND simulator partition 8"
[    0.469899] 0x000000900000-0x000000a00000 : "NAND simulator partition 9"
[    0.471178] 0x000000a00000-0x000008000000 : "NAND simulator partition 10"
[    0.475592] tun: Universal TUN/TAP device driver, 1.6
[    0.475785] tun: (C) 1999-2004 Max Krasnyansky <maxk@qualcomm.com>
[    0.492507] PPP generic driver version 2.4.2
[    0.493164] PPP BSD Compression module registered
[    0.493376] PPP Deflate Compression module registered
[    0.493638] PPP MPPE Compression module registered
[    0.493842] NET: Registered protocol family 24
[    0.494166] PPTP driver version 0.8.5
[    0.494833] usbcore: registered new interface driver usb-storage
[    0.496373] hidraw: raw HID events driver (C) Jiri Kosina
[    0.496877] usbcore: registered new interface driver usbhid
[    0.497080] usbhid: USB HID core driver
[    0.497523] Netfilter messages via NETLINK v0.30.
[    0.498112] nf_conntrack version 0.5.0 (3958 buckets, 15832 max)
[    0.499346] ctnetlink v0.93: registering with nfnetlink.
[    0.500918] ipip: IPv4 over IPv4 tunneling driver
[    0.502932] gre: GRE over IPv4 demultiplexor driver
[    0.503148] ip_gre: GRE over IPv4 tunneling driver
[    0.507240] ip_tables: (C) 2000-2006 Netfilter Core Team
[    0.508752] arp_tables: (C) 2002 David S. Miller
[    0.509760] Initializing XFRM netlink socket
[    0.510249] NET: Registered protocol family 10
[    0.516973] ip6_tables: (C) 2000-2006 Netfilter Core Team
[    0.518455] sit: IPv6 over IPv4 tunneling driver
[    0.522056] NET: Registered protocol family 17
[    0.522636] bridge: automatic filtering via arp/ip/ip6tables has been deprecated. Update your scripts to load br_netfilter if you need this.
[    0.523133] Bridge firewalling registered
[    0.523318] Ebtables v2.0 registered
[    0.524395] 8021q: 802.1Q VLAN Support v1.8
[    0.524988] Registering SWP/SWPB emulation handler
[    0.526855] hctosys: unable to open rtc device (rtc0)
[    0.536900] EXT4-fs (vda1): couldn't mount as ext3 due to feature incompatibilities
[    0.538343] EXT4-fs (vda1): mounting ext2 file system using the ext4 subsystem
[    0.549494] EXT4-fs (vda1): mounted filesystem without journal. Opts: (null)
[    0.550597] VFS: Mounted root (ext2 filesystem) on device 254:1.
[    0.555580] Freeing unused kernel memory: 180K (c05c7000 - c05f4000)
[    0.562683] Starting init: /sbin/init exists but couldn't execute it (error -13)
[    0.568166] firmadyne: do_execve: /firmadyne/console
[    0.568432] OFFSETS: offset of pid: 0x190 offset of comm: 0x270
[    0.568727] Starting init: /bin/sh exists but couldn't execute it (error -13)
[    0.569032] Kernel panic - not syncing: No working init found.  Try passing init= option to kernel. See Linux Documentation/init.txt for guidance.
[    0.569486] CPU: 0 PID: 1 Comm: swapper Tainted: G        W       4.1.17+ #1
[    0.569741] Hardware name: Generic DT based system
[    0.569953] [<c001c99c>] (unwind_backtrace) from [<c0019d30>] (show_stack+0x10/0x14)
[    0.570230] [<c0019d30>] (show_stack) from [<c0410b78>] (panic+0x70/0x1c8)
[    0.570478] [<c0410b78>] (panic) from [<c040f33c>] (kernel_init+0xb8/0xe4)
[    0.570718] [<c040f33c>] (kernel_init) from [<c0016da8>] (ret_from_fork+0x14/0x2c)
[    0.571153] ---[ end Kernel panic - not syncing: No working init found.  Try passing init= option to kernel. See Linux Documentation/init.txt for guidance.
