[    0.000000] Booting Linux on physical CPU 0x0
[    0.000000] Linux version 4.1.17+ (vagrant@vagrant-ubuntu-trusty-64) (gcc version 5.3.0 (GCC) ) #1 Thu Feb 18 01:05:21 UTC 2016
[    0.000000] CPU: ARMv7 Processor [412fc0f1] revision 1 (ARMv7), cr=10c5387d
[    0.000000] CPU: PIPT / VIPT nonaliasing data cache, PIPT instruction cache
[    0.000000] Machine model: linux,dummy-virt
[    0.000000] debug: ignoring loglevel setting.
[    0.000000] Memory policy: Data cache writeback
[    0.000000] On node 0 totalpages: 65536
[    0.000000] free_area_init_node: node 0, pgdat c061dfe8, node_mem_map cfdf9000
[    0.000000]   Normal zone: 512 pages used for memmap
[    0.000000]   Normal zone: 0 pages reserved
[    0.000000]   Normal zone: 65536 pages, LIFO batch:15
[    0.000000] CPU: All CPU(s) started in SVC mode.
[    0.000000] pcpu-alloc: s0 r0 d32768 u32768 alloc=1*32768
[    0.000000] pcpu-alloc: [0] 0 
[    0.000000] Built 1 zonelists in Zone order, mobility grouping on.  Total pages: 65024
[    0.000000] Kernel command line: root=/dev/vda1 console=ttyS0 nandsim.parts=64,64,64,64,64,64,64,64,64,64 rdinit=/firmadyne/preInit.sh rw debug ignore_loglevel print-fatal-signals=1 user_debug=31 firmadyne.syscall=0
[    0.000000] PID hash table entries: 1024 (order: 0, 4096 bytes)
[    0.000000] Dentry cache hash table entries: 32768 (order: 5, 131072 bytes)
[    0.000000] Inode-cache hash table entries: 16384 (order: 4, 65536 bytes)
[    0.000000] Memory: 253344K/262144K available (4297K kernel code, 170K rwdata, 1584K rodata, 180K init, 148K bss, 8800K reserved, 0K cma-reserved)
[    0.000000] Virtual kernel memory layout:
[    0.000000]     vector  : 0xffff0000 - 0xffff1000   (   4 kB)
[    0.000000]     fixmap  : 0xffc00000 - 0xfff00000   (3072 kB)
[    0.000000]     vmalloc : 0xd0800000 - 0xff000000   ( 744 MB)
[    0.000000]     lowmem  : 0xc0000000 - 0xd0000000   ( 256 MB)
[    0.000000]     modules : 0xbf000000 - 0xc0000000   (  16 MB)
[    0.000000]       .text : 0xc0008000 - 0xc05c67bc   (5882 kB)
[    0.000000]       .init : 0xc05c7000 - 0xc05f4000   ( 180 kB)
[    0.000000]       .data : 0xc05f4000 - 0xc061e840   ( 171 kB)
[    0.000000]        .bss : 0xc0621000 - 0xc06462d4   ( 149 kB)
[    0.000000] NR_IRQS:16 nr_irqs:16 16
[    0.000000] Architected cp15 timer(s) running at 62.50MHz (virt).
[    0.000000] clocksource arch_sys_counter: mask: 0xffffffffffffff max_cycles: 0x1cd42e208c, max_idle_ns: 881590405314 ns
[    0.000126] sched_clock: 56 bits at 62MHz, resolution 16ns, wraps every 4398046511096ns
[    0.000228] Switching to timer-based delay loop, resolution 16ns
[    0.002759] Console: colour dummy device 80x30
[    0.003018] Calibrating delay loop (skipped), value calculated using timer frequency.. 125.00 BogoMIPS (lpj=625000)
[    0.003119] pid_max: default: 32768 minimum: 301
[    0.003866] Mount-cache hash table entries: 1024 (order: 0, 4096 bytes)
[    0.003895] Mountpoint-cache hash table entries: 1024 (order: 0, 4096 bytes)
[    0.011316] CPU: Testing write buffer coherency: ok
[    0.016248] Setting up static identity map for 0x40008240 - 0x40008298
[    0.028010] VFP support v0.3: implementor 41 architecture 4 part 30 variant f rev 0
[    0.037962] clocksource jiffies: mask: 0xffffffff max_cycles: 0xffffffff, max_idle_ns: 19112604462750000 ns
[    0.045360] NET: Registered protocol family 16
[    0.047842] DMA: preallocated 256 KiB pool for atomic coherent allocations
[    0.051000] cpuidle: using governor ladder
[    0.051122] cpuidle: using governor menu
[    0.054241] genirq: Setting trigger mode 1 for irq 20 failed (gic_set_type+0x0/0x48)
[    0.055678] genirq: Setting trigger mode 1 for irq 21 failed (gic_set_type+0x0/0x48)
[    0.055939] genirq: Setting trigger mode 1 for irq 22 failed (gic_set_type+0x0/0x48)
[    0.056199] genirq: Setting trigger mode 1 for irq 23 failed (gic_set_type+0x0/0x48)
[    0.056461] genirq: Setting trigger mode 1 for irq 24 failed (gic_set_type+0x0/0x48)
[    0.056706] genirq: Setting trigger mode 1 for irq 25 failed (gic_set_type+0x0/0x48)
[    0.056939] genirq: Setting trigger mode 1 for irq 26 failed (gic_set_type+0x0/0x48)
[    0.057175] genirq: Setting trigger mode 1 for irq 27 failed (gic_set_type+0x0/0x48)
[    0.057519] genirq: Setting trigger mode 1 for irq 28 failed (gic_set_type+0x0/0x48)
[    0.057771] genirq: Setting trigger mode 1 for irq 29 failed (gic_set_type+0x0/0x48)
[    0.058002] genirq: Setting trigger mode 1 for irq 30 failed (gic_set_type+0x0/0x48)
[    0.058249] genirq: Setting trigger mode 1 for irq 31 failed (gic_set_type+0x0/0x48)
[    0.058478] genirq: Setting trigger mode 1 for irq 32 failed (gic_set_type+0x0/0x48)
[    0.058714] genirq: Setting trigger mode 1 for irq 33 failed (gic_set_type+0x0/0x48)
[    0.058939] genirq: Setting trigger mode 1 for irq 34 failed (gic_set_type+0x0/0x48)
[    0.059164] genirq: Setting trigger mode 1 for irq 35 failed (gic_set_type+0x0/0x48)
[    0.059397] genirq: Setting trigger mode 1 for irq 36 failed (gic_set_type+0x0/0x48)
[    0.059649] genirq: Setting trigger mode 1 for irq 37 failed (gic_set_type+0x0/0x48)
[    0.059938] genirq: Setting trigger mode 1 for irq 38 failed (gic_set_type+0x0/0x48)
[    0.060184] genirq: Setting trigger mode 1 for irq 39 failed (gic_set_type+0x0/0x48)
[    0.060420] genirq: Setting trigger mode 1 for irq 40 failed (gic_set_type+0x0/0x48)
[    0.060661] genirq: Setting trigger mode 1 for irq 41 failed (gic_set_type+0x0/0x48)
[    0.060910] genirq: Setting trigger mode 1 for irq 42 failed (gic_set_type+0x0/0x48)
[    0.061158] genirq: Setting trigger mode 1 for irq 43 failed (gic_set_type+0x0/0x48)
[    0.061454] genirq: Setting trigger mode 1 for irq 44 failed (gic_set_type+0x0/0x48)
[    0.061715] genirq: Setting trigger mode 1 for irq 45 failed (gic_set_type+0x0/0x48)
[    0.061957] genirq: Setting trigger mode 1 for irq 46 failed (gic_set_type+0x0/0x48)
[    0.062239] genirq: Setting trigger mode 1 for irq 47 failed (gic_set_type+0x0/0x48)
[    0.062489] genirq: Setting trigger mode 1 for irq 48 failed (gic_set_type+0x0/0x48)
[    0.062730] genirq: Setting trigger mode 1 for irq 49 failed (gic_set_type+0x0/0x48)
[    0.062965] genirq: Setting trigger mode 1 for irq 50 failed (gic_set_type+0x0/0x48)
[    0.063409] genirq: Setting trigger mode 1 for irq 51 failed (gic_set_type+0x0/0x48)
[    0.063856] genirq: Setting trigger mode 1 for irq 52 failed (gic_set_type+0x0/0x48)
[    0.066816] Serial: AMBA PL011 UART driver
[    0.068465] 9000000.pl011: ttyS0 at MMIO 0x9000000 (irq = 52, base_baud = 0) is a PL011 rev1
[    0.123454] console [ttyS0] enabled
[    0.142387] vgaarb: loaded
[    0.144131] SCSI subsystem initialized
[    0.145666] usbcore: registered new interface driver usbfs
[    0.147108] usbcore: registered new interface driver hub
[    0.148270] usbcore: registered new device driver usb
[    0.156255] cfg80211: Calling CRDA to update world regulatory domain
[    0.159494] Switched to clocksource arch_sys_counter
[    0.174613] NET: Registered protocol family 2
[    0.179572] TCP established hash table entries: 2048 (order: 1, 8192 bytes)
[    0.180944] TCP bind hash table entries: 2048 (order: 1, 8192 bytes)
[    0.182334] TCP: Hash tables configured (established 2048 bind 2048)
[    0.183816] UDP hash table entries: 256 (order: 0, 4096 bytes)
[    0.184975] UDP-Lite hash table entries: 256 (order: 0, 4096 bytes)
[    0.187183] NET: Registered protocol family 1
[    0.188360] PCI: CLS 0 bytes, default 64
[    0.194957] NetWinder Floating Point Emulator V0.97 (extended precision)
[    0.198154] futex hash table entries: 256 (order: -1, 3072 bytes)
[    0.203755] squashfs: version 4.0 (2009/01/31) Phillip Lougher
[    0.206833] jffs2: version 2.2. (NAND) Â© 2001-2006 Red Hat, Inc.
[    0.208582] romfs: ROMFS MTD (C) 2007 Red Hat, Inc.
[    0.216402] Block layer SCSI generic (bsg) driver version 0.4 loaded (major 253)
[    0.217861] io scheduler noop registered
[    0.218704] io scheduler cfq registered (default)
[    0.220304] firmadyne: devfs: 1, execute: 1, procfs: 1, syscall: 0
[    0.222402] ------------[ cut here ]------------
[    0.223288] WARNING: CPU: 0 PID: 1 at /home/vagrant/firmadyne-kernel/kernel-v4.1/fs/sysfs/dir.c:31 sysfs_warn_dup+0x50/0x6c()
[    0.225232] sysfs: cannot create duplicate filename '/class/gpio'
[    0.226365] Modules linked in:
[    0.227181] CPU: 0 PID: 1 Comm: swapper Not tainted 4.1.17+ #1
[    0.228221] Hardware name: Generic DT based system
[    0.229813] [<c001c99c>] (unwind_backtrace) from [<c0019d30>] (show_stack+0x10/0x14)
[    0.231311] [<c0019d30>] (show_stack) from [<c0024ab4>] (warn_slowpath_common+0x80/0xa8)
[    0.232781] [<c0024ab4>] (warn_slowpath_common) from [<c0024b08>] (warn_slowpath_fmt+0x2c/0x3c)
[    0.234363] [<c0024b08>] (warn_slowpath_fmt) from [<c00e363c>] (sysfs_warn_dup+0x50/0x6c)
[    0.235786] [<c00e363c>] (sysfs_warn_dup) from [<c00e3714>] (sysfs_create_dir_ns+0x74/0x84)
[    0.237086] [<c00e3714>] (sysfs_create_dir_ns) from [<c018e6ac>] (kobject_add_internal+0xb8/0x2ac)
[    0.237851] [<c018e6ac>] (kobject_add_internal) from [<c018e9a8>] (kset_register+0x1c/0x44)
[    0.238624] [<c018e9a8>] (kset_register) from [<c02090b4>] (__class_register+0xa8/0x198)
[    0.239522] [<c02090b4>] (__class_register) from [<c02091e4>] (__class_create+0x40/0x70)
[    0.240489] [<c02091e4>] (__class_create) from [<c01adf68>] (register_devfs_stubs+0x314/0xbb4)
[    0.241204] [<c01adf68>] (register_devfs_stubs) from [<c05d9b08>] (init_module+0x28/0xa4)
[    0.241876] [<c05d9b08>] (init_module) from [<c0009670>] (do_one_initcall+0x104/0x1b4)
[    0.242672] [<c0009670>] (do_one_initcall) from [<c05c7d08>] (kernel_init_freeable+0xf0/0x1b0)
[    0.243572] [<c05c7d08>] (kernel_init_freeable) from [<c040f28c>] (kernel_init+0x8/0xe4)
[    0.244352] [<c040f28c>] (kernel_init) from [<c0016da8>] (ret_from_fork+0x14/0x2c)
[    0.244901] ---[ end trace 69f25ee0d287c752 ]---
[    0.245814] ------------[ cut here ]------------
[    0.246410] WARNING: CPU: 0 PID: 1 at /home/vagrant/firmadyne-kernel/kernel-v4.1/lib/kobject.c:240 kobject_add_internal+0x240/0x2ac()
[    0.247288] kobject_add_internal failed for gpio with -EEXIST, don't try to register things with the same name in the same directory.
[    0.248321] Modules linked in:
[    0.248729] CPU: 0 PID: 1 Comm: swapper Tainted: G        W       4.1.17+ #1
[    0.249604] Hardware name: Generic DT based system
[    0.250288] [<c001c99c>] (unwind_backtrace) from [<c0019d30>] (show_stack+0x10/0x14)
[    0.251068] [<c0019d30>] (show_stack) from [<c0024ab4>] (warn_slowpath_common+0x80/0xa8)
[    0.251792] [<c0024ab4>] (warn_slowpath_common) from [<c0024b08>] (warn_slowpath_fmt+0x2c/0x3c)
[    0.252508] [<c0024b08>] (warn_slowpath_fmt) from [<c018e834>] (kobject_add_internal+0x240/0x2ac)
[    0.253314] [<c018e834>] (kobject_add_internal) from [<c018e9a8>] (kset_register+0x1c/0x44)
[    0.254175] [<c018e9a8>] (kset_register) from [<c02090b4>] (__class_register+0xa8/0x198)
[    0.254897] [<c02090b4>] (__class_register) from [<c02091e4>] (__class_create+0x40/0x70)
[    0.255479] [<c02091e4>] (__class_create) from [<c01adf68>] (register_devfs_stubs+0x314/0xbb4)
[    0.256250] [<c01adf68>] (register_devfs_stubs) from [<c05d9b08>] (init_module+0x28/0xa4)
[    0.256938] [<c05d9b08>] (init_module) from [<c0009670>] (do_one_initcall+0x104/0x1b4)
[    0.257760] [<c0009670>] (do_one_initcall) from [<c05c7d08>] (kernel_init_freeable+0xf0/0x1b0)
[    0.258473] [<c05c7d08>] (kernel_init_freeable) from [<c040f28c>] (kernel_init+0x8/0xe4)
[    0.259187] [<c040f28c>] (kernel_init) from [<c0016da8>] (ret_from_fork+0x14/0x2c)
[    0.260147] ---[ end trace 69f25ee0d287c753 ]---
[    0.260687] firmadyne: Cannot create device class: gpio!
[    0.262866] firmadyne: Cannot register character device: watchdog, 0xa, 0x82!
[    0.264192] firmadyne: Cannot register character device: wdt, 0xfd, 0x0!
[    0.358692] Non-volatile memory driver v1.3
[    0.378657] brd: module loaded
[    0.387193] loop: module loaded
[    0.395889]  vda: vda1
[    0.400393] [nandsim] warning: read_byte: unexpected data output cycle, state is STATE_READY return 0x0
[    0.402152] [nandsim] warning: read_byte: unexpected data output cycle, state is STATE_READY return 0x0
[    0.403806] [nandsim] warning: read_byte: unexpected data output cycle, state is STATE_READY return 0x0
[    0.405412] [nandsim] warning: read_byte: unexpected data output cycle, state is STATE_READY return 0x0
[    0.407010] [nandsim] warning: read_byte: unexpected data output cycle, state is STATE_READY return 0x0
[    0.408574] [nandsim] warning: read_byte: unexpected data output cycle, state is STATE_READY return 0x0
[    0.409730] nand: device found, Manufacturer ID: 0x98, Chip ID: 0x39
[    0.410875] nand: Toshiba NAND 128MiB 1,8V 8-bit
[    0.411615] nand: 128 MiB, SLC, erase size: 16 KiB, page size: 512, OOB size: 16
[    0.413095] flash size: 128 MiB
[    0.413697] page size: 512 bytes
[    0.414264] OOB area size: 16 bytes
[    0.414863] sector size: 16 KiB
[    0.415412] pages number: 262144
[    0.416014] pages per sector: 32
[    0.416378] bus width: 8
[    0.416631] bits in sector size: 14
[    0.417000] bits in page size: 9
[    0.417268] bits in OOB size: 4
[    0.417658] flash size with OOB: 135168 KiB
[    0.417870] page address bytes: 4
[    0.418373] sector address bytes: 3
[    0.418520] options: 0x42
[    0.423527] Scanning device for bad blocks
[    0.534084] Creating 11 MTD partitions on "NAND 128MiB 1,8V 8-bit":
[    0.535630] 0x000000000000-0x000000100000 : "NAND simulator partition 0"
[    0.539783] 0x000000100000-0x000000200000 : "NAND simulator partition 1"
[    0.542225] 0x000000200000-0x000000300000 : "NAND simulator partition 2"
[    0.544610] 0x000000300000-0x000000400000 : "NAND simulator partition 3"
[    0.546978] 0x000000400000-0x000000500000 : "NAND simulator partition 4"
[    0.549540] 0x000000500000-0x000000600000 : "NAND simulator partition 5"
[    0.551950] 0x000000600000-0x000000700000 : "NAND simulator partition 6"
[    0.554358] 0x000000700000-0x000000800000 : "NAND simulator partition 7"
[    0.556766] 0x000000800000-0x000000900000 : "NAND simulator partition 8"
[    0.559460] 0x000000900000-0x000000a00000 : "NAND simulator partition 9"
[    0.561864] 0x000000a00000-0x000008000000 : "NAND simulator partition 10"
[    0.567053] tun: Universal TUN/TAP device driver, 1.6
[    0.567977] tun: (C) 1999-2004 Max Krasnyansky <maxk@qualcomm.com>
[    0.582400] PPP generic driver version 2.4.2
[    0.583891] PPP BSD Compression module registered
[    0.584791] PPP Deflate Compression module registered
[    0.585816] PPP MPPE Compression module registered
[    0.586703] NET: Registered protocol family 24
[    0.587747] PPTP driver version 0.8.5
[    0.589041] usbcore: registered new interface driver usb-storage
[    0.591793] hidraw: raw HID events driver (C) Jiri Kosina
[    0.593193] usbcore: registered new interface driver usbhid
[    0.594230] usbhid: USB HID core driver
[    0.595329] Netfilter messages via NETLINK v0.30.
[    0.596719] nf_conntrack version 0.5.0 (3958 buckets, 15832 max)
[    0.598934] ctnetlink v0.93: registering with nfnetlink.
[    0.601351] ipip: IPv4 over IPv4 tunneling driver
[    0.603921] gre: GRE over IPv4 demultiplexor driver
[    0.604854] ip_gre: GRE over IPv4 tunneling driver
[    0.610701] ip_tables: (C) 2000-2006 Netfilter Core Team
[    0.613104] arp_tables: (C) 2002 David S. Miller
[    0.614910] Initializing XFRM netlink socket
[    0.616158] NET: Registered protocol family 10
[    0.622697] ip6_tables: (C) 2000-2006 Netfilter Core Team
[    0.625508] sit: IPv6 over IPv4 tunneling driver
[    0.629795] NET: Registered protocol family 17
[    0.631136] bridge: automatic filtering via arp/ip/ip6tables has been deprecated. Update your scripts to load br_netfilter if you need this.
[    0.633431] Bridge firewalling registered
[    0.634231] Ebtables v2.0 registered
[    0.635848] 8021q: 802.1Q VLAN Support v1.8
[    0.637126] Registering SWP/SWPB emulation handler
[    0.639964] hctosys: unable to open rtc device (rtc0)
[    0.649552] EXT4-fs (vda1): couldn't mount as ext3 due to feature incompatibilities
[    0.652498] EXT4-fs (vda1): mounting ext2 file system using the ext4 subsystem
[    0.662010] EXT4-fs (vda1): warning: mounting unchecked fs, running e2fsck is recommended
[    0.665793] EXT4-fs (vda1): mounted filesystem without journal. Opts: (null)
[    0.667935] VFS: Mounted root (ext2 filesystem) on device 254:1.
[    0.673896] Freeing unused kernel memory: 180K (c05c7000 - c05f4000)
[    0.739403] random: init urandom read with 4 bits of entropy available
[    0.750351] Kernel panic - not syncing: Attempted to kill init! exitcode=0x00001600
[    0.750351] 
[    0.752052] CPU: 0 PID: 1 Comm: init Tainted: G        W       4.1.17+ #1
[    0.753202] Hardware name: Generic DT based system
[    0.754094] [<c001c99c>] (unwind_backtrace) from [<c0019d30>] (show_stack+0x10/0x14)
[    0.755533] [<c0019d30>] (show_stack) from [<c0410b78>] (panic+0x70/0x1c8)
[    0.756752] [<c0410b78>] (panic) from [<c0025714>] (do_exit+0x3c0/0x774)
[    0.757943] [<c0025714>] (do_exit) from [<c0026760>] (do_group_exit+0x48/0xa8)
[    0.759190] [<c0026760>] (do_group_exit) from [<c00267d0>] (__wake_up_parent+0x0/0x18)
[    0.760239] ---[ end Kernel panic - not syncing: Attempted to kill init! exitcode=0x00001600
[    0.760239] 
