[    0.000000] Booting Linux on physical CPU 0x0
[    0.000000] Linux version 4.1.17+ (vagrant@vagrant-ubuntu-trusty-64) (gcc version 5.3.0 (GCC) ) #1 Thu Feb 18 01:05:21 UTC 2016
[    0.000000] CPU: ARMv7 Processor [412fc0f1] revision 1 (ARMv7), cr=10c5387d
[    0.000000] CPU: PIPT / VIPT nonaliasing data cache, PIPT instruction cache
[    0.000000] Machine model: linux,dummy-virt
[    0.000000] debug: ignoring loglevel setting.
[    0.000000] Memory policy: Data cache writeback
[    0.000000] On node 0 totalpages: 65536
[    0.000000] free_area_init_node: node 0, pgdat c061dfe8, node_mem_map cfdf9000
[    0.000000]   Normal zone: 512 pages used for memmap
[    0.000000]   Normal zone: 0 pages reserved
[    0.000000]   Normal zone: 65536 pages, LIFO batch:15
[    0.000000] CPU: All CPU(s) started in SVC mode.
[    0.000000] pcpu-alloc: s0 r0 d32768 u32768 alloc=1*32768
[    0.000000] pcpu-alloc: [0] 0 
[    0.000000] Built 1 zonelists in Zone order, mobility grouping on.  Total pages: 65024
[    0.000000] Kernel command line: firmadyne.syscall=1 root=/dev/vda1 console=ttyS0 nandsim.parts=64,64,64,64,64,64,64,64,64,64 rdinit=/firmadyne/preInit.sh rw debug ignore_loglevel print-fatal-signals=1 user_debug=31
[    0.000000] PID hash table entries: 1024 (order: 0, 4096 bytes)
[    0.000000] Dentry cache hash table entries: 32768 (order: 5, 131072 bytes)
[    0.000000] Inode-cache hash table entries: 16384 (order: 4, 65536 bytes)
[    0.000000] Memory: 253344K/262144K available (4297K kernel code, 170K rwdata, 1584K rodata, 180K init, 148K bss, 8800K reserved, 0K cma-reserved)
[    0.000000] Virtual kernel memory layout:
[    0.000000]     vector  : 0xffff0000 - 0xffff1000   (   4 kB)
[    0.000000]     fixmap  : 0xffc00000 - 0xfff00000   (3072 kB)
[    0.000000]     vmalloc : 0xd0800000 - 0xff000000   ( 744 MB)
[    0.000000]     lowmem  : 0xc0000000 - 0xd0000000   ( 256 MB)
[    0.000000]     modules : 0xbf000000 - 0xc0000000   (  16 MB)
[    0.000000]       .text : 0xc0008000 - 0xc05c67bc   (5882 kB)
[    0.000000]       .init : 0xc05c7000 - 0xc05f4000   ( 180 kB)
[    0.000000]       .data : 0xc05f4000 - 0xc061e840   ( 171 kB)
[    0.000000]        .bss : 0xc0621000 - 0xc06462d4   ( 149 kB)
[    0.000000] NR_IRQS:16 nr_irqs:16 16
[    0.000000] Architected cp15 timer(s) running at 62.50MHz (virt).
[    0.000000] clocksource arch_sys_counter: mask: 0xffffffffffffff max_cycles: 0x1cd42e208c, max_idle_ns: 881590405314 ns
[    0.000129] sched_clock: 56 bits at 62MHz, resolution 16ns, wraps every 4398046511096ns
[    0.000230] Switching to timer-based delay loop, resolution 16ns
[    0.002701] Console: colour dummy device 80x30
[    0.002958] Calibrating delay loop (skipped), value calculated using timer frequency.. 125.00 BogoMIPS (lpj=625000)
[    0.003055] pid_max: default: 32768 minimum: 301
[    0.003786] Mount-cache hash table entries: 1024 (order: 0, 4096 bytes)
[    0.003816] Mountpoint-cache hash table entries: 1024 (order: 0, 4096 bytes)
[    0.011181] CPU: Testing write buffer coherency: ok
[    0.016327] Setting up static identity map for 0x40008240 - 0x40008298
[    0.028150] VFP support v0.3: implementor 41 architecture 4 part 30 variant f rev 0
[    0.038101] clocksource jiffies: mask: 0xffffffff max_cycles: 0xffffffff, max_idle_ns: 19112604462750000 ns
[    0.045524] NET: Registered protocol family 16
[    0.048011] DMA: preallocated 256 KiB pool for atomic coherent allocations
[    0.051144] cpuidle: using governor ladder
[    0.051267] cpuidle: using governor menu
[    0.054311] genirq: Setting trigger mode 1 for irq 20 failed (gic_set_type+0x0/0x48)
[    0.055721] genirq: Setting trigger mode 1 for irq 21 failed (gic_set_type+0x0/0x48)
[    0.055996] genirq: Setting trigger mode 1 for irq 22 failed (gic_set_type+0x0/0x48)
[    0.056255] genirq: Setting trigger mode 1 for irq 23 failed (gic_set_type+0x0/0x48)
[    0.056514] genirq: Setting trigger mode 1 for irq 24 failed (gic_set_type+0x0/0x48)
[    0.056761] genirq: Setting trigger mode 1 for irq 25 failed (gic_set_type+0x0/0x48)
[    0.056995] genirq: Setting trigger mode 1 for irq 26 failed (gic_set_type+0x0/0x48)
[    0.057233] genirq: Setting trigger mode 1 for irq 27 failed (gic_set_type+0x0/0x48)
[    0.057563] genirq: Setting trigger mode 1 for irq 28 failed (gic_set_type+0x0/0x48)
[    0.057824] genirq: Setting trigger mode 1 for irq 29 failed (gic_set_type+0x0/0x48)
[    0.058057] genirq: Setting trigger mode 1 for irq 30 failed (gic_set_type+0x0/0x48)
[    0.058303] genirq: Setting trigger mode 1 for irq 31 failed (gic_set_type+0x0/0x48)
[    0.058534] genirq: Setting trigger mode 1 for irq 32 failed (gic_set_type+0x0/0x48)
[    0.058772] genirq: Setting trigger mode 1 for irq 33 failed (gic_set_type+0x0/0x48)
[    0.058999] genirq: Setting trigger mode 1 for irq 34 failed (gic_set_type+0x0/0x48)
[    0.059226] genirq: Setting trigger mode 1 for irq 35 failed (gic_set_type+0x0/0x48)
[    0.059461] genirq: Setting trigger mode 1 for irq 36 failed (gic_set_type+0x0/0x48)
[    0.059699] genirq: Setting trigger mode 1 for irq 37 failed (gic_set_type+0x0/0x48)
[    0.059996] genirq: Setting trigger mode 1 for irq 38 failed (gic_set_type+0x0/0x48)
[    0.060244] genirq: Setting trigger mode 1 for irq 39 failed (gic_set_type+0x0/0x48)
[    0.060480] genirq: Setting trigger mode 1 for irq 40 failed (gic_set_type+0x0/0x48)
[    0.060721] genirq: Setting trigger mode 1 for irq 41 failed (gic_set_type+0x0/0x48)
[    0.060970] genirq: Setting trigger mode 1 for irq 42 failed (gic_set_type+0x0/0x48)
[    0.061217] genirq: Setting trigger mode 1 for irq 43 failed (gic_set_type+0x0/0x48)
[    0.061471] genirq: Setting trigger mode 1 for irq 44 failed (gic_set_type+0x0/0x48)
[    0.061740] genirq: Setting trigger mode 1 for irq 45 failed (gic_set_type+0x0/0x48)
[    0.061984] genirq: Setting trigger mode 1 for irq 46 failed (gic_set_type+0x0/0x48)
[    0.062264] genirq: Setting trigger mode 1 for irq 47 failed (gic_set_type+0x0/0x48)
[    0.062516] genirq: Setting trigger mode 1 for irq 48 failed (gic_set_type+0x0/0x48)
[    0.062758] genirq: Setting trigger mode 1 for irq 49 failed (gic_set_type+0x0/0x48)
[    0.062994] genirq: Setting trigger mode 1 for irq 50 failed (gic_set_type+0x0/0x48)
[    0.063438] genirq: Setting trigger mode 1 for irq 51 failed (gic_set_type+0x0/0x48)
[    0.063878] genirq: Setting trigger mode 1 for irq 52 failed (gic_set_type+0x0/0x48)
[    0.066843] Serial: AMBA PL011 UART driver
[    0.068494] 9000000.pl011: ttyS0 at MMIO 0x9000000 (irq = 52, base_baud = 0) is a PL011 rev1
[    0.089241] console [ttyS0] enabled
[    0.108116] vgaarb: loaded
[    0.109280] SCSI subsystem initialized
[    0.110131] usbcore: registered new interface driver usbfs
[    0.110487] usbcore: registered new interface driver hub
[    0.110822] usbcore: registered new device driver usb
[    0.118132] cfg80211: Calling CRDA to update world regulatory domain
[    0.120078] Switched to clocksource arch_sys_counter
[    0.134300] NET: Registered protocol family 2
[    0.138226] TCP established hash table entries: 2048 (order: 1, 8192 bytes)
[    0.138558] TCP bind hash table entries: 2048 (order: 1, 8192 bytes)
[    0.138923] TCP: Hash tables configured (established 2048 bind 2048)
[    0.139438] UDP hash table entries: 256 (order: 0, 4096 bytes)
[    0.139750] UDP-Lite hash table entries: 256 (order: 0, 4096 bytes)
[    0.141228] NET: Registered protocol family 1
[    0.141666] PCI: CLS 0 bytes, default 64
[    0.147411] NetWinder Floating Point Emulator V0.97 (extended precision)
[    0.149527] futex hash table entries: 256 (order: -1, 3072 bytes)
[    0.154070] squashfs: version 4.0 (2009/01/31) Phillip Lougher
[    0.154986] jffs2: version 2.2. (NAND) Â© 2001-2006 Red Hat, Inc.
[    0.155715] romfs: ROMFS MTD (C) 2007 Red Hat, Inc.
[    0.162881] Block layer SCSI generic (bsg) driver version 0.4 loaded (major 253)
[    0.163247] io scheduler noop registered
[    0.163493] io scheduler cfq registered (default)
[    0.164125] firmadyne: devfs: 1, execute: 1, procfs: 1, syscall: 1
[    0.165222] ------------[ cut here ]------------
[    0.165417] WARNING: CPU: 0 PID: 1 at /home/vagrant/firmadyne-kernel/kernel-v4.1/fs/sysfs/dir.c:31 sysfs_warn_dup+0x50/0x6c()
[    0.165858] sysfs: cannot create duplicate filename '/class/gpio'
[    0.166093] Modules linked in:
[    0.166393] CPU: 0 PID: 1 Comm: swapper Not tainted 4.1.17+ #1
[    0.166604] Hardware name: Generic DT based system
[    0.167255] [<c001c99c>] (unwind_backtrace) from [<c0019d30>] (show_stack+0x10/0x14)
[    0.167609] [<c0019d30>] (show_stack) from [<c0024ab4>] (warn_slowpath_common+0x80/0xa8)
[    0.167926] [<c0024ab4>] (warn_slowpath_common) from [<c0024b08>] (warn_slowpath_fmt+0x2c/0x3c)
[    0.168275] [<c0024b08>] (warn_slowpath_fmt) from [<c00e363c>] (sysfs_warn_dup+0x50/0x6c)
[    0.168561] [<c00e363c>] (sysfs_warn_dup) from [<c00e3714>] (sysfs_create_dir_ns+0x74/0x84)
[    0.168854] [<c00e3714>] (sysfs_create_dir_ns) from [<c018e6ac>] (kobject_add_internal+0xb8/0x2ac)
[    0.169166] [<c018e6ac>] (kobject_add_internal) from [<c018e9a8>] (kset_register+0x1c/0x44)
[    0.169458] [<c018e9a8>] (kset_register) from [<c02090b4>] (__class_register+0xa8/0x198)
[    0.169750] [<c02090b4>] (__class_register) from [<c02091e4>] (__class_create+0x40/0x70)
[    0.170246] [<c02091e4>] (__class_create) from [<c01adf68>] (register_devfs_stubs+0x314/0xbb4)
[    0.170560] [<c01adf68>] (register_devfs_stubs) from [<c05d9b08>] (init_module+0x28/0xa4)
[    0.170878] [<c05d9b08>] (init_module) from [<c0009670>] (do_one_initcall+0x104/0x1b4)
[    0.171164] [<c0009670>] (do_one_initcall) from [<c05c7d08>] (kernel_init_freeable+0xf0/0x1b0)
[    0.171468] [<c05c7d08>] (kernel_init_freeable) from [<c040f28c>] (kernel_init+0x8/0xe4)
[    0.171764] [<c040f28c>] (kernel_init) from [<c0016da8>] (ret_from_fork+0x14/0x2c)
[    0.172093] ---[ end trace 407727e577e45756 ]---
[    0.172328] ------------[ cut here ]------------
[    0.172504] WARNING: CPU: 0 PID: 1 at /home/vagrant/firmadyne-kernel/kernel-v4.1/lib/kobject.c:240 kobject_add_internal+0x240/0x2ac()
[    0.172902] kobject_add_internal failed for gpio with -EEXIST, don't try to register things with the same name in the same directory.
[    0.173297] Modules linked in:
[    0.173468] CPU: 0 PID: 1 Comm: swapper Tainted: G        W       4.1.17+ #1
[    0.173716] Hardware name: Generic DT based system
[    0.173903] [<c001c99c>] (unwind_backtrace) from [<c0019d30>] (show_stack+0x10/0x14)
[    0.174184] [<c0019d30>] (show_stack) from [<c0024ab4>] (warn_slowpath_common+0x80/0xa8)
[    0.174476] [<c0024ab4>] (warn_slowpath_common) from [<c0024b08>] (warn_slowpath_fmt+0x2c/0x3c)
[    0.174789] [<c0024b08>] (warn_slowpath_fmt) from [<c018e834>] (kobject_add_internal+0x240/0x2ac)
[    0.175102] [<c018e834>] (kobject_add_internal) from [<c018e9a8>] (kset_register+0x1c/0x44)
[    0.175398] [<c018e9a8>] (kset_register) from [<c02090b4>] (__class_register+0xa8/0x198)
[    0.175685] [<c02090b4>] (__class_register) from [<c02091e4>] (__class_create+0x40/0x70)
[    0.175984] [<c02091e4>] (__class_create) from [<c01adf68>] (register_devfs_stubs+0x314/0xbb4)
[    0.176291] [<c01adf68>] (register_devfs_stubs) from [<c05d9b08>] (init_module+0x28/0xa4)
[    0.176581] [<c05d9b08>] (init_module) from [<c0009670>] (do_one_initcall+0x104/0x1b4)
[    0.176864] [<c0009670>] (do_one_initcall) from [<c05c7d08>] (kernel_init_freeable+0xf0/0x1b0)
[    0.177168] [<c05c7d08>] (kernel_init_freeable) from [<c040f28c>] (kernel_init+0x8/0xe4)
[    0.177449] [<c040f28c>] (kernel_init) from [<c0016da8>] (ret_from_fork+0x14/0x2c)
[    0.177725] ---[ end trace 407727e577e45757 ]---
[    0.177935] firmadyne: Cannot create device class: gpio!
[    0.179289] firmadyne: Cannot register character device: watchdog, 0xa, 0x82!
[    0.179557] firmadyne: Cannot register character device: wdt, 0xfd, 0x0!
[    0.273200] Non-volatile memory driver v1.3
[    0.291630] brd: module loaded
[    0.300366] loop: module loaded
[    0.308167]  vda: vda1
[    0.312178] [nandsim] warning: read_byte: unexpected data output cycle, state is STATE_READY return 0x0
[    0.312528] [nandsim] warning: read_byte: unexpected data output cycle, state is STATE_READY return 0x0
[    0.312847] [nandsim] warning: read_byte: unexpected data output cycle, state is STATE_READY return 0x0
[    0.313163] [nandsim] warning: read_byte: unexpected data output cycle, state is STATE_READY return 0x0
[    0.313478] [nandsim] warning: read_byte: unexpected data output cycle, state is STATE_READY return 0x0
[    0.313802] [nandsim] warning: read_byte: unexpected data output cycle, state is STATE_READY return 0x0
[    0.314324] nand: device found, Manufacturer ID: 0x98, Chip ID: 0x39
[    0.314560] nand: Toshiba NAND 128MiB 1,8V 8-bit
[    0.314745] nand: 128 MiB, SLC, erase size: 16 KiB, page size: 512, OOB size: 16
[    0.315608] flash size: 128 MiB
[    0.315742] page size: 512 bytes
[    0.315865] OOB area size: 16 bytes
[    0.315992] sector size: 16 KiB
[    0.316109] pages number: 262144
[    0.316228] pages per sector: 32
[    0.316346] bus width: 8
[    0.316442] bits in sector size: 14
[    0.316568] bits in page size: 9
[    0.316691] bits in OOB size: 4
[    0.316812] flash size with OOB: 135168 KiB
[    0.316961] page address bytes: 4
[    0.317084] sector address bytes: 3
[    0.317211] options: 0x42
[    0.322010] Scanning device for bad blocks
[    0.446049] Creating 11 MTD partitions on "NAND 128MiB 1,8V 8-bit":
[    0.446513] 0x000000000000-0x000000100000 : "NAND simulator partition 0"
[    0.449293] 0x000000100000-0x000000200000 : "NAND simulator partition 1"
[    0.450824] 0x000000200000-0x000000300000 : "NAND simulator partition 2"
[    0.452115] 0x000000300000-0x000000400000 : "NAND simulator partition 3"
[    0.453378] 0x000000400000-0x000000500000 : "NAND simulator partition 4"
[    0.454635] 0x000000500000-0x000000600000 : "NAND simulator partition 5"
[    0.455945] 0x000000600000-0x000000700000 : "NAND simulator partition 6"
[    0.457229] 0x000000700000-0x000000800000 : "NAND simulator partition 7"
[    0.458626] 0x000000800000-0x000000900000 : "NAND simulator partition 8"
[    0.460241] 0x000000900000-0x000000a00000 : "NAND simulator partition 9"
[    0.461559] 0x000000a00000-0x000008000000 : "NAND simulator partition 10"
[    0.465727] tun: Universal TUN/TAP device driver, 1.6
[    0.465919] tun: (C) 1999-2004 Max Krasnyansky <maxk@qualcomm.com>
[    0.482713] PPP generic driver version 2.4.2
[    0.483360] PPP BSD Compression module registered
[    0.483579] PPP Deflate Compression module registered
[    0.483860] PPP MPPE Compression module registered
[    0.484069] NET: Registered protocol family 24
[    0.484394] PPTP driver version 0.8.5
[    0.485050] usbcore: registered new interface driver usb-storage
[    0.486539] hidraw: raw HID events driver (C) Jiri Kosina
[    0.487041] usbcore: registered new interface driver usbhid
[    0.487243] usbhid: USB HID core driver
[    0.487674] Netfilter messages via NETLINK v0.30.
[    0.488269] nf_conntrack version 0.5.0 (3958 buckets, 15832 max)
[    0.489502] ctnetlink v0.93: registering with nfnetlink.
[    0.491046] ipip: IPv4 over IPv4 tunneling driver
[    0.492842] gre: GRE over IPv4 demultiplexor driver
[    0.493058] ip_gre: GRE over IPv4 tunneling driver
[    0.497036] ip_tables: (C) 2000-2006 Netfilter Core Team
[    0.498509] arp_tables: (C) 2002 David S. Miller
[    0.499509] Initializing XFRM netlink socket
[    0.500466] NET: Registered protocol family 10
[    0.506119] ip6_tables: (C) 2000-2006 Netfilter Core Team
[    0.507548] sit: IPv6 over IPv4 tunneling driver
[    0.510986] NET: Registered protocol family 17
[    0.511551] bridge: automatic filtering via arp/ip/ip6tables has been deprecated. Update your scripts to load br_netfilter if you need this.
[    0.512065] Bridge firewalling registered
[    0.512249] Ebtables v2.0 registered
[    0.513235] 8021q: 802.1Q VLAN Support v1.8
[    0.513822] Registering SWP/SWPB emulation handler
[    0.515607] hctosys: unable to open rtc device (rtc0)
[    0.524882] EXT4-fs (vda1): couldn't mount as ext3 due to feature incompatibilities
[    0.526279] EXT4-fs (vda1): mounting ext2 file system using the ext4 subsystem
[    0.537764] EXT4-fs (vda1): mounted filesystem without journal. Opts: (null)
[    0.538918] VFS: Mounted root (ext2 filesystem) on device 254:1.
[    0.544062] Freeing unused kernel memory: 180K (c05c7000 - c05f4000)
[    0.606990] random: init urandom read with 4 bits of entropy available
[    0.616500] Kernel panic - not syncing: Attempted to kill init! exitcode=0x00001600
[    0.616500] 
[    0.616852] CPU: 0 PID: 1 Comm: init Tainted: G        W       4.1.17+ #1
[    0.617084] Hardware name: Generic DT based system
[    0.617291] [<c001c99c>] (unwind_backtrace) from [<c0019d30>] (show_stack+0x10/0x14)
[    0.617570] [<c0019d30>] (show_stack) from [<c0410b78>] (panic+0x70/0x1c8)
[    0.617831] [<c0410b78>] (panic) from [<c0025714>] (do_exit+0x3c0/0x774)
[    0.618071] [<c0025714>] (do_exit) from [<c0026760>] (do_group_exit+0x48/0xa8)
[    0.618327] [<c0026760>] (do_group_exit) from [<c00267d0>] (__wake_up_parent+0x0/0x18)
[    0.618765] ---[ end Kernel panic - not syncing: Attempted to kill init! exitcode=0x00001600
[    0.618765] 
