[    0.000000] Booting Linux on physical CPU 0x0
[    0.000000] Linux version 4.1.17+ (vagrant@vagrant-ubuntu-trusty-64) (gcc version 5.3.0 (GCC) ) #1 Thu Feb 18 01:05:21 UTC 2016
[    0.000000] CPU: ARMv7 Processor [412fc0f1] revision 1 (ARMv7), cr=10c5387d
[    0.000000] CPU: PIPT / VIPT nonaliasing data cache, PIPT instruction cache
[    0.000000] Machine model: linux,dummy-virt
[    0.000000] debug: ignoring loglevel setting.
[    0.000000] Memory policy: Data cache writeback
[    0.000000] On node 0 totalpages: 65536
[    0.000000] free_area_init_node: node 0, pgdat c061dfe8, node_mem_map cfdf9000
[    0.000000]   Normal zone: 512 pages used for memmap
[    0.000000]   Normal zone: 0 pages reserved
[    0.000000]   Normal zone: 65536 pages, LIFO batch:15
[    0.000000] CPU: All CPU(s) started in SVC mode.
[    0.000000] pcpu-alloc: s0 r0 d32768 u32768 alloc=1*32768
[    0.000000] pcpu-alloc: [0] 0 
[    0.000000] Built 1 zonelists in Zone order, mobility grouping on.  Total pages: 65024
[    0.000000] Kernel command line: firmadyne.syscall=1 root=/dev/vda1 console=ttyS0 nandsim.parts=64,64,64,64,64,64,64,64,64,64 rdinit=/firmadyne/preInit.sh rw debug ignore_loglevel print-fatal-signals=1 user_debug=31
[    0.000000] PID hash table entries: 1024 (order: 0, 4096 bytes)
[    0.000000] Dentry cache hash table entries: 32768 (order: 5, 131072 bytes)
[    0.000000] Inode-cache hash table entries: 16384 (order: 4, 65536 bytes)
[    0.000000] Memory: 253344K/262144K available (4297K kernel code, 170K rwdata, 1584K rodata, 180K init, 148K bss, 8800K reserved, 0K cma-reserved)
[    0.000000] Virtual kernel memory layout:
[    0.000000]     vector  : 0xffff0000 - 0xffff1000   (   4 kB)
[    0.000000]     fixmap  : 0xffc00000 - 0xfff00000   (3072 kB)
[    0.000000]     vmalloc : 0xd0800000 - 0xff000000   ( 744 MB)
[    0.000000]     lowmem  : 0xc0000000 - 0xd0000000   ( 256 MB)
[    0.000000]     modules : 0xbf000000 - 0xc0000000   (  16 MB)
[    0.000000]       .text : 0xc0008000 - 0xc05c67bc   (5882 kB)
[    0.000000]       .init : 0xc05c7000 - 0xc05f4000   ( 180 kB)
[    0.000000]       .data : 0xc05f4000 - 0xc061e840   ( 171 kB)
[    0.000000]        .bss : 0xc0621000 - 0xc06462d4   ( 149 kB)
[    0.000000] NR_IRQS:16 nr_irqs:16 16
[    0.000000] Architected cp15 timer(s) running at 62.50MHz (virt).
[    0.000000] clocksource arch_sys_counter: mask: 0xffffffffffffff max_cycles: 0x1cd42e208c, max_idle_ns: 881590405314 ns
[    0.000128] sched_clock: 56 bits at 62MHz, resolution 16ns, wraps every 4398046511096ns
[    0.000230] Switching to timer-based delay loop, resolution 16ns
[    0.002594] Console: colour dummy device 80x30
[    0.002818] Calibrating delay loop (skipped), value calculated using timer frequency.. 125.00 BogoMIPS (lpj=625000)
[    0.002930] pid_max: default: 32768 minimum: 301
[    0.003668] Mount-cache hash table entries: 1024 (order: 0, 4096 bytes)
[    0.003697] Mountpoint-cache hash table entries: 1024 (order: 0, 4096 bytes)
[    0.010883] CPU: Testing write buffer coherency: ok
[    0.015106] Setting up static identity map for 0x40008240 - 0x40008298
[    0.028080] VFP support v0.3: implementor 41 architecture 4 part 30 variant f rev 0
[    0.037324] clocksource jiffies: mask: 0xffffffff max_cycles: 0xffffffff, max_idle_ns: 19112604462750000 ns
[    0.043997] NET: Registered protocol family 16
[    0.046188] DMA: preallocated 256 KiB pool for atomic coherent allocations
[    0.049112] cpuidle: using governor ladder
[    0.049218] cpuidle: using governor menu
[    0.052007] genirq: Setting trigger mode 1 for irq 20 failed (gic_set_type+0x0/0x48)
[    0.053265] genirq: Setting trigger mode 1 for irq 21 failed (gic_set_type+0x0/0x48)
[    0.053671] genirq: Setting trigger mode 1 for irq 22 failed (gic_set_type+0x0/0x48)
[    0.053918] genirq: Setting trigger mode 1 for irq 23 failed (gic_set_type+0x0/0x48)
[    0.054146] genirq: Setting trigger mode 1 for irq 24 failed (gic_set_type+0x0/0x48)
[    0.054375] genirq: Setting trigger mode 1 for irq 25 failed (gic_set_type+0x0/0x48)
[    0.054581] genirq: Setting trigger mode 1 for irq 26 failed (gic_set_type+0x0/0x48)
[    0.054785] genirq: Setting trigger mode 1 for irq 27 failed (gic_set_type+0x0/0x48)
[    0.055071] genirq: Setting trigger mode 1 for irq 28 failed (gic_set_type+0x0/0x48)
[    0.055283] genirq: Setting trigger mode 1 for irq 29 failed (gic_set_type+0x0/0x48)
[    0.055481] genirq: Setting trigger mode 1 for irq 30 failed (gic_set_type+0x0/0x48)
[    0.055704] genirq: Setting trigger mode 1 for irq 31 failed (gic_set_type+0x0/0x48)
[    0.055904] genirq: Setting trigger mode 1 for irq 32 failed (gic_set_type+0x0/0x48)
[    0.056131] genirq: Setting trigger mode 1 for irq 33 failed (gic_set_type+0x0/0x48)
[    0.056357] genirq: Setting trigger mode 1 for irq 34 failed (gic_set_type+0x0/0x48)
[    0.056582] genirq: Setting trigger mode 1 for irq 35 failed (gic_set_type+0x0/0x48)
[    0.056816] genirq: Setting trigger mode 1 for irq 36 failed (gic_set_type+0x0/0x48)
[    0.057054] genirq: Setting trigger mode 1 for irq 37 failed (gic_set_type+0x0/0x48)
[    0.057331] genirq: Setting trigger mode 1 for irq 38 failed (gic_set_type+0x0/0x48)
[    0.057543] genirq: Setting trigger mode 1 for irq 39 failed (gic_set_type+0x0/0x48)
[    0.057746] genirq: Setting trigger mode 1 for irq 40 failed (gic_set_type+0x0/0x48)
[    0.057953] genirq: Setting trigger mode 1 for irq 41 failed (gic_set_type+0x0/0x48)
[    0.058166] genirq: Setting trigger mode 1 for irq 42 failed (gic_set_type+0x0/0x48)
[    0.058395] genirq: Setting trigger mode 1 for irq 43 failed (gic_set_type+0x0/0x48)
[    0.058617] genirq: Setting trigger mode 1 for irq 44 failed (gic_set_type+0x0/0x48)
[    0.058869] genirq: Setting trigger mode 1 for irq 45 failed (gic_set_type+0x0/0x48)
[    0.059112] genirq: Setting trigger mode 1 for irq 46 failed (gic_set_type+0x0/0x48)
[    0.059394] genirq: Setting trigger mode 1 for irq 47 failed (gic_set_type+0x0/0x48)
[    0.059655] genirq: Setting trigger mode 1 for irq 48 failed (gic_set_type+0x0/0x48)
[    0.059899] genirq: Setting trigger mode 1 for irq 49 failed (gic_set_type+0x0/0x48)
[    0.060136] genirq: Setting trigger mode 1 for irq 50 failed (gic_set_type+0x0/0x48)
[    0.060372] genirq: Setting trigger mode 1 for irq 51 failed (gic_set_type+0x0/0x48)
[    0.060776] genirq: Setting trigger mode 1 for irq 52 failed (gic_set_type+0x0/0x48)
[    0.063933] Serial: AMBA PL011 UART driver
[    0.065579] 9000000.pl011: ttyS0 at MMIO 0x9000000 (irq = 52, base_baud = 0) is a PL011 rev1
[    0.083691] console [ttyS0] enabled
[    0.101430] vgaarb: loaded
[    0.102537] SCSI subsystem initialized
[    0.103265] usbcore: registered new interface driver usbfs
[    0.103559] usbcore: registered new interface driver hub
[    0.103905] usbcore: registered new device driver usb
[    0.111088] cfg80211: Calling CRDA to update world regulatory domain
[    0.112970] Switched to clocksource arch_sys_counter
[    0.125690] NET: Registered protocol family 2
[    0.129543] TCP established hash table entries: 2048 (order: 1, 8192 bytes)
[    0.129818] TCP bind hash table entries: 2048 (order: 1, 8192 bytes)
[    0.130155] TCP: Hash tables configured (established 2048 bind 2048)
[    0.130680] UDP hash table entries: 256 (order: 0, 4096 bytes)
[    0.130976] UDP-Lite hash table entries: 256 (order: 0, 4096 bytes)
[    0.132187] NET: Registered protocol family 1
[    0.132577] PCI: CLS 0 bytes, default 64
[    0.137803] NetWinder Floating Point Emulator V0.97 (extended precision)
[    0.139624] futex hash table entries: 256 (order: -1, 3072 bytes)
[    0.143550] squashfs: version 4.0 (2009/01/31) Phillip Lougher
[    0.144478] jffs2: version 2.2. (NAND) Â© 2001-2006 Red Hat, Inc.
[    0.145162] romfs: ROMFS MTD (C) 2007 Red Hat, Inc.
[    0.152073] Block layer SCSI generic (bsg) driver version 0.4 loaded (major 253)
[    0.152426] io scheduler noop registered
[    0.152666] io scheduler cfq registered (default)
[    0.153562] firmadyne: devfs: 1, execute: 1, procfs: 1, syscall: 1
[    0.154594] ------------[ cut here ]------------
[    0.154761] WARNING: CPU: 0 PID: 1 at /home/vagrant/firmadyne-kernel/kernel-v4.1/fs/sysfs/dir.c:31 sysfs_warn_dup+0x50/0x6c()
[    0.155077] sysfs: cannot create duplicate filename '/class/gpio'
[    0.155272] Modules linked in:
[    0.155531] CPU: 0 PID: 1 Comm: swapper Not tainted 4.1.17+ #1
[    0.155745] Hardware name: Generic DT based system
[    0.156395] [<c001c99c>] (unwind_backtrace) from [<c0019d30>] (show_stack+0x10/0x14)
[    0.156736] [<c0019d30>] (show_stack) from [<c0024ab4>] (warn_slowpath_common+0x80/0xa8)
[    0.157029] [<c0024ab4>] (warn_slowpath_common) from [<c0024b08>] (warn_slowpath_fmt+0x2c/0x3c)
[    0.157366] [<c0024b08>] (warn_slowpath_fmt) from [<c00e363c>] (sysfs_warn_dup+0x50/0x6c)
[    0.157642] [<c00e363c>] (sysfs_warn_dup) from [<c00e3714>] (sysfs_create_dir_ns+0x74/0x84)
[    0.157920] [<c00e3714>] (sysfs_create_dir_ns) from [<c018e6ac>] (kobject_add_internal+0xb8/0x2ac)
[    0.158177] [<c018e6ac>] (kobject_add_internal) from [<c018e9a8>] (kset_register+0x1c/0x44)
[    0.158430] [<c018e9a8>] (kset_register) from [<c02090b4>] (__class_register+0xa8/0x198)
[    0.158665] [<c02090b4>] (__class_register) from [<c02091e4>] (__class_create+0x40/0x70)
[    0.158901] [<c02091e4>] (__class_create) from [<c01adf68>] (register_devfs_stubs+0x314/0xbb4)
[    0.159183] [<c01adf68>] (register_devfs_stubs) from [<c05d9b08>] (init_module+0x28/0xa4)
[    0.159482] [<c05d9b08>] (init_module) from [<c0009670>] (do_one_initcall+0x104/0x1b4)
[    0.159759] [<c0009670>] (do_one_initcall) from [<c05c7d08>] (kernel_init_freeable+0xf0/0x1b0)
[    0.160050] [<c05c7d08>] (kernel_init_freeable) from [<c040f28c>] (kernel_init+0x8/0xe4)
[    0.160320] [<c040f28c>] (kernel_init) from [<c0016da8>] (ret_from_fork+0x14/0x2c)
[    0.160633] ---[ end trace f847e323d8b46c42 ]---
[    0.160860] ------------[ cut here ]------------
[    0.161028] WARNING: CPU: 0 PID: 1 at /home/vagrant/firmadyne-kernel/kernel-v4.1/lib/kobject.c:240 kobject_add_internal+0x240/0x2ac()
[    0.161408] kobject_add_internal failed for gpio with -EEXIST, don't try to register things with the same name in the same directory.
[    0.161783] Modules linked in:
[    0.161941] CPU: 0 PID: 1 Comm: swapper Tainted: G        W       4.1.17+ #1
[    0.162136] Hardware name: Generic DT based system
[    0.162288] [<c001c99c>] (unwind_backtrace) from [<c0019d30>] (show_stack+0x10/0x14)
[    0.162524] [<c0019d30>] (show_stack) from [<c0024ab4>] (warn_slowpath_common+0x80/0xa8)
[    0.162931] [<c0024ab4>] (warn_slowpath_common) from [<c0024b08>] (warn_slowpath_fmt+0x2c/0x3c)
[    0.163189] [<c0024b08>] (warn_slowpath_fmt) from [<c018e834>] (kobject_add_internal+0x240/0x2ac)
[    0.163444] [<c018e834>] (kobject_add_internal) from [<c018e9a8>] (kset_register+0x1c/0x44)
[    0.163724] [<c018e9a8>] (kset_register) from [<c02090b4>] (__class_register+0xa8/0x198)
[    0.163997] [<c02090b4>] (__class_register) from [<c02091e4>] (__class_create+0x40/0x70)
[    0.164273] [<c02091e4>] (__class_create) from [<c01adf68>] (register_devfs_stubs+0x314/0xbb4)
[    0.164565] [<c01adf68>] (register_devfs_stubs) from [<c05d9b08>] (init_module+0x28/0xa4)
[    0.164842] [<c05d9b08>] (init_module) from [<c0009670>] (do_one_initcall+0x104/0x1b4)
[    0.165112] [<c0009670>] (do_one_initcall) from [<c05c7d08>] (kernel_init_freeable+0xf0/0x1b0)
[    0.165404] [<c05c7d08>] (kernel_init_freeable) from [<c040f28c>] (kernel_init+0x8/0xe4)
[    0.165674] [<c040f28c>] (kernel_init) from [<c0016da8>] (ret_from_fork+0x14/0x2c)
[    0.165933] ---[ end trace f847e323d8b46c43 ]---
[    0.166106] firmadyne: Cannot create device class: gpio!
[    0.167493] firmadyne: Cannot register character device: watchdog, 0xa, 0x82!
[    0.167800] firmadyne: Cannot register character device: wdt, 0xfd, 0x0!
[    0.255455] Non-volatile memory driver v1.3
[    0.273052] brd: module loaded
[    0.280388] loop: module loaded
[    0.288712]  vda: vda1
[    0.292275] [nandsim] warning: read_byte: unexpected data output cycle, state is STATE_READY return 0x0
[    0.292608] [nandsim] warning: read_byte: unexpected data output cycle, state is STATE_READY return 0x0
[    0.293108] [nandsim] warning: read_byte: unexpected data output cycle, state is STATE_READY return 0x0
[    0.293413] [nandsim] warning: read_byte: unexpected data output cycle, state is STATE_READY return 0x0
[    0.293712] [nandsim] warning: read_byte: unexpected data output cycle, state is STATE_READY return 0x0
[    0.293993] [nandsim] warning: read_byte: unexpected data output cycle, state is STATE_READY return 0x0
[    0.294444] nand: device found, Manufacturer ID: 0x98, Chip ID: 0x39
[    0.294638] nand: Toshiba NAND 128MiB 1,8V 8-bit
[    0.294791] nand: 128 MiB, SLC, erase size: 16 KiB, page size: 512, OOB size: 16
[    0.295522] flash size: 128 MiB
[    0.295652] page size: 512 bytes
[    0.295767] OOB area size: 16 bytes
[    0.295889] sector size: 16 KiB
[    0.295999] pages number: 262144
[    0.296112] pages per sector: 32
[    0.296225] bus width: 8
[    0.296317] bits in sector size: 14
[    0.296438] bits in page size: 9
[    0.296554] bits in OOB size: 4
[    0.296669] flash size with OOB: 135168 KiB
[    0.296811] page address bytes: 4
[    0.296930] sector address bytes: 3
[    0.297051] options: 0x42
[    0.301224] Scanning device for bad blocks
[    0.420471] Creating 11 MTD partitions on "NAND 128MiB 1,8V 8-bit":
[    0.420930] 0x000000000000-0x000000100000 : "NAND simulator partition 0"
[    0.423569] 0x000000100000-0x000000200000 : "NAND simulator partition 1"
[    0.424683] 0x000000200000-0x000000300000 : "NAND simulator partition 2"
[    0.425749] 0x000000300000-0x000000400000 : "NAND simulator partition 3"
[    0.426820] 0x000000400000-0x000000500000 : "NAND simulator partition 4"
[    0.427916] 0x000000500000-0x000000600000 : "NAND simulator partition 5"
[    0.429015] 0x000000600000-0x000000700000 : "NAND simulator partition 6"
[    0.430096] 0x000000700000-0x000000800000 : "NAND simulator partition 7"
[    0.431433] 0x000000800000-0x000000900000 : "NAND simulator partition 8"
[    0.433011] 0x000000900000-0x000000a00000 : "NAND simulator partition 9"
[    0.434118] 0x000000a00000-0x000008000000 : "NAND simulator partition 10"
[    0.437689] tun: Universal TUN/TAP device driver, 1.6
[    0.437847] tun: (C) 1999-2004 Max Krasnyansky <maxk@qualcomm.com>
[    0.457727] PPP generic driver version 2.4.2
[    0.458315] PPP BSD Compression module registered
[    0.458493] PPP Deflate Compression module registered
[    0.458714] PPP MPPE Compression module registered
[    0.458885] NET: Registered protocol family 24
[    0.459160] PPTP driver version 0.8.5
[    0.459936] usbcore: registered new interface driver usb-storage
[    0.461436] hidraw: raw HID events driver (C) Jiri Kosina
[    0.461925] usbcore: registered new interface driver usbhid
[    0.462089] usbhid: USB HID core driver
[    0.462473] Netfilter messages via NETLINK v0.30.
[    0.463154] nf_conntrack version 0.5.0 (3958 buckets, 15832 max)
[    0.464362] ctnetlink v0.93: registering with nfnetlink.
[    0.465673] ipip: IPv4 over IPv4 tunneling driver
[    0.467276] gre: GRE over IPv4 demultiplexor driver
[    0.467487] ip_gre: GRE over IPv4 tunneling driver
[    0.471275] ip_tables: (C) 2000-2006 Netfilter Core Team
[    0.472917] arp_tables: (C) 2002 David S. Miller
[    0.473926] Initializing XFRM netlink socket
[    0.474362] NET: Registered protocol family 10
[    0.479706] ip6_tables: (C) 2000-2006 Netfilter Core Team
[    0.481155] sit: IPv6 over IPv4 tunneling driver
[    0.484314] NET: Registered protocol family 17
[    0.484800] bridge: automatic filtering via arp/ip/ip6tables has been deprecated. Update your scripts to load br_netfilter if you need this.
[    0.485206] Bridge firewalling registered
[    0.485356] Ebtables v2.0 registered
[    0.486222] 8021q: 802.1Q VLAN Support v1.8
[    0.486730] Registering SWP/SWPB emulation handler
[    0.488417] hctosys: unable to open rtc device (rtc0)
[    0.496753] EXT4-fs (vda1): couldn't mount as ext3 due to feature incompatibilities
[    0.498099] EXT4-fs (vda1): mounting ext2 file system using the ext4 subsystem
[    0.509353] EXT4-fs (vda1): mounted filesystem without journal. Opts: (null)
[    0.510254] VFS: Mounted root (ext2 filesystem) on device 254:1.
[    0.514810] Freeing unused kernel memory: 180K (c05c7000 - c05f4000)
[    0.536813] firmadyne: do_execve: /firmadyne/console
[    0.537018] OFFSETS: offset of pid: 0x190 offset of comm: 0x270
[    0.544788] Kernel panic - not syncing: No working init found.  Try passing init= option to kernel. See Linux Documentation/init.txt for guidance.
[    0.545198] CPU: 0 PID: 1 Comm: swapper Tainted: G        W       4.1.17+ #1
[    0.545392] Hardware name: Generic DT based system
[    0.545563] [<c001c99c>] (unwind_backtrace) from [<c0019d30>] (show_stack+0x10/0x14)
[    0.545790] [<c0019d30>] (show_stack) from [<c0410b78>] (panic+0x70/0x1c8)
[    0.545994] [<c0410b78>] (panic) from [<c040f33c>] (kernel_init+0xb8/0xe4)
[    0.546191] [<c040f33c>] (kernel_init) from [<c0016da8>] (ret_from_fork+0x14/0x2c)
[    0.546569] ---[ end Kernel panic - not syncing: No working init found.  Try passing init= option to kernel. See Linux Documentation/init.txt for guidance.
