[    0.000000] Booting Linux on physical CPU 0x0
[    0.000000] Linux version 4.1.17+ (vagrant@vagrant-ubuntu-trusty-64) (gcc version 5.3.0 (GCC) ) #1 Thu Feb 18 01:05:21 UTC 2016
[    0.000000] CPU: ARMv7 Processor [412fc0f1] revision 1 (ARMv7), cr=10c5387d
[    0.000000] CPU: PIPT / VIPT nonaliasing data cache, PIPT instruction cache
[    0.000000] Machine model: linux,dummy-virt
[    0.000000] debug: ignoring loglevel setting.
[    0.000000] Memory policy: Data cache writeback
[    0.000000] On node 0 totalpages: 65536
[    0.000000] free_area_init_node: node 0, pgdat c061dfe8, node_mem_map cfdf9000
[    0.000000]   Normal zone: 512 pages used for memmap
[    0.000000]   Normal zone: 0 pages reserved
[    0.000000]   Normal zone: 65536 pages, LIFO batch:15
[    0.000000] CPU: All CPU(s) started in SVC mode.
[    0.000000] pcpu-alloc: s0 r0 d32768 u32768 alloc=1*32768
[    0.000000] pcpu-alloc: [0] 0 
[    0.000000] Built 1 zonelists in Zone order, mobility grouping on.  Total pages: 65024
[    0.000000] Kernel command line: root=/dev/vda1 console=ttyS0 nandsim.parts=64,64,64,64,64,64,64,64,64,64 rdinit=/firmadyne/preInit.sh rw debug ignore_loglevel print-fatal-signals=1 user_debug=31 firmadyne.syscall=0
[    0.000000] PID hash table entries: 1024 (order: 0, 4096 bytes)
[    0.000000] Dentry cache hash table entries: 32768 (order: 5, 131072 bytes)
[    0.000000] Inode-cache hash table entries: 16384 (order: 4, 65536 bytes)
[    0.000000] Memory: 253344K/262144K available (4297K kernel code, 170K rwdata, 1584K rodata, 180K init, 148K bss, 8800K reserved, 0K cma-reserved)
[    0.000000] Virtual kernel memory layout:
[    0.000000]     vector  : 0xffff0000 - 0xffff1000   (   4 kB)
[    0.000000]     fixmap  : 0xffc00000 - 0xfff00000   (3072 kB)
[    0.000000]     vmalloc : 0xd0800000 - 0xff000000   ( 744 MB)
[    0.000000]     lowmem  : 0xc0000000 - 0xd0000000   ( 256 MB)
[    0.000000]     modules : 0xbf000000 - 0xc0000000   (  16 MB)
[    0.000000]       .text : 0xc0008000 - 0xc05c67bc   (5882 kB)
[    0.000000]       .init : 0xc05c7000 - 0xc05f4000   ( 180 kB)
[    0.000000]       .data : 0xc05f4000 - 0xc061e840   ( 171 kB)
[    0.000000]        .bss : 0xc0621000 - 0xc06462d4   ( 149 kB)
[    0.000000] NR_IRQS:16 nr_irqs:16 16
[    0.000000] Architected cp15 timer(s) running at 62.50MHz (virt).
[    0.000000] clocksource arch_sys_counter: mask: 0xffffffffffffff max_cycles: 0x1cd42e208c, max_idle_ns: 881590405314 ns
[    0.000129] sched_clock: 56 bits at 62MHz, resolution 16ns, wraps every 4398046511096ns
[    0.000231] Switching to timer-based delay loop, resolution 16ns
[    0.002749] Console: colour dummy device 80x30
[    0.003034] Calibrating delay loop (skipped), value calculated using timer frequency.. 125.00 BogoMIPS (lpj=625000)
[    0.003137] pid_max: default: 32768 minimum: 301
[    0.003920] Mount-cache hash table entries: 1024 (order: 0, 4096 bytes)
[    0.003949] Mountpoint-cache hash table entries: 1024 (order: 0, 4096 bytes)
[    0.011667] CPU: Testing write buffer coherency: ok
[    0.016774] Setting up static identity map for 0x40008240 - 0x40008298
[    0.029041] VFP support v0.3: implementor 41 architecture 4 part 30 variant f rev 0
[    0.038996] clocksource jiffies: mask: 0xffffffff max_cycles: 0xffffffff, max_idle_ns: 19112604462750000 ns
[    0.046505] NET: Registered protocol family 16
[    0.049272] DMA: preallocated 256 KiB pool for atomic coherent allocations
[    0.052497] cpuidle: using governor ladder
[    0.052622] cpuidle: using governor menu
[    0.055746] genirq: Setting trigger mode 1 for irq 20 failed (gic_set_type+0x0/0x48)
[    0.057192] genirq: Setting trigger mode 1 for irq 21 failed (gic_set_type+0x0/0x48)
[    0.057457] genirq: Setting trigger mode 1 for irq 22 failed (gic_set_type+0x0/0x48)
[    0.057732] genirq: Setting trigger mode 1 for irq 23 failed (gic_set_type+0x0/0x48)
[    0.058097] genirq: Setting trigger mode 1 for irq 24 failed (gic_set_type+0x0/0x48)
[    0.058372] genirq: Setting trigger mode 1 for irq 25 failed (gic_set_type+0x0/0x48)
[    0.058613] genirq: Setting trigger mode 1 for irq 26 failed (gic_set_type+0x0/0x48)
[    0.058854] genirq: Setting trigger mode 1 for irq 27 failed (gic_set_type+0x0/0x48)
[    0.059220] genirq: Setting trigger mode 1 for irq 28 failed (gic_set_type+0x0/0x48)
[    0.059487] genirq: Setting trigger mode 1 for irq 29 failed (gic_set_type+0x0/0x48)
[    0.059722] genirq: Setting trigger mode 1 for irq 30 failed (gic_set_type+0x0/0x48)
[    0.059973] genirq: Setting trigger mode 1 for irq 31 failed (gic_set_type+0x0/0x48)
[    0.060207] genirq: Setting trigger mode 1 for irq 32 failed (gic_set_type+0x0/0x48)
[    0.060460] genirq: Setting trigger mode 1 for irq 33 failed (gic_set_type+0x0/0x48)
[    0.060692] genirq: Setting trigger mode 1 for irq 34 failed (gic_set_type+0x0/0x48)
[    0.060919] genirq: Setting trigger mode 1 for irq 35 failed (gic_set_type+0x0/0x48)
[    0.061166] genirq: Setting trigger mode 1 for irq 36 failed (gic_set_type+0x0/0x48)
[    0.061421] genirq: Setting trigger mode 1 for irq 37 failed (gic_set_type+0x0/0x48)
[    0.061713] genirq: Setting trigger mode 1 for irq 38 failed (gic_set_type+0x0/0x48)
[    0.061966] genirq: Setting trigger mode 1 for irq 39 failed (gic_set_type+0x0/0x48)
[    0.062231] genirq: Setting trigger mode 1 for irq 40 failed (gic_set_type+0x0/0x48)
[    0.062492] genirq: Setting trigger mode 1 for irq 41 failed (gic_set_type+0x0/0x48)
[    0.062753] genirq: Setting trigger mode 1 for irq 42 failed (gic_set_type+0x0/0x48)
[    0.063120] genirq: Setting trigger mode 1 for irq 43 failed (gic_set_type+0x0/0x48)
[    0.063528] genirq: Setting trigger mode 1 for irq 44 failed (gic_set_type+0x0/0x48)
[    0.063812] genirq: Setting trigger mode 1 for irq 45 failed (gic_set_type+0x0/0x48)
[    0.064062] genirq: Setting trigger mode 1 for irq 46 failed (gic_set_type+0x0/0x48)
[    0.064350] genirq: Setting trigger mode 1 for irq 47 failed (gic_set_type+0x0/0x48)
[    0.064619] genirq: Setting trigger mode 1 for irq 48 failed (gic_set_type+0x0/0x48)
[    0.064866] genirq: Setting trigger mode 1 for irq 49 failed (gic_set_type+0x0/0x48)
[    0.065107] genirq: Setting trigger mode 1 for irq 50 failed (gic_set_type+0x0/0x48)
[    0.065345] genirq: Setting trigger mode 1 for irq 51 failed (gic_set_type+0x0/0x48)
[    0.065777] genirq: Setting trigger mode 1 for irq 52 failed (gic_set_type+0x0/0x48)
[    0.069180] Serial: AMBA PL011 UART driver
[    0.070855] 9000000.pl011: ttyS0 at MMIO 0x9000000 (irq = 52, base_baud = 0) is a PL011 rev1
[    0.135249] console [ttyS0] enabled
[    0.155316] vgaarb: loaded
[    0.157181] SCSI subsystem initialized
[    0.158847] usbcore: registered new interface driver usbfs
[    0.160494] usbcore: registered new interface driver hub
[    0.161757] usbcore: registered new device driver usb
[    0.170385] cfg80211: Calling CRDA to update world regulatory domain
[    0.173555] Switched to clocksource arch_sys_counter
[    0.189459] NET: Registered protocol family 2
[    0.194688] TCP established hash table entries: 2048 (order: 1, 8192 bytes)
[    0.196261] TCP bind hash table entries: 2048 (order: 1, 8192 bytes)
[    0.197730] TCP: Hash tables configured (established 2048 bind 2048)
[    0.199438] UDP hash table entries: 256 (order: 0, 4096 bytes)
[    0.200719] UDP-Lite hash table entries: 256 (order: 0, 4096 bytes)
[    0.203169] NET: Registered protocol family 1
[    0.204717] PCI: CLS 0 bytes, default 64
[    0.211700] NetWinder Floating Point Emulator V0.97 (extended precision)
[    0.215375] futex hash table entries: 256 (order: -1, 3072 bytes)
[    0.221071] squashfs: version 4.0 (2009/01/31) Phillip Lougher
[    0.223701] jffs2: version 2.2. (NAND) Â© 2001-2006 Red Hat, Inc.
[    0.225601] romfs: ROMFS MTD (C) 2007 Red Hat, Inc.
[    0.234001] Block layer SCSI generic (bsg) driver version 0.4 loaded (major 253)
[    0.235642] io scheduler noop registered
[    0.236569] io scheduler cfq registered (default)
[    0.238074] firmadyne: devfs: 1, execute: 1, procfs: 1, syscall: 0
[    0.240388] ------------[ cut here ]------------
[    0.241398] WARNING: CPU: 0 PID: 1 at /home/vagrant/firmadyne-kernel/kernel-v4.1/fs/sysfs/dir.c:31 sysfs_warn_dup+0x50/0x6c()
[    0.243886] sysfs: cannot create duplicate filename '/class/gpio'
[    0.245132] Modules linked in:
[    0.246031] CPU: 0 PID: 1 Comm: swapper Not tainted 4.1.17+ #1
[    0.247185] Hardware name: Generic DT based system
[    0.248727] [<c001c99c>] (unwind_backtrace) from [<c0019d30>] (show_stack+0x10/0x14)
[    0.250404] [<c0019d30>] (show_stack) from [<c0024ab4>] (warn_slowpath_common+0x80/0xa8)
[    0.252043] [<c0024ab4>] (warn_slowpath_common) from [<c0024b08>] (warn_slowpath_fmt+0x2c/0x3c)
[    0.254078] [<c0024b08>] (warn_slowpath_fmt) from [<c00e363c>] (sysfs_warn_dup+0x50/0x6c)
[    0.255693] [<c00e363c>] (sysfs_warn_dup) from [<c00e3714>] (sysfs_create_dir_ns+0x74/0x84)
[    0.257332] [<c00e3714>] (sysfs_create_dir_ns) from [<c018e6ac>] (kobject_add_internal+0xb8/0x2ac)
[    0.258523] [<c018e6ac>] (kobject_add_internal) from [<c018e9a8>] (kset_register+0x1c/0x44)
[    0.259647] [<c018e9a8>] (kset_register) from [<c02090b4>] (__class_register+0xa8/0x198)
[    0.260483] [<c02090b4>] (__class_register) from [<c02091e4>] (__class_create+0x40/0x70)
[    0.261402] [<c02091e4>] (__class_create) from [<c01adf68>] (register_devfs_stubs+0x314/0xbb4)
[    0.262921] [<c01adf68>] (register_devfs_stubs) from [<c05d9b08>] (init_module+0x28/0xa4)
[    0.264375] [<c05d9b08>] (init_module) from [<c0009670>] (do_one_initcall+0x104/0x1b4)
[    0.265493] [<c0009670>] (do_one_initcall) from [<c05c7d08>] (kernel_init_freeable+0xf0/0x1b0)
[    0.266463] [<c05c7d08>] (kernel_init_freeable) from [<c040f28c>] (kernel_init+0x8/0xe4)
[    0.267537] [<c040f28c>] (kernel_init) from [<c0016da8>] (ret_from_fork+0x14/0x2c)
[    0.268445] ---[ end trace 218cda9ec6aa309c ]---
[    0.269262] ------------[ cut here ]------------
[    0.270129] WARNING: CPU: 0 PID: 1 at /home/vagrant/firmadyne-kernel/kernel-v4.1/lib/kobject.c:240 kobject_add_internal+0x240/0x2ac()
[    0.271383] kobject_add_internal failed for gpio with -EEXIST, don't try to register things with the same name in the same directory.
[    0.276120] Modules linked in:
[    0.276707] CPU: 0 PID: 1 Comm: swapper Tainted: G        W       4.1.17+ #1
[    0.277552] Hardware name: Generic DT based system
[    0.278184] [<c001c99c>] (unwind_backtrace) from [<c0019d30>] (show_stack+0x10/0x14)
[    0.279082] [<c0019d30>] (show_stack) from [<c0024ab4>] (warn_slowpath_common+0x80/0xa8)
[    0.280110] [<c0024ab4>] (warn_slowpath_common) from [<c0024b08>] (warn_slowpath_fmt+0x2c/0x3c)
[    0.281105] [<c0024b08>] (warn_slowpath_fmt) from [<c018e834>] (kobject_add_internal+0x240/0x2ac)
[    0.282174] [<c018e834>] (kobject_add_internal) from [<c018e9a8>] (kset_register+0x1c/0x44)
[    0.283157] [<c018e9a8>] (kset_register) from [<c02090b4>] (__class_register+0xa8/0x198)
[    0.284412] [<c02090b4>] (__class_register) from [<c02091e4>] (__class_create+0x40/0x70)
[    0.285339] [<c02091e4>] (__class_create) from [<c01adf68>] (register_devfs_stubs+0x314/0xbb4)
[    0.288027] [<c01adf68>] (register_devfs_stubs) from [<c05d9b08>] (init_module+0x28/0xa4)
[    0.289056] [<c05d9b08>] (init_module) from [<c0009670>] (do_one_initcall+0x104/0x1b4)
[    0.289870] [<c0009670>] (do_one_initcall) from [<c05c7d08>] (kernel_init_freeable+0xf0/0x1b0)
[    0.291144] [<c05c7d08>] (kernel_init_freeable) from [<c040f28c>] (kernel_init+0x8/0xe4)
[    0.292003] [<c040f28c>] (kernel_init) from [<c0016da8>] (ret_from_fork+0x14/0x2c)
[    0.292770] ---[ end trace 218cda9ec6aa309d ]---
[    0.294047] firmadyne: Cannot create device class: gpio!
[    0.296588] firmadyne: Cannot register character device: watchdog, 0xa, 0x82!
[    0.298062] firmadyne: Cannot register character device: wdt, 0xfd, 0x0!
[    0.394178] Non-volatile memory driver v1.3
[    0.415114] brd: module loaded
[    0.424016] loop: module loaded
[    0.432755]  vda: vda1
[    0.437410] [nandsim] warning: read_byte: unexpected data output cycle, state is STATE_READY return 0x0
[    0.439368] [nandsim] warning: read_byte: unexpected data output cycle, state is STATE_READY return 0x0
[    0.441191] [nandsim] warning: read_byte: unexpected data output cycle, state is STATE_READY return 0x0
[    0.443017] [nandsim] warning: read_byte: unexpected data output cycle, state is STATE_READY return 0x0
[    0.445081] [nandsim] warning: read_byte: unexpected data output cycle, state is STATE_READY return 0x0
[    0.446960] [nandsim] warning: read_byte: unexpected data output cycle, state is STATE_READY return 0x0
[    0.448369] nand: device found, Manufacturer ID: 0x98, Chip ID: 0x39
[    0.449638] nand: Toshiba NAND 128MiB 1,8V 8-bit
[    0.450229] nand: 128 MiB, SLC, erase size: 16 KiB, page size: 512, OOB size: 16
[    0.451851] flash size: 128 MiB
[    0.452509] page size: 512 bytes
[    0.453133] OOB area size: 16 bytes
[    0.454127] sector size: 16 KiB
[    0.454748] pages number: 262144
[    0.455424] pages per sector: 32
[    0.456046] bus width: 8
[    0.456565] bits in sector size: 14
[    0.456811] bits in page size: 9
[    0.457433] bits in OOB size: 4
[    0.457699] flash size with OOB: 135168 KiB
[    0.458375] page address bytes: 4
[    0.458617] sector address bytes: 3
[    0.459129] options: 0x42
[    0.465727] Scanning device for bad blocks
[    0.577568] Creating 11 MTD partitions on "NAND 128MiB 1,8V 8-bit":
[    0.579319] 0x000000000000-0x000000100000 : "NAND simulator partition 0"
[    0.583668] 0x000000100000-0x000000200000 : "NAND simulator partition 1"
[    0.586362] 0x000000200000-0x000000300000 : "NAND simulator partition 2"
[    0.588970] 0x000000300000-0x000000400000 : "NAND simulator partition 3"
[    0.591532] 0x000000400000-0x000000500000 : "NAND simulator partition 4"
[    0.594307] 0x000000500000-0x000000600000 : "NAND simulator partition 5"
[    0.596900] 0x000000600000-0x000000700000 : "NAND simulator partition 6"
[    0.599558] 0x000000700000-0x000000800000 : "NAND simulator partition 7"
[    0.602168] 0x000000800000-0x000000900000 : "NAND simulator partition 8"
[    0.605117] 0x000000900000-0x000000a00000 : "NAND simulator partition 9"
[    0.607704] 0x000000a00000-0x000008000000 : "NAND simulator partition 10"
[    0.613071] tun: Universal TUN/TAP device driver, 1.6
[    0.614411] tun: (C) 1999-2004 Max Krasnyansky <maxk@qualcomm.com>
[    0.632412] PPP generic driver version 2.4.2
[    0.634225] PPP BSD Compression module registered
[    0.635281] PPP Deflate Compression module registered
[    0.636397] PPP MPPE Compression module registered
[    0.637379] NET: Registered protocol family 24
[    0.638570] PPTP driver version 0.8.5
[    0.639975] usbcore: registered new interface driver usb-storage
[    0.642680] hidraw: raw HID events driver (C) Jiri Kosina
[    0.644511] usbcore: registered new interface driver usbhid
[    0.645620] usbhid: USB HID core driver
[    0.646858] Netfilter messages via NETLINK v0.30.
[    0.648334] nf_conntrack version 0.5.0 (3958 buckets, 15832 max)
[    0.650732] ctnetlink v0.93: registering with nfnetlink.
[    0.653031] ipip: IPv4 over IPv4 tunneling driver
[    0.655986] gre: GRE over IPv4 demultiplexor driver
[    0.657054] ip_gre: GRE over IPv4 tunneling driver
[    0.662033] ip_tables: (C) 2000-2006 Netfilter Core Team
[    0.665096] arp_tables: (C) 2002 David S. Miller
[    0.667037] Initializing XFRM netlink socket
[    0.668369] NET: Registered protocol family 10
[    0.675183] ip6_tables: (C) 2000-2006 Netfilter Core Team
[    0.677688] sit: IPv6 over IPv4 tunneling driver
[    0.681935] NET: Registered protocol family 17
[    0.683621] bridge: automatic filtering via arp/ip/ip6tables has been deprecated. Update your scripts to load br_netfilter if you need this.
[    0.686235] Bridge firewalling registered
[    0.687120] Ebtables v2.0 registered
[    0.688882] 8021q: 802.1Q VLAN Support v1.8
[    0.690576] Registering SWP/SWPB emulation handler
[    0.693590] hctosys: unable to open rtc device (rtc0)
[    0.703252] EXT4-fs (vda1): couldn't mount as ext3 due to feature incompatibilities
[    0.706614] EXT4-fs (vda1): mounting ext2 file system using the ext4 subsystem
[    0.716979] EXT4-fs (vda1): warning: mounting unchecked fs, running e2fsck is recommended
[    0.721023] EXT4-fs (vda1): mounted filesystem without journal. Opts: (null)
[    0.723570] VFS: Mounted root (ext2 filesystem) on device 254:1.
[    0.729410] Freeing unused kernel memory: 180K (c05c7000 - c05f4000)
[    0.757116] firmadyne: do_execve: /firmadyne/console
[    0.758268] OFFSETS: offset of pid: 0x190 offset of comm: 0x270
[    0.765937] Kernel panic - not syncing: No working init found.  Try passing init= option to kernel. See Linux Documentation/init.txt for guidance.
[    0.768644] CPU: 0 PID: 1 Comm: swapper Tainted: G        W       4.1.17+ #1
[    0.770001] Hardware name: Generic DT based system
[    0.771032] [<c001c99c>] (unwind_backtrace) from [<c0019d30>] (show_stack+0x10/0x14)
[    0.772550] [<c0019d30>] (show_stack) from [<c0410b78>] (panic+0x70/0x1c8)
[    0.774024] [<c0410b78>] (panic) from [<c040f33c>] (kernel_init+0xb8/0xe4)
[    0.775414] [<c040f33c>] (kernel_init) from [<c0016da8>] (ret_from_fork+0x14/0x2c)
[    0.776737] ---[ end Kernel panic - not syncing: No working init found.  Try passing init= option to kernel. See Linux Documentation/init.txt for guidance.
