[    0.000000] Booting Linux on physical CPU 0x0
[    0.000000] Linux version 4.1.17+ (vagrant@vagrant-ubuntu-trusty-64) (gcc version 5.3.0 (GCC) ) #1 Thu Feb 18 01:05:21 UTC 2016
[    0.000000] CPU: ARMv7 Processor [412fc0f1] revision 1 (ARMv7), cr=10c5387d
[    0.000000] CPU: PIPT / VIPT nonaliasing data cache, PIPT instruction cache
[    0.000000] Machine model: linux,dummy-virt
[    0.000000] debug: ignoring loglevel setting.
[    0.000000] Memory policy: Data cache writeback
[    0.000000] On node 0 totalpages: 65536
[    0.000000] free_area_init_node: node 0, pgdat c061dfe8, node_mem_map cfdf9000
[    0.000000]   Normal zone: 512 pages used for memmap
[    0.000000]   Normal zone: 0 pages reserved
[    0.000000]   Normal zone: 65536 pages, LIFO batch:15
[    0.000000] CPU: All CPU(s) started in SVC mode.
[    0.000000] pcpu-alloc: s0 r0 d32768 u32768 alloc=1*32768
[    0.000000] pcpu-alloc: [0] 0 
[    0.000000] Built 1 zonelists in Zone order, mobility grouping on.  Total pages: 65024
[    0.000000] Kernel command line: firmadyne.syscall=1 root=/dev/vda1 console=ttyS0 nandsim.parts=64,64,64,64,64,64,64,64,64,64 rdinit=/firmadyne/preInit.sh rw debug ignore_loglevel print-fatal-signals=1 user_debug=31
[    0.000000] PID hash table entries: 1024 (order: 0, 4096 bytes)
[    0.000000] Dentry cache hash table entries: 32768 (order: 5, 131072 bytes)
[    0.000000] Inode-cache hash table entries: 16384 (order: 4, 65536 bytes)
[    0.000000] Memory: 253344K/262144K available (4297K kernel code, 170K rwdata, 1584K rodata, 180K init, 148K bss, 8800K reserved, 0K cma-reserved)
[    0.000000] Virtual kernel memory layout:
[    0.000000]     vector  : 0xffff0000 - 0xffff1000   (   4 kB)
[    0.000000]     fixmap  : 0xffc00000 - 0xfff00000   (3072 kB)
[    0.000000]     vmalloc : 0xd0800000 - 0xff000000   ( 744 MB)
[    0.000000]     lowmem  : 0xc0000000 - 0xd0000000   ( 256 MB)
[    0.000000]     modules : 0xbf000000 - 0xc0000000   (  16 MB)
[    0.000000]       .text : 0xc0008000 - 0xc05c67bc   (5882 kB)
[    0.000000]       .init : 0xc05c7000 - 0xc05f4000   ( 180 kB)
[    0.000000]       .data : 0xc05f4000 - 0xc061e840   ( 171 kB)
[    0.000000]        .bss : 0xc0621000 - 0xc06462d4   ( 149 kB)
[    0.000000] NR_IRQS:16 nr_irqs:16 16
[    0.000000] Architected cp15 timer(s) running at 62.50MHz (virt).
[    0.000000] clocksource arch_sys_counter: mask: 0xffffffffffffff max_cycles: 0x1cd42e208c, max_idle_ns: 881590405314 ns
[    0.000143] sched_clock: 56 bits at 62MHz, resolution 16ns, wraps every 4398046511096ns
[    0.000249] Switching to timer-based delay loop, resolution 16ns
[    0.002857] Console: colour dummy device 80x30
[    0.003141] Calibrating delay loop (skipped), value calculated using timer frequency.. 125.00 BogoMIPS (lpj=625000)
[    0.003248] pid_max: default: 32768 minimum: 301
[    0.004030] Mount-cache hash table entries: 1024 (order: 0, 4096 bytes)
[    0.004060] Mountpoint-cache hash table entries: 1024 (order: 0, 4096 bytes)
[    0.011927] CPU: Testing write buffer coherency: ok
[    0.017113] Setting up static identity map for 0x40008240 - 0x40008298
[    0.029680] VFP support v0.3: implementor 41 architecture 4 part 30 variant f rev 0
[    0.039619] clocksource jiffies: mask: 0xffffffff max_cycles: 0xffffffff, max_idle_ns: 19112604462750000 ns
[    0.047093] NET: Registered protocol family 16
[    0.049751] DMA: preallocated 256 KiB pool for atomic coherent allocations
[    0.053139] cpuidle: using governor ladder
[    0.053270] cpuidle: using governor menu
[    0.056149] genirq: Setting trigger mode 1 for irq 20 failed (gic_set_type+0x0/0x48)
[    0.057593] genirq: Setting trigger mode 1 for irq 21 failed (gic_set_type+0x0/0x48)
[    0.057855] genirq: Setting trigger mode 1 for irq 22 failed (gic_set_type+0x0/0x48)
[    0.058128] genirq: Setting trigger mode 1 for irq 23 failed (gic_set_type+0x0/0x48)
[    0.058401] genirq: Setting trigger mode 1 for irq 24 failed (gic_set_type+0x0/0x48)
[    0.058661] genirq: Setting trigger mode 1 for irq 25 failed (gic_set_type+0x0/0x48)
[    0.058916] genirq: Setting trigger mode 1 for irq 26 failed (gic_set_type+0x0/0x48)
[    0.059167] genirq: Setting trigger mode 1 for irq 27 failed (gic_set_type+0x0/0x48)
[    0.059512] genirq: Setting trigger mode 1 for irq 28 failed (gic_set_type+0x0/0x48)
[    0.059773] genirq: Setting trigger mode 1 for irq 29 failed (gic_set_type+0x0/0x48)
[    0.060007] genirq: Setting trigger mode 1 for irq 30 failed (gic_set_type+0x0/0x48)
[    0.060271] genirq: Setting trigger mode 1 for irq 31 failed (gic_set_type+0x0/0x48)
[    0.060505] genirq: Setting trigger mode 1 for irq 32 failed (gic_set_type+0x0/0x48)
[    0.060757] genirq: Setting trigger mode 1 for irq 33 failed (gic_set_type+0x0/0x48)
[    0.060987] genirq: Setting trigger mode 1 for irq 34 failed (gic_set_type+0x0/0x48)
[    0.061215] genirq: Setting trigger mode 1 for irq 35 failed (gic_set_type+0x0/0x48)
[    0.061461] genirq: Setting trigger mode 1 for irq 36 failed (gic_set_type+0x0/0x48)
[    0.061714] genirq: Setting trigger mode 1 for irq 37 failed (gic_set_type+0x0/0x48)
[    0.062008] genirq: Setting trigger mode 1 for irq 38 failed (gic_set_type+0x0/0x48)
[    0.062259] genirq: Setting trigger mode 1 for irq 39 failed (gic_set_type+0x0/0x48)
[    0.062498] genirq: Setting trigger mode 1 for irq 40 failed (gic_set_type+0x0/0x48)
[    0.062754] genirq: Setting trigger mode 1 for irq 41 failed (gic_set_type+0x0/0x48)
[    0.063036] genirq: Setting trigger mode 1 for irq 42 failed (gic_set_type+0x0/0x48)
[    0.063506] genirq: Setting trigger mode 1 for irq 43 failed (gic_set_type+0x0/0x48)
[    0.063784] genirq: Setting trigger mode 1 for irq 44 failed (gic_set_type+0x0/0x48)
[    0.064058] genirq: Setting trigger mode 1 for irq 45 failed (gic_set_type+0x0/0x48)
[    0.064320] genirq: Setting trigger mode 1 for irq 46 failed (gic_set_type+0x0/0x48)
[    0.064611] genirq: Setting trigger mode 1 for irq 47 failed (gic_set_type+0x0/0x48)
[    0.064879] genirq: Setting trigger mode 1 for irq 48 failed (gic_set_type+0x0/0x48)
[    0.065125] genirq: Setting trigger mode 1 for irq 49 failed (gic_set_type+0x0/0x48)
[    0.065365] genirq: Setting trigger mode 1 for irq 50 failed (gic_set_type+0x0/0x48)
[    0.065605] genirq: Setting trigger mode 1 for irq 51 failed (gic_set_type+0x0/0x48)
[    0.066032] genirq: Setting trigger mode 1 for irq 52 failed (gic_set_type+0x0/0x48)
[    0.069075] Serial: AMBA PL011 UART driver
[    0.070730] 9000000.pl011: ttyS0 at MMIO 0x9000000 (irq = 52, base_baud = 0) is a PL011 rev1
[    0.091345] console [ttyS0] enabled
[    0.110571] vgaarb: loaded
[    0.111799] SCSI subsystem initialized
[    0.112680] usbcore: registered new interface driver usbfs
[    0.113041] usbcore: registered new interface driver hub
[    0.113382] usbcore: registered new device driver usb
[    0.120937] cfg80211: Calling CRDA to update world regulatory domain
[    0.122918] Switched to clocksource arch_sys_counter
[    0.137372] NET: Registered protocol family 2
[    0.141531] TCP established hash table entries: 2048 (order: 1, 8192 bytes)
[    0.141880] TCP bind hash table entries: 2048 (order: 1, 8192 bytes)
[    0.142258] TCP: Hash tables configured (established 2048 bind 2048)
[    0.143115] UDP hash table entries: 256 (order: 0, 4096 bytes)
[    0.143429] UDP-Lite hash table entries: 256 (order: 0, 4096 bytes)
[    0.144846] NET: Registered protocol family 1
[    0.145286] PCI: CLS 0 bytes, default 64
[    0.151326] NetWinder Floating Point Emulator V0.97 (extended precision)
[    0.153764] futex hash table entries: 256 (order: -1, 3072 bytes)
[    0.158380] squashfs: version 4.0 (2009/01/31) Phillip Lougher
[    0.159355] jffs2: version 2.2. (NAND) Â© 2001-2006 Red Hat, Inc.
[    0.160189] romfs: ROMFS MTD (C) 2007 Red Hat, Inc.
[    0.167725] Block layer SCSI generic (bsg) driver version 0.4 loaded (major 253)
[    0.168101] io scheduler noop registered
[    0.168372] io scheduler cfq registered (default)
[    0.169011] firmadyne: devfs: 1, execute: 1, procfs: 1, syscall: 1
[    0.170187] ------------[ cut here ]------------
[    0.170390] WARNING: CPU: 0 PID: 1 at /home/vagrant/firmadyne-kernel/kernel-v4.1/fs/sysfs/dir.c:31 sysfs_warn_dup+0x50/0x6c()
[    0.170781] sysfs: cannot create duplicate filename '/class/gpio'
[    0.171033] Modules linked in:
[    0.171360] CPU: 0 PID: 1 Comm: swapper Not tainted 4.1.17+ #1
[    0.171576] Hardware name: Generic DT based system
[    0.172266] [<c001c99c>] (unwind_backtrace) from [<c0019d30>] (show_stack+0x10/0x14)
[    0.172711] [<c0019d30>] (show_stack) from [<c0024ab4>] (warn_slowpath_common+0x80/0xa8)
[    0.173164] [<c0024ab4>] (warn_slowpath_common) from [<c0024b08>] (warn_slowpath_fmt+0x2c/0x3c)
[    0.173518] [<c0024b08>] (warn_slowpath_fmt) from [<c00e363c>] (sysfs_warn_dup+0x50/0x6c)
[    0.173810] [<c00e363c>] (sysfs_warn_dup) from [<c00e3714>] (sysfs_create_dir_ns+0x74/0x84)
[    0.174107] [<c00e3714>] (sysfs_create_dir_ns) from [<c018e6ac>] (kobject_add_internal+0xb8/0x2ac)
[    0.174423] [<c018e6ac>] (kobject_add_internal) from [<c018e9a8>] (kset_register+0x1c/0x44)
[    0.174757] [<c018e9a8>] (kset_register) from [<c02090b4>] (__class_register+0xa8/0x198)
[    0.175062] [<c02090b4>] (__class_register) from [<c02091e4>] (__class_create+0x40/0x70)
[    0.175352] [<c02091e4>] (__class_create) from [<c01adf68>] (register_devfs_stubs+0x314/0xbb4)
[    0.175660] [<c01adf68>] (register_devfs_stubs) from [<c05d9b08>] (init_module+0x28/0xa4)
[    0.175982] [<c05d9b08>] (init_module) from [<c0009670>] (do_one_initcall+0x104/0x1b4)
[    0.176278] [<c0009670>] (do_one_initcall) from [<c05c7d08>] (kernel_init_freeable+0xf0/0x1b0)
[    0.176585] [<c05c7d08>] (kernel_init_freeable) from [<c040f28c>] (kernel_init+0x8/0xe4)
[    0.176870] [<c040f28c>] (kernel_init) from [<c0016da8>] (ret_from_fork+0x14/0x2c)
[    0.177208] ---[ end trace ef351e23efe3ff78 ]---
[    0.177450] ------------[ cut here ]------------
[    0.177630] WARNING: CPU: 0 PID: 1 at /home/vagrant/firmadyne-kernel/kernel-v4.1/lib/kobject.c:240 kobject_add_internal+0x240/0x2ac()
[    0.178032] kobject_add_internal failed for gpio with -EEXIST, don't try to register things with the same name in the same directory.
[    0.178427] Modules linked in:
[    0.178605] CPU: 0 PID: 1 Comm: swapper Tainted: G        W       4.1.17+ #1
[    0.178844] Hardware name: Generic DT based system
[    0.179045] [<c001c99c>] (unwind_backtrace) from [<c0019d30>] (show_stack+0x10/0x14)
[    0.179327] [<c0019d30>] (show_stack) from [<c0024ab4>] (warn_slowpath_common+0x80/0xa8)
[    0.179619] [<c0024ab4>] (warn_slowpath_common) from [<c0024b08>] (warn_slowpath_fmt+0x2c/0x3c)
[    0.179928] [<c0024b08>] (warn_slowpath_fmt) from [<c018e834>] (kobject_add_internal+0x240/0x2ac)
[    0.180249] [<c018e834>] (kobject_add_internal) from [<c018e9a8>] (kset_register+0x1c/0x44)
[    0.180544] [<c018e9a8>] (kset_register) from [<c02090b4>] (__class_register+0xa8/0x198)
[    0.180832] [<c02090b4>] (__class_register) from [<c02091e4>] (__class_create+0x40/0x70)
[    0.181121] [<c02091e4>] (__class_create) from [<c01adf68>] (register_devfs_stubs+0x314/0xbb4)
[    0.181429] [<c01adf68>] (register_devfs_stubs) from [<c05d9b08>] (init_module+0x28/0xa4)
[    0.181720] [<c05d9b08>] (init_module) from [<c0009670>] (do_one_initcall+0x104/0x1b4)
[    0.182005] [<c0009670>] (do_one_initcall) from [<c05c7d08>] (kernel_init_freeable+0xf0/0x1b0)
[    0.182310] [<c05c7d08>] (kernel_init_freeable) from [<c040f28c>] (kernel_init+0x8/0xe4)
[    0.182596] [<c040f28c>] (kernel_init) from [<c0016da8>] (ret_from_fork+0x14/0x2c)
[    0.183070] ---[ end trace ef351e23efe3ff79 ]---
[    0.183290] firmadyne: Cannot create device class: gpio!
[    0.184702] firmadyne: Cannot register character device: watchdog, 0xa, 0x82!
[    0.184979] firmadyne: Cannot register character device: wdt, 0xfd, 0x0!
[    0.279900] Non-volatile memory driver v1.3
[    0.299034] brd: module loaded
[    0.307668] loop: module loaded
[    0.316895]  vda: vda1
[    0.320876] [nandsim] warning: read_byte: unexpected data output cycle, state is STATE_READY return 0x0
[    0.321230] [nandsim] warning: read_byte: unexpected data output cycle, state is STATE_READY return 0x0
[    0.321551] [nandsim] warning: read_byte: unexpected data output cycle, state is STATE_READY return 0x0
[    0.321868] [nandsim] warning: read_byte: unexpected data output cycle, state is STATE_READY return 0x0
[    0.322186] [nandsim] warning: read_byte: unexpected data output cycle, state is STATE_READY return 0x0
[    0.322505] [nandsim] warning: read_byte: unexpected data output cycle, state is STATE_READY return 0x0
[    0.323259] nand: device found, Manufacturer ID: 0x98, Chip ID: 0x39
[    0.323501] nand: Toshiba NAND 128MiB 1,8V 8-bit
[    0.323690] nand: 128 MiB, SLC, erase size: 16 KiB, page size: 512, OOB size: 16
[    0.324623] flash size: 128 MiB
[    0.324750] page size: 512 bytes
[    0.324872] OOB area size: 16 bytes
[    0.325001] sector size: 16 KiB
[    0.325119] pages number: 262144
[    0.325239] pages per sector: 32
[    0.325359] bus width: 8
[    0.325457] bits in sector size: 14
[    0.325584] bits in page size: 9
[    0.325707] bits in OOB size: 4
[    0.325829] flash size with OOB: 135168 KiB
[    0.325979] page address bytes: 4
[    0.326108] sector address bytes: 3
[    0.326236] options: 0x42
[    0.330312] Scanning device for bad blocks
[    0.457889] Creating 11 MTD partitions on "NAND 128MiB 1,8V 8-bit":
[    0.458388] 0x000000000000-0x000000100000 : "NAND simulator partition 0"
[    0.461404] 0x000000100000-0x000000200000 : "NAND simulator partition 1"
[    0.462966] 0x000000200000-0x000000300000 : "NAND simulator partition 2"
[    0.464279] 0x000000300000-0x000000400000 : "NAND simulator partition 3"
[    0.465576] 0x000000400000-0x000000500000 : "NAND simulator partition 4"
[    0.466829] 0x000000500000-0x000000600000 : "NAND simulator partition 5"
[    0.468177] 0x000000600000-0x000000700000 : "NAND simulator partition 6"
[    0.469472] 0x000000700000-0x000000800000 : "NAND simulator partition 7"
[    0.470876] 0x000000800000-0x000000900000 : "NAND simulator partition 8"
[    0.472325] 0x000000900000-0x000000a00000 : "NAND simulator partition 9"
[    0.473864] 0x000000a00000-0x000008000000 : "NAND simulator partition 10"
[    0.478055] tun: Universal TUN/TAP device driver, 1.6
[    0.478252] tun: (C) 1999-2004 Max Krasnyansky <maxk@qualcomm.com>
[    0.498302] PPP generic driver version 2.4.2
[    0.499012] PPP BSD Compression module registered
[    0.499229] PPP Deflate Compression module registered
[    0.499503] PPP MPPE Compression module registered
[    0.499714] NET: Registered protocol family 24
[    0.500052] PPTP driver version 0.8.5
[    0.500938] usbcore: registered new interface driver usb-storage
[    0.502495] hidraw: raw HID events driver (C) Jiri Kosina
[    0.503256] usbcore: registered new interface driver usbhid
[    0.503468] usbhid: USB HID core driver
[    0.503926] Netfilter messages via NETLINK v0.30.
[    0.504550] nf_conntrack version 0.5.0 (3958 buckets, 15832 max)
[    0.505880] ctnetlink v0.93: registering with nfnetlink.
[    0.507246] ipip: IPv4 over IPv4 tunneling driver
[    0.509104] gre: GRE over IPv4 demultiplexor driver
[    0.509324] ip_gre: GRE over IPv4 tunneling driver
[    0.513711] ip_tables: (C) 2000-2006 Netfilter Core Team
[    0.515307] arp_tables: (C) 2002 David S. Miller
[    0.516380] Initializing XFRM netlink socket
[    0.516913] NET: Registered protocol family 10
[    0.523162] ip6_tables: (C) 2000-2006 Netfilter Core Team
[    0.524688] sit: IPv6 over IPv4 tunneling driver
[    0.528041] NET: Registered protocol family 17
[    0.528653] bridge: automatic filtering via arp/ip/ip6tables has been deprecated. Update your scripts to load br_netfilter if you need this.
[    0.529160] Bridge firewalling registered
[    0.529354] Ebtables v2.0 registered
[    0.530396] 8021q: 802.1Q VLAN Support v1.8
[    0.531016] Registering SWP/SWPB emulation handler
[    0.533127] hctosys: unable to open rtc device (rtc0)
[    0.542054] EXT4-fs (vda1): couldn't mount as ext3 due to feature incompatibilities
[    0.544046] EXT4-fs (vda1): mounting ext2 file system using the ext4 subsystem
[    0.555037] EXT4-fs (vda1): mounted filesystem without journal. Opts: (null)
[    0.556113] VFS: Mounted root (ext2 filesystem) on device 254:1.
[    0.560942] Freeing unused kernel memory: 180K (c05c7000 - c05f4000)
[    0.586194] firmadyne: do_execve: /firmadyne/console
[    0.586451] OFFSETS: offset of pid: 0x190 offset of comm: 0x270
[    0.594874] Kernel panic - not syncing: No working init found.  Try passing init= option to kernel. See Linux Documentation/init.txt for guidance.
[    0.595383] CPU: 0 PID: 1 Comm: swapper Tainted: G        W       4.1.17+ #1
[    0.595627] Hardware name: Generic DT based system
[    0.595840] [<c001c99c>] (unwind_backtrace) from [<c0019d30>] (show_stack+0x10/0x14)
[    0.596135] [<c0019d30>] (show_stack) from [<c0410b78>] (panic+0x70/0x1c8)
[    0.596388] [<c0410b78>] (panic) from [<c040f33c>] (kernel_init+0xb8/0xe4)
[    0.596634] [<c040f33c>] (kernel_init) from [<c0016da8>] (ret_from_fork+0x14/0x2c)
[    0.597073] ---[ end Kernel panic - not syncing: No working init found.  Try passing init= option to kernel. See Linux Documentation/init.txt for guidance.
