[    0.000000] Booting Linux on physical CPU 0x0
[    0.000000] Linux version 4.1.17+ (vagrant@vagrant-ubuntu-trusty-64) (gcc version 5.3.0 (GCC) ) #1 Thu Feb 18 01:05:21 UTC 2016
[    0.000000] CPU: ARMv7 Processor [412fc0f1] revision 1 (ARMv7), cr=10c5387d
[    0.000000] CPU: PIPT / VIPT nonaliasing data cache, PIPT instruction cache
[    0.000000] Machine model: linux,dummy-virt
[    0.000000] debug: ignoring loglevel setting.
[    0.000000] Memory policy: Data cache writeback
[    0.000000] On node 0 totalpages: 65536
[    0.000000] free_area_init_node: node 0, pgdat c061dfe8, node_mem_map cfdf9000
[    0.000000]   Normal zone: 512 pages used for memmap
[    0.000000]   Normal zone: 0 pages reserved
[    0.000000]   Normal zone: 65536 pages, LIFO batch:15
[    0.000000] CPU: All CPU(s) started in SVC mode.
[    0.000000] pcpu-alloc: s0 r0 d32768 u32768 alloc=1*32768
[    0.000000] pcpu-alloc: [0] 0 
[    0.000000] Built 1 zonelists in Zone order, mobility grouping on.  Total pages: 65024
[    0.000000] Kernel command line: firmadyne.syscall=1 root=/dev/vda1 console=ttyS0 nandsim.parts=64,64,64,64,64,64,64,64,64,64 rdinit=/firmadyne/preInit.sh rw debug ignore_loglevel print-fatal-signals=1 user_debug=31
[    0.000000] PID hash table entries: 1024 (order: 0, 4096 bytes)
[    0.000000] Dentry cache hash table entries: 32768 (order: 5, 131072 bytes)
[    0.000000] Inode-cache hash table entries: 16384 (order: 4, 65536 bytes)
[    0.000000] Memory: 253344K/262144K available (4297K kernel code, 170K rwdata, 1584K rodata, 180K init, 148K bss, 8800K reserved, 0K cma-reserved)
[    0.000000] Virtual kernel memory layout:
[    0.000000]     vector  : 0xffff0000 - 0xffff1000   (   4 kB)
[    0.000000]     fixmap  : 0xffc00000 - 0xfff00000   (3072 kB)
[    0.000000]     vmalloc : 0xd0800000 - 0xff000000   ( 744 MB)
[    0.000000]     lowmem  : 0xc0000000 - 0xd0000000   ( 256 MB)
[    0.000000]     modules : 0xbf000000 - 0xc0000000   (  16 MB)
[    0.000000]       .text : 0xc0008000 - 0xc05c67bc   (5882 kB)
[    0.000000]       .init : 0xc05c7000 - 0xc05f4000   ( 180 kB)
[    0.000000]       .data : 0xc05f4000 - 0xc061e840   ( 171 kB)
[    0.000000]        .bss : 0xc0621000 - 0xc06462d4   ( 149 kB)
[    0.000000] NR_IRQS:16 nr_irqs:16 16
[    0.000000] Architected cp15 timer(s) running at 62.50MHz (virt).
[    0.000000] clocksource arch_sys_counter: mask: 0xffffffffffffff max_cycles: 0x1cd42e208c, max_idle_ns: 881590405314 ns
[    0.000129] sched_clock: 56 bits at 62MHz, resolution 16ns, wraps every 4398046511096ns
[    0.000244] Switching to timer-based delay loop, resolution 16ns
[    0.002756] Console: colour dummy device 80x30
[    0.003018] Calibrating delay loop (skipped), value calculated using timer frequency.. 125.00 BogoMIPS (lpj=625000)
[    0.003118] pid_max: default: 32768 minimum: 301
[    0.003860] Mount-cache hash table entries: 1024 (order: 0, 4096 bytes)
[    0.003905] Mountpoint-cache hash table entries: 1024 (order: 0, 4096 bytes)
[    0.011410] CPU: Testing write buffer coherency: ok
[    0.016413] Setting up static identity map for 0x40008240 - 0x40008298
[    0.028540] VFP support v0.3: implementor 41 architecture 4 part 30 variant f rev 0
[    0.038650] clocksource jiffies: mask: 0xffffffff max_cycles: 0xffffffff, max_idle_ns: 19112604462750000 ns
[    0.046211] NET: Registered protocol family 16
[    0.048731] DMA: preallocated 256 KiB pool for atomic coherent allocations
[    0.051964] cpuidle: using governor ladder
[    0.052122] cpuidle: using governor menu
[    0.055219] genirq: Setting trigger mode 1 for irq 20 failed (gic_set_type+0x0/0x48)
[    0.058617] genirq: Setting trigger mode 1 for irq 21 failed (gic_set_type+0x0/0x48)
[    0.058886] genirq: Setting trigger mode 1 for irq 22 failed (gic_set_type+0x0/0x48)
[    0.059164] genirq: Setting trigger mode 1 for irq 23 failed (gic_set_type+0x0/0x48)
[    0.059427] genirq: Setting trigger mode 1 for irq 24 failed (gic_set_type+0x0/0x48)
[    0.059672] genirq: Setting trigger mode 1 for irq 25 failed (gic_set_type+0x0/0x48)
[    0.059926] genirq: Setting trigger mode 1 for irq 26 failed (gic_set_type+0x0/0x48)
[    0.060187] genirq: Setting trigger mode 1 for irq 27 failed (gic_set_type+0x0/0x48)
[    0.060527] genirq: Setting trigger mode 1 for irq 28 failed (gic_set_type+0x0/0x48)
[    0.060775] genirq: Setting trigger mode 1 for irq 29 failed (gic_set_type+0x0/0x48)
[    0.061006] genirq: Setting trigger mode 1 for irq 30 failed (gic_set_type+0x0/0x48)
[    0.061271] genirq: Setting trigger mode 1 for irq 31 failed (gic_set_type+0x0/0x48)
[    0.061503] genirq: Setting trigger mode 1 for irq 32 failed (gic_set_type+0x0/0x48)
[    0.061742] genirq: Setting trigger mode 1 for irq 33 failed (gic_set_type+0x0/0x48)
[    0.061968] genirq: Setting trigger mode 1 for irq 34 failed (gic_set_type+0x0/0x48)
[    0.062238] genirq: Setting trigger mode 1 for irq 35 failed (gic_set_type+0x0/0x48)
[    0.062480] genirq: Setting trigger mode 1 for irq 36 failed (gic_set_type+0x0/0x48)
[    0.062718] genirq: Setting trigger mode 1 for irq 37 failed (gic_set_type+0x0/0x48)
[    0.063340] genirq: Setting trigger mode 1 for irq 38 failed (gic_set_type+0x0/0x48)
[    0.063612] genirq: Setting trigger mode 1 for irq 39 failed (gic_set_type+0x0/0x48)
[    0.063853] genirq: Setting trigger mode 1 for irq 40 failed (gic_set_type+0x0/0x48)
[    0.064127] genirq: Setting trigger mode 1 for irq 41 failed (gic_set_type+0x0/0x48)
[    0.064390] genirq: Setting trigger mode 1 for irq 42 failed (gic_set_type+0x0/0x48)
[    0.064639] genirq: Setting trigger mode 1 for irq 43 failed (gic_set_type+0x0/0x48)
[    0.064895] genirq: Setting trigger mode 1 for irq 44 failed (gic_set_type+0x0/0x48)
[    0.065165] genirq: Setting trigger mode 1 for irq 45 failed (gic_set_type+0x0/0x48)
[    0.065412] genirq: Setting trigger mode 1 for irq 46 failed (gic_set_type+0x0/0x48)
[    0.065697] genirq: Setting trigger mode 1 for irq 47 failed (gic_set_type+0x0/0x48)
[    0.065948] genirq: Setting trigger mode 1 for irq 48 failed (gic_set_type+0x0/0x48)
[    0.066231] genirq: Setting trigger mode 1 for irq 49 failed (gic_set_type+0x0/0x48)
[    0.066474] genirq: Setting trigger mode 1 for irq 50 failed (gic_set_type+0x0/0x48)
[    0.066712] genirq: Setting trigger mode 1 for irq 51 failed (gic_set_type+0x0/0x48)
[    0.067123] genirq: Setting trigger mode 1 for irq 52 failed (gic_set_type+0x0/0x48)
[    0.070179] Serial: AMBA PL011 UART driver
[    0.071848] 9000000.pl011: ttyS0 at MMIO 0x9000000 (irq = 52, base_baud = 0) is a PL011 rev1
[    0.092237] console [ttyS0] enabled
[    0.112086] vgaarb: loaded
[    0.113336] SCSI subsystem initialized
[    0.114238] usbcore: registered new interface driver usbfs
[    0.114833] usbcore: registered new interface driver hub
[    0.115178] usbcore: registered new device driver usb
[    0.122543] cfg80211: Calling CRDA to update world regulatory domain
[    0.124560] Switched to clocksource arch_sys_counter
[    0.138949] NET: Registered protocol family 2
[    0.142951] TCP established hash table entries: 2048 (order: 1, 8192 bytes)
[    0.143278] TCP bind hash table entries: 2048 (order: 1, 8192 bytes)
[    0.143638] TCP: Hash tables configured (established 2048 bind 2048)
[    0.144173] UDP hash table entries: 256 (order: 0, 4096 bytes)
[    0.144752] UDP-Lite hash table entries: 256 (order: 0, 4096 bytes)
[    0.145993] NET: Registered protocol family 1
[    0.146429] PCI: CLS 0 bytes, default 64
[    0.152680] NetWinder Floating Point Emulator V0.97 (extended precision)
[    0.155066] futex hash table entries: 256 (order: -1, 3072 bytes)
[    0.159484] squashfs: version 4.0 (2009/01/31) Phillip Lougher
[    0.160428] jffs2: version 2.2. (NAND) Â© 2001-2006 Red Hat, Inc.
[    0.161176] romfs: ROMFS MTD (C) 2007 Red Hat, Inc.
[    0.168624] Block layer SCSI generic (bsg) driver version 0.4 loaded (major 253)
[    0.168987] io scheduler noop registered
[    0.169235] io scheduler cfq registered (default)
[    0.169857] firmadyne: devfs: 1, execute: 1, procfs: 1, syscall: 1
[    0.170987] ------------[ cut here ]------------
[    0.171183] WARNING: CPU: 0 PID: 1 at /home/vagrant/firmadyne-kernel/kernel-v4.1/fs/sysfs/dir.c:31 sysfs_warn_dup+0x50/0x6c()
[    0.171562] sysfs: cannot create duplicate filename '/class/gpio'
[    0.171798] Modules linked in:
[    0.172116] CPU: 0 PID: 1 Comm: swapper Not tainted 4.1.17+ #1
[    0.172325] Hardware name: Generic DT based system
[    0.172981] [<c001c99c>] (unwind_backtrace) from [<c0019d30>] (show_stack+0x10/0x14)
[    0.173333] [<c0019d30>] (show_stack) from [<c0024ab4>] (warn_slowpath_common+0x80/0xa8)
[    0.173637] [<c0024ab4>] (warn_slowpath_common) from [<c0024b08>] (warn_slowpath_fmt+0x2c/0x3c)
[    0.173981] [<c0024b08>] (warn_slowpath_fmt) from [<c00e363c>] (sysfs_warn_dup+0x50/0x6c)
[    0.174363] [<c00e363c>] (sysfs_warn_dup) from [<c00e3714>] (sysfs_create_dir_ns+0x74/0x84)
[    0.174787] [<c00e3714>] (sysfs_create_dir_ns) from [<c018e6ac>] (kobject_add_internal+0xb8/0x2ac)
[    0.175097] [<c018e6ac>] (kobject_add_internal) from [<c018e9a8>] (kset_register+0x1c/0x44)
[    0.175389] [<c018e9a8>] (kset_register) from [<c02090b4>] (__class_register+0xa8/0x198)
[    0.175672] [<c02090b4>] (__class_register) from [<c02091e4>] (__class_create+0x40/0x70)
[    0.175969] [<c02091e4>] (__class_create) from [<c01adf68>] (register_devfs_stubs+0x314/0xbb4)
[    0.176268] [<c01adf68>] (register_devfs_stubs) from [<c05d9b08>] (init_module+0x28/0xa4)
[    0.176585] [<c05d9b08>] (init_module) from [<c0009670>] (do_one_initcall+0x104/0x1b4)
[    0.176866] [<c0009670>] (do_one_initcall) from [<c05c7d08>] (kernel_init_freeable+0xf0/0x1b0)
[    0.177166] [<c05c7d08>] (kernel_init_freeable) from [<c040f28c>] (kernel_init+0x8/0xe4)
[    0.177445] [<c040f28c>] (kernel_init) from [<c0016da8>] (ret_from_fork+0x14/0x2c)
[    0.177768] ---[ end trace 19a0e1bf32bc6933 ]---
[    0.178001] ------------[ cut here ]------------
[    0.178185] WARNING: CPU: 0 PID: 1 at /home/vagrant/firmadyne-kernel/kernel-v4.1/lib/kobject.c:240 kobject_add_internal+0x240/0x2ac()
[    0.178575] kobject_add_internal failed for gpio with -EEXIST, don't try to register things with the same name in the same directory.
[    0.178960] Modules linked in:
[    0.179136] CPU: 0 PID: 1 Comm: swapper Tainted: G        W       4.1.17+ #1
[    0.179371] Hardware name: Generic DT based system
[    0.179555] [<c001c99c>] (unwind_backtrace) from [<c0019d30>] (show_stack+0x10/0x14)
[    0.179830] [<c0019d30>] (show_stack) from [<c0024ab4>] (warn_slowpath_common+0x80/0xa8)
[    0.180129] [<c0024ab4>] (warn_slowpath_common) from [<c0024b08>] (warn_slowpath_fmt+0x2c/0x3c)
[    0.180433] [<c0024b08>] (warn_slowpath_fmt) from [<c018e834>] (kobject_add_internal+0x240/0x2ac)
[    0.180739] [<c018e834>] (kobject_add_internal) from [<c018e9a8>] (kset_register+0x1c/0x44)
[    0.181030] [<c018e9a8>] (kset_register) from [<c02090b4>] (__class_register+0xa8/0x198)
[    0.181310] [<c02090b4>] (__class_register) from [<c02091e4>] (__class_create+0x40/0x70)
[    0.181593] [<c02091e4>] (__class_create) from [<c01adf68>] (register_devfs_stubs+0x314/0xbb4)
[    0.181893] [<c01adf68>] (register_devfs_stubs) from [<c05d9b08>] (init_module+0x28/0xa4)
[    0.182184] [<c05d9b08>] (init_module) from [<c0009670>] (do_one_initcall+0x104/0x1b4)
[    0.182461] [<c0009670>] (do_one_initcall) from [<c05c7d08>] (kernel_init_freeable+0xf0/0x1b0)
[    0.182760] [<c05c7d08>] (kernel_init_freeable) from [<c040f28c>] (kernel_init+0x8/0xe4)
[    0.183039] [<c040f28c>] (kernel_init) from [<c0016da8>] (ret_from_fork+0x14/0x2c)
[    0.183305] ---[ end trace 19a0e1bf32bc6934 ]---
[    0.183510] firmadyne: Cannot create device class: gpio!
[    0.185115] firmadyne: Cannot register character device: watchdog, 0xa, 0x82!
[    0.185384] firmadyne: Cannot register character device: wdt, 0xfd, 0x0!
[    0.279180] Non-volatile memory driver v1.3
[    0.298192] brd: module loaded
[    0.306484] loop: module loaded
[    0.314729]  vda: vda1
[    0.318714] [nandsim] warning: read_byte: unexpected data output cycle, state is STATE_READY return 0x0
[    0.319062] [nandsim] warning: read_byte: unexpected data output cycle, state is STATE_READY return 0x0
[    0.319381] [nandsim] warning: read_byte: unexpected data output cycle, state is STATE_READY return 0x0
[    0.319691] [nandsim] warning: read_byte: unexpected data output cycle, state is STATE_READY return 0x0
[    0.320012] [nandsim] warning: read_byte: unexpected data output cycle, state is STATE_READY return 0x0
[    0.320327] [nandsim] warning: read_byte: unexpected data output cycle, state is STATE_READY return 0x0
[    0.320850] nand: device found, Manufacturer ID: 0x98, Chip ID: 0x39
[    0.321081] nand: Toshiba NAND 128MiB 1,8V 8-bit
[    0.321271] nand: 128 MiB, SLC, erase size: 16 KiB, page size: 512, OOB size: 16
[    0.322172] flash size: 128 MiB
[    0.322296] page size: 512 bytes
[    0.322415] OOB area size: 16 bytes
[    0.322541] sector size: 16 KiB
[    0.322656] pages number: 262144
[    0.322773] pages per sector: 32
[    0.322890] bus width: 8
[    0.322985] bits in sector size: 14
[    0.323110] bits in page size: 9
[    0.323238] bits in OOB size: 4
[    0.323358] flash size with OOB: 135168 KiB
[    0.323508] page address bytes: 4
[    0.323627] sector address bytes: 3
[    0.323753] options: 0x42
[    0.327666] Scanning device for bad blocks
[    0.457435] Creating 11 MTD partitions on "NAND 128MiB 1,8V 8-bit":
[    0.457926] 0x000000000000-0x000000100000 : "NAND simulator partition 0"
[    0.460887] 0x000000100000-0x000000200000 : "NAND simulator partition 1"
[    0.462225] 0x000000200000-0x000000300000 : "NAND simulator partition 2"
[    0.463506] 0x000000300000-0x000000400000 : "NAND simulator partition 3"
[    0.465179] 0x000000400000-0x000000500000 : "NAND simulator partition 4"
[    0.466469] 0x000000500000-0x000000600000 : "NAND simulator partition 5"
[    0.467792] 0x000000600000-0x000000700000 : "NAND simulator partition 6"
[    0.469124] 0x000000700000-0x000000800000 : "NAND simulator partition 7"
[    0.470547] 0x000000800000-0x000000900000 : "NAND simulator partition 8"
[    0.472003] 0x000000900000-0x000000a00000 : "NAND simulator partition 9"
[    0.473320] 0x000000a00000-0x000008000000 : "NAND simulator partition 10"
[    0.477834] tun: Universal TUN/TAP device driver, 1.6
[    0.478037] tun: (C) 1999-2004 Max Krasnyansky <maxk@qualcomm.com>
[    0.495324] PPP generic driver version 2.4.2
[    0.496001] PPP BSD Compression module registered
[    0.496217] PPP Deflate Compression module registered
[    0.496497] PPP MPPE Compression module registered
[    0.496703] NET: Registered protocol family 24
[    0.497033] PPTP driver version 0.8.5
[    0.497724] usbcore: registered new interface driver usb-storage
[    0.499314] hidraw: raw HID events driver (C) Jiri Kosina
[    0.499828] usbcore: registered new interface driver usbhid
[    0.500045] usbhid: USB HID core driver
[    0.500508] Netfilter messages via NETLINK v0.30.
[    0.501104] nf_conntrack version 0.5.0 (3958 buckets, 15832 max)
[    0.502412] ctnetlink v0.93: registering with nfnetlink.
[    0.503724] ipip: IPv4 over IPv4 tunneling driver
[    0.505787] gre: GRE over IPv4 demultiplexor driver
[    0.506004] ip_gre: GRE over IPv4 tunneling driver
[    0.510138] ip_tables: (C) 2000-2006 Netfilter Core Team
[    0.511665] arp_tables: (C) 2002 David S. Miller
[    0.512713] Initializing XFRM netlink socket
[    0.513211] NET: Registered protocol family 10
[    0.519323] ip6_tables: (C) 2000-2006 Netfilter Core Team
[    0.520824] sit: IPv6 over IPv4 tunneling driver
[    0.524165] NET: Registered protocol family 17
[    0.524975] bridge: automatic filtering via arp/ip/ip6tables has been deprecated. Update your scripts to load br_netfilter if you need this.
[    0.525476] Bridge firewalling registered
[    0.525664] Ebtables v2.0 registered
[    0.526733] 8021q: 802.1Q VLAN Support v1.8
[    0.527343] Registering SWP/SWPB emulation handler
[    0.529226] hctosys: unable to open rtc device (rtc0)
[    0.538390] EXT4-fs (vda1): couldn't mount as ext3 due to feature incompatibilities
[    0.539837] EXT4-fs (vda1): mounting ext2 file system using the ext4 subsystem
[    0.551046] EXT4-fs (vda1): mounted filesystem without journal. Opts: (null)
[    0.555061] VFS: Mounted root (ext2 filesystem) on device 254:1.
[    0.559985] Freeing unused kernel memory: 180K (c05c7000 - c05f4000)
[    0.567846] Starting init: /sbin/init exists but couldn't execute it (error -13)
[    0.573030] Starting init: /etc/init exists but couldn't execute it (error -13)
[    0.578327] firmadyne: do_execve: /firmadyne/console
[    0.578567] OFFSETS: offset of pid: 0x190 offset of comm: 0x270
[    0.578891] Starting init: /bin/sh exists but couldn't execute it (error -13)
[    0.579199] Kernel panic - not syncing: No working init found.  Try passing init= option to kernel. See Linux Documentation/init.txt for guidance.
[    0.579656] CPU: 0 PID: 1 Comm: swapper Tainted: G        W       4.1.17+ #1
[    0.579918] Hardware name: Generic DT based system
[    0.580135] [<c001c99c>] (unwind_backtrace) from [<c0019d30>] (show_stack+0x10/0x14)
[    0.580414] [<c0019d30>] (show_stack) from [<c0410b78>] (panic+0x70/0x1c8)
[    0.580662] [<c0410b78>] (panic) from [<c040f33c>] (kernel_init+0xb8/0xe4)
[    0.580913] [<c040f33c>] (kernel_init) from [<c0016da8>] (ret_from_fork+0x14/0x2c)
[    0.581356] ---[ end Kernel panic - not syncing: No working init found.  Try passing init= option to kernel. See Linux Documentation/init.txt for guidance.
