[    0.000000] Booting Linux on physical CPU 0x0
[    0.000000] Linux version 4.1.17+ (vagrant@vagrant-ubuntu-trusty-64) (gcc version 5.3.0 (GCC) ) #1 Thu Feb 18 01:05:21 UTC 2016
[    0.000000] CPU: ARMv7 Processor [412fc0f1] revision 1 (ARMv7), cr=10c5387d
[    0.000000] CPU: PIPT / VIPT nonaliasing data cache, PIPT instruction cache
[    0.000000] Machine model: linux,dummy-virt
[    0.000000] debug: ignoring loglevel setting.
[    0.000000] Memory policy: Data cache writeback
[    0.000000] On node 0 totalpages: 65536
[    0.000000] free_area_init_node: node 0, pgdat c061dfe8, node_mem_map cfdf9000
[    0.000000]   Normal zone: 512 pages used for memmap
[    0.000000]   Normal zone: 0 pages reserved
[    0.000000]   Normal zone: 65536 pages, LIFO batch:15
[    0.000000] CPU: All CPU(s) started in SVC mode.
[    0.000000] pcpu-alloc: s0 r0 d32768 u32768 alloc=1*32768
[    0.000000] pcpu-alloc: [0] 0 
[    0.000000] Built 1 zonelists in Zone order, mobility grouping on.  Total pages: 65024
[    0.000000] Kernel command line: firmadyne.syscall=1 root=/dev/vda1 console=ttyS0 nandsim.parts=64,64,64,64,64,64,64,64,64,64 rdinit=/firmadyne/preInit.sh rw debug ignore_loglevel print-fatal-signals=1 user_debug=31
[    0.000000] PID hash table entries: 1024 (order: 0, 4096 bytes)
[    0.000000] Dentry cache hash table entries: 32768 (order: 5, 131072 bytes)
[    0.000000] Inode-cache hash table entries: 16384 (order: 4, 65536 bytes)
[    0.000000] Memory: 253344K/262144K available (4297K kernel code, 170K rwdata, 1584K rodata, 180K init, 148K bss, 8800K reserved, 0K cma-reserved)
[    0.000000] Virtual kernel memory layout:
[    0.000000]     vector  : 0xffff0000 - 0xffff1000   (   4 kB)
[    0.000000]     fixmap  : 0xffc00000 - 0xfff00000   (3072 kB)
[    0.000000]     vmalloc : 0xd0800000 - 0xff000000   ( 744 MB)
[    0.000000]     lowmem  : 0xc0000000 - 0xd0000000   ( 256 MB)
[    0.000000]     modules : 0xbf000000 - 0xc0000000   (  16 MB)
[    0.000000]       .text : 0xc0008000 - 0xc05c67bc   (5882 kB)
[    0.000000]       .init : 0xc05c7000 - 0xc05f4000   ( 180 kB)
[    0.000000]       .data : 0xc05f4000 - 0xc061e840   ( 171 kB)
[    0.000000]        .bss : 0xc0621000 - 0xc06462d4   ( 149 kB)
[    0.000000] NR_IRQS:16 nr_irqs:16 16
[    0.000000] Architected cp15 timer(s) running at 62.50MHz (virt).
[    0.000000] clocksource arch_sys_counter: mask: 0xffffffffffffff max_cycles: 0x1cd42e208c, max_idle_ns: 881590405314 ns
[    0.000110] sched_clock: 56 bits at 62MHz, resolution 16ns, wraps every 4398046511096ns
[    0.000197] Switching to timer-based delay loop, resolution 16ns
[    0.002367] Console: colour dummy device 80x30
[    0.002624] Calibrating delay loop (skipped), value calculated using timer frequency.. 125.00 BogoMIPS (lpj=625000)
[    0.002723] pid_max: default: 32768 minimum: 301
[    0.003441] Mount-cache hash table entries: 1024 (order: 0, 4096 bytes)
[    0.003471] Mountpoint-cache hash table entries: 1024 (order: 0, 4096 bytes)
[    0.008308] CPU: Testing write buffer coherency: ok
[    0.014106] Setting up static identity map for 0x40008240 - 0x40008298
[    0.025356] VFP support v0.3: implementor 41 architecture 4 part 30 variant f rev 0
[    0.034373] clocksource jiffies: mask: 0xffffffff max_cycles: 0xffffffff, max_idle_ns: 19112604462750000 ns
[    0.040923] NET: Registered protocol family 16
[    0.043455] DMA: preallocated 256 KiB pool for atomic coherent allocations
[    0.046281] cpuidle: using governor ladder
[    0.046405] cpuidle: using governor menu
[    0.048874] genirq: Setting trigger mode 1 for irq 20 failed (gic_set_type+0x0/0x48)
[    0.050070] genirq: Setting trigger mode 1 for irq 21 failed (gic_set_type+0x0/0x48)
[    0.050318] genirq: Setting trigger mode 1 for irq 22 failed (gic_set_type+0x0/0x48)
[    0.050542] genirq: Setting trigger mode 1 for irq 23 failed (gic_set_type+0x0/0x48)
[    0.050766] genirq: Setting trigger mode 1 for irq 24 failed (gic_set_type+0x0/0x48)
[    0.050977] genirq: Setting trigger mode 1 for irq 25 failed (gic_set_type+0x0/0x48)
[    0.051178] genirq: Setting trigger mode 1 for irq 26 failed (gic_set_type+0x0/0x48)
[    0.051381] genirq: Setting trigger mode 1 for irq 27 failed (gic_set_type+0x0/0x48)
[    0.051665] genirq: Setting trigger mode 1 for irq 28 failed (gic_set_type+0x0/0x48)
[    0.051878] genirq: Setting trigger mode 1 for irq 29 failed (gic_set_type+0x0/0x48)
[    0.052076] genirq: Setting trigger mode 1 for irq 30 failed (gic_set_type+0x0/0x48)
[    0.052287] genirq: Setting trigger mode 1 for irq 31 failed (gic_set_type+0x0/0x48)
[    0.052485] genirq: Setting trigger mode 1 for irq 32 failed (gic_set_type+0x0/0x48)
[    0.052901] genirq: Setting trigger mode 1 for irq 33 failed (gic_set_type+0x0/0x48)
[    0.053106] genirq: Setting trigger mode 1 for irq 34 failed (gic_set_type+0x0/0x48)
[    0.053303] genirq: Setting trigger mode 1 for irq 35 failed (gic_set_type+0x0/0x48)
[    0.053507] genirq: Setting trigger mode 1 for irq 36 failed (gic_set_type+0x0/0x48)
[    0.053713] genirq: Setting trigger mode 1 for irq 37 failed (gic_set_type+0x0/0x48)
[    0.053952] genirq: Setting trigger mode 1 for irq 38 failed (gic_set_type+0x0/0x48)
[    0.054190] genirq: Setting trigger mode 1 for irq 39 failed (gic_set_type+0x0/0x48)
[    0.054399] genirq: Setting trigger mode 1 for irq 40 failed (gic_set_type+0x0/0x48)
[    0.054608] genirq: Setting trigger mode 1 for irq 41 failed (gic_set_type+0x0/0x48)
[    0.054821] genirq: Setting trigger mode 1 for irq 42 failed (gic_set_type+0x0/0x48)
[    0.055034] genirq: Setting trigger mode 1 for irq 43 failed (gic_set_type+0x0/0x48)
[    0.055252] genirq: Setting trigger mode 1 for irq 44 failed (gic_set_type+0x0/0x48)
[    0.055473] genirq: Setting trigger mode 1 for irq 45 failed (gic_set_type+0x0/0x48)
[    0.055680] genirq: Setting trigger mode 1 for irq 46 failed (gic_set_type+0x0/0x48)
[    0.055922] genirq: Setting trigger mode 1 for irq 47 failed (gic_set_type+0x0/0x48)
[    0.056137] genirq: Setting trigger mode 1 for irq 48 failed (gic_set_type+0x0/0x48)
[    0.056344] genirq: Setting trigger mode 1 for irq 49 failed (gic_set_type+0x0/0x48)
[    0.056546] genirq: Setting trigger mode 1 for irq 50 failed (gic_set_type+0x0/0x48)
[    0.056747] genirq: Setting trigger mode 1 for irq 51 failed (gic_set_type+0x0/0x48)
[    0.057092] genirq: Setting trigger mode 1 for irq 52 failed (gic_set_type+0x0/0x48)
[    0.059645] Serial: AMBA PL011 UART driver
[    0.061045] 9000000.pl011: ttyS0 at MMIO 0x9000000 (irq = 52, base_baud = 0) is a PL011 rev1
[    0.079658] console [ttyS0] enabled
[    0.095951] vgaarb: loaded
[    0.096964] SCSI subsystem initialized
[    0.097684] usbcore: registered new interface driver usbfs
[    0.098049] usbcore: registered new interface driver hub
[    0.098417] usbcore: registered new device driver usb
[    0.105760] cfg80211: Calling CRDA to update world regulatory domain
[    0.107805] Switched to clocksource arch_sys_counter
[    0.121586] NET: Registered protocol family 2
[    0.125590] TCP established hash table entries: 2048 (order: 1, 8192 bytes)
[    0.125903] TCP bind hash table entries: 2048 (order: 1, 8192 bytes)
[    0.126278] TCP: Hash tables configured (established 2048 bind 2048)
[    0.126814] UDP hash table entries: 256 (order: 0, 4096 bytes)
[    0.127121] UDP-Lite hash table entries: 256 (order: 0, 4096 bytes)
[    0.128718] NET: Registered protocol family 1
[    0.129148] PCI: CLS 0 bytes, default 64
[    0.135182] NetWinder Floating Point Emulator V0.97 (extended precision)
[    0.137111] futex hash table entries: 256 (order: -1, 3072 bytes)
[    0.141463] squashfs: version 4.0 (2009/01/31) Phillip Lougher
[    0.142357] jffs2: version 2.2. (NAND) Â© 2001-2006 Red Hat, Inc.
[    0.143122] romfs: ROMFS MTD (C) 2007 Red Hat, Inc.
[    0.149619] Block layer SCSI generic (bsg) driver version 0.4 loaded (major 253)
[    0.149924] io scheduler noop registered
[    0.150128] io scheduler cfq registered (default)
[    0.150802] firmadyne: devfs: 1, execute: 1, procfs: 1, syscall: 1
[    0.151861] ------------[ cut here ]------------
[    0.152023] WARNING: CPU: 0 PID: 1 at /home/vagrant/firmadyne-kernel/kernel-v4.1/fs/sysfs/dir.c:31 sysfs_warn_dup+0x50/0x6c()
[    0.152337] sysfs: cannot create duplicate filename '/class/gpio'
[    0.152530] Modules linked in:
[    0.152782] CPU: 0 PID: 1 Comm: swapper Not tainted 4.1.17+ #1
[    0.152955] Hardware name: Generic DT based system
[    0.153496] [<c001c99c>] (unwind_backtrace) from [<c0019d30>] (show_stack+0x10/0x14)
[    0.153786] [<c0019d30>] (show_stack) from [<c0024ab4>] (warn_slowpath_common+0x80/0xa8)
[    0.154036] [<c0024ab4>] (warn_slowpath_common) from [<c0024b08>] (warn_slowpath_fmt+0x2c/0x3c)
[    0.154440] [<c0024b08>] (warn_slowpath_fmt) from [<c00e363c>] (sysfs_warn_dup+0x50/0x6c)
[    0.154737] [<c00e363c>] (sysfs_warn_dup) from [<c00e3714>] (sysfs_create_dir_ns+0x74/0x84)
[    0.155039] [<c00e3714>] (sysfs_create_dir_ns) from [<c018e6ac>] (kobject_add_internal+0xb8/0x2ac)
[    0.155360] [<c018e6ac>] (kobject_add_internal) from [<c018e9a8>] (kset_register+0x1c/0x44)
[    0.155634] [<c018e9a8>] (kset_register) from [<c02090b4>] (__class_register+0xa8/0x198)
[    0.155891] [<c02090b4>] (__class_register) from [<c02091e4>] (__class_create+0x40/0x70)
[    0.156126] [<c02091e4>] (__class_create) from [<c01adf68>] (register_devfs_stubs+0x314/0xbb4)
[    0.156375] [<c01adf68>] (register_devfs_stubs) from [<c05d9b08>] (init_module+0x28/0xa4)
[    0.156633] [<c05d9b08>] (init_module) from [<c0009670>] (do_one_initcall+0x104/0x1b4)
[    0.156865] [<c0009670>] (do_one_initcall) from [<c05c7d08>] (kernel_init_freeable+0xf0/0x1b0)
[    0.157113] [<c05c7d08>] (kernel_init_freeable) from [<c040f28c>] (kernel_init+0x8/0xe4)
[    0.157343] [<c040f28c>] (kernel_init) from [<c0016da8>] (ret_from_fork+0x14/0x2c)
[    0.157788] ---[ end trace b735274552335a67 ]---
[    0.157990] ------------[ cut here ]------------
[    0.158137] WARNING: CPU: 0 PID: 1 at /home/vagrant/firmadyne-kernel/kernel-v4.1/lib/kobject.c:240 kobject_add_internal+0x240/0x2ac()
[    0.158571] kobject_add_internal failed for gpio with -EEXIST, don't try to register things with the same name in the same directory.
[    0.158973] Modules linked in:
[    0.159153] CPU: 0 PID: 1 Comm: swapper Tainted: G        W       4.1.17+ #1
[    0.159407] Hardware name: Generic DT based system
[    0.159578] [<c001c99c>] (unwind_backtrace) from [<c0019d30>] (show_stack+0x10/0x14)
[    0.159806] [<c0019d30>] (show_stack) from [<c0024ab4>] (warn_slowpath_common+0x80/0xa8)
[    0.160044] [<c0024ab4>] (warn_slowpath_common) from [<c0024b08>] (warn_slowpath_fmt+0x2c/0x3c)
[    0.160297] [<c0024b08>] (warn_slowpath_fmt) from [<c018e834>] (kobject_add_internal+0x240/0x2ac)
[    0.160551] [<c018e834>] (kobject_add_internal) from [<c018e9a8>] (kset_register+0x1c/0x44)
[    0.160791] [<c018e9a8>] (kset_register) from [<c02090b4>] (__class_register+0xa8/0x198)
[    0.161052] [<c02090b4>] (__class_register) from [<c02091e4>] (__class_create+0x40/0x70)
[    0.161304] [<c02091e4>] (__class_create) from [<c01adf68>] (register_devfs_stubs+0x314/0xbb4)
[    0.161570] [<c01adf68>] (register_devfs_stubs) from [<c05d9b08>] (init_module+0x28/0xa4)
[    0.161823] [<c05d9b08>] (init_module) from [<c0009670>] (do_one_initcall+0x104/0x1b4)
[    0.162069] [<c0009670>] (do_one_initcall) from [<c05c7d08>] (kernel_init_freeable+0xf0/0x1b0)
[    0.162394] [<c05c7d08>] (kernel_init_freeable) from [<c040f28c>] (kernel_init+0x8/0xe4)
[    0.162682] [<c040f28c>] (kernel_init) from [<c0016da8>] (ret_from_fork+0x14/0x2c)
[    0.162957] ---[ end trace b735274552335a68 ]---
[    0.163172] firmadyne: Cannot create device class: gpio!
[    0.164351] firmadyne: Cannot register character device: watchdog, 0xa, 0x82!
[    0.164572] firmadyne: Cannot register character device: wdt, 0xfd, 0x0!
[    0.246434] Non-volatile memory driver v1.3
[    0.261779] brd: module loaded
[    0.269050] loop: module loaded
[    0.276587]  vda: vda1
[    0.280298] [nandsim] warning: read_byte: unexpected data output cycle, state is STATE_READY return 0x0
[    0.280587] [nandsim] warning: read_byte: unexpected data output cycle, state is STATE_READY return 0x0
[    0.280846] [nandsim] warning: read_byte: unexpected data output cycle, state is STATE_READY return 0x0
[    0.281104] [nandsim] warning: read_byte: unexpected data output cycle, state is STATE_READY return 0x0
[    0.281362] [nandsim] warning: read_byte: unexpected data output cycle, state is STATE_READY return 0x0
[    0.281620] [nandsim] warning: read_byte: unexpected data output cycle, state is STATE_READY return 0x0
[    0.282050] nand: device found, Manufacturer ID: 0x98, Chip ID: 0x39
[    0.282287] nand: Toshiba NAND 128MiB 1,8V 8-bit
[    0.282449] nand: 128 MiB, SLC, erase size: 16 KiB, page size: 512, OOB size: 16
[    0.283220] flash size: 128 MiB
[    0.283327] page size: 512 bytes
[    0.283441] OOB area size: 16 bytes
[    0.283547] sector size: 16 KiB
[    0.283645] pages number: 262144
[    0.283742] pages per sector: 32
[    0.283840] bus width: 8
[    0.283919] bits in sector size: 14
[    0.284022] bits in page size: 9
[    0.284122] bits in OOB size: 4
[    0.284220] flash size with OOB: 135168 KiB
[    0.284343] page address bytes: 4
[    0.284442] sector address bytes: 3
[    0.284546] options: 0x42
[    0.288132] Scanning device for bad blocks
[    0.395451] Creating 11 MTD partitions on "NAND 128MiB 1,8V 8-bit":
[    0.395853] 0x000000000000-0x000000100000 : "NAND simulator partition 0"
[    0.398500] 0x000000100000-0x000000200000 : "NAND simulator partition 1"
[    0.399583] 0x000000200000-0x000000300000 : "NAND simulator partition 2"
[    0.400641] 0x000000300000-0x000000400000 : "NAND simulator partition 3"
[    0.401736] 0x000000400000-0x000000500000 : "NAND simulator partition 4"
[    0.402757] 0x000000500000-0x000000600000 : "NAND simulator partition 5"
[    0.403813] 0x000000600000-0x000000700000 : "NAND simulator partition 6"
[    0.404845] 0x000000700000-0x000000800000 : "NAND simulator partition 7"
[    0.405972] 0x000000800000-0x000000900000 : "NAND simulator partition 8"
[    0.407189] 0x000000900000-0x000000a00000 : "NAND simulator partition 9"
[    0.408475] 0x000000a00000-0x000008000000 : "NAND simulator partition 10"
[    0.411931] tun: Universal TUN/TAP device driver, 1.6
[    0.412087] tun: (C) 1999-2004 Max Krasnyansky <maxk@qualcomm.com>
[    0.429341] PPP generic driver version 2.4.2
[    0.429888] PPP BSD Compression module registered
[    0.430065] PPP Deflate Compression module registered
[    0.430306] PPP MPPE Compression module registered
[    0.430504] NET: Registered protocol family 24
[    0.430803] PPTP driver version 0.8.5
[    0.431567] usbcore: registered new interface driver usb-storage
[    0.432843] hidraw: raw HID events driver (C) Jiri Kosina
[    0.433255] usbcore: registered new interface driver usbhid
[    0.433421] usbhid: USB HID core driver
[    0.433780] Netfilter messages via NETLINK v0.30.
[    0.434304] nf_conntrack version 0.5.0 (3958 buckets, 15832 max)
[    0.435454] ctnetlink v0.93: registering with nfnetlink.
[    0.436624] ipip: IPv4 over IPv4 tunneling driver
[    0.438310] gre: GRE over IPv4 demultiplexor driver
[    0.438489] ip_gre: GRE over IPv4 tunneling driver
[    0.441801] ip_tables: (C) 2000-2006 Netfilter Core Team
[    0.443104] arp_tables: (C) 2002 David S. Miller
[    0.444045] Initializing XFRM netlink socket
[    0.444491] NET: Registered protocol family 10
[    0.449676] ip6_tables: (C) 2000-2006 Netfilter Core Team
[    0.453055] sit: IPv6 over IPv4 tunneling driver
[    0.456477] NET: Registered protocol family 17
[    0.456965] bridge: automatic filtering via arp/ip/ip6tables has been deprecated. Update your scripts to load br_netfilter if you need this.
[    0.457372] Bridge firewalling registered
[    0.457715] Ebtables v2.0 registered
[    0.458630] 8021q: 802.1Q VLAN Support v1.8
[    0.459147] Registering SWP/SWPB emulation handler
[    0.460687] hctosys: unable to open rtc device (rtc0)
[    0.473476] UDF-fs: warning (device vda1): udf_fill_super: No partition found (2)
[    0.486820] UDF-fs: warning (device vda1): udf_fill_super: No partition found (2)
[    0.487173] List of all partitions:
[    0.487432] 0100            8192 ram0  (driver?)
[    0.487796] 0101            8192 ram1  (driver?)
[    0.487940] 0102            8192 ram2  (driver?)
[    0.488082] 0103            8192 ram3  (driver?)
[    0.488222] 0104            8192 ram4  (driver?)
[    0.488362] 0105            8192 ram5  (driver?)
[    0.488502] 0106            8192 ram6  (driver?)
[    0.488641] 0107            8192 ram7  (driver?)
[    0.488780] 0108            8192 ram8  (driver?)
[    0.488919] 0109            8192 ram9  (driver?)
[    0.489059] 010a            8192 ram10  (driver?)
[    0.489202] 010b            8192 ram11  (driver?)
[    0.489345] 010c            8192 ram12  (driver?)
[    0.489507] 010d            8192 ram13  (driver?)
[    0.489659] 010e            8192 ram14  (driver?)
[    0.489811] 010f            8192 ram15  (driver?)
[    0.489968] fe00         1048576 vda  driver: virtio_blk
[    0.490153]   fe01         1047552 vda1 56c508d7-01
[    0.490331] 1f00            1024 mtdblock0  (driver?)
[    0.490494] 1f01            1024 mtdblock1  (driver?)
[    0.490656] 1f02            1024 mtdblock2  (driver?)
[    0.490818] 1f03            1024 mtdblock3  (driver?)
[    0.490982] 1f04            1024 mtdblock4  (driver?)
[    0.491145] 1f05            1024 mtdblock5  (driver?)
[    0.491307] 1f06            1024 mtdblock6  (driver?)
[    0.491469] 1f07            1024 mtdblock7  (driver?)
[    0.491631] 1f08            1024 mtdblock8  (driver?)
[    0.491803] 1f09            1024 mtdblock9  (driver?)
[    0.491955] 1f0a          120832 mtdblock10  (driver?)
[    0.492117] No filesystem could mount root, tried:  ext3 ext2 ext4 cramfs squashfs vfat iso9660 romfs udf
[    0.492541] Kernel panic - not syncing: VFS: Unable to mount root fs on unknown-block(254,1)
[    0.492801] CPU: 0 PID: 1 Comm: swapper Tainted: G        W       4.1.17+ #1
[    0.492995] Hardware name: Generic DT based system
[    0.493166] [<c001c99c>] (unwind_backtrace) from [<c0019d30>] (show_stack+0x10/0x14)
[    0.493421] [<c0019d30>] (show_stack) from [<c0410b78>] (panic+0x70/0x1c8)
[    0.493644] [<c0410b78>] (panic) from [<c05c81bc>] (mount_block_root+0x268/0x2ac)
[    0.493880] [<c05c81bc>] (mount_block_root) from [<c05c84a4>] (prepare_namespace+0x158/0x1ac)
[    0.494144] [<c05c84a4>] (prepare_namespace) from [<c05c7d84>] (kernel_init_freeable+0x16c/0x1b0)
[    0.494429] [<c05c7d84>] (kernel_init_freeable) from [<c040f28c>] (kernel_init+0x8/0xe4)
[    0.494681] [<c040f28c>] (kernel_init) from [<c0016da8>] (ret_from_fork+0x14/0x2c)
[    0.495033] ---[ end Kernel panic - not syncing: VFS: Unable to mount root fs on unknown-block(254,1)
