[    0.000000] Booting Linux on physical CPU 0x0
[    0.000000] Linux version 4.1.17+ (vagrant@vagrant-ubuntu-trusty-64) (gcc version 5.3.0 (GCC) ) #1 Thu Feb 18 01:05:21 UTC 2016
[    0.000000] CPU: ARMv7 Processor [412fc0f1] revision 1 (ARMv7), cr=10c5387d
[    0.000000] CPU: PIPT / VIPT nonaliasing data cache, PIPT instruction cache
[    0.000000] Machine model: linux,dummy-virt
[    0.000000] debug: ignoring loglevel setting.
[    0.000000] Memory policy: Data cache writeback
[    0.000000] On node 0 totalpages: 65536
[    0.000000] free_area_init_node: node 0, pgdat c061dfe8, node_mem_map cfdf9000
[    0.000000]   Normal zone: 512 pages used for memmap
[    0.000000]   Normal zone: 0 pages reserved
[    0.000000]   Normal zone: 65536 pages, LIFO batch:15
[    0.000000] CPU: All CPU(s) started in SVC mode.
[    0.000000] pcpu-alloc: s0 r0 d32768 u32768 alloc=1*32768
[    0.000000] pcpu-alloc: [0] 0 
[    0.000000] Built 1 zonelists in Zone order, mobility grouping on.  Total pages: 65024
[    0.000000] Kernel command line: root=/dev/vda1 console=ttyS0 nandsim.parts=64,64,64,64,64,64,64,64,64,64 rdinit=/firmadyne/preInit.sh rw debug ignore_loglevel print-fatal-signals=1 user_debug=31 firmadyne.syscall=0
[    0.000000] PID hash table entries: 1024 (order: 0, 4096 bytes)
[    0.000000] Dentry cache hash table entries: 32768 (order: 5, 131072 bytes)
[    0.000000] Inode-cache hash table entries: 16384 (order: 4, 65536 bytes)
[    0.000000] Memory: 253344K/262144K available (4297K kernel code, 170K rwdata, 1584K rodata, 180K init, 148K bss, 8800K reserved, 0K cma-reserved)
[    0.000000] Virtual kernel memory layout:
[    0.000000]     vector  : 0xffff0000 - 0xffff1000   (   4 kB)
[    0.000000]     fixmap  : 0xffc00000 - 0xfff00000   (3072 kB)
[    0.000000]     vmalloc : 0xd0800000 - 0xff000000   ( 744 MB)
[    0.000000]     lowmem  : 0xc0000000 - 0xd0000000   ( 256 MB)
[    0.000000]     modules : 0xbf000000 - 0xc0000000   (  16 MB)
[    0.000000]       .text : 0xc0008000 - 0xc05c67bc   (5882 kB)
[    0.000000]       .init : 0xc05c7000 - 0xc05f4000   ( 180 kB)
[    0.000000]       .data : 0xc05f4000 - 0xc061e840   ( 171 kB)
[    0.000000]        .bss : 0xc0621000 - 0xc06462d4   ( 149 kB)
[    0.000000] NR_IRQS:16 nr_irqs:16 16
[    0.000000] Architected cp15 timer(s) running at 62.50MHz (virt).
[    0.000000] clocksource arch_sys_counter: mask: 0xffffffffffffff max_cycles: 0x1cd42e208c, max_idle_ns: 881590405314 ns
[    0.000133] sched_clock: 56 bits at 62MHz, resolution 16ns, wraps every 4398046511096ns
[    0.000242] Switching to timer-based delay loop, resolution 16ns
[    0.002826] Console: colour dummy device 80x30
[    0.003108] Calibrating delay loop (skipped), value calculated using timer frequency.. 125.00 BogoMIPS (lpj=625000)
[    0.003213] pid_max: default: 32768 minimum: 301
[    0.004137] Mount-cache hash table entries: 1024 (order: 0, 4096 bytes)
[    0.004168] Mountpoint-cache hash table entries: 1024 (order: 0, 4096 bytes)
[    0.012018] CPU: Testing write buffer coherency: ok
[    0.017554] Setting up static identity map for 0x40008240 - 0x40008298
[    0.030633] VFP support v0.3: implementor 41 architecture 4 part 30 variant f rev 0
[    0.041981] clocksource jiffies: mask: 0xffffffff max_cycles: 0xffffffff, max_idle_ns: 19112604462750000 ns
[    0.048969] NET: Registered protocol family 16
[    0.051737] DMA: preallocated 256 KiB pool for atomic coherent allocations
[    0.055166] cpuidle: using governor ladder
[    0.055295] cpuidle: using governor menu
[    0.058157] genirq: Setting trigger mode 1 for irq 20 failed (gic_set_type+0x0/0x48)
[    0.059639] genirq: Setting trigger mode 1 for irq 21 failed (gic_set_type+0x0/0x48)
[    0.059914] genirq: Setting trigger mode 1 for irq 22 failed (gic_set_type+0x0/0x48)
[    0.060187] genirq: Setting trigger mode 1 for irq 23 failed (gic_set_type+0x0/0x48)
[    0.060457] genirq: Setting trigger mode 1 for irq 24 failed (gic_set_type+0x0/0x48)
[    0.060710] genirq: Setting trigger mode 1 for irq 25 failed (gic_set_type+0x0/0x48)
[    0.060944] genirq: Setting trigger mode 1 for irq 26 failed (gic_set_type+0x0/0x48)
[    0.061180] genirq: Setting trigger mode 1 for irq 27 failed (gic_set_type+0x0/0x48)
[    0.061521] genirq: Setting trigger mode 1 for irq 28 failed (gic_set_type+0x0/0x48)
[    0.061781] genirq: Setting trigger mode 1 for irq 29 failed (gic_set_type+0x0/0x48)
[    0.062013] genirq: Setting trigger mode 1 for irq 30 failed (gic_set_type+0x0/0x48)
[    0.062260] genirq: Setting trigger mode 1 for irq 31 failed (gic_set_type+0x0/0x48)
[    0.062489] genirq: Setting trigger mode 1 for irq 32 failed (gic_set_type+0x0/0x48)
[    0.062736] genirq: Setting trigger mode 1 for irq 33 failed (gic_set_type+0x0/0x48)
[    0.062963] genirq: Setting trigger mode 1 for irq 34 failed (gic_set_type+0x0/0x48)
[    0.063188] genirq: Setting trigger mode 1 for irq 35 failed (gic_set_type+0x0/0x48)
[    0.063432] genirq: Setting trigger mode 1 for irq 36 failed (gic_set_type+0x0/0x48)
[    0.063840] genirq: Setting trigger mode 1 for irq 37 failed (gic_set_type+0x0/0x48)
[    0.064151] genirq: Setting trigger mode 1 for irq 38 failed (gic_set_type+0x0/0x48)
[    0.064401] genirq: Setting trigger mode 1 for irq 39 failed (gic_set_type+0x0/0x48)
[    0.064638] genirq: Setting trigger mode 1 for irq 40 failed (gic_set_type+0x0/0x48)
[    0.065100] genirq: Setting trigger mode 1 for irq 41 failed (gic_set_type+0x0/0x48)
[    0.065379] genirq: Setting trigger mode 1 for irq 42 failed (gic_set_type+0x0/0x48)
[    0.065635] genirq: Setting trigger mode 1 for irq 43 failed (gic_set_type+0x0/0x48)
[    0.065900] genirq: Setting trigger mode 1 for irq 44 failed (gic_set_type+0x0/0x48)
[    0.066167] genirq: Setting trigger mode 1 for irq 45 failed (gic_set_type+0x0/0x48)
[    0.066409] genirq: Setting trigger mode 1 for irq 46 failed (gic_set_type+0x0/0x48)
[    0.066692] genirq: Setting trigger mode 1 for irq 47 failed (gic_set_type+0x0/0x48)
[    0.066955] genirq: Setting trigger mode 1 for irq 48 failed (gic_set_type+0x0/0x48)
[    0.067197] genirq: Setting trigger mode 1 for irq 49 failed (gic_set_type+0x0/0x48)
[    0.067432] genirq: Setting trigger mode 1 for irq 50 failed (gic_set_type+0x0/0x48)
[    0.067689] genirq: Setting trigger mode 1 for irq 51 failed (gic_set_type+0x0/0x48)
[    0.068132] genirq: Setting trigger mode 1 for irq 52 failed (gic_set_type+0x0/0x48)
[    0.071172] Serial: AMBA PL011 UART driver
[    0.072895] 9000000.pl011: ttyS0 at MMIO 0x9000000 (irq = 52, base_baud = 0) is a PL011 rev1
[    0.130622] console [ttyS0] enabled
[    0.154276] vgaarb: loaded
[    0.156106] SCSI subsystem initialized
[    0.157695] usbcore: registered new interface driver usbfs
[    0.158968] usbcore: registered new interface driver hub
[    0.160413] usbcore: registered new device driver usb
[    0.169084] cfg80211: Calling CRDA to update world regulatory domain
[    0.172578] Switched to clocksource arch_sys_counter
[    0.187504] NET: Registered protocol family 2
[    0.193132] TCP established hash table entries: 2048 (order: 1, 8192 bytes)
[    0.194566] TCP bind hash table entries: 2048 (order: 1, 8192 bytes)
[    0.196204] TCP: Hash tables configured (established 2048 bind 2048)
[    0.197835] UDP hash table entries: 256 (order: 0, 4096 bytes)
[    0.199050] UDP-Lite hash table entries: 256 (order: 0, 4096 bytes)
[    0.201414] NET: Registered protocol family 1
[    0.202823] PCI: CLS 0 bytes, default 64
[    0.210349] NetWinder Floating Point Emulator V0.97 (extended precision)
[    0.213918] futex hash table entries: 256 (order: -1, 3072 bytes)
[    0.220070] squashfs: version 4.0 (2009/01/31) Phillip Lougher
[    0.222588] jffs2: version 2.2. (NAND) Â© 2001-2006 Red Hat, Inc.
[    0.224461] romfs: ROMFS MTD (C) 2007 Red Hat, Inc.
[    0.232765] Block layer SCSI generic (bsg) driver version 0.4 loaded (major 253)
[    0.234320] io scheduler noop registered
[    0.235201] io scheduler cfq registered (default)
[    0.236661] firmadyne: devfs: 1, execute: 1, procfs: 1, syscall: 0
[    0.238862] ------------[ cut here ]------------
[    0.239843] WARNING: CPU: 0 PID: 1 at /home/vagrant/firmadyne-kernel/kernel-v4.1/fs/sysfs/dir.c:31 sysfs_warn_dup+0x50/0x6c()
[    0.241868] sysfs: cannot create duplicate filename '/class/gpio'
[    0.243263] Modules linked in:
[    0.244387] CPU: 0 PID: 1 Comm: swapper Not tainted 4.1.17+ #1
[    0.245457] Hardware name: Generic DT based system
[    0.246934] [<c001c99c>] (unwind_backtrace) from [<c0019d30>] (show_stack+0x10/0x14)
[    0.248504] [<c0019d30>] (show_stack) from [<c0024ab4>] (warn_slowpath_common+0x80/0xa8)
[    0.250031] [<c0024ab4>] (warn_slowpath_common) from [<c0024b08>] (warn_slowpath_fmt+0x2c/0x3c)
[    0.251673] [<c0024b08>] (warn_slowpath_fmt) from [<c00e363c>] (sysfs_warn_dup+0x50/0x6c)
[    0.253415] [<c00e363c>] (sysfs_warn_dup) from [<c00e3714>] (sysfs_create_dir_ns+0x74/0x84)
[    0.254535] [<c00e3714>] (sysfs_create_dir_ns) from [<c018e6ac>] (kobject_add_internal+0xb8/0x2ac)
[    0.255160] [<c018e6ac>] (kobject_add_internal) from [<c018e9a8>] (kset_register+0x1c/0x44)
[    0.256305] [<c018e9a8>] (kset_register) from [<c02090b4>] (__class_register+0xa8/0x198)
[    0.257034] [<c02090b4>] (__class_register) from [<c02091e4>] (__class_create+0x40/0x70)
[    0.257791] [<c02091e4>] (__class_create) from [<c01adf68>] (register_devfs_stubs+0x314/0xbb4)
[    0.258584] [<c01adf68>] (register_devfs_stubs) from [<c05d9b08>] (init_module+0x28/0xa4)
[    0.259366] [<c05d9b08>] (init_module) from [<c0009670>] (do_one_initcall+0x104/0x1b4)
[    0.260251] [<c0009670>] (do_one_initcall) from [<c05c7d08>] (kernel_init_freeable+0xf0/0x1b0)
[    0.261041] [<c05c7d08>] (kernel_init_freeable) from [<c040f28c>] (kernel_init+0x8/0xe4)
[    0.261914] [<c040f28c>] (kernel_init) from [<c0016da8>] (ret_from_fork+0x14/0x2c)
[    0.262921] ---[ end trace ccee0f3f7e0b6c70 ]---
[    0.263872] ------------[ cut here ]------------
[    0.264506] WARNING: CPU: 0 PID: 1 at /home/vagrant/firmadyne-kernel/kernel-v4.1/lib/kobject.c:240 kobject_add_internal+0x240/0x2ac()
[    0.265383] kobject_add_internal failed for gpio with -EEXIST, don't try to register things with the same name in the same directory.
[    0.266631] Modules linked in:
[    0.267001] CPU: 0 PID: 1 Comm: swapper Tainted: G        W       4.1.17+ #1
[    0.267844] Hardware name: Generic DT based system
[    0.268386] [<c001c99c>] (unwind_backtrace) from [<c0019d30>] (show_stack+0x10/0x14)
[    0.269058] [<c0019d30>] (show_stack) from [<c0024ab4>] (warn_slowpath_common+0x80/0xa8)
[    0.269962] [<c0024ab4>] (warn_slowpath_common) from [<c0024b08>] (warn_slowpath_fmt+0x2c/0x3c)
[    0.270700] [<c0024b08>] (warn_slowpath_fmt) from [<c018e834>] (kobject_add_internal+0x240/0x2ac)
[    0.271665] [<c018e834>] (kobject_add_internal) from [<c018e9a8>] (kset_register+0x1c/0x44)
[    0.272734] [<c018e9a8>] (kset_register) from [<c02090b4>] (__class_register+0xa8/0x198)
[    0.273458] [<c02090b4>] (__class_register) from [<c02091e4>] (__class_create+0x40/0x70)
[    0.274193] [<c02091e4>] (__class_create) from [<c01adf68>] (register_devfs_stubs+0x314/0xbb4)
[    0.275119] [<c01adf68>] (register_devfs_stubs) from [<c05d9b08>] (init_module+0x28/0xa4)
[    0.275823] [<c05d9b08>] (init_module) from [<c0009670>] (do_one_initcall+0x104/0x1b4)
[    0.276638] [<c0009670>] (do_one_initcall) from [<c05c7d08>] (kernel_init_freeable+0xf0/0x1b0)
[    0.277452] [<c05c7d08>] (kernel_init_freeable) from [<c040f28c>] (kernel_init+0x8/0xe4)
[    0.278259] [<c040f28c>] (kernel_init) from [<c0016da8>] (ret_from_fork+0x14/0x2c)
[    0.279265] ---[ end trace ccee0f3f7e0b6c71 ]---
[    0.280163] firmadyne: Cannot create device class: gpio!
[    0.282258] firmadyne: Cannot register character device: watchdog, 0xa, 0x82!
[    0.283883] firmadyne: Cannot register character device: wdt, 0xfd, 0x0!
[    0.380614] Non-volatile memory driver v1.3
[    0.400809] brd: module loaded
[    0.409902] loop: module loaded
[    0.420231]  vda: vda1
[    0.425088] [nandsim] warning: read_byte: unexpected data output cycle, state is STATE_READY return 0x0
[    0.426877] [nandsim] warning: read_byte: unexpected data output cycle, state is STATE_READY return 0x0
[    0.428606] [nandsim] warning: read_byte: unexpected data output cycle, state is STATE_READY return 0x0
[    0.430280] [nandsim] warning: read_byte: unexpected data output cycle, state is STATE_READY return 0x0
[    0.432036] [nandsim] warning: read_byte: unexpected data output cycle, state is STATE_READY return 0x0
[    0.433477] [nandsim] warning: read_byte: unexpected data output cycle, state is STATE_READY return 0x0
[    0.434575] nand: device found, Manufacturer ID: 0x98, Chip ID: 0x39
[    0.435824] nand: Toshiba NAND 128MiB 1,8V 8-bit
[    0.436570] nand: 128 MiB, SLC, erase size: 16 KiB, page size: 512, OOB size: 16
[    0.438144] flash size: 128 MiB
[    0.438765] page size: 512 bytes
[    0.439306] OOB area size: 16 bytes
[    0.439883] sector size: 16 KiB
[    0.440491] pages number: 262144
[    0.441081] pages per sector: 32
[    0.441614] bus width: 8
[    0.441743] bits in sector size: 14
[    0.442188] bits in page size: 9
[    0.442851] bits in OOB size: 4
[    0.443262] flash size with OOB: 135168 KiB
[    0.443664] page address bytes: 4
[    0.444012] sector address bytes: 3
[    0.444366] options: 0x42
[    0.449326] Scanning device for bad blocks
[    0.558725] Creating 11 MTD partitions on "NAND 128MiB 1,8V 8-bit":
[    0.560141] 0x000000000000-0x000000100000 : "NAND simulator partition 0"
[    0.563778] 0x000000100000-0x000000200000 : "NAND simulator partition 1"
[    0.566129] 0x000000200000-0x000000300000 : "NAND simulator partition 2"
[    0.568350] 0x000000300000-0x000000400000 : "NAND simulator partition 3"
[    0.570510] 0x000000400000-0x000000500000 : "NAND simulator partition 4"
[    0.573189] 0x000000500000-0x000000600000 : "NAND simulator partition 5"
[    0.575667] 0x000000600000-0x000000700000 : "NAND simulator partition 6"
[    0.578155] 0x000000700000-0x000000800000 : "NAND simulator partition 7"
[    0.580764] 0x000000800000-0x000000900000 : "NAND simulator partition 8"
[    0.583564] 0x000000900000-0x000000a00000 : "NAND simulator partition 9"
[    0.586042] 0x000000a00000-0x000008000000 : "NAND simulator partition 10"
[    0.591304] tun: Universal TUN/TAP device driver, 1.6
[    0.592683] tun: (C) 1999-2004 Max Krasnyansky <maxk@qualcomm.com>
[    0.609794] PPP generic driver version 2.4.2
[    0.611310] PPP BSD Compression module registered
[    0.612557] PPP Deflate Compression module registered
[    0.613620] PPP MPPE Compression module registered
[    0.614587] NET: Registered protocol family 24
[    0.615781] PPTP driver version 0.8.5
[    0.617381] usbcore: registered new interface driver usb-storage
[    0.620322] hidraw: raw HID events driver (C) Jiri Kosina
[    0.621785] usbcore: registered new interface driver usbhid
[    0.623125] usbhid: USB HID core driver
[    0.624313] Netfilter messages via NETLINK v0.30.
[    0.625749] nf_conntrack version 0.5.0 (3958 buckets, 15832 max)
[    0.628253] ctnetlink v0.93: registering with nfnetlink.
[    0.630544] ipip: IPv4 over IPv4 tunneling driver
[    0.633445] gre: GRE over IPv4 demultiplexor driver
[    0.634455] ip_gre: GRE over IPv4 tunneling driver
[    0.639417] ip_tables: (C) 2000-2006 Netfilter Core Team
[    0.642059] arp_tables: (C) 2002 David S. Miller
[    0.644204] Initializing XFRM netlink socket
[    0.645499] NET: Registered protocol family 10
[    0.652254] ip6_tables: (C) 2000-2006 Netfilter Core Team
[    0.654945] sit: IPv6 over IPv4 tunneling driver
[    0.659092] NET: Registered protocol family 17
[    0.660575] bridge: automatic filtering via arp/ip/ip6tables has been deprecated. Update your scripts to load br_netfilter if you need this.
[    0.663222] Bridge firewalling registered
[    0.664183] Ebtables v2.0 registered
[    0.665936] 8021q: 802.1Q VLAN Support v1.8
[    0.667309] Registering SWP/SWPB emulation handler
[    0.670060] hctosys: unable to open rtc device (rtc0)
[    0.686936] UDF-fs: warning (device vda1): udf_fill_super: No partition found (2)
[    0.704564] UDF-fs: warning (device vda1): udf_fill_super: No partition found (2)
[    0.706109] List of all partitions:
[    0.706990] 0100            8192 ram0  (driver?)
[    0.707951] 0101            8192 ram1  (driver?)
[    0.708789] 0102            8192 ram2  (driver?)
[    0.709656] 0103            8192 ram3  (driver?)
[    0.710522] 0104            8192 ram4  (driver?)
[    0.711384] 0105            8192 ram5  (driver?)
[    0.712635] 0106            8192 ram6  (driver?)
[    0.713512] 0107            8192 ram7  (driver?)
[    0.714344] 0108            8192 ram8  (driver?)
[    0.715220] 0109            8192 ram9  (driver?)
[    0.716046] 010a            8192 ram10  (driver?)
[    0.716384] 010b            8192 ram11  (driver?)
[    0.716826] 010c            8192 ram12  (driver?)
[    0.717501] 010d            8192 ram13  (driver?)
[    0.717792] 010e            8192 ram14  (driver?)
[    0.718320] 010f            8192 ram15  (driver?)
[    0.718822] fe00         1048576 vda  driver: virtio_blk
[    0.719598]   fe01         1047552 vda1 56c508d7-01
[    0.719982] 1f00            1024 mtdblock0  (driver?)
[    0.720694] 1f01            1024 mtdblock1  (driver?)
[    0.721112] 1f02            1024 mtdblock2  (driver?)
[    0.721498] 1f03            1024 mtdblock3  (driver?)
[    0.722200] 1f04            1024 mtdblock4  (driver?)
[    0.722942] 1f05            1024 mtdblock5  (driver?)
[    0.723577] 1f06            1024 mtdblock6  (driver?)
[    0.724188] 1f07            1024 mtdblock7  (driver?)
[    0.724846] 1f08            1024 mtdblock8  (driver?)
[    0.725214] 1f09            1024 mtdblock9  (driver?)
[    0.725783] 1f0a          120832 mtdblock10  (driver?)
[    0.726246] No filesystem could mount root, tried:  ext3 ext2 ext4 cramfs squashfs vfat iso9660 romfs udf
[    0.727625] Kernel panic - not syncing: VFS: Unable to mount root fs on unknown-block(254,1)
[    0.728753] CPU: 0 PID: 1 Comm: swapper Tainted: G        W       4.1.17+ #1
[    0.729485] Hardware name: Generic DT based system
[    0.730017] [<c001c99c>] (unwind_backtrace) from [<c0019d30>] (show_stack+0x10/0x14)
[    0.730797] [<c0019d30>] (show_stack) from [<c0410b78>] (panic+0x70/0x1c8)
[    0.731585] [<c0410b78>] (panic) from [<c05c81bc>] (mount_block_root+0x268/0x2ac)
[    0.732417] [<c05c81bc>] (mount_block_root) from [<c05c84a4>] (prepare_namespace+0x158/0x1ac)
[    0.733284] [<c05c84a4>] (prepare_namespace) from [<c05c7d84>] (kernel_init_freeable+0x16c/0x1b0)
[    0.733940] [<c05c7d84>] (kernel_init_freeable) from [<c040f28c>] (kernel_init+0x8/0xe4)
[    0.734741] [<c040f28c>] (kernel_init) from [<c0016da8>] (ret_from_fork+0x14/0x2c)
[    0.735936] ---[ end Kernel panic - not syncing: VFS: Unable to mount root fs on unknown-block(254,1)
