[    0.000000] Booting Linux on physical CPU 0x0
[    0.000000] Linux version 4.1.17+ (vagrant@vagrant-ubuntu-trusty-64) (gcc version 5.3.0 (GCC) ) #1 Thu Feb 18 01:05:21 UTC 2016
[    0.000000] CPU: ARMv7 Processor [412fc0f1] revision 1 (ARMv7), cr=10c5387d
[    0.000000] CPU: PIPT / VIPT nonaliasing data cache, PIPT instruction cache
[    0.000000] Machine model: linux,dummy-virt
[    0.000000] debug: ignoring loglevel setting.
[    0.000000] Memory policy: Data cache writeback
[    0.000000] On node 0 totalpages: 65536
[    0.000000] free_area_init_node: node 0, pgdat c061dfe8, node_mem_map cfdf9000
[    0.000000]   Normal zone: 512 pages used for memmap
[    0.000000]   Normal zone: 0 pages reserved
[    0.000000]   Normal zone: 65536 pages, LIFO batch:15
[    0.000000] CPU: All CPU(s) started in SVC mode.
[    0.000000] pcpu-alloc: s0 r0 d32768 u32768 alloc=1*32768
[    0.000000] pcpu-alloc: [0] 0 
[    0.000000] Built 1 zonelists in Zone order, mobility grouping on.  Total pages: 65024
[    0.000000] Kernel command line: root=/dev/vda1 console=ttyS0 nandsim.parts=64,64,64,64,64,64,64,64,64,64 rdinit=/firmadyne/preInit.sh rw debug ignore_loglevel print-fatal-signals=1 user_debug=31 firmadyne.syscall=0
[    0.000000] PID hash table entries: 1024 (order: 0, 4096 bytes)
[    0.000000] Dentry cache hash table entries: 32768 (order: 5, 131072 bytes)
[    0.000000] Inode-cache hash table entries: 16384 (order: 4, 65536 bytes)
[    0.000000] Memory: 253344K/262144K available (4297K kernel code, 170K rwdata, 1584K rodata, 180K init, 148K bss, 8800K reserved, 0K cma-reserved)
[    0.000000] Virtual kernel memory layout:
[    0.000000]     vector  : 0xffff0000 - 0xffff1000   (   4 kB)
[    0.000000]     fixmap  : 0xffc00000 - 0xfff00000   (3072 kB)
[    0.000000]     vmalloc : 0xd0800000 - 0xff000000   ( 744 MB)
[    0.000000]     lowmem  : 0xc0000000 - 0xd0000000   ( 256 MB)
[    0.000000]     modules : 0xbf000000 - 0xc0000000   (  16 MB)
[    0.000000]       .text : 0xc0008000 - 0xc05c67bc   (5882 kB)
[    0.000000]       .init : 0xc05c7000 - 0xc05f4000   ( 180 kB)
[    0.000000]       .data : 0xc05f4000 - 0xc061e840   ( 171 kB)
[    0.000000]        .bss : 0xc0621000 - 0xc06462d4   ( 149 kB)
[    0.000000] NR_IRQS:16 nr_irqs:16 16
[    0.000000] Architected cp15 timer(s) running at 62.50MHz (virt).
[    0.000000] clocksource arch_sys_counter: mask: 0xffffffffffffff max_cycles: 0x1cd42e208c, max_idle_ns: 881590405314 ns
[    0.000134] sched_clock: 56 bits at 62MHz, resolution 16ns, wraps every 4398046511096ns
[    0.000244] Switching to timer-based delay loop, resolution 16ns
[    0.002906] Console: colour dummy device 80x30
[    0.003184] Calibrating delay loop (skipped), value calculated using timer frequency.. 125.00 BogoMIPS (lpj=625000)
[    0.003288] pid_max: default: 32768 minimum: 301
[    0.004075] Mount-cache hash table entries: 1024 (order: 0, 4096 bytes)
[    0.004106] Mountpoint-cache hash table entries: 1024 (order: 0, 4096 bytes)
[    0.012144] CPU: Testing write buffer coherency: ok
[    0.017626] Setting up static identity map for 0x40008240 - 0x40008298
[    0.030378] VFP support v0.3: implementor 41 architecture 4 part 30 variant f rev 0
[    0.040408] clocksource jiffies: mask: 0xffffffff max_cycles: 0xffffffff, max_idle_ns: 19112604462750000 ns
[    0.048010] NET: Registered protocol family 16
[    0.050770] DMA: preallocated 256 KiB pool for atomic coherent allocations
[    0.054193] cpuidle: using governor ladder
[    0.054322] cpuidle: using governor menu
[    0.057225] genirq: Setting trigger mode 1 for irq 20 failed (gic_set_type+0x0/0x48)
[    0.058721] genirq: Setting trigger mode 1 for irq 21 failed (gic_set_type+0x0/0x48)
[    0.058987] genirq: Setting trigger mode 1 for irq 22 failed (gic_set_type+0x0/0x48)
[    0.059260] genirq: Setting trigger mode 1 for irq 23 failed (gic_set_type+0x0/0x48)
[    0.059546] genirq: Setting trigger mode 1 for irq 24 failed (gic_set_type+0x0/0x48)
[    0.059812] genirq: Setting trigger mode 1 for irq 25 failed (gic_set_type+0x0/0x48)
[    0.060051] genirq: Setting trigger mode 1 for irq 26 failed (gic_set_type+0x0/0x48)
[    0.060291] genirq: Setting trigger mode 1 for irq 27 failed (gic_set_type+0x0/0x48)
[    0.060669] genirq: Setting trigger mode 1 for irq 28 failed (gic_set_type+0x0/0x48)
[    0.060942] genirq: Setting trigger mode 1 for irq 29 failed (gic_set_type+0x0/0x48)
[    0.061178] genirq: Setting trigger mode 1 for irq 30 failed (gic_set_type+0x0/0x48)
[    0.061449] genirq: Setting trigger mode 1 for irq 31 failed (gic_set_type+0x0/0x48)
[    0.061706] genirq: Setting trigger mode 1 for irq 32 failed (gic_set_type+0x0/0x48)
[    0.061963] genirq: Setting trigger mode 1 for irq 33 failed (gic_set_type+0x0/0x48)
[    0.062195] genirq: Setting trigger mode 1 for irq 34 failed (gic_set_type+0x0/0x48)
[    0.062423] genirq: Setting trigger mode 1 for irq 35 failed (gic_set_type+0x0/0x48)
[    0.062687] genirq: Setting trigger mode 1 for irq 36 failed (gic_set_type+0x0/0x48)
[    0.062945] genirq: Setting trigger mode 1 for irq 37 failed (gic_set_type+0x0/0x48)
[    0.063478] genirq: Setting trigger mode 1 for irq 38 failed (gic_set_type+0x0/0x48)
[    0.063755] genirq: Setting trigger mode 1 for irq 39 failed (gic_set_type+0x0/0x48)
[    0.063998] genirq: Setting trigger mode 1 for irq 40 failed (gic_set_type+0x0/0x48)
[    0.064257] genirq: Setting trigger mode 1 for irq 41 failed (gic_set_type+0x0/0x48)
[    0.064519] genirq: Setting trigger mode 1 for irq 42 failed (gic_set_type+0x0/0x48)
[    0.064815] genirq: Setting trigger mode 1 for irq 43 failed (gic_set_type+0x0/0x48)
[    0.065093] genirq: Setting trigger mode 1 for irq 44 failed (gic_set_type+0x0/0x48)
[    0.065365] genirq: Setting trigger mode 1 for irq 45 failed (gic_set_type+0x0/0x48)
[    0.065646] genirq: Setting trigger mode 1 for irq 46 failed (gic_set_type+0x0/0x48)
[    0.065940] genirq: Setting trigger mode 1 for irq 47 failed (gic_set_type+0x0/0x48)
[    0.066209] genirq: Setting trigger mode 1 for irq 48 failed (gic_set_type+0x0/0x48)
[    0.066455] genirq: Setting trigger mode 1 for irq 49 failed (gic_set_type+0x0/0x48)
[    0.066711] genirq: Setting trigger mode 1 for irq 50 failed (gic_set_type+0x0/0x48)
[    0.066953] genirq: Setting trigger mode 1 for irq 51 failed (gic_set_type+0x0/0x48)
[    0.067383] genirq: Setting trigger mode 1 for irq 52 failed (gic_set_type+0x0/0x48)
[    0.070473] Serial: AMBA PL011 UART driver
[    0.072150] 9000000.pl011: ttyS0 at MMIO 0x9000000 (irq = 52, base_baud = 0) is a PL011 rev1
[    0.130480] console [ttyS0] enabled
[    0.149948] vgaarb: loaded
[    0.151728] SCSI subsystem initialized
[    0.154116] usbcore: registered new interface driver usbfs
[    0.155373] usbcore: registered new interface driver hub
[    0.156576] usbcore: registered new device driver usb
[    0.164992] cfg80211: Calling CRDA to update world regulatory domain
[    0.168068] Switched to clocksource arch_sys_counter
[    0.183418] NET: Registered protocol family 2
[    0.188697] TCP established hash table entries: 2048 (order: 1, 8192 bytes)
[    0.190131] TCP bind hash table entries: 2048 (order: 1, 8192 bytes)
[    0.191497] TCP: Hash tables configured (established 2048 bind 2048)
[    0.193077] UDP hash table entries: 256 (order: 0, 4096 bytes)
[    0.194293] UDP-Lite hash table entries: 256 (order: 0, 4096 bytes)
[    0.196575] NET: Registered protocol family 1
[    0.198001] PCI: CLS 0 bytes, default 64
[    0.204816] NetWinder Floating Point Emulator V0.97 (extended precision)
[    0.208374] futex hash table entries: 256 (order: -1, 3072 bytes)
[    0.214067] squashfs: version 4.0 (2009/01/31) Phillip Lougher
[    0.216474] jffs2: version 2.2. (NAND) Â© 2001-2006 Red Hat, Inc.
[    0.218513] romfs: ROMFS MTD (C) 2007 Red Hat, Inc.
[    0.226900] Block layer SCSI generic (bsg) driver version 0.4 loaded (major 253)
[    0.228711] io scheduler noop registered
[    0.229525] io scheduler cfq registered (default)
[    0.230945] firmadyne: devfs: 1, execute: 1, procfs: 1, syscall: 0
[    0.233061] ------------[ cut here ]------------
[    0.233996] WARNING: CPU: 0 PID: 1 at /home/vagrant/firmadyne-kernel/kernel-v4.1/fs/sysfs/dir.c:31 sysfs_warn_dup+0x50/0x6c()
[    0.235879] sysfs: cannot create duplicate filename '/class/gpio'
[    0.236850] Modules linked in:
[    0.237617] CPU: 0 PID: 1 Comm: swapper Not tainted 4.1.17+ #1
[    0.238966] Hardware name: Generic DT based system
[    0.240231] [<c001c99c>] (unwind_backtrace) from [<c0019d30>] (show_stack+0x10/0x14)
[    0.241769] [<c0019d30>] (show_stack) from [<c0024ab4>] (warn_slowpath_common+0x80/0xa8)
[    0.243216] [<c0024ab4>] (warn_slowpath_common) from [<c0024b08>] (warn_slowpath_fmt+0x2c/0x3c)
[    0.244801] [<c0024b08>] (warn_slowpath_fmt) from [<c00e363c>] (sysfs_warn_dup+0x50/0x6c)
[    0.246212] [<c00e363c>] (sysfs_warn_dup) from [<c00e3714>] (sysfs_create_dir_ns+0x74/0x84)
[    0.247603] [<c00e3714>] (sysfs_create_dir_ns) from [<c018e6ac>] (kobject_add_internal+0xb8/0x2ac)
[    0.248636] [<c018e6ac>] (kobject_add_internal) from [<c018e9a8>] (kset_register+0x1c/0x44)
[    0.249697] [<c018e9a8>] (kset_register) from [<c02090b4>] (__class_register+0xa8/0x198)
[    0.250346] [<c02090b4>] (__class_register) from [<c02091e4>] (__class_create+0x40/0x70)
[    0.251087] [<c02091e4>] (__class_create) from [<c01adf68>] (register_devfs_stubs+0x314/0xbb4)
[    0.251864] [<c01adf68>] (register_devfs_stubs) from [<c05d9b08>] (init_module+0x28/0xa4)
[    0.252756] [<c05d9b08>] (init_module) from [<c0009670>] (do_one_initcall+0x104/0x1b4)
[    0.253765] [<c0009670>] (do_one_initcall) from [<c05c7d08>] (kernel_init_freeable+0xf0/0x1b0)
[    0.254432] [<c05c7d08>] (kernel_init_freeable) from [<c040f28c>] (kernel_init+0x8/0xe4)
[    0.255157] [<c040f28c>] (kernel_init) from [<c0016da8>] (ret_from_fork+0x14/0x2c)
[    0.256086] ---[ end trace cf7d87808cc33163 ]---
[    0.256970] ------------[ cut here ]------------
[    0.257540] WARNING: CPU: 0 PID: 1 at /home/vagrant/firmadyne-kernel/kernel-v4.1/lib/kobject.c:240 kobject_add_internal+0x240/0x2ac()
[    0.258794] kobject_add_internal failed for gpio with -EEXIST, don't try to register things with the same name in the same directory.
[    0.260078] Modules linked in:
[    0.260437] CPU: 0 PID: 1 Comm: swapper Tainted: G        W       4.1.17+ #1
[    0.261176] Hardware name: Generic DT based system
[    0.261783] [<c001c99c>] (unwind_backtrace) from [<c0019d30>] (show_stack+0x10/0x14)
[    0.262649] [<c0019d30>] (show_stack) from [<c0024ab4>] (warn_slowpath_common+0x80/0xa8)
[    0.263399] [<c0024ab4>] (warn_slowpath_common) from [<c0024b08>] (warn_slowpath_fmt+0x2c/0x3c)
[    0.264139] [<c0024b08>] (warn_slowpath_fmt) from [<c018e834>] (kobject_add_internal+0x240/0x2ac)
[    0.264974] [<c018e834>] (kobject_add_internal) from [<c018e9a8>] (kset_register+0x1c/0x44)
[    0.265805] [<c018e9a8>] (kset_register) from [<c02090b4>] (__class_register+0xa8/0x198)
[    0.266460] [<c02090b4>] (__class_register) from [<c02091e4>] (__class_create+0x40/0x70)
[    0.267256] [<c02091e4>] (__class_create) from [<c01adf68>] (register_devfs_stubs+0x314/0xbb4)
[    0.268350] [<c01adf68>] (register_devfs_stubs) from [<c05d9b08>] (init_module+0x28/0xa4)
[    0.269328] [<c05d9b08>] (init_module) from [<c0009670>] (do_one_initcall+0x104/0x1b4)
[    0.270195] [<c0009670>] (do_one_initcall) from [<c05c7d08>] (kernel_init_freeable+0xf0/0x1b0)
[    0.271080] [<c05c7d08>] (kernel_init_freeable) from [<c040f28c>] (kernel_init+0x8/0xe4)
[    0.271674] [<c040f28c>] (kernel_init) from [<c0016da8>] (ret_from_fork+0x14/0x2c)
[    0.272457] ---[ end trace cf7d87808cc33164 ]---
[    0.273040] firmadyne: Cannot create device class: gpio!
[    0.275078] firmadyne: Cannot register character device: watchdog, 0xa, 0x82!
[    0.276439] firmadyne: Cannot register character device: wdt, 0xfd, 0x0!
[    0.372399] Non-volatile memory driver v1.3
[    0.392363] brd: module loaded
[    0.401801] loop: module loaded
[    0.412057]  vda: vda1
[    0.416746] [nandsim] warning: read_byte: unexpected data output cycle, state is STATE_READY return 0x0
[    0.418831] [nandsim] warning: read_byte: unexpected data output cycle, state is STATE_READY return 0x0
[    0.420523] [nandsim] warning: read_byte: unexpected data output cycle, state is STATE_READY return 0x0
[    0.422204] [nandsim] warning: read_byte: unexpected data output cycle, state is STATE_READY return 0x0
[    0.423897] [nandsim] warning: read_byte: unexpected data output cycle, state is STATE_READY return 0x0
[    0.425581] [nandsim] warning: read_byte: unexpected data output cycle, state is STATE_READY return 0x0
[    0.426654] nand: device found, Manufacturer ID: 0x98, Chip ID: 0x39
[    0.428082] nand: Toshiba NAND 128MiB 1,8V 8-bit
[    0.428977] nand: 128 MiB, SLC, erase size: 16 KiB, page size: 512, OOB size: 16
[    0.430288] flash size: 128 MiB
[    0.430908] page size: 512 bytes
[    0.431495] OOB area size: 16 bytes
[    0.432151] sector size: 16 KiB
[    0.432731] pages number: 262144
[    0.433314] pages per sector: 32
[    0.433935] bus width: 8
[    0.434377] bits in sector size: 14
[    0.434706] bits in page size: 9
[    0.434908] bits in OOB size: 4
[    0.435396] flash size with OOB: 135168 KiB
[    0.435631] page address bytes: 4
[    0.436189] sector address bytes: 3
[    0.436541] options: 0x42
[    0.441185] Scanning device for bad blocks
[    0.551245] Creating 11 MTD partitions on "NAND 128MiB 1,8V 8-bit":
[    0.552942] 0x000000000000-0x000000100000 : "NAND simulator partition 0"
[    0.557084] 0x000000100000-0x000000200000 : "NAND simulator partition 1"
[    0.559882] 0x000000200000-0x000000300000 : "NAND simulator partition 2"
[    0.562376] 0x000000300000-0x000000400000 : "NAND simulator partition 3"
[    0.564868] 0x000000400000-0x000000500000 : "NAND simulator partition 4"
[    0.567320] 0x000000500000-0x000000600000 : "NAND simulator partition 5"
[    0.570065] 0x000000600000-0x000000700000 : "NAND simulator partition 6"
[    0.572552] 0x000000700000-0x000000800000 : "NAND simulator partition 7"
[    0.575071] 0x000000800000-0x000000900000 : "NAND simulator partition 8"
[    0.577668] 0x000000900000-0x000000a00000 : "NAND simulator partition 9"
[    0.580396] 0x000000a00000-0x000008000000 : "NAND simulator partition 10"
[    0.588581] tun: Universal TUN/TAP device driver, 1.6
[    0.589580] tun: (C) 1999-2004 Max Krasnyansky <maxk@qualcomm.com>
[    0.606878] PPP generic driver version 2.4.2
[    0.608632] PPP BSD Compression module registered
[    0.609637] PPP Deflate Compression module registered
[    0.610712] PPP MPPE Compression module registered
[    0.611637] NET: Registered protocol family 24
[    0.612733] PPTP driver version 0.8.5
[    0.614362] usbcore: registered new interface driver usb-storage
[    0.617242] hidraw: raw HID events driver (C) Jiri Kosina
[    0.618980] usbcore: registered new interface driver usbhid
[    0.620026] usbhid: USB HID core driver
[    0.621190] Netfilter messages via NETLINK v0.30.
[    0.622633] nf_conntrack version 0.5.0 (3958 buckets, 15832 max)
[    0.625000] ctnetlink v0.93: registering with nfnetlink.
[    0.627356] ipip: IPv4 over IPv4 tunneling driver
[    0.630318] gre: GRE over IPv4 demultiplexor driver
[    0.631320] ip_gre: GRE over IPv4 tunneling driver
[    0.636334] ip_tables: (C) 2000-2006 Netfilter Core Team
[    0.639151] arp_tables: (C) 2002 David S. Miller
[    0.641059] Initializing XFRM netlink socket
[    0.642363] NET: Registered protocol family 10
[    0.649577] ip6_tables: (C) 2000-2006 Netfilter Core Team
[    0.652076] sit: IPv6 over IPv4 tunneling driver
[    0.656315] NET: Registered protocol family 17
[    0.657723] bridge: automatic filtering via arp/ip/ip6tables has been deprecated. Update your scripts to load br_netfilter if you need this.
[    0.660401] Bridge firewalling registered
[    0.661232] Ebtables v2.0 registered
[    0.663018] 8021q: 802.1Q VLAN Support v1.8
[    0.664404] Registering SWP/SWPB emulation handler
[    0.667202] hctosys: unable to open rtc device (rtc0)
[    0.684242] UDF-fs: warning (device vda1): udf_fill_super: No partition found (2)
[    0.701708] UDF-fs: warning (device vda1): udf_fill_super: No partition found (2)
[    0.703263] List of all partitions:
[    0.704088] 0100            8192 ram0  (driver?)
[    0.705042] 0101            8192 ram1  (driver?)
[    0.705885] 0102            8192 ram2  (driver?)
[    0.706746] 0103            8192 ram3  (driver?)
[    0.707609] 0104            8192 ram4  (driver?)
[    0.708721] 0105            8192 ram5  (driver?)
[    0.709596] 0106            8192 ram6  (driver?)
[    0.710460] 0107            8192 ram7  (driver?)
[    0.711323] 0108            8192 ram8  (driver?)
[    0.712152] 0109            8192 ram9  (driver?)
[    0.713050] 010a            8192 ram10  (driver?)
[    0.713785] 010b            8192 ram11  (driver?)
[    0.714302] 010c            8192 ram12  (driver?)
[    0.714582] 010d            8192 ram13  (driver?)
[    0.715273] 010e            8192 ram14  (driver?)
[    0.715774] 010f            8192 ram15  (driver?)
[    0.716252] fe00         1048576 vda  driver: virtio_blk
[    0.716800]   fe01         1047552 vda1 75a7f9bd-01
[    0.717500] 1f00            1024 mtdblock0  (driver?)
[    0.718344] 1f01            1024 mtdblock1  (driver?)
[    0.719020] 1f02            1024 mtdblock2  (driver?)
[    0.719308] 1f03            1024 mtdblock3  (driver?)
[    0.719962] 1f04            1024 mtdblock4  (driver?)
[    0.720437] 1f05            1024 mtdblock5  (driver?)
[    0.720904] 1f06            1024 mtdblock6  (driver?)
[    0.721439] 1f07            1024 mtdblock7  (driver?)
[    0.722043] 1f08            1024 mtdblock8  (driver?)
[    0.722502] 1f09            1024 mtdblock9  (driver?)
[    0.723123] 1f0a          120832 mtdblock10  (driver?)
[    0.723705] No filesystem could mount root, tried:  ext3 ext2 ext4 cramfs squashfs vfat iso9660 romfs udf
[    0.725151] Kernel panic - not syncing: VFS: Unable to mount root fs on unknown-block(254,1)
[    0.726164] CPU: 0 PID: 1 Comm: swapper Tainted: G        W       4.1.17+ #1
[    0.727074] Hardware name: Generic DT based system
[    0.727453] [<c001c99c>] (unwind_backtrace) from [<c0019d30>] (show_stack+0x10/0x14)
[    0.728571] [<c0019d30>] (show_stack) from [<c0410b78>] (panic+0x70/0x1c8)
[    0.729172] [<c0410b78>] (panic) from [<c05c81bc>] (mount_block_root+0x268/0x2ac)
[    0.730070] [<c05c81bc>] (mount_block_root) from [<c05c84a4>] (prepare_namespace+0x158/0x1ac)
[    0.730861] [<c05c84a4>] (prepare_namespace) from [<c05c7d84>] (kernel_init_freeable+0x16c/0x1b0)
[    0.731766] [<c05c7d84>] (kernel_init_freeable) from [<c040f28c>] (kernel_init+0x8/0xe4)
[    0.732767] [<c040f28c>] (kernel_init) from [<c0016da8>] (ret_from_fork+0x14/0x2c)
[    0.733800] ---[ end Kernel panic - not syncing: VFS: Unable to mount root fs on unknown-block(254,1)
