[    0.000000] Booting Linux on physical CPU 0x0
[    0.000000] Linux version 4.1.17+ (vagrant@vagrant-ubuntu-trusty-64) (gcc version 5.3.0 (GCC) ) #1 Thu Feb 18 01:05:21 UTC 2016
[    0.000000] CPU: ARMv7 Processor [412fc0f1] revision 1 (ARMv7), cr=10c5387d
[    0.000000] CPU: PIPT / VIPT nonaliasing data cache, PIPT instruction cache
[    0.000000] Machine model: linux,dummy-virt
[    0.000000] debug: ignoring loglevel setting.
[    0.000000] Memory policy: Data cache writeback
[    0.000000] On node 0 totalpages: 65536
[    0.000000] free_area_init_node: node 0, pgdat c061dfe8, node_mem_map cfdf9000
[    0.000000]   Normal zone: 512 pages used for memmap
[    0.000000]   Normal zone: 0 pages reserved
[    0.000000]   Normal zone: 65536 pages, LIFO batch:15
[    0.000000] CPU: All CPU(s) started in SVC mode.
[    0.000000] pcpu-alloc: s0 r0 d32768 u32768 alloc=1*32768
[    0.000000] pcpu-alloc: [0] 0 
[    0.000000] Built 1 zonelists in Zone order, mobility grouping on.  Total pages: 65024
[    0.000000] Kernel command line: firmadyne.syscall=1 root=/dev/vda1 console=ttyS0 nandsim.parts=64,64,64,64,64,64,64,64,64,64 rdinit=/firmadyne/preInit.sh rw debug ignore_loglevel print-fatal-signals=1 user_debug=31
[    0.000000] PID hash table entries: 1024 (order: 0, 4096 bytes)
[    0.000000] Dentry cache hash table entries: 32768 (order: 5, 131072 bytes)
[    0.000000] Inode-cache hash table entries: 16384 (order: 4, 65536 bytes)
[    0.000000] Memory: 253344K/262144K available (4297K kernel code, 170K rwdata, 1584K rodata, 180K init, 148K bss, 8800K reserved, 0K cma-reserved)
[    0.000000] Virtual kernel memory layout:
[    0.000000]     vector  : 0xffff0000 - 0xffff1000   (   4 kB)
[    0.000000]     fixmap  : 0xffc00000 - 0xfff00000   (3072 kB)
[    0.000000]     vmalloc : 0xd0800000 - 0xff000000   ( 744 MB)
[    0.000000]     lowmem  : 0xc0000000 - 0xd0000000   ( 256 MB)
[    0.000000]     modules : 0xbf000000 - 0xc0000000   (  16 MB)
[    0.000000]       .text : 0xc0008000 - 0xc05c67bc   (5882 kB)
[    0.000000]       .init : 0xc05c7000 - 0xc05f4000   ( 180 kB)
[    0.000000]       .data : 0xc05f4000 - 0xc061e840   ( 171 kB)
[    0.000000]        .bss : 0xc0621000 - 0xc06462d4   ( 149 kB)
[    0.000000] NR_IRQS:16 nr_irqs:16 16
[    0.000000] Architected cp15 timer(s) running at 62.50MHz (virt).
[    0.000000] clocksource arch_sys_counter: mask: 0xffffffffffffff max_cycles: 0x1cd42e208c, max_idle_ns: 881590405314 ns
[    0.000144] sched_clock: 56 bits at 62MHz, resolution 16ns, wraps every 4398046511096ns
[    0.000257] Switching to timer-based delay loop, resolution 16ns
[    0.002884] Console: colour dummy device 80x30
[    0.003167] Calibrating delay loop (skipped), value calculated using timer frequency.. 125.00 BogoMIPS (lpj=625000)
[    0.003275] pid_max: default: 32768 minimum: 301
[    0.004049] Mount-cache hash table entries: 1024 (order: 0, 4096 bytes)
[    0.004080] Mountpoint-cache hash table entries: 1024 (order: 0, 4096 bytes)
[    0.012007] CPU: Testing write buffer coherency: ok
[    0.017315] Setting up static identity map for 0x40008240 - 0x40008298
[    0.030094] VFP support v0.3: implementor 41 architecture 4 part 30 variant f rev 0
[    0.041131] clocksource jiffies: mask: 0xffffffff max_cycles: 0xffffffff, max_idle_ns: 19112604462750000 ns
[    0.048742] NET: Registered protocol family 16
[    0.051458] DMA: preallocated 256 KiB pool for atomic coherent allocations
[    0.055012] cpuidle: using governor ladder
[    0.055142] cpuidle: using governor menu
[    0.058072] genirq: Setting trigger mode 1 for irq 20 failed (gic_set_type+0x0/0x48)
[    0.059845] genirq: Setting trigger mode 1 for irq 21 failed (gic_set_type+0x0/0x48)
[    0.060114] genirq: Setting trigger mode 1 for irq 22 failed (gic_set_type+0x0/0x48)
[    0.060384] genirq: Setting trigger mode 1 for irq 23 failed (gic_set_type+0x0/0x48)
[    0.060682] genirq: Setting trigger mode 1 for irq 24 failed (gic_set_type+0x0/0x48)
[    0.060942] genirq: Setting trigger mode 1 for irq 25 failed (gic_set_type+0x0/0x48)
[    0.061179] genirq: Setting trigger mode 1 for irq 26 failed (gic_set_type+0x0/0x48)
[    0.061430] genirq: Setting trigger mode 1 for irq 27 failed (gic_set_type+0x0/0x48)
[    0.061778] genirq: Setting trigger mode 1 for irq 28 failed (gic_set_type+0x0/0x48)
[    0.062039] genirq: Setting trigger mode 1 for irq 29 failed (gic_set_type+0x0/0x48)
[    0.062271] genirq: Setting trigger mode 1 for irq 30 failed (gic_set_type+0x0/0x48)
[    0.062518] genirq: Setting trigger mode 1 for irq 31 failed (gic_set_type+0x0/0x48)
[    0.062749] genirq: Setting trigger mode 1 for irq 32 failed (gic_set_type+0x0/0x48)
[    0.062999] genirq: Setting trigger mode 1 for irq 33 failed (gic_set_type+0x0/0x48)
[    0.063226] genirq: Setting trigger mode 1 for irq 34 failed (gic_set_type+0x0/0x48)
[    0.063452] genirq: Setting trigger mode 1 for irq 35 failed (gic_set_type+0x0/0x48)
[    0.063694] genirq: Setting trigger mode 1 for irq 36 failed (gic_set_type+0x0/0x48)
[    0.064162] genirq: Setting trigger mode 1 for irq 37 failed (gic_set_type+0x0/0x48)
[    0.064472] genirq: Setting trigger mode 1 for irq 38 failed (gic_set_type+0x0/0x48)
[    0.064745] genirq: Setting trigger mode 1 for irq 39 failed (gic_set_type+0x0/0x48)
[    0.064986] genirq: Setting trigger mode 1 for irq 40 failed (gic_set_type+0x0/0x48)
[    0.065241] genirq: Setting trigger mode 1 for irq 41 failed (gic_set_type+0x0/0x48)
[    0.065515] genirq: Setting trigger mode 1 for irq 42 failed (gic_set_type+0x0/0x48)
[    0.065770] genirq: Setting trigger mode 1 for irq 43 failed (gic_set_type+0x0/0x48)
[    0.066036] genirq: Setting trigger mode 1 for irq 44 failed (gic_set_type+0x0/0x48)
[    0.066305] genirq: Setting trigger mode 1 for irq 45 failed (gic_set_type+0x0/0x48)
[    0.066549] genirq: Setting trigger mode 1 for irq 46 failed (gic_set_type+0x0/0x48)
[    0.066833] genirq: Setting trigger mode 1 for irq 47 failed (gic_set_type+0x0/0x48)
[    0.067097] genirq: Setting trigger mode 1 for irq 48 failed (gic_set_type+0x0/0x48)
[    0.067342] genirq: Setting trigger mode 1 for irq 49 failed (gic_set_type+0x0/0x48)
[    0.067579] genirq: Setting trigger mode 1 for irq 50 failed (gic_set_type+0x0/0x48)
[    0.067816] genirq: Setting trigger mode 1 for irq 51 failed (gic_set_type+0x0/0x48)
[    0.068250] genirq: Setting trigger mode 1 for irq 52 failed (gic_set_type+0x0/0x48)
[    0.071336] Serial: AMBA PL011 UART driver
[    0.073045] 9000000.pl011: ttyS0 at MMIO 0x9000000 (irq = 52, base_baud = 0) is a PL011 rev1
[    0.095131] console [ttyS0] enabled
[    0.114353] vgaarb: loaded
[    0.115884] SCSI subsystem initialized
[    0.116796] usbcore: registered new interface driver usbfs
[    0.117171] usbcore: registered new interface driver hub
[    0.117535] usbcore: registered new device driver usb
[    0.124938] cfg80211: Calling CRDA to update world regulatory domain
[    0.127153] Switched to clocksource arch_sys_counter
[    0.141869] NET: Registered protocol family 2
[    0.146074] TCP established hash table entries: 2048 (order: 1, 8192 bytes)
[    0.146426] TCP bind hash table entries: 2048 (order: 1, 8192 bytes)
[    0.146810] TCP: Hash tables configured (established 2048 bind 2048)
[    0.147677] UDP hash table entries: 256 (order: 0, 4096 bytes)
[    0.147995] UDP-Lite hash table entries: 256 (order: 0, 4096 bytes)
[    0.149355] NET: Registered protocol family 1
[    0.149803] PCI: CLS 0 bytes, default 64
[    0.155950] NetWinder Floating Point Emulator V0.97 (extended precision)
[    0.158414] futex hash table entries: 256 (order: -1, 3072 bytes)
[    0.163064] squashfs: version 4.0 (2009/01/31) Phillip Lougher
[    0.164036] jffs2: version 2.2. (NAND) Â© 2001-2006 Red Hat, Inc.
[    0.164858] romfs: ROMFS MTD (C) 2007 Red Hat, Inc.
[    0.172423] Block layer SCSI generic (bsg) driver version 0.4 loaded (major 253)
[    0.172821] io scheduler noop registered
[    0.173080] io scheduler cfq registered (default)
[    0.173745] firmadyne: devfs: 1, execute: 1, procfs: 1, syscall: 1
[    0.174908] ------------[ cut here ]------------
[    0.175112] WARNING: CPU: 0 PID: 1 at /home/vagrant/firmadyne-kernel/kernel-v4.1/fs/sysfs/dir.c:31 sysfs_warn_dup+0x50/0x6c()
[    0.175513] sysfs: cannot create duplicate filename '/class/gpio'
[    0.175761] Modules linked in:
[    0.176081] CPU: 0 PID: 1 Comm: swapper Not tainted 4.1.17+ #1
[    0.176300] Hardware name: Generic DT based system
[    0.177222] [<c001c99c>] (unwind_backtrace) from [<c0019d30>] (show_stack+0x10/0x14)
[    0.177612] [<c0019d30>] (show_stack) from [<c0024ab4>] (warn_slowpath_common+0x80/0xa8)
[    0.177932] [<c0024ab4>] (warn_slowpath_common) from [<c0024b08>] (warn_slowpath_fmt+0x2c/0x3c)
[    0.178299] [<c0024b08>] (warn_slowpath_fmt) from [<c00e363c>] (sysfs_warn_dup+0x50/0x6c)
[    0.178600] [<c00e363c>] (sysfs_warn_dup) from [<c00e3714>] (sysfs_create_dir_ns+0x74/0x84)
[    0.178907] [<c00e3714>] (sysfs_create_dir_ns) from [<c018e6ac>] (kobject_add_internal+0xb8/0x2ac)
[    0.179237] [<c018e6ac>] (kobject_add_internal) from [<c018e9a8>] (kset_register+0x1c/0x44)
[    0.179545] [<c018e9a8>] (kset_register) from [<c02090b4>] (__class_register+0xa8/0x198)
[    0.179845] [<c02090b4>] (__class_register) from [<c02091e4>] (__class_create+0x40/0x70)
[    0.180146] [<c02091e4>] (__class_create) from [<c01adf68>] (register_devfs_stubs+0x314/0xbb4)
[    0.180464] [<c01adf68>] (register_devfs_stubs) from [<c05d9b08>] (init_module+0x28/0xa4)
[    0.180801] [<c05d9b08>] (init_module) from [<c0009670>] (do_one_initcall+0x104/0x1b4)
[    0.181107] [<c0009670>] (do_one_initcall) from [<c05c7d08>] (kernel_init_freeable+0xf0/0x1b0)
[    0.181439] [<c05c7d08>] (kernel_init_freeable) from [<c040f28c>] (kernel_init+0x8/0xe4)
[    0.181736] [<c040f28c>] (kernel_init) from [<c0016da8>] (ret_from_fork+0x14/0x2c)
[    0.182084] ---[ end trace 21aff0812282e640 ]---
[    0.182330] ------------[ cut here ]------------
[    0.182514] WARNING: CPU: 0 PID: 1 at /home/vagrant/firmadyne-kernel/kernel-v4.1/lib/kobject.c:240 kobject_add_internal+0x240/0x2ac()
[    0.182930] kobject_add_internal failed for gpio with -EEXIST, don't try to register things with the same name in the same directory.
[    0.183339] Modules linked in:
[    0.183517] CPU: 0 PID: 1 Comm: swapper Tainted: G        W       4.1.17+ #1
[    0.183767] Hardware name: Generic DT based system
[    0.183963] [<c001c99c>] (unwind_backtrace) from [<c0019d30>] (show_stack+0x10/0x14)
[    0.184253] [<c0019d30>] (show_stack) from [<c0024ab4>] (warn_slowpath_common+0x80/0xa8)
[    0.184566] [<c0024ab4>] (warn_slowpath_common) from [<c0024b08>] (warn_slowpath_fmt+0x2c/0x3c)
[    0.184889] [<c0024b08>] (warn_slowpath_fmt) from [<c018e834>] (kobject_add_internal+0x240/0x2ac)
[    0.185212] [<c018e834>] (kobject_add_internal) from [<c018e9a8>] (kset_register+0x1c/0x44)
[    0.185525] [<c018e9a8>] (kset_register) from [<c02090b4>] (__class_register+0xa8/0x198)
[    0.185823] [<c02090b4>] (__class_register) from [<c02091e4>] (__class_create+0x40/0x70)
[    0.186123] [<c02091e4>] (__class_create) from [<c01adf68>] (register_devfs_stubs+0x314/0xbb4)
[    0.186442] [<c01adf68>] (register_devfs_stubs) from [<c05d9b08>] (init_module+0x28/0xa4)
[    0.186744] [<c05d9b08>] (init_module) from [<c0009670>] (do_one_initcall+0x104/0x1b4)
[    0.187224] [<c0009670>] (do_one_initcall) from [<c05c7d08>] (kernel_init_freeable+0xf0/0x1b0)
[    0.187545] [<c05c7d08>] (kernel_init_freeable) from [<c040f28c>] (kernel_init+0x8/0xe4)
[    0.187838] [<c040f28c>] (kernel_init) from [<c0016da8>] (ret_from_fork+0x14/0x2c)
[    0.188122] ---[ end trace 21aff0812282e641 ]---
[    0.188348] firmadyne: Cannot create device class: gpio!
[    0.189830] firmadyne: Cannot register character device: watchdog, 0xa, 0x82!
[    0.190113] firmadyne: Cannot register character device: wdt, 0xfd, 0x0!
[    0.285991] Non-volatile memory driver v1.3
[    0.305369] brd: module loaded
[    0.314352] loop: module loaded
[    0.323848]  vda: vda1
[    0.328091] [nandsim] warning: read_byte: unexpected data output cycle, state is STATE_READY return 0x0
[    0.328458] [nandsim] warning: read_byte: unexpected data output cycle, state is STATE_READY return 0x0
[    0.328800] [nandsim] warning: read_byte: unexpected data output cycle, state is STATE_READY return 0x0
[    0.329125] [nandsim] warning: read_byte: unexpected data output cycle, state is STATE_READY return 0x0
[    0.329461] [nandsim] warning: read_byte: unexpected data output cycle, state is STATE_READY return 0x0
[    0.329786] [nandsim] warning: read_byte: unexpected data output cycle, state is STATE_READY return 0x0
[    0.330334] nand: device found, Manufacturer ID: 0x98, Chip ID: 0x39
[    0.330581] nand: Toshiba NAND 128MiB 1,8V 8-bit
[    0.330773] nand: 128 MiB, SLC, erase size: 16 KiB, page size: 512, OOB size: 16
[    0.331725] flash size: 128 MiB
[    0.331853] page size: 512 bytes
[    0.331977] OOB area size: 16 bytes
[    0.332110] sector size: 16 KiB
[    0.332229] pages number: 262144
[    0.332351] pages per sector: 32
[    0.332473] bus width: 8
[    0.332583] bits in sector size: 14
[    0.332714] bits in page size: 9
[    0.332840] bits in OOB size: 4
[    0.332964] flash size with OOB: 135168 KiB
[    0.333117] page address bytes: 4
[    0.333242] sector address bytes: 3
[    0.333382] options: 0x42
[    0.337830] Scanning device for bad blocks
[    0.463418] Creating 11 MTD partitions on "NAND 128MiB 1,8V 8-bit":
[    0.463931] 0x000000000000-0x000000100000 : "NAND simulator partition 0"
[    0.467162] 0x000000100000-0x000000200000 : "NAND simulator partition 1"
[    0.468541] 0x000000200000-0x000000300000 : "NAND simulator partition 2"
[    0.469860] 0x000000300000-0x000000400000 : "NAND simulator partition 3"
[    0.471150] 0x000000400000-0x000000500000 : "NAND simulator partition 4"
[    0.472396] 0x000000500000-0x000000600000 : "NAND simulator partition 5"
[    0.476289] 0x000000600000-0x000000700000 : "NAND simulator partition 6"
[    0.477957] 0x000000700000-0x000000800000 : "NAND simulator partition 7"
[    0.479385] 0x000000800000-0x000000900000 : "NAND simulator partition 8"
[    0.480865] 0x000000900000-0x000000a00000 : "NAND simulator partition 9"
[    0.482213] 0x000000a00000-0x000008000000 : "NAND simulator partition 10"
[    0.486591] tun: Universal TUN/TAP device driver, 1.6
[    0.486790] tun: (C) 1999-2004 Max Krasnyansky <maxk@qualcomm.com>
[    0.507687] PPP generic driver version 2.4.2
[    0.508402] PPP BSD Compression module registered
[    0.508638] PPP Deflate Compression module registered
[    0.508923] PPP MPPE Compression module registered
[    0.509138] NET: Registered protocol family 24
[    0.509503] PPTP driver version 0.8.5
[    0.510437] usbcore: registered new interface driver usb-storage
[    0.512030] hidraw: raw HID events driver (C) Jiri Kosina
[    0.512571] usbcore: registered new interface driver usbhid
[    0.512783] usbhid: USB HID core driver
[    0.513282] Netfilter messages via NETLINK v0.30.
[    0.513901] nf_conntrack version 0.5.0 (3958 buckets, 15832 max)
[    0.515295] ctnetlink v0.93: registering with nfnetlink.
[    0.516688] ipip: IPv4 over IPv4 tunneling driver
[    0.518781] gre: GRE over IPv4 demultiplexor driver
[    0.519007] ip_gre: GRE over IPv4 tunneling driver
[    0.523214] ip_tables: (C) 2000-2006 Netfilter Core Team
[    0.524828] arp_tables: (C) 2002 David S. Miller
[    0.525924] Initializing XFRM netlink socket
[    0.526441] NET: Registered protocol family 10
[    0.532893] ip6_tables: (C) 2000-2006 Netfilter Core Team
[    0.534478] sit: IPv6 over IPv4 tunneling driver
[    0.538132] NET: Registered protocol family 17
[    0.538744] bridge: automatic filtering via arp/ip/ip6tables has been deprecated. Update your scripts to load br_netfilter if you need this.
[    0.539271] Bridge firewalling registered
[    0.539470] Ebtables v2.0 registered
[    0.540544] 8021q: 802.1Q VLAN Support v1.8
[    0.541163] Registering SWP/SWPB emulation handler
[    0.543108] hctosys: unable to open rtc device (rtc0)
[    0.559090] UDF-fs: warning (device vda1): udf_fill_super: No partition found (2)
[    0.574873] UDF-fs: warning (device vda1): udf_fill_super: No partition found (2)
[    0.575240] List of all partitions:
[    0.575522] 0100            8192 ram0  (driver?)
[    0.575738] 0101            8192 ram1  (driver?)
[    0.575920] 0102            8192 ram2  (driver?)
[    0.576097] 0103            8192 ram3  (driver?)
[    0.576275] 0104            8192 ram4  (driver?)
[    0.576453] 0105            8192 ram5  (driver?)
[    0.576659] 0106            8192 ram6  (driver?)
[    0.576836] 0107            8192 ram7  (driver?)
[    0.577211] 0108            8192 ram8  (driver?)
[    0.577402] 0109            8192 ram9  (driver?)
[    0.577581] 010a            8192 ram10  (driver?)
[    0.577763] 010b            8192 ram11  (driver?)
[    0.577944] 010c            8192 ram12  (driver?)
[    0.578125] 010d            8192 ram13  (driver?)
[    0.578305] 010e            8192 ram14  (driver?)
[    0.578485] 010f            8192 ram15  (driver?)
[    0.578671] fe00         1048576 vda  driver: virtio_blk
[    0.578897]   fe01         1047552 vda1 75a7f9bd-01
[    0.579088] 1f00            1024 mtdblock0  (driver?)
[    0.579282] 1f01            1024 mtdblock1  (driver?)
[    0.579475] 1f02            1024 mtdblock2  (driver?)
[    0.579667] 1f03            1024 mtdblock3  (driver?)
[    0.579862] 1f04            1024 mtdblock4  (driver?)
[    0.580055] 1f05            1024 mtdblock5  (driver?)
[    0.580248] 1f06            1024 mtdblock6  (driver?)
[    0.580439] 1f07            1024 mtdblock7  (driver?)
[    0.580642] 1f08            1024 mtdblock8  (driver?)
[    0.580836] 1f09            1024 mtdblock9  (driver?)
[    0.581028] 1f0a          120832 mtdblock10  (driver?)
[    0.581237] No filesystem could mount root, tried:  ext3 ext2 ext4 cramfs squashfs vfat iso9660 romfs udf
[    0.581788] Kernel panic - not syncing: VFS: Unable to mount root fs on unknown-block(254,1)
[    0.582116] CPU: 0 PID: 1 Comm: swapper Tainted: G        W       4.1.17+ #1
[    0.582364] Hardware name: Generic DT based system
[    0.582597] [<c001c99c>] (unwind_backtrace) from [<c0019d30>] (show_stack+0x10/0x14)
[    0.582890] [<c0019d30>] (show_stack) from [<c0410b78>] (panic+0x70/0x1c8)
[    0.583164] [<c0410b78>] (panic) from [<c05c81bc>] (mount_block_root+0x268/0x2ac)
[    0.583446] [<c05c81bc>] (mount_block_root) from [<c05c84a4>] (prepare_namespace+0x158/0x1ac)
[    0.583760] [<c05c84a4>] (prepare_namespace) from [<c05c7d84>] (kernel_init_freeable+0x16c/0x1b0)
[    0.584082] [<c05c7d84>] (kernel_init_freeable) from [<c040f28c>] (kernel_init+0x8/0xe4)
[    0.584376] [<c040f28c>] (kernel_init) from [<c0016da8>] (ret_from_fork+0x14/0x2c)
[    0.584839] ---[ end Kernel panic - not syncing: VFS: Unable to mount root fs on unknown-block(254,1)
