[    0.000000] Booting Linux on physical CPU 0x0
[    0.000000] Linux version 4.1.17+ (vagrant@vagrant-ubuntu-trusty-64) (gcc version 5.3.0 (GCC) ) #1 Thu Feb 18 01:05:21 UTC 2016
[    0.000000] CPU: ARMv7 Processor [412fc0f1] revision 1 (ARMv7), cr=10c5387d
[    0.000000] CPU: PIPT / VIPT nonaliasing data cache, PIPT instruction cache
[    0.000000] Machine model: linux,dummy-virt
[    0.000000] debug: ignoring loglevel setting.
[    0.000000] Memory policy: Data cache writeback
[    0.000000] On node 0 totalpages: 65536
[    0.000000] free_area_init_node: node 0, pgdat c061dfe8, node_mem_map cfdf9000
[    0.000000]   Normal zone: 512 pages used for memmap
[    0.000000]   Normal zone: 0 pages reserved
[    0.000000]   Normal zone: 65536 pages, LIFO batch:15
[    0.000000] CPU: All CPU(s) started in SVC mode.
[    0.000000] pcpu-alloc: s0 r0 d32768 u32768 alloc=1*32768
[    0.000000] pcpu-alloc: [0] 0 
[    0.000000] Built 1 zonelists in Zone order, mobility grouping on.  Total pages: 65024
[    0.000000] Kernel command line: root=/dev/vda1 console=ttyS0 nandsim.parts=64,64,64,64,64,64,64,64,64,64 rdinit=/firmadyne/preInit.sh rw debug ignore_loglevel print-fatal-signals=1 user_debug=31 firmadyne.syscall=0
[    0.000000] PID hash table entries: 1024 (order: 0, 4096 bytes)
[    0.000000] Dentry cache hash table entries: 32768 (order: 5, 131072 bytes)
[    0.000000] Inode-cache hash table entries: 16384 (order: 4, 65536 bytes)
[    0.000000] Memory: 253344K/262144K available (4297K kernel code, 170K rwdata, 1584K rodata, 180K init, 148K bss, 8800K reserved, 0K cma-reserved)
[    0.000000] Virtual kernel memory layout:
[    0.000000]     vector  : 0xffff0000 - 0xffff1000   (   4 kB)
[    0.000000]     fixmap  : 0xffc00000 - 0xfff00000   (3072 kB)
[    0.000000]     vmalloc : 0xd0800000 - 0xff000000   ( 744 MB)
[    0.000000]     lowmem  : 0xc0000000 - 0xd0000000   ( 256 MB)
[    0.000000]     modules : 0xbf000000 - 0xc0000000   (  16 MB)
[    0.000000]       .text : 0xc0008000 - 0xc05c67bc   (5882 kB)
[    0.000000]       .init : 0xc05c7000 - 0xc05f4000   ( 180 kB)
[    0.000000]       .data : 0xc05f4000 - 0xc061e840   ( 171 kB)
[    0.000000]        .bss : 0xc0621000 - 0xc06462d4   ( 149 kB)
[    0.000000] NR_IRQS:16 nr_irqs:16 16
[    0.000000] Architected cp15 timer(s) running at 62.50MHz (virt).
[    0.000000] clocksource arch_sys_counter: mask: 0xffffffffffffff max_cycles: 0x1cd42e208c, max_idle_ns: 881590405314 ns
[    0.000126] sched_clock: 56 bits at 62MHz, resolution 16ns, wraps every 4398046511096ns
[    0.000227] Switching to timer-based delay loop, resolution 16ns
[    0.002753] Console: colour dummy device 80x30
[    0.003016] Calibrating delay loop (skipped), value calculated using timer frequency.. 125.00 BogoMIPS (lpj=625000)
[    0.003117] pid_max: default: 32768 minimum: 301
[    0.003880] Mount-cache hash table entries: 1024 (order: 0, 4096 bytes)
[    0.003910] Mountpoint-cache hash table entries: 1024 (order: 0, 4096 bytes)
[    0.011356] CPU: Testing write buffer coherency: ok
[    0.016340] Setting up static identity map for 0x40008240 - 0x40008298
[    0.028453] VFP support v0.3: implementor 41 architecture 4 part 30 variant f rev 0
[    0.038405] clocksource jiffies: mask: 0xffffffff max_cycles: 0xffffffff, max_idle_ns: 19112604462750000 ns
[    0.045929] NET: Registered protocol family 16
[    0.048455] DMA: preallocated 256 KiB pool for atomic coherent allocations
[    0.051702] cpuidle: using governor ladder
[    0.051830] cpuidle: using governor menu
[    0.054909] genirq: Setting trigger mode 1 for irq 20 failed (gic_set_type+0x0/0x48)
[    0.056378] genirq: Setting trigger mode 1 for irq 21 failed (gic_set_type+0x0/0x48)
[    0.056636] genirq: Setting trigger mode 1 for irq 22 failed (gic_set_type+0x0/0x48)
[    0.056894] genirq: Setting trigger mode 1 for irq 23 failed (gic_set_type+0x0/0x48)
[    0.057154] genirq: Setting trigger mode 1 for irq 24 failed (gic_set_type+0x0/0x48)
[    0.057399] genirq: Setting trigger mode 1 for irq 25 failed (gic_set_type+0x0/0x48)
[    0.057632] genirq: Setting trigger mode 1 for irq 26 failed (gic_set_type+0x0/0x48)
[    0.057868] genirq: Setting trigger mode 1 for irq 27 failed (gic_set_type+0x0/0x48)
[    0.058198] genirq: Setting trigger mode 1 for irq 28 failed (gic_set_type+0x0/0x48)
[    0.058445] genirq: Setting trigger mode 1 for irq 29 failed (gic_set_type+0x0/0x48)
[    0.058688] genirq: Setting trigger mode 1 for irq 30 failed (gic_set_type+0x0/0x48)
[    0.058951] genirq: Setting trigger mode 1 for irq 31 failed (gic_set_type+0x0/0x48)
[    0.059180] genirq: Setting trigger mode 1 for irq 32 failed (gic_set_type+0x0/0x48)
[    0.059436] genirq: Setting trigger mode 1 for irq 33 failed (gic_set_type+0x0/0x48)
[    0.059689] genirq: Setting trigger mode 1 for irq 34 failed (gic_set_type+0x0/0x48)
[    0.059919] genirq: Setting trigger mode 1 for irq 35 failed (gic_set_type+0x0/0x48)
[    0.060155] genirq: Setting trigger mode 1 for irq 36 failed (gic_set_type+0x0/0x48)
[    0.060391] genirq: Setting trigger mode 1 for irq 37 failed (gic_set_type+0x0/0x48)
[    0.060670] genirq: Setting trigger mode 1 for irq 38 failed (gic_set_type+0x0/0x48)
[    0.060916] genirq: Setting trigger mode 1 for irq 39 failed (gic_set_type+0x0/0x48)
[    0.061153] genirq: Setting trigger mode 1 for irq 40 failed (gic_set_type+0x0/0x48)
[    0.061430] genirq: Setting trigger mode 1 for irq 41 failed (gic_set_type+0x0/0x48)
[    0.061691] genirq: Setting trigger mode 1 for irq 42 failed (gic_set_type+0x0/0x48)
[    0.061941] genirq: Setting trigger mode 1 for irq 43 failed (gic_set_type+0x0/0x48)
[    0.062196] genirq: Setting trigger mode 1 for irq 44 failed (gic_set_type+0x0/0x48)
[    0.062452] genirq: Setting trigger mode 1 for irq 45 failed (gic_set_type+0x0/0x48)
[    0.062711] genirq: Setting trigger mode 1 for irq 46 failed (gic_set_type+0x0/0x48)
[    0.063004] genirq: Setting trigger mode 1 for irq 47 failed (gic_set_type+0x0/0x48)
[    0.063484] genirq: Setting trigger mode 1 for irq 48 failed (gic_set_type+0x0/0x48)
[    0.063759] genirq: Setting trigger mode 1 for irq 49 failed (gic_set_type+0x0/0x48)
[    0.064002] genirq: Setting trigger mode 1 for irq 50 failed (gic_set_type+0x0/0x48)
[    0.064240] genirq: Setting trigger mode 1 for irq 51 failed (gic_set_type+0x0/0x48)
[    0.064656] genirq: Setting trigger mode 1 for irq 52 failed (gic_set_type+0x0/0x48)
[    0.067723] Serial: AMBA PL011 UART driver
[    0.069374] 9000000.pl011: ttyS0 at MMIO 0x9000000 (irq = 52, base_baud = 0) is a PL011 rev1
[    0.125714] console [ttyS0] enabled
[    0.145210] vgaarb: loaded
[    0.147240] SCSI subsystem initialized
[    0.148837] usbcore: registered new interface driver usbfs
[    0.150082] usbcore: registered new interface driver hub
[    0.151310] usbcore: registered new device driver usb
[    0.159722] cfg80211: Calling CRDA to update world regulatory domain
[    0.162819] Switched to clocksource arch_sys_counter
[    0.178232] NET: Registered protocol family 2
[    0.183448] TCP established hash table entries: 2048 (order: 1, 8192 bytes)
[    0.184873] TCP bind hash table entries: 2048 (order: 1, 8192 bytes)
[    0.186299] TCP: Hash tables configured (established 2048 bind 2048)
[    0.187909] UDP hash table entries: 256 (order: 0, 4096 bytes)
[    0.189109] UDP-Lite hash table entries: 256 (order: 0, 4096 bytes)
[    0.191402] NET: Registered protocol family 1
[    0.192819] PCI: CLS 0 bytes, default 64
[    0.199859] NetWinder Floating Point Emulator V0.97 (extended precision)
[    0.203455] futex hash table entries: 256 (order: -1, 3072 bytes)
[    0.208963] squashfs: version 4.0 (2009/01/31) Phillip Lougher
[    0.211248] jffs2: version 2.2. (NAND) Â© 2001-2006 Red Hat, Inc.
[    0.213316] romfs: ROMFS MTD (C) 2007 Red Hat, Inc.
[    0.221013] Block layer SCSI generic (bsg) driver version 0.4 loaded (major 253)
[    0.222844] io scheduler noop registered
[    0.223808] io scheduler cfq registered (default)
[    0.225238] firmadyne: devfs: 1, execute: 1, procfs: 1, syscall: 0
[    0.227443] ------------[ cut here ]------------
[    0.228370] WARNING: CPU: 0 PID: 1 at /home/vagrant/firmadyne-kernel/kernel-v4.1/fs/sysfs/dir.c:31 sysfs_warn_dup+0x50/0x6c()
[    0.230423] sysfs: cannot create duplicate filename '/class/gpio'
[    0.231613] Modules linked in:
[    0.232420] CPU: 0 PID: 1 Comm: swapper Not tainted 4.1.17+ #1
[    0.233792] Hardware name: Generic DT based system
[    0.235299] [<c001c99c>] (unwind_backtrace) from [<c0019d30>] (show_stack+0x10/0x14)
[    0.236882] [<c0019d30>] (show_stack) from [<c0024ab4>] (warn_slowpath_common+0x80/0xa8)
[    0.238404] [<c0024ab4>] (warn_slowpath_common) from [<c0024b08>] (warn_slowpath_fmt+0x2c/0x3c)
[    0.240084] [<c0024b08>] (warn_slowpath_fmt) from [<c00e363c>] (sysfs_warn_dup+0x50/0x6c)
[    0.241596] [<c00e363c>] (sysfs_warn_dup) from [<c00e3714>] (sysfs_create_dir_ns+0x74/0x84)
[    0.242394] [<c00e3714>] (sysfs_create_dir_ns) from [<c018e6ac>] (kobject_add_internal+0xb8/0x2ac)
[    0.243516] [<c018e6ac>] (kobject_add_internal) from [<c018e9a8>] (kset_register+0x1c/0x44)
[    0.244536] [<c018e9a8>] (kset_register) from [<c02090b4>] (__class_register+0xa8/0x198)
[    0.245129] [<c02090b4>] (__class_register) from [<c02091e4>] (__class_create+0x40/0x70)
[    0.245943] [<c02091e4>] (__class_create) from [<c01adf68>] (register_devfs_stubs+0x314/0xbb4)
[    0.246628] [<c01adf68>] (register_devfs_stubs) from [<c05d9b08>] (init_module+0x28/0xa4)
[    0.247391] [<c05d9b08>] (init_module) from [<c0009670>] (do_one_initcall+0x104/0x1b4)
[    0.248415] [<c0009670>] (do_one_initcall) from [<c05c7d08>] (kernel_init_freeable+0xf0/0x1b0)
[    0.249078] [<c05c7d08>] (kernel_init_freeable) from [<c040f28c>] (kernel_init+0x8/0xe4)
[    0.249972] [<c040f28c>] (kernel_init) from [<c0016da8>] (ret_from_fork+0x14/0x2c)
[    0.250597] ---[ end trace c5bcb473d480c8ec ]---
[    0.251526] ------------[ cut here ]------------
[    0.252078] WARNING: CPU: 0 PID: 1 at /home/vagrant/firmadyne-kernel/kernel-v4.1/lib/kobject.c:240 kobject_add_internal+0x240/0x2ac()
[    0.253433] kobject_add_internal failed for gpio with -EEXIST, don't try to register things with the same name in the same directory.
[    0.254544] Modules linked in:
[    0.254770] CPU: 0 PID: 1 Comm: swapper Tainted: G        W       4.1.17+ #1
[    0.255776] Hardware name: Generic DT based system
[    0.256002] [<c001c99c>] (unwind_backtrace) from [<c0019d30>] (show_stack+0x10/0x14)
[    0.256921] [<c0019d30>] (show_stack) from [<c0024ab4>] (warn_slowpath_common+0x80/0xa8)
[    0.257680] [<c0024ab4>] (warn_slowpath_common) from [<c0024b08>] (warn_slowpath_fmt+0x2c/0x3c)
[    0.258380] [<c0024b08>] (warn_slowpath_fmt) from [<c018e834>] (kobject_add_internal+0x240/0x2ac)
[    0.259238] [<c018e834>] (kobject_add_internal) from [<c018e9a8>] (kset_register+0x1c/0x44)
[    0.260009] [<c018e9a8>] (kset_register) from [<c02090b4>] (__class_register+0xa8/0x198)
[    0.260832] [<c02090b4>] (__class_register) from [<c02091e4>] (__class_create+0x40/0x70)
[    0.261578] [<c02091e4>] (__class_create) from [<c01adf68>] (register_devfs_stubs+0x314/0xbb4)
[    0.262293] [<c01adf68>] (register_devfs_stubs) from [<c05d9b08>] (init_module+0x28/0xa4)
[    0.263286] [<c05d9b08>] (init_module) from [<c0009670>] (do_one_initcall+0x104/0x1b4)
[    0.264108] [<c0009670>] (do_one_initcall) from [<c05c7d08>] (kernel_init_freeable+0xf0/0x1b0)
[    0.264844] [<c05c7d08>] (kernel_init_freeable) from [<c040f28c>] (kernel_init+0x8/0xe4)
[    0.265783] [<c040f28c>] (kernel_init) from [<c0016da8>] (ret_from_fork+0x14/0x2c)
[    0.266356] ---[ end trace c5bcb473d480c8ed ]---
[    0.266961] firmadyne: Cannot create device class: gpio!
[    0.268943] firmadyne: Cannot register character device: watchdog, 0xa, 0x82!
[    0.270306] firmadyne: Cannot register character device: wdt, 0xfd, 0x0!
[    0.366111] Non-volatile memory driver v1.3
[    0.386071] brd: module loaded
[    0.394813] loop: module loaded
[    0.403551]  vda: vda1
[    0.407949] [nandsim] warning: read_byte: unexpected data output cycle, state is STATE_READY return 0x0
[    0.409719] [nandsim] warning: read_byte: unexpected data output cycle, state is STATE_READY return 0x0
[    0.411436] [nandsim] warning: read_byte: unexpected data output cycle, state is STATE_READY return 0x0
[    0.413380] [nandsim] warning: read_byte: unexpected data output cycle, state is STATE_READY return 0x0
[    0.415080] [nandsim] warning: read_byte: unexpected data output cycle, state is STATE_READY return 0x0
[    0.416632] [nandsim] warning: read_byte: unexpected data output cycle, state is STATE_READY return 0x0
[    0.417693] nand: device found, Manufacturer ID: 0x98, Chip ID: 0x39
[    0.418905] nand: Toshiba NAND 128MiB 1,8V 8-bit
[    0.419449] nand: 128 MiB, SLC, erase size: 16 KiB, page size: 512, OOB size: 16
[    0.420680] flash size: 128 MiB
[    0.421297] page size: 512 bytes
[    0.421886] OOB area size: 16 bytes
[    0.422778] sector size: 16 KiB
[    0.423404] pages number: 262144
[    0.424006] pages per sector: 32
[    0.424592] bus width: 8
[    0.424916] bits in sector size: 14
[    0.425232] bits in page size: 9
[    0.425503] bits in OOB size: 4
[    0.425937] flash size with OOB: 135168 KiB
[    0.426225] page address bytes: 4
[    0.426709] sector address bytes: 3
[    0.426948] options: 0x42
[    0.431282] Scanning device for bad blocks
[    0.540422] Creating 11 MTD partitions on "NAND 128MiB 1,8V 8-bit":
[    0.541957] 0x000000000000-0x000000100000 : "NAND simulator partition 0"
[    0.546152] 0x000000100000-0x000000200000 : "NAND simulator partition 1"
[    0.548707] 0x000000200000-0x000000300000 : "NAND simulator partition 2"
[    0.551169] 0x000000300000-0x000000400000 : "NAND simulator partition 3"
[    0.553820] 0x000000400000-0x000000500000 : "NAND simulator partition 4"
[    0.556295] 0x000000500000-0x000000600000 : "NAND simulator partition 5"
[    0.558811] 0x000000600000-0x000000700000 : "NAND simulator partition 6"
[    0.561305] 0x000000700000-0x000000800000 : "NAND simulator partition 7"
[    0.564115] 0x000000800000-0x000000900000 : "NAND simulator partition 8"
[    0.566695] 0x000000900000-0x000000a00000 : "NAND simulator partition 9"
[    0.569192] 0x000000a00000-0x000008000000 : "NAND simulator partition 10"
[    0.575102] tun: Universal TUN/TAP device driver, 1.6
[    0.576118] tun: (C) 1999-2004 Max Krasnyansky <maxk@qualcomm.com>
[    0.590586] PPP generic driver version 2.4.2
[    0.592102] PPP BSD Compression module registered
[    0.593315] PPP Deflate Compression module registered
[    0.594375] PPP MPPE Compression module registered
[    0.595316] NET: Registered protocol family 24
[    0.596403] PPTP driver version 0.8.5
[    0.597764] usbcore: registered new interface driver usb-storage
[    0.600351] hidraw: raw HID events driver (C) Jiri Kosina
[    0.601794] usbcore: registered new interface driver usbhid
[    0.603116] usbhid: USB HID core driver
[    0.604277] Netfilter messages via NETLINK v0.30.
[    0.605674] nf_conntrack version 0.5.0 (3958 buckets, 15832 max)
[    0.607992] ctnetlink v0.93: registering with nfnetlink.
[    0.610210] ipip: IPv4 over IPv4 tunneling driver
[    0.613032] gre: GRE over IPv4 demultiplexor driver
[    0.614032] ip_gre: GRE over IPv4 tunneling driver
[    0.618959] ip_tables: (C) 2000-2006 Netfilter Core Team
[    0.621430] arp_tables: (C) 2002 David S. Miller
[    0.623489] Initializing XFRM netlink socket
[    0.624772] NET: Registered protocol family 10
[    0.631157] ip6_tables: (C) 2000-2006 Netfilter Core Team
[    0.633807] sit: IPv6 over IPv4 tunneling driver
[    0.637945] NET: Registered protocol family 17
[    0.639332] bridge: automatic filtering via arp/ip/ip6tables has been deprecated. Update your scripts to load br_netfilter if you need this.
[    0.641784] Bridge firewalling registered
[    0.642871] Ebtables v2.0 registered
[    0.644566] 8021q: 802.1Q VLAN Support v1.8
[    0.645915] Registering SWP/SWPB emulation handler
[    0.648654] hctosys: unable to open rtc device (rtc0)
[    0.664728] UDF-fs: warning (device vda1): udf_fill_super: No partition found (2)
[    0.681369] UDF-fs: warning (device vda1): udf_fill_super: No partition found (2)
[    0.683151] List of all partitions:
[    0.684020] 0100            8192 ram0  (driver?)
[    0.684933] 0101            8192 ram1  (driver?)
[    0.685800] 0102            8192 ram2  (driver?)
[    0.686752] 0103            8192 ram3  (driver?)
[    0.687636] 0104            8192 ram4  (driver?)
[    0.688526] 0105            8192 ram5  (driver?)
[    0.689388] 0106            8192 ram6  (driver?)
[    0.690247] 0107            8192 ram7  (driver?)
[    0.691134] 0108            8192 ram8  (driver?)
[    0.692047] 0109            8192 ram9  (driver?)
[    0.692630] 010a            8192 ram10  (driver?)
[    0.693403] 010b            8192 ram11  (driver?)
[    0.693897] 010c            8192 ram12  (driver?)
[    0.694269] 010d            8192 ram13  (driver?)
[    0.694841] 010e            8192 ram14  (driver?)
[    0.695185] 010f            8192 ram15  (driver?)
[    0.695879] fe00         1048576 vda  driver: virtio_blk
[    0.696493]   fe01         1047552 vda1 c4e29cbe-01
[    0.696794] 1f00            1024 mtdblock0  (driver?)
[    0.697511] 1f01            1024 mtdblock1  (driver?)
[    0.697967] 1f02            1024 mtdblock2  (driver?)
[    0.698403] 1f03            1024 mtdblock3  (driver?)
[    0.698945] 1f04            1024 mtdblock4  (driver?)
[    0.699454] 1f05            1024 mtdblock5  (driver?)
[    0.700023] 1f06            1024 mtdblock6  (driver?)
[    0.700443] 1f07            1024 mtdblock7  (driver?)
[    0.701155] 1f08            1024 mtdblock8  (driver?)
[    0.701386] 1f09            1024 mtdblock9  (driver?)
[    0.702055] 1f0a          120832 mtdblock10  (driver?)
[    0.702810] No filesystem could mount root, tried:  ext3 ext2 ext4 cramfs squashfs vfat iso9660 romfs udf
[    0.704454] Kernel panic - not syncing: VFS: Unable to mount root fs on unknown-block(254,1)
[    0.705455] CPU: 0 PID: 1 Comm: swapper Tainted: G        W       4.1.17+ #1
[    0.706082] Hardware name: Generic DT based system
[    0.706749] [<c001c99c>] (unwind_backtrace) from [<c0019d30>] (show_stack+0x10/0x14)
[    0.707353] [<c0019d30>] (show_stack) from [<c0410b78>] (panic+0x70/0x1c8)
[    0.708150] [<c0410b78>] (panic) from [<c05c81bc>] (mount_block_root+0x268/0x2ac)
[    0.708952] [<c05c81bc>] (mount_block_root) from [<c05c84a4>] (prepare_namespace+0x158/0x1ac)
[    0.709635] [<c05c84a4>] (prepare_namespace) from [<c05c7d84>] (kernel_init_freeable+0x16c/0x1b0)
[    0.710552] [<c05c7d84>] (kernel_init_freeable) from [<c040f28c>] (kernel_init+0x8/0xe4)
[    0.711265] [<c040f28c>] (kernel_init) from [<c0016da8>] (ret_from_fork+0x14/0x2c)
[    0.712129] ---[ end Kernel panic - not syncing: VFS: Unable to mount root fs on unknown-block(254,1)
