[    0.000000] Booting Linux on physical CPU 0x0
[    0.000000] Linux version 4.1.17+ (vagrant@vagrant-ubuntu-trusty-64) (gcc version 5.3.0 (GCC) ) #1 Thu Feb 18 01:05:21 UTC 2016
[    0.000000] CPU: ARMv7 Processor [412fc0f1] revision 1 (ARMv7), cr=10c5387d
[    0.000000] CPU: PIPT / VIPT nonaliasing data cache, PIPT instruction cache
[    0.000000] Machine model: linux,dummy-virt
[    0.000000] debug: ignoring loglevel setting.
[    0.000000] Memory policy: Data cache writeback
[    0.000000] On node 0 totalpages: 65536
[    0.000000] free_area_init_node: node 0, pgdat c061dfe8, node_mem_map cfdf9000
[    0.000000]   Normal zone: 512 pages used for memmap
[    0.000000]   Normal zone: 0 pages reserved
[    0.000000]   Normal zone: 65536 pages, LIFO batch:15
[    0.000000] CPU: All CPU(s) started in SVC mode.
[    0.000000] pcpu-alloc: s0 r0 d32768 u32768 alloc=1*32768
[    0.000000] pcpu-alloc: [0] 0 
[    0.000000] Built 1 zonelists in Zone order, mobility grouping on.  Total pages: 65024
[    0.000000] Kernel command line: root=/dev/vda1 console=ttyS0 nandsim.parts=64,64,64,64,64,64,64,64,64,64 rdinit=/firmadyne/preInit.sh rw debug ignore_loglevel print-fatal-signals=1 user_debug=31 firmadyne.syscall=0
[    0.000000] PID hash table entries: 1024 (order: 0, 4096 bytes)
[    0.000000] Dentry cache hash table entries: 32768 (order: 5, 131072 bytes)
[    0.000000] Inode-cache hash table entries: 16384 (order: 4, 65536 bytes)
[    0.000000] Memory: 253344K/262144K available (4297K kernel code, 170K rwdata, 1584K rodata, 180K init, 148K bss, 8800K reserved, 0K cma-reserved)
[    0.000000] Virtual kernel memory layout:
[    0.000000]     vector  : 0xffff0000 - 0xffff1000   (   4 kB)
[    0.000000]     fixmap  : 0xffc00000 - 0xfff00000   (3072 kB)
[    0.000000]     vmalloc : 0xd0800000 - 0xff000000   ( 744 MB)
[    0.000000]     lowmem  : 0xc0000000 - 0xd0000000   ( 256 MB)
[    0.000000]     modules : 0xbf000000 - 0xc0000000   (  16 MB)
[    0.000000]       .text : 0xc0008000 - 0xc05c67bc   (5882 kB)
[    0.000000]       .init : 0xc05c7000 - 0xc05f4000   ( 180 kB)
[    0.000000]       .data : 0xc05f4000 - 0xc061e840   ( 171 kB)
[    0.000000]        .bss : 0xc0621000 - 0xc06462d4   ( 149 kB)
[    0.000000] NR_IRQS:16 nr_irqs:16 16
[    0.000000] Architected cp15 timer(s) running at 62.50MHz (virt).
[    0.000000] clocksource arch_sys_counter: mask: 0xffffffffffffff max_cycles: 0x1cd42e208c, max_idle_ns: 881590405314 ns
[    0.000134] sched_clock: 56 bits at 62MHz, resolution 16ns, wraps every 4398046511096ns
[    0.000249] Switching to timer-based delay loop, resolution 16ns
[    0.002862] Console: colour dummy device 80x30
[    0.003162] Calibrating delay loop (skipped), value calculated using timer frequency.. 125.00 BogoMIPS (lpj=625000)
[    0.003267] pid_max: default: 32768 minimum: 301
[    0.004057] Mount-cache hash table entries: 1024 (order: 0, 4096 bytes)
[    0.004087] Mountpoint-cache hash table entries: 1024 (order: 0, 4096 bytes)
[    0.012006] CPU: Testing write buffer coherency: ok
[    0.017407] Setting up static identity map for 0x40008240 - 0x40008298
[    0.029956] VFP support v0.3: implementor 41 architecture 4 part 30 variant f rev 0
[    0.039928] clocksource jiffies: mask: 0xffffffff max_cycles: 0xffffffff, max_idle_ns: 19112604462750000 ns
[    0.047453] NET: Registered protocol family 16
[    0.050133] DMA: preallocated 256 KiB pool for atomic coherent allocations
[    0.053576] cpuidle: using governor ladder
[    0.053703] cpuidle: using governor menu
[    0.056707] genirq: Setting trigger mode 1 for irq 20 failed (gic_set_type+0x0/0x48)
[    0.058154] genirq: Setting trigger mode 1 for irq 21 failed (gic_set_type+0x0/0x48)
[    0.058414] genirq: Setting trigger mode 1 for irq 22 failed (gic_set_type+0x0/0x48)
[    0.058685] genirq: Setting trigger mode 1 for irq 23 failed (gic_set_type+0x0/0x48)
[    0.058981] genirq: Setting trigger mode 1 for irq 24 failed (gic_set_type+0x0/0x48)
[    0.059250] genirq: Setting trigger mode 1 for irq 25 failed (gic_set_type+0x0/0x48)
[    0.059509] genirq: Setting trigger mode 1 for irq 26 failed (gic_set_type+0x0/0x48)
[    0.059749] genirq: Setting trigger mode 1 for irq 27 failed (gic_set_type+0x0/0x48)
[    0.060092] genirq: Setting trigger mode 1 for irq 28 failed (gic_set_type+0x0/0x48)
[    0.060356] genirq: Setting trigger mode 1 for irq 29 failed (gic_set_type+0x0/0x48)
[    0.060589] genirq: Setting trigger mode 1 for irq 30 failed (gic_set_type+0x0/0x48)
[    0.060838] genirq: Setting trigger mode 1 for irq 31 failed (gic_set_type+0x0/0x48)
[    0.061069] genirq: Setting trigger mode 1 for irq 32 failed (gic_set_type+0x0/0x48)
[    0.061318] genirq: Setting trigger mode 1 for irq 33 failed (gic_set_type+0x0/0x48)
[    0.061546] genirq: Setting trigger mode 1 for irq 34 failed (gic_set_type+0x0/0x48)
[    0.061772] genirq: Setting trigger mode 1 for irq 35 failed (gic_set_type+0x0/0x48)
[    0.062016] genirq: Setting trigger mode 1 for irq 36 failed (gic_set_type+0x0/0x48)
[    0.062266] genirq: Setting trigger mode 1 for irq 37 failed (gic_set_type+0x0/0x48)
[    0.062553] genirq: Setting trigger mode 1 for irq 38 failed (gic_set_type+0x0/0x48)
[    0.062801] genirq: Setting trigger mode 1 for irq 39 failed (gic_set_type+0x0/0x48)
[    0.063050] genirq: Setting trigger mode 1 for irq 40 failed (gic_set_type+0x0/0x48)
[    0.063524] genirq: Setting trigger mode 1 for irq 41 failed (gic_set_type+0x0/0x48)
[    0.063803] genirq: Setting trigger mode 1 for irq 42 failed (gic_set_type+0x0/0x48)
[    0.064061] genirq: Setting trigger mode 1 for irq 43 failed (gic_set_type+0x0/0x48)
[    0.064327] genirq: Setting trigger mode 1 for irq 44 failed (gic_set_type+0x0/0x48)
[    0.064597] genirq: Setting trigger mode 1 for irq 45 failed (gic_set_type+0x0/0x48)
[    0.064842] genirq: Setting trigger mode 1 for irq 46 failed (gic_set_type+0x0/0x48)
[    0.065127] genirq: Setting trigger mode 1 for irq 47 failed (gic_set_type+0x0/0x48)
[    0.065391] genirq: Setting trigger mode 1 for irq 48 failed (gic_set_type+0x0/0x48)
[    0.065646] genirq: Setting trigger mode 1 for irq 49 failed (gic_set_type+0x0/0x48)
[    0.065902] genirq: Setting trigger mode 1 for irq 50 failed (gic_set_type+0x0/0x48)
[    0.066143] genirq: Setting trigger mode 1 for irq 51 failed (gic_set_type+0x0/0x48)
[    0.066593] genirq: Setting trigger mode 1 for irq 52 failed (gic_set_type+0x0/0x48)
[    0.069664] Serial: AMBA PL011 UART driver
[    0.071331] 9000000.pl011: ttyS0 at MMIO 0x9000000 (irq = 52, base_baud = 0) is a PL011 rev1
[    0.128849] console [ttyS0] enabled
[    0.148693] vgaarb: loaded
[    0.150770] SCSI subsystem initialized
[    0.152404] usbcore: registered new interface driver usbfs
[    0.153668] usbcore: registered new interface driver hub
[    0.154923] usbcore: registered new device driver usb
[    0.163460] cfg80211: Calling CRDA to update world regulatory domain
[    0.166557] Switched to clocksource arch_sys_counter
[    0.182157] NET: Registered protocol family 2
[    0.187578] TCP established hash table entries: 2048 (order: 1, 8192 bytes)
[    0.189024] TCP bind hash table entries: 2048 (order: 1, 8192 bytes)
[    0.190411] TCP: Hash tables configured (established 2048 bind 2048)
[    0.192083] UDP hash table entries: 256 (order: 0, 4096 bytes)
[    0.193309] UDP-Lite hash table entries: 256 (order: 0, 4096 bytes)
[    0.195679] NET: Registered protocol family 1
[    0.197113] PCI: CLS 0 bytes, default 64
[    0.203915] NetWinder Floating Point Emulator V0.97 (extended precision)
[    0.207543] futex hash table entries: 256 (order: -1, 3072 bytes)
[    0.213229] squashfs: version 4.0 (2009/01/31) Phillip Lougher
[    0.215545] jffs2: version 2.2. (NAND) Â© 2001-2006 Red Hat, Inc.
[    0.217580] romfs: ROMFS MTD (C) 2007 Red Hat, Inc.
[    0.225441] Block layer SCSI generic (bsg) driver version 0.4 loaded (major 253)
[    0.227311] io scheduler noop registered
[    0.228206] io scheduler cfq registered (default)
[    0.229689] firmadyne: devfs: 1, execute: 1, procfs: 1, syscall: 0
[    0.231957] ------------[ cut here ]------------
[    0.232879] WARNING: CPU: 0 PID: 1 at /home/vagrant/firmadyne-kernel/kernel-v4.1/fs/sysfs/dir.c:31 sysfs_warn_dup+0x50/0x6c()
[    0.234968] sysfs: cannot create duplicate filename '/class/gpio'
[    0.236141] Modules linked in:
[    0.237249] CPU: 0 PID: 1 Comm: swapper Not tainted 4.1.17+ #1
[    0.238319] Hardware name: Generic DT based system
[    0.239817] [<c001c99c>] (unwind_backtrace) from [<c0019d30>] (show_stack+0x10/0x14)
[    0.241371] [<c0019d30>] (show_stack) from [<c0024ab4>] (warn_slowpath_common+0x80/0xa8)
[    0.242911] [<c0024ab4>] (warn_slowpath_common) from [<c0024b08>] (warn_slowpath_fmt+0x2c/0x3c)
[    0.244566] [<c0024b08>] (warn_slowpath_fmt) from [<c00e363c>] (sysfs_warn_dup+0x50/0x6c)
[    0.246086] [<c00e363c>] (sysfs_warn_dup) from [<c00e3714>] (sysfs_create_dir_ns+0x74/0x84)
[    0.247236] [<c00e3714>] (sysfs_create_dir_ns) from [<c018e6ac>] (kobject_add_internal+0xb8/0x2ac)
[    0.248210] [<c018e6ac>] (kobject_add_internal) from [<c018e9a8>] (kset_register+0x1c/0x44)
[    0.249184] [<c018e9a8>] (kset_register) from [<c02090b4>] (__class_register+0xa8/0x198)
[    0.249854] [<c02090b4>] (__class_register) from [<c02091e4>] (__class_create+0x40/0x70)
[    0.250634] [<c02091e4>] (__class_create) from [<c01adf68>] (register_devfs_stubs+0x314/0xbb4)
[    0.251478] [<c01adf68>] (register_devfs_stubs) from [<c05d9b08>] (init_module+0x28/0xa4)
[    0.252346] [<c05d9b08>] (init_module) from [<c0009670>] (do_one_initcall+0x104/0x1b4)
[    0.253146] [<c0009670>] (do_one_initcall) from [<c05c7d08>] (kernel_init_freeable+0xf0/0x1b0)
[    0.253867] [<c05c7d08>] (kernel_init_freeable) from [<c040f28c>] (kernel_init+0x8/0xe4)
[    0.254530] [<c040f28c>] (kernel_init) from [<c0016da8>] (ret_from_fork+0x14/0x2c)
[    0.255540] ---[ end trace 8b1057c74500e15d ]---
[    0.256515] ------------[ cut here ]------------
[    0.257399] WARNING: CPU: 0 PID: 1 at /home/vagrant/firmadyne-kernel/kernel-v4.1/lib/kobject.c:240 kobject_add_internal+0x240/0x2ac()
[    0.258239] kobject_add_internal failed for gpio with -EEXIST, don't try to register things with the same name in the same directory.
[    0.259381] Modules linked in:
[    0.259754] CPU: 0 PID: 1 Comm: swapper Tainted: G        W       4.1.17+ #1
[    0.260578] Hardware name: Generic DT based system
[    0.261020] [<c001c99c>] (unwind_backtrace) from [<c0019d30>] (show_stack+0x10/0x14)
[    0.261884] [<c0019d30>] (show_stack) from [<c0024ab4>] (warn_slowpath_common+0x80/0xa8)
[    0.262577] [<c0024ab4>] (warn_slowpath_common) from [<c0024b08>] (warn_slowpath_fmt+0x2c/0x3c)
[    0.263411] [<c0024b08>] (warn_slowpath_fmt) from [<c018e834>] (kobject_add_internal+0x240/0x2ac)
[    0.264291] [<c018e834>] (kobject_add_internal) from [<c018e9a8>] (kset_register+0x1c/0x44)
[    0.265131] [<c018e9a8>] (kset_register) from [<c02090b4>] (__class_register+0xa8/0x198)
[    0.265988] [<c02090b4>] (__class_register) from [<c02091e4>] (__class_create+0x40/0x70)
[    0.266912] [<c02091e4>] (__class_create) from [<c01adf68>] (register_devfs_stubs+0x314/0xbb4)
[    0.267909] [<c01adf68>] (register_devfs_stubs) from [<c05d9b08>] (init_module+0x28/0xa4)
[    0.268888] [<c05d9b08>] (init_module) from [<c0009670>] (do_one_initcall+0x104/0x1b4)
[    0.269579] [<c0009670>] (do_one_initcall) from [<c05c7d08>] (kernel_init_freeable+0xf0/0x1b0)
[    0.270294] [<c05c7d08>] (kernel_init_freeable) from [<c040f28c>] (kernel_init+0x8/0xe4)
[    0.271195] [<c040f28c>] (kernel_init) from [<c0016da8>] (ret_from_fork+0x14/0x2c)
[    0.271950] ---[ end trace 8b1057c74500e15e ]---
[    0.272456] firmadyne: Cannot create device class: gpio!
[    0.274430] firmadyne: Cannot register character device: watchdog, 0xa, 0x82!
[    0.275833] firmadyne: Cannot register character device: wdt, 0xfd, 0x0!
[    0.371740] Non-volatile memory driver v1.3
[    0.391668] brd: module loaded
[    0.401051] loop: module loaded
[    0.410905]  vda: vda1
[    0.415420] [nandsim] warning: read_byte: unexpected data output cycle, state is STATE_READY return 0x0
[    0.417481] [nandsim] warning: read_byte: unexpected data output cycle, state is STATE_READY return 0x0
[    0.419190] [nandsim] warning: read_byte: unexpected data output cycle, state is STATE_READY return 0x0
[    0.420922] [nandsim] warning: read_byte: unexpected data output cycle, state is STATE_READY return 0x0
[    0.422644] [nandsim] warning: read_byte: unexpected data output cycle, state is STATE_READY return 0x0
[    0.424180] [nandsim] warning: read_byte: unexpected data output cycle, state is STATE_READY return 0x0
[    0.425239] nand: device found, Manufacturer ID: 0x98, Chip ID: 0x39
[    0.426671] nand: Toshiba NAND 128MiB 1,8V 8-bit
[    0.427425] nand: 128 MiB, SLC, erase size: 16 KiB, page size: 512, OOB size: 16
[    0.429040] flash size: 128 MiB
[    0.429666] page size: 512 bytes
[    0.430261] OOB area size: 16 bytes
[    0.430926] sector size: 16 KiB
[    0.431521] pages number: 262144
[    0.432143] pages per sector: 32
[    0.432402] bus width: 8
[    0.432755] bits in sector size: 14
[    0.433074] bits in page size: 9
[    0.433443] bits in OOB size: 4
[    0.433738] flash size with OOB: 135168 KiB
[    0.434210] page address bytes: 4
[    0.434456] sector address bytes: 3
[    0.434865] options: 0x42
[    0.439554] Scanning device for bad blocks
[    0.549733] Creating 11 MTD partitions on "NAND 128MiB 1,8V 8-bit":
[    0.551428] 0x000000000000-0x000000100000 : "NAND simulator partition 0"
[    0.555574] 0x000000100000-0x000000200000 : "NAND simulator partition 1"
[    0.558351] 0x000000200000-0x000000300000 : "NAND simulator partition 2"
[    0.560843] 0x000000300000-0x000000400000 : "NAND simulator partition 3"
[    0.563326] 0x000000400000-0x000000500000 : "NAND simulator partition 4"
[    0.565781] 0x000000500000-0x000000600000 : "NAND simulator partition 5"
[    0.568533] 0x000000600000-0x000000700000 : "NAND simulator partition 6"
[    0.571070] 0x000000700000-0x000000800000 : "NAND simulator partition 7"
[    0.573626] 0x000000800000-0x000000900000 : "NAND simulator partition 8"
[    0.576255] 0x000000900000-0x000000a00000 : "NAND simulator partition 9"
[    0.578968] 0x000000a00000-0x000008000000 : "NAND simulator partition 10"
[    0.584315] tun: Universal TUN/TAP device driver, 1.6
[    0.585318] tun: (C) 1999-2004 Max Krasnyansky <maxk@qualcomm.com>
[    0.602336] PPP generic driver version 2.4.2
[    0.603904] PPP BSD Compression module registered
[    0.604891] PPP Deflate Compression module registered
[    0.605962] PPP MPPE Compression module registered
[    0.607218] NET: Registered protocol family 24
[    0.608377] PPTP driver version 0.8.5
[    0.609970] usbcore: registered new interface driver usb-storage
[    0.612631] hidraw: raw HID events driver (C) Jiri Kosina
[    0.614093] usbcore: registered new interface driver usbhid
[    0.615156] usbhid: USB HID core driver
[    0.616861] Netfilter messages via NETLINK v0.30.
[    0.618304] nf_conntrack version 0.5.0 (3958 buckets, 15832 max)
[    0.620707] ctnetlink v0.93: registering with nfnetlink.
[    0.622998] ipip: IPv4 over IPv4 tunneling driver
[    0.625645] gre: GRE over IPv4 demultiplexor driver
[    0.626894] ip_gre: GRE over IPv4 tunneling driver
[    0.631906] ip_tables: (C) 2000-2006 Netfilter Core Team
[    0.634406] arp_tables: (C) 2002 David S. Miller
[    0.636503] Initializing XFRM netlink socket
[    0.637793] NET: Registered protocol family 10
[    0.644444] ip6_tables: (C) 2000-2006 Netfilter Core Team
[    0.647141] sit: IPv6 over IPv4 tunneling driver
[    0.651376] NET: Registered protocol family 17
[    0.652772] bridge: automatic filtering via arp/ip/ip6tables has been deprecated. Update your scripts to load br_netfilter if you need this.
[    0.655218] Bridge firewalling registered
[    0.656065] Ebtables v2.0 registered
[    0.658004] 8021q: 802.1Q VLAN Support v1.8
[    0.659396] Registering SWP/SWPB emulation handler
[    0.662131] hctosys: unable to open rtc device (rtc0)
[    0.678808] UDF-fs: warning (device vda1): udf_fill_super: No partition found (2)
[    0.696056] UDF-fs: warning (device vda1): udf_fill_super: No partition found (2)
[    0.697870] List of all partitions:
[    0.698745] 0100            8192 ram0  (driver?)
[    0.699692] 0101            8192 ram1  (driver?)
[    0.700570] 0102            8192 ram2  (driver?)
[    0.701444] 0103            8192 ram3  (driver?)
[    0.702315] 0104            8192 ram4  (driver?)
[    0.703196] 0105            8192 ram5  (driver?)
[    0.704107] 0106            8192 ram6  (driver?)
[    0.704978] 0107            8192 ram7  (driver?)
[    0.705848] 0108            8192 ram8  (driver?)
[    0.706958] 0109            8192 ram9  (driver?)
[    0.707834] 010a            8192 ram10  (driver?)
[    0.708535] 010b            8192 ram11  (driver?)
[    0.709006] 010c            8192 ram12  (driver?)
[    0.709580] 010d            8192 ram13  (driver?)
[    0.709916] 010e            8192 ram14  (driver?)
[    0.710448] 010f            8192 ram15  (driver?)
[    0.710905] fe00         1048576 vda  driver: virtio_blk
[    0.711542]   fe01         1047552 vda1 66755015-01
[    0.712076] 1f00            1024 mtdblock0  (driver?)
[    0.712658] 1f01            1024 mtdblock1  (driver?)
[    0.713066] 1f02            1024 mtdblock2  (driver?)
[    0.713754] 1f03            1024 mtdblock3  (driver?)
[    0.714283] 1f04            1024 mtdblock4  (driver?)
[    0.714739] 1f05            1024 mtdblock5  (driver?)
[    0.715295] 1f06            1024 mtdblock6  (driver?)
[    0.715672] 1f07            1024 mtdblock7  (driver?)
[    0.716564] 1f08            1024 mtdblock8  (driver?)
[    0.717041] 1f09            1024 mtdblock9  (driver?)
[    0.717689] 1f0a          120832 mtdblock10  (driver?)
[    0.718193] No filesystem could mount root, tried:  ext3 ext2 ext4 cramfs squashfs vfat iso9660 romfs udf
[    0.719491] Kernel panic - not syncing: VFS: Unable to mount root fs on unknown-block(254,1)
[    0.720656] CPU: 0 PID: 1 Comm: swapper Tainted: G        W       4.1.17+ #1
[    0.721426] Hardware name: Generic DT based system
[    0.721727] [<c001c99c>] (unwind_backtrace) from [<c0019d30>] (show_stack+0x10/0x14)
[    0.722605] [<c0019d30>] (show_stack) from [<c0410b78>] (panic+0x70/0x1c8)
[    0.723397] [<c0410b78>] (panic) from [<c05c81bc>] (mount_block_root+0x268/0x2ac)
[    0.724019] [<c05c81bc>] (mount_block_root) from [<c05c84a4>] (prepare_namespace+0x158/0x1ac)
[    0.724806] [<c05c84a4>] (prepare_namespace) from [<c05c7d84>] (kernel_init_freeable+0x16c/0x1b0)
[    0.725877] [<c05c7d84>] (kernel_init_freeable) from [<c040f28c>] (kernel_init+0x8/0xe4)
[    0.726672] [<c040f28c>] (kernel_init) from [<c0016da8>] (ret_from_fork+0x14/0x2c)
[    0.727534] ---[ end Kernel panic - not syncing: VFS: Unable to mount root fs on unknown-block(254,1)
