[    0.000000] Booting Linux on physical CPU 0x0
[    0.000000] Linux version 4.1.17+ (vagrant@vagrant-ubuntu-trusty-64) (gcc version 5.3.0 (GCC) ) #1 Thu Feb 18 01:05:21 UTC 2016
[    0.000000] CPU: ARMv7 Processor [412fc0f1] revision 1 (ARMv7), cr=10c5387d
[    0.000000] CPU: PIPT / VIPT nonaliasing data cache, PIPT instruction cache
[    0.000000] Machine model: linux,dummy-virt
[    0.000000] debug: ignoring loglevel setting.
[    0.000000] Memory policy: Data cache writeback
[    0.000000] On node 0 totalpages: 65536
[    0.000000] free_area_init_node: node 0, pgdat c061dfe8, node_mem_map cfdf9000
[    0.000000]   Normal zone: 512 pages used for memmap
[    0.000000]   Normal zone: 0 pages reserved
[    0.000000]   Normal zone: 65536 pages, LIFO batch:15
[    0.000000] CPU: All CPU(s) started in SVC mode.
[    0.000000] pcpu-alloc: s0 r0 d32768 u32768 alloc=1*32768
[    0.000000] pcpu-alloc: [0] 0 
[    0.000000] Built 1 zonelists in Zone order, mobility grouping on.  Total pages: 65024
[    0.000000] Kernel command line: firmadyne.syscall=1 root=/dev/vda1 console=ttyS0 nandsim.parts=64,64,64,64,64,64,64,64,64,64 rdinit=/firmadyne/preInit.sh rw debug ignore_loglevel print-fatal-signals=1 user_debug=31
[    0.000000] PID hash table entries: 1024 (order: 0, 4096 bytes)
[    0.000000] Dentry cache hash table entries: 32768 (order: 5, 131072 bytes)
[    0.000000] Inode-cache hash table entries: 16384 (order: 4, 65536 bytes)
[    0.000000] Memory: 253344K/262144K available (4297K kernel code, 170K rwdata, 1584K rodata, 180K init, 148K bss, 8800K reserved, 0K cma-reserved)
[    0.000000] Virtual kernel memory layout:
[    0.000000]     vector  : 0xffff0000 - 0xffff1000   (   4 kB)
[    0.000000]     fixmap  : 0xffc00000 - 0xfff00000   (3072 kB)
[    0.000000]     vmalloc : 0xd0800000 - 0xff000000   ( 744 MB)
[    0.000000]     lowmem  : 0xc0000000 - 0xd0000000   ( 256 MB)
[    0.000000]     modules : 0xbf000000 - 0xc0000000   (  16 MB)
[    0.000000]       .text : 0xc0008000 - 0xc05c67bc   (5882 kB)
[    0.000000]       .init : 0xc05c7000 - 0xc05f4000   ( 180 kB)
[    0.000000]       .data : 0xc05f4000 - 0xc061e840   ( 171 kB)
[    0.000000]        .bss : 0xc0621000 - 0xc06462d4   ( 149 kB)
[    0.000000] NR_IRQS:16 nr_irqs:16 16
[    0.000000] Architected cp15 timer(s) running at 62.50MHz (virt).
[    0.000000] clocksource arch_sys_counter: mask: 0xffffffffffffff max_cycles: 0x1cd42e208c, max_idle_ns: 881590405314 ns
[    0.000136] sched_clock: 56 bits at 62MHz, resolution 16ns, wraps every 4398046511096ns
[    0.000243] Switching to timer-based delay loop, resolution 16ns
[    0.002787] Console: colour dummy device 80x30
[    0.003074] Calibrating delay loop (skipped), value calculated using timer frequency.. 125.00 BogoMIPS (lpj=625000)
[    0.003185] pid_max: default: 32768 minimum: 301
[    0.003978] Mount-cache hash table entries: 1024 (order: 0, 4096 bytes)
[    0.004009] Mountpoint-cache hash table entries: 1024 (order: 0, 4096 bytes)
[    0.012204] CPU: Testing write buffer coherency: ok
[    0.017296] Setting up static identity map for 0x40008240 - 0x40008298
[    0.029409] VFP support v0.3: implementor 41 architecture 4 part 30 variant f rev 0
[    0.039374] clocksource jiffies: mask: 0xffffffff max_cycles: 0xffffffff, max_idle_ns: 19112604462750000 ns
[    0.046907] NET: Registered protocol family 16
[    0.049449] DMA: preallocated 256 KiB pool for atomic coherent allocations
[    0.052675] cpuidle: using governor ladder
[    0.052816] cpuidle: using governor menu
[    0.055911] genirq: Setting trigger mode 1 for irq 20 failed (gic_set_type+0x0/0x48)
[    0.057369] genirq: Setting trigger mode 1 for irq 21 failed (gic_set_type+0x0/0x48)
[    0.057631] genirq: Setting trigger mode 1 for irq 22 failed (gic_set_type+0x0/0x48)
[    0.057889] genirq: Setting trigger mode 1 for irq 23 failed (gic_set_type+0x0/0x48)
[    0.058151] genirq: Setting trigger mode 1 for irq 24 failed (gic_set_type+0x0/0x48)
[    0.058399] genirq: Setting trigger mode 1 for irq 25 failed (gic_set_type+0x0/0x48)
[    0.058636] genirq: Setting trigger mode 1 for irq 26 failed (gic_set_type+0x0/0x48)
[    0.058889] genirq: Setting trigger mode 1 for irq 27 failed (gic_set_type+0x0/0x48)
[    0.059228] genirq: Setting trigger mode 1 for irq 28 failed (gic_set_type+0x0/0x48)
[    0.059478] genirq: Setting trigger mode 1 for irq 29 failed (gic_set_type+0x0/0x48)
[    0.059712] genirq: Setting trigger mode 1 for irq 30 failed (gic_set_type+0x0/0x48)
[    0.059960] genirq: Setting trigger mode 1 for irq 31 failed (gic_set_type+0x0/0x48)
[    0.060194] genirq: Setting trigger mode 1 for irq 32 failed (gic_set_type+0x0/0x48)
[    0.060434] genirq: Setting trigger mode 1 for irq 33 failed (gic_set_type+0x0/0x48)
[    0.060664] genirq: Setting trigger mode 1 for irq 34 failed (gic_set_type+0x0/0x48)
[    0.060916] genirq: Setting trigger mode 1 for irq 35 failed (gic_set_type+0x0/0x48)
[    0.061158] genirq: Setting trigger mode 1 for irq 36 failed (gic_set_type+0x0/0x48)
[    0.061399] genirq: Setting trigger mode 1 for irq 37 failed (gic_set_type+0x0/0x48)
[    0.061679] genirq: Setting trigger mode 1 for irq 38 failed (gic_set_type+0x0/0x48)
[    0.061930] genirq: Setting trigger mode 1 for irq 39 failed (gic_set_type+0x0/0x48)
[    0.062169] genirq: Setting trigger mode 1 for irq 40 failed (gic_set_type+0x0/0x48)
[    0.062413] genirq: Setting trigger mode 1 for irq 41 failed (gic_set_type+0x0/0x48)
[    0.062664] genirq: Setting trigger mode 1 for irq 42 failed (gic_set_type+0x0/0x48)
[    0.062929] genirq: Setting trigger mode 1 for irq 43 failed (gic_set_type+0x0/0x48)
[    0.063189] genirq: Setting trigger mode 1 for irq 44 failed (gic_set_type+0x0/0x48)
[    0.063653] genirq: Setting trigger mode 1 for irq 45 failed (gic_set_type+0x0/0x48)
[    0.063924] genirq: Setting trigger mode 1 for irq 46 failed (gic_set_type+0x0/0x48)
[    0.064216] genirq: Setting trigger mode 1 for irq 47 failed (gic_set_type+0x0/0x48)
[    0.064473] genirq: Setting trigger mode 1 for irq 48 failed (gic_set_type+0x0/0x48)
[    0.064718] genirq: Setting trigger mode 1 for irq 49 failed (gic_set_type+0x0/0x48)
[    0.064981] genirq: Setting trigger mode 1 for irq 50 failed (gic_set_type+0x0/0x48)
[    0.065223] genirq: Setting trigger mode 1 for irq 51 failed (gic_set_type+0x0/0x48)
[    0.065635] genirq: Setting trigger mode 1 for irq 52 failed (gic_set_type+0x0/0x48)
[    0.068661] Serial: AMBA PL011 UART driver
[    0.070359] 9000000.pl011: ttyS0 at MMIO 0x9000000 (irq = 52, base_baud = 0) is a PL011 rev1
[    0.091556] console [ttyS0] enabled
[    0.110013] vgaarb: loaded
[    0.111242] SCSI subsystem initialized
[    0.112108] usbcore: registered new interface driver usbfs
[    0.112473] usbcore: registered new interface driver hub
[    0.112890] usbcore: registered new device driver usb
[    0.120461] cfg80211: Calling CRDA to update world regulatory domain
[    0.122475] Switched to clocksource arch_sys_counter
[    0.136791] NET: Registered protocol family 2
[    0.140849] TCP established hash table entries: 2048 (order: 1, 8192 bytes)
[    0.141189] TCP bind hash table entries: 2048 (order: 1, 8192 bytes)
[    0.141556] TCP: Hash tables configured (established 2048 bind 2048)
[    0.142092] UDP hash table entries: 256 (order: 0, 4096 bytes)
[    0.142685] UDP-Lite hash table entries: 256 (order: 0, 4096 bytes)
[    0.143949] NET: Registered protocol family 1
[    0.144376] PCI: CLS 0 bytes, default 64
[    0.150232] NetWinder Floating Point Emulator V0.97 (extended precision)
[    0.152632] futex hash table entries: 256 (order: -1, 3072 bytes)
[    0.157096] squashfs: version 4.0 (2009/01/31) Phillip Lougher
[    0.158041] jffs2: version 2.2. (NAND) Â© 2001-2006 Red Hat, Inc.
[    0.158798] romfs: ROMFS MTD (C) 2007 Red Hat, Inc.
[    0.166170] Block layer SCSI generic (bsg) driver version 0.4 loaded (major 253)
[    0.166548] io scheduler noop registered
[    0.166814] io scheduler cfq registered (default)
[    0.167448] firmadyne: devfs: 1, execute: 1, procfs: 1, syscall: 1
[    0.168576] ------------[ cut here ]------------
[    0.168796] WARNING: CPU: 0 PID: 1 at /home/vagrant/firmadyne-kernel/kernel-v4.1/fs/sysfs/dir.c:31 sysfs_warn_dup+0x50/0x6c()
[    0.169200] sysfs: cannot create duplicate filename '/class/gpio'
[    0.169446] Modules linked in:
[    0.169756] CPU: 0 PID: 1 Comm: swapper Not tainted 4.1.17+ #1
[    0.169976] Hardware name: Generic DT based system
[    0.170645] [<c001c99c>] (unwind_backtrace) from [<c0019d30>] (show_stack+0x10/0x14)
[    0.171020] [<c0019d30>] (show_stack) from [<c0024ab4>] (warn_slowpath_common+0x80/0xa8)
[    0.171341] [<c0024ab4>] (warn_slowpath_common) from [<c0024b08>] (warn_slowpath_fmt+0x2c/0x3c)
[    0.171706] [<c0024b08>] (warn_slowpath_fmt) from [<c00e363c>] (sysfs_warn_dup+0x50/0x6c)
[    0.172007] [<c00e363c>] (sysfs_warn_dup) from [<c00e3714>] (sysfs_create_dir_ns+0x74/0x84)
[    0.172533] [<c00e3714>] (sysfs_create_dir_ns) from [<c018e6ac>] (kobject_add_internal+0xb8/0x2ac)
[    0.172876] [<c018e6ac>] (kobject_add_internal) from [<c018e9a8>] (kset_register+0x1c/0x44)
[    0.173187] [<c018e9a8>] (kset_register) from [<c02090b4>] (__class_register+0xa8/0x198)
[    0.173489] [<c02090b4>] (__class_register) from [<c02091e4>] (__class_create+0x40/0x70)
[    0.173791] [<c02091e4>] (__class_create) from [<c01adf68>] (register_devfs_stubs+0x314/0xbb4)
[    0.174112] [<c01adf68>] (register_devfs_stubs) from [<c05d9b08>] (init_module+0x28/0xa4)
[    0.174446] [<c05d9b08>] (init_module) from [<c0009670>] (do_one_initcall+0x104/0x1b4)
[    0.174748] [<c0009670>] (do_one_initcall) from [<c05c7d08>] (kernel_init_freeable+0xf0/0x1b0)
[    0.175074] [<c05c7d08>] (kernel_init_freeable) from [<c040f28c>] (kernel_init+0x8/0xe4)
[    0.175373] [<c040f28c>] (kernel_init) from [<c0016da8>] (ret_from_fork+0x14/0x2c)
[    0.175716] ---[ end trace 6e6cd8e3cfedcba3 ]---
[    0.175958] ------------[ cut here ]------------
[    0.176142] WARNING: CPU: 0 PID: 1 at /home/vagrant/firmadyne-kernel/kernel-v4.1/lib/kobject.c:240 kobject_add_internal+0x240/0x2ac()
[    0.176559] kobject_add_internal failed for gpio with -EEXIST, don't try to register things with the same name in the same directory.
[    0.176980] Modules linked in:
[    0.177161] CPU: 0 PID: 1 Comm: swapper Tainted: G        W       4.1.17+ #1
[    0.177412] Hardware name: Generic DT based system
[    0.177624] [<c001c99c>] (unwind_backtrace) from [<c0019d30>] (show_stack+0x10/0x14)
[    0.177919] [<c0019d30>] (show_stack) from [<c0024ab4>] (warn_slowpath_common+0x80/0xa8)
[    0.178226] [<c0024ab4>] (warn_slowpath_common) from [<c0024b08>] (warn_slowpath_fmt+0x2c/0x3c)
[    0.178550] [<c0024b08>] (warn_slowpath_fmt) from [<c018e834>] (kobject_add_internal+0x240/0x2ac)
[    0.178882] [<c018e834>] (kobject_add_internal) from [<c018e9a8>] (kset_register+0x1c/0x44)
[    0.179190] [<c018e9a8>] (kset_register) from [<c02090b4>] (__class_register+0xa8/0x198)
[    0.179488] [<c02090b4>] (__class_register) from [<c02091e4>] (__class_create+0x40/0x70)
[    0.179787] [<c02091e4>] (__class_create) from [<c01adf68>] (register_devfs_stubs+0x314/0xbb4)
[    0.180105] [<c01adf68>] (register_devfs_stubs) from [<c05d9b08>] (init_module+0x28/0xa4)
[    0.180408] [<c05d9b08>] (init_module) from [<c0009670>] (do_one_initcall+0x104/0x1b4)
[    0.180702] [<c0009670>] (do_one_initcall) from [<c05c7d08>] (kernel_init_freeable+0xf0/0x1b0)
[    0.181029] [<c05c7d08>] (kernel_init_freeable) from [<c040f28c>] (kernel_init+0x8/0xe4)
[    0.181325] [<c040f28c>] (kernel_init) from [<c0016da8>] (ret_from_fork+0x14/0x2c)
[    0.181608] ---[ end trace 6e6cd8e3cfedcba4 ]---
[    0.181829] firmadyne: Cannot create device class: gpio!
[    0.183433] firmadyne: Cannot register character device: watchdog, 0xa, 0x82!
[    0.183717] firmadyne: Cannot register character device: wdt, 0xfd, 0x0!
[    0.279716] Non-volatile memory driver v1.3
[    0.297862] brd: module loaded
[    0.305704] loop: module loaded
[    0.313603]  vda: vda1
[    0.317435] [nandsim] warning: read_byte: unexpected data output cycle, state is STATE_READY return 0x0
[    0.317759] [nandsim] warning: read_byte: unexpected data output cycle, state is STATE_READY return 0x0
[    0.318050] [nandsim] warning: read_byte: unexpected data output cycle, state is STATE_READY return 0x0
[    0.318331] [nandsim] warning: read_byte: unexpected data output cycle, state is STATE_READY return 0x0
[    0.318612] [nandsim] warning: read_byte: unexpected data output cycle, state is STATE_READY return 0x0
[    0.318945] [nandsim] warning: read_byte: unexpected data output cycle, state is STATE_READY return 0x0
[    0.319496] nand: device found, Manufacturer ID: 0x98, Chip ID: 0x39
[    0.319742] nand: Toshiba NAND 128MiB 1,8V 8-bit
[    0.319935] nand: 128 MiB, SLC, erase size: 16 KiB, page size: 512, OOB size: 16
[    0.320766] flash size: 128 MiB
[    0.320889] page size: 512 bytes
[    0.320999] OOB area size: 16 bytes
[    0.321121] sector size: 16 KiB
[    0.321225] pages number: 262144
[    0.321332] pages per sector: 32
[    0.321437] bus width: 8
[    0.321523] bits in sector size: 14
[    0.321635] bits in page size: 9
[    0.321744] bits in OOB size: 4
[    0.321852] flash size with OOB: 135168 KiB
[    0.321984] page address bytes: 4
[    0.322099] sector address bytes: 3
[    0.322414] options: 0x42
[    0.326992] Scanning device for bad blocks
[    0.448660] Creating 11 MTD partitions on "NAND 128MiB 1,8V 8-bit":
[    0.449125] 0x000000000000-0x000000100000 : "NAND simulator partition 0"
[    0.451907] 0x000000100000-0x000000200000 : "NAND simulator partition 1"
[    0.453385] 0x000000200000-0x000000300000 : "NAND simulator partition 2"
[    0.454551] 0x000000300000-0x000000400000 : "NAND simulator partition 3"
[    0.455865] 0x000000400000-0x000000500000 : "NAND simulator partition 4"
[    0.457128] 0x000000500000-0x000000600000 : "NAND simulator partition 5"
[    0.458467] 0x000000600000-0x000000700000 : "NAND simulator partition 6"
[    0.459834] 0x000000700000-0x000000800000 : "NAND simulator partition 7"
[    0.461134] 0x000000800000-0x000000900000 : "NAND simulator partition 8"
[    0.462736] 0x000000900000-0x000000a00000 : "NAND simulator partition 9"
[    0.464099] 0x000000a00000-0x000008000000 : "NAND simulator partition 10"
[    0.468335] tun: Universal TUN/TAP device driver, 1.6
[    0.468508] tun: (C) 1999-2004 Max Krasnyansky <maxk@qualcomm.com>
[    0.489154] PPP generic driver version 2.4.2
[    0.489807] PPP BSD Compression module registered
[    0.490030] PPP Deflate Compression module registered
[    0.490322] PPP MPPE Compression module registered
[    0.490539] NET: Registered protocol family 24
[    0.490898] PPTP driver version 0.8.5
[    0.491625] usbcore: registered new interface driver usb-storage
[    0.493419] hidraw: raw HID events driver (C) Jiri Kosina
[    0.493941] usbcore: registered new interface driver usbhid
[    0.494165] usbhid: USB HID core driver
[    0.494627] Netfilter messages via NETLINK v0.30.
[    0.495269] nf_conntrack version 0.5.0 (3958 buckets, 15832 max)
[    0.496560] ctnetlink v0.93: registering with nfnetlink.
[    0.497758] ipip: IPv4 over IPv4 tunneling driver
[    0.499489] gre: GRE over IPv4 demultiplexor driver
[    0.499716] ip_gre: GRE over IPv4 tunneling driver
[    0.504024] ip_tables: (C) 2000-2006 Netfilter Core Team
[    0.505500] arp_tables: (C) 2002 David S. Miller
[    0.506541] Initializing XFRM netlink socket
[    0.507070] NET: Registered protocol family 10
[    0.513266] ip6_tables: (C) 2000-2006 Netfilter Core Team
[    0.516237] sit: IPv6 over IPv4 tunneling driver
[    0.519640] NET: Registered protocol family 17
[    0.520226] bridge: automatic filtering via arp/ip/ip6tables has been deprecated. Update your scripts to load br_netfilter if you need this.
[    0.520755] Bridge firewalling registered
[    0.520978] Ebtables v2.0 registered
[    0.521882] 8021q: 802.1Q VLAN Support v1.8
[    0.522604] Registering SWP/SWPB emulation handler
[    0.524498] hctosys: unable to open rtc device (rtc0)
[    0.538959] UDF-fs: warning (device vda1): udf_fill_super: No partition found (2)
[    0.553721] UDF-fs: warning (device vda1): udf_fill_super: No partition found (2)
[    0.554036] List of all partitions:
[    0.554285] 0100            8192 ram0  (driver?)
[    0.554474] 0101            8192 ram1  (driver?)
[    0.554633] 0102            8192 ram2  (driver?)
[    0.554832] 0103            8192 ram3  (driver?)
[    0.555014] 0104            8192 ram4  (driver?)
[    0.555203] 0105            8192 ram5  (driver?)
[    0.555386] 0106            8192 ram6  (driver?)
[    0.555566] 0107            8192 ram7  (driver?)
[    0.555746] 0108            8192 ram8  (driver?)
[    0.555926] 0109            8192 ram9  (driver?)
[    0.556106] 010a            8192 ram10  (driver?)
[    0.556295] 010b            8192 ram11  (driver?)
[    0.556480] 010c            8192 ram12  (driver?)
[    0.556663] 010d            8192 ram13  (driver?)
[    0.556861] 010e            8192 ram14  (driver?)
[    0.557045] 010f            8192 ram15  (driver?)
[    0.557242] fe00         1048576 vda  driver: virtio_blk
[    0.557466]   fe01         1047552 vda1 f09d14d8-01
[    0.557660] 1f00            1024 mtdblock0  (driver?)
[    0.557857] 1f01            1024 mtdblock1  (driver?)
[    0.558053] 1f02            1024 mtdblock2  (driver?)
[    0.558254] 1f03            1024 mtdblock3  (driver?)
[    0.558452] 1f04            1024 mtdblock4  (driver?)
[    0.558648] 1f05            1024 mtdblock5  (driver?)
[    0.558859] 1f06            1024 mtdblock6  (driver?)
[    0.559054] 1f07            1024 mtdblock7  (driver?)
[    0.559255] 1f08            1024 mtdblock8  (driver?)
[    0.559453] 1f09            1024 mtdblock9  (driver?)
[    0.559650] 1f0a          120832 mtdblock10  (driver?)
[    0.559861] No filesystem could mount root, tried:  ext3 ext2 ext4 cramfs squashfs vfat iso9660 romfs udf
[    0.560412] Kernel panic - not syncing: VFS: Unable to mount root fs on unknown-block(254,1)
[    0.560735] CPU: 0 PID: 1 Comm: swapper Tainted: G        W       4.1.17+ #1
[    0.560959] Hardware name: Generic DT based system
[    0.561157] [<c001c99c>] (unwind_backtrace) from [<c0019d30>] (show_stack+0x10/0x14)
[    0.561416] [<c0019d30>] (show_stack) from [<c0410b78>] (panic+0x70/0x1c8)
[    0.561647] [<c0410b78>] (panic) from [<c05c81bc>] (mount_block_root+0x268/0x2ac)
[    0.561891] [<c05c81bc>] (mount_block_root) from [<c05c84a4>] (prepare_namespace+0x158/0x1ac)
[    0.562163] [<c05c84a4>] (prepare_namespace) from [<c05c7d84>] (kernel_init_freeable+0x16c/0x1b0)
[    0.562526] [<c05c7d84>] (kernel_init_freeable) from [<c040f28c>] (kernel_init+0x8/0xe4)
[    0.562802] [<c040f28c>] (kernel_init) from [<c0016da8>] (ret_from_fork+0x14/0x2c)
[    0.563287] ---[ end Kernel panic - not syncing: VFS: Unable to mount root fs on unknown-block(254,1)
