[    0.000000] Booting Linux on physical CPU 0x0
[    0.000000] Linux version 4.1.17+ (vagrant@vagrant-ubuntu-trusty-64) (gcc version 5.3.0 (GCC) ) #1 Thu Feb 18 01:05:21 UTC 2016
[    0.000000] CPU: ARMv7 Processor [412fc0f1] revision 1 (ARMv7), cr=10c5387d
[    0.000000] CPU: PIPT / VIPT nonaliasing data cache, PIPT instruction cache
[    0.000000] Machine model: linux,dummy-virt
[    0.000000] debug: ignoring loglevel setting.
[    0.000000] Memory policy: Data cache writeback
[    0.000000] On node 0 totalpages: 65536
[    0.000000] free_area_init_node: node 0, pgdat c061dfe8, node_mem_map cfdf9000
[    0.000000]   Normal zone: 512 pages used for memmap
[    0.000000]   Normal zone: 0 pages reserved
[    0.000000]   Normal zone: 65536 pages, LIFO batch:15
[    0.000000] CPU: All CPU(s) started in SVC mode.
[    0.000000] pcpu-alloc: s0 r0 d32768 u32768 alloc=1*32768
[    0.000000] pcpu-alloc: [0] 0 
[    0.000000] Built 1 zonelists in Zone order, mobility grouping on.  Total pages: 65024
[    0.000000] Kernel command line: root=/dev/vda1 console=ttyS0 nandsim.parts=64,64,64,64,64,64,64,64,64,64 rdinit=/firmadyne/preInit.sh rw debug ignore_loglevel print-fatal-signals=1 user_debug=31 firmadyne.syscall=0
[    0.000000] PID hash table entries: 1024 (order: 0, 4096 bytes)
[    0.000000] Dentry cache hash table entries: 32768 (order: 5, 131072 bytes)
[    0.000000] Inode-cache hash table entries: 16384 (order: 4, 65536 bytes)
[    0.000000] Memory: 253344K/262144K available (4297K kernel code, 170K rwdata, 1584K rodata, 180K init, 148K bss, 8800K reserved, 0K cma-reserved)
[    0.000000] Virtual kernel memory layout:
[    0.000000]     vector  : 0xffff0000 - 0xffff1000   (   4 kB)
[    0.000000]     fixmap  : 0xffc00000 - 0xfff00000   (3072 kB)
[    0.000000]     vmalloc : 0xd0800000 - 0xff000000   ( 744 MB)
[    0.000000]     lowmem  : 0xc0000000 - 0xd0000000   ( 256 MB)
[    0.000000]     modules : 0xbf000000 - 0xc0000000   (  16 MB)
[    0.000000]       .text : 0xc0008000 - 0xc05c67bc   (5882 kB)
[    0.000000]       .init : 0xc05c7000 - 0xc05f4000   ( 180 kB)
[    0.000000]       .data : 0xc05f4000 - 0xc061e840   ( 171 kB)
[    0.000000]        .bss : 0xc0621000 - 0xc06462d4   ( 149 kB)
[    0.000000] NR_IRQS:16 nr_irqs:16 16
[    0.000000] Architected cp15 timer(s) running at 62.50MHz (virt).
[    0.000000] clocksource arch_sys_counter: mask: 0xffffffffffffff max_cycles: 0x1cd42e208c, max_idle_ns: 881590405314 ns
[    0.000129] sched_clock: 56 bits at 62MHz, resolution 16ns, wraps every 4398046511096ns
[    0.000230] Switching to timer-based delay loop, resolution 16ns
[    0.002877] Console: colour dummy device 80x30
[    0.003148] Calibrating delay loop (skipped), value calculated using timer frequency.. 125.00 BogoMIPS (lpj=625000)
[    0.003250] pid_max: default: 32768 minimum: 301
[    0.004014] Mount-cache hash table entries: 1024 (order: 0, 4096 bytes)
[    0.004044] Mountpoint-cache hash table entries: 1024 (order: 0, 4096 bytes)
[    0.011846] CPU: Testing write buffer coherency: ok
[    0.017001] Setting up static identity map for 0x40008240 - 0x40008298
[    0.033121] VFP support v0.3: implementor 41 architecture 4 part 30 variant f rev 0
[    0.040922] clocksource jiffies: mask: 0xffffffff max_cycles: 0xffffffff, max_idle_ns: 19112604462750000 ns
[    0.050903] NET: Registered protocol family 16
[    0.053433] DMA: preallocated 256 KiB pool for atomic coherent allocations
[    0.056924] cpuidle: using governor ladder
[    0.057048] cpuidle: using governor menu
[    0.060034] genirq: Setting trigger mode 1 for irq 20 failed (gic_set_type+0x0/0x48)
[    0.061455] genirq: Setting trigger mode 1 for irq 21 failed (gic_set_type+0x0/0x48)
[    0.061769] genirq: Setting trigger mode 1 for irq 22 failed (gic_set_type+0x0/0x48)
[    0.062093] genirq: Setting trigger mode 1 for irq 23 failed (gic_set_type+0x0/0x48)
[    0.062358] genirq: Setting trigger mode 1 for irq 24 failed (gic_set_type+0x0/0x48)
[    0.062602] genirq: Setting trigger mode 1 for irq 25 failed (gic_set_type+0x0/0x48)
[    0.062834] genirq: Setting trigger mode 1 for irq 26 failed (gic_set_type+0x0/0x48)
[    0.063069] genirq: Setting trigger mode 1 for irq 27 failed (gic_set_type+0x0/0x48)
[    0.063396] genirq: Setting trigger mode 1 for irq 28 failed (gic_set_type+0x0/0x48)
[    0.063640] genirq: Setting trigger mode 1 for irq 29 failed (gic_set_type+0x0/0x48)
[    0.064113] genirq: Setting trigger mode 1 for irq 30 failed (gic_set_type+0x0/0x48)
[    0.064382] genirq: Setting trigger mode 1 for irq 31 failed (gic_set_type+0x0/0x48)
[    0.064615] genirq: Setting trigger mode 1 for irq 32 failed (gic_set_type+0x0/0x48)
[    0.064853] genirq: Setting trigger mode 1 for irq 33 failed (gic_set_type+0x0/0x48)
[    0.065174] genirq: Setting trigger mode 1 for irq 34 failed (gic_set_type+0x0/0x48)
[    0.065409] genirq: Setting trigger mode 1 for irq 35 failed (gic_set_type+0x0/0x48)
[    0.065660] genirq: Setting trigger mode 1 for irq 36 failed (gic_set_type+0x0/0x48)
[    0.066024] genirq: Setting trigger mode 1 for irq 37 failed (gic_set_type+0x0/0x48)
[    0.066316] genirq: Setting trigger mode 1 for irq 38 failed (gic_set_type+0x0/0x48)
[    0.066563] genirq: Setting trigger mode 1 for irq 39 failed (gic_set_type+0x0/0x48)
[    0.066796] genirq: Setting trigger mode 1 for irq 40 failed (gic_set_type+0x0/0x48)
[    0.067034] genirq: Setting trigger mode 1 for irq 41 failed (gic_set_type+0x0/0x48)
[    0.067280] genirq: Setting trigger mode 1 for irq 42 failed (gic_set_type+0x0/0x48)
[    0.067525] genirq: Setting trigger mode 1 for irq 43 failed (gic_set_type+0x0/0x48)
[    0.067777] genirq: Setting trigger mode 1 for irq 44 failed (gic_set_type+0x0/0x48)
[    0.068056] genirq: Setting trigger mode 1 for irq 45 failed (gic_set_type+0x0/0x48)
[    0.068299] genirq: Setting trigger mode 1 for irq 46 failed (gic_set_type+0x0/0x48)
[    0.068579] genirq: Setting trigger mode 1 for irq 47 failed (gic_set_type+0x0/0x48)
[    0.068829] genirq: Setting trigger mode 1 for irq 48 failed (gic_set_type+0x0/0x48)
[    0.069068] genirq: Setting trigger mode 1 for irq 49 failed (gic_set_type+0x0/0x48)
[    0.069303] genirq: Setting trigger mode 1 for irq 50 failed (gic_set_type+0x0/0x48)
[    0.069537] genirq: Setting trigger mode 1 for irq 51 failed (gic_set_type+0x0/0x48)
[    0.070057] genirq: Setting trigger mode 1 for irq 52 failed (gic_set_type+0x0/0x48)
[    0.073059] Serial: AMBA PL011 UART driver
[    0.075176] 9000000.pl011: ttyS0 at MMIO 0x9000000 (irq = 52, base_baud = 0) is a PL011 rev1
[    0.131265] console [ttyS0] enabled
[    0.150941] vgaarb: loaded
[    0.152712] SCSI subsystem initialized
[    0.154353] usbcore: registered new interface driver usbfs
[    0.155609] usbcore: registered new interface driver hub
[    0.156818] usbcore: registered new device driver usb
[    0.165276] cfg80211: Calling CRDA to update world regulatory domain
[    0.168459] Switched to clocksource arch_sys_counter
[    0.183726] NET: Registered protocol family 2
[    0.188963] TCP established hash table entries: 2048 (order: 1, 8192 bytes)
[    0.190479] TCP bind hash table entries: 2048 (order: 1, 8192 bytes)
[    0.191803] TCP: Hash tables configured (established 2048 bind 2048)
[    0.195809] UDP hash table entries: 256 (order: 0, 4096 bytes)
[    0.197034] UDP-Lite hash table entries: 256 (order: 0, 4096 bytes)
[    0.199602] NET: Registered protocol family 1
[    0.200829] PCI: CLS 0 bytes, default 64
[    0.207530] NetWinder Floating Point Emulator V0.97 (extended precision)
[    0.211131] futex hash table entries: 256 (order: -1, 3072 bytes)
[    0.216797] squashfs: version 4.0 (2009/01/31) Phillip Lougher
[    0.219391] jffs2: version 2.2. (NAND) Â© 2001-2006 Red Hat, Inc.
[    0.221204] romfs: ROMFS MTD (C) 2007 Red Hat, Inc.
[    0.229236] Block layer SCSI generic (bsg) driver version 0.4 loaded (major 253)
[    0.230859] io scheduler noop registered
[    0.231735] io scheduler cfq registered (default)
[    0.233168] firmadyne: devfs: 1, execute: 1, procfs: 1, syscall: 0
[    0.235444] ------------[ cut here ]------------
[    0.236373] WARNING: CPU: 0 PID: 1 at /home/vagrant/firmadyne-kernel/kernel-v4.1/fs/sysfs/dir.c:31 sysfs_warn_dup+0x50/0x6c()
[    0.238788] sysfs: cannot create duplicate filename '/class/gpio'
[    0.239929] Modules linked in:
[    0.240781] CPU: 0 PID: 1 Comm: swapper Not tainted 4.1.17+ #1
[    0.241966] Hardware name: Generic DT based system
[    0.243414] [<c001c99c>] (unwind_backtrace) from [<c0019d30>] (show_stack+0x10/0x14)
[    0.244954] [<c0019d30>] (show_stack) from [<c0024ab4>] (warn_slowpath_common+0x80/0xa8)
[    0.246645] [<c0024ab4>] (warn_slowpath_common) from [<c0024b08>] (warn_slowpath_fmt+0x2c/0x3c)
[    0.248565] [<c0024b08>] (warn_slowpath_fmt) from [<c00e363c>] (sysfs_warn_dup+0x50/0x6c)
[    0.250106] [<c00e363c>] (sysfs_warn_dup) from [<c00e3714>] (sysfs_create_dir_ns+0x74/0x84)
[    0.250709] [<c00e3714>] (sysfs_create_dir_ns) from [<c018e6ac>] (kobject_add_internal+0xb8/0x2ac)
[    0.251665] [<c018e6ac>] (kobject_add_internal) from [<c018e9a8>] (kset_register+0x1c/0x44)
[    0.252443] [<c018e9a8>] (kset_register) from [<c02090b4>] (__class_register+0xa8/0x198)
[    0.253014] [<c02090b4>] (__class_register) from [<c02091e4>] (__class_create+0x40/0x70)
[    0.253944] [<c02091e4>] (__class_create) from [<c01adf68>] (register_devfs_stubs+0x314/0xbb4)
[    0.254665] [<c01adf68>] (register_devfs_stubs) from [<c05d9b08>] (init_module+0x28/0xa4)
[    0.255677] [<c05d9b08>] (init_module) from [<c0009670>] (do_one_initcall+0x104/0x1b4)
[    0.256395] [<c0009670>] (do_one_initcall) from [<c05c7d08>] (kernel_init_freeable+0xf0/0x1b0)
[    0.257251] [<c05c7d08>] (kernel_init_freeable) from [<c040f28c>] (kernel_init+0x8/0xe4)
[    0.257972] [<c040f28c>] (kernel_init) from [<c0016da8>] (ret_from_fork+0x14/0x2c)
[    0.259197] ---[ end trace 4b4cf60619ad9731 ]---
[    0.260170] ------------[ cut here ]------------
[    0.260741] WARNING: CPU: 0 PID: 1 at /home/vagrant/firmadyne-kernel/kernel-v4.1/lib/kobject.c:240 kobject_add_internal+0x240/0x2ac()
[    0.261668] kobject_add_internal failed for gpio with -EEXIST, don't try to register things with the same name in the same directory.
[    0.262973] Modules linked in:
[    0.263270] CPU: 0 PID: 1 Comm: swapper Tainted: G        W       4.1.17+ #1
[    0.264167] Hardware name: Generic DT based system
[    0.264514] [<c001c99c>] (unwind_backtrace) from [<c0019d30>] (show_stack+0x10/0x14)
[    0.265330] [<c0019d30>] (show_stack) from [<c0024ab4>] (warn_slowpath_common+0x80/0xa8)
[    0.266191] [<c0024ab4>] (warn_slowpath_common) from [<c0024b08>] (warn_slowpath_fmt+0x2c/0x3c)
[    0.266858] [<c0024b08>] (warn_slowpath_fmt) from [<c018e834>] (kobject_add_internal+0x240/0x2ac)
[    0.267810] [<c018e834>] (kobject_add_internal) from [<c018e9a8>] (kset_register+0x1c/0x44)
[    0.268786] [<c018e9a8>] (kset_register) from [<c02090b4>] (__class_register+0xa8/0x198)
[    0.269681] [<c02090b4>] (__class_register) from [<c02091e4>] (__class_create+0x40/0x70)
[    0.270580] [<c02091e4>] (__class_create) from [<c01adf68>] (register_devfs_stubs+0x314/0xbb4)
[    0.271461] [<c01adf68>] (register_devfs_stubs) from [<c05d9b08>] (init_module+0x28/0xa4)
[    0.272127] [<c05d9b08>] (init_module) from [<c0009670>] (do_one_initcall+0x104/0x1b4)
[    0.272815] [<c0009670>] (do_one_initcall) from [<c05c7d08>] (kernel_init_freeable+0xf0/0x1b0)
[    0.273809] [<c05c7d08>] (kernel_init_freeable) from [<c040f28c>] (kernel_init+0x8/0xe4)
[    0.274616] [<c040f28c>] (kernel_init) from [<c0016da8>] (ret_from_fork+0x14/0x2c)
[    0.275237] ---[ end trace 4b4cf60619ad9732 ]---
[    0.275788] firmadyne: Cannot create device class: gpio!
[    0.277864] firmadyne: Cannot register character device: watchdog, 0xa, 0x82!
[    0.279469] firmadyne: Cannot register character device: wdt, 0xfd, 0x0!
[    0.377494] Non-volatile memory driver v1.3
[    0.399273] brd: module loaded
[    0.408634] loop: module loaded
[    0.419328]  vda: vda1
[    0.424001] [nandsim] warning: read_byte: unexpected data output cycle, state is STATE_READY return 0x0
[    0.425826] [nandsim] warning: read_byte: unexpected data output cycle, state is STATE_READY return 0x0
[    0.427686] [nandsim] warning: read_byte: unexpected data output cycle, state is STATE_READY return 0x0
[    0.429574] [nandsim] warning: read_byte: unexpected data output cycle, state is STATE_READY return 0x0
[    0.431373] [nandsim] warning: read_byte: unexpected data output cycle, state is STATE_READY return 0x0
[    0.432451] [nandsim] warning: read_byte: unexpected data output cycle, state is STATE_READY return 0x0
[    0.433800] nand: device found, Manufacturer ID: 0x98, Chip ID: 0x39
[    0.435034] nand: Toshiba NAND 128MiB 1,8V 8-bit
[    0.435498] nand: 128 MiB, SLC, erase size: 16 KiB, page size: 512, OOB size: 16
[    0.436839] flash size: 128 MiB
[    0.437454] page size: 512 bytes
[    0.438121] OOB area size: 16 bytes
[    0.439001] sector size: 16 KiB
[    0.439623] pages number: 262144
[    0.440218] pages per sector: 32
[    0.440801] bus width: 8
[    0.441149] bits in sector size: 14
[    0.441457] bits in page size: 9
[    0.441782] bits in OOB size: 4
[    0.442218] flash size with OOB: 135168 KiB
[    0.442703] page address bytes: 4
[    0.442848] sector address bytes: 3
[    0.443312] options: 0x42
[    0.448069] Scanning device for bad blocks
[    0.565926] Creating 11 MTD partitions on "NAND 128MiB 1,8V 8-bit":
[    0.567593] 0x000000000000-0x000000100000 : "NAND simulator partition 0"
[    0.572039] 0x000000100000-0x000000200000 : "NAND simulator partition 1"
[    0.574678] 0x000000200000-0x000000300000 : "NAND simulator partition 2"
[    0.577130] 0x000000300000-0x000000400000 : "NAND simulator partition 3"
[    0.579899] 0x000000400000-0x000000500000 : "NAND simulator partition 4"
[    0.582416] 0x000000500000-0x000000600000 : "NAND simulator partition 5"
[    0.584882] 0x000000600000-0x000000700000 : "NAND simulator partition 6"
[    0.587426] 0x000000700000-0x000000800000 : "NAND simulator partition 7"
[    0.590287] 0x000000800000-0x000000900000 : "NAND simulator partition 8"
[    0.592859] 0x000000900000-0x000000a00000 : "NAND simulator partition 9"
[    0.595387] 0x000000a00000-0x000008000000 : "NAND simulator partition 10"
[    0.600973] tun: Universal TUN/TAP device driver, 1.6
[    0.602044] tun: (C) 1999-2004 Max Krasnyansky <maxk@qualcomm.com>
[    0.623501] PPP generic driver version 2.4.2
[    0.625116] PPP BSD Compression module registered
[    0.626189] PPP Deflate Compression module registered
[    0.627252] PPP MPPE Compression module registered
[    0.628285] NET: Registered protocol family 24
[    0.629596] PPTP driver version 0.8.5
[    0.631247] usbcore: registered new interface driver usb-storage
[    0.634003] hidraw: raw HID events driver (C) Jiri Kosina
[    0.635478] usbcore: registered new interface driver usbhid
[    0.636519] usbhid: USB HID core driver
[    0.637685] Netfilter messages via NETLINK v0.30.
[    0.639477] nf_conntrack version 0.5.0 (3958 buckets, 15832 max)
[    0.641997] ctnetlink v0.93: registering with nfnetlink.
[    0.644311] ipip: IPv4 over IPv4 tunneling driver
[    0.647131] gre: GRE over IPv4 demultiplexor driver
[    0.648144] ip_gre: GRE over IPv4 tunneling driver
[    0.653479] ip_tables: (C) 2000-2006 Netfilter Core Team
[    0.656085] arp_tables: (C) 2002 David S. Miller
[    0.658085] Initializing XFRM netlink socket
[    0.659602] NET: Registered protocol family 10
[    0.666585] ip6_tables: (C) 2000-2006 Netfilter Core Team
[    0.669351] sit: IPv6 over IPv4 tunneling driver
[    0.673806] NET: Registered protocol family 17
[    0.675253] bridge: automatic filtering via arp/ip/ip6tables has been deprecated. Update your scripts to load br_netfilter if you need this.
[    0.677748] Bridge firewalling registered
[    0.678888] Ebtables v2.0 registered
[    0.680704] 8021q: 802.1Q VLAN Support v1.8
[    0.682189] Registering SWP/SWPB emulation handler
[    0.685070] hctosys: unable to open rtc device (rtc0)
[    0.704852] UDF-fs: warning (device vda1): udf_fill_super: No partition found (2)
[    0.722727] UDF-fs: warning (device vda1): udf_fill_super: No partition found (2)
[    0.724409] List of all partitions:
[    0.725286] 0100            8192 ram0  (driver?)
[    0.726304] 0101            8192 ram1  (driver?)
[    0.727171] 0102            8192 ram2  (driver?)
[    0.728042] 0103            8192 ram3  (driver?)
[    0.729216] 0104            8192 ram4  (driver?)
[    0.730182] 0105            8192 ram5  (driver?)
[    0.731043] 0106            8192 ram6  (driver?)
[    0.731909] 0107            8192 ram7  (driver?)
[    0.732766] 0108            8192 ram8  (driver?)
[    0.733590] 0109            8192 ram9  (driver?)
[    0.734338] 010a            8192 ram10  (driver?)
[    0.734810] 010b            8192 ram11  (driver?)
[    0.735205] 010c            8192 ram12  (driver?)
[    0.735854] 010d            8192 ram13  (driver?)
[    0.736240] 010e            8192 ram14  (driver?)
[    0.736669] 010f            8192 ram15  (driver?)
[    0.737184] fe00         1048576 vda  driver: virtio_blk
[    0.737641]   fe01         1047552 vda1 f09d14d8-01
[    0.738727] 1f00            1024 mtdblock0  (driver?)
[    0.739359] 1f01            1024 mtdblock1  (driver?)
[    0.739988] 1f02            1024 mtdblock2  (driver?)
[    0.740497] 1f03            1024 mtdblock3  (driver?)
[    0.740969] 1f04            1024 mtdblock4  (driver?)
[    0.741408] 1f05            1024 mtdblock5  (driver?)
[    0.742013] 1f06            1024 mtdblock6  (driver?)
[    0.742410] 1f07            1024 mtdblock7  (driver?)
[    0.743100] 1f08            1024 mtdblock8  (driver?)
[    0.743579] 1f09            1024 mtdblock9  (driver?)
[    0.744114] 1f0a          120832 mtdblock10  (driver?)
[    0.744440] No filesystem could mount root, tried:  ext3 ext2 ext4 cramfs squashfs vfat iso9660 romfs udf
[    0.746053] Kernel panic - not syncing: VFS: Unable to mount root fs on unknown-block(254,1)
[    0.747154] CPU: 0 PID: 1 Comm: swapper Tainted: G        W       4.1.17+ #1
[    0.747916] Hardware name: Generic DT based system
[    0.748408] [<c001c99c>] (unwind_backtrace) from [<c0019d30>] (show_stack+0x10/0x14)
[    0.749287] [<c0019d30>] (show_stack) from [<c0410b78>] (panic+0x70/0x1c8)
[    0.750037] [<c0410b78>] (panic) from [<c05c81bc>] (mount_block_root+0x268/0x2ac)
[    0.750918] [<c05c81bc>] (mount_block_root) from [<c05c84a4>] (prepare_namespace+0x158/0x1ac)
[    0.751664] [<c05c84a4>] (prepare_namespace) from [<c05c7d84>] (kernel_init_freeable+0x16c/0x1b0)
[    0.752510] [<c05c7d84>] (kernel_init_freeable) from [<c040f28c>] (kernel_init+0x8/0xe4)
[    0.753112] [<c040f28c>] (kernel_init) from [<c0016da8>] (ret_from_fork+0x14/0x2c)
[    0.754343] ---[ end Kernel panic - not syncing: VFS: Unable to mount root fs on unknown-block(254,1)
