[    0.000000] Booting Linux on physical CPU 0x0
[    0.000000] Linux version 4.1.17+ (vagrant@vagrant-ubuntu-trusty-64) (gcc version 5.3.0 (GCC) ) #1 Thu Feb 18 01:05:21 UTC 2016
[    0.000000] CPU: ARMv7 Processor [412fc0f1] revision 1 (ARMv7), cr=10c5387d
[    0.000000] CPU: PIPT / VIPT nonaliasing data cache, PIPT instruction cache
[    0.000000] Machine model: linux,dummy-virt
[    0.000000] debug: ignoring loglevel setting.
[    0.000000] Memory policy: Data cache writeback
[    0.000000] On node 0 totalpages: 65536
[    0.000000] free_area_init_node: node 0, pgdat c061dfe8, node_mem_map cfdf9000
[    0.000000]   Normal zone: 512 pages used for memmap
[    0.000000]   Normal zone: 0 pages reserved
[    0.000000]   Normal zone: 65536 pages, LIFO batch:15
[    0.000000] CPU: All CPU(s) started in SVC mode.
[    0.000000] pcpu-alloc: s0 r0 d32768 u32768 alloc=1*32768
[    0.000000] pcpu-alloc: [0] 0 
[    0.000000] Built 1 zonelists in Zone order, mobility grouping on.  Total pages: 65024
[    0.000000] Kernel command line: root=/dev/vda1 console=ttyS0 nandsim.parts=64,64,64,64,64,64,64,64,64,64 rdinit=/firmadyne/preInit.sh rw debug ignore_loglevel print-fatal-signals=1 user_debug=31 firmadyne.syscall=0
[    0.000000] PID hash table entries: 1024 (order: 0, 4096 bytes)
[    0.000000] Dentry cache hash table entries: 32768 (order: 5, 131072 bytes)
[    0.000000] Inode-cache hash table entries: 16384 (order: 4, 65536 bytes)
[    0.000000] Memory: 253344K/262144K available (4297K kernel code, 170K rwdata, 1584K rodata, 180K init, 148K bss, 8800K reserved, 0K cma-reserved)
[    0.000000] Virtual kernel memory layout:
[    0.000000]     vector  : 0xffff0000 - 0xffff1000   (   4 kB)
[    0.000000]     fixmap  : 0xffc00000 - 0xfff00000   (3072 kB)
[    0.000000]     vmalloc : 0xd0800000 - 0xff000000   ( 744 MB)
[    0.000000]     lowmem  : 0xc0000000 - 0xd0000000   ( 256 MB)
[    0.000000]     modules : 0xbf000000 - 0xc0000000   (  16 MB)
[    0.000000]       .text : 0xc0008000 - 0xc05c67bc   (5882 kB)
[    0.000000]       .init : 0xc05c7000 - 0xc05f4000   ( 180 kB)
[    0.000000]       .data : 0xc05f4000 - 0xc061e840   ( 171 kB)
[    0.000000]        .bss : 0xc0621000 - 0xc06462d4   ( 149 kB)
[    0.000000] NR_IRQS:16 nr_irqs:16 16
[    0.000000] Architected cp15 timer(s) running at 62.50MHz (virt).
[    0.000000] clocksource arch_sys_counter: mask: 0xffffffffffffff max_cycles: 0x1cd42e208c, max_idle_ns: 881590405314 ns
[    0.000133] sched_clock: 56 bits at 62MHz, resolution 16ns, wraps every 4398046511096ns
[    0.000242] Switching to timer-based delay loop, resolution 16ns
[    0.002809] Console: colour dummy device 80x30
[    0.003096] Calibrating delay loop (skipped), value calculated using timer frequency.. 125.00 BogoMIPS (lpj=625000)
[    0.003200] pid_max: default: 32768 minimum: 301
[    0.003969] Mount-cache hash table entries: 1024 (order: 0, 4096 bytes)
[    0.003999] Mountpoint-cache hash table entries: 1024 (order: 0, 4096 bytes)
[    0.011762] CPU: Testing write buffer coherency: ok
[    0.017008] Setting up static identity map for 0x40008240 - 0x40008298
[    0.028921] VFP support v0.3: implementor 41 architecture 4 part 30 variant f rev 0
[    0.038813] clocksource jiffies: mask: 0xffffffff max_cycles: 0xffffffff, max_idle_ns: 19112604462750000 ns
[    0.046263] NET: Registered protocol family 16
[    0.048801] DMA: preallocated 256 KiB pool for atomic coherent allocations
[    0.052092] cpuidle: using governor ladder
[    0.052220] cpuidle: using governor menu
[    0.055312] genirq: Setting trigger mode 1 for irq 20 failed (gic_set_type+0x0/0x48)
[    0.056832] genirq: Setting trigger mode 1 for irq 21 failed (gic_set_type+0x0/0x48)
[    0.057094] genirq: Setting trigger mode 1 for irq 22 failed (gic_set_type+0x0/0x48)
[    0.057353] genirq: Setting trigger mode 1 for irq 23 failed (gic_set_type+0x0/0x48)
[    0.057614] genirq: Setting trigger mode 1 for irq 24 failed (gic_set_type+0x0/0x48)
[    0.057862] genirq: Setting trigger mode 1 for irq 25 failed (gic_set_type+0x0/0x48)
[    0.058097] genirq: Setting trigger mode 1 for irq 26 failed (gic_set_type+0x0/0x48)
[    0.058335] genirq: Setting trigger mode 1 for irq 27 failed (gic_set_type+0x0/0x48)
[    0.058664] genirq: Setting trigger mode 1 for irq 28 failed (gic_set_type+0x0/0x48)
[    0.058914] genirq: Setting trigger mode 1 for irq 29 failed (gic_set_type+0x0/0x48)
[    0.059168] genirq: Setting trigger mode 1 for irq 30 failed (gic_set_type+0x0/0x48)
[    0.059460] genirq: Setting trigger mode 1 for irq 31 failed (gic_set_type+0x0/0x48)
[    0.059698] genirq: Setting trigger mode 1 for irq 32 failed (gic_set_type+0x0/0x48)
[    0.059952] genirq: Setting trigger mode 1 for irq 33 failed (gic_set_type+0x0/0x48)
[    0.060184] genirq: Setting trigger mode 1 for irq 34 failed (gic_set_type+0x0/0x48)
[    0.060412] genirq: Setting trigger mode 1 for irq 35 failed (gic_set_type+0x0/0x48)
[    0.060650] genirq: Setting trigger mode 1 for irq 36 failed (gic_set_type+0x0/0x48)
[    0.060889] genirq: Setting trigger mode 1 for irq 37 failed (gic_set_type+0x0/0x48)
[    0.061168] genirq: Setting trigger mode 1 for irq 38 failed (gic_set_type+0x0/0x48)
[    0.061415] genirq: Setting trigger mode 1 for irq 39 failed (gic_set_type+0x0/0x48)
[    0.061652] genirq: Setting trigger mode 1 for irq 40 failed (gic_set_type+0x0/0x48)
[    0.061894] genirq: Setting trigger mode 1 for irq 41 failed (gic_set_type+0x0/0x48)
[    0.062144] genirq: Setting trigger mode 1 for irq 42 failed (gic_set_type+0x0/0x48)
[    0.062394] genirq: Setting trigger mode 1 for irq 43 failed (gic_set_type+0x0/0x48)
[    0.062650] genirq: Setting trigger mode 1 for irq 44 failed (gic_set_type+0x0/0x48)
[    0.062908] genirq: Setting trigger mode 1 for irq 45 failed (gic_set_type+0x0/0x48)
[    0.063374] genirq: Setting trigger mode 1 for irq 46 failed (gic_set_type+0x0/0x48)
[    0.063675] genirq: Setting trigger mode 1 for irq 47 failed (gic_set_type+0x0/0x48)
[    0.063946] genirq: Setting trigger mode 1 for irq 48 failed (gic_set_type+0x0/0x48)
[    0.064192] genirq: Setting trigger mode 1 for irq 49 failed (gic_set_type+0x0/0x48)
[    0.064432] genirq: Setting trigger mode 1 for irq 50 failed (gic_set_type+0x0/0x48)
[    0.064670] genirq: Setting trigger mode 1 for irq 51 failed (gic_set_type+0x0/0x48)
[    0.065079] genirq: Setting trigger mode 1 for irq 52 failed (gic_set_type+0x0/0x48)
[    0.068073] Serial: AMBA PL011 UART driver
[    0.069718] 9000000.pl011: ttyS0 at MMIO 0x9000000 (irq = 52, base_baud = 0) is a PL011 rev1
[    0.127371] console [ttyS0] enabled
[    0.146947] vgaarb: loaded
[    0.149080] SCSI subsystem initialized
[    0.150647] usbcore: registered new interface driver usbfs
[    0.151895] usbcore: registered new interface driver hub
[    0.153154] usbcore: registered new device driver usb
[    0.161620] cfg80211: Calling CRDA to update world regulatory domain
[    0.164708] Switched to clocksource arch_sys_counter
[    0.179687] NET: Registered protocol family 2
[    0.184821] TCP established hash table entries: 2048 (order: 1, 8192 bytes)
[    0.186233] TCP bind hash table entries: 2048 (order: 1, 8192 bytes)
[    0.187610] TCP: Hash tables configured (established 2048 bind 2048)
[    0.189180] UDP hash table entries: 256 (order: 0, 4096 bytes)
[    0.190371] UDP-Lite hash table entries: 256 (order: 0, 4096 bytes)
[    0.192625] NET: Registered protocol family 1
[    0.193840] PCI: CLS 0 bytes, default 64
[    0.200591] NetWinder Floating Point Emulator V0.97 (extended precision)
[    0.203857] futex hash table entries: 256 (order: -1, 3072 bytes)
[    0.209560] squashfs: version 4.0 (2009/01/31) Phillip Lougher
[    0.211805] jffs2: version 2.2. (NAND) Â© 2001-2006 Red Hat, Inc.
[    0.213612] romfs: ROMFS MTD (C) 2007 Red Hat, Inc.
[    0.221451] Block layer SCSI generic (bsg) driver version 0.4 loaded (major 253)
[    0.222983] io scheduler noop registered
[    0.223856] io scheduler cfq registered (default)
[    0.225509] firmadyne: devfs: 1, execute: 1, procfs: 1, syscall: 0
[    0.227733] ------------[ cut here ]------------
[    0.228648] WARNING: CPU: 0 PID: 1 at /home/vagrant/firmadyne-kernel/kernel-v4.1/fs/sysfs/dir.c:31 sysfs_warn_dup+0x50/0x6c()
[    0.230681] sysfs: cannot create duplicate filename '/class/gpio'
[    0.231800] Modules linked in:
[    0.232656] CPU: 0 PID: 1 Comm: swapper Not tainted 4.1.17+ #1
[    0.233707] Hardware name: Generic DT based system
[    0.235857] [<c001c99c>] (unwind_backtrace) from [<c0019d30>] (show_stack+0x10/0x14)
[    0.237408] [<c0019d30>] (show_stack) from [<c0024ab4>] (warn_slowpath_common+0x80/0xa8)
[    0.238893] [<c0024ab4>] (warn_slowpath_common) from [<c0024b08>] (warn_slowpath_fmt+0x2c/0x3c)
[    0.240557] [<c0024b08>] (warn_slowpath_fmt) from [<c00e363c>] (sysfs_warn_dup+0x50/0x6c)
[    0.242023] [<c00e363c>] (sysfs_warn_dup) from [<c00e3714>] (sysfs_create_dir_ns+0x74/0x84)
[    0.242868] [<c00e3714>] (sysfs_create_dir_ns) from [<c018e6ac>] (kobject_add_internal+0xb8/0x2ac)
[    0.243758] [<c018e6ac>] (kobject_add_internal) from [<c018e9a8>] (kset_register+0x1c/0x44)
[    0.244871] [<c018e9a8>] (kset_register) from [<c02090b4>] (__class_register+0xa8/0x198)
[    0.245840] [<c02090b4>] (__class_register) from [<c02091e4>] (__class_create+0x40/0x70)
[    0.246533] [<c02091e4>] (__class_create) from [<c01adf68>] (register_devfs_stubs+0x314/0xbb4)
[    0.247409] [<c01adf68>] (register_devfs_stubs) from [<c05d9b08>] (init_module+0x28/0xa4)
[    0.248222] [<c05d9b08>] (init_module) from [<c0009670>] (do_one_initcall+0x104/0x1b4)
[    0.249130] [<c0009670>] (do_one_initcall) from [<c05c7d08>] (kernel_init_freeable+0xf0/0x1b0)
[    0.250006] [<c05c7d08>] (kernel_init_freeable) from [<c040f28c>] (kernel_init+0x8/0xe4)
[    0.250594] [<c040f28c>] (kernel_init) from [<c0016da8>] (ret_from_fork+0x14/0x2c)
[    0.251321] ---[ end trace 5ef892ffb0dccf1b ]---
[    0.252223] ------------[ cut here ]------------
[    0.252781] WARNING: CPU: 0 PID: 1 at /home/vagrant/firmadyne-kernel/kernel-v4.1/lib/kobject.c:240 kobject_add_internal+0x240/0x2ac()
[    0.253799] kobject_add_internal failed for gpio with -EEXIST, don't try to register things with the same name in the same directory.
[    0.255002] Modules linked in:
[    0.255677] CPU: 0 PID: 1 Comm: swapper Tainted: G        W       4.1.17+ #1
[    0.256367] Hardware name: Generic DT based system
[    0.256924] [<c001c99c>] (unwind_backtrace) from [<c0019d30>] (show_stack+0x10/0x14)
[    0.257619] [<c0019d30>] (show_stack) from [<c0024ab4>] (warn_slowpath_common+0x80/0xa8)
[    0.258342] [<c0024ab4>] (warn_slowpath_common) from [<c0024b08>] (warn_slowpath_fmt+0x2c/0x3c)
[    0.259402] [<c0024b08>] (warn_slowpath_fmt) from [<c018e834>] (kobject_add_internal+0x240/0x2ac)
[    0.260207] [<c018e834>] (kobject_add_internal) from [<c018e9a8>] (kset_register+0x1c/0x44)
[    0.261014] [<c018e9a8>] (kset_register) from [<c02090b4>] (__class_register+0xa8/0x198)
[    0.261773] [<c02090b4>] (__class_register) from [<c02091e4>] (__class_create+0x40/0x70)
[    0.262475] [<c02091e4>] (__class_create) from [<c01adf68>] (register_devfs_stubs+0x314/0xbb4)
[    0.263375] [<c01adf68>] (register_devfs_stubs) from [<c05d9b08>] (init_module+0x28/0xa4)
[    0.264115] [<c05d9b08>] (init_module) from [<c0009670>] (do_one_initcall+0x104/0x1b4)
[    0.265167] [<c0009670>] (do_one_initcall) from [<c05c7d08>] (kernel_init_freeable+0xf0/0x1b0)
[    0.266019] [<c05c7d08>] (kernel_init_freeable) from [<c040f28c>] (kernel_init+0x8/0xe4)
[    0.266912] [<c040f28c>] (kernel_init) from [<c0016da8>] (ret_from_fork+0x14/0x2c)
[    0.267484] ---[ end trace 5ef892ffb0dccf1c ]---
[    0.268182] firmadyne: Cannot create device class: gpio!
[    0.270014] firmadyne: Cannot register character device: watchdog, 0xa, 0x82!
[    0.271376] firmadyne: Cannot register character device: wdt, 0xfd, 0x0!
[    0.366758] Non-volatile memory driver v1.3
[    0.386209] brd: module loaded
[    0.394750] loop: module loaded
[    0.403232]  vda: vda1
[    0.407779] [nandsim] warning: read_byte: unexpected data output cycle, state is STATE_READY return 0x0
[    0.409543] [nandsim] warning: read_byte: unexpected data output cycle, state is STATE_READY return 0x0
[    0.411229] [nandsim] warning: read_byte: unexpected data output cycle, state is STATE_READY return 0x0
[    0.412929] [nandsim] warning: read_byte: unexpected data output cycle, state is STATE_READY return 0x0
[    0.414833] [nandsim] warning: read_byte: unexpected data output cycle, state is STATE_READY return 0x0
[    0.416309] [nandsim] warning: read_byte: unexpected data output cycle, state is STATE_READY return 0x0
[    0.417259] nand: device found, Manufacturer ID: 0x98, Chip ID: 0x39
[    0.418472] nand: Toshiba NAND 128MiB 1,8V 8-bit
[    0.419138] nand: 128 MiB, SLC, erase size: 16 KiB, page size: 512, OOB size: 16
[    0.420560] flash size: 128 MiB
[    0.421172] page size: 512 bytes
[    0.421756] OOB area size: 16 bytes
[    0.422407] sector size: 16 KiB
[    0.422971] pages number: 262144
[    0.423556] pages per sector: 32
[    0.423874] bus width: 8
[    0.424037] bits in sector size: 14
[    0.424831] bits in page size: 9
[    0.425344] bits in OOB size: 4
[    0.425532] flash size with OOB: 135168 KiB
[    0.426009] page address bytes: 4
[    0.426415] sector address bytes: 3
[    0.426646] options: 0x42
[    0.430866] Scanning device for bad blocks
[    0.539284] Creating 11 MTD partitions on "NAND 128MiB 1,8V 8-bit":
[    0.540882] 0x000000000000-0x000000100000 : "NAND simulator partition 0"
[    0.545046] 0x000000100000-0x000000200000 : "NAND simulator partition 1"
[    0.547525] 0x000000200000-0x000000300000 : "NAND simulator partition 2"
[    0.549960] 0x000000300000-0x000000400000 : "NAND simulator partition 3"
[    0.552379] 0x000000400000-0x000000500000 : "NAND simulator partition 4"
[    0.554978] 0x000000500000-0x000000600000 : "NAND simulator partition 5"
[    0.557459] 0x000000600000-0x000000700000 : "NAND simulator partition 6"
[    0.559929] 0x000000700000-0x000000800000 : "NAND simulator partition 7"
[    0.562375] 0x000000800000-0x000000900000 : "NAND simulator partition 8"
[    0.565132] 0x000000900000-0x000000a00000 : "NAND simulator partition 9"
[    0.567585] 0x000000a00000-0x000008000000 : "NAND simulator partition 10"
[    0.572902] tun: Universal TUN/TAP device driver, 1.6
[    0.573882] tun: (C) 1999-2004 Max Krasnyansky <maxk@qualcomm.com>
[    0.587904] PPP generic driver version 2.4.2
[    0.589403] PPP BSD Compression module registered
[    0.590367] PPP Deflate Compression module registered
[    0.591387] PPP MPPE Compression module registered
[    0.592349] NET: Registered protocol family 24
[    0.593363] PPTP driver version 0.8.5
[    0.594923] usbcore: registered new interface driver usb-storage
[    0.597500] hidraw: raw HID events driver (C) Jiri Kosina
[    0.598934] usbcore: registered new interface driver usbhid
[    0.599982] usbhid: USB HID core driver
[    0.601100] Netfilter messages via NETLINK v0.30.
[    0.602483] nf_conntrack version 0.5.0 (3958 buckets, 15832 max)
[    0.604947] ctnetlink v0.93: registering with nfnetlink.
[    0.607169] ipip: IPv4 over IPv4 tunneling driver
[    0.609730] gre: GRE over IPv4 demultiplexor driver
[    0.610726] ip_gre: GRE over IPv4 tunneling driver
[    0.615715] ip_tables: (C) 2000-2006 Netfilter Core Team
[    0.618145] arp_tables: (C) 2002 David S. Miller
[    0.619982] Initializing XFRM netlink socket
[    0.621239] NET: Registered protocol family 10
[    0.627770] ip6_tables: (C) 2000-2006 Netfilter Core Team
[    0.630194] sit: IPv6 over IPv4 tunneling driver
[    0.634244] NET: Registered protocol family 17
[    0.635865] bridge: automatic filtering via arp/ip/ip6tables has been deprecated. Update your scripts to load br_netfilter if you need this.
[    0.638263] Bridge firewalling registered
[    0.639039] Ebtables v2.0 registered
[    0.640723] 8021q: 802.1Q VLAN Support v1.8
[    0.642062] Registering SWP/SWPB emulation handler
[    0.644934] hctosys: unable to open rtc device (rtc0)
[    0.661089] UDF-fs: warning (device vda1): udf_fill_super: No partition found (2)
[    0.677765] UDF-fs: warning (device vda1): udf_fill_super: No partition found (2)
[    0.679304] List of all partitions:
[    0.680120] 0100            8192 ram0  (driver?)
[    0.681021] 0101            8192 ram1  (driver?)
[    0.681880] 0102            8192 ram2  (driver?)
[    0.682735] 0103            8192 ram3  (driver?)
[    0.683611] 0104            8192 ram4  (driver?)
[    0.684751] 0105            8192 ram5  (driver?)
[    0.685617] 0106            8192 ram6  (driver?)
[    0.686436] 0107            8192 ram7  (driver?)
[    0.687295] 0108            8192 ram8  (driver?)
[    0.688154] 0109            8192 ram9  (driver?)
[    0.688820] 010a            8192 ram10  (driver?)
[    0.689366] 010b            8192 ram11  (driver?)
[    0.689632] 010c            8192 ram12  (driver?)
[    0.690244] 010d            8192 ram13  (driver?)
[    0.690670] 010e            8192 ram14  (driver?)
[    0.691122] 010f            8192 ram15  (driver?)
[    0.691661] fe00         1048576 vda  driver: virtio_blk
[    0.692197]   fe01         1047552 vda1 637d3892-01
[    0.692834] 1f00            1024 mtdblock0  (driver?)
[    0.693318] 1f01            1024 mtdblock1  (driver?)
[    0.693733] 1f02            1024 mtdblock2  (driver?)
[    0.694341] 1f03            1024 mtdblock3  (driver?)
[    0.695138] 1f04            1024 mtdblock4  (driver?)
[    0.695808] 1f05            1024 mtdblock5  (driver?)
[    0.696281] 1f06            1024 mtdblock6  (driver?)
[    0.696782] 1f07            1024 mtdblock7  (driver?)
[    0.697333] 1f08            1024 mtdblock8  (driver?)
[    0.697949] 1f09            1024 mtdblock9  (driver?)
[    0.698228] 1f0a          120832 mtdblock10  (driver?)
[    0.698931] No filesystem could mount root, tried:  ext3 ext2 ext4 cramfs squashfs vfat iso9660 romfs udf
[    0.700388] Kernel panic - not syncing: VFS: Unable to mount root fs on unknown-block(254,1)
[    0.701244] CPU: 0 PID: 1 Comm: swapper Tainted: G        W       4.1.17+ #1
[    0.702155] Hardware name: Generic DT based system
[    0.702532] [<c001c99c>] (unwind_backtrace) from [<c0019d30>] (show_stack+0x10/0x14)
[    0.703580] [<c0019d30>] (show_stack) from [<c0410b78>] (panic+0x70/0x1c8)
[    0.704581] [<c0410b78>] (panic) from [<c05c81bc>] (mount_block_root+0x268/0x2ac)
[    0.705237] [<c05c81bc>] (mount_block_root) from [<c05c84a4>] (prepare_namespace+0x158/0x1ac)
[    0.705955] [<c05c84a4>] (prepare_namespace) from [<c05c7d84>] (kernel_init_freeable+0x16c/0x1b0)
[    0.706766] [<c05c7d84>] (kernel_init_freeable) from [<c040f28c>] (kernel_init+0x8/0xe4)
[    0.707663] [<c040f28c>] (kernel_init) from [<c0016da8>] (ret_from_fork+0x14/0x2c)
[    0.708738] ---[ end Kernel panic - not syncing: VFS: Unable to mount root fs on unknown-block(254,1)
