[    0.000000] Booting Linux on physical CPU 0x0
[    0.000000] Linux version 4.1.17+ (vagrant@vagrant-ubuntu-trusty-64) (gcc version 5.3.0 (GCC) ) #1 Thu Feb 18 01:05:21 UTC 2016
[    0.000000] CPU: ARMv7 Processor [412fc0f1] revision 1 (ARMv7), cr=10c5387d
[    0.000000] CPU: PIPT / VIPT nonaliasing data cache, PIPT instruction cache
[    0.000000] Machine model: linux,dummy-virt
[    0.000000] debug: ignoring loglevel setting.
[    0.000000] Memory policy: Data cache writeback
[    0.000000] On node 0 totalpages: 65536
[    0.000000] free_area_init_node: node 0, pgdat c061dfe8, node_mem_map cfdf9000
[    0.000000]   Normal zone: 512 pages used for memmap
[    0.000000]   Normal zone: 0 pages reserved
[    0.000000]   Normal zone: 65536 pages, LIFO batch:15
[    0.000000] CPU: All CPU(s) started in SVC mode.
[    0.000000] pcpu-alloc: s0 r0 d32768 u32768 alloc=1*32768
[    0.000000] pcpu-alloc: [0] 0 
[    0.000000] Built 1 zonelists in Zone order, mobility grouping on.  Total pages: 65024
[    0.000000] Kernel command line: root=/dev/vda1 console=ttyS0 nandsim.parts=64,64,64,64,64,64,64,64,64,64 rdinit=/firmadyne/preInit.sh rw debug ignore_loglevel print-fatal-signals=1 user_debug=31 firmadyne.syscall=0
[    0.000000] PID hash table entries: 1024 (order: 0, 4096 bytes)
[    0.000000] Dentry cache hash table entries: 32768 (order: 5, 131072 bytes)
[    0.000000] Inode-cache hash table entries: 16384 (order: 4, 65536 bytes)
[    0.000000] Memory: 253344K/262144K available (4297K kernel code, 170K rwdata, 1584K rodata, 180K init, 148K bss, 8800K reserved, 0K cma-reserved)
[    0.000000] Virtual kernel memory layout:
[    0.000000]     vector  : 0xffff0000 - 0xffff1000   (   4 kB)
[    0.000000]     fixmap  : 0xffc00000 - 0xfff00000   (3072 kB)
[    0.000000]     vmalloc : 0xd0800000 - 0xff000000   ( 744 MB)
[    0.000000]     lowmem  : 0xc0000000 - 0xd0000000   ( 256 MB)
[    0.000000]     modules : 0xbf000000 - 0xc0000000   (  16 MB)
[    0.000000]       .text : 0xc0008000 - 0xc05c67bc   (5882 kB)
[    0.000000]       .init : 0xc05c7000 - 0xc05f4000   ( 180 kB)
[    0.000000]       .data : 0xc05f4000 - 0xc061e840   ( 171 kB)
[    0.000000]        .bss : 0xc0621000 - 0xc06462d4   ( 149 kB)
[    0.000000] NR_IRQS:16 nr_irqs:16 16
[    0.000000] Architected cp15 timer(s) running at 62.50MHz (virt).
[    0.000000] clocksource arch_sys_counter: mask: 0xffffffffffffff max_cycles: 0x1cd42e208c, max_idle_ns: 881590405314 ns
[    0.000116] sched_clock: 56 bits at 62MHz, resolution 16ns, wraps every 4398046511096ns
[    0.000210] Switching to timer-based delay loop, resolution 16ns
[    0.002646] Console: colour dummy device 80x30
[    0.002952] Calibrating delay loop (skipped), value calculated using timer frequency.. 125.00 BogoMIPS (lpj=625000)
[    0.003057] pid_max: default: 32768 minimum: 301
[    0.003740] Mount-cache hash table entries: 1024 (order: 0, 4096 bytes)
[    0.003767] Mountpoint-cache hash table entries: 1024 (order: 0, 4096 bytes)
[    0.011179] CPU: Testing write buffer coherency: ok
[    0.015736] Setting up static identity map for 0x40008240 - 0x40008298
[    0.026749] VFP support v0.3: implementor 41 architecture 4 part 30 variant f rev 0
[    0.036048] clocksource jiffies: mask: 0xffffffff max_cycles: 0xffffffff, max_idle_ns: 19112604462750000 ns
[    0.042742] NET: Registered protocol family 16
[    0.045113] DMA: preallocated 256 KiB pool for atomic coherent allocations
[    0.048145] cpuidle: using governor ladder
[    0.048253] cpuidle: using governor menu
[    0.050982] genirq: Setting trigger mode 1 for irq 20 failed (gic_set_type+0x0/0x48)
[    0.052231] genirq: Setting trigger mode 1 for irq 21 failed (gic_set_type+0x0/0x48)
[    0.052452] genirq: Setting trigger mode 1 for irq 22 failed (gic_set_type+0x0/0x48)
[    0.052672] genirq: Setting trigger mode 1 for irq 23 failed (gic_set_type+0x0/0x48)
[    0.052895] genirq: Setting trigger mode 1 for irq 24 failed (gic_set_type+0x0/0x48)
[    0.053336] genirq: Setting trigger mode 1 for irq 25 failed (gic_set_type+0x0/0x48)
[    0.053629] genirq: Setting trigger mode 1 for irq 26 failed (gic_set_type+0x0/0x48)
[    0.053870] genirq: Setting trigger mode 1 for irq 27 failed (gic_set_type+0x0/0x48)
[    0.054209] genirq: Setting trigger mode 1 for irq 28 failed (gic_set_type+0x0/0x48)
[    0.054457] genirq: Setting trigger mode 1 for irq 29 failed (gic_set_type+0x0/0x48)
[    0.054703] genirq: Setting trigger mode 1 for irq 30 failed (gic_set_type+0x0/0x48)
[    0.054972] genirq: Setting trigger mode 1 for irq 31 failed (gic_set_type+0x0/0x48)
[    0.055177] genirq: Setting trigger mode 1 for irq 32 failed (gic_set_type+0x0/0x48)
[    0.055382] genirq: Setting trigger mode 1 for irq 33 failed (gic_set_type+0x0/0x48)
[    0.055598] genirq: Setting trigger mode 1 for irq 34 failed (gic_set_type+0x0/0x48)
[    0.055813] genirq: Setting trigger mode 1 for irq 35 failed (gic_set_type+0x0/0x48)
[    0.056018] genirq: Setting trigger mode 1 for irq 36 failed (gic_set_type+0x0/0x48)
[    0.056223] genirq: Setting trigger mode 1 for irq 37 failed (gic_set_type+0x0/0x48)
[    0.056465] genirq: Setting trigger mode 1 for irq 38 failed (gic_set_type+0x0/0x48)
[    0.056677] genirq: Setting trigger mode 1 for irq 39 failed (gic_set_type+0x0/0x48)
[    0.056879] genirq: Setting trigger mode 1 for irq 40 failed (gic_set_type+0x0/0x48)
[    0.057085] genirq: Setting trigger mode 1 for irq 41 failed (gic_set_type+0x0/0x48)
[    0.057297] genirq: Setting trigger mode 1 for irq 42 failed (gic_set_type+0x0/0x48)
[    0.057622] genirq: Setting trigger mode 1 for irq 43 failed (gic_set_type+0x0/0x48)
[    0.057884] genirq: Setting trigger mode 1 for irq 44 failed (gic_set_type+0x0/0x48)
[    0.058140] genirq: Setting trigger mode 1 for irq 45 failed (gic_set_type+0x0/0x48)
[    0.058380] genirq: Setting trigger mode 1 for irq 46 failed (gic_set_type+0x0/0x48)
[    0.058662] genirq: Setting trigger mode 1 for irq 47 failed (gic_set_type+0x0/0x48)
[    0.058949] genirq: Setting trigger mode 1 for irq 48 failed (gic_set_type+0x0/0x48)
[    0.059162] genirq: Setting trigger mode 1 for irq 49 failed (gic_set_type+0x0/0x48)
[    0.059366] genirq: Setting trigger mode 1 for irq 50 failed (gic_set_type+0x0/0x48)
[    0.059567] genirq: Setting trigger mode 1 for irq 51 failed (gic_set_type+0x0/0x48)
[    0.059923] genirq: Setting trigger mode 1 for irq 52 failed (gic_set_type+0x0/0x48)
[    0.062732] Serial: AMBA PL011 UART driver
[    0.064518] 9000000.pl011: ttyS0 at MMIO 0x9000000 (irq = 52, base_baud = 0) is a PL011 rev1
[    0.120851] console [ttyS0] enabled
[    0.140607] vgaarb: loaded
[    0.142412] SCSI subsystem initialized
[    0.144010] usbcore: registered new interface driver usbfs
[    0.145270] usbcore: registered new interface driver hub
[    0.146535] usbcore: registered new device driver usb
[    0.155067] cfg80211: Calling CRDA to update world regulatory domain
[    0.158236] Switched to clocksource arch_sys_counter
[    0.173451] NET: Registered protocol family 2
[    0.178735] TCP established hash table entries: 2048 (order: 1, 8192 bytes)
[    0.180202] TCP bind hash table entries: 2048 (order: 1, 8192 bytes)
[    0.181605] TCP: Hash tables configured (established 2048 bind 2048)
[    0.183248] UDP hash table entries: 256 (order: 0, 4096 bytes)
[    0.184467] UDP-Lite hash table entries: 256 (order: 0, 4096 bytes)
[    0.186869] NET: Registered protocol family 1
[    0.188365] PCI: CLS 0 bytes, default 64
[    0.194948] NetWinder Floating Point Emulator V0.97 (extended precision)
[    0.198576] futex hash table entries: 256 (order: -1, 3072 bytes)
[    0.204188] squashfs: version 4.0 (2009/01/31) Phillip Lougher
[    0.206494] jffs2: version 2.2. (NAND) Â© 2001-2006 Red Hat, Inc.
[    0.208600] romfs: ROMFS MTD (C) 2007 Red Hat, Inc.
[    0.216358] Block layer SCSI generic (bsg) driver version 0.4 loaded (major 253)
[    0.218329] io scheduler noop registered
[    0.219288] io scheduler cfq registered (default)
[    0.220729] firmadyne: devfs: 1, execute: 1, procfs: 1, syscall: 0
[    0.223014] ------------[ cut here ]------------
[    0.223946] WARNING: CPU: 0 PID: 1 at /home/vagrant/firmadyne-kernel/kernel-v4.1/fs/sysfs/dir.c:31 sysfs_warn_dup+0x50/0x6c()
[    0.226045] sysfs: cannot create duplicate filename '/class/gpio'
[    0.227240] Modules linked in:
[    0.228359] CPU: 0 PID: 1 Comm: swapper Not tainted 4.1.17+ #1
[    0.229503] Hardware name: Generic DT based system
[    0.230978] [<c001c99c>] (unwind_backtrace) from [<c0019d30>] (show_stack+0x10/0x14)
[    0.232553] [<c0019d30>] (show_stack) from [<c0024ab4>] (warn_slowpath_common+0x80/0xa8)
[    0.234114] [<c0024ab4>] (warn_slowpath_common) from [<c0024b08>] (warn_slowpath_fmt+0x2c/0x3c)
[    0.235803] [<c0024b08>] (warn_slowpath_fmt) from [<c00e363c>] (sysfs_warn_dup+0x50/0x6c)
[    0.237334] [<c00e363c>] (sysfs_warn_dup) from [<c00e3714>] (sysfs_create_dir_ns+0x74/0x84)
[    0.238730] [<c00e3714>] (sysfs_create_dir_ns) from [<c018e6ac>] (kobject_add_internal+0xb8/0x2ac)
[    0.239804] [<c018e6ac>] (kobject_add_internal) from [<c018e9a8>] (kset_register+0x1c/0x44)
[    0.240597] [<c018e9a8>] (kset_register) from [<c02090b4>] (__class_register+0xa8/0x198)
[    0.241327] [<c02090b4>] (__class_register) from [<c02091e4>] (__class_create+0x40/0x70)
[    0.242065] [<c02091e4>] (__class_create) from [<c01adf68>] (register_devfs_stubs+0x314/0xbb4)
[    0.242949] [<c01adf68>] (register_devfs_stubs) from [<c05d9b08>] (init_module+0x28/0xa4)
[    0.243768] [<c05d9b08>] (init_module) from [<c0009670>] (do_one_initcall+0x104/0x1b4)
[    0.244476] [<c0009670>] (do_one_initcall) from [<c05c7d08>] (kernel_init_freeable+0xf0/0x1b0)
[    0.245474] [<c05c7d08>] (kernel_init_freeable) from [<c040f28c>] (kernel_init+0x8/0xe4)
[    0.246175] [<c040f28c>] (kernel_init) from [<c0016da8>] (ret_from_fork+0x14/0x2c)
[    0.247072] ---[ end trace b701a0495f2af76f ]---
[    0.247872] ------------[ cut here ]------------
[    0.248812] WARNING: CPU: 0 PID: 1 at /home/vagrant/firmadyne-kernel/kernel-v4.1/lib/kobject.c:240 kobject_add_internal+0x240/0x2ac()
[    0.249955] kobject_add_internal failed for gpio with -EEXIST, don't try to register things with the same name in the same directory.
[    0.250997] Modules linked in:
[    0.251516] CPU: 0 PID: 1 Comm: swapper Tainted: G        W       4.1.17+ #1
[    0.252378] Hardware name: Generic DT based system
[    0.252868] [<c001c99c>] (unwind_backtrace) from [<c0019d30>] (show_stack+0x10/0x14)
[    0.253628] [<c0019d30>] (show_stack) from [<c0024ab4>] (warn_slowpath_common+0x80/0xa8)
[    0.254306] [<c0024ab4>] (warn_slowpath_common) from [<c0024b08>] (warn_slowpath_fmt+0x2c/0x3c)
[    0.255206] [<c0024b08>] (warn_slowpath_fmt) from [<c018e834>] (kobject_add_internal+0x240/0x2ac)
[    0.256115] [<c018e834>] (kobject_add_internal) from [<c018e9a8>] (kset_register+0x1c/0x44)
[    0.256791] [<c018e9a8>] (kset_register) from [<c02090b4>] (__class_register+0xa8/0x198)
[    0.257688] [<c02090b4>] (__class_register) from [<c02091e4>] (__class_create+0x40/0x70)
[    0.258665] [<c02091e4>] (__class_create) from [<c01adf68>] (register_devfs_stubs+0x314/0xbb4)
[    0.259742] [<c01adf68>] (register_devfs_stubs) from [<c05d9b08>] (init_module+0x28/0xa4)
[    0.260433] [<c05d9b08>] (init_module) from [<c0009670>] (do_one_initcall+0x104/0x1b4)
[    0.261193] [<c0009670>] (do_one_initcall) from [<c05c7d08>] (kernel_init_freeable+0xf0/0x1b0)
[    0.262138] [<c05c7d08>] (kernel_init_freeable) from [<c040f28c>] (kernel_init+0x8/0xe4)
[    0.263047] [<c040f28c>] (kernel_init) from [<c0016da8>] (ret_from_fork+0x14/0x2c)
[    0.263640] ---[ end trace b701a0495f2af770 ]---
[    0.264329] firmadyne: Cannot create device class: gpio!
[    0.266162] firmadyne: Cannot register character device: watchdog, 0xa, 0x82!
[    0.267574] firmadyne: Cannot register character device: wdt, 0xfd, 0x0!
[    0.360281] Non-volatile memory driver v1.3
[    0.381801] brd: module loaded
[    0.391058] loop: module loaded
[    0.400856]  vda: vda1
[    0.405292] [nandsim] warning: read_byte: unexpected data output cycle, state is STATE_READY return 0x0
[    0.407149] [nandsim] warning: read_byte: unexpected data output cycle, state is STATE_READY return 0x0
[    0.409163] [nandsim] warning: read_byte: unexpected data output cycle, state is STATE_READY return 0x0
[    0.410958] [nandsim] warning: read_byte: unexpected data output cycle, state is STATE_READY return 0x0
[    0.412650] [nandsim] warning: read_byte: unexpected data output cycle, state is STATE_READY return 0x0
[    0.414360] [nandsim] warning: read_byte: unexpected data output cycle, state is STATE_READY return 0x0
[    0.415348] nand: device found, Manufacturer ID: 0x98, Chip ID: 0x39
[    0.416559] nand: Toshiba NAND 128MiB 1,8V 8-bit
[    0.416962] nand: 128 MiB, SLC, erase size: 16 KiB, page size: 512, OOB size: 16
[    0.418686] flash size: 128 MiB
[    0.419342] page size: 512 bytes
[    0.419939] OOB area size: 16 bytes
[    0.420637] sector size: 16 KiB
[    0.421220] pages number: 262144
[    0.421864] pages per sector: 32
[    0.422456] bus width: 8
[    0.422777] bits in sector size: 14
[    0.423123] bits in page size: 9
[    0.423507] bits in OOB size: 4
[    0.423815] flash size with OOB: 135168 KiB
[    0.424327] page address bytes: 4
[    0.424624] sector address bytes: 3
[    0.424926] options: 0x42
[    0.429701] Scanning device for bad blocks
[    0.539385] Creating 11 MTD partitions on "NAND 128MiB 1,8V 8-bit":
[    0.541004] 0x000000000000-0x000000100000 : "NAND simulator partition 0"
[    0.545030] 0x000000100000-0x000000200000 : "NAND simulator partition 1"
[    0.547583] 0x000000200000-0x000000300000 : "NAND simulator partition 2"
[    0.550343] 0x000000300000-0x000000400000 : "NAND simulator partition 3"
[    0.552862] 0x000000400000-0x000000500000 : "NAND simulator partition 4"
[    0.555346] 0x000000500000-0x000000600000 : "NAND simulator partition 5"
[    0.557845] 0x000000600000-0x000000700000 : "NAND simulator partition 6"
[    0.560645] 0x000000700000-0x000000800000 : "NAND simulator partition 7"
[    0.563252] 0x000000800000-0x000000900000 : "NAND simulator partition 8"
[    0.565874] 0x000000900000-0x000000a00000 : "NAND simulator partition 9"
[    0.568629] 0x000000a00000-0x000008000000 : "NAND simulator partition 10"
[    0.574130] tun: Universal TUN/TAP device driver, 1.6
[    0.575161] tun: (C) 1999-2004 Max Krasnyansky <maxk@qualcomm.com>
[    0.592519] PPP generic driver version 2.4.2
[    0.593974] PPP BSD Compression module registered
[    0.594991] PPP Deflate Compression module registered
[    0.595880] PPP MPPE Compression module registered
[    0.596649] NET: Registered protocol family 24
[    0.597662] PPTP driver version 0.8.5
[    0.599528] usbcore: registered new interface driver usb-storage
[    0.602298] hidraw: raw HID events driver (C) Jiri Kosina
[    0.603791] usbcore: registered new interface driver usbhid
[    0.604844] usbhid: USB HID core driver
[    0.606023] Netfilter messages via NETLINK v0.30.
[    0.607489] nf_conntrack version 0.5.0 (3958 buckets, 15832 max)
[    0.610113] ctnetlink v0.93: registering with nfnetlink.
[    0.612446] ipip: IPv4 over IPv4 tunneling driver
[    0.615122] gre: GRE over IPv4 demultiplexor driver
[    0.615966] ip_gre: GRE over IPv4 tunneling driver
[    0.620638] ip_tables: (C) 2000-2006 Netfilter Core Team
[    0.623059] arp_tables: (C) 2002 David S. Miller
[    0.624631] Initializing XFRM netlink socket
[    0.625794] NET: Registered protocol family 10
[    0.632386] ip6_tables: (C) 2000-2006 Netfilter Core Team
[    0.634954] sit: IPv6 over IPv4 tunneling driver
[    0.639280] NET: Registered protocol family 17
[    0.640733] bridge: automatic filtering via arp/ip/ip6tables has been deprecated. Update your scripts to load br_netfilter if you need this.
[    0.643249] Bridge firewalling registered
[    0.644088] Ebtables v2.0 registered
[    0.645844] 8021q: 802.1Q VLAN Support v1.8
[    0.647268] Registering SWP/SWPB emulation handler
[    0.650299] hctosys: unable to open rtc device (rtc0)
[    0.667148] UDF-fs: warning (device vda1): udf_fill_super: No partition found (2)
[    0.684567] UDF-fs: warning (device vda1): udf_fill_super: No partition found (2)
[    0.686187] List of all partitions:
[    0.687083] 0100            8192 ram0  (driver?)
[    0.688317] 0101            8192 ram1  (driver?)
[    0.689193] 0102            8192 ram2  (driver?)
[    0.690086] 0103            8192 ram3  (driver?)
[    0.690987] 0104            8192 ram4  (driver?)
[    0.691861] 0105            8192 ram5  (driver?)
[    0.692735] 0106            8192 ram6  (driver?)
[    0.693654] 0107            8192 ram7  (driver?)
[    0.694530] 0108            8192 ram8  (driver?)
[    0.695424] 0109            8192 ram9  (driver?)
[    0.696303] 010a            8192 ram10  (driver?)
[    0.696998] 010b            8192 ram11  (driver?)
[    0.697611] 010c            8192 ram12  (driver?)
[    0.698481] 010d            8192 ram13  (driver?)
[    0.698996] 010e            8192 ram14  (driver?)
[    0.699570] 010f            8192 ram15  (driver?)
[    0.699815] fe00         1048576 vda  driver: virtio_blk
[    0.700704]   fe01         1047552 vda1 97a2617d-01
[    0.701208] 1f00            1024 mtdblock0  (driver?)
[    0.701677] 1f01            1024 mtdblock1  (driver?)
[    0.702286] 1f02            1024 mtdblock2  (driver?)
[    0.702901] 1f03            1024 mtdblock3  (driver?)
[    0.703371] 1f04            1024 mtdblock4  (driver?)
[    0.704023] 1f05            1024 mtdblock5  (driver?)
[    0.704511] 1f06            1024 mtdblock6  (driver?)
[    0.704910] 1f07            1024 mtdblock7  (driver?)
[    0.705455] 1f08            1024 mtdblock8  (driver?)
[    0.705955] 1f09            1024 mtdblock9  (driver?)
[    0.706630] 1f0a          120832 mtdblock10  (driver?)
[    0.707336] No filesystem could mount root, tried:  ext3 ext2 ext4 cramfs squashfs vfat iso9660 romfs udf
[    0.709473] Kernel panic - not syncing: VFS: Unable to mount root fs on unknown-block(254,1)
[    0.710588] CPU: 0 PID: 1 Comm: swapper Tainted: G        W       4.1.17+ #1
[    0.711076] Hardware name: Generic DT based system
[    0.711813] [<c001c99c>] (unwind_backtrace) from [<c0019d30>] (show_stack+0x10/0x14)
[    0.712618] [<c0019d30>] (show_stack) from [<c0410b78>] (panic+0x70/0x1c8)
[    0.713323] [<c0410b78>] (panic) from [<c05c81bc>] (mount_block_root+0x268/0x2ac)
[    0.714013] [<c05c81bc>] (mount_block_root) from [<c05c84a4>] (prepare_namespace+0x158/0x1ac)
[    0.714926] [<c05c84a4>] (prepare_namespace) from [<c05c7d84>] (kernel_init_freeable+0x16c/0x1b0)
[    0.715919] [<c05c7d84>] (kernel_init_freeable) from [<c040f28c>] (kernel_init+0x8/0xe4)
[    0.716551] [<c040f28c>] (kernel_init) from [<c0016da8>] (ret_from_fork+0x14/0x2c)
[    0.717648] ---[ end Kernel panic - not syncing: VFS: Unable to mount root fs on unknown-block(254,1)
