[    0.000000] Booting Linux on physical CPU 0x0
[    0.000000] Linux version 4.1.17+ (vagrant@vagrant-ubuntu-trusty-64) (gcc version 5.3.0 (GCC) ) #1 Thu Feb 18 01:05:21 UTC 2016
[    0.000000] CPU: ARMv7 Processor [412fc0f1] revision 1 (ARMv7), cr=10c5387d
[    0.000000] CPU: PIPT / VIPT nonaliasing data cache, PIPT instruction cache
[    0.000000] Machine model: linux,dummy-virt
[    0.000000] debug: ignoring loglevel setting.
[    0.000000] Memory policy: Data cache writeback
[    0.000000] On node 0 totalpages: 65536
[    0.000000] free_area_init_node: node 0, pgdat c061dfe8, node_mem_map cfdf9000
[    0.000000]   Normal zone: 512 pages used for memmap
[    0.000000]   Normal zone: 0 pages reserved
[    0.000000]   Normal zone: 65536 pages, LIFO batch:15
[    0.000000] CPU: All CPU(s) started in SVC mode.
[    0.000000] pcpu-alloc: s0 r0 d32768 u32768 alloc=1*32768
[    0.000000] pcpu-alloc: [0] 0 
[    0.000000] Built 1 zonelists in Zone order, mobility grouping on.  Total pages: 65024
[    0.000000] Kernel command line: root=/dev/vda1 console=ttyS0 nandsim.parts=64,64,64,64,64,64,64,64,64,64 rdinit=/firmadyne/preInit.sh rw debug ignore_loglevel print-fatal-signals=1 user_debug=31 firmadyne.syscall=0
[    0.000000] PID hash table entries: 1024 (order: 0, 4096 bytes)
[    0.000000] Dentry cache hash table entries: 32768 (order: 5, 131072 bytes)
[    0.000000] Inode-cache hash table entries: 16384 (order: 4, 65536 bytes)
[    0.000000] Memory: 253344K/262144K available (4297K kernel code, 170K rwdata, 1584K rodata, 180K init, 148K bss, 8800K reserved, 0K cma-reserved)
[    0.000000] Virtual kernel memory layout:
[    0.000000]     vector  : 0xffff0000 - 0xffff1000   (   4 kB)
[    0.000000]     fixmap  : 0xffc00000 - 0xfff00000   (3072 kB)
[    0.000000]     vmalloc : 0xd0800000 - 0xff000000   ( 744 MB)
[    0.000000]     lowmem  : 0xc0000000 - 0xd0000000   ( 256 MB)
[    0.000000]     modules : 0xbf000000 - 0xc0000000   (  16 MB)
[    0.000000]       .text : 0xc0008000 - 0xc05c67bc   (5882 kB)
[    0.000000]       .init : 0xc05c7000 - 0xc05f4000   ( 180 kB)
[    0.000000]       .data : 0xc05f4000 - 0xc061e840   ( 171 kB)
[    0.000000]        .bss : 0xc0621000 - 0xc06462d4   ( 149 kB)
[    0.000000] NR_IRQS:16 nr_irqs:16 16
[    0.000000] Architected cp15 timer(s) running at 62.50MHz (virt).
[    0.000000] clocksource arch_sys_counter: mask: 0xffffffffffffff max_cycles: 0x1cd42e208c, max_idle_ns: 881590405314 ns
[    0.000127] sched_clock: 56 bits at 62MHz, resolution 16ns, wraps every 4398046511096ns
[    0.000227] Switching to timer-based delay loop, resolution 16ns
[    0.002706] Console: colour dummy device 80x30
[    0.002964] Calibrating delay loop (skipped), value calculated using timer frequency.. 125.00 BogoMIPS (lpj=625000)
[    0.003063] pid_max: default: 32768 minimum: 301
[    0.003796] Mount-cache hash table entries: 1024 (order: 0, 4096 bytes)
[    0.003826] Mountpoint-cache hash table entries: 1024 (order: 0, 4096 bytes)
[    0.011196] CPU: Testing write buffer coherency: ok
[    0.016111] Setting up static identity map for 0x40008240 - 0x40008298
[    0.028042] VFP support v0.3: implementor 41 architecture 4 part 30 variant f rev 0
[    0.037948] clocksource jiffies: mask: 0xffffffff max_cycles: 0xffffffff, max_idle_ns: 19112604462750000 ns
[    0.046719] NET: Registered protocol family 16
[    0.049214] DMA: preallocated 256 KiB pool for atomic coherent allocations
[    0.052362] cpuidle: using governor ladder
[    0.052484] cpuidle: using governor menu
[    0.055541] genirq: Setting trigger mode 1 for irq 20 failed (gic_set_type+0x0/0x48)
[    0.057273] genirq: Setting trigger mode 1 for irq 21 failed (gic_set_type+0x0/0x48)
[    0.057530] genirq: Setting trigger mode 1 for irq 22 failed (gic_set_type+0x0/0x48)
[    0.057785] genirq: Setting trigger mode 1 for irq 23 failed (gic_set_type+0x0/0x48)
[    0.058043] genirq: Setting trigger mode 1 for irq 24 failed (gic_set_type+0x0/0x48)
[    0.058287] genirq: Setting trigger mode 1 for irq 25 failed (gic_set_type+0x0/0x48)
[    0.058537] genirq: Setting trigger mode 1 for irq 26 failed (gic_set_type+0x0/0x48)
[    0.058778] genirq: Setting trigger mode 1 for irq 27 failed (gic_set_type+0x0/0x48)
[    0.059108] genirq: Setting trigger mode 1 for irq 28 failed (gic_set_type+0x0/0x48)
[    0.059356] genirq: Setting trigger mode 1 for irq 29 failed (gic_set_type+0x0/0x48)
[    0.059585] genirq: Setting trigger mode 1 for irq 30 failed (gic_set_type+0x0/0x48)
[    0.059829] genirq: Setting trigger mode 1 for irq 31 failed (gic_set_type+0x0/0x48)
[    0.060058] genirq: Setting trigger mode 1 for irq 32 failed (gic_set_type+0x0/0x48)
[    0.060293] genirq: Setting trigger mode 1 for irq 33 failed (gic_set_type+0x0/0x48)
[    0.060518] genirq: Setting trigger mode 1 for irq 34 failed (gic_set_type+0x0/0x48)
[    0.060753] genirq: Setting trigger mode 1 for irq 35 failed (gic_set_type+0x0/0x48)
[    0.060989] genirq: Setting trigger mode 1 for irq 36 failed (gic_set_type+0x0/0x48)
[    0.061225] genirq: Setting trigger mode 1 for irq 37 failed (gic_set_type+0x0/0x48)
[    0.061498] genirq: Setting trigger mode 1 for irq 38 failed (gic_set_type+0x0/0x48)
[    0.061743] genirq: Setting trigger mode 1 for irq 39 failed (gic_set_type+0x0/0x48)
[    0.061977] genirq: Setting trigger mode 1 for irq 40 failed (gic_set_type+0x0/0x48)
[    0.062216] genirq: Setting trigger mode 1 for irq 41 failed (gic_set_type+0x0/0x48)
[    0.062461] genirq: Setting trigger mode 1 for irq 42 failed (gic_set_type+0x0/0x48)
[    0.062730] genirq: Setting trigger mode 1 for irq 43 failed (gic_set_type+0x0/0x48)
[    0.063171] genirq: Setting trigger mode 1 for irq 44 failed (gic_set_type+0x0/0x48)
[    0.063455] genirq: Setting trigger mode 1 for irq 45 failed (gic_set_type+0x0/0x48)
[    0.063701] genirq: Setting trigger mode 1 for irq 46 failed (gic_set_type+0x0/0x48)
[    0.063984] genirq: Setting trigger mode 1 for irq 47 failed (gic_set_type+0x0/0x48)
[    0.064235] genirq: Setting trigger mode 1 for irq 48 failed (gic_set_type+0x0/0x48)
[    0.064476] genirq: Setting trigger mode 1 for irq 49 failed (gic_set_type+0x0/0x48)
[    0.064710] genirq: Setting trigger mode 1 for irq 50 failed (gic_set_type+0x0/0x48)
[    0.065081] genirq: Setting trigger mode 1 for irq 51 failed (gic_set_type+0x0/0x48)
[    0.065506] genirq: Setting trigger mode 1 for irq 52 failed (gic_set_type+0x0/0x48)
[    0.068476] Serial: AMBA PL011 UART driver
[    0.070119] 9000000.pl011: ttyS0 at MMIO 0x9000000 (irq = 52, base_baud = 0) is a PL011 rev1
[    0.125256] console [ttyS0] enabled
[    0.144315] vgaarb: loaded
[    0.146070] SCSI subsystem initialized
[    0.147612] usbcore: registered new interface driver usbfs
[    0.149096] usbcore: registered new interface driver hub
[    0.150276] usbcore: registered new device driver usb
[    0.158253] cfg80211: Calling CRDA to update world regulatory domain
[    0.161564] Switched to clocksource arch_sys_counter
[    0.176728] NET: Registered protocol family 2
[    0.181707] TCP established hash table entries: 2048 (order: 1, 8192 bytes)
[    0.183118] TCP bind hash table entries: 2048 (order: 1, 8192 bytes)
[    0.184476] TCP: Hash tables configured (established 2048 bind 2048)
[    0.186028] UDP hash table entries: 256 (order: 0, 4096 bytes)
[    0.187223] UDP-Lite hash table entries: 256 (order: 0, 4096 bytes)
[    0.189440] NET: Registered protocol family 1
[    0.190677] PCI: CLS 0 bytes, default 64
[    0.198074] NetWinder Floating Point Emulator V0.97 (extended precision)
[    0.201398] futex hash table entries: 256 (order: -1, 3072 bytes)
[    0.206861] squashfs: version 4.0 (2009/01/31) Phillip Lougher
[    0.209082] jffs2: version 2.2. (NAND) Â© 2001-2006 Red Hat, Inc.
[    0.210828] romfs: ROMFS MTD (C) 2007 Red Hat, Inc.
[    0.218564] Block layer SCSI generic (bsg) driver version 0.4 loaded (major 253)
[    0.220086] io scheduler noop registered
[    0.220922] io scheduler cfq registered (default)
[    0.222588] firmadyne: devfs: 1, execute: 1, procfs: 1, syscall: 0
[    0.224756] ------------[ cut here ]------------
[    0.225649] WARNING: CPU: 0 PID: 1 at /home/vagrant/firmadyne-kernel/kernel-v4.1/fs/sysfs/dir.c:31 sysfs_warn_dup+0x50/0x6c()
[    0.227682] sysfs: cannot create duplicate filename '/class/gpio'
[    0.228809] Modules linked in:
[    0.229647] CPU: 0 PID: 1 Comm: swapper Not tainted 4.1.17+ #1
[    0.230702] Hardware name: Generic DT based system
[    0.232378] [<c001c99c>] (unwind_backtrace) from [<c0019d30>] (show_stack+0x10/0x14)
[    0.233912] [<c0019d30>] (show_stack) from [<c0024ab4>] (warn_slowpath_common+0x80/0xa8)
[    0.235390] [<c0024ab4>] (warn_slowpath_common) from [<c0024b08>] (warn_slowpath_fmt+0x2c/0x3c)
[    0.237004] [<c0024b08>] (warn_slowpath_fmt) from [<c00e363c>] (sysfs_warn_dup+0x50/0x6c)
[    0.238493] [<c00e363c>] (sysfs_warn_dup) from [<c00e3714>] (sysfs_create_dir_ns+0x74/0x84)
[    0.239280] [<c00e3714>] (sysfs_create_dir_ns) from [<c018e6ac>] (kobject_add_internal+0xb8/0x2ac)
[    0.239970] [<c018e6ac>] (kobject_add_internal) from [<c018e9a8>] (kset_register+0x1c/0x44)
[    0.240796] [<c018e9a8>] (kset_register) from [<c02090b4>] (__class_register+0xa8/0x198)
[    0.241809] [<c02090b4>] (__class_register) from [<c02091e4>] (__class_create+0x40/0x70)
[    0.242588] [<c02091e4>] (__class_create) from [<c01adf68>] (register_devfs_stubs+0x314/0xbb4)
[    0.243744] [<c01adf68>] (register_devfs_stubs) from [<c05d9b08>] (init_module+0x28/0xa4)
[    0.244906] [<c05d9b08>] (init_module) from [<c0009670>] (do_one_initcall+0x104/0x1b4)
[    0.245822] [<c0009670>] (do_one_initcall) from [<c05c7d08>] (kernel_init_freeable+0xf0/0x1b0)
[    0.246821] [<c05c7d08>] (kernel_init_freeable) from [<c040f28c>] (kernel_init+0x8/0xe4)
[    0.247672] [<c040f28c>] (kernel_init) from [<c0016da8>] (ret_from_fork+0x14/0x2c)
[    0.248336] ---[ end trace 0cd0e1cb561d6ef3 ]---
[    0.249121] ------------[ cut here ]------------
[    0.249798] WARNING: CPU: 0 PID: 1 at /home/vagrant/firmadyne-kernel/kernel-v4.1/lib/kobject.c:240 kobject_add_internal+0x240/0x2ac()
[    0.250704] kobject_add_internal failed for gpio with -EEXIST, don't try to register things with the same name in the same directory.
[    0.251788] Modules linked in:
[    0.252413] CPU: 0 PID: 1 Comm: swapper Tainted: G        W       4.1.17+ #1
[    0.252896] Hardware name: Generic DT based system
[    0.253368] [<c001c99c>] (unwind_backtrace) from [<c0019d30>] (show_stack+0x10/0x14)
[    0.253935] [<c0019d30>] (show_stack) from [<c0024ab4>] (warn_slowpath_common+0x80/0xa8)
[    0.254443] [<c0024ab4>] (warn_slowpath_common) from [<c0024b08>] (warn_slowpath_fmt+0x2c/0x3c)
[    0.255109] [<c0024b08>] (warn_slowpath_fmt) from [<c018e834>] (kobject_add_internal+0x240/0x2ac)
[    0.255857] [<c018e834>] (kobject_add_internal) from [<c018e9a8>] (kset_register+0x1c/0x44)
[    0.256416] [<c018e9a8>] (kset_register) from [<c02090b4>] (__class_register+0xa8/0x198)
[    0.257204] [<c02090b4>] (__class_register) from [<c02091e4>] (__class_create+0x40/0x70)
[    0.257955] [<c02091e4>] (__class_create) from [<c01adf68>] (register_devfs_stubs+0x314/0xbb4)
[    0.258339] [<c01adf68>] (register_devfs_stubs) from [<c05d9b08>] (init_module+0x28/0xa4)
[    0.258996] [<c05d9b08>] (init_module) from [<c0009670>] (do_one_initcall+0x104/0x1b4)
[    0.259755] [<c0009670>] (do_one_initcall) from [<c05c7d08>] (kernel_init_freeable+0xf0/0x1b0)
[    0.260309] [<c05c7d08>] (kernel_init_freeable) from [<c040f28c>] (kernel_init+0x8/0xe4)
[    0.261052] [<c040f28c>] (kernel_init) from [<c0016da8>] (ret_from_fork+0x14/0x2c)
[    0.261750] ---[ end trace 0cd0e1cb561d6ef4 ]---
[    0.262428] firmadyne: Cannot create device class: gpio!
[    0.264155] firmadyne: Cannot register character device: watchdog, 0xa, 0x82!
[    0.265508] firmadyne: Cannot register character device: wdt, 0xfd, 0x0!
[    0.356146] Non-volatile memory driver v1.3
[    0.373828] brd: module loaded
[    0.381223] loop: module loaded
[    0.389062]  vda: vda1
[    0.393093] [nandsim] warning: read_byte: unexpected data output cycle, state is STATE_READY return 0x0
[    0.394696] [nandsim] warning: read_byte: unexpected data output cycle, state is STATE_READY return 0x0
[    0.396125] [nandsim] warning: read_byte: unexpected data output cycle, state is STATE_READY return 0x0
[    0.397806] [nandsim] warning: read_byte: unexpected data output cycle, state is STATE_READY return 0x0
[    0.399162] [nandsim] warning: read_byte: unexpected data output cycle, state is STATE_READY return 0x0
[    0.400520] [nandsim] warning: read_byte: unexpected data output cycle, state is STATE_READY return 0x0
[    0.401976] nand: device found, Manufacturer ID: 0x98, Chip ID: 0x39
[    0.402966] nand: Toshiba NAND 128MiB 1,8V 8-bit
[    0.403502] nand: 128 MiB, SLC, erase size: 16 KiB, page size: 512, OOB size: 16
[    0.404683] flash size: 128 MiB
[    0.405309] page size: 512 bytes
[    0.405889] OOB area size: 16 bytes
[    0.406445] sector size: 16 KiB
[    0.406933] pages number: 262144
[    0.407329] pages per sector: 32
[    0.407600] bus width: 8
[    0.407776] bits in sector size: 14
[    0.407866] bits in page size: 9
[    0.408313] bits in OOB size: 4
[    0.408569] flash size with OOB: 135168 KiB
[    0.408936] page address bytes: 4
[    0.409279] sector address bytes: 3
[    0.409646] options: 0x42
[    0.413747] Scanning device for bad blocks
[    0.518091] Creating 11 MTD partitions on "NAND 128MiB 1,8V 8-bit":
[    0.519579] 0x000000000000-0x000000100000 : "NAND simulator partition 0"
[    0.523740] 0x000000100000-0x000000200000 : "NAND simulator partition 1"
[    0.526049] 0x000000200000-0x000000300000 : "NAND simulator partition 2"
[    0.528319] 0x000000300000-0x000000400000 : "NAND simulator partition 3"
[    0.530593] 0x000000400000-0x000000500000 : "NAND simulator partition 4"
[    0.533064] 0x000000500000-0x000000600000 : "NAND simulator partition 5"
[    0.535482] 0x000000600000-0x000000700000 : "NAND simulator partition 6"
[    0.537890] 0x000000700000-0x000000800000 : "NAND simulator partition 7"
[    0.539976] 0x000000800000-0x000000900000 : "NAND simulator partition 8"
[    0.542508] 0x000000900000-0x000000a00000 : "NAND simulator partition 9"
[    0.544563] 0x000000a00000-0x000008000000 : "NAND simulator partition 10"
[    0.549550] tun: Universal TUN/TAP device driver, 1.6
[    0.550441] tun: (C) 1999-2004 Max Krasnyansky <maxk@qualcomm.com>
[    0.563122] PPP generic driver version 2.4.2
[    0.564403] PPP BSD Compression module registered
[    0.565303] PPP Deflate Compression module registered
[    0.566366] PPP MPPE Compression module registered
[    0.567162] NET: Registered protocol family 24
[    0.568041] PPTP driver version 0.8.5
[    0.569225] usbcore: registered new interface driver usb-storage
[    0.571715] hidraw: raw HID events driver (C) Jiri Kosina
[    0.572991] usbcore: registered new interface driver usbhid
[    0.574012] usbhid: USB HID core driver
[    0.574950] Netfilter messages via NETLINK v0.30.
[    0.576107] nf_conntrack version 0.5.0 (3958 buckets, 15832 max)
[    0.578218] ctnetlink v0.93: registering with nfnetlink.
[    0.580081] ipip: IPv4 over IPv4 tunneling driver
[    0.582681] gre: GRE over IPv4 demultiplexor driver
[    0.583502] ip_gre: GRE over IPv4 tunneling driver
[    0.587816] ip_tables: (C) 2000-2006 Netfilter Core Team
[    0.590060] arp_tables: (C) 2002 David S. Miller
[    0.591775] Initializing XFRM netlink socket
[    0.592863] NET: Registered protocol family 10
[    0.598702] ip6_tables: (C) 2000-2006 Netfilter Core Team
[    0.600838] sit: IPv6 over IPv4 tunneling driver
[    0.604665] NET: Registered protocol family 17
[    0.606038] bridge: automatic filtering via arp/ip/ip6tables has been deprecated. Update your scripts to load br_netfilter if you need this.
[    0.608017] Bridge firewalling registered
[    0.608650] Ebtables v2.0 registered
[    0.610272] 8021q: 802.1Q VLAN Support v1.8
[    0.611578] Registering SWP/SWPB emulation handler
[    0.614014] hctosys: unable to open rtc device (rtc0)
[    0.628210] UDF-fs: warning (device vda1): udf_fill_super: No partition found (2)
[    0.643242] UDF-fs: warning (device vda1): udf_fill_super: No partition found (2)
[    0.644928] List of all partitions:
[    0.646050] 0100            8192 ram0  (driver?)
[    0.646921] 0101            8192 ram1  (driver?)
[    0.647746] 0102            8192 ram2  (driver?)
[    0.648448] 0103            8192 ram3  (driver?)
[    0.649272] 0104            8192 ram4  (driver?)
[    0.650123] 0105            8192 ram5  (driver?)
[    0.650956] 0106            8192 ram6  (driver?)
[    0.651882] 0107            8192 ram7  (driver?)
[    0.652584] 0108            8192 ram8  (driver?)
[    0.653473] 0109            8192 ram9  (driver?)
[    0.654293] 010a            8192 ram10  (driver?)
[    0.654916] 010b            8192 ram11  (driver?)
[    0.655439] 010c            8192 ram12  (driver?)
[    0.655672] 010d            8192 ram13  (driver?)
[    0.656239] 010e            8192 ram14  (driver?)
[    0.656769] 010f            8192 ram15  (driver?)
[    0.657112] fe00         1048576 vda  driver: virtio_blk
[    0.657835]   fe01         1047552 vda1 556b2355-01
[    0.658216] 1f00            1024 mtdblock0  (driver?)
[    0.658730] 1f01            1024 mtdblock1  (driver?)
[    0.659266] 1f02            1024 mtdblock2  (driver?)
[    0.659824] 1f03            1024 mtdblock3  (driver?)
[    0.660254] 1f04            1024 mtdblock4  (driver?)
[    0.660630] 1f05            1024 mtdblock5  (driver?)
[    0.661076] 1f06            1024 mtdblock6  (driver?)
[    0.661980] 1f07            1024 mtdblock7  (driver?)
[    0.662472] 1f08            1024 mtdblock8  (driver?)
[    0.663061] 1f09            1024 mtdblock9  (driver?)
[    0.663497] 1f0a          120832 mtdblock10  (driver?)
[    0.664204] No filesystem could mount root, tried:  ext3 ext2 ext4 cramfs squashfs vfat iso9660 romfs udf
[    0.665488] Kernel panic - not syncing: VFS: Unable to mount root fs on unknown-block(254,1)
[    0.666578] CPU: 0 PID: 1 Comm: swapper Tainted: G        W       4.1.17+ #1
[    0.667271] Hardware name: Generic DT based system
[    0.667729] [<c001c99c>] (unwind_backtrace) from [<c0019d30>] (show_stack+0x10/0x14)
[    0.668553] [<c0019d30>] (show_stack) from [<c0410b78>] (panic+0x70/0x1c8)
[    0.669058] [<c0410b78>] (panic) from [<c05c81bc>] (mount_block_root+0x268/0x2ac)
[    0.669991] [<c05c81bc>] (mount_block_root) from [<c05c84a4>] (prepare_namespace+0x158/0x1ac)
[    0.670623] [<c05c84a4>] (prepare_namespace) from [<c05c7d84>] (kernel_init_freeable+0x16c/0x1b0)
[    0.671578] [<c05c7d84>] (kernel_init_freeable) from [<c040f28c>] (kernel_init+0x8/0xe4)
[    0.672429] [<c040f28c>] (kernel_init) from [<c0016da8>] (ret_from_fork+0x14/0x2c)
[    0.673272] ---[ end Kernel panic - not syncing: VFS: Unable to mount root fs on unknown-block(254,1)
