[    0.000000] Booting Linux on physical CPU 0x0
[    0.000000] Linux version 4.1.17+ (vagrant@vagrant-ubuntu-trusty-64) (gcc version 5.3.0 (GCC) ) #1 Thu Feb 18 01:05:21 UTC 2016
[    0.000000] CPU: ARMv7 Processor [412fc0f1] revision 1 (ARMv7), cr=10c5387d
[    0.000000] CPU: PIPT / VIPT nonaliasing data cache, PIPT instruction cache
[    0.000000] Machine model: linux,dummy-virt
[    0.000000] debug: ignoring loglevel setting.
[    0.000000] Memory policy: Data cache writeback
[    0.000000] On node 0 totalpages: 65536
[    0.000000] free_area_init_node: node 0, pgdat c061dfe8, node_mem_map cfdf9000
[    0.000000]   Normal zone: 512 pages used for memmap
[    0.000000]   Normal zone: 0 pages reserved
[    0.000000]   Normal zone: 65536 pages, LIFO batch:15
[    0.000000] CPU: All CPU(s) started in SVC mode.
[    0.000000] pcpu-alloc: s0 r0 d32768 u32768 alloc=1*32768
[    0.000000] pcpu-alloc: [0] 0 
[    0.000000] Built 1 zonelists in Zone order, mobility grouping on.  Total pages: 65024
[    0.000000] Kernel command line: firmadyne.syscall=1 root=/dev/vda1 console=ttyS0 nandsim.parts=64,64,64,64,64,64,64,64,64,64 rdinit=/firmadyne/preInit.sh rw debug ignore_loglevel print-fatal-signals=1 user_debug=31
[    0.000000] PID hash table entries: 1024 (order: 0, 4096 bytes)
[    0.000000] Dentry cache hash table entries: 32768 (order: 5, 131072 bytes)
[    0.000000] Inode-cache hash table entries: 16384 (order: 4, 65536 bytes)
[    0.000000] Memory: 253344K/262144K available (4297K kernel code, 170K rwdata, 1584K rodata, 180K init, 148K bss, 8800K reserved, 0K cma-reserved)
[    0.000000] Virtual kernel memory layout:
[    0.000000]     vector  : 0xffff0000 - 0xffff1000   (   4 kB)
[    0.000000]     fixmap  : 0xffc00000 - 0xfff00000   (3072 kB)
[    0.000000]     vmalloc : 0xd0800000 - 0xff000000   ( 744 MB)
[    0.000000]     lowmem  : 0xc0000000 - 0xd0000000   ( 256 MB)
[    0.000000]     modules : 0xbf000000 - 0xc0000000   (  16 MB)
[    0.000000]       .text : 0xc0008000 - 0xc05c67bc   (5882 kB)
[    0.000000]       .init : 0xc05c7000 - 0xc05f4000   ( 180 kB)
[    0.000000]       .data : 0xc05f4000 - 0xc061e840   ( 171 kB)
[    0.000000]        .bss : 0xc0621000 - 0xc06462d4   ( 149 kB)
[    0.000000] NR_IRQS:16 nr_irqs:16 16
[    0.000000] Architected cp15 timer(s) running at 62.50MHz (virt).
[    0.000000] clocksource arch_sys_counter: mask: 0xffffffffffffff max_cycles: 0x1cd42e208c, max_idle_ns: 881590405314 ns
[    0.000129] sched_clock: 56 bits at 62MHz, resolution 16ns, wraps every 4398046511096ns
[    0.000232] Switching to timer-based delay loop, resolution 16ns
[    0.002703] Console: colour dummy device 80x30
[    0.002973] Calibrating delay loop (skipped), value calculated using timer frequency.. 125.00 BogoMIPS (lpj=625000)
[    0.003075] pid_max: default: 32768 minimum: 301
[    0.003805] Mount-cache hash table entries: 1024 (order: 0, 4096 bytes)
[    0.003836] Mountpoint-cache hash table entries: 1024 (order: 0, 4096 bytes)
[    0.011270] CPU: Testing write buffer coherency: ok
[    0.016189] Setting up static identity map for 0x40008240 - 0x40008298
[    0.028169] VFP support v0.3: implementor 41 architecture 4 part 30 variant f rev 0
[    0.038075] clocksource jiffies: mask: 0xffffffff max_cycles: 0xffffffff, max_idle_ns: 19112604462750000 ns
[    0.045531] NET: Registered protocol family 16
[    0.048021] DMA: preallocated 256 KiB pool for atomic coherent allocations
[    0.051224] cpuidle: using governor ladder
[    0.051350] cpuidle: using governor menu
[    0.054440] genirq: Setting trigger mode 1 for irq 20 failed (gic_set_type+0x0/0x48)
[    0.055888] genirq: Setting trigger mode 1 for irq 21 failed (gic_set_type+0x0/0x48)
[    0.056148] genirq: Setting trigger mode 1 for irq 22 failed (gic_set_type+0x0/0x48)
[    0.056407] genirq: Setting trigger mode 1 for irq 23 failed (gic_set_type+0x0/0x48)
[    0.056694] genirq: Setting trigger mode 1 for irq 24 failed (gic_set_type+0x0/0x48)
[    0.056942] genirq: Setting trigger mode 1 for irq 25 failed (gic_set_type+0x0/0x48)
[    0.057176] genirq: Setting trigger mode 1 for irq 26 failed (gic_set_type+0x0/0x48)
[    0.057412] genirq: Setting trigger mode 1 for irq 27 failed (gic_set_type+0x0/0x48)
[    0.057745] genirq: Setting trigger mode 1 for irq 28 failed (gic_set_type+0x0/0x48)
[    0.057993] genirq: Setting trigger mode 1 for irq 29 failed (gic_set_type+0x0/0x48)
[    0.058224] genirq: Setting trigger mode 1 for irq 30 failed (gic_set_type+0x0/0x48)
[    0.058469] genirq: Setting trigger mode 1 for irq 31 failed (gic_set_type+0x0/0x48)
[    0.058699] genirq: Setting trigger mode 1 for irq 32 failed (gic_set_type+0x0/0x48)
[    0.058949] genirq: Setting trigger mode 1 for irq 33 failed (gic_set_type+0x0/0x48)
[    0.059176] genirq: Setting trigger mode 1 for irq 34 failed (gic_set_type+0x0/0x48)
[    0.059401] genirq: Setting trigger mode 1 for irq 35 failed (gic_set_type+0x0/0x48)
[    0.059635] genirq: Setting trigger mode 1 for irq 36 failed (gic_set_type+0x0/0x48)
[    0.059873] genirq: Setting trigger mode 1 for irq 37 failed (gic_set_type+0x0/0x48)
[    0.060152] genirq: Setting trigger mode 1 for irq 38 failed (gic_set_type+0x0/0x48)
[    0.060400] genirq: Setting trigger mode 1 for irq 39 failed (gic_set_type+0x0/0x48)
[    0.060659] genirq: Setting trigger mode 1 for irq 40 failed (gic_set_type+0x0/0x48)
[    0.060904] genirq: Setting trigger mode 1 for irq 41 failed (gic_set_type+0x0/0x48)
[    0.061153] genirq: Setting trigger mode 1 for irq 42 failed (gic_set_type+0x0/0x48)
[    0.061400] genirq: Setting trigger mode 1 for irq 43 failed (gic_set_type+0x0/0x48)
[    0.061654] genirq: Setting trigger mode 1 for irq 44 failed (gic_set_type+0x0/0x48)
[    0.061910] genirq: Setting trigger mode 1 for irq 45 failed (gic_set_type+0x0/0x48)
[    0.062151] genirq: Setting trigger mode 1 for irq 46 failed (gic_set_type+0x0/0x48)
[    0.062432] genirq: Setting trigger mode 1 for irq 47 failed (gic_set_type+0x0/0x48)
[    0.062682] genirq: Setting trigger mode 1 for irq 48 failed (gic_set_type+0x0/0x48)
[    0.062934] genirq: Setting trigger mode 1 for irq 49 failed (gic_set_type+0x0/0x48)
[    0.063389] genirq: Setting trigger mode 1 for irq 50 failed (gic_set_type+0x0/0x48)
[    0.063640] genirq: Setting trigger mode 1 for irq 51 failed (gic_set_type+0x0/0x48)
[    0.064057] genirq: Setting trigger mode 1 for irq 52 failed (gic_set_type+0x0/0x48)
[    0.067057] Serial: AMBA PL011 UART driver
[    0.068734] 9000000.pl011: ttyS0 at MMIO 0x9000000 (irq = 52, base_baud = 0) is a PL011 rev1
[    0.089454] console [ttyS0] enabled
[    0.108574] vgaarb: loaded
[    0.109823] SCSI subsystem initialized
[    0.110687] usbcore: registered new interface driver usbfs
[    0.111080] usbcore: registered new interface driver hub
[    0.111428] usbcore: registered new device driver usb
[    0.119368] cfg80211: Calling CRDA to update world regulatory domain
[    0.121407] Switched to clocksource arch_sys_counter
[    0.135963] NET: Registered protocol family 2
[    0.140041] TCP established hash table entries: 2048 (order: 1, 8192 bytes)
[    0.140387] TCP bind hash table entries: 2048 (order: 1, 8192 bytes)
[    0.140768] TCP: Hash tables configured (established 2048 bind 2048)
[    0.141595] UDP hash table entries: 256 (order: 0, 4096 bytes)
[    0.141904] UDP-Lite hash table entries: 256 (order: 0, 4096 bytes)
[    0.143218] NET: Registered protocol family 1
[    0.143658] PCI: CLS 0 bytes, default 64
[    0.149904] NetWinder Floating Point Emulator V0.97 (extended precision)
[    0.152401] futex hash table entries: 256 (order: -1, 3072 bytes)
[    0.156947] squashfs: version 4.0 (2009/01/31) Phillip Lougher
[    0.157901] jffs2: version 2.2. (NAND) Â© 2001-2006 Red Hat, Inc.
[    0.158665] romfs: ROMFS MTD (C) 2007 Red Hat, Inc.
[    0.166181] Block layer SCSI generic (bsg) driver version 0.4 loaded (major 253)
[    0.166556] io scheduler noop registered
[    0.166837] io scheduler cfq registered (default)
[    0.167470] firmadyne: devfs: 1, execute: 1, procfs: 1, syscall: 1
[    0.168661] ------------[ cut here ]------------
[    0.168875] WARNING: CPU: 0 PID: 1 at /home/vagrant/firmadyne-kernel/kernel-v4.1/fs/sysfs/dir.c:31 sysfs_warn_dup+0x50/0x6c()
[    0.169263] sysfs: cannot create duplicate filename '/class/gpio'
[    0.169503] Modules linked in:
[    0.169819] CPU: 0 PID: 1 Comm: swapper Not tainted 4.1.17+ #1
[    0.170032] Hardware name: Generic DT based system
[    0.170695] [<c001c99c>] (unwind_backtrace) from [<c0019d30>] (show_stack+0x10/0x14)
[    0.171073] [<c0019d30>] (show_stack) from [<c0024ab4>] (warn_slowpath_common+0x80/0xa8)
[    0.171646] [<c0024ab4>] (warn_slowpath_common) from [<c0024b08>] (warn_slowpath_fmt+0x2c/0x3c)
[    0.172018] [<c0024b08>] (warn_slowpath_fmt) from [<c00e363c>] (sysfs_warn_dup+0x50/0x6c)
[    0.172312] [<c00e363c>] (sysfs_warn_dup) from [<c00e3714>] (sysfs_create_dir_ns+0x74/0x84)
[    0.172624] [<c00e3714>] (sysfs_create_dir_ns) from [<c018e6ac>] (kobject_add_internal+0xb8/0x2ac)
[    0.172948] [<c018e6ac>] (kobject_add_internal) from [<c018e9a8>] (kset_register+0x1c/0x44)
[    0.173247] [<c018e9a8>] (kset_register) from [<c02090b4>] (__class_register+0xa8/0x198)
[    0.173538] [<c02090b4>] (__class_register) from [<c02091e4>] (__class_create+0x40/0x70)
[    0.173833] [<c02091e4>] (__class_create) from [<c01adf68>] (register_devfs_stubs+0x314/0xbb4)
[    0.174142] [<c01adf68>] (register_devfs_stubs) from [<c05d9b08>] (init_module+0x28/0xa4)
[    0.174460] [<c05d9b08>] (init_module) from [<c0009670>] (do_one_initcall+0x104/0x1b4)
[    0.174745] [<c0009670>] (do_one_initcall) from [<c05c7d08>] (kernel_init_freeable+0xf0/0x1b0)
[    0.175071] [<c05c7d08>] (kernel_init_freeable) from [<c040f28c>] (kernel_init+0x8/0xe4)
[    0.175355] [<c040f28c>] (kernel_init) from [<c0016da8>] (ret_from_fork+0x14/0x2c)
[    0.175688] ---[ end trace 542d3c58b621ae21 ]---
[    0.175933] ------------[ cut here ]------------
[    0.176111] WARNING: CPU: 0 PID: 1 at /home/vagrant/firmadyne-kernel/kernel-v4.1/lib/kobject.c:240 kobject_add_internal+0x240/0x2ac()
[    0.176518] kobject_add_internal failed for gpio with -EEXIST, don't try to register things with the same name in the same directory.
[    0.176917] Modules linked in:
[    0.177092] CPU: 0 PID: 1 Comm: swapper Tainted: G        W       4.1.17+ #1
[    0.177330] Hardware name: Generic DT based system
[    0.177518] [<c001c99c>] (unwind_backtrace) from [<c0019d30>] (show_stack+0x10/0x14)
[    0.177805] [<c0019d30>] (show_stack) from [<c0024ab4>] (warn_slowpath_common+0x80/0xa8)
[    0.178098] [<c0024ab4>] (warn_slowpath_common) from [<c0024b08>] (warn_slowpath_fmt+0x2c/0x3c)
[    0.178411] [<c0024b08>] (warn_slowpath_fmt) from [<c018e834>] (kobject_add_internal+0x240/0x2ac)
[    0.178725] [<c018e834>] (kobject_add_internal) from [<c018e9a8>] (kset_register+0x1c/0x44)
[    0.179043] [<c018e9a8>] (kset_register) from [<c02090b4>] (__class_register+0xa8/0x198)
[    0.179332] [<c02090b4>] (__class_register) from [<c02091e4>] (__class_create+0x40/0x70)
[    0.179622] [<c02091e4>] (__class_create) from [<c01adf68>] (register_devfs_stubs+0x314/0xbb4)
[    0.179935] [<c01adf68>] (register_devfs_stubs) from [<c05d9b08>] (init_module+0x28/0xa4)
[    0.180225] [<c05d9b08>] (init_module) from [<c0009670>] (do_one_initcall+0x104/0x1b4)
[    0.180516] [<c0009670>] (do_one_initcall) from [<c05c7d08>] (kernel_init_freeable+0xf0/0x1b0)
[    0.180828] [<c05c7d08>] (kernel_init_freeable) from [<c040f28c>] (kernel_init+0x8/0xe4)
[    0.181140] [<c040f28c>] (kernel_init) from [<c0016da8>] (ret_from_fork+0x14/0x2c)
[    0.181600] ---[ end trace 542d3c58b621ae22 ]---
[    0.181815] firmadyne: Cannot create device class: gpio!
[    0.183272] firmadyne: Cannot register character device: watchdog, 0xa, 0x82!
[    0.183550] firmadyne: Cannot register character device: wdt, 0xfd, 0x0!
[    0.280264] Non-volatile memory driver v1.3
[    0.299644] brd: module loaded
[    0.308030] loop: module loaded
[    0.316654]  vda: vda1
[    0.320612] [nandsim] warning: read_byte: unexpected data output cycle, state is STATE_READY return 0x0
[    0.320976] [nandsim] warning: read_byte: unexpected data output cycle, state is STATE_READY return 0x0
[    0.321505] [nandsim] warning: read_byte: unexpected data output cycle, state is STATE_READY return 0x0
[    0.321835] [nandsim] warning: read_byte: unexpected data output cycle, state is STATE_READY return 0x0
[    0.322152] [nandsim] warning: read_byte: unexpected data output cycle, state is STATE_READY return 0x0
[    0.322469] [nandsim] warning: read_byte: unexpected data output cycle, state is STATE_READY return 0x0
[    0.323034] nand: device found, Manufacturer ID: 0x98, Chip ID: 0x39
[    0.323272] nand: Toshiba NAND 128MiB 1,8V 8-bit
[    0.323457] nand: 128 MiB, SLC, erase size: 16 KiB, page size: 512, OOB size: 16
[    0.324340] flash size: 128 MiB
[    0.324478] page size: 512 bytes
[    0.324600] OOB area size: 16 bytes
[    0.324730] sector size: 16 KiB
[    0.324855] pages number: 262144
[    0.324975] pages per sector: 32
[    0.325095] bus width: 8
[    0.325192] bits in sector size: 14
[    0.325320] bits in page size: 9
[    0.325443] bits in OOB size: 4
[    0.325565] flash size with OOB: 135168 KiB
[    0.325715] page address bytes: 4
[    0.325847] sector address bytes: 3
[    0.325976] options: 0x42
[    0.330364] Scanning device for bad blocks
[    0.458166] Creating 11 MTD partitions on "NAND 128MiB 1,8V 8-bit":
[    0.458675] 0x000000000000-0x000000100000 : "NAND simulator partition 0"
[    0.461925] 0x000000100000-0x000000200000 : "NAND simulator partition 1"
[    0.463303] 0x000000200000-0x000000300000 : "NAND simulator partition 2"
[    0.464621] 0x000000300000-0x000000400000 : "NAND simulator partition 3"
[    0.465907] 0x000000400000-0x000000500000 : "NAND simulator partition 4"
[    0.467188] 0x000000500000-0x000000600000 : "NAND simulator partition 5"
[    0.468541] 0x000000600000-0x000000700000 : "NAND simulator partition 6"
[    0.469851] 0x000000700000-0x000000800000 : "NAND simulator partition 7"
[    0.471511] 0x000000800000-0x000000900000 : "NAND simulator partition 8"
[    0.472994] 0x000000900000-0x000000a00000 : "NAND simulator partition 9"
[    0.474315] 0x000000a00000-0x000008000000 : "NAND simulator partition 10"
[    0.478545] tun: Universal TUN/TAP device driver, 1.6
[    0.478749] tun: (C) 1999-2004 Max Krasnyansky <maxk@qualcomm.com>
[    0.496830] PPP generic driver version 2.4.2
[    0.497531] PPP BSD Compression module registered
[    0.497748] PPP Deflate Compression module registered
[    0.498032] PPP MPPE Compression module registered
[    0.498244] NET: Registered protocol family 24
[    0.498577] PPTP driver version 0.8.5
[    0.499299] usbcore: registered new interface driver usb-storage
[    0.500865] hidraw: raw HID events driver (C) Jiri Kosina
[    0.501637] usbcore: registered new interface driver usbhid
[    0.501848] usbhid: USB HID core driver
[    0.502315] Netfilter messages via NETLINK v0.30.
[    0.502933] nf_conntrack version 0.5.0 (3958 buckets, 15832 max)
[    0.504214] ctnetlink v0.93: registering with nfnetlink.
[    0.505551] ipip: IPv4 over IPv4 tunneling driver
[    0.507402] gre: GRE over IPv4 demultiplexor driver
[    0.507622] ip_gre: GRE over IPv4 tunneling driver
[    0.511965] ip_tables: (C) 2000-2006 Netfilter Core Team
[    0.513504] arp_tables: (C) 2002 David S. Miller
[    0.514536] Initializing XFRM netlink socket
[    0.515055] NET: Registered protocol family 10
[    0.521412] ip6_tables: (C) 2000-2006 Netfilter Core Team
[    0.522937] sit: IPv6 over IPv4 tunneling driver
[    0.526311] NET: Registered protocol family 17
[    0.526918] bridge: automatic filtering via arp/ip/ip6tables has been deprecated. Update your scripts to load br_netfilter if you need this.
[    0.527425] Bridge firewalling registered
[    0.527623] Ebtables v2.0 registered
[    0.528669] 8021q: 802.1Q VLAN Support v1.8
[    0.529262] Registering SWP/SWPB emulation handler
[    0.531393] hctosys: unable to open rtc device (rtc0)
[    0.546489] UDF-fs: warning (device vda1): udf_fill_super: No partition found (2)
[    0.562238] UDF-fs: warning (device vda1): udf_fill_super: No partition found (2)
[    0.562604] List of all partitions:
[    0.562888] 0100            8192 ram0  (driver?)
[    0.563101] 0101            8192 ram1  (driver?)
[    0.563284] 0102            8192 ram2  (driver?)
[    0.563455] 0103            8192 ram3  (driver?)
[    0.563626] 0104            8192 ram4  (driver?)
[    0.563797] 0105            8192 ram5  (driver?)
[    0.563968] 0106            8192 ram6  (driver?)
[    0.564146] 0107            8192 ram7  (driver?)
[    0.564316] 0108            8192 ram8  (driver?)
[    0.564500] 0109            8192 ram9  (driver?)
[    0.564670] 010a            8192 ram10  (driver?)
[    0.564844] 010b            8192 ram11  (driver?)
[    0.565018] 010c            8192 ram12  (driver?)
[    0.565199] 010d            8192 ram13  (driver?)
[    0.565372] 010e            8192 ram14  (driver?)
[    0.565544] 010f            8192 ram15  (driver?)
[    0.565723] fe00         1048576 vda  driver: virtio_blk
[    0.565936]   fe01         1047552 vda1 c236baa8-01
[    0.566120] 1f00            1024 mtdblock0  (driver?)
[    0.566313] 1f01            1024 mtdblock1  (driver?)
[    0.566498] 1f02            1024 mtdblock2  (driver?)
[    0.566681] 1f03            1024 mtdblock3  (driver?)
[    0.566882] 1f04            1024 mtdblock4  (driver?)
[    0.567068] 1f05            1024 mtdblock5  (driver?)
[    0.567259] 1f06            1024 mtdblock6  (driver?)
[    0.567442] 1f07            1024 mtdblock7  (driver?)
[    0.567626] 1f08            1024 mtdblock8  (driver?)
[    0.567810] 1f09            1024 mtdblock9  (driver?)
[    0.567994] 1f0a          120832 mtdblock10  (driver?)
[    0.568199] No filesystem could mount root, tried:  ext3 ext2 ext4 cramfs squashfs vfat iso9660 romfs udf
[    0.568730] Kernel panic - not syncing: VFS: Unable to mount root fs on unknown-block(254,1)
[    0.569043] CPU: 0 PID: 1 Comm: swapper Tainted: G        W       4.1.17+ #1
[    0.569290] Hardware name: Generic DT based system
[    0.569504] [<c001c99c>] (unwind_backtrace) from [<c0019d30>] (show_stack+0x10/0x14)
[    0.569782] [<c0019d30>] (show_stack) from [<c0410b78>] (panic+0x70/0x1c8)
[    0.570041] [<c0410b78>] (panic) from [<c05c81bc>] (mount_block_root+0x268/0x2ac)
[    0.570321] [<c05c81bc>] (mount_block_root) from [<c05c84a4>] (prepare_namespace+0x158/0x1ac)
[    0.570624] [<c05c84a4>] (prepare_namespace) from [<c05c7d84>] (kernel_init_freeable+0x16c/0x1b0)
[    0.570948] [<c05c7d84>] (kernel_init_freeable) from [<c040f28c>] (kernel_init+0x8/0xe4)
[    0.571331] [<c040f28c>] (kernel_init) from [<c0016da8>] (ret_from_fork+0x14/0x2c)
[    0.571778] ---[ end Kernel panic - not syncing: VFS: Unable to mount root fs on unknown-block(254,1)
