[    0.000000] Booting Linux on physical CPU 0x0
[    0.000000] Linux version 4.1.17+ (vagrant@vagrant-ubuntu-trusty-64) (gcc version 5.3.0 (GCC) ) #1 Thu Feb 18 01:05:21 UTC 2016
[    0.000000] CPU: ARMv7 Processor [412fc0f1] revision 1 (ARMv7), cr=10c5387d
[    0.000000] CPU: PIPT / VIPT nonaliasing data cache, PIPT instruction cache
[    0.000000] Machine model: linux,dummy-virt
[    0.000000] debug: ignoring loglevel setting.
[    0.000000] Memory policy: Data cache writeback
[    0.000000] On node 0 totalpages: 65536
[    0.000000] free_area_init_node: node 0, pgdat c061dfe8, node_mem_map cfdf9000
[    0.000000]   Normal zone: 512 pages used for memmap
[    0.000000]   Normal zone: 0 pages reserved
[    0.000000]   Normal zone: 65536 pages, LIFO batch:15
[    0.000000] CPU: All CPU(s) started in SVC mode.
[    0.000000] pcpu-alloc: s0 r0 d32768 u32768 alloc=1*32768
[    0.000000] pcpu-alloc: [0] 0 
[    0.000000] Built 1 zonelists in Zone order, mobility grouping on.  Total pages: 65024
[    0.000000] Kernel command line: root=/dev/vda1 console=ttyS0 nandsim.parts=64,64,64,64,64,64,64,64,64,64 rdinit=/firmadyne/preInit.sh rw debug ignore_loglevel print-fatal-signals=1 user_debug=31 firmadyne.syscall=0
[    0.000000] PID hash table entries: 1024 (order: 0, 4096 bytes)
[    0.000000] Dentry cache hash table entries: 32768 (order: 5, 131072 bytes)
[    0.000000] Inode-cache hash table entries: 16384 (order: 4, 65536 bytes)
[    0.000000] Memory: 253344K/262144K available (4297K kernel code, 170K rwdata, 1584K rodata, 180K init, 148K bss, 8800K reserved, 0K cma-reserved)
[    0.000000] Virtual kernel memory layout:
[    0.000000]     vector  : 0xffff0000 - 0xffff1000   (   4 kB)
[    0.000000]     fixmap  : 0xffc00000 - 0xfff00000   (3072 kB)
[    0.000000]     vmalloc : 0xd0800000 - 0xff000000   ( 744 MB)
[    0.000000]     lowmem  : 0xc0000000 - 0xd0000000   ( 256 MB)
[    0.000000]     modules : 0xbf000000 - 0xc0000000   (  16 MB)
[    0.000000]       .text : 0xc0008000 - 0xc05c67bc   (5882 kB)
[    0.000000]       .init : 0xc05c7000 - 0xc05f4000   ( 180 kB)
[    0.000000]       .data : 0xc05f4000 - 0xc061e840   ( 171 kB)
[    0.000000]        .bss : 0xc0621000 - 0xc06462d4   ( 149 kB)
[    0.000000] NR_IRQS:16 nr_irqs:16 16
[    0.000000] Architected cp15 timer(s) running at 62.50MHz (virt).
[    0.000000] clocksource arch_sys_counter: mask: 0xffffffffffffff max_cycles: 0x1cd42e208c, max_idle_ns: 881590405314 ns
[    0.000128] sched_clock: 56 bits at 62MHz, resolution 16ns, wraps every 4398046511096ns
[    0.000229] Switching to timer-based delay loop, resolution 16ns
[    0.002712] Console: colour dummy device 80x30
[    0.002973] Calibrating delay loop (skipped), value calculated using timer frequency.. 125.00 BogoMIPS (lpj=625000)
[    0.003072] pid_max: default: 32768 minimum: 301
[    0.003797] Mount-cache hash table entries: 1024 (order: 0, 4096 bytes)
[    0.003826] Mountpoint-cache hash table entries: 1024 (order: 0, 4096 bytes)
[    0.011235] CPU: Testing write buffer coherency: ok
[    0.016182] Setting up static identity map for 0x40008240 - 0x40008298
[    0.027974] VFP support v0.3: implementor 41 architecture 4 part 30 variant f rev 0
[    0.037905] clocksource jiffies: mask: 0xffffffff max_cycles: 0xffffffff, max_idle_ns: 19112604462750000 ns
[    0.045329] NET: Registered protocol family 16
[    0.047826] DMA: preallocated 256 KiB pool for atomic coherent allocations
[    0.051007] cpuidle: using governor ladder
[    0.051130] cpuidle: using governor menu
[    0.054213] genirq: Setting trigger mode 1 for irq 20 failed (gic_set_type+0x0/0x48)
[    0.055629] genirq: Setting trigger mode 1 for irq 21 failed (gic_set_type+0x0/0x48)
[    0.055885] genirq: Setting trigger mode 1 for irq 22 failed (gic_set_type+0x0/0x48)
[    0.056200] genirq: Setting trigger mode 1 for irq 23 failed (gic_set_type+0x0/0x48)
[    0.056465] genirq: Setting trigger mode 1 for irq 24 failed (gic_set_type+0x0/0x48)
[    0.056711] genirq: Setting trigger mode 1 for irq 25 failed (gic_set_type+0x0/0x48)
[    0.056944] genirq: Setting trigger mode 1 for irq 26 failed (gic_set_type+0x0/0x48)
[    0.057180] genirq: Setting trigger mode 1 for irq 27 failed (gic_set_type+0x0/0x48)
[    0.057511] genirq: Setting trigger mode 1 for irq 28 failed (gic_set_type+0x0/0x48)
[    0.057781] genirq: Setting trigger mode 1 for irq 29 failed (gic_set_type+0x0/0x48)
[    0.058013] genirq: Setting trigger mode 1 for irq 30 failed (gic_set_type+0x0/0x48)
[    0.058261] genirq: Setting trigger mode 1 for irq 31 failed (gic_set_type+0x0/0x48)
[    0.058491] genirq: Setting trigger mode 1 for irq 32 failed (gic_set_type+0x0/0x48)
[    0.058727] genirq: Setting trigger mode 1 for irq 33 failed (gic_set_type+0x0/0x48)
[    0.058953] genirq: Setting trigger mode 1 for irq 34 failed (gic_set_type+0x0/0x48)
[    0.059178] genirq: Setting trigger mode 1 for irq 35 failed (gic_set_type+0x0/0x48)
[    0.059411] genirq: Setting trigger mode 1 for irq 36 failed (gic_set_type+0x0/0x48)
[    0.059649] genirq: Setting trigger mode 1 for irq 37 failed (gic_set_type+0x0/0x48)
[    0.059923] genirq: Setting trigger mode 1 for irq 38 failed (gic_set_type+0x0/0x48)
[    0.060182] genirq: Setting trigger mode 1 for irq 39 failed (gic_set_type+0x0/0x48)
[    0.060420] genirq: Setting trigger mode 1 for irq 40 failed (gic_set_type+0x0/0x48)
[    0.060663] genirq: Setting trigger mode 1 for irq 41 failed (gic_set_type+0x0/0x48)
[    0.060913] genirq: Setting trigger mode 1 for irq 42 failed (gic_set_type+0x0/0x48)
[    0.061159] genirq: Setting trigger mode 1 for irq 43 failed (gic_set_type+0x0/0x48)
[    0.061412] genirq: Setting trigger mode 1 for irq 44 failed (gic_set_type+0x0/0x48)
[    0.061687] genirq: Setting trigger mode 1 for irq 45 failed (gic_set_type+0x0/0x48)
[    0.061933] genirq: Setting trigger mode 1 for irq 46 failed (gic_set_type+0x0/0x48)
[    0.062215] genirq: Setting trigger mode 1 for irq 47 failed (gic_set_type+0x0/0x48)
[    0.062464] genirq: Setting trigger mode 1 for irq 48 failed (gic_set_type+0x0/0x48)
[    0.062704] genirq: Setting trigger mode 1 for irq 49 failed (gic_set_type+0x0/0x48)
[    0.062938] genirq: Setting trigger mode 1 for irq 50 failed (gic_set_type+0x0/0x48)
[    0.063398] genirq: Setting trigger mode 1 for irq 51 failed (gic_set_type+0x0/0x48)
[    0.063819] genirq: Setting trigger mode 1 for irq 52 failed (gic_set_type+0x0/0x48)
[    0.066827] Serial: AMBA PL011 UART driver
[    0.068482] 9000000.pl011: ttyS0 at MMIO 0x9000000 (irq = 52, base_baud = 0) is a PL011 rev1
[    0.123491] console [ttyS0] enabled
[    0.142683] vgaarb: loaded
[    0.144498] SCSI subsystem initialized
[    0.146071] usbcore: registered new interface driver usbfs
[    0.147570] usbcore: registered new interface driver hub
[    0.148769] usbcore: registered new device driver usb
[    0.156853] cfg80211: Calling CRDA to update world regulatory domain
[    0.160186] Switched to clocksource arch_sys_counter
[    0.175189] NET: Registered protocol family 2
[    0.180247] TCP established hash table entries: 2048 (order: 1, 8192 bytes)
[    0.181663] TCP bind hash table entries: 2048 (order: 1, 8192 bytes)
[    0.183024] TCP: Hash tables configured (established 2048 bind 2048)
[    0.184628] UDP hash table entries: 256 (order: 0, 4096 bytes)
[    0.185824] UDP-Lite hash table entries: 256 (order: 0, 4096 bytes)
[    0.188066] NET: Registered protocol family 1
[    0.189308] PCI: CLS 0 bytes, default 64
[    0.196267] NetWinder Floating Point Emulator V0.97 (extended precision)
[    0.199543] futex hash table entries: 256 (order: -1, 3072 bytes)
[    0.205231] squashfs: version 4.0 (2009/01/31) Phillip Lougher
[    0.207472] jffs2: version 2.2. (NAND) Â© 2001-2006 Red Hat, Inc.
[    0.209227] romfs: ROMFS MTD (C) 2007 Red Hat, Inc.
[    0.217019] Block layer SCSI generic (bsg) driver version 0.4 loaded (major 253)
[    0.218569] io scheduler noop registered
[    0.219395] io scheduler cfq registered (default)
[    0.221083] firmadyne: devfs: 1, execute: 1, procfs: 1, syscall: 0
[    0.223257] ------------[ cut here ]------------
[    0.224165] WARNING: CPU: 0 PID: 1 at /home/vagrant/firmadyne-kernel/kernel-v4.1/fs/sysfs/dir.c:31 sysfs_warn_dup+0x50/0x6c()
[    0.226216] sysfs: cannot create duplicate filename '/class/gpio'
[    0.227340] Modules linked in:
[    0.228186] CPU: 0 PID: 1 Comm: swapper Not tainted 4.1.17+ #1
[    0.229234] Hardware name: Generic DT based system
[    0.230986] [<c001c99c>] (unwind_backtrace) from [<c0019d30>] (show_stack+0x10/0x14)
[    0.232522] [<c0019d30>] (show_stack) from [<c0024ab4>] (warn_slowpath_common+0x80/0xa8)
[    0.234000] [<c0024ab4>] (warn_slowpath_common) from [<c0024b08>] (warn_slowpath_fmt+0x2c/0x3c)
[    0.235610] [<c0024b08>] (warn_slowpath_fmt) from [<c00e363c>] (sysfs_warn_dup+0x50/0x6c)
[    0.237107] [<c00e363c>] (sysfs_warn_dup) from [<c00e3714>] (sysfs_create_dir_ns+0x74/0x84)
[    0.237862] [<c00e3714>] (sysfs_create_dir_ns) from [<c018e6ac>] (kobject_add_internal+0xb8/0x2ac)
[    0.238512] [<c018e6ac>] (kobject_add_internal) from [<c018e9a8>] (kset_register+0x1c/0x44)
[    0.239350] [<c018e9a8>] (kset_register) from [<c02090b4>] (__class_register+0xa8/0x198)
[    0.240358] [<c02090b4>] (__class_register) from [<c02091e4>] (__class_create+0x40/0x70)
[    0.241043] [<c02091e4>] (__class_create) from [<c01adf68>] (register_devfs_stubs+0x314/0xbb4)
[    0.242092] [<c01adf68>] (register_devfs_stubs) from [<c05d9b08>] (init_module+0x28/0xa4)
[    0.242809] [<c05d9b08>] (init_module) from [<c0009670>] (do_one_initcall+0x104/0x1b4)
[    0.243636] [<c0009670>] (do_one_initcall) from [<c05c7d08>] (kernel_init_freeable+0xf0/0x1b0)
[    0.244479] [<c05c7d08>] (kernel_init_freeable) from [<c040f28c>] (kernel_init+0x8/0xe4)
[    0.245124] [<c040f28c>] (kernel_init) from [<c0016da8>] (ret_from_fork+0x14/0x2c)
[    0.245744] ---[ end trace 77a8126078abe3d5 ]---
[    0.246663] ------------[ cut here ]------------
[    0.247151] WARNING: CPU: 0 PID: 1 at /home/vagrant/firmadyne-kernel/kernel-v4.1/lib/kobject.c:240 kobject_add_internal+0x240/0x2ac()
[    0.248239] kobject_add_internal failed for gpio with -EEXIST, don't try to register things with the same name in the same directory.
[    0.249146] Modules linked in:
[    0.249544] CPU: 0 PID: 1 Comm: swapper Tainted: G        W       4.1.17+ #1
[    0.250631] Hardware name: Generic DT based system
[    0.251180] [<c001c99c>] (unwind_backtrace) from [<c0019d30>] (show_stack+0x10/0x14)
[    0.251758] [<c0019d30>] (show_stack) from [<c0024ab4>] (warn_slowpath_common+0x80/0xa8)
[    0.252670] [<c0024ab4>] (warn_slowpath_common) from [<c0024b08>] (warn_slowpath_fmt+0x2c/0x3c)
[    0.253443] [<c0024b08>] (warn_slowpath_fmt) from [<c018e834>] (kobject_add_internal+0x240/0x2ac)
[    0.254070] [<c018e834>] (kobject_add_internal) from [<c018e9a8>] (kset_register+0x1c/0x44)
[    0.255119] [<c018e9a8>] (kset_register) from [<c02090b4>] (__class_register+0xa8/0x198)
[    0.255670] [<c02090b4>] (__class_register) from [<c02091e4>] (__class_create+0x40/0x70)
[    0.256480] [<c02091e4>] (__class_create) from [<c01adf68>] (register_devfs_stubs+0x314/0xbb4)
[    0.257252] [<c01adf68>] (register_devfs_stubs) from [<c05d9b08>] (init_module+0x28/0xa4)
[    0.257864] [<c05d9b08>] (init_module) from [<c0009670>] (do_one_initcall+0x104/0x1b4)
[    0.258726] [<c0009670>] (do_one_initcall) from [<c05c7d08>] (kernel_init_freeable+0xf0/0x1b0)
[    0.259575] [<c05c7d08>] (kernel_init_freeable) from [<c040f28c>] (kernel_init+0x8/0xe4)
[    0.260532] [<c040f28c>] (kernel_init) from [<c0016da8>] (ret_from_fork+0x14/0x2c)
[    0.261285] ---[ end trace 77a8126078abe3d6 ]---
[    0.262039] firmadyne: Cannot create device class: gpio!
[    0.263841] firmadyne: Cannot register character device: watchdog, 0xa, 0x82!
[    0.265201] firmadyne: Cannot register character device: wdt, 0xfd, 0x0!
[    0.359996] Non-volatile memory driver v1.3
[    0.379601] brd: module loaded
[    0.388183] loop: module loaded
[    0.397122]  vda: vda1
[    0.401854] [nandsim] warning: read_byte: unexpected data output cycle, state is STATE_READY return 0x0
[    0.403659] [nandsim] warning: read_byte: unexpected data output cycle, state is STATE_READY return 0x0
[    0.405359] [nandsim] warning: read_byte: unexpected data output cycle, state is STATE_READY return 0x0
[    0.407017] [nandsim] warning: read_byte: unexpected data output cycle, state is STATE_READY return 0x0
[    0.408698] [nandsim] warning: read_byte: unexpected data output cycle, state is STATE_READY return 0x0
[    0.409848] [nandsim] warning: read_byte: unexpected data output cycle, state is STATE_READY return 0x0
[    0.411164] nand: device found, Manufacturer ID: 0x98, Chip ID: 0x39
[    0.412349] nand: Toshiba NAND 128MiB 1,8V 8-bit
[    0.412904] nand: 128 MiB, SLC, erase size: 16 KiB, page size: 512, OOB size: 16
[    0.414478] flash size: 128 MiB
[    0.415084] page size: 512 bytes
[    0.415665] OOB area size: 16 bytes
[    0.416322] sector size: 16 KiB
[    0.416887] pages number: 262144
[    0.417454] pages per sector: 32
[    0.417694] bus width: 8
[    0.417987] bits in sector size: 14
[    0.418227] bits in page size: 9
[    0.418674] bits in OOB size: 4
[    0.418818] flash size with OOB: 135168 KiB
[    0.419406] page address bytes: 4
[    0.419590] sector address bytes: 3
[    0.420356] options: 0x42
[    0.425155] Scanning device for bad blocks
[    0.532803] Creating 11 MTD partitions on "NAND 128MiB 1,8V 8-bit":
[    0.534420] 0x000000000000-0x000000100000 : "NAND simulator partition 0"
[    0.538396] 0x000000100000-0x000000200000 : "NAND simulator partition 1"
[    0.541103] 0x000000200000-0x000000300000 : "NAND simulator partition 2"
[    0.543546] 0x000000300000-0x000000400000 : "NAND simulator partition 3"
[    0.545957] 0x000000400000-0x000000500000 : "NAND simulator partition 4"
[    0.548365] 0x000000500000-0x000000600000 : "NAND simulator partition 5"
[    0.550993] 0x000000600000-0x000000700000 : "NAND simulator partition 6"
[    0.553450] 0x000000700000-0x000000800000 : "NAND simulator partition 7"
[    0.555890] 0x000000800000-0x000000900000 : "NAND simulator partition 8"
[    0.558432] 0x000000900000-0x000000a00000 : "NAND simulator partition 9"
[    0.561051] 0x000000a00000-0x000008000000 : "NAND simulator partition 10"
[    0.566291] tun: Universal TUN/TAP device driver, 1.6
[    0.567266] tun: (C) 1999-2004 Max Krasnyansky <maxk@qualcomm.com>
[    0.581505] PPP generic driver version 2.4.2
[    0.583046] PPP BSD Compression module registered
[    0.584015] PPP Deflate Compression module registered
[    0.585018] PPP MPPE Compression module registered
[    0.585936] NET: Registered protocol family 24
[    0.586980] PPTP driver version 0.8.5
[    0.588313] usbcore: registered new interface driver usb-storage
[    0.591085] hidraw: raw HID events driver (C) Jiri Kosina
[    0.592530] usbcore: registered new interface driver usbhid
[    0.593554] usbhid: USB HID core driver
[    0.594670] Netfilter messages via NETLINK v0.30.
[    0.596067] nf_conntrack version 0.5.0 (3958 buckets, 15832 max)
[    0.598307] ctnetlink v0.93: registering with nfnetlink.
[    0.600757] ipip: IPv4 over IPv4 tunneling driver
[    0.603381] gre: GRE over IPv4 demultiplexor driver
[    0.604386] ip_gre: GRE over IPv4 tunneling driver
[    0.609203] ip_tables: (C) 2000-2006 Netfilter Core Team
[    0.611920] arp_tables: (C) 2002 David S. Miller
[    0.613813] Initializing XFRM netlink socket
[    0.615081] NET: Registered protocol family 10
[    0.622073] ip6_tables: (C) 2000-2006 Netfilter Core Team
[    0.624540] sit: IPv6 over IPv4 tunneling driver
[    0.628644] NET: Registered protocol family 17
[    0.630267] bridge: automatic filtering via arp/ip/ip6tables has been deprecated. Update your scripts to load br_netfilter if you need this.
[    0.632665] Bridge firewalling registered
[    0.633443] Ebtables v2.0 registered
[    0.635144] 8021q: 802.1Q VLAN Support v1.8
[    0.636495] Registering SWP/SWPB emulation handler
[    0.639176] hctosys: unable to open rtc device (rtc0)
[    0.655147] UDF-fs: warning (device vda1): udf_fill_super: No partition found (2)
[    0.671819] UDF-fs: warning (device vda1): udf_fill_super: No partition found (2)
[    0.673449] List of all partitions:
[    0.674306] 0100            8192 ram0  (driver?)
[    0.675206] 0101            8192 ram1  (driver?)
[    0.676072] 0102            8192 ram2  (driver?)
[    0.676893] 0103            8192 ram3  (driver?)
[    0.677751] 0104            8192 ram4  (driver?)
[    0.678597] 0105            8192 ram5  (driver?)
[    0.679447] 0106            8192 ram6  (driver?)
[    0.680641] 0107            8192 ram7  (driver?)
[    0.681498] 0108            8192 ram8  (driver?)
[    0.682357] 0109            8192 ram9  (driver?)
[    0.682786] 010a            8192 ram10  (driver?)
[    0.683284] 010b            8192 ram11  (driver?)
[    0.683711] 010c            8192 ram12  (driver?)
[    0.684233] 010d            8192 ram13  (driver?)
[    0.684835] 010e            8192 ram14  (driver?)
[    0.685198] 010f            8192 ram15  (driver?)
[    0.685663] fe00         1048576 vda  driver: virtio_blk
[    0.686390]   fe01         1047552 vda1 c236baa8-01
[    0.686744] 1f00            1024 mtdblock0  (driver?)
[    0.687285] 1f01            1024 mtdblock1  (driver?)
[    0.687921] 1f02            1024 mtdblock2  (driver?)
[    0.688376] 1f03            1024 mtdblock3  (driver?)
[    0.688724] 1f04            1024 mtdblock4  (driver?)
[    0.689265] 1f05            1024 mtdblock5  (driver?)
[    0.689792] 1f06            1024 mtdblock6  (driver?)
[    0.690676] 1f07            1024 mtdblock7  (driver?)
[    0.691194] 1f08            1024 mtdblock8  (driver?)
[    0.691734] 1f09            1024 mtdblock9  (driver?)
[    0.692209] 1f0a          120832 mtdblock10  (driver?)
[    0.692708] No filesystem could mount root, tried:  ext3 ext2 ext4 cramfs squashfs vfat iso9660 romfs udf
[    0.694060] Kernel panic - not syncing: VFS: Unable to mount root fs on unknown-block(254,1)
[    0.695039] CPU: 0 PID: 1 Comm: swapper Tainted: G        W       4.1.17+ #1
[    0.695671] Hardware name: Generic DT based system
[    0.696525] [<c001c99c>] (unwind_backtrace) from [<c0019d30>] (show_stack+0x10/0x14)
[    0.697177] [<c0019d30>] (show_stack) from [<c0410b78>] (panic+0x70/0x1c8)
[    0.697915] [<c0410b78>] (panic) from [<c05c81bc>] (mount_block_root+0x268/0x2ac)
[    0.698583] [<c05c81bc>] (mount_block_root) from [<c05c84a4>] (prepare_namespace+0x158/0x1ac)
[    0.699357] [<c05c84a4>] (prepare_namespace) from [<c05c7d84>] (kernel_init_freeable+0x16c/0x1b0)
[    0.700337] [<c05c7d84>] (kernel_init_freeable) from [<c040f28c>] (kernel_init+0x8/0xe4)
[    0.701013] [<c040f28c>] (kernel_init) from [<c0016da8>] (ret_from_fork+0x14/0x2c)
[    0.701768] ---[ end Kernel panic - not syncing: VFS: Unable to mount root fs on unknown-block(254,1)
