[    0.000000] Booting Linux on physical CPU 0x0
[    0.000000] Linux version 4.1.17+ (vagrant@vagrant-ubuntu-trusty-64) (gcc version 5.3.0 (GCC) ) #1 Thu Feb 18 01:05:21 UTC 2016
[    0.000000] CPU: ARMv7 Processor [412fc0f1] revision 1 (ARMv7), cr=10c5387d
[    0.000000] CPU: PIPT / VIPT nonaliasing data cache, PIPT instruction cache
[    0.000000] Machine model: linux,dummy-virt
[    0.000000] debug: ignoring loglevel setting.
[    0.000000] Memory policy: Data cache writeback
[    0.000000] On node 0 totalpages: 65536
[    0.000000] free_area_init_node: node 0, pgdat c061dfe8, node_mem_map cfdf9000
[    0.000000]   Normal zone: 512 pages used for memmap
[    0.000000]   Normal zone: 0 pages reserved
[    0.000000]   Normal zone: 65536 pages, LIFO batch:15
[    0.000000] CPU: All CPU(s) started in SVC mode.
[    0.000000] pcpu-alloc: s0 r0 d32768 u32768 alloc=1*32768
[    0.000000] pcpu-alloc: [0] 0 
[    0.000000] Built 1 zonelists in Zone order, mobility grouping on.  Total pages: 65024
[    0.000000] Kernel command line: root=/dev/vda1 console=ttyS0 nandsim.parts=64,64,64,64,64,64,64,64,64,64 rdinit=/firmadyne/preInit.sh rw debug ignore_loglevel print-fatal-signals=1 user_debug=31 firmadyne.syscall=0
[    0.000000] PID hash table entries: 1024 (order: 0, 4096 bytes)
[    0.000000] Dentry cache hash table entries: 32768 (order: 5, 131072 bytes)
[    0.000000] Inode-cache hash table entries: 16384 (order: 4, 65536 bytes)
[    0.000000] Memory: 253344K/262144K available (4297K kernel code, 170K rwdata, 1584K rodata, 180K init, 148K bss, 8800K reserved, 0K cma-reserved)
[    0.000000] Virtual kernel memory layout:
[    0.000000]     vector  : 0xffff0000 - 0xffff1000   (   4 kB)
[    0.000000]     fixmap  : 0xffc00000 - 0xfff00000   (3072 kB)
[    0.000000]     vmalloc : 0xd0800000 - 0xff000000   ( 744 MB)
[    0.000000]     lowmem  : 0xc0000000 - 0xd0000000   ( 256 MB)
[    0.000000]     modules : 0xbf000000 - 0xc0000000   (  16 MB)
[    0.000000]       .text : 0xc0008000 - 0xc05c67bc   (5882 kB)
[    0.000000]       .init : 0xc05c7000 - 0xc05f4000   ( 180 kB)
[    0.000000]       .data : 0xc05f4000 - 0xc061e840   ( 171 kB)
[    0.000000]        .bss : 0xc0621000 - 0xc06462d4   ( 149 kB)
[    0.000000] NR_IRQS:16 nr_irqs:16 16
[    0.000000] Architected cp15 timer(s) running at 62.50MHz (virt).
[    0.000000] clocksource arch_sys_counter: mask: 0xffffffffffffff max_cycles: 0x1cd42e208c, max_idle_ns: 881590405314 ns
[    0.000127] sched_clock: 56 bits at 62MHz, resolution 16ns, wraps every 4398046511096ns
[    0.000228] Switching to timer-based delay loop, resolution 16ns
[    0.002710] Console: colour dummy device 80x30
[    0.002968] Calibrating delay loop (skipped), value calculated using timer frequency.. 125.00 BogoMIPS (lpj=625000)
[    0.003066] pid_max: default: 32768 minimum: 301
[    0.003796] Mount-cache hash table entries: 1024 (order: 0, 4096 bytes)
[    0.003839] Mountpoint-cache hash table entries: 1024 (order: 0, 4096 bytes)
[    0.011225] CPU: Testing write buffer coherency: ok
[    0.016141] Setting up static identity map for 0x40008240 - 0x40008298
[    0.027948] VFP support v0.3: implementor 41 architecture 4 part 30 variant f rev 0
[    0.037791] clocksource jiffies: mask: 0xffffffff max_cycles: 0xffffffff, max_idle_ns: 19112604462750000 ns
[    0.045222] NET: Registered protocol family 16
[    0.047712] DMA: preallocated 256 KiB pool for atomic coherent allocations
[    0.050858] cpuidle: using governor ladder
[    0.050981] cpuidle: using governor menu
[    0.054073] genirq: Setting trigger mode 1 for irq 20 failed (gic_set_type+0x0/0x48)
[    0.055480] genirq: Setting trigger mode 1 for irq 21 failed (gic_set_type+0x0/0x48)
[    0.055735] genirq: Setting trigger mode 1 for irq 22 failed (gic_set_type+0x0/0x48)
[    0.056017] genirq: Setting trigger mode 1 for irq 23 failed (gic_set_type+0x0/0x48)
[    0.056279] genirq: Setting trigger mode 1 for irq 24 failed (gic_set_type+0x0/0x48)
[    0.056523] genirq: Setting trigger mode 1 for irq 25 failed (gic_set_type+0x0/0x48)
[    0.056756] genirq: Setting trigger mode 1 for irq 26 failed (gic_set_type+0x0/0x48)
[    0.056991] genirq: Setting trigger mode 1 for irq 27 failed (gic_set_type+0x0/0x48)
[    0.057319] genirq: Setting trigger mode 1 for irq 28 failed (gic_set_type+0x0/0x48)
[    0.057566] genirq: Setting trigger mode 1 for irq 29 failed (gic_set_type+0x0/0x48)
[    0.057803] genirq: Setting trigger mode 1 for irq 30 failed (gic_set_type+0x0/0x48)
[    0.058050] genirq: Setting trigger mode 1 for irq 31 failed (gic_set_type+0x0/0x48)
[    0.058278] genirq: Setting trigger mode 1 for irq 32 failed (gic_set_type+0x0/0x48)
[    0.058514] genirq: Setting trigger mode 1 for irq 33 failed (gic_set_type+0x0/0x48)
[    0.058738] genirq: Setting trigger mode 1 for irq 34 failed (gic_set_type+0x0/0x48)
[    0.058961] genirq: Setting trigger mode 1 for irq 35 failed (gic_set_type+0x0/0x48)
[    0.059194] genirq: Setting trigger mode 1 for irq 36 failed (gic_set_type+0x0/0x48)
[    0.059432] genirq: Setting trigger mode 1 for irq 37 failed (gic_set_type+0x0/0x48)
[    0.059708] genirq: Setting trigger mode 1 for irq 38 failed (gic_set_type+0x0/0x48)
[    0.059976] genirq: Setting trigger mode 1 for irq 39 failed (gic_set_type+0x0/0x48)
[    0.060215] genirq: Setting trigger mode 1 for irq 40 failed (gic_set_type+0x0/0x48)
[    0.060457] genirq: Setting trigger mode 1 for irq 41 failed (gic_set_type+0x0/0x48)
[    0.060705] genirq: Setting trigger mode 1 for irq 42 failed (gic_set_type+0x0/0x48)
[    0.060951] genirq: Setting trigger mode 1 for irq 43 failed (gic_set_type+0x0/0x48)
[    0.061204] genirq: Setting trigger mode 1 for irq 44 failed (gic_set_type+0x0/0x48)
[    0.061459] genirq: Setting trigger mode 1 for irq 45 failed (gic_set_type+0x0/0x48)
[    0.061700] genirq: Setting trigger mode 1 for irq 46 failed (gic_set_type+0x0/0x48)
[    0.061994] genirq: Setting trigger mode 1 for irq 47 failed (gic_set_type+0x0/0x48)
[    0.062246] genirq: Setting trigger mode 1 for irq 48 failed (gic_set_type+0x0/0x48)
[    0.062486] genirq: Setting trigger mode 1 for irq 49 failed (gic_set_type+0x0/0x48)
[    0.062720] genirq: Setting trigger mode 1 for irq 50 failed (gic_set_type+0x0/0x48)
[    0.063151] genirq: Setting trigger mode 1 for irq 51 failed (gic_set_type+0x0/0x48)
[    0.063584] genirq: Setting trigger mode 1 for irq 52 failed (gic_set_type+0x0/0x48)
[    0.066564] Serial: AMBA PL011 UART driver
[    0.068207] 9000000.pl011: ttyS0 at MMIO 0x9000000 (irq = 52, base_baud = 0) is a PL011 rev1
[    0.124138] console [ttyS0] enabled
[    0.143128] vgaarb: loaded
[    0.144896] SCSI subsystem initialized
[    0.146697] usbcore: registered new interface driver usbfs
[    0.147957] usbcore: registered new interface driver hub
[    0.149155] usbcore: registered new device driver usb
[    0.157347] cfg80211: Calling CRDA to update world regulatory domain
[    0.160406] Switched to clocksource arch_sys_counter
[    0.175291] NET: Registered protocol family 2
[    0.180030] TCP established hash table entries: 2048 (order: 1, 8192 bytes)
[    0.181850] TCP bind hash table entries: 2048 (order: 1, 8192 bytes)
[    0.183214] TCP: Hash tables configured (established 2048 bind 2048)
[    0.184751] UDP hash table entries: 256 (order: 0, 4096 bytes)
[    0.185959] UDP-Lite hash table entries: 256 (order: 0, 4096 bytes)
[    0.188196] NET: Registered protocol family 1
[    0.189407] PCI: CLS 0 bytes, default 64
[    0.196042] NetWinder Floating Point Emulator V0.97 (extended precision)
[    0.199282] futex hash table entries: 256 (order: -1, 3072 bytes)
[    0.205257] squashfs: version 4.0 (2009/01/31) Phillip Lougher
[    0.207497] jffs2: version 2.2. (NAND) Â© 2001-2006 Red Hat, Inc.
[    0.209295] romfs: ROMFS MTD (C) 2007 Red Hat, Inc.
[    0.217139] Block layer SCSI generic (bsg) driver version 0.4 loaded (major 253)
[    0.218692] io scheduler noop registered
[    0.219558] io scheduler cfq registered (default)
[    0.221204] firmadyne: devfs: 1, execute: 1, procfs: 1, syscall: 0
[    0.223390] ------------[ cut here ]------------
[    0.224306] WARNING: CPU: 0 PID: 1 at /home/vagrant/firmadyne-kernel/kernel-v4.1/fs/sysfs/dir.c:31 sysfs_warn_dup+0x50/0x6c()
[    0.226358] sysfs: cannot create duplicate filename '/class/gpio'
[    0.227474] Modules linked in:
[    0.228315] CPU: 0 PID: 1 Comm: swapper Not tainted 4.1.17+ #1
[    0.229383] Hardware name: Generic DT based system
[    0.231042] [<c001c99c>] (unwind_backtrace) from [<c0019d30>] (show_stack+0x10/0x14)
[    0.232586] [<c0019d30>] (show_stack) from [<c0024ab4>] (warn_slowpath_common+0x80/0xa8)
[    0.234079] [<c0024ab4>] (warn_slowpath_common) from [<c0024b08>] (warn_slowpath_fmt+0x2c/0x3c)
[    0.235734] [<c0024b08>] (warn_slowpath_fmt) from [<c00e363c>] (sysfs_warn_dup+0x50/0x6c)
[    0.237206] [<c00e363c>] (sysfs_warn_dup) from [<c00e3714>] (sysfs_create_dir_ns+0x74/0x84)
[    0.238062] [<c00e3714>] (sysfs_create_dir_ns) from [<c018e6ac>] (kobject_add_internal+0xb8/0x2ac)
[    0.239036] [<c018e6ac>] (kobject_add_internal) from [<c018e9a8>] (kset_register+0x1c/0x44)
[    0.239654] [<c018e9a8>] (kset_register) from [<c02090b4>] (__class_register+0xa8/0x198)
[    0.240629] [<c02090b4>] (__class_register) from [<c02091e4>] (__class_create+0x40/0x70)
[    0.241619] [<c02091e4>] (__class_create) from [<c01adf68>] (register_devfs_stubs+0x314/0xbb4)
[    0.242576] [<c01adf68>] (register_devfs_stubs) from [<c05d9b08>] (init_module+0x28/0xa4)
[    0.243390] [<c05d9b08>] (init_module) from [<c0009670>] (do_one_initcall+0x104/0x1b4)
[    0.244046] [<c0009670>] (do_one_initcall) from [<c05c7d08>] (kernel_init_freeable+0xf0/0x1b0)
[    0.244779] [<c05c7d08>] (kernel_init_freeable) from [<c040f28c>] (kernel_init+0x8/0xe4)
[    0.245719] [<c040f28c>] (kernel_init) from [<c0016da8>] (ret_from_fork+0x14/0x2c)
[    0.246413] ---[ end trace 361b17977e6b2790 ]---
[    0.247188] ------------[ cut here ]------------
[    0.247801] WARNING: CPU: 0 PID: 1 at /home/vagrant/firmadyne-kernel/kernel-v4.1/lib/kobject.c:240 kobject_add_internal+0x240/0x2ac()
[    0.248912] kobject_add_internal failed for gpio with -EEXIST, don't try to register things with the same name in the same directory.
[    0.249681] Modules linked in:
[    0.250545] CPU: 0 PID: 1 Comm: swapper Tainted: G        W       4.1.17+ #1
[    0.251289] Hardware name: Generic DT based system
[    0.251789] [<c001c99c>] (unwind_backtrace) from [<c0019d30>] (show_stack+0x10/0x14)
[    0.252414] [<c0019d30>] (show_stack) from [<c0024ab4>] (warn_slowpath_common+0x80/0xa8)
[    0.253359] [<c0024ab4>] (warn_slowpath_common) from [<c0024b08>] (warn_slowpath_fmt+0x2c/0x3c)
[    0.254012] [<c0024b08>] (warn_slowpath_fmt) from [<c018e834>] (kobject_add_internal+0x240/0x2ac)
[    0.254880] [<c018e834>] (kobject_add_internal) from [<c018e9a8>] (kset_register+0x1c/0x44)
[    0.255808] [<c018e9a8>] (kset_register) from [<c02090b4>] (__class_register+0xa8/0x198)
[    0.256510] [<c02090b4>] (__class_register) from [<c02091e4>] (__class_create+0x40/0x70)
[    0.257138] [<c02091e4>] (__class_create) from [<c01adf68>] (register_devfs_stubs+0x314/0xbb4)
[    0.257949] [<c01adf68>] (register_devfs_stubs) from [<c05d9b08>] (init_module+0x28/0xa4)
[    0.258841] [<c05d9b08>] (init_module) from [<c0009670>] (do_one_initcall+0x104/0x1b4)
[    0.259542] [<c0009670>] (do_one_initcall) from [<c05c7d08>] (kernel_init_freeable+0xf0/0x1b0)
[    0.260545] [<c05c7d08>] (kernel_init_freeable) from [<c040f28c>] (kernel_init+0x8/0xe4)
[    0.261429] [<c040f28c>] (kernel_init) from [<c0016da8>] (ret_from_fork+0x14/0x2c)
[    0.262036] ---[ end trace 361b17977e6b2791 ]---
[    0.262669] firmadyne: Cannot create device class: gpio!
[    0.264633] firmadyne: Cannot register character device: watchdog, 0xa, 0x82!
[    0.266024] firmadyne: Cannot register character device: wdt, 0xfd, 0x0!
[    0.360600] Non-volatile memory driver v1.3
[    0.379543] brd: module loaded
[    0.387955] loop: module loaded
[    0.396643]  vda: vda1
[    0.401178] [nandsim] warning: read_byte: unexpected data output cycle, state is STATE_READY return 0x0
[    0.402944] [nandsim] warning: read_byte: unexpected data output cycle, state is STATE_READY return 0x0
[    0.404650] [nandsim] warning: read_byte: unexpected data output cycle, state is STATE_READY return 0x0
[    0.406314] [nandsim] warning: read_byte: unexpected data output cycle, state is STATE_READY return 0x0
[    0.407970] [nandsim] warning: read_byte: unexpected data output cycle, state is STATE_READY return 0x0
[    0.409382] [nandsim] warning: read_byte: unexpected data output cycle, state is STATE_READY return 0x0
[    0.410642] nand: device found, Manufacturer ID: 0x98, Chip ID: 0x39
[    0.411827] nand: Toshiba NAND 128MiB 1,8V 8-bit
[    0.412532] nand: 128 MiB, SLC, erase size: 16 KiB, page size: 512, OOB size: 16
[    0.414049] flash size: 128 MiB
[    0.414665] page size: 512 bytes
[    0.415250] OOB area size: 16 bytes
[    0.415908] sector size: 16 KiB
[    0.416479] pages number: 262144
[    0.417094] pages per sector: 32
[    0.417381] bus width: 8
[    0.417697] bits in sector size: 14
[    0.417922] bits in page size: 9
[    0.418365] bits in OOB size: 4
[    0.418614] flash size with OOB: 135168 KiB
[    0.419075] page address bytes: 4
[    0.419363] sector address bytes: 3
[    0.419796] options: 0x42
[    0.424081] Scanning device for bad blocks
[    0.534199] Creating 11 MTD partitions on "NAND 128MiB 1,8V 8-bit":
[    0.535732] 0x000000000000-0x000000100000 : "NAND simulator partition 0"
[    0.539630] 0x000000100000-0x000000200000 : "NAND simulator partition 1"
[    0.542379] 0x000000200000-0x000000300000 : "NAND simulator partition 2"
[    0.544799] 0x000000300000-0x000000400000 : "NAND simulator partition 3"
[    0.547211] 0x000000400000-0x000000500000 : "NAND simulator partition 4"
[    0.549601] 0x000000500000-0x000000600000 : "NAND simulator partition 5"
[    0.552277] 0x000000600000-0x000000700000 : "NAND simulator partition 6"
[    0.554754] 0x000000700000-0x000000800000 : "NAND simulator partition 7"
[    0.557217] 0x000000800000-0x000000900000 : "NAND simulator partition 8"
[    0.559745] 0x000000900000-0x000000a00000 : "NAND simulator partition 9"
[    0.562401] 0x000000a00000-0x000008000000 : "NAND simulator partition 10"
[    0.567645] tun: Universal TUN/TAP device driver, 1.6
[    0.568632] tun: (C) 1999-2004 Max Krasnyansky <maxk@qualcomm.com>
[    0.582105] PPP generic driver version 2.4.2
[    0.583567] PPP BSD Compression module registered
[    0.584541] PPP Deflate Compression module registered
[    0.585555] PPP MPPE Compression module registered
[    0.586517] NET: Registered protocol family 24
[    0.587585] PPTP driver version 0.8.5
[    0.588894] usbcore: registered new interface driver usb-storage
[    0.591616] hidraw: raw HID events driver (C) Jiri Kosina
[    0.593057] usbcore: registered new interface driver usbhid
[    0.594098] usbhid: USB HID core driver
[    0.595208] Netfilter messages via NETLINK v0.30.
[    0.596607] nf_conntrack version 0.5.0 (3958 buckets, 15832 max)
[    0.598876] ctnetlink v0.93: registering with nfnetlink.
[    0.601889] ipip: IPv4 over IPv4 tunneling driver
[    0.604459] gre: GRE over IPv4 demultiplexor driver
[    0.605454] ip_gre: GRE over IPv4 tunneling driver
[    0.610393] ip_tables: (C) 2000-2006 Netfilter Core Team
[    0.612820] arp_tables: (C) 2002 David S. Miller
[    0.614647] Initializing XFRM netlink socket
[    0.615903] NET: Registered protocol family 10
[    0.622512] ip6_tables: (C) 2000-2006 Netfilter Core Team
[    0.624921] sit: IPv6 over IPv4 tunneling driver
[    0.628931] NET: Registered protocol family 17
[    0.630509] bridge: automatic filtering via arp/ip/ip6tables has been deprecated. Update your scripts to load br_netfilter if you need this.
[    0.632924] Bridge firewalling registered
[    0.633709] Ebtables v2.0 registered
[    0.635381] 8021q: 802.1Q VLAN Support v1.8
[    0.636725] Registering SWP/SWPB emulation handler
[    0.639351] hctosys: unable to open rtc device (rtc0)
[    0.655153] UDF-fs: warning (device vda1): udf_fill_super: No partition found (2)
[    0.671783] UDF-fs: warning (device vda1): udf_fill_super: No partition found (2)
[    0.673318] List of all partitions:
[    0.674131] 0100            8192 ram0  (driver?)
[    0.675034] 0101            8192 ram1  (driver?)
[    0.675904] 0102            8192 ram2  (driver?)
[    0.676758] 0103            8192 ram3  (driver?)
[    0.677627] 0104            8192 ram4  (driver?)
[    0.678457] 0105            8192 ram5  (driver?)
[    0.679311] 0106            8192 ram6  (driver?)
[    0.680400] 0107            8192 ram7  (driver?)
[    0.681268] 0108            8192 ram8  (driver?)
[    0.682146] 0109            8192 ram9  (driver?)
[    0.683004] 010a            8192 ram10  (driver?)
[    0.683357] 010b            8192 ram11  (driver?)
[    0.683870] 010c            8192 ram12  (driver?)
[    0.684292] 010d            8192 ram13  (driver?)
[    0.684864] 010e            8192 ram14  (driver?)
[    0.685391] 010f            8192 ram15  (driver?)
[    0.685617] fe00         1048576 vda  driver: virtio_blk
[    0.686614]   fe01         1047552 vda1 5447822a-01
[    0.686939] 1f00            1024 mtdblock0  (driver?)
[    0.687542] 1f01            1024 mtdblock1  (driver?)
[    0.688105] 1f02            1024 mtdblock2  (driver?)
[    0.688628] 1f03            1024 mtdblock3  (driver?)
[    0.689114] 1f04            1024 mtdblock4  (driver?)
[    0.689543] 1f05            1024 mtdblock5  (driver?)
[    0.690162] 1f06            1024 mtdblock6  (driver?)
[    0.690979] 1f07            1024 mtdblock7  (driver?)
[    0.691401] 1f08            1024 mtdblock8  (driver?)
[    0.692061] 1f09            1024 mtdblock9  (driver?)
[    0.692410] 1f0a          120832 mtdblock10  (driver?)
[    0.692927] No filesystem could mount root, tried:  ext3 ext2 ext4 cramfs squashfs vfat iso9660 romfs udf
[    0.694458] Kernel panic - not syncing: VFS: Unable to mount root fs on unknown-block(254,1)
[    0.695404] CPU: 0 PID: 1 Comm: swapper Tainted: G        W       4.1.17+ #1
[    0.696209] Hardware name: Generic DT based system
[    0.696575] [<c001c99c>] (unwind_backtrace) from [<c0019d30>] (show_stack+0x10/0x14)
[    0.697488] [<c0019d30>] (show_stack) from [<c0410b78>] (panic+0x70/0x1c8)
[    0.698067] [<c0410b78>] (panic) from [<c05c81bc>] (mount_block_root+0x268/0x2ac)
[    0.698685] [<c05c81bc>] (mount_block_root) from [<c05c84a4>] (prepare_namespace+0x158/0x1ac)
[    0.699651] [<c05c84a4>] (prepare_namespace) from [<c05c7d84>] (kernel_init_freeable+0x16c/0x1b0)
[    0.700864] [<c05c7d84>] (kernel_init_freeable) from [<c040f28c>] (kernel_init+0x8/0xe4)
[    0.701464] [<c040f28c>] (kernel_init) from [<c0016da8>] (ret_from_fork+0x14/0x2c)
[    0.702562] ---[ end Kernel panic - not syncing: VFS: Unable to mount root fs on unknown-block(254,1)
