[    0.000000] Booting Linux on physical CPU 0x0
[    0.000000] Linux version 4.1.17+ (vagrant@vagrant-ubuntu-trusty-64) (gcc version 5.3.0 (GCC) ) #1 Thu Feb 18 01:05:21 UTC 2016
[    0.000000] CPU: ARMv7 Processor [412fc0f1] revision 1 (ARMv7), cr=10c5387d
[    0.000000] CPU: PIPT / VIPT nonaliasing data cache, PIPT instruction cache
[    0.000000] Machine model: linux,dummy-virt
[    0.000000] debug: ignoring loglevel setting.
[    0.000000] Memory policy: Data cache writeback
[    0.000000] On node 0 totalpages: 65536
[    0.000000] free_area_init_node: node 0, pgdat c061dfe8, node_mem_map cfdf9000
[    0.000000]   Normal zone: 512 pages used for memmap
[    0.000000]   Normal zone: 0 pages reserved
[    0.000000]   Normal zone: 65536 pages, LIFO batch:15
[    0.000000] CPU: All CPU(s) started in SVC mode.
[    0.000000] pcpu-alloc: s0 r0 d32768 u32768 alloc=1*32768
[    0.000000] pcpu-alloc: [0] 0 
[    0.000000] Built 1 zonelists in Zone order, mobility grouping on.  Total pages: 65024
[    0.000000] Kernel command line: firmadyne.syscall=1 root=/dev/vda1 console=ttyS0 nandsim.parts=64,64,64,64,64,64,64,64,64,64 rdinit=/firmadyne/preInit.sh rw debug ignore_loglevel print-fatal-signals=1 user_debug=31
[    0.000000] PID hash table entries: 1024 (order: 0, 4096 bytes)
[    0.000000] Dentry cache hash table entries: 32768 (order: 5, 131072 bytes)
[    0.000000] Inode-cache hash table entries: 16384 (order: 4, 65536 bytes)
[    0.000000] Memory: 253344K/262144K available (4297K kernel code, 170K rwdata, 1584K rodata, 180K init, 148K bss, 8800K reserved, 0K cma-reserved)
[    0.000000] Virtual kernel memory layout:
[    0.000000]     vector  : 0xffff0000 - 0xffff1000   (   4 kB)
[    0.000000]     fixmap  : 0xffc00000 - 0xfff00000   (3072 kB)
[    0.000000]     vmalloc : 0xd0800000 - 0xff000000   ( 744 MB)
[    0.000000]     lowmem  : 0xc0000000 - 0xd0000000   ( 256 MB)
[    0.000000]     modules : 0xbf000000 - 0xc0000000   (  16 MB)
[    0.000000]       .text : 0xc0008000 - 0xc05c67bc   (5882 kB)
[    0.000000]       .init : 0xc05c7000 - 0xc05f4000   ( 180 kB)
[    0.000000]       .data : 0xc05f4000 - 0xc061e840   ( 171 kB)
[    0.000000]        .bss : 0xc0621000 - 0xc06462d4   ( 149 kB)
[    0.000000] NR_IRQS:16 nr_irqs:16 16
[    0.000000] Architected cp15 timer(s) running at 62.50MHz (virt).
[    0.000000] clocksource arch_sys_counter: mask: 0xffffffffffffff max_cycles: 0x1cd42e208c, max_idle_ns: 881590405314 ns
[    0.000115] sched_clock: 56 bits at 62MHz, resolution 16ns, wraps every 4398046511096ns
[    0.000209] Switching to timer-based delay loop, resolution 16ns
[    0.002446] Console: colour dummy device 80x30
[    0.002678] Calibrating delay loop (skipped), value calculated using timer frequency.. 125.00 BogoMIPS (lpj=625000)
[    0.002766] pid_max: default: 32768 minimum: 301
[    0.003423] Mount-cache hash table entries: 1024 (order: 0, 4096 bytes)
[    0.003449] Mountpoint-cache hash table entries: 1024 (order: 0, 4096 bytes)
[    0.008737] CPU: Testing write buffer coherency: ok
[    0.015058] Setting up static identity map for 0x40008240 - 0x40008298
[    0.026055] VFP support v0.3: implementor 41 architecture 4 part 30 variant f rev 0
[    0.034898] clocksource jiffies: mask: 0xffffffff max_cycles: 0xffffffff, max_idle_ns: 19112604462750000 ns
[    0.041487] NET: Registered protocol family 16
[    0.043961] DMA: preallocated 256 KiB pool for atomic coherent allocations
[    0.046875] cpuidle: using governor ladder
[    0.046982] cpuidle: using governor menu
[    0.049514] genirq: Setting trigger mode 1 for irq 20 failed (gic_set_type+0x0/0x48)
[    0.050874] genirq: Setting trigger mode 1 for irq 21 failed (gic_set_type+0x0/0x48)
[    0.051104] genirq: Setting trigger mode 1 for irq 22 failed (gic_set_type+0x0/0x48)
[    0.051340] genirq: Setting trigger mode 1 for irq 23 failed (gic_set_type+0x0/0x48)
[    0.051579] genirq: Setting trigger mode 1 for irq 24 failed (gic_set_type+0x0/0x48)
[    0.051817] genirq: Setting trigger mode 1 for irq 25 failed (gic_set_type+0x0/0x48)
[    0.052024] genirq: Setting trigger mode 1 for irq 26 failed (gic_set_type+0x0/0x48)
[    0.052248] genirq: Setting trigger mode 1 for irq 27 failed (gic_set_type+0x0/0x48)
[    0.052812] genirq: Setting trigger mode 1 for irq 28 failed (gic_set_type+0x0/0x48)
[    0.053099] genirq: Setting trigger mode 1 for irq 29 failed (gic_set_type+0x0/0x48)
[    0.053340] genirq: Setting trigger mode 1 for irq 30 failed (gic_set_type+0x0/0x48)
[    0.053595] genirq: Setting trigger mode 1 for irq 31 failed (gic_set_type+0x0/0x48)
[    0.053835] genirq: Setting trigger mode 1 for irq 32 failed (gic_set_type+0x0/0x48)
[    0.054053] genirq: Setting trigger mode 1 for irq 33 failed (gic_set_type+0x0/0x48)
[    0.054272] genirq: Setting trigger mode 1 for irq 34 failed (gic_set_type+0x0/0x48)
[    0.054472] genirq: Setting trigger mode 1 for irq 35 failed (gic_set_type+0x0/0x48)
[    0.054684] genirq: Setting trigger mode 1 for irq 36 failed (gic_set_type+0x0/0x48)
[    0.054903] genirq: Setting trigger mode 1 for irq 37 failed (gic_set_type+0x0/0x48)
[    0.055155] genirq: Setting trigger mode 1 for irq 38 failed (gic_set_type+0x0/0x48)
[    0.055374] genirq: Setting trigger mode 1 for irq 39 failed (gic_set_type+0x0/0x48)
[    0.055580] genirq: Setting trigger mode 1 for irq 40 failed (gic_set_type+0x0/0x48)
[    0.055813] genirq: Setting trigger mode 1 for irq 41 failed (gic_set_type+0x0/0x48)
[    0.056040] genirq: Setting trigger mode 1 for irq 42 failed (gic_set_type+0x0/0x48)
[    0.056260] genirq: Setting trigger mode 1 for irq 43 failed (gic_set_type+0x0/0x48)
[    0.056490] genirq: Setting trigger mode 1 for irq 44 failed (gic_set_type+0x0/0x48)
[    0.056724] genirq: Setting trigger mode 1 for irq 45 failed (gic_set_type+0x0/0x48)
[    0.056935] genirq: Setting trigger mode 1 for irq 46 failed (gic_set_type+0x0/0x48)
[    0.057182] genirq: Setting trigger mode 1 for irq 47 failed (gic_set_type+0x0/0x48)
[    0.057413] genirq: Setting trigger mode 1 for irq 48 failed (gic_set_type+0x0/0x48)
[    0.057625] genirq: Setting trigger mode 1 for irq 49 failed (gic_set_type+0x0/0x48)
[    0.057830] genirq: Setting trigger mode 1 for irq 50 failed (gic_set_type+0x0/0x48)
[    0.058035] genirq: Setting trigger mode 1 for irq 51 failed (gic_set_type+0x0/0x48)
[    0.058423] genirq: Setting trigger mode 1 for irq 52 failed (gic_set_type+0x0/0x48)
[    0.061023] Serial: AMBA PL011 UART driver
[    0.062448] 9000000.pl011: ttyS0 at MMIO 0x9000000 (irq = 52, base_baud = 0) is a PL011 rev1
[    0.081186] console [ttyS0] enabled
[    0.099492] vgaarb: loaded
[    0.100555] SCSI subsystem initialized
[    0.101348] usbcore: registered new interface driver usbfs
[    0.101723] usbcore: registered new interface driver hub
[    0.102067] usbcore: registered new device driver usb
[    0.108759] cfg80211: Calling CRDA to update world regulatory domain
[    0.110457] Switched to clocksource arch_sys_counter
[    0.123575] NET: Registered protocol family 2
[    0.127480] TCP established hash table entries: 2048 (order: 1, 8192 bytes)
[    0.127792] TCP bind hash table entries: 2048 (order: 1, 8192 bytes)
[    0.128118] TCP: Hash tables configured (established 2048 bind 2048)
[    0.128599] UDP hash table entries: 256 (order: 0, 4096 bytes)
[    0.128866] UDP-Lite hash table entries: 256 (order: 0, 4096 bytes)
[    0.129955] NET: Registered protocol family 1
[    0.130591] PCI: CLS 0 bytes, default 64
[    0.136171] NetWinder Floating Point Emulator V0.97 (extended precision)
[    0.138353] futex hash table entries: 256 (order: -1, 3072 bytes)
[    0.142879] squashfs: version 4.0 (2009/01/31) Phillip Lougher
[    0.143737] jffs2: version 2.2. (NAND) Â© 2001-2006 Red Hat, Inc.
[    0.144513] romfs: ROMFS MTD (C) 2007 Red Hat, Inc.
[    0.151813] Block layer SCSI generic (bsg) driver version 0.4 loaded (major 253)
[    0.152142] io scheduler noop registered
[    0.152362] io scheduler cfq registered (default)
[    0.152915] firmadyne: devfs: 1, execute: 1, procfs: 1, syscall: 1
[    0.153924] ------------[ cut here ]------------
[    0.154112] WARNING: CPU: 0 PID: 1 at /home/vagrant/firmadyne-kernel/kernel-v4.1/fs/sysfs/dir.c:31 sysfs_warn_dup+0x50/0x6c()
[    0.154452] sysfs: cannot create duplicate filename '/class/gpio'
[    0.154658] Modules linked in:
[    0.154929] CPU: 0 PID: 1 Comm: swapper Not tainted 4.1.17+ #1
[    0.155116] Hardware name: Generic DT based system
[    0.155713] [<c001c99c>] (unwind_backtrace) from [<c0019d30>] (show_stack+0x10/0x14)
[    0.156027] [<c0019d30>] (show_stack) from [<c0024ab4>] (warn_slowpath_common+0x80/0xa8)
[    0.156296] [<c0024ab4>] (warn_slowpath_common) from [<c0024b08>] (warn_slowpath_fmt+0x2c/0x3c)
[    0.156604] [<c0024b08>] (warn_slowpath_fmt) from [<c00e363c>] (sysfs_warn_dup+0x50/0x6c)
[    0.156860] [<c00e363c>] (sysfs_warn_dup) from [<c00e3714>] (sysfs_create_dir_ns+0x74/0x84)
[    0.157121] [<c00e3714>] (sysfs_create_dir_ns) from [<c018e6ac>] (kobject_add_internal+0xb8/0x2ac)
[    0.157397] [<c018e6ac>] (kobject_add_internal) from [<c018e9a8>] (kset_register+0x1c/0x44)
[    0.157657] [<c018e9a8>] (kset_register) from [<c02090b4>] (__class_register+0xa8/0x198)
[    0.157909] [<c02090b4>] (__class_register) from [<c02091e4>] (__class_create+0x40/0x70)
[    0.158172] [<c02091e4>] (__class_create) from [<c01adf68>] (register_devfs_stubs+0x314/0xbb4)
[    0.158440] [<c01adf68>] (register_devfs_stubs) from [<c05d9b08>] (init_module+0x28/0xa4)
[    0.158717] [<c05d9b08>] (init_module) from [<c0009670>] (do_one_initcall+0x104/0x1b4)
[    0.158967] [<c0009670>] (do_one_initcall) from [<c05c7d08>] (kernel_init_freeable+0xf0/0x1b0)
[    0.159234] [<c05c7d08>] (kernel_init_freeable) from [<c040f28c>] (kernel_init+0x8/0xe4)
[    0.159483] [<c040f28c>] (kernel_init) from [<c0016da8>] (ret_from_fork+0x14/0x2c)
[    0.159775] ---[ end trace 16664a30a39c931b ]---
[    0.159982] ------------[ cut here ]------------
[    0.160138] WARNING: CPU: 0 PID: 1 at /home/vagrant/firmadyne-kernel/kernel-v4.1/lib/kobject.c:240 kobject_add_internal+0x240/0x2ac()
[    0.160673] kobject_add_internal failed for gpio with -EEXIST, don't try to register things with the same name in the same directory.
[    0.161026] Modules linked in:
[    0.161188] CPU: 0 PID: 1 Comm: swapper Tainted: G        W       4.1.17+ #1
[    0.161400] Hardware name: Generic DT based system
[    0.161567] [<c001c99c>] (unwind_backtrace) from [<c0019d30>] (show_stack+0x10/0x14)
[    0.161814] [<c0019d30>] (show_stack) from [<c0024ab4>] (warn_slowpath_common+0x80/0xa8)
[    0.162070] [<c0024ab4>] (warn_slowpath_common) from [<c0024b08>] (warn_slowpath_fmt+0x2c/0x3c)
[    0.162353] [<c0024b08>] (warn_slowpath_fmt) from [<c018e834>] (kobject_add_internal+0x240/0x2ac)
[    0.162627] [<c018e834>] (kobject_add_internal) from [<c018e9a8>] (kset_register+0x1c/0x44)
[    0.162886] [<c018e9a8>] (kset_register) from [<c02090b4>] (__class_register+0xa8/0x198)
[    0.163139] [<c02090b4>] (__class_register) from [<c02091e4>] (__class_create+0x40/0x70)
[    0.163391] [<c02091e4>] (__class_create) from [<c01adf68>] (register_devfs_stubs+0x314/0xbb4)
[    0.163660] [<c01adf68>] (register_devfs_stubs) from [<c05d9b08>] (init_module+0x28/0xa4)
[    0.163922] [<c05d9b08>] (init_module) from [<c0009670>] (do_one_initcall+0x104/0x1b4)
[    0.164171] [<c0009670>] (do_one_initcall) from [<c05c7d08>] (kernel_init_freeable+0xf0/0x1b0)
[    0.164437] [<c05c7d08>] (kernel_init_freeable) from [<c040f28c>] (kernel_init+0x8/0xe4)
[    0.164685] [<c040f28c>] (kernel_init) from [<c0016da8>] (ret_from_fork+0x14/0x2c)
[    0.164923] ---[ end trace 16664a30a39c931c ]---
[    0.165109] firmadyne: Cannot create device class: gpio!
[    0.166343] firmadyne: Cannot register character device: watchdog, 0xa, 0x82!
[    0.166581] firmadyne: Cannot register character device: wdt, 0xfd, 0x0!
[    0.251534] Non-volatile memory driver v1.3
[    0.269878] brd: module loaded
[    0.277939] loop: module loaded
[    0.286776]  vda: vda1
[    0.290661] [nandsim] warning: read_byte: unexpected data output cycle, state is STATE_READY return 0x0
[    0.291004] [nandsim] warning: read_byte: unexpected data output cycle, state is STATE_READY return 0x0
[    0.291282] [nandsim] warning: read_byte: unexpected data output cycle, state is STATE_READY return 0x0
[    0.291560] [nandsim] warning: read_byte: unexpected data output cycle, state is STATE_READY return 0x0
[    0.291843] [nandsim] warning: read_byte: unexpected data output cycle, state is STATE_READY return 0x0
[    0.292119] [nandsim] warning: read_byte: unexpected data output cycle, state is STATE_READY return 0x0
[    0.292580] nand: device found, Manufacturer ID: 0x98, Chip ID: 0x39
[    0.292788] nand: Toshiba NAND 128MiB 1,8V 8-bit
[    0.292950] nand: 128 MiB, SLC, erase size: 16 KiB, page size: 512, OOB size: 16
[    0.293759] flash size: 128 MiB
[    0.293868] page size: 512 bytes
[    0.293975] OOB area size: 16 bytes
[    0.294099] sector size: 16 KiB
[    0.294206] pages number: 262144
[    0.294335] pages per sector: 32
[    0.294456] bus width: 8
[    0.294555] bits in sector size: 14
[    0.294685] bits in page size: 9
[    0.294810] bits in OOB size: 4
[    0.294934] flash size with OOB: 135168 KiB
[    0.295087] page address bytes: 4
[    0.295219] sector address bytes: 3
[    0.295331] options: 0x42
[    0.298984] Scanning device for bad blocks
[    0.409062] Creating 11 MTD partitions on "NAND 128MiB 1,8V 8-bit":
[    0.409486] 0x000000000000-0x000000100000 : "NAND simulator partition 0"
[    0.412283] 0x000000100000-0x000000200000 : "NAND simulator partition 1"
[    0.413461] 0x000000200000-0x000000300000 : "NAND simulator partition 2"
[    0.414716] 0x000000300000-0x000000400000 : "NAND simulator partition 3"
[    0.416081] 0x000000400000-0x000000500000 : "NAND simulator partition 4"
[    0.417250] 0x000000500000-0x000000600000 : "NAND simulator partition 5"
[    0.418441] 0x000000600000-0x000000700000 : "NAND simulator partition 6"
[    0.419646] 0x000000700000-0x000000800000 : "NAND simulator partition 7"
[    0.421279] 0x000000800000-0x000000900000 : "NAND simulator partition 8"
[    0.422763] 0x000000900000-0x000000a00000 : "NAND simulator partition 9"
[    0.423969] 0x000000a00000-0x000008000000 : "NAND simulator partition 10"
[    0.427590] tun: Universal TUN/TAP device driver, 1.6
[    0.427768] tun: (C) 1999-2004 Max Krasnyansky <maxk@qualcomm.com>
[    0.445779] PPP generic driver version 2.4.2
[    0.446386] PPP BSD Compression module registered
[    0.446578] PPP Deflate Compression module registered
[    0.446810] PPP MPPE Compression module registered
[    0.447000] NET: Registered protocol family 24
[    0.447289] PPTP driver version 0.8.5
[    0.448145] usbcore: registered new interface driver usb-storage
[    0.449632] hidraw: raw HID events driver (C) Jiri Kosina
[    0.450159] usbcore: registered new interface driver usbhid
[    0.450574] usbhid: USB HID core driver
[    0.451040] Netfilter messages via NETLINK v0.30.
[    0.451608] nf_conntrack version 0.5.0 (3958 buckets, 15832 max)
[    0.452751] ctnetlink v0.93: registering with nfnetlink.
[    0.453928] ipip: IPv4 over IPv4 tunneling driver
[    0.455536] gre: GRE over IPv4 demultiplexor driver
[    0.455769] ip_gre: GRE over IPv4 tunneling driver
[    0.459536] ip_tables: (C) 2000-2006 Netfilter Core Team
[    0.461097] arp_tables: (C) 2002 David S. Miller
[    0.462001] Initializing XFRM netlink socket
[    0.462462] NET: Registered protocol family 10
[    0.467675] ip6_tables: (C) 2000-2006 Netfilter Core Team
[    0.469186] sit: IPv6 over IPv4 tunneling driver
[    0.472384] NET: Registered protocol family 17
[    0.472896] bridge: automatic filtering via arp/ip/ip6tables has been deprecated. Update your scripts to load br_netfilter if you need this.
[    0.473339] Bridge firewalling registered
[    0.473500] Ebtables v2.0 registered
[    0.474419] 8021q: 802.1Q VLAN Support v1.8
[    0.474943] Registering SWP/SWPB emulation handler
[    0.476607] hctosys: unable to open rtc device (rtc0)
[    0.490740] UDF-fs: warning (device vda1): udf_fill_super: No partition found (2)
[    0.504810] UDF-fs: warning (device vda1): udf_fill_super: No partition found (2)
[    0.505120] List of all partitions:
[    0.505354] 0100            8192 ram0  (driver?)
[    0.505541] 0101            8192 ram1  (driver?)
[    0.505696] 0102            8192 ram2  (driver?)
[    0.505849] 0103            8192 ram3  (driver?)
[    0.506001] 0104            8192 ram4  (driver?)
[    0.506166] 0105            8192 ram5  (driver?)
[    0.506317] 0106            8192 ram6  (driver?)
[    0.506469] 0107            8192 ram7  (driver?)
[    0.506621] 0108            8192 ram8  (driver?)
[    0.506773] 0109            8192 ram9  (driver?)
[    0.506925] 010a            8192 ram10  (driver?)
[    0.507080] 010b            8192 ram11  (driver?)
[    0.507235] 010c            8192 ram12  (driver?)
[    0.507390] 010d            8192 ram13  (driver?)
[    0.507544] 010e            8192 ram14  (driver?)
[    0.507706] 010f            8192 ram15  (driver?)
[    0.507865] fe00         1048576 vda  driver: virtio_blk
[    0.508053]   fe01         1047552 vda1 ae75a056-01
[    0.508217] 1f00            1024 mtdblock0  (driver?)
[    0.508382] 1f01            1024 mtdblock1  (driver?)
[    0.508547] 1f02            1024 mtdblock2  (driver?)
[    0.508712] 1f03            1024 mtdblock3  (driver?)
[    0.508880] 1f04            1024 mtdblock4  (driver?)
[    0.509045] 1f05            1024 mtdblock5  (driver?)
[    0.509210] 1f06            1024 mtdblock6  (driver?)
[    0.509375] 1f07            1024 mtdblock7  (driver?)
[    0.509539] 1f08            1024 mtdblock8  (driver?)
[    0.509746] 1f09            1024 mtdblock9  (driver?)
[    0.509938] 1f0a          120832 mtdblock10  (driver?)
[    0.510153] No filesystem could mount root, tried:  ext3 ext2 ext4 cramfs squashfs vfat iso9660 romfs udf
[    0.510881] Kernel panic - not syncing: VFS: Unable to mount root fs on unknown-block(254,1)
[    0.511158] CPU: 0 PID: 1 Comm: swapper Tainted: G        W       4.1.17+ #1
[    0.511371] Hardware name: Generic DT based system
[    0.511556] [<c001c99c>] (unwind_backtrace) from [<c0019d30>] (show_stack+0x10/0x14)
[    0.511849] [<c0019d30>] (show_stack) from [<c0410b78>] (panic+0x70/0x1c8)
[    0.512115] [<c0410b78>] (panic) from [<c05c81bc>] (mount_block_root+0x268/0x2ac)
[    0.512397] [<c05c81bc>] (mount_block_root) from [<c05c84a4>] (prepare_namespace+0x158/0x1ac)
[    0.512712] [<c05c84a4>] (prepare_namespace) from [<c05c7d84>] (kernel_init_freeable+0x16c/0x1b0)
[    0.513026] [<c05c7d84>] (kernel_init_freeable) from [<c040f28c>] (kernel_init+0x8/0xe4)
[    0.513277] [<c040f28c>] (kernel_init) from [<c0016da8>] (ret_from_fork+0x14/0x2c)
[    0.513696] ---[ end Kernel panic - not syncing: VFS: Unable to mount root fs on unknown-block(254,1)
