[    0.000000] Booting Linux on physical CPU 0x0
[    0.000000] Linux version 4.1.17+ (vagrant@vagrant-ubuntu-trusty-64) (gcc version 5.3.0 (GCC) ) #1 Thu Feb 18 01:05:21 UTC 2016
[    0.000000] CPU: ARMv7 Processor [412fc0f1] revision 1 (ARMv7), cr=10c5387d
[    0.000000] CPU: PIPT / VIPT nonaliasing data cache, PIPT instruction cache
[    0.000000] Machine model: linux,dummy-virt
[    0.000000] debug: ignoring loglevel setting.
[    0.000000] Memory policy: Data cache writeback
[    0.000000] On node 0 totalpages: 65536
[    0.000000] free_area_init_node: node 0, pgdat c061dfe8, node_mem_map cfdf9000
[    0.000000]   Normal zone: 512 pages used for memmap
[    0.000000]   Normal zone: 0 pages reserved
[    0.000000]   Normal zone: 65536 pages, LIFO batch:15
[    0.000000] CPU: All CPU(s) started in SVC mode.
[    0.000000] pcpu-alloc: s0 r0 d32768 u32768 alloc=1*32768
[    0.000000] pcpu-alloc: [0] 0 
[    0.000000] Built 1 zonelists in Zone order, mobility grouping on.  Total pages: 65024
[    0.000000] Kernel command line: root=/dev/vda1 console=ttyS0 nandsim.parts=64,64,64,64,64,64,64,64,64,64 rdinit=/firmadyne/preInit.sh rw debug ignore_loglevel print-fatal-signals=1 user_debug=31 firmadyne.syscall=0
[    0.000000] PID hash table entries: 1024 (order: 0, 4096 bytes)
[    0.000000] Dentry cache hash table entries: 32768 (order: 5, 131072 bytes)
[    0.000000] Inode-cache hash table entries: 16384 (order: 4, 65536 bytes)
[    0.000000] Memory: 253344K/262144K available (4297K kernel code, 170K rwdata, 1584K rodata, 180K init, 148K bss, 8800K reserved, 0K cma-reserved)
[    0.000000] Virtual kernel memory layout:
[    0.000000]     vector  : 0xffff0000 - 0xffff1000   (   4 kB)
[    0.000000]     fixmap  : 0xffc00000 - 0xfff00000   (3072 kB)
[    0.000000]     vmalloc : 0xd0800000 - 0xff000000   ( 744 MB)
[    0.000000]     lowmem  : 0xc0000000 - 0xd0000000   ( 256 MB)
[    0.000000]     modules : 0xbf000000 - 0xc0000000   (  16 MB)
[    0.000000]       .text : 0xc0008000 - 0xc05c67bc   (5882 kB)
[    0.000000]       .init : 0xc05c7000 - 0xc05f4000   ( 180 kB)
[    0.000000]       .data : 0xc05f4000 - 0xc061e840   ( 171 kB)
[    0.000000]        .bss : 0xc0621000 - 0xc06462d4   ( 149 kB)
[    0.000000] NR_IRQS:16 nr_irqs:16 16
[    0.000000] Architected cp15 timer(s) running at 62.50MHz (virt).
[    0.000000] clocksource arch_sys_counter: mask: 0xffffffffffffff max_cycles: 0x1cd42e208c, max_idle_ns: 881590405314 ns
[    0.000133] sched_clock: 56 bits at 62MHz, resolution 16ns, wraps every 4398046511096ns
[    0.000243] Switching to timer-based delay loop, resolution 16ns
[    0.002841] Console: colour dummy device 80x30
[    0.003117] Calibrating delay loop (skipped), value calculated using timer frequency.. 125.00 BogoMIPS (lpj=625000)
[    0.003220] pid_max: default: 32768 minimum: 301
[    0.004011] Mount-cache hash table entries: 1024 (order: 0, 4096 bytes)
[    0.004041] Mountpoint-cache hash table entries: 1024 (order: 0, 4096 bytes)
[    0.011944] CPU: Testing write buffer coherency: ok
[    0.017166] Setting up static identity map for 0x40008240 - 0x40008298
[    0.029501] VFP support v0.3: implementor 41 architecture 4 part 30 variant f rev 0
[    0.039367] clocksource jiffies: mask: 0xffffffff max_cycles: 0xffffffff, max_idle_ns: 19112604462750000 ns
[    0.046835] NET: Registered protocol family 16
[    0.049605] DMA: preallocated 256 KiB pool for atomic coherent allocations
[    0.052832] cpuidle: using governor ladder
[    0.052955] cpuidle: using governor menu
[    0.056054] genirq: Setting trigger mode 1 for irq 20 failed (gic_set_type+0x0/0x48)
[    0.057496] genirq: Setting trigger mode 1 for irq 21 failed (gic_set_type+0x0/0x48)
[    0.057757] genirq: Setting trigger mode 1 for irq 22 failed (gic_set_type+0x0/0x48)
[    0.058045] genirq: Setting trigger mode 1 for irq 23 failed (gic_set_type+0x0/0x48)
[    0.058325] genirq: Setting trigger mode 1 for irq 24 failed (gic_set_type+0x0/0x48)
[    0.058583] genirq: Setting trigger mode 1 for irq 25 failed (gic_set_type+0x0/0x48)
[    0.058818] genirq: Setting trigger mode 1 for irq 26 failed (gic_set_type+0x0/0x48)
[    0.059055] genirq: Setting trigger mode 1 for irq 27 failed (gic_set_type+0x0/0x48)
[    0.059401] genirq: Setting trigger mode 1 for irq 28 failed (gic_set_type+0x0/0x48)
[    0.059674] genirq: Setting trigger mode 1 for irq 29 failed (gic_set_type+0x0/0x48)
[    0.059907] genirq: Setting trigger mode 1 for irq 30 failed (gic_set_type+0x0/0x48)
[    0.060156] genirq: Setting trigger mode 1 for irq 31 failed (gic_set_type+0x0/0x48)
[    0.060388] genirq: Setting trigger mode 1 for irq 32 failed (gic_set_type+0x0/0x48)
[    0.060638] genirq: Setting trigger mode 1 for irq 33 failed (gic_set_type+0x0/0x48)
[    0.060867] genirq: Setting trigger mode 1 for irq 34 failed (gic_set_type+0x0/0x48)
[    0.061094] genirq: Setting trigger mode 1 for irq 35 failed (gic_set_type+0x0/0x48)
[    0.061338] genirq: Setting trigger mode 1 for irq 36 failed (gic_set_type+0x0/0x48)
[    0.061591] genirq: Setting trigger mode 1 for irq 37 failed (gic_set_type+0x0/0x48)
[    0.061880] genirq: Setting trigger mode 1 for irq 38 failed (gic_set_type+0x0/0x48)
[    0.062150] genirq: Setting trigger mode 1 for irq 39 failed (gic_set_type+0x0/0x48)
[    0.062389] genirq: Setting trigger mode 1 for irq 40 failed (gic_set_type+0x0/0x48)
[    0.062643] genirq: Setting trigger mode 1 for irq 41 failed (gic_set_type+0x0/0x48)
[    0.062901] genirq: Setting trigger mode 1 for irq 42 failed (gic_set_type+0x0/0x48)
[    0.063154] genirq: Setting trigger mode 1 for irq 43 failed (gic_set_type+0x0/0x48)
[    0.063517] genirq: Setting trigger mode 1 for irq 44 failed (gic_set_type+0x0/0x48)
[    0.063916] genirq: Setting trigger mode 1 for irq 45 failed (gic_set_type+0x0/0x48)
[    0.064167] genirq: Setting trigger mode 1 for irq 46 failed (gic_set_type+0x0/0x48)
[    0.064456] genirq: Setting trigger mode 1 for irq 47 failed (gic_set_type+0x0/0x48)
[    0.064722] genirq: Setting trigger mode 1 for irq 48 failed (gic_set_type+0x0/0x48)
[    0.064966] genirq: Setting trigger mode 1 for irq 49 failed (gic_set_type+0x0/0x48)
[    0.065203] genirq: Setting trigger mode 1 for irq 50 failed (gic_set_type+0x0/0x48)
[    0.065440] genirq: Setting trigger mode 1 for irq 51 failed (gic_set_type+0x0/0x48)
[    0.065867] genirq: Setting trigger mode 1 for irq 52 failed (gic_set_type+0x0/0x48)
[    0.068894] Serial: AMBA PL011 UART driver
[    0.070553] 9000000.pl011: ttyS0 at MMIO 0x9000000 (irq = 52, base_baud = 0) is a PL011 rev1
[    0.129190] console [ttyS0] enabled
[    0.148668] vgaarb: loaded
[    0.150756] SCSI subsystem initialized
[    0.152360] usbcore: registered new interface driver usbfs
[    0.153621] usbcore: registered new interface driver hub
[    0.154876] usbcore: registered new device driver usb
[    0.163369] cfg80211: Calling CRDA to update world regulatory domain
[    0.166473] Switched to clocksource arch_sys_counter
[    0.181908] NET: Registered protocol family 2
[    0.187227] TCP established hash table entries: 2048 (order: 1, 8192 bytes)
[    0.188685] TCP bind hash table entries: 2048 (order: 1, 8192 bytes)
[    0.190087] TCP: Hash tables configured (established 2048 bind 2048)
[    0.191728] UDP hash table entries: 256 (order: 0, 4096 bytes)
[    0.192954] UDP-Lite hash table entries: 256 (order: 0, 4096 bytes)
[    0.195317] NET: Registered protocol family 1
[    0.196767] PCI: CLS 0 bytes, default 64
[    0.203570] NetWinder Floating Point Emulator V0.97 (extended precision)
[    0.207151] futex hash table entries: 256 (order: -1, 3072 bytes)
[    0.212829] squashfs: version 4.0 (2009/01/31) Phillip Lougher
[    0.215127] jffs2: version 2.2. (NAND) Â© 2001-2006 Red Hat, Inc.
[    0.217213] romfs: ROMFS MTD (C) 2007 Red Hat, Inc.
[    0.225086] Block layer SCSI generic (bsg) driver version 0.4 loaded (major 253)
[    0.226973] io scheduler noop registered
[    0.227869] io scheduler cfq registered (default)
[    0.229349] firmadyne: devfs: 1, execute: 1, procfs: 1, syscall: 0
[    0.231590] ------------[ cut here ]------------
[    0.232508] WARNING: CPU: 0 PID: 1 at /home/vagrant/firmadyne-kernel/kernel-v4.1/fs/sysfs/dir.c:31 sysfs_warn_dup+0x50/0x6c()
[    0.234612] sysfs: cannot create duplicate filename '/class/gpio'
[    0.235792] Modules linked in:
[    0.236912] CPU: 0 PID: 1 Comm: swapper Not tainted 4.1.17+ #1
[    0.238011] Hardware name: Generic DT based system
[    0.239516] [<c001c99c>] (unwind_backtrace) from [<c0019d30>] (show_stack+0x10/0x14)
[    0.241071] [<c0019d30>] (show_stack) from [<c0024ab4>] (warn_slowpath_common+0x80/0xa8)
[    0.242621] [<c0024ab4>] (warn_slowpath_common) from [<c0024b08>] (warn_slowpath_fmt+0x2c/0x3c)
[    0.244287] [<c0024b08>] (warn_slowpath_fmt) from [<c00e363c>] (sysfs_warn_dup+0x50/0x6c)
[    0.245817] [<c00e363c>] (sysfs_warn_dup) from [<c00e3714>] (sysfs_create_dir_ns+0x74/0x84)
[    0.246819] [<c00e3714>] (sysfs_create_dir_ns) from [<c018e6ac>] (kobject_add_internal+0xb8/0x2ac)
[    0.247888] [<c018e6ac>] (kobject_add_internal) from [<c018e9a8>] (kset_register+0x1c/0x44)
[    0.248875] [<c018e9a8>] (kset_register) from [<c02090b4>] (__class_register+0xa8/0x198)
[    0.249676] [<c02090b4>] (__class_register) from [<c02091e4>] (__class_create+0x40/0x70)
[    0.250494] [<c02091e4>] (__class_create) from [<c01adf68>] (register_devfs_stubs+0x314/0xbb4)
[    0.251364] [<c01adf68>] (register_devfs_stubs) from [<c05d9b08>] (init_module+0x28/0xa4)
[    0.252127] [<c05d9b08>] (init_module) from [<c0009670>] (do_one_initcall+0x104/0x1b4)
[    0.252824] [<c0009670>] (do_one_initcall) from [<c05c7d08>] (kernel_init_freeable+0xf0/0x1b0)
[    0.253884] [<c05c7d08>] (kernel_init_freeable) from [<c040f28c>] (kernel_init+0x8/0xe4)
[    0.254593] [<c040f28c>] (kernel_init) from [<c0016da8>] (ret_from_fork+0x14/0x2c)
[    0.255496] ---[ end trace 4fdd7254a8854ceb ]---
[    0.256487] ------------[ cut here ]------------
[    0.257387] WARNING: CPU: 0 PID: 1 at /home/vagrant/firmadyne-kernel/kernel-v4.1/lib/kobject.c:240 kobject_add_internal+0x240/0x2ac()
[    0.258434] kobject_add_internal failed for gpio with -EEXIST, don't try to register things with the same name in the same directory.
[    0.259481] Modules linked in:
[    0.259860] CPU: 0 PID: 1 Comm: swapper Tainted: G        W       4.1.17+ #1
[    0.260698] Hardware name: Generic DT based system
[    0.261096] [<c001c99c>] (unwind_backtrace) from [<c0019d30>] (show_stack+0x10/0x14)
[    0.261811] [<c0019d30>] (show_stack) from [<c0024ab4>] (warn_slowpath_common+0x80/0xa8)
[    0.262808] [<c0024ab4>] (warn_slowpath_common) from [<c0024b08>] (warn_slowpath_fmt+0x2c/0x3c)
[    0.263606] [<c0024b08>] (warn_slowpath_fmt) from [<c018e834>] (kobject_add_internal+0x240/0x2ac)
[    0.264484] [<c018e834>] (kobject_add_internal) from [<c018e9a8>] (kset_register+0x1c/0x44)
[    0.265137] [<c018e9a8>] (kset_register) from [<c02090b4>] (__class_register+0xa8/0x198)
[    0.266046] [<c02090b4>] (__class_register) from [<c02091e4>] (__class_create+0x40/0x70)
[    0.267151] [<c02091e4>] (__class_create) from [<c01adf68>] (register_devfs_stubs+0x314/0xbb4)
[    0.268128] [<c01adf68>] (register_devfs_stubs) from [<c05d9b08>] (init_module+0x28/0xa4)
[    0.268812] [<c05d9b08>] (init_module) from [<c0009670>] (do_one_initcall+0x104/0x1b4)
[    0.269642] [<c0009670>] (do_one_initcall) from [<c05c7d08>] (kernel_init_freeable+0xf0/0x1b0)
[    0.270534] [<c05c7d08>] (kernel_init_freeable) from [<c040f28c>] (kernel_init+0x8/0xe4)
[    0.271260] [<c040f28c>] (kernel_init) from [<c0016da8>] (ret_from_fork+0x14/0x2c)
[    0.271826] ---[ end trace 4fdd7254a8854cec ]---
[    0.272579] firmadyne: Cannot create device class: gpio!
[    0.274656] firmadyne: Cannot register character device: watchdog, 0xa, 0x82!
[    0.276055] firmadyne: Cannot register character device: wdt, 0xfd, 0x0!
[    0.371611] Non-volatile memory driver v1.3
[    0.391280] brd: module loaded
[    0.400675] loop: module loaded
[    0.413171]  vda: vda1
[    0.417957] [nandsim] warning: read_byte: unexpected data output cycle, state is STATE_READY return 0x0
[    0.419782] [nandsim] warning: read_byte: unexpected data output cycle, state is STATE_READY return 0x0
[    0.421521] [nandsim] warning: read_byte: unexpected data output cycle, state is STATE_READY return 0x0
[    0.423254] [nandsim] warning: read_byte: unexpected data output cycle, state is STATE_READY return 0x0
[    0.424951] [nandsim] warning: read_byte: unexpected data output cycle, state is STATE_READY return 0x0
[    0.426171] [nandsim] warning: read_byte: unexpected data output cycle, state is STATE_READY return 0x0
[    0.427627] nand: device found, Manufacturer ID: 0x98, Chip ID: 0x39
[    0.428841] nand: Toshiba NAND 128MiB 1,8V 8-bit
[    0.429543] nand: 128 MiB, SLC, erase size: 16 KiB, page size: 512, OOB size: 16
[    0.430969] flash size: 128 MiB
[    0.431609] page size: 512 bytes
[    0.432209] OOB area size: 16 bytes
[    0.432878] sector size: 16 KiB
[    0.433462] pages number: 262144
[    0.434092] pages per sector: 32
[    0.434685] bus width: 8
[    0.434847] bits in sector size: 14
[    0.435299] bits in page size: 9
[    0.435571] bits in OOB size: 4
[    0.435943] flash size with OOB: 135168 KiB
[    0.436661] page address bytes: 4
[    0.437178] sector address bytes: 3
[    0.437424] options: 0x42
[    0.442086] Scanning device for bad blocks
[    0.554018] Creating 11 MTD partitions on "NAND 128MiB 1,8V 8-bit":
[    0.555597] 0x000000000000-0x000000100000 : "NAND simulator partition 0"
[    0.559880] 0x000000100000-0x000000200000 : "NAND simulator partition 1"
[    0.562395] 0x000000200000-0x000000300000 : "NAND simulator partition 2"
[    0.564963] 0x000000300000-0x000000400000 : "NAND simulator partition 3"
[    0.567716] 0x000000400000-0x000000500000 : "NAND simulator partition 4"
[    0.570189] 0x000000500000-0x000000600000 : "NAND simulator partition 5"
[    0.572687] 0x000000600000-0x000000700000 : "NAND simulator partition 6"
[    0.575199] 0x000000700000-0x000000800000 : "NAND simulator partition 7"
[    0.577969] 0x000000800000-0x000000900000 : "NAND simulator partition 8"
[    0.580577] 0x000000900000-0x000000a00000 : "NAND simulator partition 9"
[    0.583067] 0x000000a00000-0x000008000000 : "NAND simulator partition 10"
[    0.588662] tun: Universal TUN/TAP device driver, 1.6
[    0.589666] tun: (C) 1999-2004 Max Krasnyansky <maxk@qualcomm.com>
[    0.606395] PPP generic driver version 2.4.2
[    0.607897] PPP BSD Compression module registered
[    0.608878] PPP Deflate Compression module registered
[    0.609960] PPP MPPE Compression module registered
[    0.610925] NET: Registered protocol family 24
[    0.612014] PPTP driver version 0.8.5
[    0.613608] usbcore: registered new interface driver usb-storage
[    0.616534] hidraw: raw HID events driver (C) Jiri Kosina
[    0.618011] usbcore: registered new interface driver usbhid
[    0.619067] usbhid: USB HID core driver
[    0.620235] Netfilter messages via NETLINK v0.30.
[    0.621670] nf_conntrack version 0.5.0 (3958 buckets, 15832 max)
[    0.624037] ctnetlink v0.93: registering with nfnetlink.
[    0.626592] ipip: IPv4 over IPv4 tunneling driver
[    0.629240] gre: GRE over IPv4 demultiplexor driver
[    0.630259] ip_gre: GRE over IPv4 tunneling driver
[    0.635224] ip_tables: (C) 2000-2006 Netfilter Core Team
[    0.637950] arp_tables: (C) 2002 David S. Miller
[    0.639850] Initializing XFRM netlink socket
[    0.641127] NET: Registered protocol family 10
[    0.648051] ip6_tables: (C) 2000-2006 Netfilter Core Team
[    0.650627] sit: IPv6 over IPv4 tunneling driver
[    0.654884] NET: Registered protocol family 17
[    0.656518] bridge: automatic filtering via arp/ip/ip6tables has been deprecated. Update your scripts to load br_netfilter if you need this.
[    0.658991] Bridge firewalling registered
[    0.659848] Ebtables v2.0 registered
[    0.661555] 8021q: 802.1Q VLAN Support v1.8
[    0.662940] Registering SWP/SWPB emulation handler
[    0.665665] hctosys: unable to open rtc device (rtc0)
[    0.682214] UDF-fs: warning (device vda1): udf_fill_super: No partition found (2)
[    0.699365] UDF-fs: warning (device vda1): udf_fill_super: No partition found (2)
[    0.700932] List of all partitions:
[    0.701803] 0100            8192 ram0  (driver?)
[    0.702759] 0101            8192 ram1  (driver?)
[    0.703653] 0102            8192 ram2  (driver?)
[    0.704532] 0103            8192 ram3  (driver?)
[    0.705379] 0104            8192 ram4  (driver?)
[    0.706798] 0105            8192 ram5  (driver?)
[    0.707685] 0106            8192 ram6  (driver?)
[    0.708561] 0107            8192 ram7  (driver?)
[    0.709439] 0108            8192 ram8  (driver?)
[    0.710320] 0109            8192 ram9  (driver?)
[    0.711196] 010a            8192 ram10  (driver?)
[    0.711575] 010b            8192 ram11  (driver?)
[    0.712249] 010c            8192 ram12  (driver?)
[    0.712623] 010d            8192 ram13  (driver?)
[    0.713149] 010e            8192 ram14  (driver?)
[    0.713597] 010f            8192 ram15  (driver?)
[    0.714170] fe00         1048576 vda  driver: virtio_blk
[    0.714952]   fe01         1047552 vda1 ae75a056-01
[    0.715240] 1f00            1024 mtdblock0  (driver?)
[    0.715916] 1f01            1024 mtdblock1  (driver?)
[    0.716873] 1f02            1024 mtdblock2  (driver?)
[    0.717464] 1f03            1024 mtdblock3  (driver?)
[    0.717829] 1f04            1024 mtdblock4  (driver?)
[    0.718432] 1f05            1024 mtdblock5  (driver?)
[    0.719070] 1f06            1024 mtdblock6  (driver?)
[    0.719365] 1f07            1024 mtdblock7  (driver?)
[    0.720148] 1f08            1024 mtdblock8  (driver?)
[    0.720532] 1f09            1024 mtdblock9  (driver?)
[    0.721054] 1f0a          120832 mtdblock10  (driver?)
[    0.721683] No filesystem could mount root, tried:  ext3 ext2 ext4 cramfs squashfs vfat iso9660 romfs udf
[    0.723244] Kernel panic - not syncing: VFS: Unable to mount root fs on unknown-block(254,1)
[    0.724210] CPU: 0 PID: 1 Comm: swapper Tainted: G        W       4.1.17+ #1
[    0.724942] Hardware name: Generic DT based system
[    0.725405] [<c001c99c>] (unwind_backtrace) from [<c0019d30>] (show_stack+0x10/0x14)
[    0.726324] [<c0019d30>] (show_stack) from [<c0410b78>] (panic+0x70/0x1c8)
[    0.726967] [<c0410b78>] (panic) from [<c05c81bc>] (mount_block_root+0x268/0x2ac)
[    0.727844] [<c05c81bc>] (mount_block_root) from [<c05c84a4>] (prepare_namespace+0x158/0x1ac)
[    0.728605] [<c05c84a4>] (prepare_namespace) from [<c05c7d84>] (kernel_init_freeable+0x16c/0x1b0)
[    0.729486] [<c05c7d84>] (kernel_init_freeable) from [<c040f28c>] (kernel_init+0x8/0xe4)
[    0.730454] [<c040f28c>] (kernel_init) from [<c0016da8>] (ret_from_fork+0x14/0x2c)
[    0.731520] ---[ end Kernel panic - not syncing: VFS: Unable to mount root fs on unknown-block(254,1)
