[    0.000000] Booting Linux on physical CPU 0x0
[    0.000000] Linux version 4.1.17+ (vagrant@vagrant-ubuntu-trusty-64) (gcc version 5.3.0 (GCC) ) #1 Thu Feb 18 01:05:21 UTC 2016
[    0.000000] CPU: ARMv7 Processor [412fc0f1] revision 1 (ARMv7), cr=10c5387d
[    0.000000] CPU: PIPT / VIPT nonaliasing data cache, PIPT instruction cache
[    0.000000] Machine model: linux,dummy-virt
[    0.000000] debug: ignoring loglevel setting.
[    0.000000] Memory policy: Data cache writeback
[    0.000000] On node 0 totalpages: 65536
[    0.000000] free_area_init_node: node 0, pgdat c061dfe8, node_mem_map cfdf9000
[    0.000000]   Normal zone: 512 pages used for memmap
[    0.000000]   Normal zone: 0 pages reserved
[    0.000000]   Normal zone: 65536 pages, LIFO batch:15
[    0.000000] CPU: All CPU(s) started in SVC mode.
[    0.000000] pcpu-alloc: s0 r0 d32768 u32768 alloc=1*32768
[    0.000000] pcpu-alloc: [0] 0 
[    0.000000] Built 1 zonelists in Zone order, mobility grouping on.  Total pages: 65024
[    0.000000] Kernel command line: firmadyne.syscall=1 root=/dev/vda1 console=ttyS0 nandsim.parts=64,64,64,64,64,64,64,64,64,64 rdinit=/firmadyne/preInit.sh rw debug ignore_loglevel print-fatal-signals=1 user_debug=31
[    0.000000] PID hash table entries: 1024 (order: 0, 4096 bytes)
[    0.000000] Dentry cache hash table entries: 32768 (order: 5, 131072 bytes)
[    0.000000] Inode-cache hash table entries: 16384 (order: 4, 65536 bytes)
[    0.000000] Memory: 253344K/262144K available (4297K kernel code, 170K rwdata, 1584K rodata, 180K init, 148K bss, 8800K reserved, 0K cma-reserved)
[    0.000000] Virtual kernel memory layout:
[    0.000000]     vector  : 0xffff0000 - 0xffff1000   (   4 kB)
[    0.000000]     fixmap  : 0xffc00000 - 0xfff00000   (3072 kB)
[    0.000000]     vmalloc : 0xd0800000 - 0xff000000   ( 744 MB)
[    0.000000]     lowmem  : 0xc0000000 - 0xd0000000   ( 256 MB)
[    0.000000]     modules : 0xbf000000 - 0xc0000000   (  16 MB)
[    0.000000]       .text : 0xc0008000 - 0xc05c67bc   (5882 kB)
[    0.000000]       .init : 0xc05c7000 - 0xc05f4000   ( 180 kB)
[    0.000000]       .data : 0xc05f4000 - 0xc061e840   ( 171 kB)
[    0.000000]        .bss : 0xc0621000 - 0xc06462d4   ( 149 kB)
[    0.000000] NR_IRQS:16 nr_irqs:16 16
[    0.000000] Architected cp15 timer(s) running at 62.50MHz (virt).
[    0.000000] clocksource arch_sys_counter: mask: 0xffffffffffffff max_cycles: 0x1cd42e208c, max_idle_ns: 881590405314 ns
[    0.000115] sched_clock: 56 bits at 62MHz, resolution 16ns, wraps every 4398046511096ns
[    0.000206] Switching to timer-based delay loop, resolution 16ns
[    0.003237] Console: colour dummy device 80x30
[    0.003499] Calibrating delay loop (skipped), value calculated using timer frequency.. 125.00 BogoMIPS (lpj=625000)
[    0.003588] pid_max: default: 32768 minimum: 301
[    0.004228] Mount-cache hash table entries: 1024 (order: 0, 4096 bytes)
[    0.004254] Mountpoint-cache hash table entries: 1024 (order: 0, 4096 bytes)
[    0.010986] CPU: Testing write buffer coherency: ok
[    0.015275] Setting up static identity map for 0x40008240 - 0x40008298
[    0.026126] VFP support v0.3: implementor 41 architecture 4 part 30 variant f rev 0
[    0.034589] clocksource jiffies: mask: 0xffffffff max_cycles: 0xffffffff, max_idle_ns: 19112604462750000 ns
[    0.040987] NET: Registered protocol family 16
[    0.043329] DMA: preallocated 256 KiB pool for atomic coherent allocations
[    0.046149] cpuidle: using governor ladder
[    0.046256] cpuidle: using governor menu
[    0.048711] genirq: Setting trigger mode 1 for irq 20 failed (gic_set_type+0x0/0x48)
[    0.049921] genirq: Setting trigger mode 1 for irq 21 failed (gic_set_type+0x0/0x48)
[    0.050144] genirq: Setting trigger mode 1 for irq 22 failed (gic_set_type+0x0/0x48)
[    0.050367] genirq: Setting trigger mode 1 for irq 23 failed (gic_set_type+0x0/0x48)
[    0.050591] genirq: Setting trigger mode 1 for irq 24 failed (gic_set_type+0x0/0x48)
[    0.050803] genirq: Setting trigger mode 1 for irq 25 failed (gic_set_type+0x0/0x48)
[    0.051006] genirq: Setting trigger mode 1 for irq 26 failed (gic_set_type+0x0/0x48)
[    0.051210] genirq: Setting trigger mode 1 for irq 27 failed (gic_set_type+0x0/0x48)
[    0.051973] genirq: Setting trigger mode 1 for irq 28 failed (gic_set_type+0x0/0x48)
[    0.052237] genirq: Setting trigger mode 1 for irq 29 failed (gic_set_type+0x0/0x48)
[    0.052472] genirq: Setting trigger mode 1 for irq 30 failed (gic_set_type+0x0/0x48)
[    0.052935] genirq: Setting trigger mode 1 for irq 31 failed (gic_set_type+0x0/0x48)
[    0.053145] genirq: Setting trigger mode 1 for irq 32 failed (gic_set_type+0x0/0x48)
[    0.053356] genirq: Setting trigger mode 1 for irq 33 failed (gic_set_type+0x0/0x48)
[    0.053554] genirq: Setting trigger mode 1 for irq 34 failed (gic_set_type+0x0/0x48)
[    0.053751] genirq: Setting trigger mode 1 for irq 35 failed (gic_set_type+0x0/0x48)
[    0.053955] genirq: Setting trigger mode 1 for irq 36 failed (gic_set_type+0x0/0x48)
[    0.054162] genirq: Setting trigger mode 1 for irq 37 failed (gic_set_type+0x0/0x48)
[    0.054402] genirq: Setting trigger mode 1 for irq 38 failed (gic_set_type+0x0/0x48)
[    0.054617] genirq: Setting trigger mode 1 for irq 39 failed (gic_set_type+0x0/0x48)
[    0.054823] genirq: Setting trigger mode 1 for irq 40 failed (gic_set_type+0x0/0x48)
[    0.055033] genirq: Setting trigger mode 1 for irq 41 failed (gic_set_type+0x0/0x48)
[    0.055248] genirq: Setting trigger mode 1 for irq 42 failed (gic_set_type+0x0/0x48)
[    0.055536] genirq: Setting trigger mode 1 for irq 43 failed (gic_set_type+0x0/0x48)
[    0.055796] genirq: Setting trigger mode 1 for irq 44 failed (gic_set_type+0x0/0x48)
[    0.056055] genirq: Setting trigger mode 1 for irq 45 failed (gic_set_type+0x0/0x48)
[    0.056299] genirq: Setting trigger mode 1 for irq 46 failed (gic_set_type+0x0/0x48)
[    0.056583] genirq: Setting trigger mode 1 for irq 47 failed (gic_set_type+0x0/0x48)
[    0.056814] genirq: Setting trigger mode 1 for irq 48 failed (gic_set_type+0x0/0x48)
[    0.057023] genirq: Setting trigger mode 1 for irq 49 failed (gic_set_type+0x0/0x48)
[    0.057228] genirq: Setting trigger mode 1 for irq 50 failed (gic_set_type+0x0/0x48)
[    0.057433] genirq: Setting trigger mode 1 for irq 51 failed (gic_set_type+0x0/0x48)
[    0.057848] genirq: Setting trigger mode 1 for irq 52 failed (gic_set_type+0x0/0x48)
[    0.061027] Serial: AMBA PL011 UART driver
[    0.062455] 9000000.pl011: ttyS0 at MMIO 0x9000000 (irq = 52, base_baud = 0) is a PL011 rev1
[    0.081764] console [ttyS0] enabled
[    0.098696] vgaarb: loaded
[    0.099752] SCSI subsystem initialized
[    0.100494] usbcore: registered new interface driver usbfs
[    0.100804] usbcore: registered new interface driver hub
[    0.101100] usbcore: registered new device driver usb
[    0.107709] cfg80211: Calling CRDA to update world regulatory domain
[    0.109412] Switched to clocksource arch_sys_counter
[    0.122242] NET: Registered protocol family 2
[    0.125645] TCP established hash table entries: 2048 (order: 1, 8192 bytes)
[    0.125935] TCP bind hash table entries: 2048 (order: 1, 8192 bytes)
[    0.126247] TCP: Hash tables configured (established 2048 bind 2048)
[    0.126700] UDP hash table entries: 256 (order: 0, 4096 bytes)
[    0.126959] UDP-Lite hash table entries: 256 (order: 0, 4096 bytes)
[    0.128198] NET: Registered protocol family 1
[    0.128584] PCI: CLS 0 bytes, default 64
[    0.133810] NetWinder Floating Point Emulator V0.97 (extended precision)
[    0.136031] futex hash table entries: 256 (order: -1, 3072 bytes)
[    0.140123] squashfs: version 4.0 (2009/01/31) Phillip Lougher
[    0.140928] jffs2: version 2.2. (NAND) Â© 2001-2006 Red Hat, Inc.
[    0.141567] romfs: ROMFS MTD (C) 2007 Red Hat, Inc.
[    0.147798] Block layer SCSI generic (bsg) driver version 0.4 loaded (major 253)
[    0.148168] io scheduler noop registered
[    0.148418] io scheduler cfq registered (default)
[    0.148990] firmadyne: devfs: 1, execute: 1, procfs: 1, syscall: 1
[    0.150206] ------------[ cut here ]------------
[    0.150385] WARNING: CPU: 0 PID: 1 at /home/vagrant/firmadyne-kernel/kernel-v4.1/fs/sysfs/dir.c:31 sysfs_warn_dup+0x50/0x6c()
[    0.150726] sysfs: cannot create duplicate filename '/class/gpio'
[    0.150936] Modules linked in:
[    0.151198] CPU: 0 PID: 1 Comm: swapper Not tainted 4.1.17+ #1
[    0.151428] Hardware name: Generic DT based system
[    0.152086] [<c001c99c>] (unwind_backtrace) from [<c0019d30>] (show_stack+0x10/0x14)
[    0.152444] [<c0019d30>] (show_stack) from [<c0024ab4>] (warn_slowpath_common+0x80/0xa8)
[    0.152746] [<c0024ab4>] (warn_slowpath_common) from [<c0024b08>] (warn_slowpath_fmt+0x2c/0x3c)
[    0.153051] [<c0024b08>] (warn_slowpath_fmt) from [<c00e363c>] (sysfs_warn_dup+0x50/0x6c)
[    0.153305] [<c00e363c>] (sysfs_warn_dup) from [<c00e3714>] (sysfs_create_dir_ns+0x74/0x84)
[    0.153564] [<c00e3714>] (sysfs_create_dir_ns) from [<c018e6ac>] (kobject_add_internal+0xb8/0x2ac)
[    0.153840] [<c018e6ac>] (kobject_add_internal) from [<c018e9a8>] (kset_register+0x1c/0x44)
[    0.154099] [<c018e9a8>] (kset_register) from [<c02090b4>] (__class_register+0xa8/0x198)
[    0.154350] [<c02090b4>] (__class_register) from [<c02091e4>] (__class_create+0x40/0x70)
[    0.154602] [<c02091e4>] (__class_create) from [<c01adf68>] (register_devfs_stubs+0x314/0xbb4)
[    0.154892] [<c01adf68>] (register_devfs_stubs) from [<c05d9b08>] (init_module+0x28/0xa4)
[    0.155208] [<c05d9b08>] (init_module) from [<c0009670>] (do_one_initcall+0x104/0x1b4)
[    0.155511] [<c0009670>] (do_one_initcall) from [<c05c7d08>] (kernel_init_freeable+0xf0/0x1b0)
[    0.155818] [<c05c7d08>] (kernel_init_freeable) from [<c040f28c>] (kernel_init+0x8/0xe4)
[    0.156110] [<c040f28c>] (kernel_init) from [<c0016da8>] (ret_from_fork+0x14/0x2c)
[    0.156396] ---[ end trace 8ff417f0f8e37684 ]---
[    0.157176] ------------[ cut here ]------------
[    0.157343] WARNING: CPU: 0 PID: 1 at /home/vagrant/firmadyne-kernel/kernel-v4.1/lib/kobject.c:240 kobject_add_internal+0x240/0x2ac()
[    0.157696] kobject_add_internal failed for gpio with -EEXIST, don't try to register things with the same name in the same directory.
[    0.158048] Modules linked in:
[    0.158278] CPU: 0 PID: 1 Comm: swapper Tainted: G        W       4.1.17+ #1
[    0.158589] Hardware name: Generic DT based system
[    0.158783] [<c001c99c>] (unwind_backtrace) from [<c0019d30>] (show_stack+0x10/0x14)
[    0.159066] [<c0019d30>] (show_stack) from [<c0024ab4>] (warn_slowpath_common+0x80/0xa8)
[    0.159591] [<c0024ab4>] (warn_slowpath_common) from [<c0024b08>] (warn_slowpath_fmt+0x2c/0x3c)
[    0.159910] [<c0024b08>] (warn_slowpath_fmt) from [<c018e834>] (kobject_add_internal+0x240/0x2ac)
[    0.160215] [<c018e834>] (kobject_add_internal) from [<c018e9a8>] (kset_register+0x1c/0x44)
[    0.160473] [<c018e9a8>] (kset_register) from [<c02090b4>] (__class_register+0xa8/0x198)
[    0.160722] [<c02090b4>] (__class_register) from [<c02091e4>] (__class_create+0x40/0x70)
[    0.160972] [<c02091e4>] (__class_create) from [<c01adf68>] (register_devfs_stubs+0x314/0xbb4)
[    0.161238] [<c01adf68>] (register_devfs_stubs) from [<c05d9b08>] (init_module+0x28/0xa4)
[    0.161511] [<c05d9b08>] (init_module) from [<c0009670>] (do_one_initcall+0x104/0x1b4)
[    0.161798] [<c0009670>] (do_one_initcall) from [<c05c7d08>] (kernel_init_freeable+0xf0/0x1b0)
[    0.162105] [<c05c7d08>] (kernel_init_freeable) from [<c040f28c>] (kernel_init+0x8/0xe4)
[    0.162393] [<c040f28c>] (kernel_init) from [<c0016da8>] (ret_from_fork+0x14/0x2c)
[    0.162677] ---[ end trace 8ff417f0f8e37685 ]---
[    0.162882] firmadyne: Cannot create device class: gpio!
[    0.164097] firmadyne: Cannot register character device: watchdog, 0xa, 0x82!
[    0.164334] firmadyne: Cannot register character device: wdt, 0xfd, 0x0!
[    0.247466] Non-volatile memory driver v1.3
[    0.265373] brd: module loaded
[    0.272646] loop: module loaded
[    0.279974]  vda: vda1
[    0.283600] [nandsim] warning: read_byte: unexpected data output cycle, state is STATE_READY return 0x0
[    0.283910] [nandsim] warning: read_byte: unexpected data output cycle, state is STATE_READY return 0x0
[    0.284190] [nandsim] warning: read_byte: unexpected data output cycle, state is STATE_READY return 0x0
[    0.284468] [nandsim] warning: read_byte: unexpected data output cycle, state is STATE_READY return 0x0
[    0.284746] [nandsim] warning: read_byte: unexpected data output cycle, state is STATE_READY return 0x0
[    0.285024] [nandsim] warning: read_byte: unexpected data output cycle, state is STATE_READY return 0x0
[    0.285479] nand: device found, Manufacturer ID: 0x98, Chip ID: 0x39
[    0.285687] nand: Toshiba NAND 128MiB 1,8V 8-bit
[    0.285850] nand: 128 MiB, SLC, erase size: 16 KiB, page size: 512, OOB size: 16
[    0.286596] flash size: 128 MiB
[    0.286704] page size: 512 bytes
[    0.286810] OOB area size: 16 bytes
[    0.286923] sector size: 16 KiB
[    0.287025] pages number: 262144
[    0.287130] pages per sector: 32
[    0.287235] bus width: 8
[    0.287331] bits in sector size: 14
[    0.287450] bits in page size: 9
[    0.287557] bits in OOB size: 4
[    0.287663] flash size with OOB: 135168 KiB
[    0.287794] page address bytes: 4
[    0.287904] sector address bytes: 3
[    0.288017] options: 0x42
[    0.292476] Scanning device for bad blocks
[    0.402054] Creating 11 MTD partitions on "NAND 128MiB 1,8V 8-bit":
[    0.402480] 0x000000000000-0x000000100000 : "NAND simulator partition 0"
[    0.405181] 0x000000100000-0x000000200000 : "NAND simulator partition 1"
[    0.406314] 0x000000200000-0x000000300000 : "NAND simulator partition 2"
[    0.407460] 0x000000300000-0x000000400000 : "NAND simulator partition 3"
[    0.408730] 0x000000400000-0x000000500000 : "NAND simulator partition 4"
[    0.410018] 0x000000500000-0x000000600000 : "NAND simulator partition 5"
[    0.411157] 0x000000600000-0x000000700000 : "NAND simulator partition 6"
[    0.412295] 0x000000700000-0x000000800000 : "NAND simulator partition 7"
[    0.413494] 0x000000800000-0x000000900000 : "NAND simulator partition 8"
[    0.414711] 0x000000900000-0x000000a00000 : "NAND simulator partition 9"
[    0.415986] 0x000000a00000-0x000008000000 : "NAND simulator partition 10"
[    0.419819] tun: Universal TUN/TAP device driver, 1.6
[    0.419989] tun: (C) 1999-2004 Max Krasnyansky <maxk@qualcomm.com>
[    0.436499] PPP generic driver version 2.4.2
[    0.437084] PPP BSD Compression module registered
[    0.437271] PPP Deflate Compression module registered
[    0.437505] PPP MPPE Compression module registered
[    0.437686] NET: Registered protocol family 24
[    0.437971] PPTP driver version 0.8.5
[    0.438561] usbcore: registered new interface driver usb-storage
[    0.440251] hidraw: raw HID events driver (C) Jiri Kosina
[    0.440756] usbcore: registered new interface driver usbhid
[    0.440936] usbhid: USB HID core driver
[    0.441322] Netfilter messages via NETLINK v0.30.
[    0.441831] nf_conntrack version 0.5.0 (3958 buckets, 15832 max)
[    0.442908] ctnetlink v0.93: registering with nfnetlink.
[    0.444041] ipip: IPv4 over IPv4 tunneling driver
[    0.445795] gre: GRE over IPv4 demultiplexor driver
[    0.446019] ip_gre: GRE over IPv4 tunneling driver
[    0.449811] ip_tables: (C) 2000-2006 Netfilter Core Team
[    0.451089] arp_tables: (C) 2002 David S. Miller
[    0.451986] Initializing XFRM netlink socket
[    0.452410] NET: Registered protocol family 10
[    0.458647] ip6_tables: (C) 2000-2006 Netfilter Core Team
[    0.460391] sit: IPv6 over IPv4 tunneling driver
[    0.463298] NET: Registered protocol family 17
[    0.463897] bridge: automatic filtering via arp/ip/ip6tables has been deprecated. Update your scripts to load br_netfilter if you need this.
[    0.464403] Bridge firewalling registered
[    0.464587] Ebtables v2.0 registered
[    0.465457] 8021q: 802.1Q VLAN Support v1.8
[    0.465957] Registering SWP/SWPB emulation handler
[    0.467577] hctosys: unable to open rtc device (rtc0)
[    0.481133] UDF-fs: warning (device vda1): udf_fill_super: No partition found (2)
[    0.494555] UDF-fs: warning (device vda1): udf_fill_super: No partition found (2)
[    0.494865] List of all partitions:
[    0.495099] 0100            8192 ram0  (driver?)
[    0.495295] 0101            8192 ram1  (driver?)
[    0.495460] 0102            8192 ram2  (driver?)
[    0.495611] 0103            8192 ram3  (driver?)
[    0.495762] 0104            8192 ram4  (driver?)
[    0.495912] 0105            8192 ram5  (driver?)
[    0.496063] 0106            8192 ram6  (driver?)
[    0.496213] 0107            8192 ram7  (driver?)
[    0.496364] 0108            8192 ram8  (driver?)
[    0.496513] 0109            8192 ram9  (driver?)
[    0.496665] 010a            8192 ram10  (driver?)
[    0.496819] 010b            8192 ram11  (driver?)
[    0.496973] 010c            8192 ram12  (driver?)
[    0.497126] 010d            8192 ram13  (driver?)
[    0.497279] 010e            8192 ram14  (driver?)
[    0.497432] 010f            8192 ram15  (driver?)
[    0.497589] fe00         1048576 vda  driver: virtio_blk
[    0.497776]   fe01         1047552 vda1 71c29a36-01
[    0.497938] 1f00            1024 mtdblock0  (driver?)
[    0.498102] 1f01            1024 mtdblock1  (driver?)
[    0.498266] 1f02            1024 mtdblock2  (driver?)
[    0.498429] 1f03            1024 mtdblock3  (driver?)
[    0.498595] 1f04            1024 mtdblock4  (driver?)
[    0.498760] 1f05            1024 mtdblock5  (driver?)
[    0.498923] 1f06            1024 mtdblock6  (driver?)
[    0.499086] 1f07            1024 mtdblock7  (driver?)
[    0.499437] 1f08            1024 mtdblock8  (driver?)
[    0.499602] 1f09            1024 mtdblock9  (driver?)
[    0.499765] 1f0a          120832 mtdblock10  (driver?)
[    0.499944] No filesystem could mount root, tried:  ext3 ext2 ext4 cramfs squashfs vfat iso9660 romfs udf
[    0.500401] Kernel panic - not syncing: VFS: Unable to mount root fs on unknown-block(254,1)
[    0.500678] CPU: 0 PID: 1 Comm: swapper Tainted: G        W       4.1.17+ #1
[    0.500888] Hardware name: Generic DT based system
[    0.501076] [<c001c99c>] (unwind_backtrace) from [<c0019d30>] (show_stack+0x10/0x14)
[    0.501321] [<c0019d30>] (show_stack) from [<c0410b78>] (panic+0x70/0x1c8)
[    0.501547] [<c0410b78>] (panic) from [<c05c81bc>] (mount_block_root+0x268/0x2ac)
[    0.501787] [<c05c81bc>] (mount_block_root) from [<c05c84a4>] (prepare_namespace+0x158/0x1ac)
[    0.502054] [<c05c84a4>] (prepare_namespace) from [<c05c7d84>] (kernel_init_freeable+0x16c/0x1b0)
[    0.502327] [<c05c7d84>] (kernel_init_freeable) from [<c040f28c>] (kernel_init+0x8/0xe4)
[    0.502577] [<c040f28c>] (kernel_init) from [<c0016da8>] (ret_from_fork+0x14/0x2c)
[    0.502953] ---[ end Kernel panic - not syncing: VFS: Unable to mount root fs on unknown-block(254,1)
