[    0.000000] Booting Linux on physical CPU 0x0
[    0.000000] Linux version 4.1.17+ (vagrant@vagrant-ubuntu-trusty-64) (gcc version 5.3.0 (GCC) ) #1 Thu Feb 18 01:05:21 UTC 2016
[    0.000000] CPU: ARMv7 Processor [412fc0f1] revision 1 (ARMv7), cr=10c5387d
[    0.000000] CPU: PIPT / VIPT nonaliasing data cache, PIPT instruction cache
[    0.000000] Machine model: linux,dummy-virt
[    0.000000] debug: ignoring loglevel setting.
[    0.000000] Memory policy: Data cache writeback
[    0.000000] On node 0 totalpages: 65536
[    0.000000] free_area_init_node: node 0, pgdat c061dfe8, node_mem_map cfdf9000
[    0.000000]   Normal zone: 512 pages used for memmap
[    0.000000]   Normal zone: 0 pages reserved
[    0.000000]   Normal zone: 65536 pages, LIFO batch:15
[    0.000000] CPU: All CPU(s) started in SVC mode.
[    0.000000] pcpu-alloc: s0 r0 d32768 u32768 alloc=1*32768
[    0.000000] pcpu-alloc: [0] 0 
[    0.000000] Built 1 zonelists in Zone order, mobility grouping on.  Total pages: 65024
[    0.000000] Kernel command line: root=/dev/vda1 console=ttyS0 nandsim.parts=64,64,64,64,64,64,64,64,64,64 rdinit=/firmadyne/preInit.sh rw debug ignore_loglevel print-fatal-signals=1 user_debug=31 firmadyne.syscall=0
[    0.000000] PID hash table entries: 1024 (order: 0, 4096 bytes)
[    0.000000] Dentry cache hash table entries: 32768 (order: 5, 131072 bytes)
[    0.000000] Inode-cache hash table entries: 16384 (order: 4, 65536 bytes)
[    0.000000] Memory: 253344K/262144K available (4297K kernel code, 170K rwdata, 1584K rodata, 180K init, 148K bss, 8800K reserved, 0K cma-reserved)
[    0.000000] Virtual kernel memory layout:
[    0.000000]     vector  : 0xffff0000 - 0xffff1000   (   4 kB)
[    0.000000]     fixmap  : 0xffc00000 - 0xfff00000   (3072 kB)
[    0.000000]     vmalloc : 0xd0800000 - 0xff000000   ( 744 MB)
[    0.000000]     lowmem  : 0xc0000000 - 0xd0000000   ( 256 MB)
[    0.000000]     modules : 0xbf000000 - 0xc0000000   (  16 MB)
[    0.000000]       .text : 0xc0008000 - 0xc05c67bc   (5882 kB)
[    0.000000]       .init : 0xc05c7000 - 0xc05f4000   ( 180 kB)
[    0.000000]       .data : 0xc05f4000 - 0xc061e840   ( 171 kB)
[    0.000000]        .bss : 0xc0621000 - 0xc06462d4   ( 149 kB)
[    0.000000] NR_IRQS:16 nr_irqs:16 16
[    0.000000] Architected cp15 timer(s) running at 62.50MHz (virt).
[    0.000000] clocksource arch_sys_counter: mask: 0xffffffffffffff max_cycles: 0x1cd42e208c, max_idle_ns: 881590405314 ns
[    0.000136] sched_clock: 56 bits at 62MHz, resolution 16ns, wraps every 4398046511096ns
[    0.000245] Switching to timer-based delay loop, resolution 16ns
[    0.002734] Console: colour dummy device 80x30
[    0.003231] Calibrating delay loop (skipped), value calculated using timer frequency.. 125.00 BogoMIPS (lpj=625000)
[    0.003332] pid_max: default: 32768 minimum: 301
[    0.004064] Mount-cache hash table entries: 1024 (order: 0, 4096 bytes)
[    0.004093] Mountpoint-cache hash table entries: 1024 (order: 0, 4096 bytes)
[    0.010954] CPU: Testing write buffer coherency: ok
[    0.015641] Setting up static identity map for 0x40008240 - 0x40008298
[    0.026339] VFP support v0.3: implementor 41 architecture 4 part 30 variant f rev 0
[    0.035528] clocksource jiffies: mask: 0xffffffff max_cycles: 0xffffffff, max_idle_ns: 19112604462750000 ns
[    0.042084] NET: Registered protocol family 16
[    0.044665] DMA: preallocated 256 KiB pool for atomic coherent allocations
[    0.047456] cpuidle: using governor ladder
[    0.047580] cpuidle: using governor menu
[    0.050130] genirq: Setting trigger mode 1 for irq 20 failed (gic_set_type+0x0/0x48)
[    0.051408] genirq: Setting trigger mode 1 for irq 21 failed (gic_set_type+0x0/0x48)
[    0.051666] genirq: Setting trigger mode 1 for irq 22 failed (gic_set_type+0x0/0x48)
[    0.051923] genirq: Setting trigger mode 1 for irq 23 failed (gic_set_type+0x0/0x48)
[    0.052183] genirq: Setting trigger mode 1 for irq 24 failed (gic_set_type+0x0/0x48)
[    0.052424] genirq: Setting trigger mode 1 for irq 25 failed (gic_set_type+0x0/0x48)
[    0.052625] genirq: Setting trigger mode 1 for irq 26 failed (gic_set_type+0x0/0x48)
[    0.053099] genirq: Setting trigger mode 1 for irq 27 failed (gic_set_type+0x0/0x48)
[    0.053450] genirq: Setting trigger mode 1 for irq 28 failed (gic_set_type+0x0/0x48)
[    0.053701] genirq: Setting trigger mode 1 for irq 29 failed (gic_set_type+0x0/0x48)
[    0.053957] genirq: Setting trigger mode 1 for irq 30 failed (gic_set_type+0x0/0x48)
[    0.054188] genirq: Setting trigger mode 1 for irq 31 failed (gic_set_type+0x0/0x48)
[    0.054387] genirq: Setting trigger mode 1 for irq 32 failed (gic_set_type+0x0/0x48)
[    0.054592] genirq: Setting trigger mode 1 for irq 33 failed (gic_set_type+0x0/0x48)
[    0.054787] genirq: Setting trigger mode 1 for irq 34 failed (gic_set_type+0x0/0x48)
[    0.054982] genirq: Setting trigger mode 1 for irq 35 failed (gic_set_type+0x0/0x48)
[    0.055232] genirq: Setting trigger mode 1 for irq 36 failed (gic_set_type+0x0/0x48)
[    0.055485] genirq: Setting trigger mode 1 for irq 37 failed (gic_set_type+0x0/0x48)
[    0.055775] genirq: Setting trigger mode 1 for irq 38 failed (gic_set_type+0x0/0x48)
[    0.056024] genirq: Setting trigger mode 1 for irq 39 failed (gic_set_type+0x0/0x48)
[    0.056263] genirq: Setting trigger mode 1 for irq 40 failed (gic_set_type+0x0/0x48)
[    0.056488] genirq: Setting trigger mode 1 for irq 41 failed (gic_set_type+0x0/0x48)
[    0.056703] genirq: Setting trigger mode 1 for irq 42 failed (gic_set_type+0x0/0x48)
[    0.056917] genirq: Setting trigger mode 1 for irq 43 failed (gic_set_type+0x0/0x48)
[    0.057136] genirq: Setting trigger mode 1 for irq 44 failed (gic_set_type+0x0/0x48)
[    0.057357] genirq: Setting trigger mode 1 for irq 45 failed (gic_set_type+0x0/0x48)
[    0.057566] genirq: Setting trigger mode 1 for irq 46 failed (gic_set_type+0x0/0x48)
[    0.057829] genirq: Setting trigger mode 1 for irq 47 failed (gic_set_type+0x0/0x48)
[    0.058050] genirq: Setting trigger mode 1 for irq 48 failed (gic_set_type+0x0/0x48)
[    0.058260] genirq: Setting trigger mode 1 for irq 49 failed (gic_set_type+0x0/0x48)
[    0.058463] genirq: Setting trigger mode 1 for irq 50 failed (gic_set_type+0x0/0x48)
[    0.058666] genirq: Setting trigger mode 1 for irq 51 failed (gic_set_type+0x0/0x48)
[    0.059016] genirq: Setting trigger mode 1 for irq 52 failed (gic_set_type+0x0/0x48)
[    0.061786] Serial: AMBA PL011 UART driver
[    0.063615] 9000000.pl011: ttyS0 at MMIO 0x9000000 (irq = 52, base_baud = 0) is a PL011 rev1
[    0.115877] console [ttyS0] enabled
[    0.135027] vgaarb: loaded
[    0.137053] SCSI subsystem initialized
[    0.138930] usbcore: registered new interface driver usbfs
[    0.140187] usbcore: registered new interface driver hub
[    0.141392] usbcore: registered new device driver usb
[    0.149630] cfg80211: Calling CRDA to update world regulatory domain
[    0.152703] Switched to clocksource arch_sys_counter
[    0.167738] NET: Registered protocol family 2
[    0.172755] TCP established hash table entries: 2048 (order: 1, 8192 bytes)
[    0.174175] TCP bind hash table entries: 2048 (order: 1, 8192 bytes)
[    0.175559] TCP: Hash tables configured (established 2048 bind 2048)
[    0.177112] UDP hash table entries: 256 (order: 0, 4096 bytes)
[    0.178319] UDP-Lite hash table entries: 256 (order: 0, 4096 bytes)
[    0.180561] NET: Registered protocol family 1
[    0.181771] PCI: CLS 0 bytes, default 64
[    0.188481] NetWinder Floating Point Emulator V0.97 (extended precision)
[    0.191744] futex hash table entries: 256 (order: -1, 3072 bytes)
[    0.197367] squashfs: version 4.0 (2009/01/31) Phillip Lougher
[    0.199617] jffs2: version 2.2. (NAND) Â© 2001-2006 Red Hat, Inc.
[    0.201371] romfs: ROMFS MTD (C) 2007 Red Hat, Inc.
[    0.209107] Block layer SCSI generic (bsg) driver version 0.4 loaded (major 253)
[    0.210655] io scheduler noop registered
[    0.211538] io scheduler cfq registered (default)
[    0.213130] firmadyne: devfs: 1, execute: 1, procfs: 1, syscall: 0
[    0.215317] ------------[ cut here ]------------
[    0.216222] WARNING: CPU: 0 PID: 1 at /home/vagrant/firmadyne-kernel/kernel-v4.1/fs/sysfs/dir.c:31 sysfs_warn_dup+0x50/0x6c()
[    0.218280] sysfs: cannot create duplicate filename '/class/gpio'
[    0.219410] Modules linked in:
[    0.220243] CPU: 0 PID: 1 Comm: swapper Not tainted 4.1.17+ #1
[    0.221311] Hardware name: Generic DT based system
[    0.222965] [<c001c99c>] (unwind_backtrace) from [<c0019d30>] (show_stack+0x10/0x14)
[    0.224567] [<c0019d30>] (show_stack) from [<c0024ab4>] (warn_slowpath_common+0x80/0xa8)
[    0.226086] [<c0024ab4>] (warn_slowpath_common) from [<c0024b08>] (warn_slowpath_fmt+0x2c/0x3c)
[    0.227722] [<c0024b08>] (warn_slowpath_fmt) from [<c00e363c>] (sysfs_warn_dup+0x50/0x6c)
[    0.229187] [<c00e363c>] (sysfs_warn_dup) from [<c00e3714>] (sysfs_create_dir_ns+0x74/0x84)
[    0.230006] [<c00e3714>] (sysfs_create_dir_ns) from [<c018e6ac>] (kobject_add_internal+0xb8/0x2ac)
[    0.230759] [<c018e6ac>] (kobject_add_internal) from [<c018e9a8>] (kset_register+0x1c/0x44)
[    0.231576] [<c018e9a8>] (kset_register) from [<c02090b4>] (__class_register+0xa8/0x198)
[    0.232790] [<c02090b4>] (__class_register) from [<c02091e4>] (__class_create+0x40/0x70)
[    0.233478] [<c02091e4>] (__class_create) from [<c01adf68>] (register_devfs_stubs+0x314/0xbb4)
[    0.234337] [<c01adf68>] (register_devfs_stubs) from [<c05d9b08>] (init_module+0x28/0xa4)
[    0.235311] [<c05d9b08>] (init_module) from [<c0009670>] (do_one_initcall+0x104/0x1b4)
[    0.235970] [<c0009670>] (do_one_initcall) from [<c05c7d08>] (kernel_init_freeable+0xf0/0x1b0)
[    0.236839] [<c05c7d08>] (kernel_init_freeable) from [<c040f28c>] (kernel_init+0x8/0xe4)
[    0.237412] [<c040f28c>] (kernel_init) from [<c0016da8>] (ret_from_fork+0x14/0x2c)
[    0.238288] ---[ end trace 36607e907baf2878 ]---
[    0.239068] ------------[ cut here ]------------
[    0.239653] WARNING: CPU: 0 PID: 1 at /home/vagrant/firmadyne-kernel/kernel-v4.1/lib/kobject.c:240 kobject_add_internal+0x240/0x2ac()
[    0.240621] kobject_add_internal failed for gpio with -EEXIST, don't try to register things with the same name in the same directory.
[    0.241583] Modules linked in:
[    0.242134] CPU: 0 PID: 1 Comm: swapper Tainted: G        W       4.1.17+ #1
[    0.243009] Hardware name: Generic DT based system
[    0.243748] [<c001c99c>] (unwind_backtrace) from [<c0019d30>] (show_stack+0x10/0x14)
[    0.244464] [<c0019d30>] (show_stack) from [<c0024ab4>] (warn_slowpath_common+0x80/0xa8)
[    0.245281] [<c0024ab4>] (warn_slowpath_common) from [<c0024b08>] (warn_slowpath_fmt+0x2c/0x3c)
[    0.246007] [<c0024b08>] (warn_slowpath_fmt) from [<c018e834>] (kobject_add_internal+0x240/0x2ac)
[    0.246859] [<c018e834>] (kobject_add_internal) from [<c018e9a8>] (kset_register+0x1c/0x44)
[    0.247698] [<c018e9a8>] (kset_register) from [<c02090b4>] (__class_register+0xa8/0x198)
[    0.248294] [<c02090b4>] (__class_register) from [<c02091e4>] (__class_create+0x40/0x70)
[    0.249063] [<c02091e4>] (__class_create) from [<c01adf68>] (register_devfs_stubs+0x314/0xbb4)
[    0.249909] [<c01adf68>] (register_devfs_stubs) from [<c05d9b08>] (init_module+0x28/0xa4)
[    0.250548] [<c05d9b08>] (init_module) from [<c0009670>] (do_one_initcall+0x104/0x1b4)
[    0.251355] [<c0009670>] (do_one_initcall) from [<c05c7d08>] (kernel_init_freeable+0xf0/0x1b0)
[    0.251983] [<c05c7d08>] (kernel_init_freeable) from [<c040f28c>] (kernel_init+0x8/0xe4)
[    0.252927] [<c040f28c>] (kernel_init) from [<c0016da8>] (ret_from_fork+0x14/0x2c)
[    0.253826] ---[ end trace 36607e907baf2879 ]---
[    0.254773] firmadyne: Cannot create device class: gpio!
[    0.257135] firmadyne: Cannot register character device: watchdog, 0xa, 0x82!
[    0.258501] firmadyne: Cannot register character device: wdt, 0xfd, 0x0!
[    0.352964] Non-volatile memory driver v1.3
[    0.373511] brd: module loaded
[    0.381852] loop: module loaded
[    0.390447]  vda: vda1
[    0.394960] [nandsim] warning: read_byte: unexpected data output cycle, state is STATE_READY return 0x0
[    0.396736] [nandsim] warning: read_byte: unexpected data output cycle, state is STATE_READY return 0x0
[    0.398449] [nandsim] warning: read_byte: unexpected data output cycle, state is STATE_READY return 0x0
[    0.400118] [nandsim] warning: read_byte: unexpected data output cycle, state is STATE_READY return 0x0
[    0.401782] [nandsim] warning: read_byte: unexpected data output cycle, state is STATE_READY return 0x0
[    0.403325] [nandsim] warning: read_byte: unexpected data output cycle, state is STATE_READY return 0x0
[    0.404597] nand: device found, Manufacturer ID: 0x98, Chip ID: 0x39
[    0.405771] nand: Toshiba NAND 128MiB 1,8V 8-bit
[    0.406075] nand: 128 MiB, SLC, erase size: 16 KiB, page size: 512, OOB size: 16
[    0.407556] flash size: 128 MiB
[    0.408170] page size: 512 bytes
[    0.408759] OOB area size: 16 bytes
[    0.409413] sector size: 16 KiB
[    0.409988] pages number: 262144
[    0.410572] pages per sector: 32
[    0.411071] bus width: 8
[    0.411280] bits in sector size: 14
[    0.411611] bits in page size: 9
[    0.411906] bits in OOB size: 4
[    0.412327] flash size with OOB: 135168 KiB
[    0.413018] page address bytes: 4
[    0.413454] sector address bytes: 3
[    0.413770] options: 0x42
[    0.418893] Scanning device for bad blocks
[    0.528149] Creating 11 MTD partitions on "NAND 128MiB 1,8V 8-bit":
[    0.528913] 0x000000000000-0x000000100000 : "NAND simulator partition 0"
[    0.533103] 0x000000100000-0x000000200000 : "NAND simulator partition 1"
[    0.535646] 0x000000200000-0x000000300000 : "NAND simulator partition 2"
[    0.538094] 0x000000300000-0x000000400000 : "NAND simulator partition 3"
[    0.540514] 0x000000400000-0x000000500000 : "NAND simulator partition 4"
[    0.543446] 0x000000500000-0x000000600000 : "NAND simulator partition 5"
[    0.545911] 0x000000600000-0x000000700000 : "NAND simulator partition 6"
[    0.548375] 0x000000700000-0x000000800000 : "NAND simulator partition 7"
[    0.550840] 0x000000800000-0x000000900000 : "NAND simulator partition 8"
[    0.553592] 0x000000900000-0x000000a00000 : "NAND simulator partition 9"
[    0.556042] 0x000000a00000-0x000008000000 : "NAND simulator partition 10"
[    0.561288] tun: Universal TUN/TAP device driver, 1.6
[    0.562284] tun: (C) 1999-2004 Max Krasnyansky <maxk@qualcomm.com>
[    0.578013] PPP generic driver version 2.4.2
[    0.579515] PPP BSD Compression module registered
[    0.580484] PPP Deflate Compression module registered
[    0.581496] PPP MPPE Compression module registered
[    0.582530] NET: Registered protocol family 24
[    0.583842] PPTP driver version 0.8.5
[    0.585149] usbcore: registered new interface driver usb-storage
[    0.587744] hidraw: raw HID events driver (C) Jiri Kosina
[    0.589177] usbcore: registered new interface driver usbhid
[    0.590213] usbhid: USB HID core driver
[    0.591334] Netfilter messages via NETLINK v0.30.
[    0.592927] nf_conntrack version 0.5.0 (3958 buckets, 15832 max)
[    0.595200] ctnetlink v0.93: registering with nfnetlink.
[    0.597399] ipip: IPv4 over IPv4 tunneling driver
[    0.599971] gre: GRE over IPv4 demultiplexor driver
[    0.600970] ip_gre: GRE over IPv4 tunneling driver
[    0.605981] ip_tables: (C) 2000-2006 Netfilter Core Team
[    0.608458] arp_tables: (C) 2002 David S. Miller
[    0.610299] Initializing XFRM netlink socket
[    0.611561] NET: Registered protocol family 10
[    0.619574] ip6_tables: (C) 2000-2006 Netfilter Core Team
[    0.621993] sit: IPv6 over IPv4 tunneling driver
[    0.626291] NET: Registered protocol family 17
[    0.627696] bridge: automatic filtering via arp/ip/ip6tables has been deprecated. Update your scripts to load br_netfilter if you need this.
[    0.630109] Bridge firewalling registered
[    0.630893] Ebtables v2.0 registered
[    0.632763] 8021q: 802.1Q VLAN Support v1.8
[    0.634150] Registering SWP/SWPB emulation handler
[    0.636795] hctosys: unable to open rtc device (rtc0)
[    0.652107] UDF-fs: warning (device vda1): udf_fill_super: No partition found (2)
[    0.668957] UDF-fs: warning (device vda1): udf_fill_super: No partition found (2)
[    0.670491] List of all partitions:
[    0.671309] 0100            8192 ram0  (driver?)
[    0.672249] 0101            8192 ram1  (driver?)
[    0.673378] 0102            8192 ram2  (driver?)
[    0.674255] 0103            8192 ram3  (driver?)
[    0.675084] 0104            8192 ram4  (driver?)
[    0.675956] 0105            8192 ram5  (driver?)
[    0.676813] 0106            8192 ram6  (driver?)
[    0.677722] 0107            8192 ram7  (driver?)
[    0.678580] 0108            8192 ram8  (driver?)
[    0.679506] 0109            8192 ram9  (driver?)
[    0.680143] 010a            8192 ram10  (driver?)
[    0.680569] 010b            8192 ram11  (driver?)
[    0.681006] 010c            8192 ram12  (driver?)
[    0.681637] 010d            8192 ram13  (driver?)
[    0.682055] 010e            8192 ram14  (driver?)
[    0.682755] 010f            8192 ram15  (driver?)
[    0.683442] fe00         1048576 vda  driver: virtio_blk
[    0.683861]   fe01         1047552 vda1 af7e57ed-01
[    0.684418] 1f00            1024 mtdblock0  (driver?)
[    0.685082] 1f01            1024 mtdblock1  (driver?)
[    0.685406] 1f02            1024 mtdblock2  (driver?)
[    0.685994] 1f03            1024 mtdblock3  (driver?)
[    0.686377] 1f04            1024 mtdblock4  (driver?)
[    0.687078] 1f05            1024 mtdblock5  (driver?)
[    0.687621] 1f06            1024 mtdblock6  (driver?)
[    0.687920] 1f07            1024 mtdblock7  (driver?)
[    0.688546] 1f08            1024 mtdblock8  (driver?)
[    0.689045] 1f09            1024 mtdblock9  (driver?)
[    0.689539] 1f0a          120832 mtdblock10  (driver?)
[    0.690145] No filesystem could mount root, tried:  ext3 ext2 ext4 cramfs squashfs vfat iso9660 romfs udf
[    0.691547] Kernel panic - not syncing: VFS: Unable to mount root fs on unknown-block(254,1)
[    0.692641] CPU: 0 PID: 1 Comm: swapper Tainted: G        W       4.1.17+ #1
[    0.693245] Hardware name: Generic DT based system
[    0.693707] [<c001c99c>] (unwind_backtrace) from [<c0019d30>] (show_stack+0x10/0x14)
[    0.694642] [<c0019d30>] (show_stack) from [<c0410b78>] (panic+0x70/0x1c8)
[    0.695185] [<c0410b78>] (panic) from [<c05c81bc>] (mount_block_root+0x268/0x2ac)
[    0.696080] [<c05c81bc>] (mount_block_root) from [<c05c84a4>] (prepare_namespace+0x158/0x1ac)
[    0.696891] [<c05c84a4>] (prepare_namespace) from [<c05c7d84>] (kernel_init_freeable+0x16c/0x1b0)
[    0.697681] [<c05c7d84>] (kernel_init_freeable) from [<c040f28c>] (kernel_init+0x8/0xe4)
[    0.698509] [<c040f28c>] (kernel_init) from [<c0016da8>] (ret_from_fork+0x14/0x2c)
[    0.699388] ---[ end Kernel panic - not syncing: VFS: Unable to mount root fs on unknown-block(254,1)
