[    0.000000] Booting Linux on physical CPU 0x0
[    0.000000] Linux version 4.1.17+ (vagrant@vagrant-ubuntu-trusty-64) (gcc version 5.3.0 (GCC) ) #1 Thu Feb 18 01:05:21 UTC 2016
[    0.000000] CPU: ARMv7 Processor [412fc0f1] revision 1 (ARMv7), cr=10c5387d
[    0.000000] CPU: PIPT / VIPT nonaliasing data cache, PIPT instruction cache
[    0.000000] Machine model: linux,dummy-virt
[    0.000000] debug: ignoring loglevel setting.
[    0.000000] Memory policy: Data cache writeback
[    0.000000] On node 0 totalpages: 65536
[    0.000000] free_area_init_node: node 0, pgdat c061dfe8, node_mem_map cfdf9000
[    0.000000]   Normal zone: 512 pages used for memmap
[    0.000000]   Normal zone: 0 pages reserved
[    0.000000]   Normal zone: 65536 pages, LIFO batch:15
[    0.000000] CPU: All CPU(s) started in SVC mode.
[    0.000000] pcpu-alloc: s0 r0 d32768 u32768 alloc=1*32768
[    0.000000] pcpu-alloc: [0] 0 
[    0.000000] Built 1 zonelists in Zone order, mobility grouping on.  Total pages: 65024
[    0.000000] Kernel command line: firmadyne.syscall=1 root=/dev/vda1 console=ttyS0 nandsim.parts=64,64,64,64,64,64,64,64,64,64 rdinit=/firmadyne/preInit.sh rw debug ignore_loglevel print-fatal-signals=1 user_debug=31
[    0.000000] PID hash table entries: 1024 (order: 0, 4096 bytes)
[    0.000000] Dentry cache hash table entries: 32768 (order: 5, 131072 bytes)
[    0.000000] Inode-cache hash table entries: 16384 (order: 4, 65536 bytes)
[    0.000000] Memory: 253344K/262144K available (4297K kernel code, 170K rwdata, 1584K rodata, 180K init, 148K bss, 8800K reserved, 0K cma-reserved)
[    0.000000] Virtual kernel memory layout:
[    0.000000]     vector  : 0xffff0000 - 0xffff1000   (   4 kB)
[    0.000000]     fixmap  : 0xffc00000 - 0xfff00000   (3072 kB)
[    0.000000]     vmalloc : 0xd0800000 - 0xff000000   ( 744 MB)
[    0.000000]     lowmem  : 0xc0000000 - 0xd0000000   ( 256 MB)
[    0.000000]     modules : 0xbf000000 - 0xc0000000   (  16 MB)
[    0.000000]       .text : 0xc0008000 - 0xc05c67bc   (5882 kB)
[    0.000000]       .init : 0xc05c7000 - 0xc05f4000   ( 180 kB)
[    0.000000]       .data : 0xc05f4000 - 0xc061e840   ( 171 kB)
[    0.000000]        .bss : 0xc0621000 - 0xc06462d4   ( 149 kB)
[    0.000000] NR_IRQS:16 nr_irqs:16 16
[    0.000000] Architected cp15 timer(s) running at 62.50MHz (virt).
[    0.000000] clocksource arch_sys_counter: mask: 0xffffffffffffff max_cycles: 0x1cd42e208c, max_idle_ns: 881590405314 ns
[    0.000136] sched_clock: 56 bits at 62MHz, resolution 16ns, wraps every 4398046511096ns
[    0.000242] Switching to timer-based delay loop, resolution 16ns
[    0.004987] Console: colour dummy device 80x30
[    0.005256] Calibrating delay loop (skipped), value calculated using timer frequency.. 125.00 BogoMIPS (lpj=625000)
[    0.005357] pid_max: default: 32768 minimum: 301
[    0.006097] Mount-cache hash table entries: 1024 (order: 0, 4096 bytes)
[    0.006127] Mountpoint-cache hash table entries: 1024 (order: 0, 4096 bytes)
[    0.013619] CPU: Testing write buffer coherency: ok
[    0.018567] Setting up static identity map for 0x40008240 - 0x40008298
[    0.030396] VFP support v0.3: implementor 41 architecture 4 part 30 variant f rev 0
[    0.040390] clocksource jiffies: mask: 0xffffffff max_cycles: 0xffffffff, max_idle_ns: 19112604462750000 ns
[    0.047811] NET: Registered protocol family 16
[    0.050303] DMA: preallocated 256 KiB pool for atomic coherent allocations
[    0.053689] cpuidle: using governor ladder
[    0.053815] cpuidle: using governor menu
[    0.056661] genirq: Setting trigger mode 1 for irq 20 failed (gic_set_type+0x0/0x48)
[    0.058112] genirq: Setting trigger mode 1 for irq 21 failed (gic_set_type+0x0/0x48)
[    0.058371] genirq: Setting trigger mode 1 for irq 22 failed (gic_set_type+0x0/0x48)
[    0.058642] genirq: Setting trigger mode 1 for irq 23 failed (gic_set_type+0x0/0x48)
[    0.058906] genirq: Setting trigger mode 1 for irq 24 failed (gic_set_type+0x0/0x48)
[    0.059153] genirq: Setting trigger mode 1 for irq 25 failed (gic_set_type+0x0/0x48)
[    0.059388] genirq: Setting trigger mode 1 for irq 26 failed (gic_set_type+0x0/0x48)
[    0.059626] genirq: Setting trigger mode 1 for irq 27 failed (gic_set_type+0x0/0x48)
[    0.059959] genirq: Setting trigger mode 1 for irq 28 failed (gic_set_type+0x0/0x48)
[    0.060209] genirq: Setting trigger mode 1 for irq 29 failed (gic_set_type+0x0/0x48)
[    0.060441] genirq: Setting trigger mode 1 for irq 30 failed (gic_set_type+0x0/0x48)
[    0.060688] genirq: Setting trigger mode 1 for irq 31 failed (gic_set_type+0x0/0x48)
[    0.060935] genirq: Setting trigger mode 1 for irq 32 failed (gic_set_type+0x0/0x48)
[    0.061184] genirq: Setting trigger mode 1 for irq 33 failed (gic_set_type+0x0/0x48)
[    0.061413] genirq: Setting trigger mode 1 for irq 34 failed (gic_set_type+0x0/0x48)
[    0.061641] genirq: Setting trigger mode 1 for irq 35 failed (gic_set_type+0x0/0x48)
[    0.061876] genirq: Setting trigger mode 1 for irq 36 failed (gic_set_type+0x0/0x48)
[    0.062115] genirq: Setting trigger mode 1 for irq 37 failed (gic_set_type+0x0/0x48)
[    0.062392] genirq: Setting trigger mode 1 for irq 38 failed (gic_set_type+0x0/0x48)
[    0.062652] genirq: Setting trigger mode 1 for irq 39 failed (gic_set_type+0x0/0x48)
[    0.062891] genirq: Setting trigger mode 1 for irq 40 failed (gic_set_type+0x0/0x48)
[    0.063372] genirq: Setting trigger mode 1 for irq 41 failed (gic_set_type+0x0/0x48)
[    0.063638] genirq: Setting trigger mode 1 for irq 42 failed (gic_set_type+0x0/0x48)
[    0.063891] genirq: Setting trigger mode 1 for irq 43 failed (gic_set_type+0x0/0x48)
[    0.064149] genirq: Setting trigger mode 1 for irq 44 failed (gic_set_type+0x0/0x48)
[    0.064407] genirq: Setting trigger mode 1 for irq 45 failed (gic_set_type+0x0/0x48)
[    0.064650] genirq: Setting trigger mode 1 for irq 46 failed (gic_set_type+0x0/0x48)
[    0.064953] genirq: Setting trigger mode 1 for irq 47 failed (gic_set_type+0x0/0x48)
[    0.065215] genirq: Setting trigger mode 1 for irq 48 failed (gic_set_type+0x0/0x48)
[    0.065458] genirq: Setting trigger mode 1 for irq 49 failed (gic_set_type+0x0/0x48)
[    0.065695] genirq: Setting trigger mode 1 for irq 50 failed (gic_set_type+0x0/0x48)
[    0.065931] genirq: Setting trigger mode 1 for irq 51 failed (gic_set_type+0x0/0x48)
[    0.066339] genirq: Setting trigger mode 1 for irq 52 failed (gic_set_type+0x0/0x48)
[    0.069337] Serial: AMBA PL011 UART driver
[    0.070984] 9000000.pl011: ttyS0 at MMIO 0x9000000 (irq = 52, base_baud = 0) is a PL011 rev1
[    0.091874] console [ttyS0] enabled
[    0.110870] vgaarb: loaded
[    0.112047] SCSI subsystem initialized
[    0.112904] usbcore: registered new interface driver usbfs
[    0.113280] usbcore: registered new interface driver hub
[    0.113621] usbcore: registered new device driver usb
[    0.120993] cfg80211: Calling CRDA to update world regulatory domain
[    0.122945] Switched to clocksource arch_sys_counter
[    0.137120] NET: Registered protocol family 2
[    0.141103] TCP established hash table entries: 2048 (order: 1, 8192 bytes)
[    0.141436] TCP bind hash table entries: 2048 (order: 1, 8192 bytes)
[    0.141801] TCP: Hash tables configured (established 2048 bind 2048)
[    0.142313] UDP hash table entries: 256 (order: 0, 4096 bytes)
[    0.142624] UDP-Lite hash table entries: 256 (order: 0, 4096 bytes)
[    0.144124] NET: Registered protocol family 1
[    0.144547] PCI: CLS 0 bytes, default 64
[    0.150373] NetWinder Floating Point Emulator V0.97 (extended precision)
[    0.152508] futex hash table entries: 256 (order: -1, 3072 bytes)
[    0.157110] squashfs: version 4.0 (2009/01/31) Phillip Lougher
[    0.158037] jffs2: version 2.2. (NAND) Â© 2001-2006 Red Hat, Inc.
[    0.158792] romfs: ROMFS MTD (C) 2007 Red Hat, Inc.
[    0.166287] Block layer SCSI generic (bsg) driver version 0.4 loaded (major 253)
[    0.166667] io scheduler noop registered
[    0.166916] io scheduler cfq registered (default)
[    0.167538] firmadyne: devfs: 1, execute: 1, procfs: 1, syscall: 1
[    0.168655] ------------[ cut here ]------------
[    0.168852] WARNING: CPU: 0 PID: 1 at /home/vagrant/firmadyne-kernel/kernel-v4.1/fs/sysfs/dir.c:31 sysfs_warn_dup+0x50/0x6c()
[    0.169251] sysfs: cannot create duplicate filename '/class/gpio'
[    0.169491] Modules linked in:
[    0.169796] CPU: 0 PID: 1 Comm: swapper Not tainted 4.1.17+ #1
[    0.170009] Hardware name: Generic DT based system
[    0.170676] [<c001c99c>] (unwind_backtrace) from [<c0019d30>] (show_stack+0x10/0x14)
[    0.171035] [<c0019d30>] (show_stack) from [<c0024ab4>] (warn_slowpath_common+0x80/0xa8)
[    0.171342] [<c0024ab4>] (warn_slowpath_common) from [<c0024b08>] (warn_slowpath_fmt+0x2c/0x3c)
[    0.171695] [<c0024b08>] (warn_slowpath_fmt) from [<c00e363c>] (sysfs_warn_dup+0x50/0x6c)
[    0.171988] [<c00e363c>] (sysfs_warn_dup) from [<c00e3714>] (sysfs_create_dir_ns+0x74/0x84)
[    0.172287] [<c00e3714>] (sysfs_create_dir_ns) from [<c018e6ac>] (kobject_add_internal+0xb8/0x2ac)
[    0.172607] [<c018e6ac>] (kobject_add_internal) from [<c018e9a8>] (kset_register+0x1c/0x44)
[    0.173129] [<c018e9a8>] (kset_register) from [<c02090b4>] (__class_register+0xa8/0x198)
[    0.173423] [<c02090b4>] (__class_register) from [<c02091e4>] (__class_create+0x40/0x70)
[    0.173716] [<c02091e4>] (__class_create) from [<c01adf68>] (register_devfs_stubs+0x314/0xbb4)
[    0.174030] [<c01adf68>] (register_devfs_stubs) from [<c05d9b08>] (init_module+0x28/0xa4)
[    0.174354] [<c05d9b08>] (init_module) from [<c0009670>] (do_one_initcall+0x104/0x1b4)
[    0.174654] [<c0009670>] (do_one_initcall) from [<c05c7d08>] (kernel_init_freeable+0xf0/0x1b0)
[    0.174966] [<c05c7d08>] (kernel_init_freeable) from [<c040f28c>] (kernel_init+0x8/0xe4)
[    0.175255] [<c040f28c>] (kernel_init) from [<c0016da8>] (ret_from_fork+0x14/0x2c)
[    0.175586] ---[ end trace 4044c6609d305e0d ]---
[    0.175824] ------------[ cut here ]------------
[    0.176004] WARNING: CPU: 0 PID: 1 at /home/vagrant/firmadyne-kernel/kernel-v4.1/lib/kobject.c:240 kobject_add_internal+0x240/0x2ac()
[    0.176410] kobject_add_internal failed for gpio with -EEXIST, don't try to register things with the same name in the same directory.
[    0.176810] Modules linked in:
[    0.177001] CPU: 0 PID: 1 Comm: swapper Tainted: G        W       4.1.17+ #1
[    0.177244] Hardware name: Generic DT based system
[    0.177432] [<c001c99c>] (unwind_backtrace) from [<c0019d30>] (show_stack+0x10/0x14)
[    0.177714] [<c0019d30>] (show_stack) from [<c0024ab4>] (warn_slowpath_common+0x80/0xa8)
[    0.178008] [<c0024ab4>] (warn_slowpath_common) from [<c0024b08>] (warn_slowpath_fmt+0x2c/0x3c)
[    0.178322] [<c0024b08>] (warn_slowpath_fmt) from [<c018e834>] (kobject_add_internal+0x240/0x2ac)
[    0.178645] [<c018e834>] (kobject_add_internal) from [<c018e9a8>] (kset_register+0x1c/0x44)
[    0.178945] [<c018e9a8>] (kset_register) from [<c02090b4>] (__class_register+0xa8/0x198)
[    0.179240] [<c02090b4>] (__class_register) from [<c02091e4>] (__class_create+0x40/0x70)
[    0.179532] [<c02091e4>] (__class_create) from [<c01adf68>] (register_devfs_stubs+0x314/0xbb4)
[    0.179842] [<c01adf68>] (register_devfs_stubs) from [<c05d9b08>] (init_module+0x28/0xa4)
[    0.180135] [<c05d9b08>] (init_module) from [<c0009670>] (do_one_initcall+0x104/0x1b4)
[    0.180423] [<c0009670>] (do_one_initcall) from [<c05c7d08>] (kernel_init_freeable+0xf0/0x1b0)
[    0.180730] [<c05c7d08>] (kernel_init_freeable) from [<c040f28c>] (kernel_init+0x8/0xe4)
[    0.181027] [<c040f28c>] (kernel_init) from [<c0016da8>] (ret_from_fork+0x14/0x2c)
[    0.181300] ---[ end trace 4044c6609d305e0e ]---
[    0.181511] firmadyne: Cannot create device class: gpio!
[    0.183117] firmadyne: Cannot register character device: watchdog, 0xa, 0x82!
[    0.183393] firmadyne: Cannot register character device: wdt, 0xfd, 0x0!
[    0.279511] Non-volatile memory driver v1.3
[    0.297955] brd: module loaded
[    0.306343] loop: module loaded
[    0.314314]  vda: vda1
[    0.318154] [nandsim] warning: read_byte: unexpected data output cycle, state is STATE_READY return 0x0
[    0.318511] [nandsim] warning: read_byte: unexpected data output cycle, state is STATE_READY return 0x0
[    0.318841] [nandsim] warning: read_byte: unexpected data output cycle, state is STATE_READY return 0x0
[    0.319160] [nandsim] warning: read_byte: unexpected data output cycle, state is STATE_READY return 0x0
[    0.319476] [nandsim] warning: read_byte: unexpected data output cycle, state is STATE_READY return 0x0
[    0.319792] [nandsim] warning: read_byte: unexpected data output cycle, state is STATE_READY return 0x0
[    0.320313] nand: device found, Manufacturer ID: 0x98, Chip ID: 0x39
[    0.320550] nand: Toshiba NAND 128MiB 1,8V 8-bit
[    0.320736] nand: 128 MiB, SLC, erase size: 16 KiB, page size: 512, OOB size: 16
[    0.321609] flash size: 128 MiB
[    0.321733] page size: 512 bytes
[    0.321855] OOB area size: 16 bytes
[    0.321985] sector size: 16 KiB
[    0.322104] pages number: 262144
[    0.322224] pages per sector: 32
[    0.322343] bus width: 8
[    0.322441] bits in sector size: 14
[    0.322569] bits in page size: 9
[    0.322897] bits in OOB size: 4
[    0.323029] flash size with OOB: 135168 KiB
[    0.323181] page address bytes: 4
[    0.323305] sector address bytes: 3
[    0.323435] options: 0x42
[    0.327153] Scanning device for bad blocks
[    0.449358] Creating 11 MTD partitions on "NAND 128MiB 1,8V 8-bit":
[    0.449834] 0x000000000000-0x000000100000 : "NAND simulator partition 0"
[    0.452644] 0x000000100000-0x000000200000 : "NAND simulator partition 1"
[    0.454186] 0x000000200000-0x000000300000 : "NAND simulator partition 2"
[    0.455466] 0x000000300000-0x000000400000 : "NAND simulator partition 3"
[    0.456723] 0x000000400000-0x000000500000 : "NAND simulator partition 4"
[    0.457974] 0x000000500000-0x000000600000 : "NAND simulator partition 5"
[    0.459287] 0x000000600000-0x000000700000 : "NAND simulator partition 6"
[    0.460563] 0x000000700000-0x000000800000 : "NAND simulator partition 7"
[    0.461958] 0x000000800000-0x000000900000 : "NAND simulator partition 8"
[    0.463601] 0x000000900000-0x000000a00000 : "NAND simulator partition 9"
[    0.464921] 0x000000a00000-0x000008000000 : "NAND simulator partition 10"
[    0.469093] tun: Universal TUN/TAP device driver, 1.6
[    0.469288] tun: (C) 1999-2004 Max Krasnyansky <maxk@qualcomm.com>
[    0.488953] PPP generic driver version 2.4.2
[    0.489617] PPP BSD Compression module registered
[    0.489835] PPP Deflate Compression module registered
[    0.490102] PPP MPPE Compression module registered
[    0.490312] NET: Registered protocol family 24
[    0.490688] PPTP driver version 0.8.5
[    0.491351] usbcore: registered new interface driver usb-storage
[    0.493130] hidraw: raw HID events driver (C) Jiri Kosina
[    0.493643] usbcore: registered new interface driver usbhid
[    0.493849] usbhid: USB HID core driver
[    0.494290] Netfilter messages via NETLINK v0.30.
[    0.494892] nf_conntrack version 0.5.0 (3958 buckets, 15832 max)
[    0.496131] ctnetlink v0.93: registering with nfnetlink.
[    0.500185] ipip: IPv4 over IPv4 tunneling driver
[    0.502125] gre: GRE over IPv4 demultiplexor driver
[    0.502345] ip_gre: GRE over IPv4 tunneling driver
[    0.506917] ip_tables: (C) 2000-2006 Netfilter Core Team
[    0.508399] arp_tables: (C) 2002 David S. Miller
[    0.509435] Initializing XFRM netlink socket
[    0.509928] NET: Registered protocol family 10
[    0.517546] ip6_tables: (C) 2000-2006 Netfilter Core Team
[    0.519035] sit: IPv6 over IPv4 tunneling driver
[    0.522275] NET: Registered protocol family 17
[    0.523062] bridge: automatic filtering via arp/ip/ip6tables has been deprecated. Update your scripts to load br_netfilter if you need this.
[    0.523579] Bridge firewalling registered
[    0.523771] Ebtables v2.0 registered
[    0.524773] 8021q: 802.1Q VLAN Support v1.8
[    0.525374] Registering SWP/SWPB emulation handler
[    0.527196] hctosys: unable to open rtc device (rtc0)
[    0.542045] UDF-fs: warning (device vda1): udf_fill_super: No partition found (2)
[    0.557631] UDF-fs: warning (device vda1): udf_fill_super: No partition found (2)
[    0.557982] List of all partitions:
[    0.558244] 0100            8192 ram0  (driver?)
[    0.558455] 0101            8192 ram1  (driver?)
[    0.558647] 0102            8192 ram2  (driver?)
[    0.558823] 0103            8192 ram3  (driver?)
[    0.558997] 0104            8192 ram4  (driver?)
[    0.559172] 0105            8192 ram5  (driver?)
[    0.559347] 0106            8192 ram6  (driver?)
[    0.559521] 0107            8192 ram7  (driver?)
[    0.559696] 0108            8192 ram8  (driver?)
[    0.559870] 0109            8192 ram9  (driver?)
[    0.560044] 010a            8192 ram10  (driver?)
[    0.560222] 010b            8192 ram11  (driver?)
[    0.560399] 010c            8192 ram12  (driver?)
[    0.560576] 010d            8192 ram13  (driver?)
[    0.560753] 010e            8192 ram14  (driver?)
[    0.560942] 010f            8192 ram15  (driver?)
[    0.561124] fe00         1048576 vda  driver: virtio_blk
[    0.561339]   fe01         1047552 vda1 af7e57ed-01
[    0.561528] 1f00            1024 mtdblock0  (driver?)
[    0.561717] 1f01            1024 mtdblock1  (driver?)
[    0.561907] 1f02            1024 mtdblock2  (driver?)
[    0.562095] 1f03            1024 mtdblock3  (driver?)
[    0.562287] 1f04            1024 mtdblock4  (driver?)
[    0.562478] 1f05            1024 mtdblock5  (driver?)
[    0.562863] 1f06            1024 mtdblock6  (driver?)
[    0.563058] 1f07            1024 mtdblock7  (driver?)
[    0.563248] 1f08            1024 mtdblock8  (driver?)
[    0.563439] 1f09            1024 mtdblock9  (driver?)
[    0.563629] 1f0a          120832 mtdblock10  (driver?)
[    0.563838] No filesystem could mount root, tried:  ext3 ext2 ext4 cramfs squashfs vfat iso9660 romfs udf
[    0.564368] Kernel panic - not syncing: VFS: Unable to mount root fs on unknown-block(254,1)
[    0.564687] CPU: 0 PID: 1 Comm: swapper Tainted: G        W       4.1.17+ #1
[    0.564944] Hardware name: Generic DT based system
[    0.565155] [<c001c99c>] (unwind_backtrace) from [<c0019d30>] (show_stack+0x10/0x14)
[    0.565441] [<c0019d30>] (show_stack) from [<c0410b78>] (panic+0x70/0x1c8)
[    0.565704] [<c0410b78>] (panic) from [<c05c81bc>] (mount_block_root+0x268/0x2ac)
[    0.565980] [<c05c81bc>] (mount_block_root) from [<c05c84a4>] (prepare_namespace+0x158/0x1ac)
[    0.566294] [<c05c84a4>] (prepare_namespace) from [<c05c7d84>] (kernel_init_freeable+0x16c/0x1b0)
[    0.566624] [<c05c7d84>] (kernel_init_freeable) from [<c040f28c>] (kernel_init+0x8/0xe4)
[    0.566914] [<c040f28c>] (kernel_init) from [<c0016da8>] (ret_from_fork+0x14/0x2c)
[    0.567353] ---[ end Kernel panic - not syncing: VFS: Unable to mount root fs on unknown-block(254,1)
