[    0.000000] Booting Linux on physical CPU 0x0
[    0.000000] Linux version 4.1.17+ (vagrant@vagrant-ubuntu-trusty-64) (gcc version 5.3.0 (GCC) ) #1 Thu Feb 18 01:05:21 UTC 2016
[    0.000000] CPU: ARMv7 Processor [412fc0f1] revision 1 (ARMv7), cr=10c5387d
[    0.000000] CPU: PIPT / VIPT nonaliasing data cache, PIPT instruction cache
[    0.000000] Machine model: linux,dummy-virt
[    0.000000] debug: ignoring loglevel setting.
[    0.000000] Memory policy: Data cache writeback
[    0.000000] On node 0 totalpages: 65536
[    0.000000] free_area_init_node: node 0, pgdat c061dfe8, node_mem_map cfdf9000
[    0.000000]   Normal zone: 512 pages used for memmap
[    0.000000]   Normal zone: 0 pages reserved
[    0.000000]   Normal zone: 65536 pages, LIFO batch:15
[    0.000000] CPU: All CPU(s) started in SVC mode.
[    0.000000] pcpu-alloc: s0 r0 d32768 u32768 alloc=1*32768
[    0.000000] pcpu-alloc: [0] 0 
[    0.000000] Built 1 zonelists in Zone order, mobility grouping on.  Total pages: 65024
[    0.000000] Kernel command line: firmadyne.syscall=1 root=/dev/vda1 console=ttyS0 nandsim.parts=64,64,64,64,64,64,64,64,64,64 rdinit=/firmadyne/preInit.sh rw debug ignore_loglevel print-fatal-signals=1 user_debug=31
[    0.000000] PID hash table entries: 1024 (order: 0, 4096 bytes)
[    0.000000] Dentry cache hash table entries: 32768 (order: 5, 131072 bytes)
[    0.000000] Inode-cache hash table entries: 16384 (order: 4, 65536 bytes)
[    0.000000] Memory: 253344K/262144K available (4297K kernel code, 170K rwdata, 1584K rodata, 180K init, 148K bss, 8800K reserved, 0K cma-reserved)
[    0.000000] Virtual kernel memory layout:
[    0.000000]     vector  : 0xffff0000 - 0xffff1000   (   4 kB)
[    0.000000]     fixmap  : 0xffc00000 - 0xfff00000   (3072 kB)
[    0.000000]     vmalloc : 0xd0800000 - 0xff000000   ( 744 MB)
[    0.000000]     lowmem  : 0xc0000000 - 0xd0000000   ( 256 MB)
[    0.000000]     modules : 0xbf000000 - 0xc0000000   (  16 MB)
[    0.000000]       .text : 0xc0008000 - 0xc05c67bc   (5882 kB)
[    0.000000]       .init : 0xc05c7000 - 0xc05f4000   ( 180 kB)
[    0.000000]       .data : 0xc05f4000 - 0xc061e840   ( 171 kB)
[    0.000000]        .bss : 0xc0621000 - 0xc06462d4   ( 149 kB)
[    0.000000] NR_IRQS:16 nr_irqs:16 16
[    0.000000] Architected cp15 timer(s) running at 62.50MHz (virt).
[    0.000000] clocksource arch_sys_counter: mask: 0xffffffffffffff max_cycles: 0x1cd42e208c, max_idle_ns: 881590405314 ns
[    0.000134] sched_clock: 56 bits at 62MHz, resolution 16ns, wraps every 4398046511096ns
[    0.000240] Switching to timer-based delay loop, resolution 16ns
[    0.002888] Console: colour dummy device 80x30
[    0.003157] Calibrating delay loop (skipped), value calculated using timer frequency.. 125.00 BogoMIPS (lpj=625000)
[    0.003277] pid_max: default: 32768 minimum: 301
[    0.004067] Mount-cache hash table entries: 1024 (order: 0, 4096 bytes)
[    0.004097] Mountpoint-cache hash table entries: 1024 (order: 0, 4096 bytes)
[    0.011906] CPU: Testing write buffer coherency: ok
[    0.016950] Setting up static identity map for 0x40008240 - 0x40008298
[    0.029023] VFP support v0.3: implementor 41 architecture 4 part 30 variant f rev 0
[    0.039102] clocksource jiffies: mask: 0xffffffff max_cycles: 0xffffffff, max_idle_ns: 19112604462750000 ns
[    0.046675] NET: Registered protocol family 16
[    0.049238] DMA: preallocated 256 KiB pool for atomic coherent allocations
[    0.052472] cpuidle: using governor ladder
[    0.052599] cpuidle: using governor menu
[    0.055713] genirq: Setting trigger mode 1 for irq 20 failed (gic_set_type+0x0/0x48)
[    0.057215] genirq: Setting trigger mode 1 for irq 21 failed (gic_set_type+0x0/0x48)
[    0.057482] genirq: Setting trigger mode 1 for irq 22 failed (gic_set_type+0x0/0x48)
[    0.057743] genirq: Setting trigger mode 1 for irq 23 failed (gic_set_type+0x0/0x48)
[    0.058002] genirq: Setting trigger mode 1 for irq 24 failed (gic_set_type+0x0/0x48)
[    0.058263] genirq: Setting trigger mode 1 for irq 25 failed (gic_set_type+0x0/0x48)
[    0.058503] genirq: Setting trigger mode 1 for irq 26 failed (gic_set_type+0x0/0x48)
[    0.058740] genirq: Setting trigger mode 1 for irq 27 failed (gic_set_type+0x0/0x48)
[    0.059073] genirq: Setting trigger mode 1 for irq 28 failed (gic_set_type+0x0/0x48)
[    0.059340] genirq: Setting trigger mode 1 for irq 29 failed (gic_set_type+0x0/0x48)
[    0.059575] genirq: Setting trigger mode 1 for irq 30 failed (gic_set_type+0x0/0x48)
[    0.059822] genirq: Setting trigger mode 1 for irq 31 failed (gic_set_type+0x0/0x48)
[    0.060051] genirq: Setting trigger mode 1 for irq 32 failed (gic_set_type+0x0/0x48)
[    0.060325] genirq: Setting trigger mode 1 for irq 33 failed (gic_set_type+0x0/0x48)
[    0.060561] genirq: Setting trigger mode 1 for irq 34 failed (gic_set_type+0x0/0x48)
[    0.060806] genirq: Setting trigger mode 1 for irq 35 failed (gic_set_type+0x0/0x48)
[    0.061048] genirq: Setting trigger mode 1 for irq 36 failed (gic_set_type+0x0/0x48)
[    0.061302] genirq: Setting trigger mode 1 for irq 37 failed (gic_set_type+0x0/0x48)
[    0.061586] genirq: Setting trigger mode 1 for irq 38 failed (gic_set_type+0x0/0x48)
[    0.061833] genirq: Setting trigger mode 1 for irq 39 failed (gic_set_type+0x0/0x48)
[    0.062069] genirq: Setting trigger mode 1 for irq 40 failed (gic_set_type+0x0/0x48)
[    0.062326] genirq: Setting trigger mode 1 for irq 41 failed (gic_set_type+0x0/0x48)
[    0.062580] genirq: Setting trigger mode 1 for irq 42 failed (gic_set_type+0x0/0x48)
[    0.062828] genirq: Setting trigger mode 1 for irq 43 failed (gic_set_type+0x0/0x48)
[    0.063302] genirq: Setting trigger mode 1 for irq 44 failed (gic_set_type+0x0/0x48)
[    0.063590] genirq: Setting trigger mode 1 for irq 45 failed (gic_set_type+0x0/0x48)
[    0.063838] genirq: Setting trigger mode 1 for irq 46 failed (gic_set_type+0x0/0x48)
[    0.064123] genirq: Setting trigger mode 1 for irq 47 failed (gic_set_type+0x0/0x48)
[    0.064416] genirq: Setting trigger mode 1 for irq 48 failed (gic_set_type+0x0/0x48)
[    0.064667] genirq: Setting trigger mode 1 for irq 49 failed (gic_set_type+0x0/0x48)
[    0.064929] genirq: Setting trigger mode 1 for irq 50 failed (gic_set_type+0x0/0x48)
[    0.065167] genirq: Setting trigger mode 1 for irq 51 failed (gic_set_type+0x0/0x48)
[    0.065600] genirq: Setting trigger mode 1 for irq 52 failed (gic_set_type+0x0/0x48)
[    0.068693] Serial: AMBA PL011 UART driver
[    0.070389] 9000000.pl011: ttyS0 at MMIO 0x9000000 (irq = 52, base_baud = 0) is a PL011 rev1
[    0.091675] console [ttyS0] enabled
[    0.111075] vgaarb: loaded
[    0.112306] SCSI subsystem initialized
[    0.113203] usbcore: registered new interface driver usbfs
[    0.113567] usbcore: registered new interface driver hub
[    0.113908] usbcore: registered new device driver usb
[    0.121543] cfg80211: Calling CRDA to update world regulatory domain
[    0.123538] Switched to clocksource arch_sys_counter
[    0.138746] NET: Registered protocol family 2
[    0.142771] TCP established hash table entries: 2048 (order: 1, 8192 bytes)
[    0.143110] TCP bind hash table entries: 2048 (order: 1, 8192 bytes)
[    0.143776] TCP: Hash tables configured (established 2048 bind 2048)
[    0.144339] UDP hash table entries: 256 (order: 0, 4096 bytes)
[    0.144656] UDP-Lite hash table entries: 256 (order: 0, 4096 bytes)
[    0.145919] NET: Registered protocol family 1
[    0.146343] PCI: CLS 0 bytes, default 64
[    0.152210] NetWinder Floating Point Emulator V0.97 (extended precision)
[    0.154643] futex hash table entries: 256 (order: -1, 3072 bytes)
[    0.159107] squashfs: version 4.0 (2009/01/31) Phillip Lougher
[    0.160055] jffs2: version 2.2. (NAND) Â© 2001-2006 Red Hat, Inc.
[    0.160843] romfs: ROMFS MTD (C) 2007 Red Hat, Inc.
[    0.168261] Block layer SCSI generic (bsg) driver version 0.4 loaded (major 253)
[    0.168645] io scheduler noop registered
[    0.168953] io scheduler cfq registered (default)
[    0.169590] firmadyne: devfs: 1, execute: 1, procfs: 1, syscall: 1
[    0.170728] ------------[ cut here ]------------
[    0.170932] WARNING: CPU: 0 PID: 1 at /home/vagrant/firmadyne-kernel/kernel-v4.1/fs/sysfs/dir.c:31 sysfs_warn_dup+0x50/0x6c()
[    0.171333] sysfs: cannot create duplicate filename '/class/gpio'
[    0.171576] Modules linked in:
[    0.171881] CPU: 0 PID: 1 Comm: swapper Not tainted 4.1.17+ #1
[    0.172106] Hardware name: Generic DT based system
[    0.172802] [<c001c99c>] (unwind_backtrace) from [<c0019d30>] (show_stack+0x10/0x14)
[    0.173177] [<c0019d30>] (show_stack) from [<c0024ab4>] (warn_slowpath_common+0x80/0xa8)
[    0.173714] [<c0024ab4>] (warn_slowpath_common) from [<c0024b08>] (warn_slowpath_fmt+0x2c/0x3c)
[    0.174081] [<c0024b08>] (warn_slowpath_fmt) from [<c00e363c>] (sysfs_warn_dup+0x50/0x6c)
[    0.174389] [<c00e363c>] (sysfs_warn_dup) from [<c00e3714>] (sysfs_create_dir_ns+0x74/0x84)
[    0.174692] [<c00e3714>] (sysfs_create_dir_ns) from [<c018e6ac>] (kobject_add_internal+0xb8/0x2ac)
[    0.175015] [<c018e6ac>] (kobject_add_internal) from [<c018e9a8>] (kset_register+0x1c/0x44)
[    0.175326] [<c018e9a8>] (kset_register) from [<c02090b4>] (__class_register+0xa8/0x198)
[    0.175621] [<c02090b4>] (__class_register) from [<c02091e4>] (__class_create+0x40/0x70)
[    0.175916] [<c02091e4>] (__class_create) from [<c01adf68>] (register_devfs_stubs+0x314/0xbb4)
[    0.176237] [<c01adf68>] (register_devfs_stubs) from [<c05d9b08>] (init_module+0x28/0xa4)
[    0.176578] [<c05d9b08>] (init_module) from [<c0009670>] (do_one_initcall+0x104/0x1b4)
[    0.176884] [<c0009670>] (do_one_initcall) from [<c05c7d08>] (kernel_init_freeable+0xf0/0x1b0)
[    0.177206] [<c05c7d08>] (kernel_init_freeable) from [<c040f28c>] (kernel_init+0x8/0xe4)
[    0.177497] [<c040f28c>] (kernel_init) from [<c0016da8>] (ret_from_fork+0x14/0x2c)
[    0.177832] ---[ end trace 459c0077c397af9e ]---
[    0.178071] ------------[ cut here ]------------
[    0.178259] WARNING: CPU: 0 PID: 1 at /home/vagrant/firmadyne-kernel/kernel-v4.1/lib/kobject.c:240 kobject_add_internal+0x240/0x2ac()
[    0.178670] kobject_add_internal failed for gpio with -EEXIST, don't try to register things with the same name in the same directory.
[    0.179076] Modules linked in:
[    0.179266] CPU: 0 PID: 1 Comm: swapper Tainted: G        W       4.1.17+ #1
[    0.179512] Hardware name: Generic DT based system
[    0.179703] [<c001c99c>] (unwind_backtrace) from [<c0019d30>] (show_stack+0x10/0x14)
[    0.179987] [<c0019d30>] (show_stack) from [<c0024ab4>] (warn_slowpath_common+0x80/0xa8)
[    0.180305] [<c0024ab4>] (warn_slowpath_common) from [<c0024b08>] (warn_slowpath_fmt+0x2c/0x3c)
[    0.180625] [<c0024b08>] (warn_slowpath_fmt) from [<c018e834>] (kobject_add_internal+0x240/0x2ac)
[    0.180955] [<c018e834>] (kobject_add_internal) from [<c018e9a8>] (kset_register+0x1c/0x44)
[    0.181264] [<c018e9a8>] (kset_register) from [<c02090b4>] (__class_register+0xa8/0x198)
[    0.181556] [<c02090b4>] (__class_register) from [<c02091e4>] (__class_create+0x40/0x70)
[    0.181849] [<c02091e4>] (__class_create) from [<c01adf68>] (register_devfs_stubs+0x314/0xbb4)
[    0.182161] [<c01adf68>] (register_devfs_stubs) from [<c05d9b08>] (init_module+0x28/0xa4)
[    0.182464] [<c05d9b08>] (init_module) from [<c0009670>] (do_one_initcall+0x104/0x1b4)
[    0.182753] [<c0009670>] (do_one_initcall) from [<c05c7d08>] (kernel_init_freeable+0xf0/0x1b0)
[    0.183064] [<c05c7d08>] (kernel_init_freeable) from [<c040f28c>] (kernel_init+0x8/0xe4)
[    0.183549] [<c040f28c>] (kernel_init) from [<c0016da8>] (ret_from_fork+0x14/0x2c)
[    0.183834] ---[ end trace 459c0077c397af9f ]---
[    0.184048] firmadyne: Cannot create device class: gpio!
[    0.185480] firmadyne: Cannot register character device: watchdog, 0xa, 0x82!
[    0.185758] firmadyne: Cannot register character device: wdt, 0xfd, 0x0!
[    0.281143] Non-volatile memory driver v1.3
[    0.300444] brd: module loaded
[    0.308720] loop: module loaded
[    0.316888]  vda: vda1
[    0.320759] [nandsim] warning: read_byte: unexpected data output cycle, state is STATE_READY return 0x0
[    0.321138] [nandsim] warning: read_byte: unexpected data output cycle, state is STATE_READY return 0x0
[    0.321458] [nandsim] warning: read_byte: unexpected data output cycle, state is STATE_READY return 0x0
[    0.321774] [nandsim] warning: read_byte: unexpected data output cycle, state is STATE_READY return 0x0
[    0.322097] [nandsim] warning: read_byte: unexpected data output cycle, state is STATE_READY return 0x0
[    0.322414] [nandsim] warning: read_byte: unexpected data output cycle, state is STATE_READY return 0x0
[    0.322940] nand: device found, Manufacturer ID: 0x98, Chip ID: 0x39
[    0.323187] nand: Toshiba NAND 128MiB 1,8V 8-bit
[    0.323578] nand: 128 MiB, SLC, erase size: 16 KiB, page size: 512, OOB size: 16
[    0.324492] flash size: 128 MiB
[    0.324621] page size: 512 bytes
[    0.324745] OOB area size: 16 bytes
[    0.324889] sector size: 16 KiB
[    0.325008] pages number: 262144
[    0.325138] pages per sector: 32
[    0.325260] bus width: 8
[    0.325359] bits in sector size: 14
[    0.325489] bits in page size: 9
[    0.325614] bits in OOB size: 4
[    0.325737] flash size with OOB: 135168 KiB
[    0.325893] page address bytes: 4
[    0.326017] sector address bytes: 3
[    0.326155] options: 0x42
[    0.330099] Scanning device for bad blocks
[    0.456149] Creating 11 MTD partitions on "NAND 128MiB 1,8V 8-bit":
[    0.456673] 0x000000000000-0x000000100000 : "NAND simulator partition 0"
[    0.459550] 0x000000100000-0x000000200000 : "NAND simulator partition 1"
[    0.460919] 0x000000200000-0x000000300000 : "NAND simulator partition 2"
[    0.462207] 0x000000300000-0x000000400000 : "NAND simulator partition 3"
[    0.463713] 0x000000400000-0x000000500000 : "NAND simulator partition 4"
[    0.465034] 0x000000500000-0x000000600000 : "NAND simulator partition 5"
[    0.466360] 0x000000600000-0x000000700000 : "NAND simulator partition 6"
[    0.467661] 0x000000700000-0x000000800000 : "NAND simulator partition 7"
[    0.469111] 0x000000800000-0x000000900000 : "NAND simulator partition 8"
[    0.470543] 0x000000900000-0x000000a00000 : "NAND simulator partition 9"
[    0.471861] 0x000000a00000-0x000008000000 : "NAND simulator partition 10"
[    0.476316] tun: Universal TUN/TAP device driver, 1.6
[    0.476515] tun: (C) 1999-2004 Max Krasnyansky <maxk@qualcomm.com>
[    0.492841] PPP generic driver version 2.4.2
[    0.494047] PPP BSD Compression module registered
[    0.494282] PPP Deflate Compression module registered
[    0.494554] PPP MPPE Compression module registered
[    0.494764] NET: Registered protocol family 24
[    0.495097] PPTP driver version 0.8.5
[    0.496086] usbcore: registered new interface driver usb-storage
[    0.497674] hidraw: raw HID events driver (C) Jiri Kosina
[    0.498186] usbcore: registered new interface driver usbhid
[    0.498399] usbhid: USB HID core driver
[    0.498840] Netfilter messages via NETLINK v0.30.
[    0.499449] nf_conntrack version 0.5.0 (3958 buckets, 15832 max)
[    0.500730] ctnetlink v0.93: registering with nfnetlink.
[    0.502055] ipip: IPv4 over IPv4 tunneling driver
[    0.504072] gre: GRE over IPv4 demultiplexor driver
[    0.504338] ip_gre: GRE over IPv4 tunneling driver
[    0.508420] ip_tables: (C) 2000-2006 Netfilter Core Team
[    0.509933] arp_tables: (C) 2002 David S. Miller
[    0.510956] Initializing XFRM netlink socket
[    0.511475] NET: Registered protocol family 10
[    0.517406] ip6_tables: (C) 2000-2006 Netfilter Core Team
[    0.519224] sit: IPv6 over IPv4 tunneling driver
[    0.522454] NET: Registered protocol family 17
[    0.523026] bridge: automatic filtering via arp/ip/ip6tables has been deprecated. Update your scripts to load br_netfilter if you need this.
[    0.523750] Bridge firewalling registered
[    0.523946] Ebtables v2.0 registered
[    0.524989] 8021q: 802.1Q VLAN Support v1.8
[    0.525580] Registering SWP/SWPB emulation handler
[    0.527391] hctosys: unable to open rtc device (rtc0)
[    0.542166] UDF-fs: warning (device vda1): udf_fill_super: No partition found (2)
[    0.557532] UDF-fs: warning (device vda1): udf_fill_super: No partition found (2)
[    0.557885] List of all partitions:
[    0.558151] 0100            8192 ram0  (driver?)
[    0.558358] 0101            8192 ram1  (driver?)
[    0.558535] 0102            8192 ram2  (driver?)
[    0.558708] 0103            8192 ram3  (driver?)
[    0.558881] 0104            8192 ram4  (driver?)
[    0.559054] 0105            8192 ram5  (driver?)
[    0.559227] 0106            8192 ram6  (driver?)
[    0.559401] 0107            8192 ram7  (driver?)
[    0.559574] 0108            8192 ram8  (driver?)
[    0.559747] 0109            8192 ram9  (driver?)
[    0.559921] 010a            8192 ram10  (driver?)
[    0.560098] 010b            8192 ram11  (driver?)
[    0.560286] 010c            8192 ram12  (driver?)
[    0.560462] 010d            8192 ram13  (driver?)
[    0.560637] 010e            8192 ram14  (driver?)
[    0.560825] 010f            8192 ram15  (driver?)
[    0.561006] fe00         1048576 vda  driver: virtio_blk
[    0.561222]   fe01         1047552 vda1 b30c2a5d-01
[    0.561409] 1f00            1024 mtdblock0  (driver?)
[    0.561599] 1f01            1024 mtdblock1  (driver?)
[    0.561788] 1f02            1024 mtdblock2  (driver?)
[    0.561977] 1f03            1024 mtdblock3  (driver?)
[    0.562168] 1f04            1024 mtdblock4  (driver?)
[    0.562358] 1f05            1024 mtdblock5  (driver?)
[    0.562546] 1f06            1024 mtdblock6  (driver?)
[    0.562735] 1f07            1024 mtdblock7  (driver?)
[    0.562923] 1f08            1024 mtdblock8  (driver?)
[    0.563111] 1f09            1024 mtdblock9  (driver?)
[    0.563489] 1f0a          120832 mtdblock10  (driver?)
[    0.563698] No filesystem could mount root, tried:  ext3 ext2 ext4 cramfs squashfs vfat iso9660 romfs udf
[    0.564226] Kernel panic - not syncing: VFS: Unable to mount root fs on unknown-block(254,1)
[    0.564555] CPU: 0 PID: 1 Comm: swapper Tainted: G        W       4.1.17+ #1
[    0.564812] Hardware name: Generic DT based system
[    0.565027] [<c001c99c>] (unwind_backtrace) from [<c0019d30>] (show_stack+0x10/0x14)
[    0.565314] [<c0019d30>] (show_stack) from [<c0410b78>] (panic+0x70/0x1c8)
[    0.565576] [<c0410b78>] (panic) from [<c05c81bc>] (mount_block_root+0x268/0x2ac)
[    0.565855] [<c05c81bc>] (mount_block_root) from [<c05c84a4>] (prepare_namespace+0x158/0x1ac)
[    0.566165] [<c05c84a4>] (prepare_namespace) from [<c05c7d84>] (kernel_init_freeable+0x16c/0x1b0)
[    0.566483] [<c05c7d84>] (kernel_init_freeable) from [<c040f28c>] (kernel_init+0x8/0xe4)
[    0.566774] [<c040f28c>] (kernel_init) from [<c0016da8>] (ret_from_fork+0x14/0x2c)
[    0.567210] ---[ end Kernel panic - not syncing: VFS: Unable to mount root fs on unknown-block(254,1)
