[    0.000000] Booting Linux on physical CPU 0x0
[    0.000000] Linux version 4.1.17+ (vagrant@vagrant-ubuntu-trusty-64) (gcc version 5.3.0 (GCC) ) #1 Thu Feb 18 01:05:21 UTC 2016
[    0.000000] CPU: ARMv7 Processor [412fc0f1] revision 1 (ARMv7), cr=10c5387d
[    0.000000] CPU: PIPT / VIPT nonaliasing data cache, PIPT instruction cache
[    0.000000] Machine model: linux,dummy-virt
[    0.000000] debug: ignoring loglevel setting.
[    0.000000] Memory policy: Data cache writeback
[    0.000000] On node 0 totalpages: 65536
[    0.000000] free_area_init_node: node 0, pgdat c061dfe8, node_mem_map cfdf9000
[    0.000000]   Normal zone: 512 pages used for memmap
[    0.000000]   Normal zone: 0 pages reserved
[    0.000000]   Normal zone: 65536 pages, LIFO batch:15
[    0.000000] CPU: All CPU(s) started in SVC mode.
[    0.000000] pcpu-alloc: s0 r0 d32768 u32768 alloc=1*32768
[    0.000000] pcpu-alloc: [0] 0 
[    0.000000] Built 1 zonelists in Zone order, mobility grouping on.  Total pages: 65024
[    0.000000] Kernel command line: firmadyne.syscall=1 root=/dev/vda1 console=ttyS0 nandsim.parts=64,64,64,64,64,64,64,64,64,64 rdinit=/firmadyne/preInit.sh rw debug ignore_loglevel print-fatal-signals=1 user_debug=31
[    0.000000] PID hash table entries: 1024 (order: 0, 4096 bytes)
[    0.000000] Dentry cache hash table entries: 32768 (order: 5, 131072 bytes)
[    0.000000] Inode-cache hash table entries: 16384 (order: 4, 65536 bytes)
[    0.000000] Memory: 253344K/262144K available (4297K kernel code, 170K rwdata, 1584K rodata, 180K init, 148K bss, 8800K reserved, 0K cma-reserved)
[    0.000000] Virtual kernel memory layout:
[    0.000000]     vector  : 0xffff0000 - 0xffff1000   (   4 kB)
[    0.000000]     fixmap  : 0xffc00000 - 0xfff00000   (3072 kB)
[    0.000000]     vmalloc : 0xd0800000 - 0xff000000   ( 744 MB)
[    0.000000]     lowmem  : 0xc0000000 - 0xd0000000   ( 256 MB)
[    0.000000]     modules : 0xbf000000 - 0xc0000000   (  16 MB)
[    0.000000]       .text : 0xc0008000 - 0xc05c67bc   (5882 kB)
[    0.000000]       .init : 0xc05c7000 - 0xc05f4000   ( 180 kB)
[    0.000000]       .data : 0xc05f4000 - 0xc061e840   ( 171 kB)
[    0.000000]        .bss : 0xc0621000 - 0xc06462d4   ( 149 kB)
[    0.000000] NR_IRQS:16 nr_irqs:16 16
[    0.000000] Architected cp15 timer(s) running at 62.50MHz (virt).
[    0.000000] clocksource arch_sys_counter: mask: 0xffffffffffffff max_cycles: 0x1cd42e208c, max_idle_ns: 881590405314 ns
[    0.000111] sched_clock: 56 bits at 62MHz, resolution 16ns, wraps every 4398046511096ns
[    0.000199] Switching to timer-based delay loop, resolution 16ns
[    0.002549] Console: colour dummy device 80x30
[    0.002813] Calibrating delay loop (skipped), value calculated using timer frequency.. 125.00 BogoMIPS (lpj=625000)
[    0.002915] pid_max: default: 32768 minimum: 301
[    0.003653] Mount-cache hash table entries: 1024 (order: 0, 4096 bytes)
[    0.003682] Mountpoint-cache hash table entries: 1024 (order: 0, 4096 bytes)
[    0.008835] CPU: Testing write buffer coherency: ok
[    0.015070] Setting up static identity map for 0x40008240 - 0x40008298
[    0.026429] VFP support v0.3: implementor 41 architecture 4 part 30 variant f rev 0
[    0.035926] clocksource jiffies: mask: 0xffffffff max_cycles: 0xffffffff, max_idle_ns: 19112604462750000 ns
[    0.043153] NET: Registered protocol family 16
[    0.045622] DMA: preallocated 256 KiB pool for atomic coherent allocations
[    0.048641] cpuidle: using governor ladder
[    0.048765] cpuidle: using governor menu
[    0.051476] genirq: Setting trigger mode 1 for irq 20 failed (gic_set_type+0x0/0x48)
[    0.053141] genirq: Setting trigger mode 1 for irq 21 failed (gic_set_type+0x0/0x48)
[    0.053439] genirq: Setting trigger mode 1 for irq 22 failed (gic_set_type+0x0/0x48)
[    0.053704] genirq: Setting trigger mode 1 for irq 23 failed (gic_set_type+0x0/0x48)
[    0.053966] genirq: Setting trigger mode 1 for irq 24 failed (gic_set_type+0x0/0x48)
[    0.054213] genirq: Setting trigger mode 1 for irq 25 failed (gic_set_type+0x0/0x48)
[    0.054447] genirq: Setting trigger mode 1 for irq 26 failed (gic_set_type+0x0/0x48)
[    0.054694] genirq: Setting trigger mode 1 for irq 27 failed (gic_set_type+0x0/0x48)
[    0.055028] genirq: Setting trigger mode 1 for irq 28 failed (gic_set_type+0x0/0x48)
[    0.055277] genirq: Setting trigger mode 1 for irq 29 failed (gic_set_type+0x0/0x48)
[    0.055508] genirq: Setting trigger mode 1 for irq 30 failed (gic_set_type+0x0/0x48)
[    0.055755] genirq: Setting trigger mode 1 for irq 31 failed (gic_set_type+0x0/0x48)
[    0.055978] genirq: Setting trigger mode 1 for irq 32 failed (gic_set_type+0x0/0x48)
[    0.056181] genirq: Setting trigger mode 1 for irq 33 failed (gic_set_type+0x0/0x48)
[    0.056419] genirq: Setting trigger mode 1 for irq 34 failed (gic_set_type+0x0/0x48)
[    0.056646] genirq: Setting trigger mode 1 for irq 35 failed (gic_set_type+0x0/0x48)
[    0.056881] genirq: Setting trigger mode 1 for irq 36 failed (gic_set_type+0x0/0x48)
[    0.057118] genirq: Setting trigger mode 1 for irq 37 failed (gic_set_type+0x0/0x48)
[    0.057415] genirq: Setting trigger mode 1 for irq 38 failed (gic_set_type+0x0/0x48)
[    0.057666] genirq: Setting trigger mode 1 for irq 39 failed (gic_set_type+0x0/0x48)
[    0.057904] genirq: Setting trigger mode 1 for irq 40 failed (gic_set_type+0x0/0x48)
[    0.058147] genirq: Setting trigger mode 1 for irq 41 failed (gic_set_type+0x0/0x48)
[    0.058397] genirq: Setting trigger mode 1 for irq 42 failed (gic_set_type+0x0/0x48)
[    0.058645] genirq: Setting trigger mode 1 for irq 43 failed (gic_set_type+0x0/0x48)
[    0.058900] genirq: Setting trigger mode 1 for irq 44 failed (gic_set_type+0x0/0x48)
[    0.059157] genirq: Setting trigger mode 1 for irq 45 failed (gic_set_type+0x0/0x48)
[    0.059399] genirq: Setting trigger mode 1 for irq 46 failed (gic_set_type+0x0/0x48)
[    0.059682] genirq: Setting trigger mode 1 for irq 47 failed (gic_set_type+0x0/0x48)
[    0.059924] genirq: Setting trigger mode 1 for irq 48 failed (gic_set_type+0x0/0x48)
[    0.060132] genirq: Setting trigger mode 1 for irq 49 failed (gic_set_type+0x0/0x48)
[    0.060370] genirq: Setting trigger mode 1 for irq 50 failed (gic_set_type+0x0/0x48)
[    0.060608] genirq: Setting trigger mode 1 for irq 51 failed (gic_set_type+0x0/0x48)
[    0.061017] genirq: Setting trigger mode 1 for irq 52 failed (gic_set_type+0x0/0x48)
[    0.064088] Serial: AMBA PL011 UART driver
[    0.065745] 9000000.pl011: ttyS0 at MMIO 0x9000000 (irq = 52, base_baud = 0) is a PL011 rev1
[    0.086016] console [ttyS0] enabled
[    0.103757] vgaarb: loaded
[    0.105174] SCSI subsystem initialized
[    0.106041] usbcore: registered new interface driver usbfs
[    0.106350] usbcore: registered new interface driver hub
[    0.106662] usbcore: registered new device driver usb
[    0.113917] cfg80211: Calling CRDA to update world regulatory domain
[    0.115993] Switched to clocksource arch_sys_counter
[    0.129705] NET: Registered protocol family 2
[    0.133503] TCP established hash table entries: 2048 (order: 1, 8192 bytes)
[    0.133792] TCP bind hash table entries: 2048 (order: 1, 8192 bytes)
[    0.134108] TCP: Hash tables configured (established 2048 bind 2048)
[    0.134553] UDP hash table entries: 256 (order: 0, 4096 bytes)
[    0.134857] UDP-Lite hash table entries: 256 (order: 0, 4096 bytes)
[    0.136332] NET: Registered protocol family 1
[    0.136759] PCI: CLS 0 bytes, default 64
[    0.142666] NetWinder Floating Point Emulator V0.97 (extended precision)
[    0.144756] futex hash table entries: 256 (order: -1, 3072 bytes)
[    0.149357] squashfs: version 4.0 (2009/01/31) Phillip Lougher
[    0.150289] jffs2: version 2.2. (NAND) Â© 2001-2006 Red Hat, Inc.
[    0.151040] romfs: ROMFS MTD (C) 2007 Red Hat, Inc.
[    0.158657] Block layer SCSI generic (bsg) driver version 0.4 loaded (major 253)
[    0.159028] io scheduler noop registered
[    0.159277] io scheduler cfq registered (default)
[    0.159900] firmadyne: devfs: 1, execute: 1, procfs: 1, syscall: 1
[    0.161020] ------------[ cut here ]------------
[    0.161221] WARNING: CPU: 0 PID: 1 at /home/vagrant/firmadyne-kernel/kernel-v4.1/fs/sysfs/dir.c:31 sysfs_warn_dup+0x50/0x6c()
[    0.161626] sysfs: cannot create duplicate filename '/class/gpio'
[    0.161868] Modules linked in:
[    0.162172] CPU: 0 PID: 1 Comm: swapper Not tainted 4.1.17+ #1
[    0.162388] Hardware name: Generic DT based system
[    0.163048] [<c001c99c>] (unwind_backtrace) from [<c0019d30>] (show_stack+0x10/0x14)
[    0.163408] [<c0019d30>] (show_stack) from [<c0024ab4>] (warn_slowpath_common+0x80/0xa8)
[    0.163719] [<c0024ab4>] (warn_slowpath_common) from [<c0024b08>] (warn_slowpath_fmt+0x2c/0x3c)
[    0.164074] [<c0024b08>] (warn_slowpath_fmt) from [<c00e363c>] (sysfs_warn_dup+0x50/0x6c)
[    0.164375] [<c00e363c>] (sysfs_warn_dup) from [<c00e3714>] (sysfs_create_dir_ns+0x74/0x84)
[    0.164674] [<c00e3714>] (sysfs_create_dir_ns) from [<c018e6ac>] (kobject_add_internal+0xb8/0x2ac)
[    0.164991] [<c018e6ac>] (kobject_add_internal) from [<c018e9a8>] (kset_register+0x1c/0x44)
[    0.165301] [<c018e9a8>] (kset_register) from [<c02090b4>] (__class_register+0xa8/0x198)
[    0.165591] [<c02090b4>] (__class_register) from [<c02091e4>] (__class_create+0x40/0x70)
[    0.166095] [<c02091e4>] (__class_create) from [<c01adf68>] (register_devfs_stubs+0x314/0xbb4)
[    0.166411] [<c01adf68>] (register_devfs_stubs) from [<c05d9b08>] (init_module+0x28/0xa4)
[    0.166736] [<c05d9b08>] (init_module) from [<c0009670>] (do_one_initcall+0x104/0x1b4)
[    0.167028] [<c0009670>] (do_one_initcall) from [<c05c7d08>] (kernel_init_freeable+0xf0/0x1b0)
[    0.167339] [<c05c7d08>] (kernel_init_freeable) from [<c040f28c>] (kernel_init+0x8/0xe4)
[    0.167627] [<c040f28c>] (kernel_init) from [<c0016da8>] (ret_from_fork+0x14/0x2c)
[    0.167960] ---[ end trace ac310aa0fe11b672 ]---
[    0.168200] ------------[ cut here ]------------
[    0.168387] WARNING: CPU: 0 PID: 1 at /home/vagrant/firmadyne-kernel/kernel-v4.1/lib/kobject.c:240 kobject_add_internal+0x240/0x2ac()
[    0.168793] kobject_add_internal failed for gpio with -EEXIST, don't try to register things with the same name in the same directory.
[    0.169194] Modules linked in:
[    0.169381] CPU: 0 PID: 1 Comm: swapper Tainted: G        W       4.1.17+ #1
[    0.169628] Hardware name: Generic DT based system
[    0.169818] [<c001c99c>] (unwind_backtrace) from [<c0019d30>] (show_stack+0x10/0x14)
[    0.170101] [<c0019d30>] (show_stack) from [<c0024ab4>] (warn_slowpath_common+0x80/0xa8)
[    0.170399] [<c0024ab4>] (warn_slowpath_common) from [<c0024b08>] (warn_slowpath_fmt+0x2c/0x3c)
[    0.170717] [<c0024b08>] (warn_slowpath_fmt) from [<c018e834>] (kobject_add_internal+0x240/0x2ac)
[    0.171036] [<c018e834>] (kobject_add_internal) from [<c018e9a8>] (kset_register+0x1c/0x44)
[    0.171337] [<c018e9a8>] (kset_register) from [<c02090b4>] (__class_register+0xa8/0x198)
[    0.171630] [<c02090b4>] (__class_register) from [<c02091e4>] (__class_create+0x40/0x70)
[    0.171924] [<c02091e4>] (__class_create) from [<c01adf68>] (register_devfs_stubs+0x314/0xbb4)
[    0.172235] [<c01adf68>] (register_devfs_stubs) from [<c05d9b08>] (init_module+0x28/0xa4)
[    0.172533] [<c05d9b08>] (init_module) from [<c0009670>] (do_one_initcall+0x104/0x1b4)
[    0.172817] [<c0009670>] (do_one_initcall) from [<c05c7d08>] (kernel_init_freeable+0xf0/0x1b0)
[    0.173126] [<c05c7d08>] (kernel_init_freeable) from [<c040f28c>] (kernel_init+0x8/0xe4)
[    0.173423] [<c040f28c>] (kernel_init) from [<c0016da8>] (ret_from_fork+0x14/0x2c)
[    0.173693] ---[ end trace ac310aa0fe11b673 ]---
[    0.173907] firmadyne: Cannot create device class: gpio!
[    0.175268] firmadyne: Cannot register character device: watchdog, 0xa, 0x82!
[    0.175540] firmadyne: Cannot register character device: wdt, 0xfd, 0x0!
[    0.266246] Non-volatile memory driver v1.3
[    0.284372] brd: module loaded
[    0.292067] loop: module loaded
[    0.299880]  vda: vda1
[    0.303563] [nandsim] warning: read_byte: unexpected data output cycle, state is STATE_READY return 0x0
[    0.303921] [nandsim] warning: read_byte: unexpected data output cycle, state is STATE_READY return 0x0
[    0.304197] [nandsim] warning: read_byte: unexpected data output cycle, state is STATE_READY return 0x0
[    0.304526] [nandsim] warning: read_byte: unexpected data output cycle, state is STATE_READY return 0x0
[    0.304842] [nandsim] warning: read_byte: unexpected data output cycle, state is STATE_READY return 0x0
[    0.305159] [nandsim] warning: read_byte: unexpected data output cycle, state is STATE_READY return 0x0
[    0.305678] nand: device found, Manufacturer ID: 0x98, Chip ID: 0x39
[    0.306056] nand: Toshiba NAND 128MiB 1,8V 8-bit
[    0.306223] nand: 128 MiB, SLC, erase size: 16 KiB, page size: 512, OOB size: 16
[    0.307052] flash size: 128 MiB
[    0.307178] page size: 512 bytes
[    0.307302] OOB area size: 16 bytes
[    0.307433] sector size: 16 KiB
[    0.307553] pages number: 262144
[    0.307674] pages per sector: 32
[    0.307796] bus width: 8
[    0.307897] bits in sector size: 14
[    0.308008] bits in page size: 9
[    0.308115] bits in OOB size: 4
[    0.308221] flash size with OOB: 135168 KiB
[    0.308428] page address bytes: 4
[    0.308553] sector address bytes: 3
[    0.308686] options: 0x42
[    0.312334] Scanning device for bad blocks
[    0.430625] Creating 11 MTD partitions on "NAND 128MiB 1,8V 8-bit":
[    0.431124] 0x000000000000-0x000000100000 : "NAND simulator partition 0"
[    0.433900] 0x000000100000-0x000000200000 : "NAND simulator partition 1"
[    0.435087] 0x000000200000-0x000000300000 : "NAND simulator partition 2"
[    0.436591] 0x000000300000-0x000000400000 : "NAND simulator partition 3"
[    0.437855] 0x000000400000-0x000000500000 : "NAND simulator partition 4"
[    0.438976] 0x000000500000-0x000000600000 : "NAND simulator partition 5"
[    0.440215] 0x000000600000-0x000000700000 : "NAND simulator partition 6"
[    0.441520] 0x000000700000-0x000000800000 : "NAND simulator partition 7"
[    0.442856] 0x000000800000-0x000000900000 : "NAND simulator partition 8"
[    0.444189] 0x000000900000-0x000000a00000 : "NAND simulator partition 9"
[    0.445507] 0x000000a00000-0x000008000000 : "NAND simulator partition 10"
[    0.449653] tun: Universal TUN/TAP device driver, 1.6
[    0.449821] tun: (C) 1999-2004 Max Krasnyansky <maxk@qualcomm.com>
[    0.466006] PPP generic driver version 2.4.2
[    0.466587] PPP BSD Compression module registered
[    0.466813] PPP Deflate Compression module registered
[    0.467081] PPP MPPE Compression module registered
[    0.467289] NET: Registered protocol family 24
[    0.467620] PPTP driver version 0.8.5
[    0.468249] usbcore: registered new interface driver usb-storage
[    0.469772] hidraw: raw HID events driver (C) Jiri Kosina
[    0.470205] usbcore: registered new interface driver usbhid
[    0.470381] usbhid: USB HID core driver
[    0.470799] Netfilter messages via NETLINK v0.30.
[    0.471389] nf_conntrack version 0.5.0 (3958 buckets, 15832 max)
[    0.472615] ctnetlink v0.93: registering with nfnetlink.
[    0.473927] ipip: IPv4 over IPv4 tunneling driver
[    0.475688] gre: GRE over IPv4 demultiplexor driver
[    0.476097] ip_gre: GRE over IPv4 tunneling driver
[    0.479932] ip_tables: (C) 2000-2006 Netfilter Core Team
[    0.481405] arp_tables: (C) 2002 David S. Miller
[    0.482416] Initializing XFRM netlink socket
[    0.482907] NET: Registered protocol family 10
[    0.488707] ip6_tables: (C) 2000-2006 Netfilter Core Team
[    0.490094] sit: IPv6 over IPv4 tunneling driver
[    0.493194] NET: Registered protocol family 17
[    0.493776] bridge: automatic filtering via arp/ip/ip6tables has been deprecated. Update your scripts to load br_netfilter if you need this.
[    0.494281] Bridge firewalling registered
[    0.494458] Ebtables v2.0 registered
[    0.495452] 8021q: 802.1Q VLAN Support v1.8
[    0.496214] Registering SWP/SWPB emulation handler
[    0.498030] hctosys: unable to open rtc device (rtc0)
[    0.512677] UDF-fs: warning (device vda1): udf_fill_super: No partition found (2)
[    0.528124] UDF-fs: warning (device vda1): udf_fill_super: No partition found (2)
[    0.528480] List of all partitions:
[    0.528745] 0100            8192 ram0  (driver?)
[    0.528953] 0101            8192 ram1  (driver?)
[    0.529129] 0102            8192 ram2  (driver?)
[    0.529316] 0103            8192 ram3  (driver?)
[    0.529489] 0104            8192 ram4  (driver?)
[    0.529648] 0105            8192 ram5  (driver?)
[    0.529795] 0106            8192 ram6  (driver?)
[    0.529942] 0107            8192 ram7  (driver?)
[    0.530089] 0108            8192 ram8  (driver?)
[    0.530237] 0109            8192 ram9  (driver?)
[    0.530384] 010a            8192 ram10  (driver?)
[    0.530535] 010b            8192 ram11  (driver?)
[    0.530713] 010c            8192 ram12  (driver?)
[    0.530888] 010d            8192 ram13  (driver?)
[    0.531064] 010e            8192 ram14  (driver?)
[    0.531238] 010f            8192 ram15  (driver?)
[    0.531419] fe00         1048576 vda  driver: virtio_blk
[    0.531633]   fe01         1047552 vda1 f95b2a09-01
[    0.531821] 1f00            1024 mtdblock0  (driver?)
[    0.531996] 1f01            1024 mtdblock1  (driver?)
[    0.532158] 1f02            1024 mtdblock2  (driver?)
[    0.532349] 1f03            1024 mtdblock3  (driver?)
[    0.532539] 1f04            1024 mtdblock4  (driver?)
[    0.532727] 1f05            1024 mtdblock5  (driver?)
[    0.532914] 1f06            1024 mtdblock6  (driver?)
[    0.533101] 1f07            1024 mtdblock7  (driver?)
[    0.533296] 1f08            1024 mtdblock8  (driver?)
[    0.533484] 1f09            1024 mtdblock9  (driver?)
[    0.533671] 1f0a          120832 mtdblock10  (driver?)
[    0.533872] No filesystem could mount root, tried:  ext3 ext2 ext4 cramfs squashfs vfat iso9660 romfs udf
[    0.534398] Kernel panic - not syncing: VFS: Unable to mount root fs on unknown-block(254,1)
[    0.534713] CPU: 0 PID: 1 Comm: swapper Tainted: G        W       4.1.17+ #1
[    0.534955] Hardware name: Generic DT based system
[    0.535164] [<c001c99c>] (unwind_backtrace) from [<c0019d30>] (show_stack+0x10/0x14)
[    0.535446] [<c0019d30>] (show_stack) from [<c0410b78>] (panic+0x70/0x1c8)
[    0.535707] [<c0410b78>] (panic) from [<c05c81bc>] (mount_block_root+0x268/0x2ac)
[    0.536042] [<c05c81bc>] (mount_block_root) from [<c05c84a4>] (prepare_namespace+0x158/0x1ac)
[    0.536339] [<c05c84a4>] (prepare_namespace) from [<c05c7d84>] (kernel_init_freeable+0x16c/0x1b0)
[    0.536657] [<c05c7d84>] (kernel_init_freeable) from [<c040f28c>] (kernel_init+0x8/0xe4)
[    0.536947] [<c040f28c>] (kernel_init) from [<c0016da8>] (ret_from_fork+0x14/0x2c)
[    0.537397] ---[ end Kernel panic - not syncing: VFS: Unable to mount root fs on unknown-block(254,1)
