[    0.000000] Booting Linux on physical CPU 0x0
[    0.000000] Linux version 4.1.17+ (vagrant@vagrant-ubuntu-trusty-64) (gcc version 5.3.0 (GCC) ) #1 Thu Feb 18 01:05:21 UTC 2016
[    0.000000] CPU: ARMv7 Processor [412fc0f1] revision 1 (ARMv7), cr=10c5387d
[    0.000000] CPU: PIPT / VIPT nonaliasing data cache, PIPT instruction cache
[    0.000000] Machine model: linux,dummy-virt
[    0.000000] debug: ignoring loglevel setting.
[    0.000000] Memory policy: Data cache writeback
[    0.000000] On node 0 totalpages: 65536
[    0.000000] free_area_init_node: node 0, pgdat c061dfe8, node_mem_map cfdf9000
[    0.000000]   Normal zone: 512 pages used for memmap
[    0.000000]   Normal zone: 0 pages reserved
[    0.000000]   Normal zone: 65536 pages, LIFO batch:15
[    0.000000] CPU: All CPU(s) started in SVC mode.
[    0.000000] pcpu-alloc: s0 r0 d32768 u32768 alloc=1*32768
[    0.000000] pcpu-alloc: [0] 0 
[    0.000000] Built 1 zonelists in Zone order, mobility grouping on.  Total pages: 65024
[    0.000000] Kernel command line: firmadyne.syscall=1 root=/dev/vda1 console=ttyS0 nandsim.parts=64,64,64,64,64,64,64,64,64,64 rdinit=/firmadyne/preInit.sh rw debug ignore_loglevel print-fatal-signals=1 user_debug=31
[    0.000000] PID hash table entries: 1024 (order: 0, 4096 bytes)
[    0.000000] Dentry cache hash table entries: 32768 (order: 5, 131072 bytes)
[    0.000000] Inode-cache hash table entries: 16384 (order: 4, 65536 bytes)
[    0.000000] Memory: 253344K/262144K available (4297K kernel code, 170K rwdata, 1584K rodata, 180K init, 148K bss, 8800K reserved, 0K cma-reserved)
[    0.000000] Virtual kernel memory layout:
[    0.000000]     vector  : 0xffff0000 - 0xffff1000   (   4 kB)
[    0.000000]     fixmap  : 0xffc00000 - 0xfff00000   (3072 kB)
[    0.000000]     vmalloc : 0xd0800000 - 0xff000000   ( 744 MB)
[    0.000000]     lowmem  : 0xc0000000 - 0xd0000000   ( 256 MB)
[    0.000000]     modules : 0xbf000000 - 0xc0000000   (  16 MB)
[    0.000000]       .text : 0xc0008000 - 0xc05c67bc   (5882 kB)
[    0.000000]       .init : 0xc05c7000 - 0xc05f4000   ( 180 kB)
[    0.000000]       .data : 0xc05f4000 - 0xc061e840   ( 171 kB)
[    0.000000]        .bss : 0xc0621000 - 0xc06462d4   ( 149 kB)
[    0.000000] NR_IRQS:16 nr_irqs:16 16
[    0.000000] Architected cp15 timer(s) running at 62.50MHz (virt).
[    0.000000] clocksource arch_sys_counter: mask: 0xffffffffffffff max_cycles: 0x1cd42e208c, max_idle_ns: 881590405314 ns
[    0.000135] sched_clock: 56 bits at 62MHz, resolution 16ns, wraps every 4398046511096ns
[    0.000241] Switching to timer-based delay loop, resolution 16ns
[    0.002824] Console: colour dummy device 80x30
[    0.003093] Calibrating delay loop (skipped), value calculated using timer frequency.. 125.00 BogoMIPS (lpj=625000)
[    0.003196] pid_max: default: 32768 minimum: 301
[    0.003973] Mount-cache hash table entries: 1024 (order: 0, 4096 bytes)
[    0.004002] Mountpoint-cache hash table entries: 1024 (order: 0, 4096 bytes)
[    0.011757] CPU: Testing write buffer coherency: ok
[    0.017008] Setting up static identity map for 0x40008240 - 0x40008298
[    0.028819] VFP support v0.3: implementor 41 architecture 4 part 30 variant f rev 0
[    0.038703] clocksource jiffies: mask: 0xffffffff max_cycles: 0xffffffff, max_idle_ns: 19112604462750000 ns
[    0.046106] NET: Registered protocol family 16
[    0.048589] DMA: preallocated 256 KiB pool for atomic coherent allocations
[    0.051754] cpuidle: using governor ladder
[    0.051878] cpuidle: using governor menu
[    0.054918] genirq: Setting trigger mode 1 for irq 20 failed (gic_set_type+0x0/0x48)
[    0.056343] genirq: Setting trigger mode 1 for irq 21 failed (gic_set_type+0x0/0x48)
[    0.056602] genirq: Setting trigger mode 1 for irq 22 failed (gic_set_type+0x0/0x48)
[    0.056861] genirq: Setting trigger mode 1 for irq 23 failed (gic_set_type+0x0/0x48)
[    0.057122] genirq: Setting trigger mode 1 for irq 24 failed (gic_set_type+0x0/0x48)
[    0.057369] genirq: Setting trigger mode 1 for irq 25 failed (gic_set_type+0x0/0x48)
[    0.057617] genirq: Setting trigger mode 1 for irq 26 failed (gic_set_type+0x0/0x48)
[    0.057856] genirq: Setting trigger mode 1 for irq 27 failed (gic_set_type+0x0/0x48)
[    0.058188] genirq: Setting trigger mode 1 for irq 28 failed (gic_set_type+0x0/0x48)
[    0.058437] genirq: Setting trigger mode 1 for irq 29 failed (gic_set_type+0x0/0x48)
[    0.058668] genirq: Setting trigger mode 1 for irq 30 failed (gic_set_type+0x0/0x48)
[    0.058914] genirq: Setting trigger mode 1 for irq 31 failed (gic_set_type+0x0/0x48)
[    0.059145] genirq: Setting trigger mode 1 for irq 32 failed (gic_set_type+0x0/0x48)
[    0.059404] genirq: Setting trigger mode 1 for irq 33 failed (gic_set_type+0x0/0x48)
[    0.059636] genirq: Setting trigger mode 1 for irq 34 failed (gic_set_type+0x0/0x48)
[    0.059863] genirq: Setting trigger mode 1 for irq 35 failed (gic_set_type+0x0/0x48)
[    0.060099] genirq: Setting trigger mode 1 for irq 36 failed (gic_set_type+0x0/0x48)
[    0.060338] genirq: Setting trigger mode 1 for irq 37 failed (gic_set_type+0x0/0x48)
[    0.060616] genirq: Setting trigger mode 1 for irq 38 failed (gic_set_type+0x0/0x48)
[    0.060864] genirq: Setting trigger mode 1 for irq 39 failed (gic_set_type+0x0/0x48)
[    0.061100] genirq: Setting trigger mode 1 for irq 40 failed (gic_set_type+0x0/0x48)
[    0.061342] genirq: Setting trigger mode 1 for irq 41 failed (gic_set_type+0x0/0x48)
[    0.061603] genirq: Setting trigger mode 1 for irq 42 failed (gic_set_type+0x0/0x48)
[    0.061853] genirq: Setting trigger mode 1 for irq 43 failed (gic_set_type+0x0/0x48)
[    0.062109] genirq: Setting trigger mode 1 for irq 44 failed (gic_set_type+0x0/0x48)
[    0.062367] genirq: Setting trigger mode 1 for irq 45 failed (gic_set_type+0x0/0x48)
[    0.062610] genirq: Setting trigger mode 1 for irq 46 failed (gic_set_type+0x0/0x48)
[    0.062891] genirq: Setting trigger mode 1 for irq 47 failed (gic_set_type+0x0/0x48)
[    0.063372] genirq: Setting trigger mode 1 for irq 48 failed (gic_set_type+0x0/0x48)
[    0.063630] genirq: Setting trigger mode 1 for irq 49 failed (gic_set_type+0x0/0x48)
[    0.063870] genirq: Setting trigger mode 1 for irq 50 failed (gic_set_type+0x0/0x48)
[    0.064107] genirq: Setting trigger mode 1 for irq 51 failed (gic_set_type+0x0/0x48)
[    0.064518] genirq: Setting trigger mode 1 for irq 52 failed (gic_set_type+0x0/0x48)
[    0.067634] Serial: AMBA PL011 UART driver
[    0.069273] 9000000.pl011: ttyS0 at MMIO 0x9000000 (irq = 52, base_baud = 0) is a PL011 rev1
[    0.090376] console [ttyS0] enabled
[    0.109222] vgaarb: loaded
[    0.110419] SCSI subsystem initialized
[    0.111268] usbcore: registered new interface driver usbfs
[    0.111646] usbcore: registered new interface driver hub
[    0.111990] usbcore: registered new device driver usb
[    0.119319] cfg80211: Calling CRDA to update world regulatory domain
[    0.121281] Switched to clocksource arch_sys_counter
[    0.135378] NET: Registered protocol family 2
[    0.139280] TCP established hash table entries: 2048 (order: 1, 8192 bytes)
[    0.139635] TCP bind hash table entries: 2048 (order: 1, 8192 bytes)
[    0.140001] TCP: Hash tables configured (established 2048 bind 2048)
[    0.140520] UDP hash table entries: 256 (order: 0, 4096 bytes)
[    0.140824] UDP-Lite hash table entries: 256 (order: 0, 4096 bytes)
[    0.142330] NET: Registered protocol family 1
[    0.142752] PCI: CLS 0 bytes, default 64
[    0.148503] NetWinder Floating Point Emulator V0.97 (extended precision)
[    0.150619] futex hash table entries: 256 (order: -1, 3072 bytes)
[    0.155162] squashfs: version 4.0 (2009/01/31) Phillip Lougher
[    0.156110] jffs2: version 2.2. (NAND) Â© 2001-2006 Red Hat, Inc.
[    0.156851] romfs: ROMFS MTD (C) 2007 Red Hat, Inc.
[    0.164077] Block layer SCSI generic (bsg) driver version 0.4 loaded (major 253)
[    0.164448] io scheduler noop registered
[    0.164699] io scheduler cfq registered (default)
[    0.165315] firmadyne: devfs: 1, execute: 1, procfs: 1, syscall: 1
[    0.166478] ------------[ cut here ]------------
[    0.166771] WARNING: CPU: 0 PID: 1 at /home/vagrant/firmadyne-kernel/kernel-v4.1/fs/sysfs/dir.c:31 sysfs_warn_dup+0x50/0x6c()
[    0.167170] sysfs: cannot create duplicate filename '/class/gpio'
[    0.167424] Modules linked in:
[    0.167729] CPU: 0 PID: 1 Comm: swapper Not tainted 4.1.17+ #1
[    0.167947] Hardware name: Generic DT based system
[    0.168602] [<c001c99c>] (unwind_backtrace) from [<c0019d30>] (show_stack+0x10/0x14)
[    0.168962] [<c0019d30>] (show_stack) from [<c0024ab4>] (warn_slowpath_common+0x80/0xa8)
[    0.169276] [<c0024ab4>] (warn_slowpath_common) from [<c0024b08>] (warn_slowpath_fmt+0x2c/0x3c)
[    0.169643] [<c0024b08>] (warn_slowpath_fmt) from [<c00e363c>] (sysfs_warn_dup+0x50/0x6c)
[    0.169938] [<c00e363c>] (sysfs_warn_dup) from [<c00e3714>] (sysfs_create_dir_ns+0x74/0x84)
[    0.170241] [<c00e3714>] (sysfs_create_dir_ns) from [<c018e6ac>] (kobject_add_internal+0xb8/0x2ac)
[    0.170564] [<c018e6ac>] (kobject_add_internal) from [<c018e9a8>] (kset_register+0x1c/0x44)
[    0.170867] [<c018e9a8>] (kset_register) from [<c02090b4>] (__class_register+0xa8/0x198)
[    0.171384] [<c02090b4>] (__class_register) from [<c02091e4>] (__class_create+0x40/0x70)
[    0.171687] [<c02091e4>] (__class_create) from [<c01adf68>] (register_devfs_stubs+0x314/0xbb4)
[    0.172005] [<c01adf68>] (register_devfs_stubs) from [<c05d9b08>] (init_module+0x28/0xa4)
[    0.172332] [<c05d9b08>] (init_module) from [<c0009670>] (do_one_initcall+0x104/0x1b4)
[    0.172626] [<c0009670>] (do_one_initcall) from [<c05c7d08>] (kernel_init_freeable+0xf0/0x1b0)
[    0.172941] [<c05c7d08>] (kernel_init_freeable) from [<c040f28c>] (kernel_init+0x8/0xe4)
[    0.173233] [<c040f28c>] (kernel_init) from [<c0016da8>] (ret_from_fork+0x14/0x2c)
[    0.173578] ---[ end trace b0b61039be35da67 ]---
[    0.173817] ------------[ cut here ]------------
[    0.173999] WARNING: CPU: 0 PID: 1 at /home/vagrant/firmadyne-kernel/kernel-v4.1/lib/kobject.c:240 kobject_add_internal+0x240/0x2ac()
[    0.174404] kobject_add_internal failed for gpio with -EEXIST, don't try to register things with the same name in the same directory.
[    0.174805] Modules linked in:
[    0.174980] CPU: 0 PID: 1 Comm: swapper Tainted: G        W       4.1.17+ #1
[    0.175224] Hardware name: Generic DT based system
[    0.175426] [<c001c99c>] (unwind_backtrace) from [<c0019d30>] (show_stack+0x10/0x14)
[    0.175712] [<c0019d30>] (show_stack) from [<c0024ab4>] (warn_slowpath_common+0x80/0xa8)
[    0.176014] [<c0024ab4>] (warn_slowpath_common) from [<c0024b08>] (warn_slowpath_fmt+0x2c/0x3c)
[    0.176334] [<c0024b08>] (warn_slowpath_fmt) from [<c018e834>] (kobject_add_internal+0x240/0x2ac)
[    0.176654] [<c018e834>] (kobject_add_internal) from [<c018e9a8>] (kset_register+0x1c/0x44)
[    0.176957] [<c018e9a8>] (kset_register) from [<c02090b4>] (__class_register+0xa8/0x198)
[    0.177252] [<c02090b4>] (__class_register) from [<c02091e4>] (__class_create+0x40/0x70)
[    0.177553] [<c02091e4>] (__class_create) from [<c01adf68>] (register_devfs_stubs+0x314/0xbb4)
[    0.177867] [<c01adf68>] (register_devfs_stubs) from [<c05d9b08>] (init_module+0x28/0xa4)
[    0.178165] [<c05d9b08>] (init_module) from [<c0009670>] (do_one_initcall+0x104/0x1b4)
[    0.178455] [<c0009670>] (do_one_initcall) from [<c05c7d08>] (kernel_init_freeable+0xf0/0x1b0)
[    0.178767] [<c05c7d08>] (kernel_init_freeable) from [<c040f28c>] (kernel_init+0x8/0xe4)
[    0.179055] [<c040f28c>] (kernel_init) from [<c0016da8>] (ret_from_fork+0x14/0x2c)
[    0.179331] ---[ end trace b0b61039be35da68 ]---
[    0.179556] firmadyne: Cannot create device class: gpio!
[    0.180914] firmadyne: Cannot register character device: watchdog, 0xa, 0x82!
[    0.181390] firmadyne: Cannot register character device: wdt, 0xfd, 0x0!
[    0.275419] Non-volatile memory driver v1.3
[    0.294136] brd: module loaded
[    0.302517] loop: module loaded
[    0.310322]  vda: vda1
[    0.314347] [nandsim] warning: read_byte: unexpected data output cycle, state is STATE_READY return 0x0
[    0.314703] [nandsim] warning: read_byte: unexpected data output cycle, state is STATE_READY return 0x0
[    0.315025] [nandsim] warning: read_byte: unexpected data output cycle, state is STATE_READY return 0x0
[    0.315359] [nandsim] warning: read_byte: unexpected data output cycle, state is STATE_READY return 0x0
[    0.315680] [nandsim] warning: read_byte: unexpected data output cycle, state is STATE_READY return 0x0
[    0.315999] [nandsim] warning: read_byte: unexpected data output cycle, state is STATE_READY return 0x0
[    0.316528] nand: device found, Manufacturer ID: 0x98, Chip ID: 0x39
[    0.316768] nand: Toshiba NAND 128MiB 1,8V 8-bit
[    0.316954] nand: 128 MiB, SLC, erase size: 16 KiB, page size: 512, OOB size: 16
[    0.317823] flash size: 128 MiB
[    0.317949] page size: 512 bytes
[    0.318071] OOB area size: 16 bytes
[    0.318202] sector size: 16 KiB
[    0.318319] pages number: 262144
[    0.318440] pages per sector: 32
[    0.318560] bus width: 8
[    0.318658] bits in sector size: 14
[    0.318787] bits in page size: 9
[    0.318911] bits in OOB size: 4
[    0.319033] flash size with OOB: 135168 KiB
[    0.319183] page address bytes: 4
[    0.319306] sector address bytes: 3
[    0.319447] options: 0x42
[    0.323441] Scanning device for bad blocks
[    0.454149] Creating 11 MTD partitions on "NAND 128MiB 1,8V 8-bit":
[    0.454643] 0x000000000000-0x000000100000 : "NAND simulator partition 0"
[    0.457551] 0x000000100000-0x000000200000 : "NAND simulator partition 1"
[    0.458856] 0x000000200000-0x000000300000 : "NAND simulator partition 2"
[    0.460133] 0x000000300000-0x000000400000 : "NAND simulator partition 3"
[    0.461644] 0x000000400000-0x000000500000 : "NAND simulator partition 4"
[    0.462901] 0x000000500000-0x000000600000 : "NAND simulator partition 5"
[    0.464220] 0x000000600000-0x000000700000 : "NAND simulator partition 6"
[    0.465511] 0x000000700000-0x000000800000 : "NAND simulator partition 7"
[    0.466899] 0x000000800000-0x000000900000 : "NAND simulator partition 8"
[    0.468425] 0x000000900000-0x000000a00000 : "NAND simulator partition 9"
[    0.469734] 0x000000a00000-0x000008000000 : "NAND simulator partition 10"
[    0.474133] tun: Universal TUN/TAP device driver, 1.6
[    0.474332] tun: (C) 1999-2004 Max Krasnyansky <maxk@qualcomm.com>
[    0.490724] PPP generic driver version 2.4.2
[    0.491650] PPP BSD Compression module registered
[    0.491874] PPP Deflate Compression module registered
[    0.492143] PPP MPPE Compression module registered
[    0.492352] NET: Registered protocol family 24
[    0.492679] PPTP driver version 0.8.5
[    0.493347] usbcore: registered new interface driver usb-storage
[    0.494870] hidraw: raw HID events driver (C) Jiri Kosina
[    0.495392] usbcore: registered new interface driver usbhid
[    0.495602] usbhid: USB HID core driver
[    0.496040] Netfilter messages via NETLINK v0.30.
[    0.496628] nf_conntrack version 0.5.0 (3958 buckets, 15832 max)
[    0.497895] ctnetlink v0.93: registering with nfnetlink.
[    0.499181] ipip: IPv4 over IPv4 tunneling driver
[    0.500966] gre: GRE over IPv4 demultiplexor driver
[    0.501685] ip_gre: GRE over IPv4 tunneling driver
[    0.505686] ip_tables: (C) 2000-2006 Netfilter Core Team
[    0.507166] arp_tables: (C) 2002 David S. Miller
[    0.508184] Initializing XFRM netlink socket
[    0.508672] NET: Registered protocol family 10
[    0.514555] ip6_tables: (C) 2000-2006 Netfilter Core Team
[    0.516013] sit: IPv6 over IPv4 tunneling driver
[    0.519217] NET: Registered protocol family 17
[    0.519804] bridge: automatic filtering via arp/ip/ip6tables has been deprecated. Update your scripts to load br_netfilter if you need this.
[    0.520314] Bridge firewalling registered
[    0.520498] Ebtables v2.0 registered
[    0.521720] 8021q: 802.1Q VLAN Support v1.8
[    0.522314] Registering SWP/SWPB emulation handler
[    0.524137] hctosys: unable to open rtc device (rtc0)
[    0.539373] UDF-fs: warning (device vda1): udf_fill_super: No partition found (2)
[    0.554963] UDF-fs: warning (device vda1): udf_fill_super: No partition found (2)
[    0.555317] List of all partitions:
[    0.555597] 0100            8192 ram0  (driver?)
[    0.555807] 0101            8192 ram1  (driver?)
[    0.555984] 0102            8192 ram2  (driver?)
[    0.556160] 0103            8192 ram3  (driver?)
[    0.556334] 0104            8192 ram4  (driver?)
[    0.556509] 0105            8192 ram5  (driver?)
[    0.556683] 0106            8192 ram6  (driver?)
[    0.556857] 0107            8192 ram7  (driver?)
[    0.557031] 0108            8192 ram8  (driver?)
[    0.557205] 0109            8192 ram9  (driver?)
[    0.557380] 010a            8192 ram10  (driver?)
[    0.557569] 010b            8192 ram11  (driver?)
[    0.557746] 010c            8192 ram12  (driver?)
[    0.557924] 010d            8192 ram13  (driver?)
[    0.558101] 010e            8192 ram14  (driver?)
[    0.558278] 010f            8192 ram15  (driver?)
[    0.558461] fe00         1048576 vda  driver: virtio_blk
[    0.558676]   fe01         1047552 vda1 c94fa2af-01
[    0.558863] 1f00            1024 mtdblock0  (driver?)
[    0.559053] 1f01            1024 mtdblock1  (driver?)
[    0.559242] 1f02            1024 mtdblock2  (driver?)
[    0.559442] 1f03            1024 mtdblock3  (driver?)
[    0.559635] 1f04            1024 mtdblock4  (driver?)
[    0.559826] 1f05            1024 mtdblock5  (driver?)
[    0.560016] 1f06            1024 mtdblock6  (driver?)
[    0.560205] 1f07            1024 mtdblock7  (driver?)
[    0.560394] 1f08            1024 mtdblock8  (driver?)
[    0.560585] 1f09            1024 mtdblock9  (driver?)
[    0.560775] 1f0a          120832 mtdblock10  (driver?)
[    0.560978] No filesystem could mount root, tried:  ext3 ext2 ext4 cramfs squashfs vfat iso9660 romfs udf
[    0.561711] Kernel panic - not syncing: VFS: Unable to mount root fs on unknown-block(254,1)
[    0.562030] CPU: 0 PID: 1 Comm: swapper Tainted: G        W       4.1.17+ #1
[    0.562274] Hardware name: Generic DT based system
[    0.562486] [<c001c99c>] (unwind_backtrace) from [<c0019d30>] (show_stack+0x10/0x14)
[    0.562772] [<c0019d30>] (show_stack) from [<c0410b78>] (panic+0x70/0x1c8)
[    0.563035] [<c0410b78>] (panic) from [<c05c81bc>] (mount_block_root+0x268/0x2ac)
[    0.563313] [<c05c81bc>] (mount_block_root) from [<c05c84a4>] (prepare_namespace+0x158/0x1ac)
[    0.563632] [<c05c84a4>] (prepare_namespace) from [<c05c7d84>] (kernel_init_freeable+0x16c/0x1b0)
[    0.563949] [<c05c7d84>] (kernel_init_freeable) from [<c040f28c>] (kernel_init+0x8/0xe4)
[    0.564237] [<c040f28c>] (kernel_init) from [<c0016da8>] (ret_from_fork+0x14/0x2c)
[    0.564666] ---[ end Kernel panic - not syncing: VFS: Unable to mount root fs on unknown-block(254,1)
