[    0.000000] Booting Linux on physical CPU 0x0
[    0.000000] Linux version 4.1.17+ (vagrant@vagrant-ubuntu-trusty-64) (gcc version 5.3.0 (GCC) ) #1 Thu Feb 18 01:05:21 UTC 2016
[    0.000000] CPU: ARMv7 Processor [412fc0f1] revision 1 (ARMv7), cr=10c5387d
[    0.000000] CPU: PIPT / VIPT nonaliasing data cache, PIPT instruction cache
[    0.000000] Machine model: linux,dummy-virt
[    0.000000] debug: ignoring loglevel setting.
[    0.000000] Memory policy: Data cache writeback
[    0.000000] On node 0 totalpages: 65536
[    0.000000] free_area_init_node: node 0, pgdat c061dfe8, node_mem_map cfdf9000
[    0.000000]   Normal zone: 512 pages used for memmap
[    0.000000]   Normal zone: 0 pages reserved
[    0.000000]   Normal zone: 65536 pages, LIFO batch:15
[    0.000000] CPU: All CPU(s) started in SVC mode.
[    0.000000] pcpu-alloc: s0 r0 d32768 u32768 alloc=1*32768
[    0.000000] pcpu-alloc: [0] 0 
[    0.000000] Built 1 zonelists in Zone order, mobility grouping on.  Total pages: 65024
[    0.000000] Kernel command line: firmadyne.syscall=1 root=/dev/vda1 console=ttyS0 nandsim.parts=64,64,64,64,64,64,64,64,64,64 rdinit=/firmadyne/preInit.sh rw debug ignore_loglevel print-fatal-signals=1 user_debug=31
[    0.000000] PID hash table entries: 1024 (order: 0, 4096 bytes)
[    0.000000] Dentry cache hash table entries: 32768 (order: 5, 131072 bytes)
[    0.000000] Inode-cache hash table entries: 16384 (order: 4, 65536 bytes)
[    0.000000] Memory: 253344K/262144K available (4297K kernel code, 170K rwdata, 1584K rodata, 180K init, 148K bss, 8800K reserved, 0K cma-reserved)
[    0.000000] Virtual kernel memory layout:
[    0.000000]     vector  : 0xffff0000 - 0xffff1000   (   4 kB)
[    0.000000]     fixmap  : 0xffc00000 - 0xfff00000   (3072 kB)
[    0.000000]     vmalloc : 0xd0800000 - 0xff000000   ( 744 MB)
[    0.000000]     lowmem  : 0xc0000000 - 0xd0000000   ( 256 MB)
[    0.000000]     modules : 0xbf000000 - 0xc0000000   (  16 MB)
[    0.000000]       .text : 0xc0008000 - 0xc05c67bc   (5882 kB)
[    0.000000]       .init : 0xc05c7000 - 0xc05f4000   ( 180 kB)
[    0.000000]       .data : 0xc05f4000 - 0xc061e840   ( 171 kB)
[    0.000000]        .bss : 0xc0621000 - 0xc06462d4   ( 149 kB)
[    0.000000] NR_IRQS:16 nr_irqs:16 16
[    0.000000] Architected cp15 timer(s) running at 62.50MHz (virt).
[    0.000000] clocksource arch_sys_counter: mask: 0xffffffffffffff max_cycles: 0x1cd42e208c, max_idle_ns: 881590405314 ns
[    0.000134] sched_clock: 56 bits at 62MHz, resolution 16ns, wraps every 4398046511096ns
[    0.000239] Switching to timer-based delay loop, resolution 16ns
[    0.002807] Console: colour dummy device 80x30
[    0.003076] Calibrating delay loop (skipped), value calculated using timer frequency.. 125.00 BogoMIPS (lpj=625000)
[    0.003177] pid_max: default: 32768 minimum: 301
[    0.003945] Mount-cache hash table entries: 1024 (order: 0, 4096 bytes)
[    0.003974] Mountpoint-cache hash table entries: 1024 (order: 0, 4096 bytes)
[    0.011653] CPU: Testing write buffer coherency: ok
[    0.016874] Setting up static identity map for 0x40008240 - 0x40008298
[    0.028651] VFP support v0.3: implementor 41 architecture 4 part 30 variant f rev 0
[    0.038535] clocksource jiffies: mask: 0xffffffff max_cycles: 0xffffffff, max_idle_ns: 19112604462750000 ns
[    0.045966] NET: Registered protocol family 16
[    0.048445] DMA: preallocated 256 KiB pool for atomic coherent allocations
[    0.051598] cpuidle: using governor ladder
[    0.051721] cpuidle: using governor menu
[    0.054757] genirq: Setting trigger mode 1 for irq 20 failed (gic_set_type+0x0/0x48)
[    0.056184] genirq: Setting trigger mode 1 for irq 21 failed (gic_set_type+0x0/0x48)
[    0.056445] genirq: Setting trigger mode 1 for irq 22 failed (gic_set_type+0x0/0x48)
[    0.056705] genirq: Setting trigger mode 1 for irq 23 failed (gic_set_type+0x0/0x48)
[    0.056966] genirq: Setting trigger mode 1 for irq 24 failed (gic_set_type+0x0/0x48)
[    0.057224] genirq: Setting trigger mode 1 for irq 25 failed (gic_set_type+0x0/0x48)
[    0.057463] genirq: Setting trigger mode 1 for irq 26 failed (gic_set_type+0x0/0x48)
[    0.057703] genirq: Setting trigger mode 1 for irq 27 failed (gic_set_type+0x0/0x48)
[    0.058036] genirq: Setting trigger mode 1 for irq 28 failed (gic_set_type+0x0/0x48)
[    0.058287] genirq: Setting trigger mode 1 for irq 29 failed (gic_set_type+0x0/0x48)
[    0.058521] genirq: Setting trigger mode 1 for irq 30 failed (gic_set_type+0x0/0x48)
[    0.058768] genirq: Setting trigger mode 1 for irq 31 failed (gic_set_type+0x0/0x48)
[    0.058999] genirq: Setting trigger mode 1 for irq 32 failed (gic_set_type+0x0/0x48)
[    0.059238] genirq: Setting trigger mode 1 for irq 33 failed (gic_set_type+0x0/0x48)
[    0.059489] genirq: Setting trigger mode 1 for irq 34 failed (gic_set_type+0x0/0x48)
[    0.059719] genirq: Setting trigger mode 1 for irq 35 failed (gic_set_type+0x0/0x48)
[    0.059955] genirq: Setting trigger mode 1 for irq 36 failed (gic_set_type+0x0/0x48)
[    0.060195] genirq: Setting trigger mode 1 for irq 37 failed (gic_set_type+0x0/0x48)
[    0.060472] genirq: Setting trigger mode 1 for irq 38 failed (gic_set_type+0x0/0x48)
[    0.060722] genirq: Setting trigger mode 1 for irq 39 failed (gic_set_type+0x0/0x48)
[    0.060961] genirq: Setting trigger mode 1 for irq 40 failed (gic_set_type+0x0/0x48)
[    0.061213] genirq: Setting trigger mode 1 for irq 41 failed (gic_set_type+0x0/0x48)
[    0.061467] genirq: Setting trigger mode 1 for irq 42 failed (gic_set_type+0x0/0x48)
[    0.061717] genirq: Setting trigger mode 1 for irq 43 failed (gic_set_type+0x0/0x48)
[    0.061974] genirq: Setting trigger mode 1 for irq 44 failed (gic_set_type+0x0/0x48)
[    0.062234] genirq: Setting trigger mode 1 for irq 45 failed (gic_set_type+0x0/0x48)
[    0.062477] genirq: Setting trigger mode 1 for irq 46 failed (gic_set_type+0x0/0x48)
[    0.062759] genirq: Setting trigger mode 1 for irq 47 failed (gic_set_type+0x0/0x48)
[    0.063207] genirq: Setting trigger mode 1 for irq 48 failed (gic_set_type+0x0/0x48)
[    0.063491] genirq: Setting trigger mode 1 for irq 49 failed (gic_set_type+0x0/0x48)
[    0.063736] genirq: Setting trigger mode 1 for irq 50 failed (gic_set_type+0x0/0x48)
[    0.063975] genirq: Setting trigger mode 1 for irq 51 failed (gic_set_type+0x0/0x48)
[    0.064388] genirq: Setting trigger mode 1 for irq 52 failed (gic_set_type+0x0/0x48)
[    0.067371] Serial: AMBA PL011 UART driver
[    0.069005] 9000000.pl011: ttyS0 at MMIO 0x9000000 (irq = 52, base_baud = 0) is a PL011 rev1
[    0.090960] console [ttyS0] enabled
[    0.109803] vgaarb: loaded
[    0.110983] SCSI subsystem initialized
[    0.111858] usbcore: registered new interface driver usbfs
[    0.112231] usbcore: registered new interface driver hub
[    0.112583] usbcore: registered new device driver usb
[    0.119935] cfg80211: Calling CRDA to update world regulatory domain
[    0.121898] Switched to clocksource arch_sys_counter
[    0.136082] NET: Registered protocol family 2
[    0.140025] TCP established hash table entries: 2048 (order: 1, 8192 bytes)
[    0.140373] TCP bind hash table entries: 2048 (order: 1, 8192 bytes)
[    0.140750] TCP: Hash tables configured (established 2048 bind 2048)
[    0.141296] UDP hash table entries: 256 (order: 0, 4096 bytes)
[    0.141611] UDP-Lite hash table entries: 256 (order: 0, 4096 bytes)
[    0.143125] NET: Registered protocol family 1
[    0.143575] PCI: CLS 0 bytes, default 64
[    0.149377] NetWinder Floating Point Emulator V0.97 (extended precision)
[    0.151536] futex hash table entries: 256 (order: -1, 3072 bytes)
[    0.156121] squashfs: version 4.0 (2009/01/31) Phillip Lougher
[    0.157064] jffs2: version 2.2. (NAND) Â© 2001-2006 Red Hat, Inc.
[    0.157830] romfs: ROMFS MTD (C) 2007 Red Hat, Inc.
[    0.165065] Block layer SCSI generic (bsg) driver version 0.4 loaded (major 253)
[    0.165509] io scheduler noop registered
[    0.165767] io scheduler cfq registered (default)
[    0.166398] firmadyne: devfs: 1, execute: 1, procfs: 1, syscall: 1
[    0.167545] ------------[ cut here ]------------
[    0.167756] WARNING: CPU: 0 PID: 1 at /home/vagrant/firmadyne-kernel/kernel-v4.1/fs/sysfs/dir.c:31 sysfs_warn_dup+0x50/0x6c()
[    0.168173] sysfs: cannot create duplicate filename '/class/gpio'
[    0.168426] Modules linked in:
[    0.168737] CPU: 0 PID: 1 Comm: swapper Not tainted 4.1.17+ #1
[    0.168964] Hardware name: Generic DT based system
[    0.169642] [<c001c99c>] (unwind_backtrace) from [<c0019d30>] (show_stack+0x10/0x14)
[    0.170018] [<c0019d30>] (show_stack) from [<c0024ab4>] (warn_slowpath_common+0x80/0xa8)
[    0.170345] [<c0024ab4>] (warn_slowpath_common) from [<c0024b08>] (warn_slowpath_fmt+0x2c/0x3c)
[    0.170718] [<c0024b08>] (warn_slowpath_fmt) from [<c00e363c>] (sysfs_warn_dup+0x50/0x6c)
[    0.171029] [<c00e363c>] (sysfs_warn_dup) from [<c00e3714>] (sysfs_create_dir_ns+0x74/0x84)
[    0.171359] [<c00e3714>] (sysfs_create_dir_ns) from [<c018e6ac>] (kobject_add_internal+0xb8/0x2ac)
[    0.171904] [<c018e6ac>] (kobject_add_internal) from [<c018e9a8>] (kset_register+0x1c/0x44)
[    0.172228] [<c018e9a8>] (kset_register) from [<c02090b4>] (__class_register+0xa8/0x198)
[    0.172536] [<c02090b4>] (__class_register) from [<c02091e4>] (__class_create+0x40/0x70)
[    0.172847] [<c02091e4>] (__class_create) from [<c01adf68>] (register_devfs_stubs+0x314/0xbb4)
[    0.173177] [<c01adf68>] (register_devfs_stubs) from [<c05d9b08>] (init_module+0x28/0xa4)
[    0.173530] [<c05d9b08>] (init_module) from [<c0009670>] (do_one_initcall+0x104/0x1b4)
[    0.173839] [<c0009670>] (do_one_initcall) from [<c05c7d08>] (kernel_init_freeable+0xf0/0x1b0)
[    0.174168] [<c05c7d08>] (kernel_init_freeable) from [<c040f28c>] (kernel_init+0x8/0xe4)
[    0.174475] [<c040f28c>] (kernel_init) from [<c0016da8>] (ret_from_fork+0x14/0x2c)
[    0.174825] ---[ end trace a687e8c698af4840 ]---
[    0.175073] ------------[ cut here ]------------
[    0.175262] WARNING: CPU: 0 PID: 1 at /home/vagrant/firmadyne-kernel/kernel-v4.1/lib/kobject.c:240 kobject_add_internal+0x240/0x2ac()
[    0.175700] kobject_add_internal failed for gpio with -EEXIST, don't try to register things with the same name in the same directory.
[    0.176126] Modules linked in:
[    0.176306] CPU: 0 PID: 1 Comm: swapper Tainted: G        W       4.1.17+ #1
[    0.176566] Hardware name: Generic DT based system
[    0.176765] [<c001c99c>] (unwind_backtrace) from [<c0019d30>] (show_stack+0x10/0x14)
[    0.177065] [<c0019d30>] (show_stack) from [<c0024ab4>] (warn_slowpath_common+0x80/0xa8)
[    0.177386] [<c0024ab4>] (warn_slowpath_common) from [<c0024b08>] (warn_slowpath_fmt+0x2c/0x3c)
[    0.177719] [<c0024b08>] (warn_slowpath_fmt) from [<c018e834>] (kobject_add_internal+0x240/0x2ac)
[    0.178056] [<c018e834>] (kobject_add_internal) from [<c018e9a8>] (kset_register+0x1c/0x44)
[    0.178373] [<c018e9a8>] (kset_register) from [<c02090b4>] (__class_register+0xa8/0x198)
[    0.178681] [<c02090b4>] (__class_register) from [<c02091e4>] (__class_create+0x40/0x70)
[    0.178990] [<c02091e4>] (__class_create) from [<c01adf68>] (register_devfs_stubs+0x314/0xbb4)
[    0.179327] [<c01adf68>] (register_devfs_stubs) from [<c05d9b08>] (init_module+0x28/0xa4)
[    0.179641] [<c05d9b08>] (init_module) from [<c0009670>] (do_one_initcall+0x104/0x1b4)
[    0.179945] [<c0009670>] (do_one_initcall) from [<c05c7d08>] (kernel_init_freeable+0xf0/0x1b0)
[    0.180272] [<c05c7d08>] (kernel_init_freeable) from [<c040f28c>] (kernel_init+0x8/0xe4)
[    0.180578] [<c040f28c>] (kernel_init) from [<c0016da8>] (ret_from_fork+0x14/0x2c)
[    0.180867] ---[ end trace a687e8c698af4841 ]---
[    0.181091] firmadyne: Cannot create device class: gpio!
[    0.182692] firmadyne: Cannot register character device: watchdog, 0xa, 0x82!
[    0.182986] firmadyne: Cannot register character device: wdt, 0xfd, 0x0!
[    0.276804] Non-volatile memory driver v1.3
[    0.295716] brd: module loaded
[    0.304225] loop: module loaded
[    0.312341]  vda: vda1
[    0.316220] [nandsim] warning: read_byte: unexpected data output cycle, state is STATE_READY return 0x0
[    0.316595] [nandsim] warning: read_byte: unexpected data output cycle, state is STATE_READY return 0x0
[    0.316936] [nandsim] warning: read_byte: unexpected data output cycle, state is STATE_READY return 0x0
[    0.317312] [nandsim] warning: read_byte: unexpected data output cycle, state is STATE_READY return 0x0
[    0.317651] [nandsim] warning: read_byte: unexpected data output cycle, state is STATE_READY return 0x0
[    0.317988] [nandsim] warning: read_byte: unexpected data output cycle, state is STATE_READY return 0x0
[    0.318535] nand: device found, Manufacturer ID: 0x98, Chip ID: 0x39
[    0.318788] nand: Toshiba NAND 128MiB 1,8V 8-bit
[    0.318985] nand: 128 MiB, SLC, erase size: 16 KiB, page size: 512, OOB size: 16
[    0.319881] flash size: 128 MiB
[    0.320013] page size: 512 bytes
[    0.320142] OOB area size: 16 bytes
[    0.320281] sector size: 16 KiB
[    0.320406] pages number: 262144
[    0.320533] pages per sector: 32
[    0.320660] bus width: 8
[    0.320763] bits in sector size: 14
[    0.320899] bits in page size: 9
[    0.321029] bits in OOB size: 4
[    0.321158] flash size with OOB: 135168 KiB
[    0.321325] page address bytes: 4
[    0.321456] sector address bytes: 3
[    0.321592] options: 0x42
[    0.325519] Scanning device for bad blocks
[    0.449612] Creating 11 MTD partitions on "NAND 128MiB 1,8V 8-bit":
[    0.450095] 0x000000000000-0x000000100000 : "NAND simulator partition 0"
[    0.453179] 0x000000100000-0x000000200000 : "NAND simulator partition 1"
[    0.454510] 0x000000200000-0x000000300000 : "NAND simulator partition 2"
[    0.455811] 0x000000300000-0x000000400000 : "NAND simulator partition 3"
[    0.457082] 0x000000400000-0x000000500000 : "NAND simulator partition 4"
[    0.458345] 0x000000500000-0x000000600000 : "NAND simulator partition 5"
[    0.459675] 0x000000600000-0x000000700000 : "NAND simulator partition 6"
[    0.460974] 0x000000700000-0x000000800000 : "NAND simulator partition 7"
[    0.462612] 0x000000800000-0x000000900000 : "NAND simulator partition 8"
[    0.464061] 0x000000900000-0x000000a00000 : "NAND simulator partition 9"
[    0.465378] 0x000000a00000-0x000008000000 : "NAND simulator partition 10"
[    0.469550] tun: Universal TUN/TAP device driver, 1.6
[    0.469753] tun: (C) 1999-2004 Max Krasnyansky <maxk@qualcomm.com>
[    0.486272] PPP generic driver version 2.4.2
[    0.486938] PPP BSD Compression module registered
[    0.487165] PPP Deflate Compression module registered
[    0.487457] PPP MPPE Compression module registered
[    0.487676] NET: Registered protocol family 24
[    0.488015] PPTP driver version 0.8.5
[    0.488696] usbcore: registered new interface driver usb-storage
[    0.490226] hidraw: raw HID events driver (C) Jiri Kosina
[    0.490742] usbcore: registered new interface driver usbhid
[    0.490962] usbhid: USB HID core driver
[    0.491421] Netfilter messages via NETLINK v0.30.
[    0.492282] nf_conntrack version 0.5.0 (3958 buckets, 15832 max)
[    0.493544] ctnetlink v0.93: registering with nfnetlink.
[    0.494839] ipip: IPv4 over IPv4 tunneling driver
[    0.496643] gre: GRE over IPv4 demultiplexor driver
[    0.496873] ip_gre: GRE over IPv4 tunneling driver
[    0.500878] ip_tables: (C) 2000-2006 Netfilter Core Team
[    0.502874] arp_tables: (C) 2002 David S. Miller
[    0.503913] Initializing XFRM netlink socket
[    0.504409] NET: Registered protocol family 10
[    0.510091] ip6_tables: (C) 2000-2006 Netfilter Core Team
[    0.511556] sit: IPv6 over IPv4 tunneling driver
[    0.515003] NET: Registered protocol family 17
[    0.515593] bridge: automatic filtering via arp/ip/ip6tables has been deprecated. Update your scripts to load br_netfilter if you need this.
[    0.516125] Bridge firewalling registered
[    0.516323] Ebtables v2.0 registered
[    0.517325] 8021q: 802.1Q VLAN Support v1.8
[    0.517917] Registering SWP/SWPB emulation handler
[    0.519753] hctosys: unable to open rtc device (rtc0)
[    0.535386] UDF-fs: warning (device vda1): udf_fill_super: No partition found (2)
[    0.550584] UDF-fs: warning (device vda1): udf_fill_super: No partition found (2)
[    0.550952] List of all partitions:
[    0.551224] 0100            8192 ram0  (driver?)
[    0.551460] 0101            8192 ram1  (driver?)
[    0.551831] 0102            8192 ram2  (driver?)
[    0.552022] 0103            8192 ram3  (driver?)
[    0.552209] 0104            8192 ram4  (driver?)
[    0.552393] 0105            8192 ram5  (driver?)
[    0.552577] 0106            8192 ram6  (driver?)
[    0.552760] 0107            8192 ram7  (driver?)
[    0.552945] 0108            8192 ram8  (driver?)
[    0.553129] 0109            8192 ram9  (driver?)
[    0.553324] 010a            8192 ram10  (driver?)
[    0.553513] 010b            8192 ram11  (driver?)
[    0.553702] 010c            8192 ram12  (driver?)
[    0.553890] 010d            8192 ram13  (driver?)
[    0.554078] 010e            8192 ram14  (driver?)
[    0.554266] 010f            8192 ram15  (driver?)
[    0.554459] fe00         1048576 vda  driver: virtio_blk
[    0.554690]   fe01         1047552 vda1 9f7ec2d2-01
[    0.554889] 1f00            1024 mtdblock0  (driver?)
[    0.555091] 1f01            1024 mtdblock1  (driver?)
[    0.555302] 1f02            1024 mtdblock2  (driver?)
[    0.555503] 1f03            1024 mtdblock3  (driver?)
[    0.555706] 1f04            1024 mtdblock4  (driver?)
[    0.555908] 1f05            1024 mtdblock5  (driver?)
[    0.556108] 1f06            1024 mtdblock6  (driver?)
[    0.556309] 1f07            1024 mtdblock7  (driver?)
[    0.556509] 1f08            1024 mtdblock8  (driver?)
[    0.556711] 1f09            1024 mtdblock9  (driver?)
[    0.556913] 1f0a          120832 mtdblock10  (driver?)
[    0.557129] No filesystem could mount root, tried:  ext3 ext2 ext4 cramfs squashfs vfat iso9660 romfs udf
[    0.557683] Kernel panic - not syncing: VFS: Unable to mount root fs on unknown-block(254,1)
[    0.558018] CPU: 0 PID: 1 Comm: swapper Tainted: G        W       4.1.17+ #1
[    0.558278] Hardware name: Generic DT based system
[    0.558498] [<c001c99c>] (unwind_backtrace) from [<c0019d30>] (show_stack+0x10/0x14)
[    0.558802] [<c0019d30>] (show_stack) from [<c0410b78>] (panic+0x70/0x1c8)
[    0.559079] [<c0410b78>] (panic) from [<c05c81bc>] (mount_block_root+0x268/0x2ac)
[    0.559382] [<c05c81bc>] (mount_block_root) from [<c05c84a4>] (prepare_namespace+0x158/0x1ac)
[    0.559710] [<c05c84a4>] (prepare_namespace) from [<c05c7d84>] (kernel_init_freeable+0x16c/0x1b0)
[    0.560047] [<c05c7d84>] (kernel_init_freeable) from [<c040f28c>] (kernel_init+0x8/0xe4)
[    0.560353] [<c040f28c>] (kernel_init) from [<c0016da8>] (ret_from_fork+0x14/0x2c)
[    0.560804] ---[ end Kernel panic - not syncing: VFS: Unable to mount root fs on unknown-block(254,1)
