[    0.000000] Booting Linux on physical CPU 0x0
[    0.000000] Linux version 4.1.17+ (vagrant@vagrant-ubuntu-trusty-64) (gcc version 5.3.0 (GCC) ) #1 Thu Feb 18 01:05:21 UTC 2016
[    0.000000] CPU: ARMv7 Processor [412fc0f1] revision 1 (ARMv7), cr=10c5387d
[    0.000000] CPU: PIPT / VIPT nonaliasing data cache, PIPT instruction cache
[    0.000000] Machine model: linux,dummy-virt
[    0.000000] debug: ignoring loglevel setting.
[    0.000000] Memory policy: Data cache writeback
[    0.000000] On node 0 totalpages: 65536
[    0.000000] free_area_init_node: node 0, pgdat c061dfe8, node_mem_map cfdf9000
[    0.000000]   Normal zone: 512 pages used for memmap
[    0.000000]   Normal zone: 0 pages reserved
[    0.000000]   Normal zone: 65536 pages, LIFO batch:15
[    0.000000] CPU: All CPU(s) started in SVC mode.
[    0.000000] pcpu-alloc: s0 r0 d32768 u32768 alloc=1*32768
[    0.000000] pcpu-alloc: [0] 0 
[    0.000000] Built 1 zonelists in Zone order, mobility grouping on.  Total pages: 65024
[    0.000000] Kernel command line: firmadyne.syscall=1 root=/dev/vda1 console=ttyS0 nandsim.parts=64,64,64,64,64,64,64,64,64,64 rdinit=/firmadyne/preInit.sh rw debug ignore_loglevel print-fatal-signals=1 user_debug=31
[    0.000000] PID hash table entries: 1024 (order: 0, 4096 bytes)
[    0.000000] Dentry cache hash table entries: 32768 (order: 5, 131072 bytes)
[    0.000000] Inode-cache hash table entries: 16384 (order: 4, 65536 bytes)
[    0.000000] Memory: 253344K/262144K available (4297K kernel code, 170K rwdata, 1584K rodata, 180K init, 148K bss, 8800K reserved, 0K cma-reserved)
[    0.000000] Virtual kernel memory layout:
[    0.000000]     vector  : 0xffff0000 - 0xffff1000   (   4 kB)
[    0.000000]     fixmap  : 0xffc00000 - 0xfff00000   (3072 kB)
[    0.000000]     vmalloc : 0xd0800000 - 0xff000000   ( 744 MB)
[    0.000000]     lowmem  : 0xc0000000 - 0xd0000000   ( 256 MB)
[    0.000000]     modules : 0xbf000000 - 0xc0000000   (  16 MB)
[    0.000000]       .text : 0xc0008000 - 0xc05c67bc   (5882 kB)
[    0.000000]       .init : 0xc05c7000 - 0xc05f4000   ( 180 kB)
[    0.000000]       .data : 0xc05f4000 - 0xc061e840   ( 171 kB)
[    0.000000]        .bss : 0xc0621000 - 0xc06462d4   ( 149 kB)
[    0.000000] NR_IRQS:16 nr_irqs:16 16
[    0.000000] Architected cp15 timer(s) running at 62.50MHz (virt).
[    0.000000] clocksource arch_sys_counter: mask: 0xffffffffffffff max_cycles: 0x1cd42e208c, max_idle_ns: 881590405314 ns
[    0.000134] sched_clock: 56 bits at 62MHz, resolution 16ns, wraps every 4398046511096ns
[    0.000241] Switching to timer-based delay loop, resolution 16ns
[    0.002863] Console: colour dummy device 80x30
[    0.003134] Calibrating delay loop (skipped), value calculated using timer frequency.. 125.00 BogoMIPS (lpj=625000)
[    0.003240] pid_max: default: 32768 minimum: 301
[    0.004017] Mount-cache hash table entries: 1024 (order: 0, 4096 bytes)
[    0.004046] Mountpoint-cache hash table entries: 1024 (order: 0, 4096 bytes)
[    0.011953] CPU: Testing write buffer coherency: ok
[    0.017211] Setting up static identity map for 0x40008240 - 0x40008298
[    0.029679] VFP support v0.3: implementor 41 architecture 4 part 30 variant f rev 0
[    0.039797] clocksource jiffies: mask: 0xffffffff max_cycles: 0xffffffff, max_idle_ns: 19112604462750000 ns
[    0.047366] NET: Registered protocol family 16
[    0.050106] DMA: preallocated 256 KiB pool for atomic coherent allocations
[    0.053512] cpuidle: using governor ladder
[    0.053641] cpuidle: using governor menu
[    0.056507] genirq: Setting trigger mode 1 for irq 20 failed (gic_set_type+0x0/0x48)
[    0.057963] genirq: Setting trigger mode 1 for irq 21 failed (gic_set_type+0x0/0x48)
[    0.058245] genirq: Setting trigger mode 1 for irq 22 failed (gic_set_type+0x0/0x48)
[    0.058517] genirq: Setting trigger mode 1 for irq 23 failed (gic_set_type+0x0/0x48)
[    0.058789] genirq: Setting trigger mode 1 for irq 24 failed (gic_set_type+0x0/0x48)
[    0.059062] genirq: Setting trigger mode 1 for irq 25 failed (gic_set_type+0x0/0x48)
[    0.059303] genirq: Setting trigger mode 1 for irq 26 failed (gic_set_type+0x0/0x48)
[    0.059542] genirq: Setting trigger mode 1 for irq 27 failed (gic_set_type+0x0/0x48)
[    0.059887] genirq: Setting trigger mode 1 for irq 28 failed (gic_set_type+0x0/0x48)
[    0.060150] genirq: Setting trigger mode 1 for irq 29 failed (gic_set_type+0x0/0x48)
[    0.060383] genirq: Setting trigger mode 1 for irq 30 failed (gic_set_type+0x0/0x48)
[    0.060630] genirq: Setting trigger mode 1 for irq 31 failed (gic_set_type+0x0/0x48)
[    0.060861] genirq: Setting trigger mode 1 for irq 32 failed (gic_set_type+0x0/0x48)
[    0.061128] genirq: Setting trigger mode 1 for irq 33 failed (gic_set_type+0x0/0x48)
[    0.061358] genirq: Setting trigger mode 1 for irq 34 failed (gic_set_type+0x0/0x48)
[    0.061585] genirq: Setting trigger mode 1 for irq 35 failed (gic_set_type+0x0/0x48)
[    0.061831] genirq: Setting trigger mode 1 for irq 36 failed (gic_set_type+0x0/0x48)
[    0.062100] genirq: Setting trigger mode 1 for irq 37 failed (gic_set_type+0x0/0x48)
[    0.062393] genirq: Setting trigger mode 1 for irq 38 failed (gic_set_type+0x0/0x48)
[    0.062641] genirq: Setting trigger mode 1 for irq 39 failed (gic_set_type+0x0/0x48)
[    0.062878] genirq: Setting trigger mode 1 for irq 40 failed (gic_set_type+0x0/0x48)
[    0.063223] genirq: Setting trigger mode 1 for irq 41 failed (gic_set_type+0x0/0x48)
[    0.063613] genirq: Setting trigger mode 1 for irq 42 failed (gic_set_type+0x0/0x48)
[    0.063874] genirq: Setting trigger mode 1 for irq 43 failed (gic_set_type+0x0/0x48)
[    0.064143] genirq: Setting trigger mode 1 for irq 44 failed (gic_set_type+0x0/0x48)
[    0.064413] genirq: Setting trigger mode 1 for irq 45 failed (gic_set_type+0x0/0x48)
[    0.064657] genirq: Setting trigger mode 1 for irq 46 failed (gic_set_type+0x0/0x48)
[    0.064943] genirq: Setting trigger mode 1 for irq 47 failed (gic_set_type+0x0/0x48)
[    0.065224] genirq: Setting trigger mode 1 for irq 48 failed (gic_set_type+0x0/0x48)
[    0.065469] genirq: Setting trigger mode 1 for irq 49 failed (gic_set_type+0x0/0x48)
[    0.065708] genirq: Setting trigger mode 1 for irq 50 failed (gic_set_type+0x0/0x48)
[    0.065944] genirq: Setting trigger mode 1 for irq 51 failed (gic_set_type+0x0/0x48)
[    0.066397] genirq: Setting trigger mode 1 for irq 52 failed (gic_set_type+0x0/0x48)
[    0.069433] Serial: AMBA PL011 UART driver
[    0.071116] 9000000.pl011: ttyS0 at MMIO 0x9000000 (irq = 52, base_baud = 0) is a PL011 rev1
[    0.092109] console [ttyS0] enabled
[    0.111384] vgaarb: loaded
[    0.112586] SCSI subsystem initialized
[    0.113472] usbcore: registered new interface driver usbfs
[    0.113835] usbcore: registered new interface driver hub
[    0.114412] usbcore: registered new device driver usb
[    0.121726] cfg80211: Calling CRDA to update world regulatory domain
[    0.123720] Switched to clocksource arch_sys_counter
[    0.141896] NET: Registered protocol family 2
[    0.146439] TCP established hash table entries: 2048 (order: 1, 8192 bytes)
[    0.146789] TCP bind hash table entries: 2048 (order: 1, 8192 bytes)
[    0.147166] TCP: Hash tables configured (established 2048 bind 2048)
[    0.147738] UDP hash table entries: 256 (order: 0, 4096 bytes)
[    0.148046] UDP-Lite hash table entries: 256 (order: 0, 4096 bytes)
[    0.151108] NET: Registered protocol family 1
[    0.151558] PCI: CLS 0 bytes, default 64
[    0.157861] NetWinder Floating Point Emulator V0.97 (extended precision)
[    0.160112] futex hash table entries: 256 (order: -1, 3072 bytes)
[    0.165023] squashfs: version 4.0 (2009/01/31) Phillip Lougher
[    0.166005] jffs2: version 2.2. (NAND) Â© 2001-2006 Red Hat, Inc.
[    0.166776] romfs: ROMFS MTD (C) 2007 Red Hat, Inc.
[    0.174316] Block layer SCSI generic (bsg) driver version 0.4 loaded (major 253)
[    0.174694] io scheduler noop registered
[    0.174949] io scheduler cfq registered (default)
[    0.175591] firmadyne: devfs: 1, execute: 1, procfs: 1, syscall: 1
[    0.176741] ------------[ cut here ]------------
[    0.176944] WARNING: CPU: 0 PID: 1 at /home/vagrant/firmadyne-kernel/kernel-v4.1/fs/sysfs/dir.c:31 sysfs_warn_dup+0x50/0x6c()
[    0.177357] sysfs: cannot create duplicate filename '/class/gpio'
[    0.177599] Modules linked in:
[    0.177909] CPU: 0 PID: 1 Comm: swapper Not tainted 4.1.17+ #1
[    0.178138] Hardware name: Generic DT based system
[    0.178820] [<c001c99c>] (unwind_backtrace) from [<c0019d30>] (show_stack+0x10/0x14)
[    0.179179] [<c0019d30>] (show_stack) from [<c0024ab4>] (warn_slowpath_common+0x80/0xa8)
[    0.179496] [<c0024ab4>] (warn_slowpath_common) from [<c0024b08>] (warn_slowpath_fmt+0x2c/0x3c)
[    0.179855] [<c0024b08>] (warn_slowpath_fmt) from [<c00e363c>] (sysfs_warn_dup+0x50/0x6c)
[    0.180153] [<c00e363c>] (sysfs_warn_dup) from [<c00e3714>] (sysfs_create_dir_ns+0x74/0x84)
[    0.180455] [<c00e3714>] (sysfs_create_dir_ns) from [<c018e6ac>] (kobject_add_internal+0xb8/0x2ac)
[    0.180778] [<c018e6ac>] (kobject_add_internal) from [<c018e9a8>] (kset_register+0x1c/0x44)
[    0.181086] [<c018e9a8>] (kset_register) from [<c02090b4>] (__class_register+0xa8/0x198)
[    0.181382] [<c02090b4>] (__class_register) from [<c02091e4>] (__class_create+0x40/0x70)
[    0.181677] [<c02091e4>] (__class_create) from [<c01adf68>] (register_devfs_stubs+0x314/0xbb4)
[    0.182001] [<c01adf68>] (register_devfs_stubs) from [<c05d9b08>] (init_module+0x28/0xa4)
[    0.182320] [<c05d9b08>] (init_module) from [<c0009670>] (do_one_initcall+0x104/0x1b4)
[    0.182611] [<c0009670>] (do_one_initcall) from [<c05c7d08>] (kernel_init_freeable+0xf0/0x1b0)
[    0.182923] [<c05c7d08>] (kernel_init_freeable) from [<c040f28c>] (kernel_init+0x8/0xe4)
[    0.183214] [<c040f28c>] (kernel_init) from [<c0016da8>] (ret_from_fork+0x14/0x2c)
[    0.183764] ---[ end trace b9d7dd1d415814b4 ]---
[    0.184013] ------------[ cut here ]------------
[    0.184196] WARNING: CPU: 0 PID: 1 at /home/vagrant/firmadyne-kernel/kernel-v4.1/lib/kobject.c:240 kobject_add_internal+0x240/0x2ac()
[    0.184604] kobject_add_internal failed for gpio with -EEXIST, don't try to register things with the same name in the same directory.
[    0.185015] Modules linked in:
[    0.185191] CPU: 0 PID: 1 Comm: swapper Tainted: G        W       4.1.17+ #1
[    0.185437] Hardware name: Generic DT based system
[    0.185629] [<c001c99c>] (unwind_backtrace) from [<c0019d30>] (show_stack+0x10/0x14)
[    0.185916] [<c0019d30>] (show_stack) from [<c0024ab4>] (warn_slowpath_common+0x80/0xa8)
[    0.186225] [<c0024ab4>] (warn_slowpath_common) from [<c0024b08>] (warn_slowpath_fmt+0x2c/0x3c)
[    0.186542] [<c0024b08>] (warn_slowpath_fmt) from [<c018e834>] (kobject_add_internal+0x240/0x2ac)
[    0.186861] [<c018e834>] (kobject_add_internal) from [<c018e9a8>] (kset_register+0x1c/0x44)
[    0.187163] [<c018e9a8>] (kset_register) from [<c02090b4>] (__class_register+0xa8/0x198)
[    0.187457] [<c02090b4>] (__class_register) from [<c02091e4>] (__class_create+0x40/0x70)
[    0.187753] [<c02091e4>] (__class_create) from [<c01adf68>] (register_devfs_stubs+0x314/0xbb4)
[    0.188066] [<c01adf68>] (register_devfs_stubs) from [<c05d9b08>] (init_module+0x28/0xa4)
[    0.188364] [<c05d9b08>] (init_module) from [<c0009670>] (do_one_initcall+0x104/0x1b4)
[    0.188652] [<c0009670>] (do_one_initcall) from [<c05c7d08>] (kernel_init_freeable+0xf0/0x1b0)
[    0.188970] [<c05c7d08>] (kernel_init_freeable) from [<c040f28c>] (kernel_init+0x8/0xe4)
[    0.189259] [<c040f28c>] (kernel_init) from [<c0016da8>] (ret_from_fork+0x14/0x2c)
[    0.189540] ---[ end trace b9d7dd1d415814b5 ]---
[    0.189754] firmadyne: Cannot create device class: gpio!
[    0.191164] firmadyne: Cannot register character device: watchdog, 0xa, 0x82!
[    0.191444] firmadyne: Cannot register character device: wdt, 0xfd, 0x0!
[    0.286264] Non-volatile memory driver v1.3
[    0.313188] brd: module loaded
[    0.321868] loop: module loaded
[    0.331057]  vda: vda1
[    0.335345] [nandsim] warning: read_byte: unexpected data output cycle, state is STATE_READY return 0x0
[    0.335704] [nandsim] warning: read_byte: unexpected data output cycle, state is STATE_READY return 0x0
[    0.336030] [nandsim] warning: read_byte: unexpected data output cycle, state is STATE_READY return 0x0
[    0.336355] [nandsim] warning: read_byte: unexpected data output cycle, state is STATE_READY return 0x0
[    0.336679] [nandsim] warning: read_byte: unexpected data output cycle, state is STATE_READY return 0x0
[    0.337013] [nandsim] warning: read_byte: unexpected data output cycle, state is STATE_READY return 0x0
[    0.337551] nand: device found, Manufacturer ID: 0x98, Chip ID: 0x39
[    0.337795] nand: Toshiba NAND 128MiB 1,8V 8-bit
[    0.337996] nand: 128 MiB, SLC, erase size: 16 KiB, page size: 512, OOB size: 16
[    0.338898] flash size: 128 MiB
[    0.339025] page size: 512 bytes
[    0.339150] OOB area size: 16 bytes
[    0.339283] sector size: 16 KiB
[    0.339402] pages number: 262144
[    0.339524] pages per sector: 32
[    0.339646] bus width: 8
[    0.339746] bits in sector size: 14
[    0.339876] bits in page size: 9
[    0.340001] bits in OOB size: 4
[    0.340125] flash size with OOB: 135168 KiB
[    0.340278] page address bytes: 4
[    0.340406] sector address bytes: 3
[    0.340538] options: 0x42
[    0.345236] Scanning device for bad blocks
[    0.465827] Creating 11 MTD partitions on "NAND 128MiB 1,8V 8-bit":
[    0.466336] 0x000000000000-0x000000100000 : "NAND simulator partition 0"
[    0.469260] 0x000000100000-0x000000200000 : "NAND simulator partition 1"
[    0.470606] 0x000000200000-0x000000300000 : "NAND simulator partition 2"
[    0.471889] 0x000000300000-0x000000400000 : "NAND simulator partition 3"
[    0.473171] 0x000000400000-0x000000500000 : "NAND simulator partition 4"
[    0.474684] 0x000000500000-0x000000600000 : "NAND simulator partition 5"
[    0.476031] 0x000000600000-0x000000700000 : "NAND simulator partition 6"
[    0.477352] 0x000000700000-0x000000800000 : "NAND simulator partition 7"
[    0.478777] 0x000000800000-0x000000900000 : "NAND simulator partition 8"
[    0.480206] 0x000000900000-0x000000a00000 : "NAND simulator partition 9"
[    0.481526] 0x000000a00000-0x000008000000 : "NAND simulator partition 10"
[    0.485938] tun: Universal TUN/TAP device driver, 1.6
[    0.486150] tun: (C) 1999-2004 Max Krasnyansky <maxk@qualcomm.com>
[    0.504312] PPP generic driver version 2.4.2
[    0.505005] PPP BSD Compression module registered
[    0.505226] PPP Deflate Compression module registered
[    0.505499] PPP MPPE Compression module registered
[    0.505730] NET: Registered protocol family 24
[    0.506092] PPTP driver version 0.8.5
[    0.506803] usbcore: registered new interface driver usb-storage
[    0.508363] hidraw: raw HID events driver (C) Jiri Kosina
[    0.508871] usbcore: registered new interface driver usbhid
[    0.509093] usbhid: USB HID core driver
[    0.509549] Netfilter messages via NETLINK v0.30.
[    0.510163] nf_conntrack version 0.5.0 (3958 buckets, 15832 max)
[    0.511443] ctnetlink v0.93: registering with nfnetlink.
[    0.512748] ipip: IPv4 over IPv4 tunneling driver
[    0.514815] gre: GRE over IPv4 demultiplexor driver
[    0.515040] ip_gre: GRE over IPv4 tunneling driver
[    0.519094] ip_tables: (C) 2000-2006 Netfilter Core Team
[    0.520597] arp_tables: (C) 2002 David S. Miller
[    0.521629] Initializing XFRM netlink socket
[    0.522151] NET: Registered protocol family 10
[    0.528256] ip6_tables: (C) 2000-2006 Netfilter Core Team
[    0.529750] sit: IPv6 over IPv4 tunneling driver
[    0.533061] NET: Registered protocol family 17
[    0.533861] bridge: automatic filtering via arp/ip/ip6tables has been deprecated. Update your scripts to load br_netfilter if you need this.
[    0.534397] Bridge firewalling registered
[    0.534590] Ebtables v2.0 registered
[    0.535735] 8021q: 802.1Q VLAN Support v1.8
[    0.536343] Registering SWP/SWPB emulation handler
[    0.538269] hctosys: unable to open rtc device (rtc0)
[    0.555142] UDF-fs: warning (device vda1): udf_fill_super: No partition found (2)
[    0.570615] UDF-fs: warning (device vda1): udf_fill_super: No partition found (2)
[    0.570973] List of all partitions:
[    0.571246] 0100            8192 ram0  (driver?)
[    0.571459] 0101            8192 ram1  (driver?)
[    0.571638] 0102            8192 ram2  (driver?)
[    0.571813] 0103            8192 ram3  (driver?)
[    0.571988] 0104            8192 ram4  (driver?)
[    0.572163] 0105            8192 ram5  (driver?)
[    0.572337] 0106            8192 ram6  (driver?)
[    0.572511] 0107            8192 ram7  (driver?)
[    0.572686] 0108            8192 ram8  (driver?)
[    0.572859] 0109            8192 ram9  (driver?)
[    0.573046] 010a            8192 ram10  (driver?)
[    0.573223] 010b            8192 ram11  (driver?)
[    0.573402] 010c            8192 ram12  (driver?)
[    0.573769] 010d            8192 ram13  (driver?)
[    0.573947] 010e            8192 ram14  (driver?)
[    0.574138] 010f            8192 ram15  (driver?)
[    0.574322] fe00         1048576 vda  driver: virtio_blk
[    0.574543]   fe01         1047552 vda1 ad2760b5-01
[    0.574732] 1f00            1024 mtdblock0  (driver?)
[    0.574922] 1f01            1024 mtdblock1  (driver?)
[    0.575112] 1f02            1024 mtdblock2  (driver?)
[    0.575302] 1f03            1024 mtdblock3  (driver?)
[    0.575494] 1f04            1024 mtdblock4  (driver?)
[    0.575683] 1f05            1024 mtdblock5  (driver?)
[    0.575871] 1f06            1024 mtdblock6  (driver?)
[    0.576060] 1f07            1024 mtdblock7  (driver?)
[    0.576250] 1f08            1024 mtdblock8  (driver?)
[    0.576440] 1f09            1024 mtdblock9  (driver?)
[    0.576630] 1f0a          120832 mtdblock10  (driver?)
[    0.576833] No filesystem could mount root, tried:  ext3 ext2 ext4 cramfs squashfs vfat iso9660 romfs udf
[    0.577375] Kernel panic - not syncing: VFS: Unable to mount root fs on unknown-block(254,1)
[    0.577696] CPU: 0 PID: 1 Comm: swapper Tainted: G        W       4.1.17+ #1
[    0.577939] Hardware name: Generic DT based system
[    0.578171] [<c001c99c>] (unwind_backtrace) from [<c0019d30>] (show_stack+0x10/0x14)
[    0.578460] [<c0019d30>] (show_stack) from [<c0410b78>] (panic+0x70/0x1c8)
[    0.578725] [<c0410b78>] (panic) from [<c05c81bc>] (mount_block_root+0x268/0x2ac)
[    0.579002] [<c05c81bc>] (mount_block_root) from [<c05c84a4>] (prepare_namespace+0x158/0x1ac)
[    0.579312] [<c05c84a4>] (prepare_namespace) from [<c05c7d84>] (kernel_init_freeable+0x16c/0x1b0)
[    0.579628] [<c05c7d84>] (kernel_init_freeable) from [<c040f28c>] (kernel_init+0x8/0xe4)
[    0.579925] [<c040f28c>] (kernel_init) from [<c0016da8>] (ret_from_fork+0x14/0x2c)
[    0.580367] ---[ end Kernel panic - not syncing: VFS: Unable to mount root fs on unknown-block(254,1)
