[    0.000000] Booting Linux on physical CPU 0x0
[    0.000000] Linux version 4.1.17+ (vagrant@vagrant-ubuntu-trusty-64) (gcc version 5.3.0 (GCC) ) #1 Thu Feb 18 01:05:21 UTC 2016
[    0.000000] CPU: ARMv7 Processor [412fc0f1] revision 1 (ARMv7), cr=10c5387d
[    0.000000] CPU: PIPT / VIPT nonaliasing data cache, PIPT instruction cache
[    0.000000] Machine model: linux,dummy-virt
[    0.000000] debug: ignoring loglevel setting.
[    0.000000] Memory policy: Data cache writeback
[    0.000000] On node 0 totalpages: 65536
[    0.000000] free_area_init_node: node 0, pgdat c061dfe8, node_mem_map cfdf9000
[    0.000000]   Normal zone: 512 pages used for memmap
[    0.000000]   Normal zone: 0 pages reserved
[    0.000000]   Normal zone: 65536 pages, LIFO batch:15
[    0.000000] CPU: All CPU(s) started in SVC mode.
[    0.000000] pcpu-alloc: s0 r0 d32768 u32768 alloc=1*32768
[    0.000000] pcpu-alloc: [0] 0 
[    0.000000] Built 1 zonelists in Zone order, mobility grouping on.  Total pages: 65024
[    0.000000] Kernel command line: firmadyne.syscall=1 root=/dev/vda1 console=ttyS0 nandsim.parts=64,64,64,64,64,64,64,64,64,64 rdinit=/firmadyne/preInit.sh rw debug ignore_loglevel print-fatal-signals=1 user_debug=31
[    0.000000] PID hash table entries: 1024 (order: 0, 4096 bytes)
[    0.000000] Dentry cache hash table entries: 32768 (order: 5, 131072 bytes)
[    0.000000] Inode-cache hash table entries: 16384 (order: 4, 65536 bytes)
[    0.000000] Memory: 253344K/262144K available (4297K kernel code, 170K rwdata, 1584K rodata, 180K init, 148K bss, 8800K reserved, 0K cma-reserved)
[    0.000000] Virtual kernel memory layout:
[    0.000000]     vector  : 0xffff0000 - 0xffff1000   (   4 kB)
[    0.000000]     fixmap  : 0xffc00000 - 0xfff00000   (3072 kB)
[    0.000000]     vmalloc : 0xd0800000 - 0xff000000   ( 744 MB)
[    0.000000]     lowmem  : 0xc0000000 - 0xd0000000   ( 256 MB)
[    0.000000]     modules : 0xbf000000 - 0xc0000000   (  16 MB)
[    0.000000]       .text : 0xc0008000 - 0xc05c67bc   (5882 kB)
[    0.000000]       .init : 0xc05c7000 - 0xc05f4000   ( 180 kB)
[    0.000000]       .data : 0xc05f4000 - 0xc061e840   ( 171 kB)
[    0.000000]        .bss : 0xc0621000 - 0xc06462d4   ( 149 kB)
[    0.000000] NR_IRQS:16 nr_irqs:16 16
[    0.000000] Architected cp15 timer(s) running at 62.50MHz (virt).
[    0.000000] clocksource arch_sys_counter: mask: 0xffffffffffffff max_cycles: 0x1cd42e208c, max_idle_ns: 881590405314 ns
[    0.000128] sched_clock: 56 bits at 62MHz, resolution 16ns, wraps every 4398046511096ns
[    0.000229] Switching to timer-based delay loop, resolution 16ns
[    0.002709] Console: colour dummy device 80x30
[    0.002966] Calibrating delay loop (skipped), value calculated using timer frequency.. 125.00 BogoMIPS (lpj=625000)
[    0.003064] pid_max: default: 32768 minimum: 301
[    0.003785] Mount-cache hash table entries: 1024 (order: 0, 4096 bytes)
[    0.003814] Mountpoint-cache hash table entries: 1024 (order: 0, 4096 bytes)
[    0.011188] CPU: Testing write buffer coherency: ok
[    0.016092] Setting up static identity map for 0x40008240 - 0x40008298
[    0.028061] VFP support v0.3: implementor 41 architecture 4 part 30 variant f rev 0
[    0.037911] clocksource jiffies: mask: 0xffffffff max_cycles: 0xffffffff, max_idle_ns: 19112604462750000 ns
[    0.045294] NET: Registered protocol family 16
[    0.047774] DMA: preallocated 256 KiB pool for atomic coherent allocations
[    0.050918] cpuidle: using governor ladder
[    0.051042] cpuidle: using governor menu
[    0.054104] genirq: Setting trigger mode 1 for irq 20 failed (gic_set_type+0x0/0x48)
[    0.055538] genirq: Setting trigger mode 1 for irq 21 failed (gic_set_type+0x0/0x48)
[    0.055794] genirq: Setting trigger mode 1 for irq 22 failed (gic_set_type+0x0/0x48)
[    0.056048] genirq: Setting trigger mode 1 for irq 23 failed (gic_set_type+0x0/0x48)
[    0.056305] genirq: Setting trigger mode 1 for irq 24 failed (gic_set_type+0x0/0x48)
[    0.056548] genirq: Setting trigger mode 1 for irq 25 failed (gic_set_type+0x0/0x48)
[    0.056781] genirq: Setting trigger mode 1 for irq 26 failed (gic_set_type+0x0/0x48)
[    0.057017] genirq: Setting trigger mode 1 for irq 27 failed (gic_set_type+0x0/0x48)
[    0.057358] genirq: Setting trigger mode 1 for irq 28 failed (gic_set_type+0x0/0x48)
[    0.057605] genirq: Setting trigger mode 1 for irq 29 failed (gic_set_type+0x0/0x48)
[    0.057834] genirq: Setting trigger mode 1 for irq 30 failed (gic_set_type+0x0/0x48)
[    0.058077] genirq: Setting trigger mode 1 for irq 31 failed (gic_set_type+0x0/0x48)
[    0.058305] genirq: Setting trigger mode 1 for irq 32 failed (gic_set_type+0x0/0x48)
[    0.058563] genirq: Setting trigger mode 1 for irq 33 failed (gic_set_type+0x0/0x48)
[    0.058790] genirq: Setting trigger mode 1 for irq 34 failed (gic_set_type+0x0/0x48)
[    0.059014] genirq: Setting trigger mode 1 for irq 35 failed (gic_set_type+0x0/0x48)
[    0.059247] genirq: Setting trigger mode 1 for irq 36 failed (gic_set_type+0x0/0x48)
[    0.059484] genirq: Setting trigger mode 1 for irq 37 failed (gic_set_type+0x0/0x48)
[    0.059758] genirq: Setting trigger mode 1 for irq 38 failed (gic_set_type+0x0/0x48)
[    0.060001] genirq: Setting trigger mode 1 for irq 39 failed (gic_set_type+0x0/0x48)
[    0.060235] genirq: Setting trigger mode 1 for irq 40 failed (gic_set_type+0x0/0x48)
[    0.060473] genirq: Setting trigger mode 1 for irq 41 failed (gic_set_type+0x0/0x48)
[    0.060720] genirq: Setting trigger mode 1 for irq 42 failed (gic_set_type+0x0/0x48)
[    0.060966] genirq: Setting trigger mode 1 for irq 43 failed (gic_set_type+0x0/0x48)
[    0.061230] genirq: Setting trigger mode 1 for irq 44 failed (gic_set_type+0x0/0x48)
[    0.061487] genirq: Setting trigger mode 1 for irq 45 failed (gic_set_type+0x0/0x48)
[    0.061727] genirq: Setting trigger mode 1 for irq 46 failed (gic_set_type+0x0/0x48)
[    0.062007] genirq: Setting trigger mode 1 for irq 47 failed (gic_set_type+0x0/0x48)
[    0.062257] genirq: Setting trigger mode 1 for irq 48 failed (gic_set_type+0x0/0x48)
[    0.062517] genirq: Setting trigger mode 1 for irq 49 failed (gic_set_type+0x0/0x48)
[    0.062755] genirq: Setting trigger mode 1 for irq 50 failed (gic_set_type+0x0/0x48)
[    0.063189] genirq: Setting trigger mode 1 for irq 51 failed (gic_set_type+0x0/0x48)
[    0.063561] genirq: Setting trigger mode 1 for irq 52 failed (gic_set_type+0x0/0x48)
[    0.066485] Serial: AMBA PL011 UART driver
[    0.067937] 9000000.pl011: ttyS0 at MMIO 0x9000000 (irq = 52, base_baud = 0) is a PL011 rev1
[    0.088560] console [ttyS0] enabled
[    0.106580] vgaarb: loaded
[    0.107669] SCSI subsystem initialized
[    0.108514] usbcore: registered new interface driver usbfs
[    0.108872] usbcore: registered new interface driver hub
[    0.109223] usbcore: registered new device driver usb
[    0.116373] cfg80211: Calling CRDA to update world regulatory domain
[    0.118325] Switched to clocksource arch_sys_counter
[    0.131861] NET: Registered protocol family 2
[    0.135787] TCP established hash table entries: 2048 (order: 1, 8192 bytes)
[    0.136125] TCP bind hash table entries: 2048 (order: 1, 8192 bytes)
[    0.136495] TCP: Hash tables configured (established 2048 bind 2048)
[    0.137008] UDP hash table entries: 256 (order: 0, 4096 bytes)
[    0.137323] UDP-Lite hash table entries: 256 (order: 0, 4096 bytes)
[    0.138838] NET: Registered protocol family 1
[    0.139265] PCI: CLS 0 bytes, default 64
[    0.145026] NetWinder Floating Point Emulator V0.97 (extended precision)
[    0.147154] futex hash table entries: 256 (order: -1, 3072 bytes)
[    0.151707] squashfs: version 4.0 (2009/01/31) Phillip Lougher
[    0.152632] jffs2: version 2.2. (NAND) Â© 2001-2006 Red Hat, Inc.
[    0.153383] romfs: ROMFS MTD (C) 2007 Red Hat, Inc.
[    0.160607] Block layer SCSI generic (bsg) driver version 0.4 loaded (major 253)
[    0.160977] io scheduler noop registered
[    0.161239] io scheduler cfq registered (default)
[    0.161864] firmadyne: devfs: 1, execute: 1, procfs: 1, syscall: 1
[    0.162986] ------------[ cut here ]------------
[    0.163188] WARNING: CPU: 0 PID: 1 at /home/vagrant/firmadyne-kernel/kernel-v4.1/fs/sysfs/dir.c:31 sysfs_warn_dup+0x50/0x6c()
[    0.163584] sysfs: cannot create duplicate filename '/class/gpio'
[    0.163826] Modules linked in:
[    0.164131] CPU: 0 PID: 1 Comm: swapper Not tainted 4.1.17+ #1
[    0.164349] Hardware name: Generic DT based system
[    0.165010] [<c001c99c>] (unwind_backtrace) from [<c0019d30>] (show_stack+0x10/0x14)
[    0.165381] [<c0019d30>] (show_stack) from [<c0024ab4>] (warn_slowpath_common+0x80/0xa8)
[    0.165696] [<c0024ab4>] (warn_slowpath_common) from [<c0024b08>] (warn_slowpath_fmt+0x2c/0x3c)
[    0.166057] [<c0024b08>] (warn_slowpath_fmt) from [<c00e363c>] (sysfs_warn_dup+0x50/0x6c)
[    0.166354] [<c00e363c>] (sysfs_warn_dup) from [<c00e3714>] (sysfs_create_dir_ns+0x74/0x84)
[    0.166668] [<c00e3714>] (sysfs_create_dir_ns) from [<c018e6ac>] (kobject_add_internal+0xb8/0x2ac)
[    0.166993] [<c018e6ac>] (kobject_add_internal) from [<c018e9a8>] (kset_register+0x1c/0x44)
[    0.167296] [<c018e9a8>] (kset_register) from [<c02090b4>] (__class_register+0xa8/0x198)
[    0.167591] [<c02090b4>] (__class_register) from [<c02091e4>] (__class_create+0x40/0x70)
[    0.167887] [<c02091e4>] (__class_create) from [<c01adf68>] (register_devfs_stubs+0x314/0xbb4)
[    0.168412] [<c01adf68>] (register_devfs_stubs) from [<c05d9b08>] (init_module+0x28/0xa4)
[    0.168746] [<c05d9b08>] (init_module) from [<c0009670>] (do_one_initcall+0x104/0x1b4)
[    0.169048] [<c0009670>] (do_one_initcall) from [<c05c7d08>] (kernel_init_freeable+0xf0/0x1b0)
[    0.169364] [<c05c7d08>] (kernel_init_freeable) from [<c040f28c>] (kernel_init+0x8/0xe4)
[    0.169661] [<c040f28c>] (kernel_init) from [<c0016da8>] (ret_from_fork+0x14/0x2c)
[    0.169999] ---[ end trace 95e2be19d7cc5108 ]---
[    0.170240] ------------[ cut here ]------------
[    0.170435] WARNING: CPU: 0 PID: 1 at /home/vagrant/firmadyne-kernel/kernel-v4.1/lib/kobject.c:240 kobject_add_internal+0x240/0x2ac()
[    0.170847] kobject_add_internal failed for gpio with -EEXIST, don't try to register things with the same name in the same directory.
[    0.171254] Modules linked in:
[    0.171431] CPU: 0 PID: 1 Comm: swapper Tainted: G        W       4.1.17+ #1
[    0.171679] Hardware name: Generic DT based system
[    0.171872] [<c001c99c>] (unwind_backtrace) from [<c0019d30>] (show_stack+0x10/0x14)
[    0.172161] [<c0019d30>] (show_stack) from [<c0024ab4>] (warn_slowpath_common+0x80/0xa8)
[    0.172463] [<c0024ab4>] (warn_slowpath_common) from [<c0024b08>] (warn_slowpath_fmt+0x2c/0x3c)
[    0.172785] [<c0024b08>] (warn_slowpath_fmt) from [<c018e834>] (kobject_add_internal+0x240/0x2ac)
[    0.173116] [<c018e834>] (kobject_add_internal) from [<c018e9a8>] (kset_register+0x1c/0x44)
[    0.173422] [<c018e9a8>] (kset_register) from [<c02090b4>] (__class_register+0xa8/0x198)
[    0.173720] [<c02090b4>] (__class_register) from [<c02091e4>] (__class_create+0x40/0x70)
[    0.174019] [<c02091e4>] (__class_create) from [<c01adf68>] (register_devfs_stubs+0x314/0xbb4)
[    0.174337] [<c01adf68>] (register_devfs_stubs) from [<c05d9b08>] (init_module+0x28/0xa4)
[    0.174647] [<c05d9b08>] (init_module) from [<c0009670>] (do_one_initcall+0x104/0x1b4)
[    0.174941] [<c0009670>] (do_one_initcall) from [<c05c7d08>] (kernel_init_freeable+0xf0/0x1b0)
[    0.175257] [<c05c7d08>] (kernel_init_freeable) from [<c040f28c>] (kernel_init+0x8/0xe4)
[    0.175550] [<c040f28c>] (kernel_init) from [<c0016da8>] (ret_from_fork+0x14/0x2c)
[    0.175829] ---[ end trace 95e2be19d7cc5109 ]---
[    0.176047] firmadyne: Cannot create device class: gpio!
[    0.177410] firmadyne: Cannot register character device: watchdog, 0xa, 0x82!
[    0.177688] firmadyne: Cannot register character device: wdt, 0xfd, 0x0!
[    0.271585] Non-volatile memory driver v1.3
[    0.289883] brd: module loaded
[    0.297900] loop: module loaded
[    0.307900]  vda: vda1
[    0.311954] [nandsim] warning: read_byte: unexpected data output cycle, state is STATE_READY return 0x0
[    0.312312] [nandsim] warning: read_byte: unexpected data output cycle, state is STATE_READY return 0x0
[    0.312639] [nandsim] warning: read_byte: unexpected data output cycle, state is STATE_READY return 0x0
[    0.312963] [nandsim] warning: read_byte: unexpected data output cycle, state is STATE_READY return 0x0
[    0.313293] [nandsim] warning: read_byte: unexpected data output cycle, state is STATE_READY return 0x0
[    0.313615] [nandsim] warning: read_byte: unexpected data output cycle, state is STATE_READY return 0x0
[    0.314145] nand: device found, Manufacturer ID: 0x98, Chip ID: 0x39
[    0.314656] nand: Toshiba NAND 128MiB 1,8V 8-bit
[    0.314849] nand: 128 MiB, SLC, erase size: 16 KiB, page size: 512, OOB size: 16
[    0.315719] flash size: 128 MiB
[    0.315844] page size: 512 bytes
[    0.315968] OOB area size: 16 bytes
[    0.316100] sector size: 16 KiB
[    0.316220] pages number: 262144
[    0.316341] pages per sector: 32
[    0.316462] bus width: 8
[    0.316561] bits in sector size: 14
[    0.316691] bits in page size: 9
[    0.316815] bits in OOB size: 4
[    0.316939] flash size with OOB: 135168 KiB
[    0.317101] page address bytes: 4
[    0.317225] sector address bytes: 3
[    0.317355] options: 0x42
[    0.322166] Scanning device for bad blocks
[    0.444326] Creating 11 MTD partitions on "NAND 128MiB 1,8V 8-bit":
[    0.444802] 0x000000000000-0x000000100000 : "NAND simulator partition 0"
[    0.447634] 0x000000100000-0x000000200000 : "NAND simulator partition 1"
[    0.449158] 0x000000200000-0x000000300000 : "NAND simulator partition 2"
[    0.450438] 0x000000300000-0x000000400000 : "NAND simulator partition 3"
[    0.451686] 0x000000400000-0x000000500000 : "NAND simulator partition 4"
[    0.452910] 0x000000500000-0x000000600000 : "NAND simulator partition 5"
[    0.454213] 0x000000600000-0x000000700000 : "NAND simulator partition 6"
[    0.455497] 0x000000700000-0x000000800000 : "NAND simulator partition 7"
[    0.456875] 0x000000800000-0x000000900000 : "NAND simulator partition 8"
[    0.458498] 0x000000900000-0x000000a00000 : "NAND simulator partition 9"
[    0.459801] 0x000000a00000-0x000008000000 : "NAND simulator partition 10"
[    0.463993] tun: Universal TUN/TAP device driver, 1.6
[    0.464190] tun: (C) 1999-2004 Max Krasnyansky <maxk@qualcomm.com>
[    0.484741] PPP generic driver version 2.4.2
[    0.485418] PPP BSD Compression module registered
[    0.485640] PPP Deflate Compression module registered
[    0.485910] PPP MPPE Compression module registered
[    0.486121] NET: Registered protocol family 24
[    0.486463] PPTP driver version 0.8.5
[    0.487320] usbcore: registered new interface driver usb-storage
[    0.489142] hidraw: raw HID events driver (C) Jiri Kosina
[    0.489656] usbcore: registered new interface driver usbhid
[    0.489865] usbhid: USB HID core driver
[    0.490302] Netfilter messages via NETLINK v0.30.
[    0.490908] nf_conntrack version 0.5.0 (3958 buckets, 15832 max)
[    0.492162] ctnetlink v0.93: registering with nfnetlink.
[    0.493473] ipip: IPv4 over IPv4 tunneling driver
[    0.495268] gre: GRE over IPv4 demultiplexor driver
[    0.495488] ip_gre: GRE over IPv4 tunneling driver
[    0.499714] ip_tables: (C) 2000-2006 Netfilter Core Team
[    0.501211] arp_tables: (C) 2002 David S. Miller
[    0.502213] Initializing XFRM netlink socket
[    0.502717] NET: Registered protocol family 10
[    0.508663] ip6_tables: (C) 2000-2006 Netfilter Core Team
[    0.510125] sit: IPv6 over IPv4 tunneling driver
[    0.513396] NET: Registered protocol family 17
[    0.513969] bridge: automatic filtering via arp/ip/ip6tables has been deprecated. Update your scripts to load br_netfilter if you need this.
[    0.514494] Bridge firewalling registered
[    0.514685] Ebtables v2.0 registered
[    0.515685] 8021q: 802.1Q VLAN Support v1.8
[    0.516266] Registering SWP/SWPB emulation handler
[    0.518633] hctosys: unable to open rtc device (rtc0)
[    0.533315] UDF-fs: warning (device vda1): udf_fill_super: No partition found (2)
[    0.548684] UDF-fs: warning (device vda1): udf_fill_super: No partition found (2)
[    0.549038] List of all partitions:
[    0.549318] 0100            8192 ram0  (driver?)
[    0.549530] 0101            8192 ram1  (driver?)
[    0.549712] 0102            8192 ram2  (driver?)
[    0.549892] 0103            8192 ram3  (driver?)
[    0.550070] 0104            8192 ram4  (driver?)
[    0.550248] 0105            8192 ram5  (driver?)
[    0.550437] 0106            8192 ram6  (driver?)
[    0.550614] 0107            8192 ram7  (driver?)
[    0.550791] 0108            8192 ram8  (driver?)
[    0.550969] 0109            8192 ram9  (driver?)
[    0.551147] 010a            8192 ram10  (driver?)
[    0.551327] 010b            8192 ram11  (driver?)
[    0.551508] 010c            8192 ram12  (driver?)
[    0.551689] 010d            8192 ram13  (driver?)
[    0.551869] 010e            8192 ram14  (driver?)
[    0.552049] 010f            8192 ram15  (driver?)
[    0.552234] fe00         1048576 vda  driver: virtio_blk
[    0.552453]   fe01         1047552 vda1 887d9241-01
[    0.552644] 1f00            1024 mtdblock0  (driver?)
[    0.552838] 1f01            1024 mtdblock1  (driver?)
[    0.553031] 1f02            1024 mtdblock2  (driver?)
[    0.553230] 1f03            1024 mtdblock3  (driver?)
[    0.553427] 1f04            1024 mtdblock4  (driver?)
[    0.553620] 1f05            1024 mtdblock5  (driver?)
[    0.553813] 1f06            1024 mtdblock6  (driver?)
[    0.554004] 1f07            1024 mtdblock7  (driver?)
[    0.554195] 1f08            1024 mtdblock8  (driver?)
[    0.554397] 1f09            1024 mtdblock9  (driver?)
[    0.554591] 1f0a          120832 mtdblock10  (driver?)
[    0.554799] No filesystem could mount root, tried:  ext3 ext2 ext4 cramfs squashfs vfat iso9660 romfs udf
[    0.555331] Kernel panic - not syncing: VFS: Unable to mount root fs on unknown-block(254,1)
[    0.555651] CPU: 0 PID: 1 Comm: swapper Tainted: G        W       4.1.17+ #1
[    0.555900] Hardware name: Generic DT based system
[    0.556113] [<c001c99c>] (unwind_backtrace) from [<c0019d30>] (show_stack+0x10/0x14)
[    0.556405] [<c0019d30>] (show_stack) from [<c0410b78>] (panic+0x70/0x1c8)
[    0.556671] [<c0410b78>] (panic) from [<c05c81bc>] (mount_block_root+0x268/0x2ac)
[    0.556953] [<c05c81bc>] (mount_block_root) from [<c05c84a4>] (prepare_namespace+0x158/0x1ac)
[    0.557273] [<c05c84a4>] (prepare_namespace) from [<c05c7d84>] (kernel_init_freeable+0x16c/0x1b0)
[    0.557594] [<c05c7d84>] (kernel_init_freeable) from [<c040f28c>] (kernel_init+0x8/0xe4)
[    0.557887] [<c040f28c>] (kernel_init) from [<c0016da8>] (ret_from_fork+0x14/0x2c)
[    0.558422] ---[ end Kernel panic - not syncing: VFS: Unable to mount root fs on unknown-block(254,1)
