[    0.000000] Booting Linux on physical CPU 0x0
[    0.000000] Linux version 4.1.17+ (vagrant@vagrant-ubuntu-trusty-64) (gcc version 5.3.0 (GCC) ) #1 Thu Feb 18 01:05:21 UTC 2016
[    0.000000] CPU: ARMv7 Processor [412fc0f1] revision 1 (ARMv7), cr=10c5387d
[    0.000000] CPU: PIPT / VIPT nonaliasing data cache, PIPT instruction cache
[    0.000000] Machine model: linux,dummy-virt
[    0.000000] debug: ignoring loglevel setting.
[    0.000000] Memory policy: Data cache writeback
[    0.000000] On node 0 totalpages: 65536
[    0.000000] free_area_init_node: node 0, pgdat c061dfe8, node_mem_map cfdf9000
[    0.000000]   Normal zone: 512 pages used for memmap
[    0.000000]   Normal zone: 0 pages reserved
[    0.000000]   Normal zone: 65536 pages, LIFO batch:15
[    0.000000] CPU: All CPU(s) started in SVC mode.
[    0.000000] pcpu-alloc: s0 r0 d32768 u32768 alloc=1*32768
[    0.000000] pcpu-alloc: [0] 0 
[    0.000000] Built 1 zonelists in Zone order, mobility grouping on.  Total pages: 65024
[    0.000000] Kernel command line: firmadyne.syscall=1 root=/dev/vda1 console=ttyS0 nandsim.parts=64,64,64,64,64,64,64,64,64,64 rdinit=/firmadyne/preInit.sh rw debug ignore_loglevel print-fatal-signals=1 user_debug=31
[    0.000000] PID hash table entries: 1024 (order: 0, 4096 bytes)
[    0.000000] Dentry cache hash table entries: 32768 (order: 5, 131072 bytes)
[    0.000000] Inode-cache hash table entries: 16384 (order: 4, 65536 bytes)
[    0.000000] Memory: 253344K/262144K available (4297K kernel code, 170K rwdata, 1584K rodata, 180K init, 148K bss, 8800K reserved, 0K cma-reserved)
[    0.000000] Virtual kernel memory layout:
[    0.000000]     vector  : 0xffff0000 - 0xffff1000   (   4 kB)
[    0.000000]     fixmap  : 0xffc00000 - 0xfff00000   (3072 kB)
[    0.000000]     vmalloc : 0xd0800000 - 0xff000000   ( 744 MB)
[    0.000000]     lowmem  : 0xc0000000 - 0xd0000000   ( 256 MB)
[    0.000000]     modules : 0xbf000000 - 0xc0000000   (  16 MB)
[    0.000000]       .text : 0xc0008000 - 0xc05c67bc   (5882 kB)
[    0.000000]       .init : 0xc05c7000 - 0xc05f4000   ( 180 kB)
[    0.000000]       .data : 0xc05f4000 - 0xc061e840   ( 171 kB)
[    0.000000]        .bss : 0xc0621000 - 0xc06462d4   ( 149 kB)
[    0.000000] NR_IRQS:16 nr_irqs:16 16
[    0.000000] Architected cp15 timer(s) running at 62.50MHz (virt).
[    0.000000] clocksource arch_sys_counter: mask: 0xffffffffffffff max_cycles: 0x1cd42e208c, max_idle_ns: 881590405314 ns
[    0.000138] sched_clock: 56 bits at 62MHz, resolution 16ns, wraps every 4398046511096ns
[    0.000245] Switching to timer-based delay loop, resolution 16ns
[    0.002832] Console: colour dummy device 80x30
[    0.003103] Calibrating delay loop (skipped), value calculated using timer frequency.. 125.00 BogoMIPS (lpj=625000)
[    0.003207] pid_max: default: 32768 minimum: 301
[    0.003992] Mount-cache hash table entries: 1024 (order: 0, 4096 bytes)
[    0.004022] Mountpoint-cache hash table entries: 1024 (order: 0, 4096 bytes)
[    0.011766] CPU: Testing write buffer coherency: ok
[    0.016947] Setting up static identity map for 0x40008240 - 0x40008298
[    0.029393] VFP support v0.3: implementor 41 architecture 4 part 30 variant f rev 0
[    0.039260] clocksource jiffies: mask: 0xffffffff max_cycles: 0xffffffff, max_idle_ns: 19112604462750000 ns
[    0.046651] NET: Registered protocol family 16
[    0.049140] DMA: preallocated 256 KiB pool for atomic coherent allocations
[    0.052306] cpuidle: using governor ladder
[    0.052429] cpuidle: using governor menu
[    0.055473] genirq: Setting trigger mode 1 for irq 20 failed (gic_set_type+0x0/0x48)
[    0.056998] genirq: Setting trigger mode 1 for irq 21 failed (gic_set_type+0x0/0x48)
[    0.057257] genirq: Setting trigger mode 1 for irq 22 failed (gic_set_type+0x0/0x48)
[    0.057514] genirq: Setting trigger mode 1 for irq 23 failed (gic_set_type+0x0/0x48)
[    0.057775] genirq: Setting trigger mode 1 for irq 24 failed (gic_set_type+0x0/0x48)
[    0.058023] genirq: Setting trigger mode 1 for irq 25 failed (gic_set_type+0x0/0x48)
[    0.058259] genirq: Setting trigger mode 1 for irq 26 failed (gic_set_type+0x0/0x48)
[    0.058497] genirq: Setting trigger mode 1 for irq 27 failed (gic_set_type+0x0/0x48)
[    0.058842] genirq: Setting trigger mode 1 for irq 28 failed (gic_set_type+0x0/0x48)
[    0.059094] genirq: Setting trigger mode 1 for irq 29 failed (gic_set_type+0x0/0x48)
[    0.059326] genirq: Setting trigger mode 1 for irq 30 failed (gic_set_type+0x0/0x48)
[    0.059572] genirq: Setting trigger mode 1 for irq 31 failed (gic_set_type+0x0/0x48)
[    0.059803] genirq: Setting trigger mode 1 for irq 32 failed (gic_set_type+0x0/0x48)
[    0.060065] genirq: Setting trigger mode 1 for irq 33 failed (gic_set_type+0x0/0x48)
[    0.060296] genirq: Setting trigger mode 1 for irq 34 failed (gic_set_type+0x0/0x48)
[    0.060523] genirq: Setting trigger mode 1 for irq 35 failed (gic_set_type+0x0/0x48)
[    0.060758] genirq: Setting trigger mode 1 for irq 36 failed (gic_set_type+0x0/0x48)
[    0.060996] genirq: Setting trigger mode 1 for irq 37 failed (gic_set_type+0x0/0x48)
[    0.061272] genirq: Setting trigger mode 1 for irq 38 failed (gic_set_type+0x0/0x48)
[    0.061518] genirq: Setting trigger mode 1 for irq 39 failed (gic_set_type+0x0/0x48)
[    0.061755] genirq: Setting trigger mode 1 for irq 40 failed (gic_set_type+0x0/0x48)
[    0.061998] genirq: Setting trigger mode 1 for irq 41 failed (gic_set_type+0x0/0x48)
[    0.062247] genirq: Setting trigger mode 1 for irq 42 failed (gic_set_type+0x0/0x48)
[    0.062496] genirq: Setting trigger mode 1 for irq 43 failed (gic_set_type+0x0/0x48)
[    0.062752] genirq: Setting trigger mode 1 for irq 44 failed (gic_set_type+0x0/0x48)
[    0.063071] genirq: Setting trigger mode 1 for irq 45 failed (gic_set_type+0x0/0x48)
[    0.063411] genirq: Setting trigger mode 1 for irq 46 failed (gic_set_type+0x0/0x48)
[    0.063825] genirq: Setting trigger mode 1 for irq 47 failed (gic_set_type+0x0/0x48)
[    0.064108] genirq: Setting trigger mode 1 for irq 48 failed (gic_set_type+0x0/0x48)
[    0.064356] genirq: Setting trigger mode 1 for irq 49 failed (gic_set_type+0x0/0x48)
[    0.064594] genirq: Setting trigger mode 1 for irq 50 failed (gic_set_type+0x0/0x48)
[    0.064830] genirq: Setting trigger mode 1 for irq 51 failed (gic_set_type+0x0/0x48)
[    0.065238] genirq: Setting trigger mode 1 for irq 52 failed (gic_set_type+0x0/0x48)
[    0.068231] Serial: AMBA PL011 UART driver
[    0.069891] 9000000.pl011: ttyS0 at MMIO 0x9000000 (irq = 52, base_baud = 0) is a PL011 rev1
[    0.091236] console [ttyS0] enabled
[    0.110196] vgaarb: loaded
[    0.111403] SCSI subsystem initialized
[    0.112282] usbcore: registered new interface driver usbfs
[    0.112647] usbcore: registered new interface driver hub
[    0.112992] usbcore: registered new device driver usb
[    0.120405] cfg80211: Calling CRDA to update world regulatory domain
[    0.122367] Switched to clocksource arch_sys_counter
[    0.136541] NET: Registered protocol family 2
[    0.140494] TCP established hash table entries: 2048 (order: 1, 8192 bytes)
[    0.140834] TCP bind hash table entries: 2048 (order: 1, 8192 bytes)
[    0.141202] TCP: Hash tables configured (established 2048 bind 2048)
[    0.141723] UDP hash table entries: 256 (order: 0, 4096 bytes)
[    0.142032] UDP-Lite hash table entries: 256 (order: 0, 4096 bytes)
[    0.143559] NET: Registered protocol family 1
[    0.144001] PCI: CLS 0 bytes, default 64
[    0.149762] NetWinder Floating Point Emulator V0.97 (extended precision)
[    0.151907] futex hash table entries: 256 (order: -1, 3072 bytes)
[    0.156627] squashfs: version 4.0 (2009/01/31) Phillip Lougher
[    0.157566] jffs2: version 2.2. (NAND) Â© 2001-2006 Red Hat, Inc.
[    0.158310] romfs: ROMFS MTD (C) 2007 Red Hat, Inc.
[    0.165597] Block layer SCSI generic (bsg) driver version 0.4 loaded (major 253)
[    0.165972] io scheduler noop registered
[    0.166223] io scheduler cfq registered (default)
[    0.166858] firmadyne: devfs: 1, execute: 1, procfs: 1, syscall: 1
[    0.167986] ------------[ cut here ]------------
[    0.168192] WARNING: CPU: 0 PID: 1 at /home/vagrant/firmadyne-kernel/kernel-v4.1/fs/sysfs/dir.c:31 sysfs_warn_dup+0x50/0x6c()
[    0.168601] sysfs: cannot create duplicate filename '/class/gpio'
[    0.168867] Modules linked in:
[    0.169179] CPU: 0 PID: 1 Comm: swapper Not tainted 4.1.17+ #1
[    0.169400] Hardware name: Generic DT based system
[    0.170060] [<c001c99c>] (unwind_backtrace) from [<c0019d30>] (show_stack+0x10/0x14)
[    0.170423] [<c0019d30>] (show_stack) from [<c0024ab4>] (warn_slowpath_common+0x80/0xa8)
[    0.170735] [<c0024ab4>] (warn_slowpath_common) from [<c0024b08>] (warn_slowpath_fmt+0x2c/0x3c)
[    0.171108] [<c0024b08>] (warn_slowpath_fmt) from [<c00e363c>] (sysfs_warn_dup+0x50/0x6c)
[    0.171411] [<c00e363c>] (sysfs_warn_dup) from [<c00e3714>] (sysfs_create_dir_ns+0x74/0x84)
[    0.171718] [<c00e3714>] (sysfs_create_dir_ns) from [<c018e6ac>] (kobject_add_internal+0xb8/0x2ac)
[    0.172056] [<c018e6ac>] (kobject_add_internal) from [<c018e9a8>] (kset_register+0x1c/0x44)
[    0.172579] [<c018e9a8>] (kset_register) from [<c02090b4>] (__class_register+0xa8/0x198)
[    0.172884] [<c02090b4>] (__class_register) from [<c02091e4>] (__class_create+0x40/0x70)
[    0.173182] [<c02091e4>] (__class_create) from [<c01adf68>] (register_devfs_stubs+0x314/0xbb4)
[    0.173498] [<c01adf68>] (register_devfs_stubs) from [<c05d9b08>] (init_module+0x28/0xa4)
[    0.173826] [<c05d9b08>] (init_module) from [<c0009670>] (do_one_initcall+0x104/0x1b4)
[    0.174120] [<c0009670>] (do_one_initcall) from [<c05c7d08>] (kernel_init_freeable+0xf0/0x1b0)
[    0.174435] [<c05c7d08>] (kernel_init_freeable) from [<c040f28c>] (kernel_init+0x8/0xe4)
[    0.174728] [<c040f28c>] (kernel_init) from [<c0016da8>] (ret_from_fork+0x14/0x2c)
[    0.175077] ---[ end trace 4a45bd1fe16564ad ]---
[    0.175320] ------------[ cut here ]------------
[    0.175503] WARNING: CPU: 0 PID: 1 at /home/vagrant/firmadyne-kernel/kernel-v4.1/lib/kobject.c:240 kobject_add_internal+0x240/0x2ac()
[    0.175968] kobject_add_internal failed for gpio with -EEXIST, don't try to register things with the same name in the same directory.
[    0.176379] Modules linked in:
[    0.176559] CPU: 0 PID: 1 Comm: swapper Tainted: G        W       4.1.17+ #1
[    0.176806] Hardware name: Generic DT based system
[    0.177001] [<c001c99c>] (unwind_backtrace) from [<c0019d30>] (show_stack+0x10/0x14)
[    0.177291] [<c0019d30>] (show_stack) from [<c0024ab4>] (warn_slowpath_common+0x80/0xa8)
[    0.177593] [<c0024ab4>] (warn_slowpath_common) from [<c0024b08>] (warn_slowpath_fmt+0x2c/0x3c)
[    0.177918] [<c0024b08>] (warn_slowpath_fmt) from [<c018e834>] (kobject_add_internal+0x240/0x2ac)
[    0.178241] [<c018e834>] (kobject_add_internal) from [<c018e9a8>] (kset_register+0x1c/0x44)
[    0.178549] [<c018e9a8>] (kset_register) from [<c02090b4>] (__class_register+0xa8/0x198)
[    0.178855] [<c02090b4>] (__class_register) from [<c02091e4>] (__class_create+0x40/0x70)
[    0.179154] [<c02091e4>] (__class_create) from [<c01adf68>] (register_devfs_stubs+0x314/0xbb4)
[    0.179470] [<c01adf68>] (register_devfs_stubs) from [<c05d9b08>] (init_module+0x28/0xa4)
[    0.179771] [<c05d9b08>] (init_module) from [<c0009670>] (do_one_initcall+0x104/0x1b4)
[    0.180074] [<c0009670>] (do_one_initcall) from [<c05c7d08>] (kernel_init_freeable+0xf0/0x1b0)
[    0.180390] [<c05c7d08>] (kernel_init_freeable) from [<c040f28c>] (kernel_init+0x8/0xe4)
[    0.180682] [<c040f28c>] (kernel_init) from [<c0016da8>] (ret_from_fork+0x14/0x2c)
[    0.180963] ---[ end trace 4a45bd1fe16564ae ]---
[    0.181184] firmadyne: Cannot create device class: gpio!
[    0.182846] firmadyne: Cannot register character device: watchdog, 0xa, 0x82!
[    0.183129] firmadyne: Cannot register character device: wdt, 0xfd, 0x0!
[    0.277375] Non-volatile memory driver v1.3
[    0.295960] brd: module loaded
[    0.304403] loop: module loaded
[    0.312691]  vda: vda1
[    0.316551] [nandsim] warning: read_byte: unexpected data output cycle, state is STATE_READY return 0x0
[    0.316913] [nandsim] warning: read_byte: unexpected data output cycle, state is STATE_READY return 0x0
[    0.317242] [nandsim] warning: read_byte: unexpected data output cycle, state is STATE_READY return 0x0
[    0.317568] [nandsim] warning: read_byte: unexpected data output cycle, state is STATE_READY return 0x0
[    0.317893] [nandsim] warning: read_byte: unexpected data output cycle, state is STATE_READY return 0x0
[    0.318220] [nandsim] warning: read_byte: unexpected data output cycle, state is STATE_READY return 0x0
[    0.318750] nand: device found, Manufacturer ID: 0x98, Chip ID: 0x39
[    0.319053] nand: Toshiba NAND 128MiB 1,8V 8-bit
[    0.319245] nand: 128 MiB, SLC, erase size: 16 KiB, page size: 512, OOB size: 16
[    0.320131] flash size: 128 MiB
[    0.320259] page size: 512 bytes
[    0.320385] OOB area size: 16 bytes
[    0.320518] sector size: 16 KiB
[    0.320639] pages number: 262144
[    0.320762] pages per sector: 32
[    0.320885] bus width: 8
[    0.320984] bits in sector size: 14
[    0.321116] bits in page size: 9
[    0.321241] bits in OOB size: 4
[    0.321366] flash size with OOB: 135168 KiB
[    0.321521] page address bytes: 4
[    0.321647] sector address bytes: 3
[    0.321779] options: 0x42
[    0.325790] Scanning device for bad blocks
[    0.452380] Creating 11 MTD partitions on "NAND 128MiB 1,8V 8-bit":
[    0.452861] 0x000000000000-0x000000100000 : "NAND simulator partition 0"
[    0.455685] 0x000000100000-0x000000200000 : "NAND simulator partition 1"
[    0.457102] 0x000000200000-0x000000300000 : "NAND simulator partition 2"
[    0.458376] 0x000000300000-0x000000400000 : "NAND simulator partition 3"
[    0.459644] 0x000000400000-0x000000500000 : "NAND simulator partition 4"
[    0.460897] 0x000000500000-0x000000600000 : "NAND simulator partition 5"
[    0.462416] 0x000000600000-0x000000700000 : "NAND simulator partition 6"
[    0.463770] 0x000000700000-0x000000800000 : "NAND simulator partition 7"
[    0.465180] 0x000000800000-0x000000900000 : "NAND simulator partition 8"
[    0.466591] 0x000000900000-0x000000a00000 : "NAND simulator partition 9"
[    0.467895] 0x000000a00000-0x000008000000 : "NAND simulator partition 10"
[    0.472330] tun: Universal TUN/TAP device driver, 1.6
[    0.472531] tun: (C) 1999-2004 Max Krasnyansky <maxk@qualcomm.com>
[    0.488065] PPP generic driver version 2.4.2
[    0.488733] PPP BSD Compression module registered
[    0.488951] PPP Deflate Compression module registered
[    0.489222] PPP MPPE Compression module registered
[    0.489435] NET: Registered protocol family 24
[    0.489769] PPTP driver version 0.8.5
[    0.490437] usbcore: registered new interface driver usb-storage
[    0.491974] hidraw: raw HID events driver (C) Jiri Kosina
[    0.492801] usbcore: registered new interface driver usbhid
[    0.493017] usbhid: USB HID core driver
[    0.493463] Netfilter messages via NETLINK v0.30.
[    0.494065] nf_conntrack version 0.5.0 (3958 buckets, 15832 max)
[    0.495329] ctnetlink v0.93: registering with nfnetlink.
[    0.496641] ipip: IPv4 over IPv4 tunneling driver
[    0.498436] gre: GRE over IPv4 demultiplexor driver
[    0.498656] ip_gre: GRE over IPv4 tunneling driver
[    0.503161] ip_tables: (C) 2000-2006 Netfilter Core Team
[    0.504666] arp_tables: (C) 2002 David S. Miller
[    0.505673] Initializing XFRM netlink socket
[    0.506161] NET: Registered protocol family 10
[    0.511857] ip6_tables: (C) 2000-2006 Netfilter Core Team
[    0.513533] sit: IPv6 over IPv4 tunneling driver
[    0.516798] NET: Registered protocol family 17
[    0.517373] bridge: automatic filtering via arp/ip/ip6tables has been deprecated. Update your scripts to load br_netfilter if you need this.
[    0.517882] Bridge firewalling registered
[    0.518075] Ebtables v2.0 registered
[    0.519079] 8021q: 802.1Q VLAN Support v1.8
[    0.519674] Registering SWP/SWPB emulation handler
[    0.521511] hctosys: unable to open rtc device (rtc0)
[    0.536429] UDF-fs: warning (device vda1): udf_fill_super: No partition found (2)
[    0.551630] UDF-fs: warning (device vda1): udf_fill_super: No partition found (2)
[    0.552005] List of all partitions:
[    0.552456] 0100            8192 ram0  (driver?)
[    0.552672] 0101            8192 ram1  (driver?)
[    0.552852] 0102            8192 ram2  (driver?)
[    0.553029] 0103            8192 ram3  (driver?)
[    0.553206] 0104            8192 ram4  (driver?)
[    0.553382] 0105            8192 ram5  (driver?)
[    0.553557] 0106            8192 ram6  (driver?)
[    0.553734] 0107            8192 ram7  (driver?)
[    0.553911] 0108            8192 ram8  (driver?)
[    0.554085] 0109            8192 ram9  (driver?)
[    0.554261] 010a            8192 ram10  (driver?)
[    0.554440] 010b            8192 ram11  (driver?)
[    0.554619] 010c            8192 ram12  (driver?)
[    0.554807] 010d            8192 ram13  (driver?)
[    0.554985] 010e            8192 ram14  (driver?)
[    0.555164] 010f            8192 ram15  (driver?)
[    0.555347] fe00         1048576 vda  driver: virtio_blk
[    0.555564]   fe01         1047552 vda1 ff61de5f-01
[    0.555754] 1f00            1024 mtdblock0  (driver?)
[    0.555958] 1f01            1024 mtdblock1  (driver?)
[    0.556151] 1f02            1024 mtdblock2  (driver?)
[    0.556342] 1f03            1024 mtdblock3  (driver?)
[    0.556609] 1f04            1024 mtdblock4  (driver?)
[    0.556801] 1f05            1024 mtdblock5  (driver?)
[    0.556992] 1f06            1024 mtdblock6  (driver?)
[    0.557185] 1f07            1024 mtdblock7  (driver?)
[    0.557376] 1f08            1024 mtdblock8  (driver?)
[    0.557569] 1f09            1024 mtdblock9  (driver?)
[    0.557761] 1f0a          120832 mtdblock10  (driver?)
[    0.557971] No filesystem could mount root, tried:  ext3 ext2 ext4 cramfs squashfs vfat iso9660 romfs udf
[    0.558504] Kernel panic - not syncing: VFS: Unable to mount root fs on unknown-block(254,1)
[    0.558836] CPU: 0 PID: 1 Comm: swapper Tainted: G        W       4.1.17+ #1
[    0.559084] Hardware name: Generic DT based system
[    0.559294] [<c001c99c>] (unwind_backtrace) from [<c0019d30>] (show_stack+0x10/0x14)
[    0.559585] [<c0019d30>] (show_stack) from [<c0410b78>] (panic+0x70/0x1c8)
[    0.559851] [<c0410b78>] (panic) from [<c05c81bc>] (mount_block_root+0x268/0x2ac)
[    0.560143] [<c05c81bc>] (mount_block_root) from [<c05c84a4>] (prepare_namespace+0x158/0x1ac)
[    0.560456] [<c05c84a4>] (prepare_namespace) from [<c05c7d84>] (kernel_init_freeable+0x16c/0x1b0)
[    0.560779] [<c05c7d84>] (kernel_init_freeable) from [<c040f28c>] (kernel_init+0x8/0xe4)
[    0.561073] [<c040f28c>] (kernel_init) from [<c0016da8>] (ret_from_fork+0x14/0x2c)
[    0.561513] ---[ end Kernel panic - not syncing: VFS: Unable to mount root fs on unknown-block(254,1)
