[    0.000000] Booting Linux on physical CPU 0x0
[    0.000000] Linux version 4.1.17+ (vagrant@vagrant-ubuntu-trusty-64) (gcc version 5.3.0 (GCC) ) #1 Thu Feb 18 01:05:21 UTC 2016
[    0.000000] CPU: ARMv7 Processor [412fc0f1] revision 1 (ARMv7), cr=10c5387d
[    0.000000] CPU: PIPT / VIPT nonaliasing data cache, PIPT instruction cache
[    0.000000] Machine model: linux,dummy-virt
[    0.000000] debug: ignoring loglevel setting.
[    0.000000] Memory policy: Data cache writeback
[    0.000000] On node 0 totalpages: 65536
[    0.000000] free_area_init_node: node 0, pgdat c061dfe8, node_mem_map cfdf9000
[    0.000000]   Normal zone: 512 pages used for memmap
[    0.000000]   Normal zone: 0 pages reserved
[    0.000000]   Normal zone: 65536 pages, LIFO batch:15
[    0.000000] CPU: All CPU(s) started in SVC mode.
[    0.000000] pcpu-alloc: s0 r0 d32768 u32768 alloc=1*32768
[    0.000000] pcpu-alloc: [0] 0 
[    0.000000] Built 1 zonelists in Zone order, mobility grouping on.  Total pages: 65024
[    0.000000] Kernel command line: root=/dev/vda1 console=ttyS0 nandsim.parts=64,64,64,64,64,64,64,64,64,64 rdinit=/firmadyne/preInit.sh rw debug ignore_loglevel print-fatal-signals=1 user_debug=31 firmadyne.syscall=0
[    0.000000] PID hash table entries: 1024 (order: 0, 4096 bytes)
[    0.000000] Dentry cache hash table entries: 32768 (order: 5, 131072 bytes)
[    0.000000] Inode-cache hash table entries: 16384 (order: 4, 65536 bytes)
[    0.000000] Memory: 253344K/262144K available (4297K kernel code, 170K rwdata, 1584K rodata, 180K init, 148K bss, 8800K reserved, 0K cma-reserved)
[    0.000000] Virtual kernel memory layout:
[    0.000000]     vector  : 0xffff0000 - 0xffff1000   (   4 kB)
[    0.000000]     fixmap  : 0xffc00000 - 0xfff00000   (3072 kB)
[    0.000000]     vmalloc : 0xd0800000 - 0xff000000   ( 744 MB)
[    0.000000]     lowmem  : 0xc0000000 - 0xd0000000   ( 256 MB)
[    0.000000]     modules : 0xbf000000 - 0xc0000000   (  16 MB)
[    0.000000]       .text : 0xc0008000 - 0xc05c67bc   (5882 kB)
[    0.000000]       .init : 0xc05c7000 - 0xc05f4000   ( 180 kB)
[    0.000000]       .data : 0xc05f4000 - 0xc061e840   ( 171 kB)
[    0.000000]        .bss : 0xc0621000 - 0xc06462d4   ( 149 kB)
[    0.000000] NR_IRQS:16 nr_irqs:16 16
[    0.000000] Architected cp15 timer(s) running at 62.50MHz (virt).
[    0.000000] clocksource arch_sys_counter: mask: 0xffffffffffffff max_cycles: 0x1cd42e208c, max_idle_ns: 881590405314 ns
[    0.000134] sched_clock: 56 bits at 62MHz, resolution 16ns, wraps every 4398046511096ns
[    0.000245] Switching to timer-based delay loop, resolution 16ns
[    0.002931] Console: colour dummy device 80x30
[    0.003218] Calibrating delay loop (skipped), value calculated using timer frequency.. 125.00 BogoMIPS (lpj=625000)
[    0.003324] pid_max: default: 32768 minimum: 301
[    0.004130] Mount-cache hash table entries: 1024 (order: 0, 4096 bytes)
[    0.004161] Mountpoint-cache hash table entries: 1024 (order: 0, 4096 bytes)
[    0.012300] CPU: Testing write buffer coherency: ok
[    0.017427] Setting up static identity map for 0x40008240 - 0x40008298
[    0.029768] VFP support v0.3: implementor 41 architecture 4 part 30 variant f rev 0
[    0.039897] clocksource jiffies: mask: 0xffffffff max_cycles: 0xffffffff, max_idle_ns: 19112604462750000 ns
[    0.047546] NET: Registered protocol family 16
[    0.050199] DMA: preallocated 256 KiB pool for atomic coherent allocations
[    0.053660] cpuidle: using governor ladder
[    0.053793] cpuidle: using governor menu
[    0.056740] genirq: Setting trigger mode 1 for irq 20 failed (gic_set_type+0x0/0x48)
[    0.058195] genirq: Setting trigger mode 1 for irq 21 failed (gic_set_type+0x0/0x48)
[    0.058471] genirq: Setting trigger mode 1 for irq 22 failed (gic_set_type+0x0/0x48)
[    0.058737] genirq: Setting trigger mode 1 for irq 23 failed (gic_set_type+0x0/0x48)
[    0.059001] genirq: Setting trigger mode 1 for irq 24 failed (gic_set_type+0x0/0x48)
[    0.059262] genirq: Setting trigger mode 1 for irq 25 failed (gic_set_type+0x0/0x48)
[    0.059525] genirq: Setting trigger mode 1 for irq 26 failed (gic_set_type+0x0/0x48)
[    0.059833] genirq: Setting trigger mode 1 for irq 27 failed (gic_set_type+0x0/0x48)
[    0.060191] genirq: Setting trigger mode 1 for irq 28 failed (gic_set_type+0x0/0x48)
[    0.060472] genirq: Setting trigger mode 1 for irq 29 failed (gic_set_type+0x0/0x48)
[    0.060711] genirq: Setting trigger mode 1 for irq 30 failed (gic_set_type+0x0/0x48)
[    0.060964] genirq: Setting trigger mode 1 for irq 31 failed (gic_set_type+0x0/0x48)
[    0.061199] genirq: Setting trigger mode 1 for irq 32 failed (gic_set_type+0x0/0x48)
[    0.061459] genirq: Setting trigger mode 1 for irq 33 failed (gic_set_type+0x0/0x48)
[    0.061727] genirq: Setting trigger mode 1 for irq 34 failed (gic_set_type+0x0/0x48)
[    0.061966] genirq: Setting trigger mode 1 for irq 35 failed (gic_set_type+0x0/0x48)
[    0.062207] genirq: Setting trigger mode 1 for irq 36 failed (gic_set_type+0x0/0x48)
[    0.062466] genirq: Setting trigger mode 1 for irq 37 failed (gic_set_type+0x0/0x48)
[    0.062753] genirq: Setting trigger mode 1 for irq 38 failed (gic_set_type+0x0/0x48)
[    0.063018] genirq: Setting trigger mode 1 for irq 39 failed (gic_set_type+0x0/0x48)
[    0.063505] genirq: Setting trigger mode 1 for irq 40 failed (gic_set_type+0x0/0x48)
[    0.063781] genirq: Setting trigger mode 1 for irq 41 failed (gic_set_type+0x0/0x48)
[    0.064048] genirq: Setting trigger mode 1 for irq 42 failed (gic_set_type+0x0/0x48)
[    0.064302] genirq: Setting trigger mode 1 for irq 43 failed (gic_set_type+0x0/0x48)
[    0.064582] genirq: Setting trigger mode 1 for irq 44 failed (gic_set_type+0x0/0x48)
[    0.064846] genirq: Setting trigger mode 1 for irq 45 failed (gic_set_type+0x0/0x48)
[    0.065091] genirq: Setting trigger mode 1 for irq 46 failed (gic_set_type+0x0/0x48)
[    0.065395] genirq: Setting trigger mode 1 for irq 47 failed (gic_set_type+0x0/0x48)
[    0.065677] genirq: Setting trigger mode 1 for irq 48 failed (gic_set_type+0x0/0x48)
[    0.065931] genirq: Setting trigger mode 1 for irq 49 failed (gic_set_type+0x0/0x48)
[    0.066173] genirq: Setting trigger mode 1 for irq 50 failed (gic_set_type+0x0/0x48)
[    0.066430] genirq: Setting trigger mode 1 for irq 51 failed (gic_set_type+0x0/0x48)
[    0.066853] genirq: Setting trigger mode 1 for irq 52 failed (gic_set_type+0x0/0x48)
[    0.069973] Serial: AMBA PL011 UART driver
[    0.071665] 9000000.pl011: ttyS0 at MMIO 0x9000000 (irq = 52, base_baud = 0) is a PL011 rev1
[    0.131587] console [ttyS0] enabled
[    0.152069] vgaarb: loaded
[    0.153964] SCSI subsystem initialized
[    0.155564] usbcore: registered new interface driver usbfs
[    0.156838] usbcore: registered new interface driver hub
[    0.158408] usbcore: registered new device driver usb
[    0.166862] cfg80211: Calling CRDA to update world regulatory domain
[    0.170346] Switched to clocksource arch_sys_counter
[    0.186198] NET: Registered protocol family 2
[    0.191568] TCP established hash table entries: 2048 (order: 1, 8192 bytes)
[    0.193007] TCP bind hash table entries: 2048 (order: 1, 8192 bytes)
[    0.194389] TCP: Hash tables configured (established 2048 bind 2048)
[    0.195960] UDP hash table entries: 256 (order: 0, 4096 bytes)
[    0.197157] UDP-Lite hash table entries: 256 (order: 0, 4096 bytes)
[    0.199414] NET: Registered protocol family 1
[    0.200862] PCI: CLS 0 bytes, default 64
[    0.207516] NetWinder Floating Point Emulator V0.97 (extended precision)
[    0.211132] futex hash table entries: 256 (order: -1, 3072 bytes)
[    0.216708] squashfs: version 4.0 (2009/01/31) Phillip Lougher
[    0.218981] jffs2: version 2.2. (NAND) Â© 2001-2006 Red Hat, Inc.
[    0.221009] romfs: ROMFS MTD (C) 2007 Red Hat, Inc.
[    0.228786] Block layer SCSI generic (bsg) driver version 0.4 loaded (major 253)
[    0.230671] io scheduler noop registered
[    0.231544] io scheduler cfq registered (default)
[    0.232989] firmadyne: devfs: 1, execute: 1, procfs: 1, syscall: 0
[    0.235268] ------------[ cut here ]------------
[    0.236185] WARNING: CPU: 0 PID: 1 at /home/vagrant/firmadyne-kernel/kernel-v4.1/fs/sysfs/dir.c:31 sysfs_warn_dup+0x50/0x6c()
[    0.238222] sysfs: cannot create duplicate filename '/class/gpio'
[    0.239334] Modules linked in:
[    0.240407] CPU: 0 PID: 1 Comm: swapper Not tainted 4.1.17+ #1
[    0.241495] Hardware name: Generic DT based system
[    0.242985] [<c001c99c>] (unwind_backtrace) from [<c0019d30>] (show_stack+0x10/0x14)
[    0.244524] [<c0019d30>] (show_stack) from [<c0024ab4>] (warn_slowpath_common+0x80/0xa8)
[    0.246004] [<c0024ab4>] (warn_slowpath_common) from [<c0024b08>] (warn_slowpath_fmt+0x2c/0x3c)
[    0.247620] [<c0024b08>] (warn_slowpath_fmt) from [<c00e363c>] (sysfs_warn_dup+0x50/0x6c)
[    0.249116] [<c00e363c>] (sysfs_warn_dup) from [<c00e3714>] (sysfs_create_dir_ns+0x74/0x84)
[    0.250906] [<c00e3714>] (sysfs_create_dir_ns) from [<c018e6ac>] (kobject_add_internal+0xb8/0x2ac)
[    0.251921] [<c018e6ac>] (kobject_add_internal) from [<c018e9a8>] (kset_register+0x1c/0x44)
[    0.252561] [<c018e9a8>] (kset_register) from [<c02090b4>] (__class_register+0xa8/0x198)
[    0.253355] [<c02090b4>] (__class_register) from [<c02091e4>] (__class_create+0x40/0x70)
[    0.254242] [<c02091e4>] (__class_create) from [<c01adf68>] (register_devfs_stubs+0x314/0xbb4)
[    0.254994] [<c01adf68>] (register_devfs_stubs) from [<c05d9b08>] (init_module+0x28/0xa4)
[    0.255909] [<c05d9b08>] (init_module) from [<c0009670>] (do_one_initcall+0x104/0x1b4)
[    0.256807] [<c0009670>] (do_one_initcall) from [<c05c7d08>] (kernel_init_freeable+0xf0/0x1b0)
[    0.257518] [<c05c7d08>] (kernel_init_freeable) from [<c040f28c>] (kernel_init+0x8/0xe4)
[    0.258335] [<c040f28c>] (kernel_init) from [<c0016da8>] (ret_from_fork+0x14/0x2c)
[    0.259173] ---[ end trace 3ead50473b26adcc ]---
[    0.260369] ------------[ cut here ]------------
[    0.261237] WARNING: CPU: 0 PID: 1 at /home/vagrant/firmadyne-kernel/kernel-v4.1/lib/kobject.c:240 kobject_add_internal+0x240/0x2ac()
[    0.262436] kobject_add_internal failed for gpio with -EEXIST, don't try to register things with the same name in the same directory.
[    0.263394] Modules linked in:
[    0.263650] CPU: 0 PID: 1 Comm: swapper Tainted: G        W       4.1.17+ #1
[    0.264551] Hardware name: Generic DT based system
[    0.265059] [<c001c99c>] (unwind_backtrace) from [<c0019d30>] (show_stack+0x10/0x14)
[    0.265787] [<c0019d30>] (show_stack) from [<c0024ab4>] (warn_slowpath_common+0x80/0xa8)
[    0.266656] [<c0024ab4>] (warn_slowpath_common) from [<c0024b08>] (warn_slowpath_fmt+0x2c/0x3c)
[    0.267415] [<c0024b08>] (warn_slowpath_fmt) from [<c018e834>] (kobject_add_internal+0x240/0x2ac)
[    0.268376] [<c018e834>] (kobject_add_internal) from [<c018e9a8>] (kset_register+0x1c/0x44)
[    0.269087] [<c018e9a8>] (kset_register) from [<c02090b4>] (__class_register+0xa8/0x198)
[    0.270417] [<c02090b4>] (__class_register) from [<c02091e4>] (__class_create+0x40/0x70)
[    0.271324] [<c02091e4>] (__class_create) from [<c01adf68>] (register_devfs_stubs+0x314/0xbb4)
[    0.272343] [<c01adf68>] (register_devfs_stubs) from [<c05d9b08>] (init_module+0x28/0xa4)
[    0.272978] [<c05d9b08>] (init_module) from [<c0009670>] (do_one_initcall+0x104/0x1b4)
[    0.274047] [<c0009670>] (do_one_initcall) from [<c05c7d08>] (kernel_init_freeable+0xf0/0x1b0)
[    0.274825] [<c05c7d08>] (kernel_init_freeable) from [<c040f28c>] (kernel_init+0x8/0xe4)
[    0.275559] [<c040f28c>] (kernel_init) from [<c0016da8>] (ret_from_fork+0x14/0x2c)
[    0.276373] ---[ end trace 3ead50473b26adcd ]---
[    0.277180] firmadyne: Cannot create device class: gpio!
[    0.279420] firmadyne: Cannot register character device: watchdog, 0xa, 0x82!
[    0.281181] firmadyne: Cannot register character device: wdt, 0xfd, 0x0!
[    0.379071] Non-volatile memory driver v1.3
[    0.399374] brd: module loaded
[    0.408356] loop: module loaded
[    0.417432]  vda: vda1
[    0.422206] [nandsim] warning: read_byte: unexpected data output cycle, state is STATE_READY return 0x0
[    0.424018] [nandsim] warning: read_byte: unexpected data output cycle, state is STATE_READY return 0x0
[    0.425739] [nandsim] warning: read_byte: unexpected data output cycle, state is STATE_READY return 0x0
[    0.427405] [nandsim] warning: read_byte: unexpected data output cycle, state is STATE_READY return 0x0
[    0.429104] [nandsim] warning: read_byte: unexpected data output cycle, state is STATE_READY return 0x0
[    0.431034] [nandsim] warning: read_byte: unexpected data output cycle, state is STATE_READY return 0x0
[    0.432312] nand: device found, Manufacturer ID: 0x98, Chip ID: 0x39
[    0.433519] nand: Toshiba NAND 128MiB 1,8V 8-bit
[    0.433858] nand: 128 MiB, SLC, erase size: 16 KiB, page size: 512, OOB size: 16
[    0.435377] flash size: 128 MiB
[    0.436012] page size: 512 bytes
[    0.436609] OOB area size: 16 bytes
[    0.437262] sector size: 16 KiB
[    0.437856] pages number: 262144
[    0.438437] pages per sector: 32
[    0.439059] bus width: 8
[    0.439332] bits in sector size: 14
[    0.439673] bits in page size: 9
[    0.440386] bits in OOB size: 4
[    0.440906] flash size with OOB: 135168 KiB
[    0.441276] page address bytes: 4
[    0.441709] sector address bytes: 3
[    0.442125] options: 0x42
[    0.447705] Scanning device for bad blocks
[    0.559956] Creating 11 MTD partitions on "NAND 128MiB 1,8V 8-bit":
[    0.561862] 0x000000000000-0x000000100000 : "NAND simulator partition 0"
[    0.566056] 0x000000100000-0x000000200000 : "NAND simulator partition 1"
[    0.568627] 0x000000200000-0x000000300000 : "NAND simulator partition 2"
[    0.571366] 0x000000300000-0x000000400000 : "NAND simulator partition 3"
[    0.573875] 0x000000400000-0x000000500000 : "NAND simulator partition 4"
[    0.576374] 0x000000500000-0x000000600000 : "NAND simulator partition 5"
[    0.578883] 0x000000600000-0x000000700000 : "NAND simulator partition 6"
[    0.581692] 0x000000700000-0x000000800000 : "NAND simulator partition 7"
[    0.584235] 0x000000800000-0x000000900000 : "NAND simulator partition 8"
[    0.586862] 0x000000900000-0x000000a00000 : "NAND simulator partition 9"
[    0.589736] 0x000000a00000-0x000008000000 : "NAND simulator partition 10"
[    0.595320] tun: Universal TUN/TAP device driver, 1.6
[    0.596331] tun: (C) 1999-2004 Max Krasnyansky <maxk@qualcomm.com>
[    0.613547] PPP generic driver version 2.4.2
[    0.615121] PPP BSD Compression module registered
[    0.616123] PPP Deflate Compression module registered
[    0.617192] PPP MPPE Compression module registered
[    0.618131] NET: Registered protocol family 24
[    0.619243] PPTP driver version 0.8.5
[    0.620796] usbcore: registered new interface driver usb-storage
[    0.623551] hidraw: raw HID events driver (C) Jiri Kosina
[    0.625026] usbcore: registered new interface driver usbhid
[    0.626084] usbhid: USB HID core driver
[    0.627238] Netfilter messages via NETLINK v0.30.
[    0.628676] nf_conntrack version 0.5.0 (3958 buckets, 15832 max)
[    0.631193] ctnetlink v0.93: registering with nfnetlink.
[    0.633506] ipip: IPv4 over IPv4 tunneling driver
[    0.636193] gre: GRE over IPv4 demultiplexor driver
[    0.637203] ip_gre: GRE over IPv4 tunneling driver
[    0.642426] ip_tables: (C) 2000-2006 Netfilter Core Team
[    0.644940] arp_tables: (C) 2002 David S. Miller
[    0.646837] Initializing XFRM netlink socket
[    0.648126] NET: Registered protocol family 10
[    0.655053] ip6_tables: (C) 2000-2006 Netfilter Core Team
[    0.657555] sit: IPv6 over IPv4 tunneling driver
[    0.662166] NET: Registered protocol family 17
[    0.663591] bridge: automatic filtering via arp/ip/ip6tables has been deprecated. Update your scripts to load br_netfilter if you need this.
[    0.666068] Bridge firewalling registered
[    0.666904] Ebtables v2.0 registered
[    0.668618] 8021q: 802.1Q VLAN Support v1.8
[    0.670308] Registering SWP/SWPB emulation handler
[    0.673128] hctosys: unable to open rtc device (rtc0)
[    0.690350] UDF-fs: warning (device vda1): udf_fill_super: No partition found (2)
[    0.707500] UDF-fs: warning (device vda1): udf_fill_super: No partition found (2)
[    0.709062] List of all partitions:
[    0.709998] 0100            8192 ram0  (driver?)
[    0.711234] 0101            8192 ram1  (driver?)
[    0.712118] 0102            8192 ram2  (driver?)
[    0.712954] 0103            8192 ram3  (driver?)
[    0.713823] 0104            8192 ram4  (driver?)
[    0.714678] 0105            8192 ram5  (driver?)
[    0.715536] 0106            8192 ram6  (driver?)
[    0.716429] 0107            8192 ram7  (driver?)
[    0.717292] 0108            8192 ram8  (driver?)
[    0.718144] 0109            8192 ram9  (driver?)
[    0.719007] 010a            8192 ram10  (driver?)
[    0.719883] 010b            8192 ram11  (driver?)
[    0.720802] 010c            8192 ram12  (driver?)
[    0.721338] 010d            8192 ram13  (driver?)
[    0.721837] 010e            8192 ram14  (driver?)
[    0.722255] 010f            8192 ram15  (driver?)
[    0.722882] fe00         1048576 vda  driver: virtio_blk
[    0.723422]   fe01         1047552 vda1 7370c114-01
[    0.724057] 1f00            1024 mtdblock0  (driver?)
[    0.724561] 1f01            1024 mtdblock1  (driver?)
[    0.725251] 1f02            1024 mtdblock2  (driver?)
[    0.725596] 1f03            1024 mtdblock3  (driver?)
[    0.726214] 1f04            1024 mtdblock4  (driver?)
[    0.726863] 1f05            1024 mtdblock5  (driver?)
[    0.727251] 1f06            1024 mtdblock6  (driver?)
[    0.727936] 1f07            1024 mtdblock7  (driver?)
[    0.728316] 1f08            1024 mtdblock8  (driver?)
[    0.728896] 1f09            1024 mtdblock9  (driver?)
[    0.729320] 1f0a          120832 mtdblock10  (driver?)
[    0.729969] No filesystem could mount root, tried:  ext3 ext2 ext4 cramfs squashfs vfat iso9660 romfs udf
[    0.731902] Kernel panic - not syncing: VFS: Unable to mount root fs on unknown-block(254,1)
[    0.732813] CPU: 0 PID: 1 Comm: swapper Tainted: G        W       4.1.17+ #1
[    0.733808] Hardware name: Generic DT based system
[    0.734348] [<c001c99c>] (unwind_backtrace) from [<c0019d30>] (show_stack+0x10/0x14)
[    0.735155] [<c0019d30>] (show_stack) from [<c0410b78>] (panic+0x70/0x1c8)
[    0.735972] [<c0410b78>] (panic) from [<c05c81bc>] (mount_block_root+0x268/0x2ac)
[    0.736699] [<c05c81bc>] (mount_block_root) from [<c05c84a4>] (prepare_namespace+0x158/0x1ac)
[    0.737763] [<c05c84a4>] (prepare_namespace) from [<c05c7d84>] (kernel_init_freeable+0x16c/0x1b0)
[    0.738670] [<c05c7d84>] (kernel_init_freeable) from [<c040f28c>] (kernel_init+0x8/0xe4)
[    0.739432] [<c040f28c>] (kernel_init) from [<c0016da8>] (ret_from_fork+0x14/0x2c)
[    0.740456] ---[ end Kernel panic - not syncing: VFS: Unable to mount root fs on unknown-block(254,1)
