[    0.000000] Booting Linux on physical CPU 0x0
[    0.000000] Linux version 4.1.17+ (vagrant@vagrant-ubuntu-trusty-64) (gcc version 5.3.0 (GCC) ) #1 Thu Feb 18 01:05:21 UTC 2016
[    0.000000] CPU: ARMv7 Processor [412fc0f1] revision 1 (ARMv7), cr=10c5387d
[    0.000000] CPU: PIPT / VIPT nonaliasing data cache, PIPT instruction cache
[    0.000000] Machine model: linux,dummy-virt
[    0.000000] debug: ignoring loglevel setting.
[    0.000000] Memory policy: Data cache writeback
[    0.000000] On node 0 totalpages: 65536
[    0.000000] free_area_init_node: node 0, pgdat c061dfe8, node_mem_map cfdf9000
[    0.000000]   Normal zone: 512 pages used for memmap
[    0.000000]   Normal zone: 0 pages reserved
[    0.000000]   Normal zone: 65536 pages, LIFO batch:15
[    0.000000] CPU: All CPU(s) started in SVC mode.
[    0.000000] pcpu-alloc: s0 r0 d32768 u32768 alloc=1*32768
[    0.000000] pcpu-alloc: [0] 0 
[    0.000000] Built 1 zonelists in Zone order, mobility grouping on.  Total pages: 65024
[    0.000000] Kernel command line: firmadyne.syscall=1 root=/dev/vda1 console=ttyS0 nandsim.parts=64,64,64,64,64,64,64,64,64,64 rdinit=/firmadyne/preInit.sh rw debug ignore_loglevel print-fatal-signals=1 user_debug=31
[    0.000000] PID hash table entries: 1024 (order: 0, 4096 bytes)
[    0.000000] Dentry cache hash table entries: 32768 (order: 5, 131072 bytes)
[    0.000000] Inode-cache hash table entries: 16384 (order: 4, 65536 bytes)
[    0.000000] Memory: 253344K/262144K available (4297K kernel code, 170K rwdata, 1584K rodata, 180K init, 148K bss, 8800K reserved, 0K cma-reserved)
[    0.000000] Virtual kernel memory layout:
[    0.000000]     vector  : 0xffff0000 - 0xffff1000   (   4 kB)
[    0.000000]     fixmap  : 0xffc00000 - 0xfff00000   (3072 kB)
[    0.000000]     vmalloc : 0xd0800000 - 0xff000000   ( 744 MB)
[    0.000000]     lowmem  : 0xc0000000 - 0xd0000000   ( 256 MB)
[    0.000000]     modules : 0xbf000000 - 0xc0000000   (  16 MB)
[    0.000000]       .text : 0xc0008000 - 0xc05c67bc   (5882 kB)
[    0.000000]       .init : 0xc05c7000 - 0xc05f4000   ( 180 kB)
[    0.000000]       .data : 0xc05f4000 - 0xc061e840   ( 171 kB)
[    0.000000]        .bss : 0xc0621000 - 0xc06462d4   ( 149 kB)
[    0.000000] NR_IRQS:16 nr_irqs:16 16
[    0.000000] Architected cp15 timer(s) running at 62.50MHz (virt).
[    0.000000] clocksource arch_sys_counter: mask: 0xffffffffffffff max_cycles: 0x1cd42e208c, max_idle_ns: 881590405314 ns
[    0.000128] sched_clock: 56 bits at 62MHz, resolution 16ns, wraps every 4398046511096ns
[    0.000230] Switching to timer-based delay loop, resolution 16ns
[    0.002793] Console: colour dummy device 80x30
[    0.003063] Calibrating delay loop (skipped), value calculated using timer frequency.. 125.00 BogoMIPS (lpj=625000)
[    0.003165] pid_max: default: 32768 minimum: 301
[    0.003921] Mount-cache hash table entries: 1024 (order: 0, 4096 bytes)
[    0.003951] Mountpoint-cache hash table entries: 1024 (order: 0, 4096 bytes)
[    0.011694] CPU: Testing write buffer coherency: ok
[    0.016774] Setting up static identity map for 0x40008240 - 0x40008298
[    0.029378] VFP support v0.3: implementor 41 architecture 4 part 30 variant f rev 0
[    0.039536] clocksource jiffies: mask: 0xffffffff max_cycles: 0xffffffff, max_idle_ns: 19112604462750000 ns
[    0.047172] NET: Registered protocol family 16
[    0.049728] DMA: preallocated 256 KiB pool for atomic coherent allocations
[    0.052989] cpuidle: using governor ladder
[    0.053114] cpuidle: using governor menu
[    0.056264] genirq: Setting trigger mode 1 for irq 20 failed (gic_set_type+0x0/0x48)
[    0.057745] genirq: Setting trigger mode 1 for irq 21 failed (gic_set_type+0x0/0x48)
[    0.058005] genirq: Setting trigger mode 1 for irq 22 failed (gic_set_type+0x0/0x48)
[    0.058262] genirq: Setting trigger mode 1 for irq 23 failed (gic_set_type+0x0/0x48)
[    0.058542] genirq: Setting trigger mode 1 for irq 24 failed (gic_set_type+0x0/0x48)
[    0.058822] genirq: Setting trigger mode 1 for irq 25 failed (gic_set_type+0x0/0x48)
[    0.059060] genirq: Setting trigger mode 1 for irq 26 failed (gic_set_type+0x0/0x48)
[    0.059298] genirq: Setting trigger mode 1 for irq 27 failed (gic_set_type+0x0/0x48)
[    0.059652] genirq: Setting trigger mode 1 for irq 28 failed (gic_set_type+0x0/0x48)
[    0.059901] genirq: Setting trigger mode 1 for irq 29 failed (gic_set_type+0x0/0x48)
[    0.060133] genirq: Setting trigger mode 1 for irq 30 failed (gic_set_type+0x0/0x48)
[    0.060393] genirq: Setting trigger mode 1 for irq 31 failed (gic_set_type+0x0/0x48)
[    0.060630] genirq: Setting trigger mode 1 for irq 32 failed (gic_set_type+0x0/0x48)
[    0.060898] genirq: Setting trigger mode 1 for irq 33 failed (gic_set_type+0x0/0x48)
[    0.061128] genirq: Setting trigger mode 1 for irq 34 failed (gic_set_type+0x0/0x48)
[    0.061363] genirq: Setting trigger mode 1 for irq 35 failed (gic_set_type+0x0/0x48)
[    0.061607] genirq: Setting trigger mode 1 for irq 36 failed (gic_set_type+0x0/0x48)
[    0.061846] genirq: Setting trigger mode 1 for irq 37 failed (gic_set_type+0x0/0x48)
[    0.062124] genirq: Setting trigger mode 1 for irq 38 failed (gic_set_type+0x0/0x48)
[    0.062379] genirq: Setting trigger mode 1 for irq 39 failed (gic_set_type+0x0/0x48)
[    0.062623] genirq: Setting trigger mode 1 for irq 40 failed (gic_set_type+0x0/0x48)
[    0.062904] genirq: Setting trigger mode 1 for irq 41 failed (gic_set_type+0x0/0x48)
[    0.063156] genirq: Setting trigger mode 1 for irq 42 failed (gic_set_type+0x0/0x48)
[    0.063521] genirq: Setting trigger mode 1 for irq 43 failed (gic_set_type+0x0/0x48)
[    0.063912] genirq: Setting trigger mode 1 for irq 44 failed (gic_set_type+0x0/0x48)
[    0.064181] genirq: Setting trigger mode 1 for irq 45 failed (gic_set_type+0x0/0x48)
[    0.064441] genirq: Setting trigger mode 1 for irq 46 failed (gic_set_type+0x0/0x48)
[    0.064755] genirq: Setting trigger mode 1 for irq 47 failed (gic_set_type+0x0/0x48)
[    0.065015] genirq: Setting trigger mode 1 for irq 48 failed (gic_set_type+0x0/0x48)
[    0.065258] genirq: Setting trigger mode 1 for irq 49 failed (gic_set_type+0x0/0x48)
[    0.065511] genirq: Setting trigger mode 1 for irq 50 failed (gic_set_type+0x0/0x48)
[    0.065752] genirq: Setting trigger mode 1 for irq 51 failed (gic_set_type+0x0/0x48)
[    0.066166] genirq: Setting trigger mode 1 for irq 52 failed (gic_set_type+0x0/0x48)
[    0.069270] Serial: AMBA PL011 UART driver
[    0.070985] 9000000.pl011: ttyS0 at MMIO 0x9000000 (irq = 52, base_baud = 0) is a PL011 rev1
[    0.092198] console [ttyS0] enabled
[    0.111893] vgaarb: loaded
[    0.113168] SCSI subsystem initialized
[    0.114037] usbcore: registered new interface driver usbfs
[    0.114414] usbcore: registered new interface driver hub
[    0.114779] usbcore: registered new device driver usb
[    0.122489] cfg80211: Calling CRDA to update world regulatory domain
[    0.124541] Switched to clocksource arch_sys_counter
[    0.139150] NET: Registered protocol family 2
[    0.143261] TCP established hash table entries: 2048 (order: 1, 8192 bytes)
[    0.143617] TCP bind hash table entries: 2048 (order: 1, 8192 bytes)
[    0.143990] TCP: Hash tables configured (established 2048 bind 2048)
[    0.144880] UDP hash table entries: 256 (order: 0, 4096 bytes)
[    0.145190] UDP-Lite hash table entries: 256 (order: 0, 4096 bytes)
[    0.146461] NET: Registered protocol family 1
[    0.146924] PCI: CLS 0 bytes, default 64
[    0.152941] NetWinder Floating Point Emulator V0.97 (extended precision)
[    0.155434] futex hash table entries: 256 (order: -1, 3072 bytes)
[    0.160049] squashfs: version 4.0 (2009/01/31) Phillip Lougher
[    0.161039] jffs2: version 2.2. (NAND) Â© 2001-2006 Red Hat, Inc.
[    0.161797] romfs: ROMFS MTD (C) 2007 Red Hat, Inc.
[    0.169345] Block layer SCSI generic (bsg) driver version 0.4 loaded (major 253)
[    0.169720] io scheduler noop registered
[    0.169972] io scheduler cfq registered (default)
[    0.170629] firmadyne: devfs: 1, execute: 1, procfs: 1, syscall: 1
[    0.171801] ------------[ cut here ]------------
[    0.172008] WARNING: CPU: 0 PID: 1 at /home/vagrant/firmadyne-kernel/kernel-v4.1/fs/sysfs/dir.c:31 sysfs_warn_dup+0x50/0x6c()
[    0.172415] sysfs: cannot create duplicate filename '/class/gpio'
[    0.172676] Modules linked in:
[    0.172989] CPU: 0 PID: 1 Comm: swapper Not tainted 4.1.17+ #1
[    0.173214] Hardware name: Generic DT based system
[    0.173886] [<c001c99c>] (unwind_backtrace) from [<c0019d30>] (show_stack+0x10/0x14)
[    0.174353] [<c0019d30>] (show_stack) from [<c0024ab4>] (warn_slowpath_common+0x80/0xa8)
[    0.174828] [<c0024ab4>] (warn_slowpath_common) from [<c0024b08>] (warn_slowpath_fmt+0x2c/0x3c)
[    0.175205] [<c0024b08>] (warn_slowpath_fmt) from [<c00e363c>] (sysfs_warn_dup+0x50/0x6c)
[    0.175503] [<c00e363c>] (sysfs_warn_dup) from [<c00e3714>] (sysfs_create_dir_ns+0x74/0x84)
[    0.175806] [<c00e3714>] (sysfs_create_dir_ns) from [<c018e6ac>] (kobject_add_internal+0xb8/0x2ac)
[    0.176138] [<c018e6ac>] (kobject_add_internal) from [<c018e9a8>] (kset_register+0x1c/0x44)
[    0.176441] [<c018e9a8>] (kset_register) from [<c02090b4>] (__class_register+0xa8/0x198)
[    0.176756] [<c02090b4>] (__class_register) from [<c02091e4>] (__class_create+0x40/0x70)
[    0.177053] [<c02091e4>] (__class_create) from [<c01adf68>] (register_devfs_stubs+0x314/0xbb4)
[    0.177373] [<c01adf68>] (register_devfs_stubs) from [<c05d9b08>] (init_module+0x28/0xa4)
[    0.177697] [<c05d9b08>] (init_module) from [<c0009670>] (do_one_initcall+0x104/0x1b4)
[    0.177991] [<c0009670>] (do_one_initcall) from [<c05c7d08>] (kernel_init_freeable+0xf0/0x1b0)
[    0.178311] [<c05c7d08>] (kernel_init_freeable) from [<c040f28c>] (kernel_init+0x8/0xe4)
[    0.178604] [<c040f28c>] (kernel_init) from [<c0016da8>] (ret_from_fork+0x14/0x2c)
[    0.178954] ---[ end trace 51be2c30b5bcce93 ]---
[    0.179212] ------------[ cut here ]------------
[    0.179395] WARNING: CPU: 0 PID: 1 at /home/vagrant/firmadyne-kernel/kernel-v4.1/lib/kobject.c:240 kobject_add_internal+0x240/0x2ac()
[    0.179804] kobject_add_internal failed for gpio with -EEXIST, don't try to register things with the same name in the same directory.
[    0.180215] Modules linked in:
[    0.180400] CPU: 0 PID: 1 Comm: swapper Tainted: G        W       4.1.17+ #1
[    0.180655] Hardware name: Generic DT based system
[    0.180853] [<c001c99c>] (unwind_backtrace) from [<c0019d30>] (show_stack+0x10/0x14)
[    0.181143] [<c0019d30>] (show_stack) from [<c0024ab4>] (warn_slowpath_common+0x80/0xa8)
[    0.181447] [<c0024ab4>] (warn_slowpath_common) from [<c0024b08>] (warn_slowpath_fmt+0x2c/0x3c)
[    0.181766] [<c0024b08>] (warn_slowpath_fmt) from [<c018e834>] (kobject_add_internal+0x240/0x2ac)
[    0.182085] [<c018e834>] (kobject_add_internal) from [<c018e9a8>] (kset_register+0x1c/0x44)
[    0.182392] [<c018e9a8>] (kset_register) from [<c02090b4>] (__class_register+0xa8/0x198)
[    0.182697] [<c02090b4>] (__class_register) from [<c02091e4>] (__class_create+0x40/0x70)
[    0.182994] [<c02091e4>] (__class_create) from [<c01adf68>] (register_devfs_stubs+0x314/0xbb4)
[    0.183314] [<c01adf68>] (register_devfs_stubs) from [<c05d9b08>] (init_module+0x28/0xa4)
[    0.183611] [<c05d9b08>] (init_module) from [<c0009670>] (do_one_initcall+0x104/0x1b4)
[    0.183901] [<c0009670>] (do_one_initcall) from [<c05c7d08>] (kernel_init_freeable+0xf0/0x1b0)
[    0.184222] [<c05c7d08>] (kernel_init_freeable) from [<c040f28c>] (kernel_init+0x8/0xe4)
[    0.184732] [<c040f28c>] (kernel_init) from [<c0016da8>] (ret_from_fork+0x14/0x2c)
[    0.185020] ---[ end trace 51be2c30b5bcce94 ]---
[    0.185252] firmadyne: Cannot create device class: gpio!
[    0.186678] firmadyne: Cannot register character device: watchdog, 0xa, 0x82!
[    0.186956] firmadyne: Cannot register character device: wdt, 0xfd, 0x0!
[    0.282630] Non-volatile memory driver v1.3
[    0.303950] brd: module loaded
[    0.312472] loop: module loaded
[    0.320871]  vda: vda1
[    0.327201] [nandsim] warning: read_byte: unexpected data output cycle, state is STATE_READY return 0x0
[    0.327573] [nandsim] warning: read_byte: unexpected data output cycle, state is STATE_READY return 0x0
[    0.327896] [nandsim] warning: read_byte: unexpected data output cycle, state is STATE_READY return 0x0
[    0.328225] [nandsim] warning: read_byte: unexpected data output cycle, state is STATE_READY return 0x0
[    0.328546] [nandsim] warning: read_byte: unexpected data output cycle, state is STATE_READY return 0x0
[    0.328884] [nandsim] warning: read_byte: unexpected data output cycle, state is STATE_READY return 0x0
[    0.329437] nand: device found, Manufacturer ID: 0x98, Chip ID: 0x39
[    0.329680] nand: Toshiba NAND 128MiB 1,8V 8-bit
[    0.329870] nand: 128 MiB, SLC, erase size: 16 KiB, page size: 512, OOB size: 16
[    0.330786] flash size: 128 MiB
[    0.330913] page size: 512 bytes
[    0.331038] OOB area size: 16 bytes
[    0.331178] sector size: 16 KiB
[    0.331299] pages number: 262144
[    0.331419] pages per sector: 32
[    0.331541] bus width: 8
[    0.331640] bits in sector size: 14
[    0.331770] bits in page size: 9
[    0.331894] bits in OOB size: 4
[    0.332018] flash size with OOB: 135168 KiB
[    0.332187] page address bytes: 4
[    0.332312] sector address bytes: 3
[    0.332442] options: 0x42
[    0.338361] Scanning device for bad blocks
[    0.466261] Creating 11 MTD partitions on "NAND 128MiB 1,8V 8-bit":
[    0.466780] 0x000000000000-0x000000100000 : "NAND simulator partition 0"
[    0.469798] 0x000000100000-0x000000200000 : "NAND simulator partition 1"
[    0.471160] 0x000000200000-0x000000300000 : "NAND simulator partition 2"
[    0.472456] 0x000000300000-0x000000400000 : "NAND simulator partition 3"
[    0.473782] 0x000000400000-0x000000500000 : "NAND simulator partition 4"
[    0.475318] 0x000000500000-0x000000600000 : "NAND simulator partition 5"
[    0.476675] 0x000000600000-0x000000700000 : "NAND simulator partition 6"
[    0.478006] 0x000000700000-0x000000800000 : "NAND simulator partition 7"
[    0.479440] 0x000000800000-0x000000900000 : "NAND simulator partition 8"
[    0.480913] 0x000000900000-0x000000a00000 : "NAND simulator partition 9"
[    0.482244] 0x000000a00000-0x000008000000 : "NAND simulator partition 10"
[    0.486743] tun: Universal TUN/TAP device driver, 1.6
[    0.486942] tun: (C) 1999-2004 Max Krasnyansky <maxk@qualcomm.com>
[    0.508169] PPP generic driver version 2.4.2
[    0.508893] PPP BSD Compression module registered
[    0.509115] PPP Deflate Compression module registered
[    0.509402] PPP MPPE Compression module registered
[    0.509614] NET: Registered protocol family 24
[    0.509954] PPTP driver version 0.8.5
[    0.510683] usbcore: registered new interface driver usb-storage
[    0.512246] hidraw: raw HID events driver (C) Jiri Kosina
[    0.512793] usbcore: registered new interface driver usbhid
[    0.513007] usbhid: USB HID core driver
[    0.513474] Netfilter messages via NETLINK v0.30.
[    0.514079] nf_conntrack version 0.5.0 (3958 buckets, 15832 max)
[    0.515626] ctnetlink v0.93: registering with nfnetlink.
[    0.516975] ipip: IPv4 over IPv4 tunneling driver
[    0.518823] gre: GRE over IPv4 demultiplexor driver
[    0.519047] ip_gre: GRE over IPv4 tunneling driver
[    0.523204] ip_tables: (C) 2000-2006 Netfilter Core Team
[    0.524983] arp_tables: (C) 2002 David S. Miller
[    0.526028] Initializing XFRM netlink socket
[    0.526528] NET: Registered protocol family 10
[    0.532424] ip6_tables: (C) 2000-2006 Netfilter Core Team
[    0.533948] sit: IPv6 over IPv4 tunneling driver
[    0.537533] NET: Registered protocol family 17
[    0.538126] bridge: automatic filtering via arp/ip/ip6tables has been deprecated. Update your scripts to load br_netfilter if you need this.
[    0.538639] Bridge firewalling registered
[    0.538847] Ebtables v2.0 registered
[    0.539874] 8021q: 802.1Q VLAN Support v1.8
[    0.540480] Registering SWP/SWPB emulation handler
[    0.542431] hctosys: unable to open rtc device (rtc0)
[    0.558022] UDF-fs: warning (device vda1): udf_fill_super: No partition found (2)
[    0.573742] UDF-fs: warning (device vda1): udf_fill_super: No partition found (2)
[    0.574097] List of all partitions:
[    0.574566] 0100            8192 ram0  (driver?)
[    0.574799] 0101            8192 ram1  (driver?)
[    0.574979] 0102            8192 ram2  (driver?)
[    0.575154] 0103            8192 ram3  (driver?)
[    0.575329] 0104            8192 ram4  (driver?)
[    0.575504] 0105            8192 ram5  (driver?)
[    0.575687] 0106            8192 ram6  (driver?)
[    0.575862] 0107            8192 ram7  (driver?)
[    0.576037] 0108            8192 ram8  (driver?)
[    0.576212] 0109            8192 ram9  (driver?)
[    0.576387] 010a            8192 ram10  (driver?)
[    0.576573] 010b            8192 ram11  (driver?)
[    0.576770] 010c            8192 ram12  (driver?)
[    0.576949] 010d            8192 ram13  (driver?)
[    0.577127] 010e            8192 ram14  (driver?)
[    0.577306] 010f            8192 ram15  (driver?)
[    0.577491] fe00         1048576 vda  driver: virtio_blk
[    0.577718]   fe01         1047552 vda1 7370c114-01
[    0.577908] 1f00            1024 mtdblock0  (driver?)
[    0.578100] 1f01            1024 mtdblock1  (driver?)
[    0.578291] 1f02            1024 mtdblock2  (driver?)
[    0.578481] 1f03            1024 mtdblock3  (driver?)
[    0.578691] 1f04            1024 mtdblock4  (driver?)
[    0.578883] 1f05            1024 mtdblock5  (driver?)
[    0.579073] 1f06            1024 mtdblock6  (driver?)
[    0.579264] 1f07            1024 mtdblock7  (driver?)
[    0.579454] 1f08            1024 mtdblock8  (driver?)
[    0.579652] 1f09            1024 mtdblock9  (driver?)
[    0.579843] 1f0a          120832 mtdblock10  (driver?)
[    0.580049] No filesystem could mount root, tried:  ext3 ext2 ext4 cramfs squashfs vfat iso9660 romfs udf
[    0.580583] Kernel panic - not syncing: VFS: Unable to mount root fs on unknown-block(254,1)
[    0.580939] CPU: 0 PID: 1 Comm: swapper Tainted: G        W       4.1.17+ #1
[    0.581185] Hardware name: Generic DT based system
[    0.581404] [<c001c99c>] (unwind_backtrace) from [<c0019d30>] (show_stack+0x10/0x14)
[    0.581701] [<c0019d30>] (show_stack) from [<c0410b78>] (panic+0x70/0x1c8)
[    0.581964] [<c0410b78>] (panic) from [<c05c81bc>] (mount_block_root+0x268/0x2ac)
[    0.582241] [<c05c81bc>] (mount_block_root) from [<c05c84a4>] (prepare_namespace+0x158/0x1ac)
[    0.582549] [<c05c84a4>] (prepare_namespace) from [<c05c7d84>] (kernel_init_freeable+0x16c/0x1b0)
[    0.582881] [<c05c7d84>] (kernel_init_freeable) from [<c040f28c>] (kernel_init+0x8/0xe4)
[    0.583170] [<c040f28c>] (kernel_init) from [<c0016da8>] (ret_from_fork+0x14/0x2c)
[    0.583620] ---[ end Kernel panic - not syncing: VFS: Unable to mount root fs on unknown-block(254,1)
