[    0.000000] Booting Linux on physical CPU 0x0
[    0.000000] Linux version 4.1.17+ (vagrant@vagrant-ubuntu-trusty-64) (gcc version 5.3.0 (GCC) ) #1 Thu Feb 18 01:05:21 UTC 2016
[    0.000000] CPU: ARMv7 Processor [412fc0f1] revision 1 (ARMv7), cr=10c5387d
[    0.000000] CPU: PIPT / VIPT nonaliasing data cache, PIPT instruction cache
[    0.000000] Machine model: linux,dummy-virt
[    0.000000] debug: ignoring loglevel setting.
[    0.000000] Memory policy: Data cache writeback
[    0.000000] On node 0 totalpages: 65536
[    0.000000] free_area_init_node: node 0, pgdat c061dfe8, node_mem_map cfdf9000
[    0.000000]   Normal zone: 512 pages used for memmap
[    0.000000]   Normal zone: 0 pages reserved
[    0.000000]   Normal zone: 65536 pages, LIFO batch:15
[    0.000000] CPU: All CPU(s) started in SVC mode.
[    0.000000] pcpu-alloc: s0 r0 d32768 u32768 alloc=1*32768
[    0.000000] pcpu-alloc: [0] 0 
[    0.000000] Built 1 zonelists in Zone order, mobility grouping on.  Total pages: 65024
[    0.000000] Kernel command line: firmadyne.syscall=1 root=/dev/vda1 console=ttyS0 nandsim.parts=64,64,64,64,64,64,64,64,64,64 rdinit=/firmadyne/preInit.sh rw debug ignore_loglevel print-fatal-signals=1 user_debug=31
[    0.000000] PID hash table entries: 1024 (order: 0, 4096 bytes)
[    0.000000] Dentry cache hash table entries: 32768 (order: 5, 131072 bytes)
[    0.000000] Inode-cache hash table entries: 16384 (order: 4, 65536 bytes)
[    0.000000] Memory: 253344K/262144K available (4297K kernel code, 170K rwdata, 1584K rodata, 180K init, 148K bss, 8800K reserved, 0K cma-reserved)
[    0.000000] Virtual kernel memory layout:
[    0.000000]     vector  : 0xffff0000 - 0xffff1000   (   4 kB)
[    0.000000]     fixmap  : 0xffc00000 - 0xfff00000   (3072 kB)
[    0.000000]     vmalloc : 0xd0800000 - 0xff000000   ( 744 MB)
[    0.000000]     lowmem  : 0xc0000000 - 0xd0000000   ( 256 MB)
[    0.000000]     modules : 0xbf000000 - 0xc0000000   (  16 MB)
[    0.000000]       .text : 0xc0008000 - 0xc05c67bc   (5882 kB)
[    0.000000]       .init : 0xc05c7000 - 0xc05f4000   ( 180 kB)
[    0.000000]       .data : 0xc05f4000 - 0xc061e840   ( 171 kB)
[    0.000000]        .bss : 0xc0621000 - 0xc06462d4   ( 149 kB)
[    0.000000] NR_IRQS:16 nr_irqs:16 16
[    0.000000] Architected cp15 timer(s) running at 62.50MHz (virt).
[    0.000000] clocksource arch_sys_counter: mask: 0xffffffffffffff max_cycles: 0x1cd42e208c, max_idle_ns: 881590405314 ns
[    0.000111] sched_clock: 56 bits at 62MHz, resolution 16ns, wraps every 4398046511096ns
[    0.000198] Switching to timer-based delay loop, resolution 16ns
[    0.002329] Console: colour dummy device 80x30
[    0.002551] Calibrating delay loop (skipped), value calculated using timer frequency.. 125.00 BogoMIPS (lpj=625000)
[    0.002637] pid_max: default: 32768 minimum: 301
[    0.003261] Mount-cache hash table entries: 1024 (order: 0, 4096 bytes)
[    0.003286] Mountpoint-cache hash table entries: 1024 (order: 0, 4096 bytes)
[    0.008054] CPU: Testing write buffer coherency: ok
[    0.013879] Setting up static identity map for 0x40008240 - 0x40008298
[    0.024008] VFP support v0.3: implementor 41 architecture 4 part 30 variant f rev 0
[    0.033157] clocksource jiffies: mask: 0xffffffff max_cycles: 0xffffffff, max_idle_ns: 19112604462750000 ns
[    0.039364] NET: Registered protocol family 16
[    0.041722] DMA: preallocated 256 KiB pool for atomic coherent allocations
[    0.044811] cpuidle: using governor ladder
[    0.044933] cpuidle: using governor menu
[    0.047669] genirq: Setting trigger mode 1 for irq 20 failed (gic_set_type+0x0/0x48)
[    0.049045] genirq: Setting trigger mode 1 for irq 21 failed (gic_set_type+0x0/0x48)
[    0.049264] genirq: Setting trigger mode 1 for irq 22 failed (gic_set_type+0x0/0x48)
[    0.049483] genirq: Setting trigger mode 1 for irq 23 failed (gic_set_type+0x0/0x48)
[    0.049706] genirq: Setting trigger mode 1 for irq 24 failed (gic_set_type+0x0/0x48)
[    0.049917] genirq: Setting trigger mode 1 for irq 25 failed (gic_set_type+0x0/0x48)
[    0.050138] genirq: Setting trigger mode 1 for irq 26 failed (gic_set_type+0x0/0x48)
[    0.050345] genirq: Setting trigger mode 1 for irq 27 failed (gic_set_type+0x0/0x48)
[    0.050632] genirq: Setting trigger mode 1 for irq 28 failed (gic_set_type+0x0/0x48)
[    0.050845] genirq: Setting trigger mode 1 for irq 29 failed (gic_set_type+0x0/0x48)
[    0.051045] genirq: Setting trigger mode 1 for irq 30 failed (gic_set_type+0x0/0x48)
[    0.051256] genirq: Setting trigger mode 1 for irq 31 failed (gic_set_type+0x0/0x48)
[    0.051454] genirq: Setting trigger mode 1 for irq 32 failed (gic_set_type+0x0/0x48)
[    0.051678] genirq: Setting trigger mode 1 for irq 33 failed (gic_set_type+0x0/0x48)
[    0.051917] genirq: Setting trigger mode 1 for irq 34 failed (gic_set_type+0x0/0x48)
[    0.052145] genirq: Setting trigger mode 1 for irq 35 failed (gic_set_type+0x0/0x48)
[    0.052380] genirq: Setting trigger mode 1 for irq 36 failed (gic_set_type+0x0/0x48)
[    0.052862] genirq: Setting trigger mode 1 for irq 37 failed (gic_set_type+0x0/0x48)
[    0.053117] genirq: Setting trigger mode 1 for irq 38 failed (gic_set_type+0x0/0x48)
[    0.053332] genirq: Setting trigger mode 1 for irq 39 failed (gic_set_type+0x0/0x48)
[    0.053535] genirq: Setting trigger mode 1 for irq 40 failed (gic_set_type+0x0/0x48)
[    0.053744] genirq: Setting trigger mode 1 for irq 41 failed (gic_set_type+0x0/0x48)
[    0.053959] genirq: Setting trigger mode 1 for irq 42 failed (gic_set_type+0x0/0x48)
[    0.054194] genirq: Setting trigger mode 1 for irq 43 failed (gic_set_type+0x0/0x48)
[    0.054415] genirq: Setting trigger mode 1 for irq 44 failed (gic_set_type+0x0/0x48)
[    0.054636] genirq: Setting trigger mode 1 for irq 45 failed (gic_set_type+0x0/0x48)
[    0.054843] genirq: Setting trigger mode 1 for irq 46 failed (gic_set_type+0x0/0x48)
[    0.055085] genirq: Setting trigger mode 1 for irq 47 failed (gic_set_type+0x0/0x48)
[    0.055301] genirq: Setting trigger mode 1 for irq 48 failed (gic_set_type+0x0/0x48)
[    0.055508] genirq: Setting trigger mode 1 for irq 49 failed (gic_set_type+0x0/0x48)
[    0.055711] genirq: Setting trigger mode 1 for irq 50 failed (gic_set_type+0x0/0x48)
[    0.055926] genirq: Setting trigger mode 1 for irq 51 failed (gic_set_type+0x0/0x48)
[    0.056275] genirq: Setting trigger mode 1 for irq 52 failed (gic_set_type+0x0/0x48)
[    0.058821] Serial: AMBA PL011 UART driver
[    0.060234] 9000000.pl011: ttyS0 at MMIO 0x9000000 (irq = 52, base_baud = 0) is a PL011 rev1
[    0.078167] console [ttyS0] enabled
[    0.094395] vgaarb: loaded
[    0.095554] SCSI subsystem initialized
[    0.096290] usbcore: registered new interface driver usbfs
[    0.096596] usbcore: registered new interface driver hub
[    0.096888] usbcore: registered new device driver usb
[    0.102999] cfg80211: Calling CRDA to update world regulatory domain
[    0.104879] Switched to clocksource arch_sys_counter
[    0.117115] NET: Registered protocol family 2
[    0.121027] TCP established hash table entries: 2048 (order: 1, 8192 bytes)
[    0.121315] TCP bind hash table entries: 2048 (order: 1, 8192 bytes)
[    0.121629] TCP: Hash tables configured (established 2048 bind 2048)
[    0.122084] UDP hash table entries: 256 (order: 0, 4096 bytes)
[    0.122345] UDP-Lite hash table entries: 256 (order: 0, 4096 bytes)
[    0.123383] NET: Registered protocol family 1
[    0.123741] PCI: CLS 0 bytes, default 64
[    0.129456] NetWinder Floating Point Emulator V0.97 (extended precision)
[    0.131304] futex hash table entries: 256 (order: -1, 3072 bytes)
[    0.135459] squashfs: version 4.0 (2009/01/31) Phillip Lougher
[    0.136574] jffs2: version 2.2. (NAND) Â© 2001-2006 Red Hat, Inc.
[    0.137216] romfs: ROMFS MTD (C) 2007 Red Hat, Inc.
[    0.143183] Block layer SCSI generic (bsg) driver version 0.4 loaded (major 253)
[    0.143501] io scheduler noop registered
[    0.143714] io scheduler cfq registered (default)
[    0.144258] firmadyne: devfs: 1, execute: 1, procfs: 1, syscall: 1
[    0.145549] ------------[ cut here ]------------
[    0.145752] WARNING: CPU: 0 PID: 1 at /home/vagrant/firmadyne-kernel/kernel-v4.1/fs/sysfs/dir.c:31 sysfs_warn_dup+0x50/0x6c()
[    0.146157] sysfs: cannot create duplicate filename '/class/gpio'
[    0.146362] Modules linked in:
[    0.146624] CPU: 0 PID: 1 Comm: swapper Not tainted 4.1.17+ #1
[    0.146808] Hardware name: Generic DT based system
[    0.147370] [<c001c99c>] (unwind_backtrace) from [<c0019d30>] (show_stack+0x10/0x14)
[    0.147717] [<c0019d30>] (show_stack) from [<c0024ab4>] (warn_slowpath_common+0x80/0xa8)
[    0.148036] [<c0024ab4>] (warn_slowpath_common) from [<c0024b08>] (warn_slowpath_fmt+0x2c/0x3c)
[    0.148388] [<c0024b08>] (warn_slowpath_fmt) from [<c00e363c>] (sysfs_warn_dup+0x50/0x6c)
[    0.148680] [<c00e363c>] (sysfs_warn_dup) from [<c00e3714>] (sysfs_create_dir_ns+0x74/0x84)
[    0.148979] [<c00e3714>] (sysfs_create_dir_ns) from [<c018e6ac>] (kobject_add_internal+0xb8/0x2ac)
[    0.149302] [<c018e6ac>] (kobject_add_internal) from [<c018e9a8>] (kset_register+0x1c/0x44)
[    0.149556] [<c018e9a8>] (kset_register) from [<c02090b4>] (__class_register+0xa8/0x198)
[    0.149802] [<c02090b4>] (__class_register) from [<c02091e4>] (__class_create+0x40/0x70)
[    0.150059] [<c02091e4>] (__class_create) from [<c01adf68>] (register_devfs_stubs+0x314/0xbb4)
[    0.150325] [<c01adf68>] (register_devfs_stubs) from [<c05d9b08>] (init_module+0x28/0xa4)
[    0.150593] [<c05d9b08>] (init_module) from [<c0009670>] (do_one_initcall+0x104/0x1b4)
[    0.150837] [<c0009670>] (do_one_initcall) from [<c05c7d08>] (kernel_init_freeable+0xf0/0x1b0)
[    0.151099] [<c05c7d08>] (kernel_init_freeable) from [<c040f28c>] (kernel_init+0x8/0xe4)
[    0.151342] [<c040f28c>] (kernel_init) from [<c0016da8>] (ret_from_fork+0x14/0x2c)
[    0.151618] ---[ end trace 5e294fbc6ef65cac ]---
[    0.151826] ------------[ cut here ]------------
[    0.151977] WARNING: CPU: 0 PID: 1 at /home/vagrant/firmadyne-kernel/kernel-v4.1/lib/kobject.c:240 kobject_add_internal+0x240/0x2ac()
[    0.152318] kobject_add_internal failed for gpio with -EEXIST, don't try to register things with the same name in the same directory.
[    0.152654] Modules linked in:
[    0.152801] CPU: 0 PID: 1 Comm: swapper Tainted: G        W       4.1.17+ #1
[    0.153006] Hardware name: Generic DT based system
[    0.153165] [<c001c99c>] (unwind_backtrace) from [<c0019d30>] (show_stack+0x10/0x14)
[    0.153405] [<c0019d30>] (show_stack) from [<c0024ab4>] (warn_slowpath_common+0x80/0xa8)
[    0.153654] [<c0024ab4>] (warn_slowpath_common) from [<c0024b08>] (warn_slowpath_fmt+0x2c/0x3c)
[    0.153921] [<c0024b08>] (warn_slowpath_fmt) from [<c018e834>] (kobject_add_internal+0x240/0x2ac)
[    0.154196] [<c018e834>] (kobject_add_internal) from [<c018e9a8>] (kset_register+0x1c/0x44)
[    0.154450] [<c018e9a8>] (kset_register) from [<c02090b4>] (__class_register+0xa8/0x198)
[    0.154866] [<c02090b4>] (__class_register) from [<c02091e4>] (__class_create+0x40/0x70)
[    0.155119] [<c02091e4>] (__class_create) from [<c01adf68>] (register_devfs_stubs+0x314/0xbb4)
[    0.155385] [<c01adf68>] (register_devfs_stubs) from [<c05d9b08>] (init_module+0x28/0xa4)
[    0.155637] [<c05d9b08>] (init_module) from [<c0009670>] (do_one_initcall+0x104/0x1b4)
[    0.155889] [<c0009670>] (do_one_initcall) from [<c05c7d08>] (kernel_init_freeable+0xf0/0x1b0)
[    0.156154] [<c05c7d08>] (kernel_init_freeable) from [<c040f28c>] (kernel_init+0x8/0xe4)
[    0.156399] [<c040f28c>] (kernel_init) from [<c0016da8>] (ret_from_fork+0x14/0x2c)
[    0.156639] ---[ end trace 5e294fbc6ef65cad ]---
[    0.156821] firmadyne: Cannot create device class: gpio!
[    0.157984] firmadyne: Cannot register character device: watchdog, 0xa, 0x82!
[    0.158265] firmadyne: Cannot register character device: wdt, 0xfd, 0x0!
[    0.240639] Non-volatile memory driver v1.3
[    0.257389] brd: module loaded
[    0.265558] loop: module loaded
[    0.273353]  vda: vda1
[    0.277391] [nandsim] warning: read_byte: unexpected data output cycle, state is STATE_READY return 0x0
[    0.277743] [nandsim] warning: read_byte: unexpected data output cycle, state is STATE_READY return 0x0
[    0.278075] [nandsim] warning: read_byte: unexpected data output cycle, state is STATE_READY return 0x0
[    0.278390] [nandsim] warning: read_byte: unexpected data output cycle, state is STATE_READY return 0x0
[    0.278706] [nandsim] warning: read_byte: unexpected data output cycle, state is STATE_READY return 0x0
[    0.279020] [nandsim] warning: read_byte: unexpected data output cycle, state is STATE_READY return 0x0
[    0.279543] nand: device found, Manufacturer ID: 0x98, Chip ID: 0x39
[    0.279790] nand: Toshiba NAND 128MiB 1,8V 8-bit
[    0.279977] nand: 128 MiB, SLC, erase size: 16 KiB, page size: 512, OOB size: 16
[    0.280841] flash size: 128 MiB
[    0.280963] page size: 512 bytes
[    0.281085] OOB area size: 16 bytes
[    0.281216] sector size: 16 KiB
[    0.281334] pages number: 262144
[    0.281454] pages per sector: 32
[    0.281574] bus width: 8
[    0.281672] bits in sector size: 14
[    0.281800] bits in page size: 9
[    0.281922] bits in OOB size: 4
[    0.282055] flash size with OOB: 135168 KiB
[    0.282205] page address bytes: 4
[    0.282331] sector address bytes: 3
[    0.282460] options: 0x42
[    0.286464] Scanning device for bad blocks
[    0.411407] Creating 11 MTD partitions on "NAND 128MiB 1,8V 8-bit":
[    0.411888] 0x000000000000-0x000000100000 : "NAND simulator partition 0"
[    0.414881] 0x000000100000-0x000000200000 : "NAND simulator partition 1"
[    0.416215] 0x000000200000-0x000000300000 : "NAND simulator partition 2"
[    0.417479] 0x000000300000-0x000000400000 : "NAND simulator partition 3"
[    0.418749] 0x000000400000-0x000000500000 : "NAND simulator partition 4"
[    0.419991] 0x000000500000-0x000000600000 : "NAND simulator partition 5"
[    0.421282] 0x000000600000-0x000000700000 : "NAND simulator partition 6"
[    0.422571] 0x000000700000-0x000000800000 : "NAND simulator partition 7"
[    0.423961] 0x000000800000-0x000000900000 : "NAND simulator partition 8"
[    0.425587] 0x000000900000-0x000000a00000 : "NAND simulator partition 9"
[    0.426905] 0x000000a00000-0x000008000000 : "NAND simulator partition 10"
[    0.431052] tun: Universal TUN/TAP device driver, 1.6
[    0.431244] tun: (C) 1999-2004 Max Krasnyansky <maxk@qualcomm.com>
[    0.446759] PPP generic driver version 2.4.2
[    0.447411] PPP BSD Compression module registered
[    0.447627] PPP Deflate Compression module registered
[    0.447905] PPP MPPE Compression module registered
[    0.448114] NET: Registered protocol family 24
[    0.448440] PPTP driver version 0.8.5
[    0.449099] usbcore: registered new interface driver usb-storage
[    0.450609] hidraw: raw HID events driver (C) Jiri Kosina
[    0.451111] usbcore: registered new interface driver usbhid
[    0.451316] usbhid: USB HID core driver
[    0.451749] Netfilter messages via NETLINK v0.30.
[    0.452347] nf_conntrack version 0.5.0 (3958 buckets, 15832 max)
[    0.453576] ctnetlink v0.93: registering with nfnetlink.
[    0.455090] ipip: IPv4 over IPv4 tunneling driver
[    0.456884] gre: GRE over IPv4 demultiplexor driver
[    0.457102] ip_gre: GRE over IPv4 tunneling driver
[    0.461078] ip_tables: (C) 2000-2006 Netfilter Core Team
[    0.462566] arp_tables: (C) 2002 David S. Miller
[    0.463569] Initializing XFRM netlink socket
[    0.464061] NET: Registered protocol family 10
[    0.469874] ip6_tables: (C) 2000-2006 Netfilter Core Team
[    0.471330] sit: IPv6 over IPv4 tunneling driver
[    0.474587] NET: Registered protocol family 17
[    0.475374] bridge: automatic filtering via arp/ip/ip6tables has been deprecated. Update your scripts to load br_netfilter if you need this.
[    0.475897] Bridge firewalling registered
[    0.476083] Ebtables v2.0 registered
[    0.477070] 8021q: 802.1Q VLAN Support v1.8
[    0.477650] Registering SWP/SWPB emulation handler
[    0.479465] hctosys: unable to open rtc device (rtc0)
[    0.494016] UDF-fs: warning (device vda1): udf_fill_super: No partition found (2)
[    0.509779] UDF-fs: warning (device vda1): udf_fill_super: No partition found (2)
[    0.510148] List of all partitions:
[    0.510413] 0100            8192 ram0  (driver?)
[    0.510623] 0101            8192 ram1  (driver?)
[    0.510801] 0102            8192 ram2  (driver?)
[    0.510976] 0103            8192 ram3  (driver?)
[    0.511151] 0104            8192 ram4  (driver?)
[    0.511326] 0105            8192 ram5  (driver?)
[    0.511501] 0106            8192 ram6  (driver?)
[    0.511675] 0107            8192 ram7  (driver?)
[    0.511860] 0108            8192 ram8  (driver?)
[    0.512034] 0109            8192 ram9  (driver?)
[    0.512210] 010a            8192 ram10  (driver?)
[    0.512388] 010b            8192 ram11  (driver?)
[    0.512566] 010c            8192 ram12  (driver?)
[    0.512744] 010d            8192 ram13  (driver?)
[    0.512922] 010e            8192 ram14  (driver?)
[    0.513099] 010f            8192 ram15  (driver?)
[    0.513283] fe00         1048576 vda  driver: virtio_blk
[    0.513499]   fe01         1047552 vda1 1ddbc368-01
[    0.513687] 1f00            1024 mtdblock0  (driver?)
[    0.513878] 1f01            1024 mtdblock1  (driver?)
[    0.514079] 1f02            1024 mtdblock2  (driver?)
[    0.514269] 1f03            1024 mtdblock3  (driver?)
[    0.514461] 1f04            1024 mtdblock4  (driver?)
[    0.514852] 1f05            1024 mtdblock5  (driver?)
[    0.515046] 1f06            1024 mtdblock6  (driver?)
[    0.515235] 1f07            1024 mtdblock7  (driver?)
[    0.515424] 1f08            1024 mtdblock8  (driver?)
[    0.515613] 1f09            1024 mtdblock9  (driver?)
[    0.515811] 1f0a          120832 mtdblock10  (driver?)
[    0.516018] No filesystem could mount root, tried:  ext3 ext2 ext4 cramfs squashfs vfat iso9660 romfs udf
[    0.516543] Kernel panic - not syncing: VFS: Unable to mount root fs on unknown-block(254,1)
[    0.516859] CPU: 0 PID: 1 Comm: swapper Tainted: G        W       4.1.17+ #1
[    0.517101] Hardware name: Generic DT based system
[    0.517308] [<c001c99c>] (unwind_backtrace) from [<c0019d30>] (show_stack+0x10/0x14)
[    0.517592] [<c0019d30>] (show_stack) from [<c0410b78>] (panic+0x70/0x1c8)
[    0.517852] [<c0410b78>] (panic) from [<c05c81bc>] (mount_block_root+0x268/0x2ac)
[    0.518141] [<c05c81bc>] (mount_block_root) from [<c05c84a4>] (prepare_namespace+0x158/0x1ac)
[    0.518448] [<c05c84a4>] (prepare_namespace) from [<c05c7d84>] (kernel_init_freeable+0x16c/0x1b0)
[    0.518763] [<c05c7d84>] (kernel_init_freeable) from [<c040f28c>] (kernel_init+0x8/0xe4)
[    0.519049] [<c040f28c>] (kernel_init) from [<c0016da8>] (ret_from_fork+0x14/0x2c)
[    0.519481] ---[ end Kernel panic - not syncing: VFS: Unable to mount root fs on unknown-block(254,1)
