[    0.000000] Booting Linux on physical CPU 0x0
[    0.000000] Linux version 4.1.17+ (vagrant@vagrant-ubuntu-trusty-64) (gcc version 5.3.0 (GCC) ) #1 Thu Feb 18 01:05:21 UTC 2016
[    0.000000] CPU: ARMv7 Processor [412fc0f1] revision 1 (ARMv7), cr=10c5387d
[    0.000000] CPU: PIPT / VIPT nonaliasing data cache, PIPT instruction cache
[    0.000000] Machine model: linux,dummy-virt
[    0.000000] debug: ignoring loglevel setting.
[    0.000000] Memory policy: Data cache writeback
[    0.000000] On node 0 totalpages: 65536
[    0.000000] free_area_init_node: node 0, pgdat c061dfe8, node_mem_map cfdf9000
[    0.000000]   Normal zone: 512 pages used for memmap
[    0.000000]   Normal zone: 0 pages reserved
[    0.000000]   Normal zone: 65536 pages, LIFO batch:15
[    0.000000] CPU: All CPU(s) started in SVC mode.
[    0.000000] pcpu-alloc: s0 r0 d32768 u32768 alloc=1*32768
[    0.000000] pcpu-alloc: [0] 0 
[    0.000000] Built 1 zonelists in Zone order, mobility grouping on.  Total pages: 65024
[    0.000000] Kernel command line: root=/dev/vda1 console=ttyS0 nandsim.parts=64,64,64,64,64,64,64,64,64,64 rdinit=/firmadyne/preInit.sh rw debug ignore_loglevel print-fatal-signals=1 user_debug=31 firmadyne.syscall=0
[    0.000000] PID hash table entries: 1024 (order: 0, 4096 bytes)
[    0.000000] Dentry cache hash table entries: 32768 (order: 5, 131072 bytes)
[    0.000000] Inode-cache hash table entries: 16384 (order: 4, 65536 bytes)
[    0.000000] Memory: 253344K/262144K available (4297K kernel code, 170K rwdata, 1584K rodata, 180K init, 148K bss, 8800K reserved, 0K cma-reserved)
[    0.000000] Virtual kernel memory layout:
[    0.000000]     vector  : 0xffff0000 - 0xffff1000   (   4 kB)
[    0.000000]     fixmap  : 0xffc00000 - 0xfff00000   (3072 kB)
[    0.000000]     vmalloc : 0xd0800000 - 0xff000000   ( 744 MB)
[    0.000000]     lowmem  : 0xc0000000 - 0xd0000000   ( 256 MB)
[    0.000000]     modules : 0xbf000000 - 0xc0000000   (  16 MB)
[    0.000000]       .text : 0xc0008000 - 0xc05c67bc   (5882 kB)
[    0.000000]       .init : 0xc05c7000 - 0xc05f4000   ( 180 kB)
[    0.000000]       .data : 0xc05f4000 - 0xc061e840   ( 171 kB)
[    0.000000]        .bss : 0xc0621000 - 0xc06462d4   ( 149 kB)
[    0.000000] NR_IRQS:16 nr_irqs:16 16
[    0.000000] Architected cp15 timer(s) running at 62.50MHz (virt).
[    0.000000] clocksource arch_sys_counter: mask: 0xffffffffffffff max_cycles: 0x1cd42e208c, max_idle_ns: 881590405314 ns
[    0.000126] sched_clock: 56 bits at 62MHz, resolution 16ns, wraps every 4398046511096ns
[    0.000214] Switching to timer-based delay loop, resolution 16ns
[    0.002391] Console: colour dummy device 80x30
[    0.002634] Calibrating delay loop (skipped), value calculated using timer frequency.. 125.00 BogoMIPS (lpj=625000)
[    0.002718] pid_max: default: 32768 minimum: 301
[    0.003303] Mount-cache hash table entries: 1024 (order: 0, 4096 bytes)
[    0.003326] Mountpoint-cache hash table entries: 1024 (order: 0, 4096 bytes)
[    0.007980] CPU: Testing write buffer coherency: ok
[    0.014001] Setting up static identity map for 0x40008240 - 0x40008298
[    0.024480] VFP support v0.3: implementor 41 architecture 4 part 30 variant f rev 0
[    0.033536] clocksource jiffies: mask: 0xffffffff max_cycles: 0xffffffff, max_idle_ns: 19112604462750000 ns
[    0.039688] NET: Registered protocol family 16
[    0.041863] DMA: preallocated 256 KiB pool for atomic coherent allocations
[    0.044752] cpuidle: using governor ladder
[    0.044859] cpuidle: using governor menu
[    0.047414] genirq: Setting trigger mode 1 for irq 20 failed (gic_set_type+0x0/0x48)
[    0.048626] genirq: Setting trigger mode 1 for irq 21 failed (gic_set_type+0x0/0x48)
[    0.048848] genirq: Setting trigger mode 1 for irq 22 failed (gic_set_type+0x0/0x48)
[    0.049069] genirq: Setting trigger mode 1 for irq 23 failed (gic_set_type+0x0/0x48)
[    0.049302] genirq: Setting trigger mode 1 for irq 24 failed (gic_set_type+0x0/0x48)
[    0.049516] genirq: Setting trigger mode 1 for irq 25 failed (gic_set_type+0x0/0x48)
[    0.049717] genirq: Setting trigger mode 1 for irq 26 failed (gic_set_type+0x0/0x48)
[    0.049920] genirq: Setting trigger mode 1 for irq 27 failed (gic_set_type+0x0/0x48)
[    0.050204] genirq: Setting trigger mode 1 for irq 28 failed (gic_set_type+0x0/0x48)
[    0.050417] genirq: Setting trigger mode 1 for irq 29 failed (gic_set_type+0x0/0x48)
[    0.050614] genirq: Setting trigger mode 1 for irq 30 failed (gic_set_type+0x0/0x48)
[    0.050825] genirq: Setting trigger mode 1 for irq 31 failed (gic_set_type+0x0/0x48)
[    0.051022] genirq: Setting trigger mode 1 for irq 32 failed (gic_set_type+0x0/0x48)
[    0.051225] genirq: Setting trigger mode 1 for irq 33 failed (gic_set_type+0x0/0x48)
[    0.051418] genirq: Setting trigger mode 1 for irq 34 failed (gic_set_type+0x0/0x48)
[    0.051611] genirq: Setting trigger mode 1 for irq 35 failed (gic_set_type+0x0/0x48)
[    0.051811] genirq: Setting trigger mode 1 for irq 36 failed (gic_set_type+0x0/0x48)
[    0.052037] genirq: Setting trigger mode 1 for irq 37 failed (gic_set_type+0x0/0x48)
[    0.052277] genirq: Setting trigger mode 1 for irq 38 failed (gic_set_type+0x0/0x48)
[    0.052489] genirq: Setting trigger mode 1 for irq 39 failed (gic_set_type+0x0/0x48)
[    0.052690] genirq: Setting trigger mode 1 for irq 40 failed (gic_set_type+0x0/0x48)
[    0.053088] genirq: Setting trigger mode 1 for irq 41 failed (gic_set_type+0x0/0x48)
[    0.053343] genirq: Setting trigger mode 1 for irq 42 failed (gic_set_type+0x0/0x48)
[    0.053563] genirq: Setting trigger mode 1 for irq 43 failed (gic_set_type+0x0/0x48)
[    0.053785] genirq: Setting trigger mode 1 for irq 44 failed (gic_set_type+0x0/0x48)
[    0.054005] genirq: Setting trigger mode 1 for irq 45 failed (gic_set_type+0x0/0x48)
[    0.054213] genirq: Setting trigger mode 1 for irq 46 failed (gic_set_type+0x0/0x48)
[    0.054457] genirq: Setting trigger mode 1 for irq 47 failed (gic_set_type+0x0/0x48)
[    0.054683] genirq: Setting trigger mode 1 for irq 48 failed (gic_set_type+0x0/0x48)
[    0.054876] genirq: Setting trigger mode 1 for irq 49 failed (gic_set_type+0x0/0x48)
[    0.055065] genirq: Setting trigger mode 1 for irq 50 failed (gic_set_type+0x0/0x48)
[    0.055255] genirq: Setting trigger mode 1 for irq 51 failed (gic_set_type+0x0/0x48)
[    0.055581] genirq: Setting trigger mode 1 for irq 52 failed (gic_set_type+0x0/0x48)
[    0.058151] Serial: AMBA PL011 UART driver
[    0.059510] 9000000.pl011: ttyS0 at MMIO 0x9000000 (irq = 52, base_baud = 0) is a PL011 rev1
[    0.107791] console [ttyS0] enabled
[    0.123957] vgaarb: loaded
[    0.125510] SCSI subsystem initialized
[    0.127021] usbcore: registered new interface driver usbfs
[    0.128018] usbcore: registered new interface driver hub
[    0.129175] usbcore: registered new device driver usb
[    0.136157] cfg80211: Calling CRDA to update world regulatory domain
[    0.138969] Switched to clocksource arch_sys_counter
[    0.152224] NET: Registered protocol family 2
[    0.156426] TCP established hash table entries: 2048 (order: 1, 8192 bytes)
[    0.157636] TCP bind hash table entries: 2048 (order: 1, 8192 bytes)
[    0.159048] TCP: Hash tables configured (established 2048 bind 2048)
[    0.160405] UDP hash table entries: 256 (order: 0, 4096 bytes)
[    0.161442] UDP-Lite hash table entries: 256 (order: 0, 4096 bytes)
[    0.163395] NET: Registered protocol family 1
[    0.164392] PCI: CLS 0 bytes, default 64
[    0.170514] NetWinder Floating Point Emulator V0.97 (extended precision)
[    0.173299] futex hash table entries: 256 (order: -1, 3072 bytes)
[    0.177913] squashfs: version 4.0 (2009/01/31) Phillip Lougher
[    0.179719] jffs2: version 2.2. (NAND) Â© 2001-2006 Red Hat, Inc.
[    0.181245] romfs: ROMFS MTD (C) 2007 Red Hat, Inc.
[    0.187935] Block layer SCSI generic (bsg) driver version 0.4 loaded (major 253)
[    0.189511] io scheduler noop registered
[    0.190266] io scheduler cfq registered (default)
[    0.191424] firmadyne: devfs: 1, execute: 1, procfs: 1, syscall: 0
[    0.193258] ------------[ cut here ]------------
[    0.194057] WARNING: CPU: 0 PID: 1 at /home/vagrant/firmadyne-kernel/kernel-v4.1/fs/sysfs/dir.c:31 sysfs_warn_dup+0x50/0x6c()
[    0.195727] sysfs: cannot create duplicate filename '/class/gpio'
[    0.196876] Modules linked in:
[    0.197641] CPU: 0 PID: 1 Comm: swapper Not tainted 4.1.17+ #1
[    0.198696] Hardware name: Generic DT based system
[    0.200043] [<c001c99c>] (unwind_backtrace) from [<c0019d30>] (show_stack+0x10/0x14)
[    0.201411] [<c0019d30>] (show_stack) from [<c0024ab4>] (warn_slowpath_common+0x80/0xa8)
[    0.202719] [<c0024ab4>] (warn_slowpath_common) from [<c0024b08>] (warn_slowpath_fmt+0x2c/0x3c)
[    0.204107] [<c0024b08>] (warn_slowpath_fmt) from [<c00e363c>] (sysfs_warn_dup+0x50/0x6c)
[    0.205390] [<c00e363c>] (sysfs_warn_dup) from [<c00e3714>] (sysfs_create_dir_ns+0x74/0x84)
[    0.206636] [<c00e3714>] (sysfs_create_dir_ns) from [<c018e6ac>] (kobject_add_internal+0xb8/0x2ac)
[    0.207244] [<c018e6ac>] (kobject_add_internal) from [<c018e9a8>] (kset_register+0x1c/0x44)
[    0.207691] [<c018e9a8>] (kset_register) from [<c02090b4>] (__class_register+0xa8/0x198)
[    0.208362] [<c02090b4>] (__class_register) from [<c02091e4>] (__class_create+0x40/0x70)
[    0.209236] [<c02091e4>] (__class_create) from [<c01adf68>] (register_devfs_stubs+0x314/0xbb4)
[    0.210074] [<c01adf68>] (register_devfs_stubs) from [<c05d9b08>] (init_module+0x28/0xa4)
[    0.210750] [<c05d9b08>] (init_module) from [<c0009670>] (do_one_initcall+0x104/0x1b4)
[    0.211483] [<c0009670>] (do_one_initcall) from [<c05c7d08>] (kernel_init_freeable+0xf0/0x1b0)
[    0.212026] [<c05c7d08>] (kernel_init_freeable) from [<c040f28c>] (kernel_init+0x8/0xe4)
[    0.212755] [<c040f28c>] (kernel_init) from [<c0016da8>] (ret_from_fork+0x14/0x2c)
[    0.213545] ---[ end trace 57fb0ae2eb83a96b ]---
[    0.214095] ------------[ cut here ]------------
[    0.214641] WARNING: CPU: 0 PID: 1 at /home/vagrant/firmadyne-kernel/kernel-v4.1/lib/kobject.c:240 kobject_add_internal+0x240/0x2ac()
[    0.215464] kobject_add_internal failed for gpio with -EEXIST, don't try to register things with the same name in the same directory.
[    0.216315] Modules linked in:
[    0.216515] CPU: 0 PID: 1 Comm: swapper Tainted: G        W       4.1.17+ #1
[    0.217122] Hardware name: Generic DT based system
[    0.217695] [<c001c99c>] (unwind_backtrace) from [<c0019d30>] (show_stack+0x10/0x14)
[    0.218475] [<c0019d30>] (show_stack) from [<c0024ab4>] (warn_slowpath_common+0x80/0xa8)
[    0.219238] [<c0024ab4>] (warn_slowpath_common) from [<c0024b08>] (warn_slowpath_fmt+0x2c/0x3c)
[    0.219892] [<c0024b08>] (warn_slowpath_fmt) from [<c018e834>] (kobject_add_internal+0x240/0x2ac)
[    0.220620] [<c018e834>] (kobject_add_internal) from [<c018e9a8>] (kset_register+0x1c/0x44)
[    0.221373] [<c018e9a8>] (kset_register) from [<c02090b4>] (__class_register+0xa8/0x198)
[    0.222137] [<c02090b4>] (__class_register) from [<c02091e4>] (__class_create+0x40/0x70)
[    0.222850] [<c02091e4>] (__class_create) from [<c01adf68>] (register_devfs_stubs+0x314/0xbb4)
[    0.223400] [<c01adf68>] (register_devfs_stubs) from [<c05d9b08>] (init_module+0x28/0xa4)
[    0.224073] [<c05d9b08>] (init_module) from [<c0009670>] (do_one_initcall+0x104/0x1b4)
[    0.224618] [<c0009670>] (do_one_initcall) from [<c05c7d08>] (kernel_init_freeable+0xf0/0x1b0)
[    0.225615] [<c05c7d08>] (kernel_init_freeable) from [<c040f28c>] (kernel_init+0x8/0xe4)
[    0.226301] [<c040f28c>] (kernel_init) from [<c0016da8>] (ret_from_fork+0x14/0x2c)
[    0.227037] ---[ end trace 57fb0ae2eb83a96c ]---
[    0.227387] firmadyne: Cannot create device class: gpio!
[    0.229253] firmadyne: Cannot register character device: watchdog, 0xa, 0x82!
[    0.230590] firmadyne: Cannot register character device: wdt, 0xfd, 0x0!
[    0.315127] Non-volatile memory driver v1.3
[    0.332805] brd: module loaded
[    0.340220] loop: module loaded
[    0.347718]  vda: vda1
[    0.351609] [nandsim] warning: read_byte: unexpected data output cycle, state is STATE_READY return 0x0
[    0.353111] [nandsim] warning: read_byte: unexpected data output cycle, state is STATE_READY return 0x0
[    0.354535] [nandsim] warning: read_byte: unexpected data output cycle, state is STATE_READY return 0x0
[    0.355935] [nandsim] warning: read_byte: unexpected data output cycle, state is STATE_READY return 0x0
[    0.357432] [nandsim] warning: read_byte: unexpected data output cycle, state is STATE_READY return 0x0
[    0.359179] [nandsim] warning: read_byte: unexpected data output cycle, state is STATE_READY return 0x0
[    0.360432] nand: device found, Manufacturer ID: 0x98, Chip ID: 0x39
[    0.361446] nand: Toshiba NAND 128MiB 1,8V 8-bit
[    0.361699] nand: 128 MiB, SLC, erase size: 16 KiB, page size: 512, OOB size: 16
[    0.362925] flash size: 128 MiB
[    0.363400] page size: 512 bytes
[    0.363880] OOB area size: 16 bytes
[    0.364425] sector size: 16 KiB
[    0.364920] pages number: 262144
[    0.365473] pages per sector: 32
[    0.365847] bus width: 8
[    0.365924] bits in sector size: 14
[    0.366429] bits in page size: 9
[    0.366640] bits in OOB size: 4
[    0.367003] flash size with OOB: 135168 KiB
[    0.367281] page address bytes: 4
[    0.367361] sector address bytes: 3
[    0.367938] options: 0x42
[    0.372249] Scanning device for bad blocks
[    0.467720] Creating 11 MTD partitions on "NAND 128MiB 1,8V 8-bit":
[    0.469287] 0x000000000000-0x000000100000 : "NAND simulator partition 0"
[    0.473784] 0x000000100000-0x000000200000 : "NAND simulator partition 1"
[    0.476066] 0x000000200000-0x000000300000 : "NAND simulator partition 2"
[    0.478314] 0x000000300000-0x000000400000 : "NAND simulator partition 3"
[    0.480645] 0x000000400000-0x000000500000 : "NAND simulator partition 4"
[    0.482720] 0x000000500000-0x000000600000 : "NAND simulator partition 5"
[    0.484749] 0x000000600000-0x000000700000 : "NAND simulator partition 6"
[    0.486909] 0x000000700000-0x000000800000 : "NAND simulator partition 7"
[    0.489215] 0x000000800000-0x000000900000 : "NAND simulator partition 8"
[    0.491375] 0x000000900000-0x000000a00000 : "NAND simulator partition 9"
[    0.493476] 0x000000a00000-0x000008000000 : "NAND simulator partition 10"
[    0.498113] tun: Universal TUN/TAP device driver, 1.6
[    0.499118] tun: (C) 1999-2004 Max Krasnyansky <maxk@qualcomm.com>
[    0.511803] PPP generic driver version 2.4.2
[    0.513062] PPP BSD Compression module registered
[    0.513879] PPP Deflate Compression module registered
[    0.514766] PPP MPPE Compression module registered
[    0.515497] NET: Registered protocol family 24
[    0.516370] PPTP driver version 0.8.5
[    0.517544] usbcore: registered new interface driver usb-storage
[    0.520004] hidraw: raw HID events driver (C) Jiri Kosina
[    0.521242] usbcore: registered new interface driver usbhid
[    0.522123] usbhid: USB HID core driver
[    0.523075] Netfilter messages via NETLINK v0.30.
[    0.524257] nf_conntrack version 0.5.0 (3958 buckets, 15832 max)
[    0.526222] ctnetlink v0.93: registering with nfnetlink.
[    0.528111] ipip: IPv4 over IPv4 tunneling driver
[    0.530761] gre: GRE over IPv4 demultiplexor driver
[    0.531547] ip_gre: GRE over IPv4 tunneling driver
[    0.535630] ip_tables: (C) 2000-2006 Netfilter Core Team
[    0.537721] arp_tables: (C) 2002 David S. Miller
[    0.539420] Initializing XFRM netlink socket
[    0.540472] NET: Registered protocol family 10
[    0.546027] ip6_tables: (C) 2000-2006 Netfilter Core Team
[    0.548451] sit: IPv6 over IPv4 tunneling driver
[    0.552115] NET: Registered protocol family 17
[    0.553281] bridge: automatic filtering via arp/ip/ip6tables has been deprecated. Update your scripts to load br_netfilter if you need this.
[    0.555268] Bridge firewalling registered
[    0.555885] Ebtables v2.0 registered
[    0.557317] 8021q: 802.1Q VLAN Support v1.8
[    0.558458] Registering SWP/SWPB emulation handler
[    0.560870] hctosys: unable to open rtc device (rtc0)
[    0.574327] UDF-fs: warning (device vda1): udf_fill_super: No partition found (2)
[    0.588967] UDF-fs: warning (device vda1): udf_fill_super: No partition found (2)
[    0.590496] List of all partitions:
[    0.591146] 0100            8192 ram0  (driver?)
[    0.591885] 0101            8192 ram1  (driver?)
[    0.592613] 0102            8192 ram2  (driver?)
[    0.593361] 0103            8192 ram3  (driver?)
[    0.594227] 0104            8192 ram4  (driver?)
[    0.595008] 0105            8192 ram5  (driver?)
[    0.595733] 0106            8192 ram6  (driver?)
[    0.596476] 0107            8192 ram7  (driver?)
[    0.597320] 0108            8192 ram8  (driver?)
[    0.598184] 0109            8192 ram9  (driver?)
[    0.599163] 010a            8192 ram10  (driver?)
[    0.599845] 010b            8192 ram11  (driver?)
[    0.600197] 010c            8192 ram12  (driver?)
[    0.600607] 010d            8192 ram13  (driver?)
[    0.600986] 010e            8192 ram14  (driver?)
[    0.601383] 010f            8192 ram15  (driver?)
[    0.602027] fe00         1048576 vda  driver: virtio_blk
[    0.602594]   fe01         1047552 vda1 7b4c747c-01
[    0.602967] 1f00            1024 mtdblock0  (driver?)
[    0.603475] 1f01            1024 mtdblock1  (driver?)
[    0.603900] 1f02            1024 mtdblock2  (driver?)
[    0.604358] 1f03            1024 mtdblock3  (driver?)
[    0.604690] 1f04            1024 mtdblock4  (driver?)
[    0.605234] 1f05            1024 mtdblock5  (driver?)
[    0.605685] 1f06            1024 mtdblock6  (driver?)
[    0.606154] 1f07            1024 mtdblock7  (driver?)
[    0.606629] 1f08            1024 mtdblock8  (driver?)
[    0.607034] 1f09            1024 mtdblock9  (driver?)
[    0.607574] 1f0a          120832 mtdblock10  (driver?)
[    0.607984] No filesystem could mount root, tried:  ext3 ext2 ext4 cramfs squashfs vfat iso9660 romfs udf
[    0.609849] Kernel panic - not syncing: VFS: Unable to mount root fs on unknown-block(254,1)
[    0.610803] CPU: 0 PID: 1 Comm: swapper Tainted: G        W       4.1.17+ #1
[    0.611555] Hardware name: Generic DT based system
[    0.612058] [<c001c99c>] (unwind_backtrace) from [<c0019d30>] (show_stack+0x10/0x14)
[    0.612637] [<c0019d30>] (show_stack) from [<c0410b78>] (panic+0x70/0x1c8)
[    0.613197] [<c0410b78>] (panic) from [<c05c81bc>] (mount_block_root+0x268/0x2ac)
[    0.613831] [<c05c81bc>] (mount_block_root) from [<c05c84a4>] (prepare_namespace+0x158/0x1ac)
[    0.614732] [<c05c84a4>] (prepare_namespace) from [<c05c7d84>] (kernel_init_freeable+0x16c/0x1b0)
[    0.615379] [<c05c7d84>] (kernel_init_freeable) from [<c040f28c>] (kernel_init+0x8/0xe4)
[    0.616102] [<c040f28c>] (kernel_init) from [<c0016da8>] (ret_from_fork+0x14/0x2c)
[    0.616975] ---[ end Kernel panic - not syncing: VFS: Unable to mount root fs on unknown-block(254,1)
