[    0.000000] Booting Linux on physical CPU 0x0
[    0.000000] Linux version 4.1.17+ (vagrant@vagrant-ubuntu-trusty-64) (gcc version 5.3.0 (GCC) ) #1 Thu Feb 18 01:05:21 UTC 2016
[    0.000000] CPU: ARMv7 Processor [412fc0f1] revision 1 (ARMv7), cr=10c5387d
[    0.000000] CPU: PIPT / VIPT nonaliasing data cache, PIPT instruction cache
[    0.000000] Machine model: linux,dummy-virt
[    0.000000] debug: ignoring loglevel setting.
[    0.000000] Memory policy: Data cache writeback
[    0.000000] On node 0 totalpages: 65536
[    0.000000] free_area_init_node: node 0, pgdat c061dfe8, node_mem_map cfdf9000
[    0.000000]   Normal zone: 512 pages used for memmap
[    0.000000]   Normal zone: 0 pages reserved
[    0.000000]   Normal zone: 65536 pages, LIFO batch:15
[    0.000000] CPU: All CPU(s) started in SVC mode.
[    0.000000] pcpu-alloc: s0 r0 d32768 u32768 alloc=1*32768
[    0.000000] pcpu-alloc: [0] 0 
[    0.000000] Built 1 zonelists in Zone order, mobility grouping on.  Total pages: 65024
[    0.000000] Kernel command line: root=/dev/vda1 console=ttyS0 nandsim.parts=64,64,64,64,64,64,64,64,64,64 rdinit=/firmadyne/preInit.sh rw debug ignore_loglevel print-fatal-signals=1 user_debug=31 firmadyne.syscall=0
[    0.000000] PID hash table entries: 1024 (order: 0, 4096 bytes)
[    0.000000] Dentry cache hash table entries: 32768 (order: 5, 131072 bytes)
[    0.000000] Inode-cache hash table entries: 16384 (order: 4, 65536 bytes)
[    0.000000] Memory: 253344K/262144K available (4297K kernel code, 170K rwdata, 1584K rodata, 180K init, 148K bss, 8800K reserved, 0K cma-reserved)
[    0.000000] Virtual kernel memory layout:
[    0.000000]     vector  : 0xffff0000 - 0xffff1000   (   4 kB)
[    0.000000]     fixmap  : 0xffc00000 - 0xfff00000   (3072 kB)
[    0.000000]     vmalloc : 0xd0800000 - 0xff000000   ( 744 MB)
[    0.000000]     lowmem  : 0xc0000000 - 0xd0000000   ( 256 MB)
[    0.000000]     modules : 0xbf000000 - 0xc0000000   (  16 MB)
[    0.000000]       .text : 0xc0008000 - 0xc05c67bc   (5882 kB)
[    0.000000]       .init : 0xc05c7000 - 0xc05f4000   ( 180 kB)
[    0.000000]       .data : 0xc05f4000 - 0xc061e840   ( 171 kB)
[    0.000000]        .bss : 0xc0621000 - 0xc06462d4   ( 149 kB)
[    0.000000] NR_IRQS:16 nr_irqs:16 16
[    0.000000] Architected cp15 timer(s) running at 62.50MHz (virt).
[    0.000000] clocksource arch_sys_counter: mask: 0xffffffffffffff max_cycles: 0x1cd42e208c, max_idle_ns: 881590405314 ns
[    0.000109] sched_clock: 56 bits at 62MHz, resolution 16ns, wraps every 4398046511096ns
[    0.000196] Switching to timer-based delay loop, resolution 16ns
[    0.002326] Console: colour dummy device 80x30
[    0.002552] Calibrating delay loop (skipped), value calculated using timer frequency.. 125.00 BogoMIPS (lpj=625000)
[    0.002637] pid_max: default: 32768 minimum: 301
[    0.003288] Mount-cache hash table entries: 1024 (order: 0, 4096 bytes)
[    0.003313] Mountpoint-cache hash table entries: 1024 (order: 0, 4096 bytes)
[    0.008252] CPU: Testing write buffer coherency: ok
[    0.014119] Setting up static identity map for 0x40008240 - 0x40008298
[    0.025051] VFP support v0.3: implementor 41 architecture 4 part 30 variant f rev 0
[    0.033827] clocksource jiffies: mask: 0xffffffff max_cycles: 0xffffffff, max_idle_ns: 19112604462750000 ns
[    0.040387] NET: Registered protocol family 16
[    0.042742] DMA: preallocated 256 KiB pool for atomic coherent allocations
[    0.045479] cpuidle: using governor ladder
[    0.045585] cpuidle: using governor menu
[    0.048271] genirq: Setting trigger mode 1 for irq 20 failed (gic_set_type+0x0/0x48)
[    0.049488] genirq: Setting trigger mode 1 for irq 21 failed (gic_set_type+0x0/0x48)
[    0.049707] genirq: Setting trigger mode 1 for irq 22 failed (gic_set_type+0x0/0x48)
[    0.049927] genirq: Setting trigger mode 1 for irq 23 failed (gic_set_type+0x0/0x48)
[    0.050160] genirq: Setting trigger mode 1 for irq 24 failed (gic_set_type+0x0/0x48)
[    0.050377] genirq: Setting trigger mode 1 for irq 25 failed (gic_set_type+0x0/0x48)
[    0.050580] genirq: Setting trigger mode 1 for irq 26 failed (gic_set_type+0x0/0x48)
[    0.050785] genirq: Setting trigger mode 1 for irq 27 failed (gic_set_type+0x0/0x48)
[    0.051072] genirq: Setting trigger mode 1 for irq 28 failed (gic_set_type+0x0/0x48)
[    0.051345] genirq: Setting trigger mode 1 for irq 29 failed (gic_set_type+0x0/0x48)
[    0.051580] genirq: Setting trigger mode 1 for irq 30 failed (gic_set_type+0x0/0x48)
[    0.051831] genirq: Setting trigger mode 1 for irq 31 failed (gic_set_type+0x0/0x48)
[    0.052065] genirq: Setting trigger mode 1 for irq 32 failed (gic_set_type+0x0/0x48)
[    0.052305] genirq: Setting trigger mode 1 for irq 33 failed (gic_set_type+0x0/0x48)
[    0.052764] genirq: Setting trigger mode 1 for irq 34 failed (gic_set_type+0x0/0x48)
[    0.052976] genirq: Setting trigger mode 1 for irq 35 failed (gic_set_type+0x0/0x48)
[    0.053183] genirq: Setting trigger mode 1 for irq 36 failed (gic_set_type+0x0/0x48)
[    0.053390] genirq: Setting trigger mode 1 for irq 37 failed (gic_set_type+0x0/0x48)
[    0.053630] genirq: Setting trigger mode 1 for irq 38 failed (gic_set_type+0x0/0x48)
[    0.053844] genirq: Setting trigger mode 1 for irq 39 failed (gic_set_type+0x0/0x48)
[    0.054048] genirq: Setting trigger mode 1 for irq 40 failed (gic_set_type+0x0/0x48)
[    0.054343] genirq: Setting trigger mode 1 for irq 41 failed (gic_set_type+0x0/0x48)
[    0.054595] genirq: Setting trigger mode 1 for irq 42 failed (gic_set_type+0x0/0x48)
[    0.054844] genirq: Setting trigger mode 1 for irq 43 failed (gic_set_type+0x0/0x48)
[    0.055100] genirq: Setting trigger mode 1 for irq 44 failed (gic_set_type+0x0/0x48)
[    0.055386] genirq: Setting trigger mode 1 for irq 45 failed (gic_set_type+0x0/0x48)
[    0.055598] genirq: Setting trigger mode 1 for irq 46 failed (gic_set_type+0x0/0x48)
[    0.055840] genirq: Setting trigger mode 1 for irq 47 failed (gic_set_type+0x0/0x48)
[    0.056057] genirq: Setting trigger mode 1 for irq 48 failed (gic_set_type+0x0/0x48)
[    0.056264] genirq: Setting trigger mode 1 for irq 49 failed (gic_set_type+0x0/0x48)
[    0.056466] genirq: Setting trigger mode 1 for irq 50 failed (gic_set_type+0x0/0x48)
[    0.056669] genirq: Setting trigger mode 1 for irq 51 failed (gic_set_type+0x0/0x48)
[    0.057020] genirq: Setting trigger mode 1 for irq 52 failed (gic_set_type+0x0/0x48)
[    0.059694] Serial: AMBA PL011 UART driver
[    0.061116] 9000000.pl011: ttyS0 at MMIO 0x9000000 (irq = 52, base_baud = 0) is a PL011 rev1
[    0.110124] console [ttyS0] enabled
[    0.127454] vgaarb: loaded
[    0.128984] SCSI subsystem initialized
[    0.130339] usbcore: registered new interface driver usbfs
[    0.131388] usbcore: registered new interface driver hub
[    0.132390] usbcore: registered new device driver usb
[    0.140019] cfg80211: Calling CRDA to update world regulatory domain
[    0.142938] Switched to clocksource arch_sys_counter
[    0.156394] NET: Registered protocol family 2
[    0.160485] TCP established hash table entries: 2048 (order: 1, 8192 bytes)
[    0.161674] TCP bind hash table entries: 2048 (order: 1, 8192 bytes)
[    0.163060] TCP: Hash tables configured (established 2048 bind 2048)
[    0.164396] UDP hash table entries: 256 (order: 0, 4096 bytes)
[    0.165450] UDP-Lite hash table entries: 256 (order: 0, 4096 bytes)
[    0.167714] NET: Registered protocol family 1
[    0.168723] PCI: CLS 0 bytes, default 64
[    0.174716] NetWinder Floating Point Emulator V0.97 (extended precision)
[    0.177514] futex hash table entries: 256 (order: -1, 3072 bytes)
[    0.182204] squashfs: version 4.0 (2009/01/31) Phillip Lougher
[    0.184553] jffs2: version 2.2. (NAND) Â© 2001-2006 Red Hat, Inc.
[    0.186069] romfs: ROMFS MTD (C) 2007 Red Hat, Inc.
[    0.193002] Block layer SCSI generic (bsg) driver version 0.4 loaded (major 253)
[    0.194265] io scheduler noop registered
[    0.195016] io scheduler cfq registered (default)
[    0.196220] firmadyne: devfs: 1, execute: 1, procfs: 1, syscall: 0
[    0.198078] ------------[ cut here ]------------
[    0.199004] WARNING: CPU: 0 PID: 1 at /home/vagrant/firmadyne-kernel/kernel-v4.1/fs/sysfs/dir.c:31 sysfs_warn_dup+0x50/0x6c()
[    0.200793] sysfs: cannot create duplicate filename '/class/gpio'
[    0.201737] Modules linked in:
[    0.202434] CPU: 0 PID: 1 Comm: swapper Not tainted 4.1.17+ #1
[    0.203566] Hardware name: Generic DT based system
[    0.204808] [<c001c99c>] (unwind_backtrace) from [<c0019d30>] (show_stack+0x10/0x14)
[    0.206090] [<c0019d30>] (show_stack) from [<c0024ab4>] (warn_slowpath_common+0x80/0xa8)
[    0.207370] [<c0024ab4>] (warn_slowpath_common) from [<c0024b08>] (warn_slowpath_fmt+0x2c/0x3c)
[    0.208939] [<c0024b08>] (warn_slowpath_fmt) from [<c00e363c>] (sysfs_warn_dup+0x50/0x6c)
[    0.210206] [<c00e363c>] (sysfs_warn_dup) from [<c00e3714>] (sysfs_create_dir_ns+0x74/0x84)
[    0.211701] [<c00e3714>] (sysfs_create_dir_ns) from [<c018e6ac>] (kobject_add_internal+0xb8/0x2ac)
[    0.212440] [<c018e6ac>] (kobject_add_internal) from [<c018e9a8>] (kset_register+0x1c/0x44)
[    0.213497] [<c018e9a8>] (kset_register) from [<c02090b4>] (__class_register+0xa8/0x198)
[    0.214336] [<c02090b4>] (__class_register) from [<c02091e4>] (__class_create+0x40/0x70)
[    0.215233] [<c02091e4>] (__class_create) from [<c01adf68>] (register_devfs_stubs+0x314/0xbb4)
[    0.216017] [<c01adf68>] (register_devfs_stubs) from [<c05d9b08>] (init_module+0x28/0xa4)
[    0.216672] [<c05d9b08>] (init_module) from [<c0009670>] (do_one_initcall+0x104/0x1b4)
[    0.217359] [<c0009670>] (do_one_initcall) from [<c05c7d08>] (kernel_init_freeable+0xf0/0x1b0)
[    0.218137] [<c05c7d08>] (kernel_init_freeable) from [<c040f28c>] (kernel_init+0x8/0xe4)
[    0.218967] [<c040f28c>] (kernel_init) from [<c0016da8>] (ret_from_fork+0x14/0x2c)
[    0.219666] ---[ end trace 87cdb887f35c0c8b ]---
[    0.220477] ------------[ cut here ]------------
[    0.220988] WARNING: CPU: 0 PID: 1 at /home/vagrant/firmadyne-kernel/kernel-v4.1/lib/kobject.c:240 kobject_add_internal+0x240/0x2ac()
[    0.221868] kobject_add_internal failed for gpio with -EEXIST, don't try to register things with the same name in the same directory.
[    0.223136] Modules linked in:
[    0.223686] CPU: 0 PID: 1 Comm: swapper Tainted: G        W       4.1.17+ #1
[    0.224410] Hardware name: Generic DT based system
[    0.224885] [<c001c99c>] (unwind_backtrace) from [<c0019d30>] (show_stack+0x10/0x14)
[    0.225355] [<c0019d30>] (show_stack) from [<c0024ab4>] (warn_slowpath_common+0x80/0xa8)
[    0.226055] [<c0024ab4>] (warn_slowpath_common) from [<c0024b08>] (warn_slowpath_fmt+0x2c/0x3c)
[    0.226789] [<c0024b08>] (warn_slowpath_fmt) from [<c018e834>] (kobject_add_internal+0x240/0x2ac)
[    0.227542] [<c018e834>] (kobject_add_internal) from [<c018e9a8>] (kset_register+0x1c/0x44)
[    0.228451] [<c018e9a8>] (kset_register) from [<c02090b4>] (__class_register+0xa8/0x198)
[    0.229090] [<c02090b4>] (__class_register) from [<c02091e4>] (__class_create+0x40/0x70)
[    0.229560] [<c02091e4>] (__class_create) from [<c01adf68>] (register_devfs_stubs+0x314/0xbb4)
[    0.230378] [<c01adf68>] (register_devfs_stubs) from [<c05d9b08>] (init_module+0x28/0xa4)
[    0.231337] [<c05d9b08>] (init_module) from [<c0009670>] (do_one_initcall+0x104/0x1b4)
[    0.231906] [<c0009670>] (do_one_initcall) from [<c05c7d08>] (kernel_init_freeable+0xf0/0x1b0)
[    0.232773] [<c05c7d08>] (kernel_init_freeable) from [<c040f28c>] (kernel_init+0x8/0xe4)
[    0.233622] [<c040f28c>] (kernel_init) from [<c0016da8>] (ret_from_fork+0x14/0x2c)
[    0.234354] ---[ end trace 87cdb887f35c0c8c ]---
[    0.235069] firmadyne: Cannot create device class: gpio!
[    0.236991] firmadyne: Cannot register character device: watchdog, 0xa, 0x82!
[    0.238159] firmadyne: Cannot register character device: wdt, 0xfd, 0x0!
[    0.323969] Non-volatile memory driver v1.3
[    0.342057] brd: module loaded
[    0.350129] loop: module loaded
[    0.358804]  vda: vda1
[    0.362796] [nandsim] warning: read_byte: unexpected data output cycle, state is STATE_READY return 0x0
[    0.364545] [nandsim] warning: read_byte: unexpected data output cycle, state is STATE_READY return 0x0
[    0.366067] [nandsim] warning: read_byte: unexpected data output cycle, state is STATE_READY return 0x0
[    0.367723] [nandsim] warning: read_byte: unexpected data output cycle, state is STATE_READY return 0x0
[    0.369267] [nandsim] warning: read_byte: unexpected data output cycle, state is STATE_READY return 0x0
[    0.370776] [nandsim] warning: read_byte: unexpected data output cycle, state is STATE_READY return 0x0
[    0.371891] nand: device found, Manufacturer ID: 0x98, Chip ID: 0x39
[    0.373260] nand: Toshiba NAND 128MiB 1,8V 8-bit
[    0.373989] nand: 128 MiB, SLC, erase size: 16 KiB, page size: 512, OOB size: 16
[    0.375504] flash size: 128 MiB
[    0.376003] page size: 512 bytes
[    0.376509] OOB area size: 16 bytes
[    0.377043] sector size: 16 KiB
[    0.377531] pages number: 262144
[    0.378031] pages per sector: 32
[    0.378540] bus width: 8
[    0.378652] bits in sector size: 14
[    0.378950] bits in page size: 9
[    0.379119] bits in OOB size: 4
[    0.379569] flash size with OOB: 135168 KiB
[    0.379825] page address bytes: 4
[    0.380111] sector address bytes: 3
[    0.380381] options: 0x42
[    0.384903] Scanning device for bad blocks
[    0.488758] Creating 11 MTD partitions on "NAND 128MiB 1,8V 8-bit":
[    0.490066] 0x000000000000-0x000000100000 : "NAND simulator partition 0"
[    0.493992] 0x000000100000-0x000000200000 : "NAND simulator partition 1"
[    0.496133] 0x000000200000-0x000000300000 : "NAND simulator partition 2"
[    0.498598] 0x000000300000-0x000000400000 : "NAND simulator partition 3"
[    0.500748] 0x000000400000-0x000000500000 : "NAND simulator partition 4"
[    0.502993] 0x000000500000-0x000000600000 : "NAND simulator partition 5"
[    0.505105] 0x000000600000-0x000000700000 : "NAND simulator partition 6"
[    0.507429] 0x000000700000-0x000000800000 : "NAND simulator partition 7"
[    0.509672] 0x000000800000-0x000000900000 : "NAND simulator partition 8"
[    0.511872] 0x000000900000-0x000000a00000 : "NAND simulator partition 9"
[    0.514207] 0x000000a00000-0x000008000000 : "NAND simulator partition 10"
[    0.519106] tun: Universal TUN/TAP device driver, 1.6
[    0.519931] tun: (C) 1999-2004 Max Krasnyansky <maxk@qualcomm.com>
[    0.533614] PPP generic driver version 2.4.2
[    0.534890] PPP BSD Compression module registered
[    0.535707] PPP Deflate Compression module registered
[    0.536583] PPP MPPE Compression module registered
[    0.537346] NET: Registered protocol family 24
[    0.538267] PPTP driver version 0.8.5
[    0.539820] usbcore: registered new interface driver usb-storage
[    0.542027] hidraw: raw HID events driver (C) Jiri Kosina
[    0.543476] usbcore: registered new interface driver usbhid
[    0.544342] usbhid: USB HID core driver
[    0.545305] Netfilter messages via NETLINK v0.30.
[    0.546477] nf_conntrack version 0.5.0 (3958 buckets, 15832 max)
[    0.548406] ctnetlink v0.93: registering with nfnetlink.
[    0.550280] ipip: IPv4 over IPv4 tunneling driver
[    0.552479] gre: GRE over IPv4 demultiplexor driver
[    0.553513] ip_gre: GRE over IPv4 tunneling driver
[    0.557861] ip_tables: (C) 2000-2006 Netfilter Core Team
[    0.559950] arp_tables: (C) 2002 David S. Miller
[    0.561490] Initializing XFRM netlink socket
[    0.562541] NET: Registered protocol family 10
[    0.568563] ip6_tables: (C) 2000-2006 Netfilter Core Team
[    0.570738] sit: IPv6 over IPv4 tunneling driver
[    0.574767] NET: Registered protocol family 17
[    0.575939] bridge: automatic filtering via arp/ip/ip6tables has been deprecated. Update your scripts to load br_netfilter if you need this.
[    0.577931] Bridge firewalling registered
[    0.578693] Ebtables v2.0 registered
[    0.580311] 8021q: 802.1Q VLAN Support v1.8
[    0.581439] Registering SWP/SWPB emulation handler
[    0.583945] hctosys: unable to open rtc device (rtc0)
[    0.598320] UDF-fs: warning (device vda1): udf_fill_super: No partition found (2)
[    0.613650] UDF-fs: warning (device vda1): udf_fill_super: No partition found (2)
[    0.615135] List of all partitions:
[    0.615995] 0100            8192 ram0  (driver?)
[    0.616860] 0101            8192 ram1  (driver?)
[    0.617573] 0102            8192 ram2  (driver?)
[    0.618335] 0103            8192 ram3  (driver?)
[    0.619204] 0104            8192 ram4  (driver?)
[    0.620021] 0105            8192 ram5  (driver?)
[    0.620797] 0106            8192 ram6  (driver?)
[    0.621505] 0107            8192 ram7  (driver?)
[    0.622339] 0108            8192 ram8  (driver?)
[    0.623482] 0109            8192 ram9  (driver?)
[    0.624277] 010a            8192 ram10  (driver?)
[    0.624997] 010b            8192 ram11  (driver?)
[    0.625324] 010c            8192 ram12  (driver?)
[    0.625829] 010d            8192 ram13  (driver?)
[    0.626326] 010e            8192 ram14  (driver?)
[    0.626669] 010f            8192 ram15  (driver?)
[    0.627100] fe00         1048576 vda  driver: virtio_blk
[    0.627860]   fe01         1047552 vda1 34391adc-01
[    0.628273] 1f00            1024 mtdblock0  (driver?)
[    0.628753] 1f01            1024 mtdblock1  (driver?)
[    0.629253] 1f02            1024 mtdblock2  (driver?)
[    0.629881] 1f03            1024 mtdblock3  (driver?)
[    0.630254] 1f04            1024 mtdblock4  (driver?)
[    0.630807] 1f05            1024 mtdblock5  (driver?)
[    0.631083] 1f06            1024 mtdblock6  (driver?)
[    0.631692] 1f07            1024 mtdblock7  (driver?)
[    0.631981] 1f08            1024 mtdblock8  (driver?)
[    0.632585] 1f09            1024 mtdblock9  (driver?)
[    0.633301] 1f0a          120832 mtdblock10  (driver?)
[    0.633708] No filesystem could mount root, tried:  ext3 ext2 ext4 cramfs squashfs vfat iso9660 romfs udf
[    0.635017] Kernel panic - not syncing: VFS: Unable to mount root fs on unknown-block(254,1)
[    0.638047] CPU: 0 PID: 1 Comm: swapper Tainted: G        W       4.1.17+ #1
[    0.639110] Hardware name: Generic DT based system
[    0.639934] [<c001c99c>] (unwind_backtrace) from [<c0019d30>] (show_stack+0x10/0x14)
[    0.641215] [<c0019d30>] (show_stack) from [<c0410b78>] (panic+0x70/0x1c8)
[    0.642483] [<c0410b78>] (panic) from [<c05c81bc>] (mount_block_root+0x268/0x2ac)
[    0.643964] [<c05c81bc>] (mount_block_root) from [<c05c84a4>] (prepare_namespace+0x158/0x1ac)
[    0.645150] [<c05c84a4>] (prepare_namespace) from [<c05c7d84>] (kernel_init_freeable+0x16c/0x1b0)
[    0.645875] [<c05c7d84>] (kernel_init_freeable) from [<c040f28c>] (kernel_init+0x8/0xe4)
[    0.646457] [<c040f28c>] (kernel_init) from [<c0016da8>] (ret_from_fork+0x14/0x2c)
[    0.647588] ---[ end Kernel panic - not syncing: VFS: Unable to mount root fs on unknown-block(254,1)
