[    0.000000] Booting Linux on physical CPU 0x0
[    0.000000] Linux version 4.1.17+ (vagrant@vagrant-ubuntu-trusty-64) (gcc version 5.3.0 (GCC) ) #1 Thu Feb 18 01:05:21 UTC 2016
[    0.000000] CPU: ARMv7 Processor [412fc0f1] revision 1 (ARMv7), cr=10c5387d
[    0.000000] CPU: PIPT / VIPT nonaliasing data cache, PIPT instruction cache
[    0.000000] Machine model: linux,dummy-virt
[    0.000000] debug: ignoring loglevel setting.
[    0.000000] Memory policy: Data cache writeback
[    0.000000] On node 0 totalpages: 65536
[    0.000000] free_area_init_node: node 0, pgdat c061dfe8, node_mem_map cfdf9000
[    0.000000]   Normal zone: 512 pages used for memmap
[    0.000000]   Normal zone: 0 pages reserved
[    0.000000]   Normal zone: 65536 pages, LIFO batch:15
[    0.000000] CPU: All CPU(s) started in SVC mode.
[    0.000000] pcpu-alloc: s0 r0 d32768 u32768 alloc=1*32768
[    0.000000] pcpu-alloc: [0] 0 
[    0.000000] Built 1 zonelists in Zone order, mobility grouping on.  Total pages: 65024
[    0.000000] Kernel command line: firmadyne.syscall=1 root=/dev/vda1 console=ttyS0 nandsim.parts=64,64,64,64,64,64,64,64,64,64 rdinit=/firmadyne/preInit.sh rw debug ignore_loglevel print-fatal-signals=1 user_debug=31
[    0.000000] PID hash table entries: 1024 (order: 0, 4096 bytes)
[    0.000000] Dentry cache hash table entries: 32768 (order: 5, 131072 bytes)
[    0.000000] Inode-cache hash table entries: 16384 (order: 4, 65536 bytes)
[    0.000000] Memory: 253344K/262144K available (4297K kernel code, 170K rwdata, 1584K rodata, 180K init, 148K bss, 8800K reserved, 0K cma-reserved)
[    0.000000] Virtual kernel memory layout:
[    0.000000]     vector  : 0xffff0000 - 0xffff1000   (   4 kB)
[    0.000000]     fixmap  : 0xffc00000 - 0xfff00000   (3072 kB)
[    0.000000]     vmalloc : 0xd0800000 - 0xff000000   ( 744 MB)
[    0.000000]     lowmem  : 0xc0000000 - 0xd0000000   ( 256 MB)
[    0.000000]     modules : 0xbf000000 - 0xc0000000   (  16 MB)
[    0.000000]       .text : 0xc0008000 - 0xc05c67bc   (5882 kB)
[    0.000000]       .init : 0xc05c7000 - 0xc05f4000   ( 180 kB)
[    0.000000]       .data : 0xc05f4000 - 0xc061e840   ( 171 kB)
[    0.000000]        .bss : 0xc0621000 - 0xc06462d4   ( 149 kB)
[    0.000000] NR_IRQS:16 nr_irqs:16 16
[    0.000000] Architected cp15 timer(s) running at 62.50MHz (virt).
[    0.000000] clocksource arch_sys_counter: mask: 0xffffffffffffff max_cycles: 0x1cd42e208c, max_idle_ns: 881590405314 ns
[    0.000115] sched_clock: 56 bits at 62MHz, resolution 16ns, wraps every 4398046511096ns
[    0.000205] Switching to timer-based delay loop, resolution 16ns
[    0.002938] Console: colour dummy device 80x30
[    0.003202] Calibrating delay loop (skipped), value calculated using timer frequency.. 125.00 BogoMIPS (lpj=625000)
[    0.003291] pid_max: default: 32768 minimum: 301
[    0.003955] Mount-cache hash table entries: 1024 (order: 0, 4096 bytes)
[    0.003980] Mountpoint-cache hash table entries: 1024 (order: 0, 4096 bytes)
[    0.008960] CPU: Testing write buffer coherency: ok
[    0.015506] Setting up static identity map for 0x40008240 - 0x40008298
[    0.026418] VFP support v0.3: implementor 41 architecture 4 part 30 variant f rev 0
[    0.035515] clocksource jiffies: mask: 0xffffffff max_cycles: 0xffffffff, max_idle_ns: 19112604462750000 ns
[    0.041947] NET: Registered protocol family 16
[    0.044421] DMA: preallocated 256 KiB pool for atomic coherent allocations
[    0.047348] cpuidle: using governor ladder
[    0.047472] cpuidle: using governor menu
[    0.050221] genirq: Setting trigger mode 1 for irq 20 failed (gic_set_type+0x0/0x48)
[    0.051562] genirq: Setting trigger mode 1 for irq 21 failed (gic_set_type+0x0/0x48)
[    0.051825] genirq: Setting trigger mode 1 for irq 22 failed (gic_set_type+0x0/0x48)
[    0.052085] genirq: Setting trigger mode 1 for irq 23 failed (gic_set_type+0x0/0x48)
[    0.052389] genirq: Setting trigger mode 1 for irq 24 failed (gic_set_type+0x0/0x48)
[    0.052648] genirq: Setting trigger mode 1 for irq 25 failed (gic_set_type+0x0/0x48)
[    0.053094] genirq: Setting trigger mode 1 for irq 26 failed (gic_set_type+0x0/0x48)
[    0.053313] genirq: Setting trigger mode 1 for irq 27 failed (gic_set_type+0x0/0x48)
[    0.053656] genirq: Setting trigger mode 1 for irq 28 failed (gic_set_type+0x0/0x48)
[    0.053913] genirq: Setting trigger mode 1 for irq 29 failed (gic_set_type+0x0/0x48)
[    0.054149] genirq: Setting trigger mode 1 for irq 30 failed (gic_set_type+0x0/0x48)
[    0.054400] genirq: Setting trigger mode 1 for irq 31 failed (gic_set_type+0x0/0x48)
[    0.054635] genirq: Setting trigger mode 1 for irq 32 failed (gic_set_type+0x0/0x48)
[    0.054871] genirq: Setting trigger mode 1 for irq 33 failed (gic_set_type+0x0/0x48)
[    0.055070] genirq: Setting trigger mode 1 for irq 34 failed (gic_set_type+0x0/0x48)
[    0.055293] genirq: Setting trigger mode 1 for irq 35 failed (gic_set_type+0x0/0x48)
[    0.055556] genirq: Setting trigger mode 1 for irq 36 failed (gic_set_type+0x0/0x48)
[    0.055816] genirq: Setting trigger mode 1 for irq 37 failed (gic_set_type+0x0/0x48)
[    0.056096] genirq: Setting trigger mode 1 for irq 38 failed (gic_set_type+0x0/0x48)
[    0.056348] genirq: Setting trigger mode 1 for irq 39 failed (gic_set_type+0x0/0x48)
[    0.056591] genirq: Setting trigger mode 1 for irq 40 failed (gic_set_type+0x0/0x48)
[    0.056845] genirq: Setting trigger mode 1 for irq 41 failed (gic_set_type+0x0/0x48)
[    0.057064] genirq: Setting trigger mode 1 for irq 42 failed (gic_set_type+0x0/0x48)
[    0.057281] genirq: Setting trigger mode 1 for irq 43 failed (gic_set_type+0x0/0x48)
[    0.057514] genirq: Setting trigger mode 1 for irq 44 failed (gic_set_type+0x0/0x48)
[    0.057796] genirq: Setting trigger mode 1 for irq 45 failed (gic_set_type+0x0/0x48)
[    0.058044] genirq: Setting trigger mode 1 for irq 46 failed (gic_set_type+0x0/0x48)
[    0.058328] genirq: Setting trigger mode 1 for irq 47 failed (gic_set_type+0x0/0x48)
[    0.058582] genirq: Setting trigger mode 1 for irq 48 failed (gic_set_type+0x0/0x48)
[    0.058825] genirq: Setting trigger mode 1 for irq 49 failed (gic_set_type+0x0/0x48)
[    0.059032] genirq: Setting trigger mode 1 for irq 50 failed (gic_set_type+0x0/0x48)
[    0.059239] genirq: Setting trigger mode 1 for irq 51 failed (gic_set_type+0x0/0x48)
[    0.059613] genirq: Setting trigger mode 1 for irq 52 failed (gic_set_type+0x0/0x48)
[    0.062319] Serial: AMBA PL011 UART driver
[    0.064133] 9000000.pl011: ttyS0 at MMIO 0x9000000 (irq = 52, base_baud = 0) is a PL011 rev1
[    0.083779] console [ttyS0] enabled
[    0.101524] vgaarb: loaded
[    0.102715] SCSI subsystem initialized
[    0.103579] usbcore: registered new interface driver usbfs
[    0.104070] usbcore: registered new interface driver hub
[    0.104383] usbcore: registered new device driver usb
[    0.111127] cfg80211: Calling CRDA to update world regulatory domain
[    0.112840] Switched to clocksource arch_sys_counter
[    0.126333] NET: Registered protocol family 2
[    0.129857] TCP established hash table entries: 2048 (order: 1, 8192 bytes)
[    0.130202] TCP bind hash table entries: 2048 (order: 1, 8192 bytes)
[    0.130578] TCP: Hash tables configured (established 2048 bind 2048)
[    0.131087] UDP hash table entries: 256 (order: 0, 4096 bytes)
[    0.131350] UDP-Lite hash table entries: 256 (order: 0, 4096 bytes)
[    0.132450] NET: Registered protocol family 1
[    0.133320] PCI: CLS 0 bytes, default 64
[    0.138963] NetWinder Floating Point Emulator V0.97 (extended precision)
[    0.140935] futex hash table entries: 256 (order: -1, 3072 bytes)
[    0.145466] squashfs: version 4.0 (2009/01/31) Phillip Lougher
[    0.146416] jffs2: version 2.2. (NAND) Â© 2001-2006 Red Hat, Inc.
[    0.147179] romfs: ROMFS MTD (C) 2007 Red Hat, Inc.
[    0.153720] Block layer SCSI generic (bsg) driver version 0.4 loaded (major 253)
[    0.154103] io scheduler noop registered
[    0.154358] io scheduler cfq registered (default)
[    0.154992] firmadyne: devfs: 1, execute: 1, procfs: 1, syscall: 1
[    0.156104] ------------[ cut here ]------------
[    0.156312] WARNING: CPU: 0 PID: 1 at /home/vagrant/firmadyne-kernel/kernel-v4.1/fs/sysfs/dir.c:31 sysfs_warn_dup+0x50/0x6c()
[    0.156707] sysfs: cannot create duplicate filename '/class/gpio'
[    0.156921] Modules linked in:
[    0.157186] CPU: 0 PID: 1 Comm: swapper Not tainted 4.1.17+ #1
[    0.157378] Hardware name: Generic DT based system
[    0.158052] [<c001c99c>] (unwind_backtrace) from [<c0019d30>] (show_stack+0x10/0x14)
[    0.158420] [<c0019d30>] (show_stack) from [<c0024ab4>] (warn_slowpath_common+0x80/0xa8)
[    0.158743] [<c0024ab4>] (warn_slowpath_common) from [<c0024b08>] (warn_slowpath_fmt+0x2c/0x3c)
[    0.159098] [<c0024b08>] (warn_slowpath_fmt) from [<c00e363c>] (sysfs_warn_dup+0x50/0x6c)
[    0.159371] [<c00e363c>] (sysfs_warn_dup) from [<c00e3714>] (sysfs_create_dir_ns+0x74/0x84)
[    0.159640] [<c00e3714>] (sysfs_create_dir_ns) from [<c018e6ac>] (kobject_add_internal+0xb8/0x2ac)
[    0.159926] [<c018e6ac>] (kobject_add_internal) from [<c018e9a8>] (kset_register+0x1c/0x44)
[    0.160246] [<c018e9a8>] (kset_register) from [<c02090b4>] (__class_register+0xa8/0x198)
[    0.160549] [<c02090b4>] (__class_register) from [<c02091e4>] (__class_create+0x40/0x70)
[    0.160854] [<c02091e4>] (__class_create) from [<c01adf68>] (register_devfs_stubs+0x314/0xbb4)
[    0.161186] [<c01adf68>] (register_devfs_stubs) from [<c05d9b08>] (init_module+0x28/0xa4)
[    0.161468] [<c05d9b08>] (init_module) from [<c0009670>] (do_one_initcall+0x104/0x1b4)
[    0.161786] [<c0009670>] (do_one_initcall) from [<c05c7d08>] (kernel_init_freeable+0xf0/0x1b0)
[    0.162107] [<c05c7d08>] (kernel_init_freeable) from [<c040f28c>] (kernel_init+0x8/0xe4)
[    0.162406] [<c040f28c>] (kernel_init) from [<c0016da8>] (ret_from_fork+0x14/0x2c)
[    0.162971] ---[ end trace 88e8366a6858dd5c ]---
[    0.163425] ------------[ cut here ]------------
[    0.163600] WARNING: CPU: 0 PID: 1 at /home/vagrant/firmadyne-kernel/kernel-v4.1/lib/kobject.c:240 kobject_add_internal+0x240/0x2ac()
[    0.163961] kobject_add_internal failed for gpio with -EEXIST, don't try to register things with the same name in the same directory.
[    0.164320] Modules linked in:
[    0.164476] CPU: 0 PID: 1 Comm: swapper Tainted: G        W       4.1.17+ #1
[    0.164694] Hardware name: Generic DT based system
[    0.164866] [<c001c99c>] (unwind_backtrace) from [<c0019d30>] (show_stack+0x10/0x14)
[    0.165120] [<c0019d30>] (show_stack) from [<c0024ab4>] (warn_slowpath_common+0x80/0xa8)
[    0.165385] [<c0024ab4>] (warn_slowpath_common) from [<c0024b08>] (warn_slowpath_fmt+0x2c/0x3c)
[    0.165732] [<c0024b08>] (warn_slowpath_fmt) from [<c018e834>] (kobject_add_internal+0x240/0x2ac)
[    0.166063] [<c018e834>] (kobject_add_internal) from [<c018e9a8>] (kset_register+0x1c/0x44)
[    0.166376] [<c018e9a8>] (kset_register) from [<c02090b4>] (__class_register+0xa8/0x198)
[    0.166678] [<c02090b4>] (__class_register) from [<c02091e4>] (__class_create+0x40/0x70)
[    0.166983] [<c02091e4>] (__class_create) from [<c01adf68>] (register_devfs_stubs+0x314/0xbb4)
[    0.167308] [<c01adf68>] (register_devfs_stubs) from [<c05d9b08>] (init_module+0x28/0xa4)
[    0.167626] [<c05d9b08>] (init_module) from [<c0009670>] (do_one_initcall+0x104/0x1b4)
[    0.167925] [<c0009670>] (do_one_initcall) from [<c05c7d08>] (kernel_init_freeable+0xf0/0x1b0)
[    0.168247] [<c05c7d08>] (kernel_init_freeable) from [<c040f28c>] (kernel_init+0x8/0xe4)
[    0.168722] [<c040f28c>] (kernel_init) from [<c0016da8>] (ret_from_fork+0x14/0x2c)
[    0.169069] ---[ end trace 88e8366a6858dd5d ]---
[    0.169303] firmadyne: Cannot create device class: gpio!
[    0.170865] firmadyne: Cannot register character device: watchdog, 0xa, 0x82!
[    0.171156] firmadyne: Cannot register character device: wdt, 0xfd, 0x0!
[    0.268708] Non-volatile memory driver v1.3
[    0.287818] brd: module loaded
[    0.296213] loop: module loaded
[    0.304476]  vda: vda1
[    0.308442] [nandsim] warning: read_byte: unexpected data output cycle, state is STATE_READY return 0x0
[    0.308813] [nandsim] warning: read_byte: unexpected data output cycle, state is STATE_READY return 0x0
[    0.309146] [nandsim] warning: read_byte: unexpected data output cycle, state is STATE_READY return 0x0
[    0.309476] [nandsim] warning: read_byte: unexpected data output cycle, state is STATE_READY return 0x0
[    0.309824] [nandsim] warning: read_byte: unexpected data output cycle, state is STATE_READY return 0x0
[    0.310156] [nandsim] warning: read_byte: unexpected data output cycle, state is STATE_READY return 0x0
[    0.310699] nand: device found, Manufacturer ID: 0x98, Chip ID: 0x39
[    0.310947] nand: Toshiba NAND 128MiB 1,8V 8-bit
[    0.311141] nand: 128 MiB, SLC, erase size: 16 KiB, page size: 512, OOB size: 16
[    0.312059] flash size: 128 MiB
[    0.312191] page size: 512 bytes
[    0.312318] OOB area size: 16 bytes
[    0.312453] sector size: 16 KiB
[    0.312575] pages number: 262144
[    0.312901] pages per sector: 32
[    0.313031] bus width: 8
[    0.313133] bits in sector size: 14
[    0.313268] bits in page size: 9
[    0.313398] bits in OOB size: 4
[    0.313545] flash size with OOB: 135168 KiB
[    0.313708] page address bytes: 4
[    0.313838] sector address bytes: 3
[    0.313974] options: 0x42
[    0.318530] Scanning device for bad blocks
[    0.444881] Creating 11 MTD partitions on "NAND 128MiB 1,8V 8-bit":
[    0.445376] 0x000000000000-0x000000100000 : "NAND simulator partition 0"
[    0.448347] 0x000000100000-0x000000200000 : "NAND simulator partition 1"
[    0.449759] 0x000000200000-0x000000300000 : "NAND simulator partition 2"
[    0.451080] 0x000000300000-0x000000400000 : "NAND simulator partition 3"
[    0.452444] 0x000000400000-0x000000500000 : "NAND simulator partition 4"
[    0.453996] 0x000000500000-0x000000600000 : "NAND simulator partition 5"
[    0.455378] 0x000000600000-0x000000700000 : "NAND simulator partition 6"
[    0.456743] 0x000000700000-0x000000800000 : "NAND simulator partition 7"
[    0.458214] 0x000000800000-0x000000900000 : "NAND simulator partition 8"
[    0.459736] 0x000000900000-0x000000a00000 : "NAND simulator partition 9"
[    0.461098] 0x000000a00000-0x000008000000 : "NAND simulator partition 10"
[    0.465581] tun: Universal TUN/TAP device driver, 1.6
[    0.465785] tun: (C) 1999-2004 Max Krasnyansky <maxk@qualcomm.com>
[    0.486360] PPP generic driver version 2.4.2
[    0.487058] PPP BSD Compression module registered
[    0.487283] PPP Deflate Compression module registered
[    0.487596] PPP MPPE Compression module registered
[    0.487815] NET: Registered protocol family 24
[    0.488154] PPTP driver version 0.8.5
[    0.489072] usbcore: registered new interface driver usb-storage
[    0.490678] hidraw: raw HID events driver (C) Jiri Kosina
[    0.491205] usbcore: registered new interface driver usbhid
[    0.491435] usbhid: USB HID core driver
[    0.491909] Netfilter messages via NETLINK v0.30.
[    0.492511] nf_conntrack version 0.5.0 (3958 buckets, 15832 max)
[    0.494083] ctnetlink v0.93: registering with nfnetlink.
[    0.495421] ipip: IPv4 over IPv4 tunneling driver
[    0.497266] gre: GRE over IPv4 demultiplexor driver
[    0.497491] ip_gre: GRE over IPv4 tunneling driver
[    0.501665] ip_tables: (C) 2000-2006 Netfilter Core Team
[    0.503404] arp_tables: (C) 2002 David S. Miller
[    0.504453] Initializing XFRM netlink socket
[    0.504957] NET: Registered protocol family 10
[    0.511196] ip6_tables: (C) 2000-2006 Netfilter Core Team
[    0.512960] sit: IPv6 over IPv4 tunneling driver
[    0.516511] NET: Registered protocol family 17
[    0.517106] bridge: automatic filtering via arp/ip/ip6tables has been deprecated. Update your scripts to load br_netfilter if you need this.
[    0.517653] Bridge firewalling registered
[    0.517849] Ebtables v2.0 registered
[    0.518909] 8021q: 802.1Q VLAN Support v1.8
[    0.519551] Registering SWP/SWPB emulation handler
[    0.521473] hctosys: unable to open rtc device (rtc0)
[    0.537541] UDF-fs: warning (device vda1): udf_fill_super: No partition found (2)
[    0.553362] UDF-fs: warning (device vda1): udf_fill_super: No partition found (2)
[    0.553754] List of all partitions:
[    0.554035] 0100            8192 ram0  (driver?)
[    0.554258] 0101            8192 ram1  (driver?)
[    0.554442] 0102            8192 ram2  (driver?)
[    0.554622] 0103            8192 ram3  (driver?)
[    0.554803] 0104            8192 ram4  (driver?)
[    0.554983] 0105            8192 ram5  (driver?)
[    0.555163] 0106            8192 ram6  (driver?)
[    0.555356] 0107            8192 ram7  (driver?)
[    0.555549] 0108            8192 ram8  (driver?)
[    0.555730] 0109            8192 ram9  (driver?)
[    0.555910] 010a            8192 ram10  (driver?)
[    0.556094] 010b            8192 ram11  (driver?)
[    0.556278] 010c            8192 ram12  (driver?)
[    0.556461] 010d            8192 ram13  (driver?)
[    0.556643] 010e            8192 ram14  (driver?)
[    0.556825] 010f            8192 ram15  (driver?)
[    0.557013] fe00         1048576 vda  driver: virtio_blk
[    0.557237]   fe01         1047552 vda1 5b2a1783-01
[    0.557430] 1f00            1024 mtdblock0  (driver?)
[    0.557641] 1f01            1024 mtdblock1  (driver?)
[    0.557836] 1f02            1024 mtdblock2  (driver?)
[    0.558031] 1f03            1024 mtdblock3  (driver?)
[    0.558229] 1f04            1024 mtdblock4  (driver?)
[    0.558425] 1f05            1024 mtdblock5  (driver?)
[    0.558620] 1f06            1024 mtdblock6  (driver?)
[    0.558815] 1f07            1024 mtdblock7  (driver?)
[    0.559010] 1f08            1024 mtdblock8  (driver?)
[    0.559207] 1f09            1024 mtdblock9  (driver?)
[    0.559413] 1f0a          120832 mtdblock10  (driver?)
[    0.559634] No filesystem could mount root, tried:  ext3 ext2 ext4 cramfs squashfs vfat iso9660 romfs udf
[    0.560177] Kernel panic - not syncing: VFS: Unable to mount root fs on unknown-block(254,1)
[    0.560540] CPU: 0 PID: 1 Comm: swapper Tainted: G        W       4.1.17+ #1
[    0.560793] Hardware name: Generic DT based system
[    0.561020] [<c001c99c>] (unwind_backtrace) from [<c0019d30>] (show_stack+0x10/0x14)
[    0.561316] [<c0019d30>] (show_stack) from [<c0410b78>] (panic+0x70/0x1c8)
[    0.561605] [<c0410b78>] (panic) from [<c05c81bc>] (mount_block_root+0x268/0x2ac)
[    0.561892] [<c05c81bc>] (mount_block_root) from [<c05c84a4>] (prepare_namespace+0x158/0x1ac)
[    0.562210] [<c05c84a4>] (prepare_namespace) from [<c05c7d84>] (kernel_init_freeable+0x16c/0x1b0)
[    0.562535] [<c05c7d84>] (kernel_init_freeable) from [<c040f28c>] (kernel_init+0x8/0xe4)
[    0.562927] [<c040f28c>] (kernel_init) from [<c0016da8>] (ret_from_fork+0x14/0x2c)
[    0.563402] ---[ end Kernel panic - not syncing: VFS: Unable to mount root fs on unknown-block(254,1)
