[    0.000000] Booting Linux on physical CPU 0x0
[    0.000000] Linux version 4.1.17+ (vagrant@vagrant-ubuntu-trusty-64) (gcc version 5.3.0 (GCC) ) #1 Thu Feb 18 01:05:21 UTC 2016
[    0.000000] CPU: ARMv7 Processor [412fc0f1] revision 1 (ARMv7), cr=10c5387d
[    0.000000] CPU: PIPT / VIPT nonaliasing data cache, PIPT instruction cache
[    0.000000] Machine model: linux,dummy-virt
[    0.000000] debug: ignoring loglevel setting.
[    0.000000] Memory policy: Data cache writeback
[    0.000000] On node 0 totalpages: 65536
[    0.000000] free_area_init_node: node 0, pgdat c061dfe8, node_mem_map cfdf9000
[    0.000000]   Normal zone: 512 pages used for memmap
[    0.000000]   Normal zone: 0 pages reserved
[    0.000000]   Normal zone: 65536 pages, LIFO batch:15
[    0.000000] CPU: All CPU(s) started in SVC mode.
[    0.000000] pcpu-alloc: s0 r0 d32768 u32768 alloc=1*32768
[    0.000000] pcpu-alloc: [0] 0 
[    0.000000] Built 1 zonelists in Zone order, mobility grouping on.  Total pages: 65024
[    0.000000] Kernel command line: firmadyne.syscall=1 root=/dev/vda1 console=ttyS0 nandsim.parts=64,64,64,64,64,64,64,64,64,64 rdinit=/firmadyne/preInit.sh rw debug ignore_loglevel print-fatal-signals=1 user_debug=31
[    0.000000] PID hash table entries: 1024 (order: 0, 4096 bytes)
[    0.000000] Dentry cache hash table entries: 32768 (order: 5, 131072 bytes)
[    0.000000] Inode-cache hash table entries: 16384 (order: 4, 65536 bytes)
[    0.000000] Memory: 253344K/262144K available (4297K kernel code, 170K rwdata, 1584K rodata, 180K init, 148K bss, 8800K reserved, 0K cma-reserved)
[    0.000000] Virtual kernel memory layout:
[    0.000000]     vector  : 0xffff0000 - 0xffff1000   (   4 kB)
[    0.000000]     fixmap  : 0xffc00000 - 0xfff00000   (3072 kB)
[    0.000000]     vmalloc : 0xd0800000 - 0xff000000   ( 744 MB)
[    0.000000]     lowmem  : 0xc0000000 - 0xd0000000   ( 256 MB)
[    0.000000]     modules : 0xbf000000 - 0xc0000000   (  16 MB)
[    0.000000]       .text : 0xc0008000 - 0xc05c67bc   (5882 kB)
[    0.000000]       .init : 0xc05c7000 - 0xc05f4000   ( 180 kB)
[    0.000000]       .data : 0xc05f4000 - 0xc061e840   ( 171 kB)
[    0.000000]        .bss : 0xc0621000 - 0xc06462d4   ( 149 kB)
[    0.000000] NR_IRQS:16 nr_irqs:16 16
[    0.000000] Architected cp15 timer(s) running at 62.50MHz (virt).
[    0.000000] clocksource arch_sys_counter: mask: 0xffffffffffffff max_cycles: 0x1cd42e208c, max_idle_ns: 881590405314 ns
[    0.000144] sched_clock: 56 bits at 62MHz, resolution 16ns, wraps every 4398046511096ns
[    0.000258] Switching to timer-based delay loop, resolution 16ns
[    0.002767] Console: colour dummy device 80x30
[    0.003030] Calibrating delay loop (skipped), value calculated using timer frequency.. 125.00 BogoMIPS (lpj=625000)
[    0.003137] pid_max: default: 32768 minimum: 301
[    0.003869] Mount-cache hash table entries: 1024 (order: 0, 4096 bytes)
[    0.003902] Mountpoint-cache hash table entries: 1024 (order: 0, 4096 bytes)
[    0.011344] CPU: Testing write buffer coherency: ok
[    0.016261] Setting up static identity map for 0x40008240 - 0x40008298
[    0.028048] VFP support v0.3: implementor 41 architecture 4 part 30 variant f rev 0
[    0.037903] clocksource jiffies: mask: 0xffffffff max_cycles: 0xffffffff, max_idle_ns: 19112604462750000 ns
[    0.045346] NET: Registered protocol family 16
[    0.047826] DMA: preallocated 256 KiB pool for atomic coherent allocations
[    0.050983] cpuidle: using governor ladder
[    0.051106] cpuidle: using governor menu
[    0.054163] genirq: Setting trigger mode 1 for irq 20 failed (gic_set_type+0x0/0x48)
[    0.055596] genirq: Setting trigger mode 1 for irq 21 failed (gic_set_type+0x0/0x48)
[    0.055856] genirq: Setting trigger mode 1 for irq 22 failed (gic_set_type+0x0/0x48)
[    0.056117] genirq: Setting trigger mode 1 for irq 23 failed (gic_set_type+0x0/0x48)
[    0.056380] genirq: Setting trigger mode 1 for irq 24 failed (gic_set_type+0x0/0x48)
[    0.056630] genirq: Setting trigger mode 1 for irq 25 failed (gic_set_type+0x0/0x48)
[    0.056868] genirq: Setting trigger mode 1 for irq 26 failed (gic_set_type+0x0/0x48)
[    0.057109] genirq: Setting trigger mode 1 for irq 27 failed (gic_set_type+0x0/0x48)
[    0.057442] genirq: Setting trigger mode 1 for irq 28 failed (gic_set_type+0x0/0x48)
[    0.057695] genirq: Setting trigger mode 1 for irq 29 failed (gic_set_type+0x0/0x48)
[    0.057929] genirq: Setting trigger mode 1 for irq 30 failed (gic_set_type+0x0/0x48)
[    0.058187] genirq: Setting trigger mode 1 for irq 31 failed (gic_set_type+0x0/0x48)
[    0.058423] genirq: Setting trigger mode 1 for irq 32 failed (gic_set_type+0x0/0x48)
[    0.058664] genirq: Setting trigger mode 1 for irq 33 failed (gic_set_type+0x0/0x48)
[    0.058914] genirq: Setting trigger mode 1 for irq 34 failed (gic_set_type+0x0/0x48)
[    0.059144] genirq: Setting trigger mode 1 for irq 35 failed (gic_set_type+0x0/0x48)
[    0.059382] genirq: Setting trigger mode 1 for irq 36 failed (gic_set_type+0x0/0x48)
[    0.059624] genirq: Setting trigger mode 1 for irq 37 failed (gic_set_type+0x0/0x48)
[    0.059906] genirq: Setting trigger mode 1 for irq 38 failed (gic_set_type+0x0/0x48)
[    0.060156] genirq: Setting trigger mode 1 for irq 39 failed (gic_set_type+0x0/0x48)
[    0.060394] genirq: Setting trigger mode 1 for irq 40 failed (gic_set_type+0x0/0x48)
[    0.060638] genirq: Setting trigger mode 1 for irq 41 failed (gic_set_type+0x0/0x48)
[    0.060890] genirq: Setting trigger mode 1 for irq 42 failed (gic_set_type+0x0/0x48)
[    0.061141] genirq: Setting trigger mode 1 for irq 43 failed (gic_set_type+0x0/0x48)
[    0.061399] genirq: Setting trigger mode 1 for irq 44 failed (gic_set_type+0x0/0x48)
[    0.061659] genirq: Setting trigger mode 1 for irq 45 failed (gic_set_type+0x0/0x48)
[    0.061904] genirq: Setting trigger mode 1 for irq 46 failed (gic_set_type+0x0/0x48)
[    0.062196] genirq: Setting trigger mode 1 for irq 47 failed (gic_set_type+0x0/0x48)
[    0.062647] genirq: Setting trigger mode 1 for irq 48 failed (gic_set_type+0x0/0x48)
[    0.062927] genirq: Setting trigger mode 1 for irq 49 failed (gic_set_type+0x0/0x48)
[    0.063172] genirq: Setting trigger mode 1 for irq 50 failed (gic_set_type+0x0/0x48)
[    0.063412] genirq: Setting trigger mode 1 for irq 51 failed (gic_set_type+0x0/0x48)
[    0.063827] genirq: Setting trigger mode 1 for irq 52 failed (gic_set_type+0x0/0x48)
[    0.066876] Serial: AMBA PL011 UART driver
[    0.068514] 9000000.pl011: ttyS0 at MMIO 0x9000000 (irq = 52, base_baud = 0) is a PL011 rev1
[    0.089887] console [ttyS0] enabled
[    0.108935] vgaarb: loaded
[    0.110109] SCSI subsystem initialized
[    0.110987] usbcore: registered new interface driver usbfs
[    0.111350] usbcore: registered new interface driver hub
[    0.111693] usbcore: registered new device driver usb
[    0.119083] cfg80211: Calling CRDA to update world regulatory domain
[    0.121042] Switched to clocksource arch_sys_counter
[    0.135257] NET: Registered protocol family 2
[    0.139215] TCP established hash table entries: 2048 (order: 1, 8192 bytes)
[    0.139553] TCP bind hash table entries: 2048 (order: 1, 8192 bytes)
[    0.139921] TCP: Hash tables configured (established 2048 bind 2048)
[    0.140441] UDP hash table entries: 256 (order: 0, 4096 bytes)
[    0.140746] UDP-Lite hash table entries: 256 (order: 0, 4096 bytes)
[    0.142263] NET: Registered protocol family 1
[    0.142703] PCI: CLS 0 bytes, default 64
[    0.148443] NetWinder Floating Point Emulator V0.97 (extended precision)
[    0.150571] futex hash table entries: 256 (order: -1, 3072 bytes)
[    0.155140] squashfs: version 4.0 (2009/01/31) Phillip Lougher
[    0.156073] jffs2: version 2.2. (NAND) Â© 2001-2006 Red Hat, Inc.
[    0.156819] romfs: ROMFS MTD (C) 2007 Red Hat, Inc.
[    0.165159] Block layer SCSI generic (bsg) driver version 0.4 loaded (major 253)
[    0.165535] io scheduler noop registered
[    0.165788] io scheduler cfq registered (default)
[    0.166465] firmadyne: devfs: 1, execute: 1, procfs: 1, syscall: 1
[    0.167595] ------------[ cut here ]------------
[    0.167798] WARNING: CPU: 0 PID: 1 at /home/vagrant/firmadyne-kernel/kernel-v4.1/fs/sysfs/dir.c:31 sysfs_warn_dup+0x50/0x6c()
[    0.168197] sysfs: cannot create duplicate filename '/class/gpio'
[    0.168442] Modules linked in:
[    0.168747] CPU: 0 PID: 1 Comm: swapper Not tainted 4.1.17+ #1
[    0.168967] Hardware name: Generic DT based system
[    0.169625] [<c001c99c>] (unwind_backtrace) from [<c0019d30>] (show_stack+0x10/0x14)
[    0.169990] [<c0019d30>] (show_stack) from [<c0024ab4>] (warn_slowpath_common+0x80/0xa8)
[    0.170319] [<c0024ab4>] (warn_slowpath_common) from [<c0024b08>] (warn_slowpath_fmt+0x2c/0x3c)
[    0.170681] [<c0024b08>] (warn_slowpath_fmt) from [<c00e363c>] (sysfs_warn_dup+0x50/0x6c)
[    0.171211] [<c00e363c>] (sysfs_warn_dup) from [<c00e3714>] (sysfs_create_dir_ns+0x74/0x84)
[    0.171522] [<c00e3714>] (sysfs_create_dir_ns) from [<c018e6ac>] (kobject_add_internal+0xb8/0x2ac)
[    0.171850] [<c018e6ac>] (kobject_add_internal) from [<c018e9a8>] (kset_register+0x1c/0x44)
[    0.172159] [<c018e9a8>] (kset_register) from [<c02090b4>] (__class_register+0xa8/0x198)
[    0.172457] [<c02090b4>] (__class_register) from [<c02091e4>] (__class_create+0x40/0x70)
[    0.172756] [<c02091e4>] (__class_create) from [<c01adf68>] (register_devfs_stubs+0x314/0xbb4)
[    0.173075] [<c01adf68>] (register_devfs_stubs) from [<c05d9b08>] (init_module+0x28/0xa4)
[    0.173404] [<c05d9b08>] (init_module) from [<c0009670>] (do_one_initcall+0x104/0x1b4)
[    0.173700] [<c0009670>] (do_one_initcall) from [<c05c7d08>] (kernel_init_freeable+0xf0/0x1b0)
[    0.174016] [<c05c7d08>] (kernel_init_freeable) from [<c040f28c>] (kernel_init+0x8/0xe4)
[    0.174321] [<c040f28c>] (kernel_init) from [<c0016da8>] (ret_from_fork+0x14/0x2c)
[    0.174661] ---[ end trace ce7ae1fd7d8081a9 ]---
[    0.174915] ------------[ cut here ]------------
[    0.175098] WARNING: CPU: 0 PID: 1 at /home/vagrant/firmadyne-kernel/kernel-v4.1/lib/kobject.c:240 kobject_add_internal+0x240/0x2ac()
[    0.175511] kobject_add_internal failed for gpio with -EEXIST, don't try to register things with the same name in the same directory.
[    0.175951] Modules linked in:
[    0.176134] CPU: 0 PID: 1 Comm: swapper Tainted: G        W       4.1.17+ #1
[    0.176383] Hardware name: Generic DT based system
[    0.176577] [<c001c99c>] (unwind_backtrace) from [<c0019d30>] (show_stack+0x10/0x14)
[    0.176866] [<c0019d30>] (show_stack) from [<c0024ab4>] (warn_slowpath_common+0x80/0xa8)
[    0.177169] [<c0024ab4>] (warn_slowpath_common) from [<c0024b08>] (warn_slowpath_fmt+0x2c/0x3c)
[    0.177491] [<c0024b08>] (warn_slowpath_fmt) from [<c018e834>] (kobject_add_internal+0x240/0x2ac)
[    0.177815] [<c018e834>] (kobject_add_internal) from [<c018e9a8>] (kset_register+0x1c/0x44)
[    0.178122] [<c018e9a8>] (kset_register) from [<c02090b4>] (__class_register+0xa8/0x198)
[    0.178427] [<c02090b4>] (__class_register) from [<c02091e4>] (__class_create+0x40/0x70)
[    0.178737] [<c02091e4>] (__class_create) from [<c01adf68>] (register_devfs_stubs+0x314/0xbb4)
[    0.179053] [<c01adf68>] (register_devfs_stubs) from [<c05d9b08>] (init_module+0x28/0xa4)
[    0.179354] [<c05d9b08>] (init_module) from [<c0009670>] (do_one_initcall+0x104/0x1b4)
[    0.179648] [<c0009670>] (do_one_initcall) from [<c05c7d08>] (kernel_init_freeable+0xf0/0x1b0)
[    0.179961] [<c05c7d08>] (kernel_init_freeable) from [<c040f28c>] (kernel_init+0x8/0xe4)
[    0.180255] [<c040f28c>] (kernel_init) from [<c0016da8>] (ret_from_fork+0x14/0x2c)
[    0.180538] ---[ end trace ce7ae1fd7d8081aa ]---
[    0.180772] firmadyne: Cannot create device class: gpio!
[    0.182323] firmadyne: Cannot register character device: watchdog, 0xa, 0x82!
[    0.182602] firmadyne: Cannot register character device: wdt, 0xfd, 0x0!
[    0.276994] Non-volatile memory driver v1.3
[    0.296585] brd: module loaded
[    0.304734] loop: module loaded
[    0.312739]  vda: vda1
[    0.316570] [nandsim] warning: read_byte: unexpected data output cycle, state is STATE_READY return 0x0
[    0.316930] [nandsim] warning: read_byte: unexpected data output cycle, state is STATE_READY return 0x0
[    0.317258] [nandsim] warning: read_byte: unexpected data output cycle, state is STATE_READY return 0x0
[    0.317583] [nandsim] warning: read_byte: unexpected data output cycle, state is STATE_READY return 0x0
[    0.317906] [nandsim] warning: read_byte: unexpected data output cycle, state is STATE_READY return 0x0
[    0.318242] [nandsim] warning: read_byte: unexpected data output cycle, state is STATE_READY return 0x0
[    0.318788] nand: device found, Manufacturer ID: 0x98, Chip ID: 0x39
[    0.319033] nand: Toshiba NAND 128MiB 1,8V 8-bit
[    0.319223] nand: 128 MiB, SLC, erase size: 16 KiB, page size: 512, OOB size: 16
[    0.320094] flash size: 128 MiB
[    0.320220] page size: 512 bytes
[    0.320346] OOB area size: 16 bytes
[    0.320480] sector size: 16 KiB
[    0.320600] pages number: 262144
[    0.320723] pages per sector: 32
[    0.321050] bus width: 8
[    0.321153] bits in sector size: 14
[    0.321285] bits in page size: 9
[    0.321413] bits in OOB size: 4
[    0.321539] flash size with OOB: 135168 KiB
[    0.321696] page address bytes: 4
[    0.321823] sector address bytes: 3
[    0.321954] options: 0x42
[    0.326440] Scanning device for bad blocks
[    0.451295] Creating 11 MTD partitions on "NAND 128MiB 1,8V 8-bit":
[    0.451790] 0x000000000000-0x000000100000 : "NAND simulator partition 0"
[    0.454635] 0x000000100000-0x000000200000 : "NAND simulator partition 1"
[    0.455973] 0x000000200000-0x000000300000 : "NAND simulator partition 2"
[    0.457259] 0x000000300000-0x000000400000 : "NAND simulator partition 3"
[    0.458545] 0x000000400000-0x000000500000 : "NAND simulator partition 4"
[    0.459815] 0x000000500000-0x000000600000 : "NAND simulator partition 5"
[    0.461354] 0x000000600000-0x000000700000 : "NAND simulator partition 6"
[    0.462699] 0x000000700000-0x000000800000 : "NAND simulator partition 7"
[    0.464113] 0x000000800000-0x000000900000 : "NAND simulator partition 8"
[    0.465533] 0x000000900000-0x000000a00000 : "NAND simulator partition 9"
[    0.466868] 0x000000a00000-0x000008000000 : "NAND simulator partition 10"
[    0.471238] tun: Universal TUN/TAP device driver, 1.6
[    0.471437] tun: (C) 1999-2004 Max Krasnyansky <maxk@qualcomm.com>
[    0.488587] PPP generic driver version 2.4.2
[    0.489248] PPP BSD Compression module registered
[    0.489467] PPP Deflate Compression module registered
[    0.489738] PPP MPPE Compression module registered
[    0.489953] NET: Registered protocol family 24
[    0.490295] PPTP driver version 0.8.5
[    0.491503] usbcore: registered new interface driver usb-storage
[    0.493018] hidraw: raw HID events driver (C) Jiri Kosina
[    0.493526] usbcore: registered new interface driver usbhid
[    0.493736] usbhid: USB HID core driver
[    0.494192] Netfilter messages via NETLINK v0.30.
[    0.494888] nf_conntrack version 0.5.0 (3958 buckets, 15832 max)
[    0.496144] ctnetlink v0.93: registering with nfnetlink.
[    0.497435] ipip: IPv4 over IPv4 tunneling driver
[    0.499235] gre: GRE over IPv4 demultiplexor driver
[    0.499460] ip_gre: GRE over IPv4 tunneling driver
[    0.503694] ip_tables: (C) 2000-2006 Netfilter Core Team
[    0.505176] arp_tables: (C) 2002 David S. Miller
[    0.506197] Initializing XFRM netlink socket
[    0.507270] NET: Registered protocol family 10
[    0.513171] ip6_tables: (C) 2000-2006 Netfilter Core Team
[    0.514679] sit: IPv6 over IPv4 tunneling driver
[    0.517911] NET: Registered protocol family 17
[    0.518492] bridge: automatic filtering via arp/ip/ip6tables has been deprecated. Update your scripts to load br_netfilter if you need this.
[    0.519024] Bridge firewalling registered
[    0.519214] Ebtables v2.0 registered
[    0.520211] 8021q: 802.1Q VLAN Support v1.8
[    0.521004] Registering SWP/SWPB emulation handler
[    0.522864] hctosys: unable to open rtc device (rtc0)
[    0.537431] UDF-fs: warning (device vda1): udf_fill_super: No partition found (2)
[    0.552673] UDF-fs: warning (device vda1): udf_fill_super: No partition found (2)
[    0.553032] List of all partitions:
[    0.553300] 0100            8192 ram0  (driver?)
[    0.553513] 0101            8192 ram1  (driver?)
[    0.553694] 0102            8192 ram2  (driver?)
[    0.553870] 0103            8192 ram3  (driver?)
[    0.554047] 0104            8192 ram4  (driver?)
[    0.554235] 0105            8192 ram5  (driver?)
[    0.554412] 0106            8192 ram6  (driver?)
[    0.554588] 0107            8192 ram7  (driver?)
[    0.554776] 0108            8192 ram8  (driver?)
[    0.554952] 0109            8192 ram9  (driver?)
[    0.555130] 010a            8192 ram10  (driver?)
[    0.555309] 010b            8192 ram11  (driver?)
[    0.555490] 010c            8192 ram12  (driver?)
[    0.555669] 010d            8192 ram13  (driver?)
[    0.555848] 010e            8192 ram14  (driver?)
[    0.556028] 010f            8192 ram15  (driver?)
[    0.556212] fe00         1048576 vda  driver: virtio_blk
[    0.556430]   fe01         1047552 vda1 941d301e-01
[    0.556621] 1f00            1024 mtdblock0  (driver?)
[    0.556814] 1f01            1024 mtdblock1  (driver?)
[    0.557006] 1f02            1024 mtdblock2  (driver?)
[    0.557198] 1f03            1024 mtdblock3  (driver?)
[    0.557393] 1f04            1024 mtdblock4  (driver?)
[    0.557586] 1f05            1024 mtdblock5  (driver?)
[    0.557777] 1f06            1024 mtdblock6  (driver?)
[    0.557968] 1f07            1024 mtdblock7  (driver?)
[    0.558165] 1f08            1024 mtdblock8  (driver?)
[    0.558358] 1f09            1024 mtdblock9  (driver?)
[    0.558549] 1f0a          120832 mtdblock10  (driver?)
[    0.558764] No filesystem could mount root, tried:  ext3 ext2 ext4 cramfs squashfs vfat iso9660 romfs udf
[    0.559294] Kernel panic - not syncing: VFS: Unable to mount root fs on unknown-block(254,1)
[    0.559617] CPU: 0 PID: 1 Comm: swapper Tainted: G        W       4.1.17+ #1
[    0.559866] Hardware name: Generic DT based system
[    0.560080] [<c001c99c>] (unwind_backtrace) from [<c0019d30>] (show_stack+0x10/0x14)
[    0.560372] [<c0019d30>] (show_stack) from [<c0410b78>] (panic+0x70/0x1c8)
[    0.560639] [<c0410b78>] (panic) from [<c05c81bc>] (mount_block_root+0x268/0x2ac)
[    0.561012] [<c05c81bc>] (mount_block_root) from [<c05c84a4>] (prepare_namespace+0x158/0x1ac)
[    0.561335] [<c05c84a4>] (prepare_namespace) from [<c05c7d84>] (kernel_init_freeable+0x16c/0x1b0)
[    0.561663] [<c05c7d84>] (kernel_init_freeable) from [<c040f28c>] (kernel_init+0x8/0xe4)
[    0.561963] [<c040f28c>] (kernel_init) from [<c0016da8>] (ret_from_fork+0x14/0x2c)
[    0.562418] ---[ end Kernel panic - not syncing: VFS: Unable to mount root fs on unknown-block(254,1)
