[    0.000000] Booting Linux on physical CPU 0x0
[    0.000000] Linux version 4.1.17+ (vagrant@vagrant-ubuntu-trusty-64) (gcc version 5.3.0 (GCC) ) #1 Thu Feb 18 01:05:21 UTC 2016
[    0.000000] CPU: ARMv7 Processor [412fc0f1] revision 1 (ARMv7), cr=10c5387d
[    0.000000] CPU: PIPT / VIPT nonaliasing data cache, PIPT instruction cache
[    0.000000] Machine model: linux,dummy-virt
[    0.000000] debug: ignoring loglevel setting.
[    0.000000] Memory policy: Data cache writeback
[    0.000000] On node 0 totalpages: 65536
[    0.000000] free_area_init_node: node 0, pgdat c061dfe8, node_mem_map cfdf9000
[    0.000000]   Normal zone: 512 pages used for memmap
[    0.000000]   Normal zone: 0 pages reserved
[    0.000000]   Normal zone: 65536 pages, LIFO batch:15
[    0.000000] CPU: All CPU(s) started in SVC mode.
[    0.000000] pcpu-alloc: s0 r0 d32768 u32768 alloc=1*32768
[    0.000000] pcpu-alloc: [0] 0 
[    0.000000] Built 1 zonelists in Zone order, mobility grouping on.  Total pages: 65024
[    0.000000] Kernel command line: firmadyne.syscall=1 root=/dev/vda1 console=ttyS0 nandsim.parts=64,64,64,64,64,64,64,64,64,64 rdinit=/firmadyne/preInit.sh rw debug ignore_loglevel print-fatal-signals=1 user_debug=31
[    0.000000] PID hash table entries: 1024 (order: 0, 4096 bytes)
[    0.000000] Dentry cache hash table entries: 32768 (order: 5, 131072 bytes)
[    0.000000] Inode-cache hash table entries: 16384 (order: 4, 65536 bytes)
[    0.000000] Memory: 253344K/262144K available (4297K kernel code, 170K rwdata, 1584K rodata, 180K init, 148K bss, 8800K reserved, 0K cma-reserved)
[    0.000000] Virtual kernel memory layout:
[    0.000000]     vector  : 0xffff0000 - 0xffff1000   (   4 kB)
[    0.000000]     fixmap  : 0xffc00000 - 0xfff00000   (3072 kB)
[    0.000000]     vmalloc : 0xd0800000 - 0xff000000   ( 744 MB)
[    0.000000]     lowmem  : 0xc0000000 - 0xd0000000   ( 256 MB)
[    0.000000]     modules : 0xbf000000 - 0xc0000000   (  16 MB)
[    0.000000]       .text : 0xc0008000 - 0xc05c67bc   (5882 kB)
[    0.000000]       .init : 0xc05c7000 - 0xc05f4000   ( 180 kB)
[    0.000000]       .data : 0xc05f4000 - 0xc061e840   ( 171 kB)
[    0.000000]        .bss : 0xc0621000 - 0xc06462d4   ( 149 kB)
[    0.000000] NR_IRQS:16 nr_irqs:16 16
[    0.000000] Architected cp15 timer(s) running at 62.50MHz (virt).
[    0.000000] clocksource arch_sys_counter: mask: 0xffffffffffffff max_cycles: 0x1cd42e208c, max_idle_ns: 881590405314 ns
[    0.000134] sched_clock: 56 bits at 62MHz, resolution 16ns, wraps every 4398046511096ns
[    0.000240] Switching to timer-based delay loop, resolution 16ns
[    0.002826] Console: colour dummy device 80x30
[    0.003096] Calibrating delay loop (skipped), value calculated using timer frequency.. 125.00 BogoMIPS (lpj=625000)
[    0.003200] pid_max: default: 32768 minimum: 301
[    0.003976] Mount-cache hash table entries: 1024 (order: 0, 4096 bytes)
[    0.004006] Mountpoint-cache hash table entries: 1024 (order: 0, 4096 bytes)
[    0.012088] CPU: Testing write buffer coherency: ok
[    0.017021] Setting up static identity map for 0x40008240 - 0x40008298
[    0.028872] VFP support v0.3: implementor 41 architecture 4 part 30 variant f rev 0
[    0.038763] clocksource jiffies: mask: 0xffffffff max_cycles: 0xffffffff, max_idle_ns: 19112604462750000 ns
[    0.046187] NET: Registered protocol family 16
[    0.048684] DMA: preallocated 256 KiB pool for atomic coherent allocations
[    0.051847] cpuidle: using governor ladder
[    0.051971] cpuidle: using governor menu
[    0.055057] genirq: Setting trigger mode 1 for irq 20 failed (gic_set_type+0x0/0x48)
[    0.056592] genirq: Setting trigger mode 1 for irq 21 failed (gic_set_type+0x0/0x48)
[    0.056857] genirq: Setting trigger mode 1 for irq 22 failed (gic_set_type+0x0/0x48)
[    0.057118] genirq: Setting trigger mode 1 for irq 23 failed (gic_set_type+0x0/0x48)
[    0.057381] genirq: Setting trigger mode 1 for irq 24 failed (gic_set_type+0x0/0x48)
[    0.057628] genirq: Setting trigger mode 1 for irq 25 failed (gic_set_type+0x0/0x48)
[    0.057864] genirq: Setting trigger mode 1 for irq 26 failed (gic_set_type+0x0/0x48)
[    0.058103] genirq: Setting trigger mode 1 for irq 27 failed (gic_set_type+0x0/0x48)
[    0.058450] genirq: Setting trigger mode 1 for irq 28 failed (gic_set_type+0x0/0x48)
[    0.058702] genirq: Setting trigger mode 1 for irq 29 failed (gic_set_type+0x0/0x48)
[    0.058935] genirq: Setting trigger mode 1 for irq 30 failed (gic_set_type+0x0/0x48)
[    0.059183] genirq: Setting trigger mode 1 for irq 31 failed (gic_set_type+0x0/0x48)
[    0.059439] genirq: Setting trigger mode 1 for irq 32 failed (gic_set_type+0x0/0x48)
[    0.059681] genirq: Setting trigger mode 1 for irq 33 failed (gic_set_type+0x0/0x48)
[    0.059909] genirq: Setting trigger mode 1 for irq 34 failed (gic_set_type+0x0/0x48)
[    0.060138] genirq: Setting trigger mode 1 for irq 35 failed (gic_set_type+0x0/0x48)
[    0.060373] genirq: Setting trigger mode 1 for irq 36 failed (gic_set_type+0x0/0x48)
[    0.060613] genirq: Setting trigger mode 1 for irq 37 failed (gic_set_type+0x0/0x48)
[    0.060893] genirq: Setting trigger mode 1 for irq 38 failed (gic_set_type+0x0/0x48)
[    0.061141] genirq: Setting trigger mode 1 for irq 39 failed (gic_set_type+0x0/0x48)
[    0.061380] genirq: Setting trigger mode 1 for irq 40 failed (gic_set_type+0x0/0x48)
[    0.061624] genirq: Setting trigger mode 1 for irq 41 failed (gic_set_type+0x0/0x48)
[    0.061876] genirq: Setting trigger mode 1 for irq 42 failed (gic_set_type+0x0/0x48)
[    0.062126] genirq: Setting trigger mode 1 for irq 43 failed (gic_set_type+0x0/0x48)
[    0.062396] genirq: Setting trigger mode 1 for irq 44 failed (gic_set_type+0x0/0x48)
[    0.062658] genirq: Setting trigger mode 1 for irq 45 failed (gic_set_type+0x0/0x48)
[    0.062902] genirq: Setting trigger mode 1 for irq 46 failed (gic_set_type+0x0/0x48)
[    0.063411] genirq: Setting trigger mode 1 for irq 47 failed (gic_set_type+0x0/0x48)
[    0.063677] genirq: Setting trigger mode 1 for irq 48 failed (gic_set_type+0x0/0x48)
[    0.063924] genirq: Setting trigger mode 1 for irq 49 failed (gic_set_type+0x0/0x48)
[    0.064164] genirq: Setting trigger mode 1 for irq 50 failed (gic_set_type+0x0/0x48)
[    0.064402] genirq: Setting trigger mode 1 for irq 51 failed (gic_set_type+0x0/0x48)
[    0.064814] genirq: Setting trigger mode 1 for irq 52 failed (gic_set_type+0x0/0x48)
[    0.067806] Serial: AMBA PL011 UART driver
[    0.069448] 9000000.pl011: ttyS0 at MMIO 0x9000000 (irq = 52, base_baud = 0) is a PL011 rev1
[    0.091269] console [ttyS0] enabled
[    0.110004] vgaarb: loaded
[    0.111207] SCSI subsystem initialized
[    0.112076] usbcore: registered new interface driver usbfs
[    0.112448] usbcore: registered new interface driver hub
[    0.112800] usbcore: registered new device driver usb
[    0.120161] cfg80211: Calling CRDA to update world regulatory domain
[    0.122124] Switched to clocksource arch_sys_counter
[    0.136171] NET: Registered protocol family 2
[    0.140113] TCP established hash table entries: 2048 (order: 1, 8192 bytes)
[    0.140465] TCP bind hash table entries: 2048 (order: 1, 8192 bytes)
[    0.140841] TCP: Hash tables configured (established 2048 bind 2048)
[    0.141370] UDP hash table entries: 256 (order: 0, 4096 bytes)
[    0.141685] UDP-Lite hash table entries: 256 (order: 0, 4096 bytes)
[    0.143203] NET: Registered protocol family 1
[    0.143653] PCI: CLS 0 bytes, default 64
[    0.149410] NetWinder Floating Point Emulator V0.97 (extended precision)
[    0.151552] futex hash table entries: 256 (order: -1, 3072 bytes)
[    0.156121] squashfs: version 4.0 (2009/01/31) Phillip Lougher
[    0.157168] jffs2: version 2.2. (NAND) Â© 2001-2006 Red Hat, Inc.
[    0.157924] romfs: ROMFS MTD (C) 2007 Red Hat, Inc.
[    0.165152] Block layer SCSI generic (bsg) driver version 0.4 loaded (major 253)
[    0.165538] io scheduler noop registered
[    0.165794] io scheduler cfq registered (default)
[    0.166437] firmadyne: devfs: 1, execute: 1, procfs: 1, syscall: 1
[    0.167571] ------------[ cut here ]------------
[    0.167781] WARNING: CPU: 0 PID: 1 at /home/vagrant/firmadyne-kernel/kernel-v4.1/fs/sysfs/dir.c:31 sysfs_warn_dup+0x50/0x6c()
[    0.168193] sysfs: cannot create duplicate filename '/class/gpio'
[    0.168441] Modules linked in:
[    0.168749] CPU: 0 PID: 1 Comm: swapper Not tainted 4.1.17+ #1
[    0.168974] Hardware name: Generic DT based system
[    0.169640] [<c001c99c>] (unwind_backtrace) from [<c0019d30>] (show_stack+0x10/0x14)
[    0.170022] [<c0019d30>] (show_stack) from [<c0024ab4>] (warn_slowpath_common+0x80/0xa8)
[    0.170357] [<c0024ab4>] (warn_slowpath_common) from [<c0024b08>] (warn_slowpath_fmt+0x2c/0x3c)
[    0.170728] [<c0024b08>] (warn_slowpath_fmt) from [<c00e363c>] (sysfs_warn_dup+0x50/0x6c)
[    0.171038] [<c00e363c>] (sysfs_warn_dup) from [<c00e3714>] (sysfs_create_dir_ns+0x74/0x84)
[    0.171365] [<c00e3714>] (sysfs_create_dir_ns) from [<c018e6ac>] (kobject_add_internal+0xb8/0x2ac)
[    0.171702] [<c018e6ac>] (kobject_add_internal) from [<c018e9a8>] (kset_register+0x1c/0x44)
[    0.172227] [<c018e9a8>] (kset_register) from [<c02090b4>] (__class_register+0xa8/0x198)
[    0.172536] [<c02090b4>] (__class_register) from [<c02091e4>] (__class_create+0x40/0x70)
[    0.172842] [<c02091e4>] (__class_create) from [<c01adf68>] (register_devfs_stubs+0x314/0xbb4)
[    0.173165] [<c01adf68>] (register_devfs_stubs) from [<c05d9b08>] (init_module+0x28/0xa4)
[    0.173502] [<c05d9b08>] (init_module) from [<c0009670>] (do_one_initcall+0x104/0x1b4)
[    0.173805] [<c0009670>] (do_one_initcall) from [<c05c7d08>] (kernel_init_freeable+0xf0/0x1b0)
[    0.174129] [<c05c7d08>] (kernel_init_freeable) from [<c040f28c>] (kernel_init+0x8/0xe4)
[    0.174442] [<c040f28c>] (kernel_init) from [<c0016da8>] (ret_from_fork+0x14/0x2c)
[    0.174790] ---[ end trace c5127e8cd555de0a ]---
[    0.175034] ------------[ cut here ]------------
[    0.175221] WARNING: CPU: 0 PID: 1 at /home/vagrant/firmadyne-kernel/kernel-v4.1/lib/kobject.c:240 kobject_add_internal+0x240/0x2ac()
[    0.175657] kobject_add_internal failed for gpio with -EEXIST, don't try to register things with the same name in the same directory.
[    0.176076] Modules linked in:
[    0.176255] CPU: 0 PID: 1 Comm: swapper Tainted: G        W       4.1.17+ #1
[    0.176510] Hardware name: Generic DT based system
[    0.176709] [<c001c99c>] (unwind_backtrace) from [<c0019d30>] (show_stack+0x10/0x14)
[    0.177004] [<c0019d30>] (show_stack) from [<c0024ab4>] (warn_slowpath_common+0x80/0xa8)
[    0.177313] [<c0024ab4>] (warn_slowpath_common) from [<c0024b08>] (warn_slowpath_fmt+0x2c/0x3c)
[    0.177642] [<c0024b08>] (warn_slowpath_fmt) from [<c018e834>] (kobject_add_internal+0x240/0x2ac)
[    0.177971] [<c018e834>] (kobject_add_internal) from [<c018e9a8>] (kset_register+0x1c/0x44)
[    0.178292] [<c018e9a8>] (kset_register) from [<c02090b4>] (__class_register+0xa8/0x198)
[    0.178595] [<c02090b4>] (__class_register) from [<c02091e4>] (__class_create+0x40/0x70)
[    0.178899] [<c02091e4>] (__class_create) from [<c01adf68>] (register_devfs_stubs+0x314/0xbb4)
[    0.179220] [<c01adf68>] (register_devfs_stubs) from [<c05d9b08>] (init_module+0x28/0xa4)
[    0.179536] [<c05d9b08>] (init_module) from [<c0009670>] (do_one_initcall+0x104/0x1b4)
[    0.179834] [<c0009670>] (do_one_initcall) from [<c05c7d08>] (kernel_init_freeable+0xf0/0x1b0)
[    0.180156] [<c05c7d08>] (kernel_init_freeable) from [<c040f28c>] (kernel_init+0x8/0xe4)
[    0.180455] [<c040f28c>] (kernel_init) from [<c0016da8>] (ret_from_fork+0x14/0x2c)
[    0.180740] ---[ end trace c5127e8cd555de0b ]---
[    0.180963] firmadyne: Cannot create device class: gpio!
[    0.182605] firmadyne: Cannot register character device: watchdog, 0xa, 0x82!
[    0.182895] firmadyne: Cannot register character device: wdt, 0xfd, 0x0!
[    0.277590] Non-volatile memory driver v1.3
[    0.296175] brd: module loaded
[    0.304505] loop: module loaded
[    0.312596]  vda: vda1
[    0.316413] [nandsim] warning: read_byte: unexpected data output cycle, state is STATE_READY return 0x0
[    0.316788] [nandsim] warning: read_byte: unexpected data output cycle, state is STATE_READY return 0x0
[    0.317132] [nandsim] warning: read_byte: unexpected data output cycle, state is STATE_READY return 0x0
[    0.317474] [nandsim] warning: read_byte: unexpected data output cycle, state is STATE_READY return 0x0
[    0.317815] [nandsim] warning: read_byte: unexpected data output cycle, state is STATE_READY return 0x0
[    0.318155] [nandsim] warning: read_byte: unexpected data output cycle, state is STATE_READY return 0x0
[    0.318715] nand: device found, Manufacturer ID: 0x98, Chip ID: 0x39
[    0.318970] nand: Toshiba NAND 128MiB 1,8V 8-bit
[    0.319169] nand: 128 MiB, SLC, erase size: 16 KiB, page size: 512, OOB size: 16
[    0.320066] flash size: 128 MiB
[    0.320198] page size: 512 bytes
[    0.320329] OOB area size: 16 bytes
[    0.320468] sector size: 16 KiB
[    0.320594] pages number: 262144
[    0.320722] pages per sector: 32
[    0.320850] bus width: 8
[    0.320954] bits in sector size: 14
[    0.321091] bits in page size: 9
[    0.321223] bits in OOB size: 4
[    0.321352] flash size with OOB: 135168 KiB
[    0.321513] page address bytes: 4
[    0.321644] sector address bytes: 3
[    0.321782] options: 0x42
[    0.326109] Scanning device for bad blocks
[    0.450175] Creating 11 MTD partitions on "NAND 128MiB 1,8V 8-bit":
[    0.450676] 0x000000000000-0x000000100000 : "NAND simulator partition 0"
[    0.453762] 0x000000100000-0x000000200000 : "NAND simulator partition 1"
[    0.455071] 0x000000200000-0x000000300000 : "NAND simulator partition 2"
[    0.456355] 0x000000300000-0x000000400000 : "NAND simulator partition 3"
[    0.457698] 0x000000400000-0x000000500000 : "NAND simulator partition 4"
[    0.458950] 0x000000500000-0x000000600000 : "NAND simulator partition 5"
[    0.460264] 0x000000600000-0x000000700000 : "NAND simulator partition 6"
[    0.461542] 0x000000700000-0x000000800000 : "NAND simulator partition 7"
[    0.463166] 0x000000800000-0x000000900000 : "NAND simulator partition 8"
[    0.464596] 0x000000900000-0x000000a00000 : "NAND simulator partition 9"
[    0.465882] 0x000000a00000-0x000008000000 : "NAND simulator partition 10"
[    0.470051] tun: Universal TUN/TAP device driver, 1.6
[    0.470286] tun: (C) 1999-2004 Max Krasnyansky <maxk@qualcomm.com>
[    0.487023] PPP generic driver version 2.4.2
[    0.487706] PPP BSD Compression module registered
[    0.487933] PPP Deflate Compression module registered
[    0.488210] PPP MPPE Compression module registered
[    0.488431] NET: Registered protocol family 24
[    0.488768] PPTP driver version 0.8.5
[    0.489444] usbcore: registered new interface driver usb-storage
[    0.490971] hidraw: raw HID events driver (C) Jiri Kosina
[    0.491552] usbcore: registered new interface driver usbhid
[    0.491776] usbhid: USB HID core driver
[    0.492481] Netfilter messages via NETLINK v0.30.
[    0.493090] nf_conntrack version 0.5.0 (3958 buckets, 15832 max)
[    0.494358] ctnetlink v0.93: registering with nfnetlink.
[    0.495672] ipip: IPv4 over IPv4 tunneling driver
[    0.497447] gre: GRE over IPv4 demultiplexor driver
[    0.497678] ip_gre: GRE over IPv4 tunneling driver
[    0.502148] ip_tables: (C) 2000-2006 Netfilter Core Team
[    0.503676] arp_tables: (C) 2002 David S. Miller
[    0.504687] Initializing XFRM netlink socket
[    0.505182] NET: Registered protocol family 10
[    0.510843] ip6_tables: (C) 2000-2006 Netfilter Core Team
[    0.512525] sit: IPv6 over IPv4 tunneling driver
[    0.516323] NET: Registered protocol family 17
[    0.516901] bridge: automatic filtering via arp/ip/ip6tables has been deprecated. Update your scripts to load br_netfilter if you need this.
[    0.517435] Bridge firewalling registered
[    0.517632] Ebtables v2.0 registered
[    0.518650] 8021q: 802.1Q VLAN Support v1.8
[    0.519243] Registering SWP/SWPB emulation handler
[    0.521065] hctosys: unable to open rtc device (rtc0)
[    0.535942] UDF-fs: warning (device vda1): udf_fill_super: No partition found (2)
[    0.551035] UDF-fs: warning (device vda1): udf_fill_super: No partition found (2)
[    0.551417] List of all partitions:
[    0.551689] 0100            8192 ram0  (driver?)
[    0.552099] 0101            8192 ram1  (driver?)
[    0.552288] 0102            8192 ram2  (driver?)
[    0.552473] 0103            8192 ram3  (driver?)
[    0.552657] 0104            8192 ram4  (driver?)
[    0.552841] 0105            8192 ram5  (driver?)
[    0.553024] 0106            8192 ram6  (driver?)
[    0.553208] 0107            8192 ram7  (driver?)
[    0.553391] 0108            8192 ram8  (driver?)
[    0.553574] 0109            8192 ram9  (driver?)
[    0.553758] 010a            8192 ram10  (driver?)
[    0.553946] 010b            8192 ram11  (driver?)
[    0.554132] 010c            8192 ram12  (driver?)
[    0.554328] 010d            8192 ram13  (driver?)
[    0.554515] 010e            8192 ram14  (driver?)
[    0.554702] 010f            8192 ram15  (driver?)
[    0.554894] fe00         1048576 vda  driver: virtio_blk
[    0.555122]   fe01         1047552 vda1 2be642d6-01
[    0.555330] 1f00            1024 mtdblock0  (driver?)
[    0.555530] 1f01            1024 mtdblock1  (driver?)
[    0.555729] 1f02            1024 mtdblock2  (driver?)
[    0.555928] 1f03            1024 mtdblock3  (driver?)
[    0.556129] 1f04            1024 mtdblock4  (driver?)
[    0.556329] 1f05            1024 mtdblock5  (driver?)
[    0.556528] 1f06            1024 mtdblock6  (driver?)
[    0.556728] 1f07            1024 mtdblock7  (driver?)
[    0.557015] 1f08            1024 mtdblock8  (driver?)
[    0.557216] 1f09            1024 mtdblock9  (driver?)
[    0.557415] 1f0a          120832 mtdblock10  (driver?)
[    0.557631] No filesystem could mount root, tried:  ext3 ext2 ext4 cramfs squashfs vfat iso9660 romfs udf
[    0.558173] Kernel panic - not syncing: VFS: Unable to mount root fs on unknown-block(254,1)
[    0.558517] CPU: 0 PID: 1 Comm: swapper Tainted: G        W       4.1.17+ #1
[    0.558775] Hardware name: Generic DT based system
[    0.558994] [<c001c99c>] (unwind_backtrace) from [<c0019d30>] (show_stack+0x10/0x14)
[    0.559303] [<c0019d30>] (show_stack) from [<c0410b78>] (panic+0x70/0x1c8)
[    0.559577] [<c0410b78>] (panic) from [<c05c81bc>] (mount_block_root+0x268/0x2ac)
[    0.559869] [<c05c81bc>] (mount_block_root) from [<c05c84a4>] (prepare_namespace+0x158/0x1ac)
[    0.560194] [<c05c84a4>] (prepare_namespace) from [<c05c7d84>] (kernel_init_freeable+0x16c/0x1b0)
[    0.560528] [<c05c7d84>] (kernel_init_freeable) from [<c040f28c>] (kernel_init+0x8/0xe4)
[    0.560830] [<c040f28c>] (kernel_init) from [<c0016da8>] (ret_from_fork+0x14/0x2c)
[    0.561279] ---[ end Kernel panic - not syncing: VFS: Unable to mount root fs on unknown-block(254,1)
