[    0.000000] Booting Linux on physical CPU 0x0
[    0.000000] Linux version 4.1.17+ (vagrant@vagrant-ubuntu-trusty-64) (gcc version 5.3.0 (GCC) ) #1 Thu Feb 18 01:05:21 UTC 2016
[    0.000000] CPU: ARMv7 Processor [412fc0f1] revision 1 (ARMv7), cr=10c5387d
[    0.000000] CPU: PIPT / VIPT nonaliasing data cache, PIPT instruction cache
[    0.000000] Machine model: linux,dummy-virt
[    0.000000] debug: ignoring loglevel setting.
[    0.000000] Memory policy: Data cache writeback
[    0.000000] On node 0 totalpages: 65536
[    0.000000] free_area_init_node: node 0, pgdat c061dfe8, node_mem_map cfdf9000
[    0.000000]   Normal zone: 512 pages used for memmap
[    0.000000]   Normal zone: 0 pages reserved
[    0.000000]   Normal zone: 65536 pages, LIFO batch:15
[    0.000000] CPU: All CPU(s) started in SVC mode.
[    0.000000] pcpu-alloc: s0 r0 d32768 u32768 alloc=1*32768
[    0.000000] pcpu-alloc: [0] 0 
[    0.000000] Built 1 zonelists in Zone order, mobility grouping on.  Total pages: 65024
[    0.000000] Kernel command line: firmadyne.syscall=1 root=/dev/vda1 console=ttyS0 nandsim.parts=64,64,64,64,64,64,64,64,64,64 rdinit=/firmadyne/preInit.sh rw debug ignore_loglevel print-fatal-signals=1 user_debug=31
[    0.000000] PID hash table entries: 1024 (order: 0, 4096 bytes)
[    0.000000] Dentry cache hash table entries: 32768 (order: 5, 131072 bytes)
[    0.000000] Inode-cache hash table entries: 16384 (order: 4, 65536 bytes)
[    0.000000] Memory: 253344K/262144K available (4297K kernel code, 170K rwdata, 1584K rodata, 180K init, 148K bss, 8800K reserved, 0K cma-reserved)
[    0.000000] Virtual kernel memory layout:
[    0.000000]     vector  : 0xffff0000 - 0xffff1000   (   4 kB)
[    0.000000]     fixmap  : 0xffc00000 - 0xfff00000   (3072 kB)
[    0.000000]     vmalloc : 0xd0800000 - 0xff000000   ( 744 MB)
[    0.000000]     lowmem  : 0xc0000000 - 0xd0000000   ( 256 MB)
[    0.000000]     modules : 0xbf000000 - 0xc0000000   (  16 MB)
[    0.000000]       .text : 0xc0008000 - 0xc05c67bc   (5882 kB)
[    0.000000]       .init : 0xc05c7000 - 0xc05f4000   ( 180 kB)
[    0.000000]       .data : 0xc05f4000 - 0xc061e840   ( 171 kB)
[    0.000000]        .bss : 0xc0621000 - 0xc06462d4   ( 149 kB)
[    0.000000] NR_IRQS:16 nr_irqs:16 16
[    0.000000] Architected cp15 timer(s) running at 62.50MHz (virt).
[    0.000000] clocksource arch_sys_counter: mask: 0xffffffffffffff max_cycles: 0x1cd42e208c, max_idle_ns: 881590405314 ns
[    0.000136] sched_clock: 56 bits at 62MHz, resolution 16ns, wraps every 4398046511096ns
[    0.000242] Switching to timer-based delay loop, resolution 16ns
[    0.003049] Console: colour dummy device 80x30
[    0.003331] Calibrating delay loop (skipped), value calculated using timer frequency.. 125.00 BogoMIPS (lpj=625000)
[    0.003435] pid_max: default: 32768 minimum: 301
[    0.004220] Mount-cache hash table entries: 1024 (order: 0, 4096 bytes)
[    0.004250] Mountpoint-cache hash table entries: 1024 (order: 0, 4096 bytes)
[    0.012034] CPU: Testing write buffer coherency: ok
[    0.017198] Setting up static identity map for 0x40008240 - 0x40008298
[    0.029430] VFP support v0.3: implementor 41 architecture 4 part 30 variant f rev 0
[    0.039335] clocksource jiffies: mask: 0xffffffff max_cycles: 0xffffffff, max_idle_ns: 19112604462750000 ns
[    0.046767] NET: Registered protocol family 16
[    0.049263] DMA: preallocated 256 KiB pool for atomic coherent allocations
[    0.052409] cpuidle: using governor ladder
[    0.052532] cpuidle: using governor menu
[    0.055580] genirq: Setting trigger mode 1 for irq 20 failed (gic_set_type+0x0/0x48)
[    0.056997] genirq: Setting trigger mode 1 for irq 21 failed (gic_set_type+0x0/0x48)
[    0.057280] genirq: Setting trigger mode 1 for irq 22 failed (gic_set_type+0x0/0x48)
[    0.057542] genirq: Setting trigger mode 1 for irq 23 failed (gic_set_type+0x0/0x48)
[    0.057804] genirq: Setting trigger mode 1 for irq 24 failed (gic_set_type+0x0/0x48)
[    0.058052] genirq: Setting trigger mode 1 for irq 25 failed (gic_set_type+0x0/0x48)
[    0.058289] genirq: Setting trigger mode 1 for irq 26 failed (gic_set_type+0x0/0x48)
[    0.058529] genirq: Setting trigger mode 1 for irq 27 failed (gic_set_type+0x0/0x48)
[    0.058862] genirq: Setting trigger mode 1 for irq 28 failed (gic_set_type+0x0/0x48)
[    0.059114] genirq: Setting trigger mode 1 for irq 29 failed (gic_set_type+0x0/0x48)
[    0.059362] genirq: Setting trigger mode 1 for irq 30 failed (gic_set_type+0x0/0x48)
[    0.059612] genirq: Setting trigger mode 1 for irq 31 failed (gic_set_type+0x0/0x48)
[    0.059844] genirq: Setting trigger mode 1 for irq 32 failed (gic_set_type+0x0/0x48)
[    0.060083] genirq: Setting trigger mode 1 for irq 33 failed (gic_set_type+0x0/0x48)
[    0.060311] genirq: Setting trigger mode 1 for irq 34 failed (gic_set_type+0x0/0x48)
[    0.060539] genirq: Setting trigger mode 1 for irq 35 failed (gic_set_type+0x0/0x48)
[    0.060777] genirq: Setting trigger mode 1 for irq 36 failed (gic_set_type+0x0/0x48)
[    0.061032] genirq: Setting trigger mode 1 for irq 37 failed (gic_set_type+0x0/0x48)
[    0.061323] genirq: Setting trigger mode 1 for irq 38 failed (gic_set_type+0x0/0x48)
[    0.061573] genirq: Setting trigger mode 1 for irq 39 failed (gic_set_type+0x0/0x48)
[    0.061812] genirq: Setting trigger mode 1 for irq 40 failed (gic_set_type+0x0/0x48)
[    0.062056] genirq: Setting trigger mode 1 for irq 41 failed (gic_set_type+0x0/0x48)
[    0.062308] genirq: Setting trigger mode 1 for irq 42 failed (gic_set_type+0x0/0x48)
[    0.062557] genirq: Setting trigger mode 1 for irq 43 failed (gic_set_type+0x0/0x48)
[    0.062815] genirq: Setting trigger mode 1 for irq 44 failed (gic_set_type+0x0/0x48)
[    0.063073] genirq: Setting trigger mode 1 for irq 45 failed (gic_set_type+0x0/0x48)
[    0.063328] genirq: Setting trigger mode 1 for irq 46 failed (gic_set_type+0x0/0x48)
[    0.063841] genirq: Setting trigger mode 1 for irq 47 failed (gic_set_type+0x0/0x48)
[    0.064105] genirq: Setting trigger mode 1 for irq 48 failed (gic_set_type+0x0/0x48)
[    0.064351] genirq: Setting trigger mode 1 for irq 49 failed (gic_set_type+0x0/0x48)
[    0.064590] genirq: Setting trigger mode 1 for irq 50 failed (gic_set_type+0x0/0x48)
[    0.064828] genirq: Setting trigger mode 1 for irq 51 failed (gic_set_type+0x0/0x48)
[    0.065262] genirq: Setting trigger mode 1 for irq 52 failed (gic_set_type+0x0/0x48)
[    0.068235] Serial: AMBA PL011 UART driver
[    0.069907] 9000000.pl011: ttyS0 at MMIO 0x9000000 (irq = 52, base_baud = 0) is a PL011 rev1
[    0.091633] console [ttyS0] enabled
[    0.110582] vgaarb: loaded
[    0.111789] SCSI subsystem initialized
[    0.112648] usbcore: registered new interface driver usbfs
[    0.113030] usbcore: registered new interface driver hub
[    0.113382] usbcore: registered new device driver usb
[    0.120885] cfg80211: Calling CRDA to update world regulatory domain
[    0.122874] Switched to clocksource arch_sys_counter
[    0.137007] NET: Registered protocol family 2
[    0.141137] TCP established hash table entries: 2048 (order: 1, 8192 bytes)
[    0.141490] TCP bind hash table entries: 2048 (order: 1, 8192 bytes)
[    0.141873] TCP: Hash tables configured (established 2048 bind 2048)
[    0.142412] UDP hash table entries: 256 (order: 0, 4096 bytes)
[    0.143029] UDP-Lite hash table entries: 256 (order: 0, 4096 bytes)
[    0.144331] NET: Registered protocol family 1
[    0.144769] PCI: CLS 0 bytes, default 64
[    0.150783] NetWinder Floating Point Emulator V0.97 (extended precision)
[    0.153213] futex hash table entries: 256 (order: -1, 3072 bytes)
[    0.157815] squashfs: version 4.0 (2009/01/31) Phillip Lougher
[    0.158774] jffs2: version 2.2. (NAND) Â© 2001-2006 Red Hat, Inc.
[    0.159554] romfs: ROMFS MTD (C) 2007 Red Hat, Inc.
[    0.167010] Block layer SCSI generic (bsg) driver version 0.4 loaded (major 253)
[    0.167645] io scheduler noop registered
[    0.167908] io scheduler cfq registered (default)
[    0.168554] firmadyne: devfs: 1, execute: 1, procfs: 1, syscall: 1
[    0.169709] ------------[ cut here ]------------
[    0.169923] WARNING: CPU: 0 PID: 1 at /home/vagrant/firmadyne-kernel/kernel-v4.1/fs/sysfs/dir.c:31 sysfs_warn_dup+0x50/0x6c()
[    0.170336] sysfs: cannot create duplicate filename '/class/gpio'
[    0.170585] Modules linked in:
[    0.170899] CPU: 0 PID: 1 Comm: swapper Not tainted 4.1.17+ #1
[    0.171122] Hardware name: Generic DT based system
[    0.171817] [<c001c99c>] (unwind_backtrace) from [<c0019d30>] (show_stack+0x10/0x14)
[    0.172192] [<c0019d30>] (show_stack) from [<c0024ab4>] (warn_slowpath_common+0x80/0xa8)
[    0.172515] [<c0024ab4>] (warn_slowpath_common) from [<c0024b08>] (warn_slowpath_fmt+0x2c/0x3c)
[    0.173120] [<c0024b08>] (warn_slowpath_fmt) from [<c00e363c>] (sysfs_warn_dup+0x50/0x6c)
[    0.173436] [<c00e363c>] (sysfs_warn_dup) from [<c00e3714>] (sysfs_create_dir_ns+0x74/0x84)
[    0.173752] [<c00e3714>] (sysfs_create_dir_ns) from [<c018e6ac>] (kobject_add_internal+0xb8/0x2ac)
[    0.174087] [<c018e6ac>] (kobject_add_internal) from [<c018e9a8>] (kset_register+0x1c/0x44)
[    0.174402] [<c018e9a8>] (kset_register) from [<c02090b4>] (__class_register+0xa8/0x198)
[    0.174707] [<c02090b4>] (__class_register) from [<c02091e4>] (__class_create+0x40/0x70)
[    0.175014] [<c02091e4>] (__class_create) from [<c01adf68>] (register_devfs_stubs+0x314/0xbb4)
[    0.175349] [<c01adf68>] (register_devfs_stubs) from [<c05d9b08>] (init_module+0x28/0xa4)
[    0.175683] [<c05d9b08>] (init_module) from [<c0009670>] (do_one_initcall+0x104/0x1b4)
[    0.175986] [<c0009670>] (do_one_initcall) from [<c05c7d08>] (kernel_init_freeable+0xf0/0x1b0)
[    0.176312] [<c05c7d08>] (kernel_init_freeable) from [<c040f28c>] (kernel_init+0x8/0xe4)
[    0.176614] [<c040f28c>] (kernel_init) from [<c0016da8>] (ret_from_fork+0x14/0x2c)
[    0.176963] ---[ end trace 074ffac673d960dc ]---
[    0.177224] ------------[ cut here ]------------
[    0.177411] WARNING: CPU: 0 PID: 1 at /home/vagrant/firmadyne-kernel/kernel-v4.1/lib/kobject.c:240 kobject_add_internal+0x240/0x2ac()
[    0.177835] kobject_add_internal failed for gpio with -EEXIST, don't try to register things with the same name in the same directory.
[    0.178254] Modules linked in:
[    0.178438] CPU: 0 PID: 1 Comm: swapper Tainted: G        W       4.1.17+ #1
[    0.178693] Hardware name: Generic DT based system
[    0.178890] [<c001c99c>] (unwind_backtrace) from [<c0019d30>] (show_stack+0x10/0x14)
[    0.179188] [<c0019d30>] (show_stack) from [<c0024ab4>] (warn_slowpath_common+0x80/0xa8)
[    0.179504] [<c0024ab4>] (warn_slowpath_common) from [<c0024b08>] (warn_slowpath_fmt+0x2c/0x3c)
[    0.179835] [<c0024b08>] (warn_slowpath_fmt) from [<c018e834>] (kobject_add_internal+0x240/0x2ac)
[    0.180167] [<c018e834>] (kobject_add_internal) from [<c018e9a8>] (kset_register+0x1c/0x44)
[    0.180480] [<c018e9a8>] (kset_register) from [<c02090b4>] (__class_register+0xa8/0x198)
[    0.180785] [<c02090b4>] (__class_register) from [<c02091e4>] (__class_create+0x40/0x70)
[    0.181101] [<c02091e4>] (__class_create) from [<c01adf68>] (register_devfs_stubs+0x314/0xbb4)
[    0.181428] [<c01adf68>] (register_devfs_stubs) from [<c05d9b08>] (init_module+0x28/0xa4)
[    0.181736] [<c05d9b08>] (init_module) from [<c0009670>] (do_one_initcall+0x104/0x1b4)
[    0.182038] [<c0009670>] (do_one_initcall) from [<c05c7d08>] (kernel_init_freeable+0xf0/0x1b0)
[    0.182360] [<c05c7d08>] (kernel_init_freeable) from [<c040f28c>] (kernel_init+0x8/0xe4)
[    0.182847] [<c040f28c>] (kernel_init) from [<c0016da8>] (ret_from_fork+0x14/0x2c)
[    0.183142] ---[ end trace 074ffac673d960dd ]---
[    0.183377] firmadyne: Cannot create device class: gpio!
[    0.184769] firmadyne: Cannot register character device: watchdog, 0xa, 0x82!
[    0.185070] firmadyne: Cannot register character device: wdt, 0xfd, 0x0!
[    0.279267] Non-volatile memory driver v1.3
[    0.298146] brd: module loaded
[    0.306997] loop: module loaded
[    0.316140]  vda: vda1
[    0.320109] [nandsim] warning: read_byte: unexpected data output cycle, state is STATE_READY return 0x0
[    0.320482] [nandsim] warning: read_byte: unexpected data output cycle, state is STATE_READY return 0x0
[    0.320819] [nandsim] warning: read_byte: unexpected data output cycle, state is STATE_READY return 0x0
[    0.321167] [nandsim] warning: read_byte: unexpected data output cycle, state is STATE_READY return 0x0
[    0.321500] [nandsim] warning: read_byte: unexpected data output cycle, state is STATE_READY return 0x0
[    0.321834] [nandsim] warning: read_byte: unexpected data output cycle, state is STATE_READY return 0x0
[    0.322385] nand: device found, Manufacturer ID: 0x98, Chip ID: 0x39
[    0.322836] nand: Toshiba NAND 128MiB 1,8V 8-bit
[    0.323037] nand: 128 MiB, SLC, erase size: 16 KiB, page size: 512, OOB size: 16
[    0.323958] flash size: 128 MiB
[    0.324090] page size: 512 bytes
[    0.324217] OOB area size: 16 bytes
[    0.324354] sector size: 16 KiB
[    0.324476] pages number: 262144
[    0.324602] pages per sector: 32
[    0.324727] bus width: 8
[    0.324828] bits in sector size: 14
[    0.324962] bits in page size: 9
[    0.325102] bits in OOB size: 4
[    0.325233] flash size with OOB: 135168 KiB
[    0.325394] page address bytes: 4
[    0.325523] sector address bytes: 3
[    0.325658] options: 0x42
[    0.329846] Scanning device for bad blocks
[    0.456351] Creating 11 MTD partitions on "NAND 128MiB 1,8V 8-bit":
[    0.456861] 0x000000000000-0x000000100000 : "NAND simulator partition 0"
[    0.459808] 0x000000100000-0x000000200000 : "NAND simulator partition 1"
[    0.461137] 0x000000200000-0x000000300000 : "NAND simulator partition 2"
[    0.462416] 0x000000300000-0x000000400000 : "NAND simulator partition 3"
[    0.463958] 0x000000400000-0x000000500000 : "NAND simulator partition 4"
[    0.465233] 0x000000500000-0x000000600000 : "NAND simulator partition 5"
[    0.466563] 0x000000600000-0x000000700000 : "NAND simulator partition 6"
[    0.467870] 0x000000700000-0x000000800000 : "NAND simulator partition 7"
[    0.469296] 0x000000800000-0x000000900000 : "NAND simulator partition 8"
[    0.470722] 0x000000900000-0x000000a00000 : "NAND simulator partition 9"
[    0.472048] 0x000000a00000-0x000008000000 : "NAND simulator partition 10"
[    0.476452] tun: Universal TUN/TAP device driver, 1.6
[    0.476658] tun: (C) 1999-2004 Max Krasnyansky <maxk@qualcomm.com>
[    0.497042] PPP generic driver version 2.4.2
[    0.497737] PPP BSD Compression module registered
[    0.497961] PPP Deflate Compression module registered
[    0.498242] PPP MPPE Compression module registered
[    0.498460] NET: Registered protocol family 24
[    0.498806] PPTP driver version 0.8.5
[    0.499708] usbcore: registered new interface driver usb-storage
[    0.501283] hidraw: raw HID events driver (C) Jiri Kosina
[    0.501812] usbcore: registered new interface driver usbhid
[    0.502028] usbhid: USB HID core driver
[    0.502483] Netfilter messages via NETLINK v0.30.
[    0.503624] nf_conntrack version 0.5.0 (3958 buckets, 15832 max)
[    0.504955] ctnetlink v0.93: registering with nfnetlink.
[    0.506327] ipip: IPv4 over IPv4 tunneling driver
[    0.508180] gre: GRE over IPv4 demultiplexor driver
[    0.508412] ip_gre: GRE over IPv4 tunneling driver
[    0.512520] ip_tables: (C) 2000-2006 Netfilter Core Team
[    0.514313] arp_tables: (C) 2002 David S. Miller
[    0.515371] Initializing XFRM netlink socket
[    0.515879] NET: Registered protocol family 10
[    0.522092] ip6_tables: (C) 2000-2006 Netfilter Core Team
[    0.523837] sit: IPv6 over IPv4 tunneling driver
[    0.527217] NET: Registered protocol family 17
[    0.527819] bridge: automatic filtering via arp/ip/ip6tables has been deprecated. Update your scripts to load br_netfilter if you need this.
[    0.528351] Bridge firewalling registered
[    0.528548] Ebtables v2.0 registered
[    0.529609] 8021q: 802.1Q VLAN Support v1.8
[    0.530213] Registering SWP/SWPB emulation handler
[    0.532100] hctosys: unable to open rtc device (rtc0)
[    0.547663] UDF-fs: warning (device vda1): udf_fill_super: No partition found (2)
[    0.563409] UDF-fs: warning (device vda1): udf_fill_super: No partition found (2)
[    0.563782] List of all partitions:
[    0.564061] 0100            8192 ram0  (driver?)
[    0.564279] 0101            8192 ram1  (driver?)
[    0.564464] 0102            8192 ram2  (driver?)
[    0.564645] 0103            8192 ram3  (driver?)
[    0.564827] 0104            8192 ram4  (driver?)
[    0.565008] 0105            8192 ram5  (driver?)
[    0.565205] 0106            8192 ram6  (driver?)
[    0.565386] 0107            8192 ram7  (driver?)
[    0.565568] 0108            8192 ram8  (driver?)
[    0.565748] 0109            8192 ram9  (driver?)
[    0.565929] 010a            8192 ram10  (driver?)
[    0.566114] 010b            8192 ram11  (driver?)
[    0.566298] 010c            8192 ram12  (driver?)
[    0.566482] 010d            8192 ram13  (driver?)
[    0.566665] 010e            8192 ram14  (driver?)
[    0.566850] 010f            8192 ram15  (driver?)
[    0.567039] fe00         1048576 vda  driver: virtio_blk
[    0.567271]   fe01         1047552 vda1 937aa344-01
[    0.567467] 1f00            1024 mtdblock0  (driver?)
[    0.567665] 1f01            1024 mtdblock1  (driver?)
[    0.567862] 1f02            1024 mtdblock2  (driver?)
[    0.568059] 1f03            1024 mtdblock3  (driver?)
[    0.568258] 1f04            1024 mtdblock4  (driver?)
[    0.568455] 1f05            1024 mtdblock5  (driver?)
[    0.568652] 1f06            1024 mtdblock6  (driver?)
[    0.568847] 1f07            1024 mtdblock7  (driver?)
[    0.569053] 1f08            1024 mtdblock8  (driver?)
[    0.569251] 1f09            1024 mtdblock9  (driver?)
[    0.569448] 1f0a          120832 mtdblock10  (driver?)
[    0.569658] No filesystem could mount root, tried:  ext3 ext2 ext4 cramfs squashfs vfat iso9660 romfs udf
[    0.570204] Kernel panic - not syncing: VFS: Unable to mount root fs on unknown-block(254,1)
[    0.570534] CPU: 0 PID: 1 Comm: swapper Tainted: G        W       4.1.17+ #1
[    0.570788] Hardware name: Generic DT based system
[    0.571008] [<c001c99c>] (unwind_backtrace) from [<c0019d30>] (show_stack+0x10/0x14)
[    0.571310] [<c0019d30>] (show_stack) from [<c0410b78>] (panic+0x70/0x1c8)
[    0.571582] [<c0410b78>] (panic) from [<c05c81bc>] (mount_block_root+0x268/0x2ac)
[    0.571870] [<c05c81bc>] (mount_block_root) from [<c05c84a4>] (prepare_namespace+0x158/0x1ac)
[    0.572191] [<c05c84a4>] (prepare_namespace) from [<c05c7d84>] (kernel_init_freeable+0x16c/0x1b0)
[    0.572521] [<c05c7d84>] (kernel_init_freeable) from [<c040f28c>] (kernel_init+0x8/0xe4)
[    0.572909] [<c040f28c>] (kernel_init) from [<c0016da8>] (ret_from_fork+0x14/0x2c)
[    0.573376] ---[ end Kernel panic - not syncing: VFS: Unable to mount root fs on unknown-block(254,1)
