[    0.000000] Booting Linux on physical CPU 0x0
[    0.000000] Linux version 4.1.17+ (vagrant@vagrant-ubuntu-trusty-64) (gcc version 5.3.0 (GCC) ) #1 Thu Feb 18 01:05:21 UTC 2016
[    0.000000] CPU: ARMv7 Processor [412fc0f1] revision 1 (ARMv7), cr=10c5387d
[    0.000000] CPU: PIPT / VIPT nonaliasing data cache, PIPT instruction cache
[    0.000000] Machine model: linux,dummy-virt
[    0.000000] debug: ignoring loglevel setting.
[    0.000000] Memory policy: Data cache writeback
[    0.000000] On node 0 totalpages: 65536
[    0.000000] free_area_init_node: node 0, pgdat c061dfe8, node_mem_map cfdf9000
[    0.000000]   Normal zone: 512 pages used for memmap
[    0.000000]   Normal zone: 0 pages reserved
[    0.000000]   Normal zone: 65536 pages, LIFO batch:15
[    0.000000] CPU: All CPU(s) started in SVC mode.
[    0.000000] pcpu-alloc: s0 r0 d32768 u32768 alloc=1*32768
[    0.000000] pcpu-alloc: [0] 0 
[    0.000000] Built 1 zonelists in Zone order, mobility grouping on.  Total pages: 65024
[    0.000000] Kernel command line: root=/dev/vda1 console=ttyS0 nandsim.parts=64,64,64,64,64,64,64,64,64,64 rdinit=/firmadyne/preInit.sh rw debug ignore_loglevel print-fatal-signals=1 user_debug=31 firmadyne.syscall=0
[    0.000000] PID hash table entries: 1024 (order: 0, 4096 bytes)
[    0.000000] Dentry cache hash table entries: 32768 (order: 5, 131072 bytes)
[    0.000000] Inode-cache hash table entries: 16384 (order: 4, 65536 bytes)
[    0.000000] Memory: 253344K/262144K available (4297K kernel code, 170K rwdata, 1584K rodata, 180K init, 148K bss, 8800K reserved, 0K cma-reserved)
[    0.000000] Virtual kernel memory layout:
[    0.000000]     vector  : 0xffff0000 - 0xffff1000   (   4 kB)
[    0.000000]     fixmap  : 0xffc00000 - 0xfff00000   (3072 kB)
[    0.000000]     vmalloc : 0xd0800000 - 0xff000000   ( 744 MB)
[    0.000000]     lowmem  : 0xc0000000 - 0xd0000000   ( 256 MB)
[    0.000000]     modules : 0xbf000000 - 0xc0000000   (  16 MB)
[    0.000000]       .text : 0xc0008000 - 0xc05c67bc   (5882 kB)
[    0.000000]       .init : 0xc05c7000 - 0xc05f4000   ( 180 kB)
[    0.000000]       .data : 0xc05f4000 - 0xc061e840   ( 171 kB)
[    0.000000]        .bss : 0xc0621000 - 0xc06462d4   ( 149 kB)
[    0.000000] NR_IRQS:16 nr_irqs:16 16
[    0.000000] Architected cp15 timer(s) running at 62.50MHz (virt).
[    0.000000] clocksource arch_sys_counter: mask: 0xffffffffffffff max_cycles: 0x1cd42e208c, max_idle_ns: 881590405314 ns
[    0.000127] sched_clock: 56 bits at 62MHz, resolution 16ns, wraps every 4398046511096ns
[    0.000229] Switching to timer-based delay loop, resolution 16ns
[    0.002722] Console: colour dummy device 80x30
[    0.002981] Calibrating delay loop (skipped), value calculated using timer frequency.. 125.00 BogoMIPS (lpj=625000)
[    0.003081] pid_max: default: 32768 minimum: 301
[    0.003804] Mount-cache hash table entries: 1024 (order: 0, 4096 bytes)
[    0.003833] Mountpoint-cache hash table entries: 1024 (order: 0, 4096 bytes)
[    0.011312] CPU: Testing write buffer coherency: ok
[    0.016266] Setting up static identity map for 0x40008240 - 0x40008298
[    0.028703] VFP support v0.3: implementor 41 architecture 4 part 30 variant f rev 0
[    0.038723] clocksource jiffies: mask: 0xffffffff max_cycles: 0xffffffff, max_idle_ns: 19112604462750000 ns
[    0.046186] NET: Registered protocol family 16
[    0.048683] DMA: preallocated 256 KiB pool for atomic coherent allocations
[    0.051889] cpuidle: using governor ladder
[    0.052034] cpuidle: using governor menu
[    0.055170] genirq: Setting trigger mode 1 for irq 20 failed (gic_set_type+0x0/0x48)
[    0.056671] genirq: Setting trigger mode 1 for irq 21 failed (gic_set_type+0x0/0x48)
[    0.056934] genirq: Setting trigger mode 1 for irq 22 failed (gic_set_type+0x0/0x48)
[    0.057215] genirq: Setting trigger mode 1 for irq 23 failed (gic_set_type+0x0/0x48)
[    0.057481] genirq: Setting trigger mode 1 for irq 24 failed (gic_set_type+0x0/0x48)
[    0.057729] genirq: Setting trigger mode 1 for irq 25 failed (gic_set_type+0x0/0x48)
[    0.057964] genirq: Setting trigger mode 1 for irq 26 failed (gic_set_type+0x0/0x48)
[    0.058203] genirq: Setting trigger mode 1 for irq 27 failed (gic_set_type+0x0/0x48)
[    0.058538] genirq: Setting trigger mode 1 for irq 28 failed (gic_set_type+0x0/0x48)
[    0.058789] genirq: Setting trigger mode 1 for irq 29 failed (gic_set_type+0x0/0x48)
[    0.059022] genirq: Setting trigger mode 1 for irq 30 failed (gic_set_type+0x0/0x48)
[    0.059271] genirq: Setting trigger mode 1 for irq 31 failed (gic_set_type+0x0/0x48)
[    0.059503] genirq: Setting trigger mode 1 for irq 32 failed (gic_set_type+0x0/0x48)
[    0.059741] genirq: Setting trigger mode 1 for irq 33 failed (gic_set_type+0x0/0x48)
[    0.059970] genirq: Setting trigger mode 1 for irq 34 failed (gic_set_type+0x0/0x48)
[    0.060197] genirq: Setting trigger mode 1 for irq 35 failed (gic_set_type+0x0/0x48)
[    0.060432] genirq: Setting trigger mode 1 for irq 36 failed (gic_set_type+0x0/0x48)
[    0.060685] genirq: Setting trigger mode 1 for irq 37 failed (gic_set_type+0x0/0x48)
[    0.060965] genirq: Setting trigger mode 1 for irq 38 failed (gic_set_type+0x0/0x48)
[    0.061236] genirq: Setting trigger mode 1 for irq 39 failed (gic_set_type+0x0/0x48)
[    0.061479] genirq: Setting trigger mode 1 for irq 40 failed (gic_set_type+0x0/0x48)
[    0.061724] genirq: Setting trigger mode 1 for irq 41 failed (gic_set_type+0x0/0x48)
[    0.061975] genirq: Setting trigger mode 1 for irq 42 failed (gic_set_type+0x0/0x48)
[    0.062225] genirq: Setting trigger mode 1 for irq 43 failed (gic_set_type+0x0/0x48)
[    0.062483] genirq: Setting trigger mode 1 for irq 44 failed (gic_set_type+0x0/0x48)
[    0.062742] genirq: Setting trigger mode 1 for irq 45 failed (gic_set_type+0x0/0x48)
[    0.062986] genirq: Setting trigger mode 1 for irq 46 failed (gic_set_type+0x0/0x48)
[    0.063498] genirq: Setting trigger mode 1 for irq 47 failed (gic_set_type+0x0/0x48)
[    0.063767] genirq: Setting trigger mode 1 for irq 48 failed (gic_set_type+0x0/0x48)
[    0.064015] genirq: Setting trigger mode 1 for irq 49 failed (gic_set_type+0x0/0x48)
[    0.064254] genirq: Setting trigger mode 1 for irq 50 failed (gic_set_type+0x0/0x48)
[    0.064505] genirq: Setting trigger mode 1 for irq 51 failed (gic_set_type+0x0/0x48)
[    0.064923] genirq: Setting trigger mode 1 for irq 52 failed (gic_set_type+0x0/0x48)
[    0.067931] Serial: AMBA PL011 UART driver
[    0.069624] 9000000.pl011: ttyS0 at MMIO 0x9000000 (irq = 52, base_baud = 0) is a PL011 rev1
[    0.125967] console [ttyS0] enabled
[    0.145724] vgaarb: loaded
[    0.147798] SCSI subsystem initialized
[    0.149407] usbcore: registered new interface driver usbfs
[    0.150650] usbcore: registered new interface driver hub
[    0.151858] usbcore: registered new device driver usb
[    0.160232] cfg80211: Calling CRDA to update world regulatory domain
[    0.163344] Switched to clocksource arch_sys_counter
[    0.178606] NET: Registered protocol family 2
[    0.183883] TCP established hash table entries: 2048 (order: 1, 8192 bytes)
[    0.185387] TCP bind hash table entries: 2048 (order: 1, 8192 bytes)
[    0.186764] TCP: Hash tables configured (established 2048 bind 2048)
[    0.188330] UDP hash table entries: 256 (order: 0, 4096 bytes)
[    0.189549] UDP-Lite hash table entries: 256 (order: 0, 4096 bytes)
[    0.191832] NET: Registered protocol family 1
[    0.193153] PCI: CLS 0 bytes, default 64
[    0.200066] NetWinder Floating Point Emulator V0.97 (extended precision)
[    0.203723] futex hash table entries: 256 (order: -1, 3072 bytes)
[    0.209420] squashfs: version 4.0 (2009/01/31) Phillip Lougher
[    0.211714] jffs2: version 2.2. (NAND) Â© 2001-2006 Red Hat, Inc.
[    0.213732] romfs: ROMFS MTD (C) 2007 Red Hat, Inc.
[    0.221785] Block layer SCSI generic (bsg) driver version 0.4 loaded (major 253)
[    0.223705] io scheduler noop registered
[    0.224595] io scheduler cfq registered (default)
[    0.226053] firmadyne: devfs: 1, execute: 1, procfs: 1, syscall: 0
[    0.228457] ------------[ cut here ]------------
[    0.229416] WARNING: CPU: 0 PID: 1 at /home/vagrant/firmadyne-kernel/kernel-v4.1/fs/sysfs/dir.c:31 sysfs_warn_dup+0x50/0x6c()
[    0.231459] sysfs: cannot create duplicate filename '/class/gpio'
[    0.232595] Modules linked in:
[    0.233830] CPU: 0 PID: 1 Comm: swapper Not tainted 4.1.17+ #1
[    0.234896] Hardware name: Generic DT based system
[    0.236387] [<c001c99c>] (unwind_backtrace) from [<c0019d30>] (show_stack+0x10/0x14)
[    0.237978] [<c0019d30>] (show_stack) from [<c0024ab4>] (warn_slowpath_common+0x80/0xa8)
[    0.239499] [<c0024ab4>] (warn_slowpath_common) from [<c0024b08>] (warn_slowpath_fmt+0x2c/0x3c)
[    0.241143] [<c0024b08>] (warn_slowpath_fmt) from [<c00e363c>] (sysfs_warn_dup+0x50/0x6c)
[    0.242642] [<c00e363c>] (sysfs_warn_dup) from [<c00e3714>] (sysfs_create_dir_ns+0x74/0x84)
[    0.243972] [<c00e3714>] (sysfs_create_dir_ns) from [<c018e6ac>] (kobject_add_internal+0xb8/0x2ac)
[    0.245011] [<c018e6ac>] (kobject_add_internal) from [<c018e9a8>] (kset_register+0x1c/0x44)
[    0.245865] [<c018e9a8>] (kset_register) from [<c02090b4>] (__class_register+0xa8/0x198)
[    0.246505] [<c02090b4>] (__class_register) from [<c02091e4>] (__class_create+0x40/0x70)
[    0.247285] [<c02091e4>] (__class_create) from [<c01adf68>] (register_devfs_stubs+0x314/0xbb4)
[    0.247996] [<c01adf68>] (register_devfs_stubs) from [<c05d9b08>] (init_module+0x28/0xa4)
[    0.248755] [<c05d9b08>] (init_module) from [<c0009670>] (do_one_initcall+0x104/0x1b4)
[    0.249776] [<c0009670>] (do_one_initcall) from [<c05c7d08>] (kernel_init_freeable+0xf0/0x1b0)
[    0.250497] [<c05c7d08>] (kernel_init_freeable) from [<c040f28c>] (kernel_init+0x8/0xe4)
[    0.251300] [<c040f28c>] (kernel_init) from [<c0016da8>] (ret_from_fork+0x14/0x2c)
[    0.251960] ---[ end trace bd3fc82f77d6be18 ]---
[    0.252891] ------------[ cut here ]------------
[    0.253858] WARNING: CPU: 0 PID: 1 at /home/vagrant/firmadyne-kernel/kernel-v4.1/lib/kobject.c:240 kobject_add_internal+0x240/0x2ac()
[    0.255051] kobject_add_internal failed for gpio with -EEXIST, don't try to register things with the same name in the same directory.
[    0.256055] Modules linked in:
[    0.256353] CPU: 0 PID: 1 Comm: swapper Tainted: G        W       4.1.17+ #1
[    0.257276] Hardware name: Generic DT based system
[    0.257651] [<c001c99c>] (unwind_backtrace) from [<c0019d30>] (show_stack+0x10/0x14)
[    0.258493] [<c0019d30>] (show_stack) from [<c0024ab4>] (warn_slowpath_common+0x80/0xa8)
[    0.259275] [<c0024ab4>] (warn_slowpath_common) from [<c0024b08>] (warn_slowpath_fmt+0x2c/0x3c)
[    0.260018] [<c0024b08>] (warn_slowpath_fmt) from [<c018e834>] (kobject_add_internal+0x240/0x2ac)
[    0.260718] [<c018e834>] (kobject_add_internal) from [<c018e9a8>] (kset_register+0x1c/0x44)
[    0.261620] [<c018e9a8>] (kset_register) from [<c02090b4>] (__class_register+0xa8/0x198)
[    0.262327] [<c02090b4>] (__class_register) from [<c02091e4>] (__class_create+0x40/0x70)
[    0.263048] [<c02091e4>] (__class_create) from [<c01adf68>] (register_devfs_stubs+0x314/0xbb4)
[    0.264383] [<c01adf68>] (register_devfs_stubs) from [<c05d9b08>] (init_module+0x28/0xa4)
[    0.265158] [<c05d9b08>] (init_module) from [<c0009670>] (do_one_initcall+0x104/0x1b4)
[    0.265975] [<c0009670>] (do_one_initcall) from [<c05c7d08>] (kernel_init_freeable+0xf0/0x1b0)
[    0.266691] [<c05c7d08>] (kernel_init_freeable) from [<c040f28c>] (kernel_init+0x8/0xe4)
[    0.267314] [<c040f28c>] (kernel_init) from [<c0016da8>] (ret_from_fork+0x14/0x2c)
[    0.267923] ---[ end trace bd3fc82f77d6be19 ]---
[    0.268721] firmadyne: Cannot create device class: gpio!
[    0.270668] firmadyne: Cannot register character device: watchdog, 0xa, 0x82!
[    0.272118] firmadyne: Cannot register character device: wdt, 0xfd, 0x0!
[    0.368246] Non-volatile memory driver v1.3
[    0.388331] brd: module loaded
[    0.397681] loop: module loaded
[    0.407751]  vda: vda1
[    0.412517] [nandsim] warning: read_byte: unexpected data output cycle, state is STATE_READY return 0x0
[    0.414600] [nandsim] warning: read_byte: unexpected data output cycle, state is STATE_READY return 0x0
[    0.416260] [nandsim] warning: read_byte: unexpected data output cycle, state is STATE_READY return 0x0
[    0.417961] [nandsim] warning: read_byte: unexpected data output cycle, state is STATE_READY return 0x0
[    0.419606] [nandsim] warning: read_byte: unexpected data output cycle, state is STATE_READY return 0x0
[    0.421158] [nandsim] warning: read_byte: unexpected data output cycle, state is STATE_READY return 0x0
[    0.422356] nand: device found, Manufacturer ID: 0x98, Chip ID: 0x39
[    0.423772] nand: Toshiba NAND 128MiB 1,8V 8-bit
[    0.424435] nand: 128 MiB, SLC, erase size: 16 KiB, page size: 512, OOB size: 16
[    0.425732] flash size: 128 MiB
[    0.426351] page size: 512 bytes
[    0.426937] OOB area size: 16 bytes
[    0.427588] sector size: 16 KiB
[    0.428260] pages number: 262144
[    0.428925] pages per sector: 32
[    0.429517] bus width: 8
[    0.429706] bits in sector size: 14
[    0.430076] bits in page size: 9
[    0.430369] bits in OOB size: 4
[    0.430587] flash size with OOB: 135168 KiB
[    0.431260] page address bytes: 4
[    0.431500] sector address bytes: 3
[    0.431768] options: 0x42
[    0.436956] Scanning device for bad blocks
[    0.545964] Creating 11 MTD partitions on "NAND 128MiB 1,8V 8-bit":
[    0.547588] 0x000000000000-0x000000100000 : "NAND simulator partition 0"
[    0.551655] 0x000000100000-0x000000200000 : "NAND simulator partition 1"
[    0.554415] 0x000000200000-0x000000300000 : "NAND simulator partition 2"
[    0.556909] 0x000000300000-0x000000400000 : "NAND simulator partition 3"
[    0.559373] 0x000000400000-0x000000500000 : "NAND simulator partition 4"
[    0.561832] 0x000000500000-0x000000600000 : "NAND simulator partition 5"
[    0.564535] 0x000000600000-0x000000700000 : "NAND simulator partition 6"
[    0.567054] 0x000000700000-0x000000800000 : "NAND simulator partition 7"
[    0.569656] 0x000000800000-0x000000900000 : "NAND simulator partition 8"
[    0.572589] 0x000000900000-0x000000a00000 : "NAND simulator partition 9"
[    0.575354] 0x000000a00000-0x000008000000 : "NAND simulator partition 10"
[    0.580665] tun: Universal TUN/TAP device driver, 1.6
[    0.581660] tun: (C) 1999-2004 Max Krasnyansky <maxk@qualcomm.com>
[    0.598701] PPP generic driver version 2.4.2
[    0.600274] PPP BSD Compression module registered
[    0.601269] PPP Deflate Compression module registered
[    0.602323] PPP MPPE Compression module registered
[    0.603496] NET: Registered protocol family 24
[    0.604594] PPTP driver version 0.8.5
[    0.606176] usbcore: registered new interface driver usb-storage
[    0.608792] hidraw: raw HID events driver (C) Jiri Kosina
[    0.610251] usbcore: registered new interface driver usbhid
[    0.611284] usbhid: USB HID core driver
[    0.612419] Netfilter messages via NETLINK v0.30.
[    0.614123] nf_conntrack version 0.5.0 (3958 buckets, 15832 max)
[    0.616444] ctnetlink v0.93: registering with nfnetlink.
[    0.618754] ipip: IPv4 over IPv4 tunneling driver
[    0.621426] gre: GRE over IPv4 demultiplexor driver
[    0.622511] ip_gre: GRE over IPv4 tunneling driver
[    0.627749] ip_tables: (C) 2000-2006 Netfilter Core Team
[    0.630551] arp_tables: (C) 2002 David S. Miller
[    0.632432] Initializing XFRM netlink socket
[    0.633967] NET: Registered protocol family 10
[    0.640694] ip6_tables: (C) 2000-2006 Netfilter Core Team
[    0.643417] sit: IPv6 over IPv4 tunneling driver
[    0.647838] NET: Registered protocol family 17
[    0.649328] bridge: automatic filtering via arp/ip/ip6tables has been deprecated. Update your scripts to load br_netfilter if you need this.
[    0.651728] Bridge firewalling registered
[    0.652531] Ebtables v2.0 registered
[    0.654551] 8021q: 802.1Q VLAN Support v1.8
[    0.655956] Registering SWP/SWPB emulation handler
[    0.658752] hctosys: unable to open rtc device (rtc0)
[    0.675528] UDF-fs: warning (device vda1): udf_fill_super: No partition found (2)
[    0.692400] UDF-fs: warning (device vda1): udf_fill_super: No partition found (2)
[    0.694244] List of all partitions:
[    0.695103] 0100            8192 ram0  (driver?)
[    0.696014] 0101            8192 ram1  (driver?)
[    0.696932] 0102            8192 ram2  (driver?)
[    0.697796] 0103            8192 ram3  (driver?)
[    0.698648] 0104            8192 ram4  (driver?)
[    0.699504] 0105            8192 ram5  (driver?)
[    0.700352] 0106            8192 ram6  (driver?)
[    0.701490] 0107            8192 ram7  (driver?)
[    0.702348] 0108            8192 ram8  (driver?)
[    0.703436] 0109            8192 ram9  (driver?)
[    0.704302] 010a            8192 ram10  (driver?)
[    0.704726] 010b            8192 ram11  (driver?)
[    0.705187] 010c            8192 ram12  (driver?)
[    0.705610] 010d            8192 ram13  (driver?)
[    0.706099] 010e            8192 ram14  (driver?)
[    0.706646] 010f            8192 ram15  (driver?)
[    0.707181] fe00         1048576 vda  driver: virtio_blk
[    0.707579]   fe01         1047552 vda1 b1b273bc-01
[    0.708164] 1f00            1024 mtdblock0  (driver?)
[    0.708663] 1f01            1024 mtdblock1  (driver?)
[    0.709319] 1f02            1024 mtdblock2  (driver?)
[    0.709655] 1f03            1024 mtdblock3  (driver?)
[    0.710119] 1f04            1024 mtdblock4  (driver?)
[    0.710640] 1f05            1024 mtdblock5  (driver?)
[    0.711157] 1f06            1024 mtdblock6  (driver?)
[    0.711728] 1f07            1024 mtdblock7  (driver?)
[    0.712076] 1f08            1024 mtdblock8  (driver?)
[    0.712610] 1f09            1024 mtdblock9  (driver?)
[    0.713539] 1f0a          120832 mtdblock10  (driver?)
[    0.713976] No filesystem could mount root, tried:  ext3 ext2 ext4 cramfs squashfs vfat iso9660 romfs udf
[    0.715606] Kernel panic - not syncing: VFS: Unable to mount root fs on unknown-block(254,1)
[    0.716547] CPU: 0 PID: 1 Comm: swapper Tainted: G        W       4.1.17+ #1
[    0.717277] Hardware name: Generic DT based system
[    0.717803] [<c001c99c>] (unwind_backtrace) from [<c0019d30>] (show_stack+0x10/0x14)
[    0.718631] [<c0019d30>] (show_stack) from [<c0410b78>] (panic+0x70/0x1c8)
[    0.719272] [<c0410b78>] (panic) from [<c05c81bc>] (mount_block_root+0x268/0x2ac)
[    0.720047] [<c05c81bc>] (mount_block_root) from [<c05c84a4>] (prepare_namespace+0x158/0x1ac)
[    0.720814] [<c05c84a4>] (prepare_namespace) from [<c05c7d84>] (kernel_init_freeable+0x16c/0x1b0)
[    0.721567] [<c05c7d84>] (kernel_init_freeable) from [<c040f28c>] (kernel_init+0x8/0xe4)
[    0.722289] [<c040f28c>] (kernel_init) from [<c0016da8>] (ret_from_fork+0x14/0x2c)
[    0.723573] ---[ end Kernel panic - not syncing: VFS: Unable to mount root fs on unknown-block(254,1)
