[    0.000000] Booting Linux on physical CPU 0x0
[    0.000000] Linux version 4.1.17+ (vagrant@vagrant-ubuntu-trusty-64) (gcc version 5.3.0 (GCC) ) #1 Thu Feb 18 01:05:21 UTC 2016
[    0.000000] CPU: ARMv7 Processor [412fc0f1] revision 1 (ARMv7), cr=10c5387d
[    0.000000] CPU: PIPT / VIPT nonaliasing data cache, PIPT instruction cache
[    0.000000] Machine model: linux,dummy-virt
[    0.000000] debug: ignoring loglevel setting.
[    0.000000] Memory policy: Data cache writeback
[    0.000000] On node 0 totalpages: 65536
[    0.000000] free_area_init_node: node 0, pgdat c061dfe8, node_mem_map cfdf9000
[    0.000000]   Normal zone: 512 pages used for memmap
[    0.000000]   Normal zone: 0 pages reserved
[    0.000000]   Normal zone: 65536 pages, LIFO batch:15
[    0.000000] CPU: All CPU(s) started in SVC mode.
[    0.000000] pcpu-alloc: s0 r0 d32768 u32768 alloc=1*32768
[    0.000000] pcpu-alloc: [0] 0 
[    0.000000] Built 1 zonelists in Zone order, mobility grouping on.  Total pages: 65024
[    0.000000] Kernel command line: root=/dev/vda1 console=ttyS0 nandsim.parts=64,64,64,64,64,64,64,64,64,64 rdinit=/firmadyne/preInit.sh rw debug ignore_loglevel print-fatal-signals=1 user_debug=31 firmadyne.syscall=0
[    0.000000] PID hash table entries: 1024 (order: 0, 4096 bytes)
[    0.000000] Dentry cache hash table entries: 32768 (order: 5, 131072 bytes)
[    0.000000] Inode-cache hash table entries: 16384 (order: 4, 65536 bytes)
[    0.000000] Memory: 253344K/262144K available (4297K kernel code, 170K rwdata, 1584K rodata, 180K init, 148K bss, 8800K reserved, 0K cma-reserved)
[    0.000000] Virtual kernel memory layout:
[    0.000000]     vector  : 0xffff0000 - 0xffff1000   (   4 kB)
[    0.000000]     fixmap  : 0xffc00000 - 0xfff00000   (3072 kB)
[    0.000000]     vmalloc : 0xd0800000 - 0xff000000   ( 744 MB)
[    0.000000]     lowmem  : 0xc0000000 - 0xd0000000   ( 256 MB)
[    0.000000]     modules : 0xbf000000 - 0xc0000000   (  16 MB)
[    0.000000]       .text : 0xc0008000 - 0xc05c67bc   (5882 kB)
[    0.000000]       .init : 0xc05c7000 - 0xc05f4000   ( 180 kB)
[    0.000000]       .data : 0xc05f4000 - 0xc061e840   ( 171 kB)
[    0.000000]        .bss : 0xc0621000 - 0xc06462d4   ( 149 kB)
[    0.000000] NR_IRQS:16 nr_irqs:16 16
[    0.000000] Architected cp15 timer(s) running at 62.50MHz (virt).
[    0.000000] clocksource arch_sys_counter: mask: 0xffffffffffffff max_cycles: 0x1cd42e208c, max_idle_ns: 881590405314 ns
[    0.000148] sched_clock: 56 bits at 62MHz, resolution 16ns, wraps every 4398046511096ns
[    0.000253] Switching to timer-based delay loop, resolution 16ns
[    0.002763] Console: colour dummy device 80x30
[    0.003024] Calibrating delay loop (skipped), value calculated using timer frequency.. 125.00 BogoMIPS (lpj=625000)
[    0.003126] pid_max: default: 32768 minimum: 301
[    0.003905] Mount-cache hash table entries: 1024 (order: 0, 4096 bytes)
[    0.003953] Mountpoint-cache hash table entries: 1024 (order: 0, 4096 bytes)
[    0.011565] CPU: Testing write buffer coherency: ok
[    0.016713] Setting up static identity map for 0x40008240 - 0x40008298
[    0.028907] VFP support v0.3: implementor 41 architecture 4 part 30 variant f rev 0
[    0.039022] clocksource jiffies: mask: 0xffffffff max_cycles: 0xffffffff, max_idle_ns: 19112604462750000 ns
[    0.046620] NET: Registered protocol family 16
[    0.049234] DMA: preallocated 256 KiB pool for atomic coherent allocations
[    0.052466] cpuidle: using governor ladder
[    0.052596] cpuidle: using governor menu
[    0.055679] genirq: Setting trigger mode 1 for irq 20 failed (gic_set_type+0x0/0x48)
[    0.057189] genirq: Setting trigger mode 1 for irq 21 failed (gic_set_type+0x0/0x48)
[    0.057471] genirq: Setting trigger mode 1 for irq 22 failed (gic_set_type+0x0/0x48)
[    0.057739] genirq: Setting trigger mode 1 for irq 23 failed (gic_set_type+0x0/0x48)
[    0.058002] genirq: Setting trigger mode 1 for irq 24 failed (gic_set_type+0x0/0x48)
[    0.058248] genirq: Setting trigger mode 1 for irq 25 failed (gic_set_type+0x0/0x48)
[    0.058483] genirq: Setting trigger mode 1 for irq 26 failed (gic_set_type+0x0/0x48)
[    0.058719] genirq: Setting trigger mode 1 for irq 27 failed (gic_set_type+0x0/0x48)
[    0.059079] genirq: Setting trigger mode 1 for irq 28 failed (gic_set_type+0x0/0x48)
[    0.059328] genirq: Setting trigger mode 1 for irq 29 failed (gic_set_type+0x0/0x48)
[    0.059560] genirq: Setting trigger mode 1 for irq 30 failed (gic_set_type+0x0/0x48)
[    0.059806] genirq: Setting trigger mode 1 for irq 31 failed (gic_set_type+0x0/0x48)
[    0.060133] genirq: Setting trigger mode 1 for irq 32 failed (gic_set_type+0x0/0x48)
[    0.060386] genirq: Setting trigger mode 1 for irq 33 failed (gic_set_type+0x0/0x48)
[    0.060614] genirq: Setting trigger mode 1 for irq 34 failed (gic_set_type+0x0/0x48)
[    0.060841] genirq: Setting trigger mode 1 for irq 35 failed (gic_set_type+0x0/0x48)
[    0.061077] genirq: Setting trigger mode 1 for irq 36 failed (gic_set_type+0x0/0x48)
[    0.061317] genirq: Setting trigger mode 1 for irq 37 failed (gic_set_type+0x0/0x48)
[    0.061625] genirq: Setting trigger mode 1 for irq 38 failed (gic_set_type+0x0/0x48)
[    0.061878] genirq: Setting trigger mode 1 for irq 39 failed (gic_set_type+0x0/0x48)
[    0.062116] genirq: Setting trigger mode 1 for irq 40 failed (gic_set_type+0x0/0x48)
[    0.062359] genirq: Setting trigger mode 1 for irq 41 failed (gic_set_type+0x0/0x48)
[    0.062610] genirq: Setting trigger mode 1 for irq 42 failed (gic_set_type+0x0/0x48)
[    0.062859] genirq: Setting trigger mode 1 for irq 43 failed (gic_set_type+0x0/0x48)
[    0.063341] genirq: Setting trigger mode 1 for irq 44 failed (gic_set_type+0x0/0x48)
[    0.063621] genirq: Setting trigger mode 1 for irq 45 failed (gic_set_type+0x0/0x48)
[    0.063895] genirq: Setting trigger mode 1 for irq 46 failed (gic_set_type+0x0/0x48)
[    0.064248] genirq: Setting trigger mode 1 for irq 47 failed (gic_set_type+0x0/0x48)
[    0.064511] genirq: Setting trigger mode 1 for irq 48 failed (gic_set_type+0x0/0x48)
[    0.064755] genirq: Setting trigger mode 1 for irq 49 failed (gic_set_type+0x0/0x48)
[    0.064993] genirq: Setting trigger mode 1 for irq 50 failed (gic_set_type+0x0/0x48)
[    0.065229] genirq: Setting trigger mode 1 for irq 51 failed (gic_set_type+0x0/0x48)
[    0.065666] genirq: Setting trigger mode 1 for irq 52 failed (gic_set_type+0x0/0x48)
[    0.068642] Serial: AMBA PL011 UART driver
[    0.070302] 9000000.pl011: ttyS0 at MMIO 0x9000000 (irq = 52, base_baud = 0) is a PL011 rev1
[    0.140170] console [ttyS0] enabled
[    0.159694] vgaarb: loaded
[    0.161894] SCSI subsystem initialized
[    0.163594] usbcore: registered new interface driver usbfs
[    0.165054] usbcore: registered new interface driver hub
[    0.166457] usbcore: registered new device driver usb
[    0.175069] cfg80211: Calling CRDA to update world regulatory domain
[    0.178437] Switched to clocksource arch_sys_counter
[    0.194003] NET: Registered protocol family 2
[    0.199307] TCP established hash table entries: 2048 (order: 1, 8192 bytes)
[    0.200972] TCP bind hash table entries: 2048 (order: 1, 8192 bytes)
[    0.202545] TCP: Hash tables configured (established 2048 bind 2048)
[    0.204340] UDP hash table entries: 256 (order: 0, 4096 bytes)
[    0.205732] UDP-Lite hash table entries: 256 (order: 0, 4096 bytes)
[    0.208497] NET: Registered protocol family 1
[    0.209820] PCI: CLS 0 bytes, default 64
[    0.216670] NetWinder Floating Point Emulator V0.97 (extended precision)
[    0.220460] futex hash table entries: 256 (order: -1, 3072 bytes)
[    0.226216] squashfs: version 4.0 (2009/01/31) Phillip Lougher
[    0.228965] jffs2: version 2.2. (NAND) Â© 2001-2006 Red Hat, Inc.
[    0.230980] romfs: ROMFS MTD (C) 2007 Red Hat, Inc.
[    0.239512] Block layer SCSI generic (bsg) driver version 0.4 loaded (major 253)
[    0.241287] io scheduler noop registered
[    0.242264] io scheduler cfq registered (default)
[    0.243807] firmadyne: devfs: 1, execute: 1, procfs: 1, syscall: 0
[    0.246149] ------------[ cut here ]------------
[    0.247199] WARNING: CPU: 0 PID: 1 at /home/vagrant/firmadyne-kernel/kernel-v4.1/fs/sysfs/dir.c:31 sysfs_warn_dup+0x50/0x6c()
[    0.249839] sysfs: cannot create duplicate filename '/class/gpio'
[    0.251219] Modules linked in:
[    0.252157] CPU: 0 PID: 1 Comm: swapper Not tainted 4.1.17+ #1
[    0.253374] Hardware name: Generic DT based system
[    0.254951] [<c001c99c>] (unwind_backtrace) from [<c0019d30>] (show_stack+0x10/0x14)
[    0.256704] [<c0019d30>] (show_stack) from [<c0024ab4>] (warn_slowpath_common+0x80/0xa8)
[    0.258709] [<c0024ab4>] (warn_slowpath_common) from [<c0024b08>] (warn_slowpath_fmt+0x2c/0x3c)
[    0.260613] [<c0024b08>] (warn_slowpath_fmt) from [<c00e363c>] (sysfs_warn_dup+0x50/0x6c)
[    0.262309] [<c00e363c>] (sysfs_warn_dup) from [<c00e3714>] (sysfs_create_dir_ns+0x74/0x84)
[    0.263255] [<c00e3714>] (sysfs_create_dir_ns) from [<c018e6ac>] (kobject_add_internal+0xb8/0x2ac)
[    0.264391] [<c018e6ac>] (kobject_add_internal) from [<c018e9a8>] (kset_register+0x1c/0x44)
[    0.265323] [<c018e9a8>] (kset_register) from [<c02090b4>] (__class_register+0xa8/0x198)
[    0.266249] [<c02090b4>] (__class_register) from [<c02091e4>] (__class_create+0x40/0x70)
[    0.267118] [<c02091e4>] (__class_create) from [<c01adf68>] (register_devfs_stubs+0x314/0xbb4)
[    0.268045] [<c01adf68>] (register_devfs_stubs) from [<c05d9b08>] (init_module+0x28/0xa4)
[    0.269366] [<c05d9b08>] (init_module) from [<c0009670>] (do_one_initcall+0x104/0x1b4)
[    0.270402] [<c0009670>] (do_one_initcall) from [<c05c7d08>] (kernel_init_freeable+0xf0/0x1b0)
[    0.271591] [<c05c7d08>] (kernel_init_freeable) from [<c040f28c>] (kernel_init+0x8/0xe4)
[    0.272469] [<c040f28c>] (kernel_init) from [<c0016da8>] (ret_from_fork+0x14/0x2c)
[    0.273377] ---[ end trace 5e13e5a759abd53c ]---
[    0.274364] ------------[ cut here ]------------
[    0.275057] WARNING: CPU: 0 PID: 1 at /home/vagrant/firmadyne-kernel/kernel-v4.1/lib/kobject.c:240 kobject_add_internal+0x240/0x2ac()
[    0.276403] kobject_add_internal failed for gpio with -EEXIST, don't try to register things with the same name in the same directory.
[    0.277661] Modules linked in:
[    0.278042] CPU: 0 PID: 1 Comm: swapper Tainted: G        W       4.1.17+ #1
[    0.279416] Hardware name: Generic DT based system
[    0.279996] [<c001c99c>] (unwind_backtrace) from [<c0019d30>] (show_stack+0x10/0x14)
[    0.281084] [<c0019d30>] (show_stack) from [<c0024ab4>] (warn_slowpath_common+0x80/0xa8)
[    0.281857] [<c0024ab4>] (warn_slowpath_common) from [<c0024b08>] (warn_slowpath_fmt+0x2c/0x3c)
[    0.282878] [<c0024b08>] (warn_slowpath_fmt) from [<c018e834>] (kobject_add_internal+0x240/0x2ac)
[    0.283940] [<c018e834>] (kobject_add_internal) from [<c018e9a8>] (kset_register+0x1c/0x44)
[    0.284907] [<c018e9a8>] (kset_register) from [<c02090b4>] (__class_register+0xa8/0x198)
[    0.285708] [<c02090b4>] (__class_register) from [<c02091e4>] (__class_create+0x40/0x70)
[    0.286767] [<c02091e4>] (__class_create) from [<c01adf68>] (register_devfs_stubs+0x314/0xbb4)
[    0.287699] [<c01adf68>] (register_devfs_stubs) from [<c05d9b08>] (init_module+0x28/0xa4)
[    0.288955] [<c05d9b08>] (init_module) from [<c0009670>] (do_one_initcall+0x104/0x1b4)
[    0.289846] [<c0009670>] (do_one_initcall) from [<c05c7d08>] (kernel_init_freeable+0xf0/0x1b0)
[    0.290937] [<c05c7d08>] (kernel_init_freeable) from [<c040f28c>] (kernel_init+0x8/0xe4)
[    0.291775] [<c040f28c>] (kernel_init) from [<c0016da8>] (ret_from_fork+0x14/0x2c)
[    0.292768] ---[ end trace 5e13e5a759abd53d ]---
[    0.293349] firmadyne: Cannot create device class: gpio!
[    0.295537] firmadyne: Cannot register character device: watchdog, 0xa, 0x82!
[    0.297109] firmadyne: Cannot register character device: wdt, 0xfd, 0x0!
[    0.392906] Non-volatile memory driver v1.3
[    0.412588] brd: module loaded
[    0.421322] loop: module loaded
[    0.430191]  vda: vda1
[    0.434690] [nandsim] warning: read_byte: unexpected data output cycle, state is STATE_READY return 0x0
[    0.436750] [nandsim] warning: read_byte: unexpected data output cycle, state is STATE_READY return 0x0
[    0.438972] [nandsim] warning: read_byte: unexpected data output cycle, state is STATE_READY return 0x0
[    0.440980] [nandsim] warning: read_byte: unexpected data output cycle, state is STATE_READY return 0x0
[    0.442934] [nandsim] warning: read_byte: unexpected data output cycle, state is STATE_READY return 0x0
[    0.444312] [nandsim] warning: read_byte: unexpected data output cycle, state is STATE_READY return 0x0
[    0.445769] nand: device found, Manufacturer ID: 0x98, Chip ID: 0x39
[    0.446977] nand: Toshiba NAND 128MiB 1,8V 8-bit
[    0.447586] nand: 128 MiB, SLC, erase size: 16 KiB, page size: 512, OOB size: 16
[    0.449515] flash size: 128 MiB
[    0.450209] page size: 512 bytes
[    0.450908] OOB area size: 16 bytes
[    0.451645] sector size: 16 KiB
[    0.452387] pages number: 262144
[    0.453083] pages per sector: 32
[    0.453650] bus width: 8
[    0.453899] bits in sector size: 14
[    0.454371] bits in page size: 9
[    0.454684] bits in OOB size: 4
[    0.455196] flash size with OOB: 135168 KiB
[    0.455566] page address bytes: 4
[    0.456011] sector address bytes: 3
[    0.456561] options: 0x42
[    0.460848] Scanning device for bad blocks
[    0.572003] Creating 11 MTD partitions on "NAND 128MiB 1,8V 8-bit":
[    0.573802] 0x000000000000-0x000000100000 : "NAND simulator partition 0"
[    0.578008] 0x000000100000-0x000000200000 : "NAND simulator partition 1"
[    0.581000] 0x000000200000-0x000000300000 : "NAND simulator partition 2"
[    0.583671] 0x000000300000-0x000000400000 : "NAND simulator partition 3"
[    0.586307] 0x000000400000-0x000000500000 : "NAND simulator partition 4"
[    0.589160] 0x000000500000-0x000000600000 : "NAND simulator partition 5"
[    0.591820] 0x000000600000-0x000000700000 : "NAND simulator partition 6"
[    0.594502] 0x000000700000-0x000000800000 : "NAND simulator partition 7"
[    0.597207] 0x000000800000-0x000000900000 : "NAND simulator partition 8"
[    0.600254] 0x000000900000-0x000000a00000 : "NAND simulator partition 9"
[    0.602903] 0x000000a00000-0x000008000000 : "NAND simulator partition 10"
[    0.608579] tun: Universal TUN/TAP device driver, 1.6
[    0.609689] tun: (C) 1999-2004 Max Krasnyansky <maxk@qualcomm.com>
[    0.623366] PPP generic driver version 2.4.2
[    0.624968] PPP BSD Compression module registered
[    0.626055] PPP Deflate Compression module registered
[    0.627289] PPP MPPE Compression module registered
[    0.628623] NET: Registered protocol family 24
[    0.629880] PPTP driver version 0.8.5
[    0.631295] usbcore: registered new interface driver usb-storage
[    0.634057] hidraw: raw HID events driver (C) Jiri Kosina
[    0.635628] usbcore: registered new interface driver usbhid
[    0.636862] usbhid: USB HID core driver
[    0.638096] Netfilter messages via NETLINK v0.30.
[    0.639890] nf_conntrack version 0.5.0 (3958 buckets, 15832 max)
[    0.642348] ctnetlink v0.93: registering with nfnetlink.
[    0.644702] ipip: IPv4 over IPv4 tunneling driver
[    0.647428] gre: GRE over IPv4 demultiplexor driver
[    0.648862] ip_gre: GRE over IPv4 tunneling driver
[    0.653869] ip_tables: (C) 2000-2006 Netfilter Core Team
[    0.656723] arp_tables: (C) 2002 David S. Miller
[    0.658984] Initializing XFRM netlink socket
[    0.660372] NET: Registered protocol family 10
[    0.666864] ip6_tables: (C) 2000-2006 Netfilter Core Team
[    0.669673] sit: IPv6 over IPv4 tunneling driver
[    0.674297] NET: Registered protocol family 17
[    0.675782] bridge: automatic filtering via arp/ip/ip6tables has been deprecated. Update your scripts to load br_netfilter if you need this.
[    0.678824] Bridge firewalling registered
[    0.679733] Ebtables v2.0 registered
[    0.681532] 8021q: 802.1Q VLAN Support v1.8
[    0.682994] Registering SWP/SWPB emulation handler
[    0.685838] hctosys: unable to open rtc device (rtc0)
[    0.702455] UDF-fs: warning (device vda1): udf_fill_super: No partition found (2)
[    0.720388] UDF-fs: warning (device vda1): udf_fill_super: No partition found (2)
[    0.722157] List of all partitions:
[    0.723090] 0100            8192 ram0  (driver?)
[    0.724146] 0101            8192 ram1  (driver?)
[    0.725154] 0102            8192 ram2  (driver?)
[    0.726125] 0103            8192 ram3  (driver?)
[    0.727127] 0104            8192 ram4  (driver?)
[    0.728099] 0105            8192 ram5  (driver?)
[    0.729354] 0106            8192 ram6  (driver?)
[    0.730326] 0107            8192 ram7  (driver?)
[    0.731329] 0108            8192 ram8  (driver?)
[    0.732301] 0109            8192 ram9  (driver?)
[    0.732800] 010a            8192 ram10  (driver?)
[    0.733557] 010b            8192 ram11  (driver?)
[    0.733999] 010c            8192 ram12  (driver?)
[    0.734674] 010d            8192 ram13  (driver?)
[    0.735176] 010e            8192 ram14  (driver?)
[    0.735647] 010f            8192 ram15  (driver?)
[    0.736397] fe00         1048576 vda  driver: virtio_blk
[    0.737147]   fe01         1047552 vda1 d8ccd595-01
[    0.737705] 1f00            1024 mtdblock0  (driver?)
[    0.738802] 1f01            1024 mtdblock1  (driver?)
[    0.739474] 1f02            1024 mtdblock2  (driver?)
[    0.739918] 1f03            1024 mtdblock3  (driver?)
[    0.740545] 1f04            1024 mtdblock4  (driver?)
[    0.741201] 1f05            1024 mtdblock5  (driver?)
[    0.741941] 1f06            1024 mtdblock6  (driver?)
[    0.742487] 1f07            1024 mtdblock7  (driver?)
[    0.742935] 1f08            1024 mtdblock8  (driver?)
[    0.743777] 1f09            1024 mtdblock9  (driver?)
[    0.744389] 1f0a          120832 mtdblock10  (driver?)
[    0.744844] No filesystem could mount root, tried:  ext3 ext2 ext4 cramfs squashfs vfat iso9660 romfs udf
[    0.746736] Kernel panic - not syncing: VFS: Unable to mount root fs on unknown-block(254,1)
[    0.747790] CPU: 0 PID: 1 Comm: swapper Tainted: G        W       4.1.17+ #1
[    0.748651] Hardware name: Generic DT based system
[    0.749461] [<c001c99c>] (unwind_backtrace) from [<c0019d30>] (show_stack+0x10/0x14)
[    0.750286] [<c0019d30>] (show_stack) from [<c0410b78>] (panic+0x70/0x1c8)
[    0.751238] [<c0410b78>] (panic) from [<c05c81bc>] (mount_block_root+0x268/0x2ac)
[    0.752243] [<c05c81bc>] (mount_block_root) from [<c05c84a4>] (prepare_namespace+0x158/0x1ac)
[    0.753283] [<c05c84a4>] (prepare_namespace) from [<c05c7d84>] (kernel_init_freeable+0x16c/0x1b0)
[    0.754128] [<c05c7d84>] (kernel_init_freeable) from [<c040f28c>] (kernel_init+0x8/0xe4)
[    0.755214] [<c040f28c>] (kernel_init) from [<c0016da8>] (ret_from_fork+0x14/0x2c)
[    0.756241] ---[ end Kernel panic - not syncing: VFS: Unable to mount root fs on unknown-block(254,1)
