[    0.000000] Booting Linux on physical CPU 0x0
[    0.000000] Linux version 4.1.17+ (vagrant@vagrant-ubuntu-trusty-64) (gcc version 5.3.0 (GCC) ) #1 Thu Feb 18 01:05:21 UTC 2016
[    0.000000] CPU: ARMv7 Processor [412fc0f1] revision 1 (ARMv7), cr=10c5387d
[    0.000000] CPU: PIPT / VIPT nonaliasing data cache, PIPT instruction cache
[    0.000000] Machine model: linux,dummy-virt
[    0.000000] debug: ignoring loglevel setting.
[    0.000000] Memory policy: Data cache writeback
[    0.000000] On node 0 totalpages: 65536
[    0.000000] free_area_init_node: node 0, pgdat c061dfe8, node_mem_map cfdf9000
[    0.000000]   Normal zone: 512 pages used for memmap
[    0.000000]   Normal zone: 0 pages reserved
[    0.000000]   Normal zone: 65536 pages, LIFO batch:15
[    0.000000] CPU: All CPU(s) started in SVC mode.
[    0.000000] pcpu-alloc: s0 r0 d32768 u32768 alloc=1*32768
[    0.000000] pcpu-alloc: [0] 0 
[    0.000000] Built 1 zonelists in Zone order, mobility grouping on.  Total pages: 65024
[    0.000000] Kernel command line: firmadyne.syscall=1 root=/dev/vda1 console=ttyS0 nandsim.parts=64,64,64,64,64,64,64,64,64,64 rdinit=/firmadyne/preInit.sh rw debug ignore_loglevel print-fatal-signals=1 user_debug=31
[    0.000000] PID hash table entries: 1024 (order: 0, 4096 bytes)
[    0.000000] Dentry cache hash table entries: 32768 (order: 5, 131072 bytes)
[    0.000000] Inode-cache hash table entries: 16384 (order: 4, 65536 bytes)
[    0.000000] Memory: 253344K/262144K available (4297K kernel code, 170K rwdata, 1584K rodata, 180K init, 148K bss, 8800K reserved, 0K cma-reserved)
[    0.000000] Virtual kernel memory layout:
[    0.000000]     vector  : 0xffff0000 - 0xffff1000   (   4 kB)
[    0.000000]     fixmap  : 0xffc00000 - 0xfff00000   (3072 kB)
[    0.000000]     vmalloc : 0xd0800000 - 0xff000000   ( 744 MB)
[    0.000000]     lowmem  : 0xc0000000 - 0xd0000000   ( 256 MB)
[    0.000000]     modules : 0xbf000000 - 0xc0000000   (  16 MB)
[    0.000000]       .text : 0xc0008000 - 0xc05c67bc   (5882 kB)
[    0.000000]       .init : 0xc05c7000 - 0xc05f4000   ( 180 kB)
[    0.000000]       .data : 0xc05f4000 - 0xc061e840   ( 171 kB)
[    0.000000]        .bss : 0xc0621000 - 0xc06462d4   ( 149 kB)
[    0.000000] NR_IRQS:16 nr_irqs:16 16
[    0.000000] Architected cp15 timer(s) running at 62.50MHz (virt).
[    0.000000] clocksource arch_sys_counter: mask: 0xffffffffffffff max_cycles: 0x1cd42e208c, max_idle_ns: 881590405314 ns
[    0.000132] sched_clock: 56 bits at 62MHz, resolution 16ns, wraps every 4398046511096ns
[    0.000239] Switching to timer-based delay loop, resolution 16ns
[    0.002801] Console: colour dummy device 80x30
[    0.003069] Calibrating delay loop (skipped), value calculated using timer frequency.. 125.00 BogoMIPS (lpj=625000)
[    0.003180] pid_max: default: 32768 minimum: 301
[    0.003960] Mount-cache hash table entries: 1024 (order: 0, 4096 bytes)
[    0.003994] Mountpoint-cache hash table entries: 1024 (order: 0, 4096 bytes)
[    0.011632] CPU: Testing write buffer coherency: ok
[    0.016743] Setting up static identity map for 0x40008240 - 0x40008298
[    0.029146] VFP support v0.3: implementor 41 architecture 4 part 30 variant f rev 0
[    0.039437] clocksource jiffies: mask: 0xffffffff max_cycles: 0xffffffff, max_idle_ns: 19112604462750000 ns
[    0.047359] NET: Registered protocol family 16
[    0.049961] DMA: preallocated 256 KiB pool for atomic coherent allocations
[    0.053655] cpuidle: using governor ladder
[    0.053789] cpuidle: using governor menu
[    0.056865] genirq: Setting trigger mode 1 for irq 20 failed (gic_set_type+0x0/0x48)
[    0.058340] genirq: Setting trigger mode 1 for irq 21 failed (gic_set_type+0x0/0x48)
[    0.058626] genirq: Setting trigger mode 1 for irq 22 failed (gic_set_type+0x0/0x48)
[    0.058893] genirq: Setting trigger mode 1 for irq 23 failed (gic_set_type+0x0/0x48)
[    0.059159] genirq: Setting trigger mode 1 for irq 24 failed (gic_set_type+0x0/0x48)
[    0.059408] genirq: Setting trigger mode 1 for irq 25 failed (gic_set_type+0x0/0x48)
[    0.059645] genirq: Setting trigger mode 1 for irq 26 failed (gic_set_type+0x0/0x48)
[    0.059903] genirq: Setting trigger mode 1 for irq 27 failed (gic_set_type+0x0/0x48)
[    0.060257] genirq: Setting trigger mode 1 for irq 28 failed (gic_set_type+0x0/0x48)
[    0.060557] genirq: Setting trigger mode 1 for irq 29 failed (gic_set_type+0x0/0x48)
[    0.060799] genirq: Setting trigger mode 1 for irq 30 failed (gic_set_type+0x0/0x48)
[    0.061051] genirq: Setting trigger mode 1 for irq 31 failed (gic_set_type+0x0/0x48)
[    0.061311] genirq: Setting trigger mode 1 for irq 32 failed (gic_set_type+0x0/0x48)
[    0.061553] genirq: Setting trigger mode 1 for irq 33 failed (gic_set_type+0x0/0x48)
[    0.061782] genirq: Setting trigger mode 1 for irq 34 failed (gic_set_type+0x0/0x48)
[    0.062010] genirq: Setting trigger mode 1 for irq 35 failed (gic_set_type+0x0/0x48)
[    0.062246] genirq: Setting trigger mode 1 for irq 36 failed (gic_set_type+0x0/0x48)
[    0.062507] genirq: Setting trigger mode 1 for irq 37 failed (gic_set_type+0x0/0x48)
[    0.062797] genirq: Setting trigger mode 1 for irq 38 failed (gic_set_type+0x0/0x48)
[    0.063046] genirq: Setting trigger mode 1 for irq 39 failed (gic_set_type+0x0/0x48)
[    0.063284] genirq: Setting trigger mode 1 for irq 40 failed (gic_set_type+0x0/0x48)
[    0.063800] genirq: Setting trigger mode 1 for irq 41 failed (gic_set_type+0x0/0x48)
[    0.064108] genirq: Setting trigger mode 1 for irq 42 failed (gic_set_type+0x0/0x48)
[    0.064366] genirq: Setting trigger mode 1 for irq 43 failed (gic_set_type+0x0/0x48)
[    0.064627] genirq: Setting trigger mode 1 for irq 44 failed (gic_set_type+0x0/0x48)
[    0.064886] genirq: Setting trigger mode 1 for irq 45 failed (gic_set_type+0x0/0x48)
[    0.065153] genirq: Setting trigger mode 1 for irq 46 failed (gic_set_type+0x0/0x48)
[    0.065444] genirq: Setting trigger mode 1 for irq 47 failed (gic_set_type+0x0/0x48)
[    0.065699] genirq: Setting trigger mode 1 for irq 48 failed (gic_set_type+0x0/0x48)
[    0.065942] genirq: Setting trigger mode 1 for irq 49 failed (gic_set_type+0x0/0x48)
[    0.066180] genirq: Setting trigger mode 1 for irq 50 failed (gic_set_type+0x0/0x48)
[    0.066421] genirq: Setting trigger mode 1 for irq 51 failed (gic_set_type+0x0/0x48)
[    0.066858] genirq: Setting trigger mode 1 for irq 52 failed (gic_set_type+0x0/0x48)
[    0.069906] Serial: AMBA PL011 UART driver
[    0.071613] 9000000.pl011: ttyS0 at MMIO 0x9000000 (irq = 52, base_baud = 0) is a PL011 rev1
[    0.097296] console [ttyS0] enabled
[    0.116563] vgaarb: loaded
[    0.117820] SCSI subsystem initialized
[    0.118734] usbcore: registered new interface driver usbfs
[    0.119137] usbcore: registered new interface driver hub
[    0.119520] usbcore: registered new device driver usb
[    0.127226] cfg80211: Calling CRDA to update world regulatory domain
[    0.129337] Switched to clocksource arch_sys_counter
[    0.143896] NET: Registered protocol family 2
[    0.147969] TCP established hash table entries: 2048 (order: 1, 8192 bytes)
[    0.148357] TCP bind hash table entries: 2048 (order: 1, 8192 bytes)
[    0.148768] TCP: Hash tables configured (established 2048 bind 2048)
[    0.149654] UDP hash table entries: 256 (order: 0, 4096 bytes)
[    0.150007] UDP-Lite hash table entries: 256 (order: 0, 4096 bytes)
[    0.151313] NET: Registered protocol family 1
[    0.151808] PCI: CLS 0 bytes, default 64
[    0.158253] NetWinder Floating Point Emulator V0.97 (extended precision)
[    0.160840] futex hash table entries: 256 (order: -1, 3072 bytes)
[    0.165481] squashfs: version 4.0 (2009/01/31) Phillip Lougher
[    0.166483] jffs2: version 2.2. (NAND) Â© 2001-2006 Red Hat, Inc.
[    0.167286] romfs: ROMFS MTD (C) 2007 Red Hat, Inc.
[    0.174782] Block layer SCSI generic (bsg) driver version 0.4 loaded (major 253)
[    0.175205] io scheduler noop registered
[    0.175482] io scheduler cfq registered (default)
[    0.176167] firmadyne: devfs: 1, execute: 1, procfs: 1, syscall: 1
[    0.177358] ------------[ cut here ]------------
[    0.177592] WARNING: CPU: 0 PID: 1 at /home/vagrant/firmadyne-kernel/kernel-v4.1/fs/sysfs/dir.c:31 sysfs_warn_dup+0x50/0x6c()
[    0.178065] sysfs: cannot create duplicate filename '/class/gpio'
[    0.178348] Modules linked in:
[    0.178695] CPU: 0 PID: 1 Comm: swapper Not tainted 4.1.17+ #1
[    0.178953] Hardware name: Generic DT based system
[    0.179920] [<c001c99c>] (unwind_backtrace) from [<c0019d30>] (show_stack+0x10/0x14)
[    0.180341] [<c0019d30>] (show_stack) from [<c0024ab4>] (warn_slowpath_common+0x80/0xa8)
[    0.180709] [<c0024ab4>] (warn_slowpath_common) from [<c0024b08>] (warn_slowpath_fmt+0x2c/0x3c)
[    0.181139] [<c0024b08>] (warn_slowpath_fmt) from [<c00e363c>] (sysfs_warn_dup+0x50/0x6c)
[    0.181492] [<c00e363c>] (sysfs_warn_dup) from [<c00e3714>] (sysfs_create_dir_ns+0x74/0x84)
[    0.181868] [<c00e3714>] (sysfs_create_dir_ns) from [<c018e6ac>] (kobject_add_internal+0xb8/0x2ac)
[    0.182262] [<c018e6ac>] (kobject_add_internal) from [<c018e9a8>] (kset_register+0x1c/0x44)
[    0.182628] [<c018e9a8>] (kset_register) from [<c02090b4>] (__class_register+0xa8/0x198)
[    0.182975] [<c02090b4>] (__class_register) from [<c02091e4>] (__class_create+0x40/0x70)
[    0.183322] [<c02091e4>] (__class_create) from [<c01adf68>] (register_devfs_stubs+0x314/0xbb4)
[    0.183692] [<c01adf68>] (register_devfs_stubs) from [<c05d9b08>] (init_module+0x28/0xa4)
[    0.184084] [<c05d9b08>] (init_module) from [<c0009670>] (do_one_initcall+0x104/0x1b4)
[    0.184429] [<c0009670>] (do_one_initcall) from [<c05c7d08>] (kernel_init_freeable+0xf0/0x1b0)
[    0.184796] [<c05c7d08>] (kernel_init_freeable) from [<c040f28c>] (kernel_init+0x8/0xe4)
[    0.185152] [<c040f28c>] (kernel_init) from [<c0016da8>] (ret_from_fork+0x14/0x2c)
[    0.185541] ---[ end trace 7f7f469757243d7b ]---
[    0.185815] ------------[ cut here ]------------
[    0.186027] WARNING: CPU: 0 PID: 1 at /home/vagrant/firmadyne-kernel/kernel-v4.1/lib/kobject.c:240 kobject_add_internal+0x240/0x2ac()
[    0.186522] kobject_add_internal failed for gpio with -EEXIST, don't try to register things with the same name in the same directory.
[    0.187006] Modules linked in:
[    0.187208] CPU: 0 PID: 1 Comm: swapper Tainted: G        W       4.1.17+ #1
[    0.187500] Hardware name: Generic DT based system
[    0.187726] [<c001c99c>] (unwind_backtrace) from [<c0019d30>] (show_stack+0x10/0x14)
[    0.188077] [<c0019d30>] (show_stack) from [<c0024ab4>] (warn_slowpath_common+0x80/0xa8)
[    0.188427] [<c0024ab4>] (warn_slowpath_common) from [<c0024b08>] (warn_slowpath_fmt+0x2c/0x3c)
[    0.188802] [<c0024b08>] (warn_slowpath_fmt) from [<c018e834>] (kobject_add_internal+0x240/0x2ac)
[    0.189404] [<c018e834>] (kobject_add_internal) from [<c018e9a8>] (kset_register+0x1c/0x44)
[    0.189765] [<c018e9a8>] (kset_register) from [<c02090b4>] (__class_register+0xa8/0x198)
[    0.190112] [<c02090b4>] (__class_register) from [<c02091e4>] (__class_create+0x40/0x70)
[    0.190471] [<c02091e4>] (__class_create) from [<c01adf68>] (register_devfs_stubs+0x314/0xbb4)
[    0.190841] [<c01adf68>] (register_devfs_stubs) from [<c05d9b08>] (init_module+0x28/0xa4)
[    0.191192] [<c05d9b08>] (init_module) from [<c0009670>] (do_one_initcall+0x104/0x1b4)
[    0.191533] [<c0009670>] (do_one_initcall) from [<c05c7d08>] (kernel_init_freeable+0xf0/0x1b0)
[    0.191918] [<c05c7d08>] (kernel_init_freeable) from [<c040f28c>] (kernel_init+0x8/0xe4)
[    0.192280] [<c040f28c>] (kernel_init) from [<c0016da8>] (ret_from_fork+0x14/0x2c)
[    0.192611] ---[ end trace 7f7f469757243d7c ]---
[    0.192868] firmadyne: Cannot create device class: gpio!
[    0.194310] firmadyne: Cannot register character device: watchdog, 0xa, 0x82!
[    0.194646] firmadyne: Cannot register character device: wdt, 0xfd, 0x0!
[    0.290433] Non-volatile memory driver v1.3
[    0.309696] brd: module loaded
[    0.317812] loop: module loaded
[    0.326201]  vda: vda1
[    0.330468] [nandsim] warning: read_byte: unexpected data output cycle, state is STATE_READY return 0x0
[    0.330895] [nandsim] warning: read_byte: unexpected data output cycle, state is STATE_READY return 0x0
[    0.331282] [nandsim] warning: read_byte: unexpected data output cycle, state is STATE_READY return 0x0
[    0.331666] [nandsim] warning: read_byte: unexpected data output cycle, state is STATE_READY return 0x0
[    0.332077] [nandsim] warning: read_byte: unexpected data output cycle, state is STATE_READY return 0x0
[    0.332462] [nandsim] warning: read_byte: unexpected data output cycle, state is STATE_READY return 0x0
[    0.333074] nand: device found, Manufacturer ID: 0x98, Chip ID: 0x39
[    0.333358] nand: Toshiba NAND 128MiB 1,8V 8-bit
[    0.333605] nand: 128 MiB, SLC, erase size: 16 KiB, page size: 512, OOB size: 16
[    0.334551] flash size: 128 MiB
[    0.334700] page size: 512 bytes
[    0.334846] OOB area size: 16 bytes
[    0.335001] sector size: 16 KiB
[    0.335142] pages number: 262144
[    0.335286] pages per sector: 32
[    0.335430] bus width: 8
[    0.335546] bits in sector size: 14
[    0.335700] bits in page size: 9
[    0.335847] bits in OOB size: 4
[    0.336007] flash size with OOB: 135168 KiB
[    0.336188] page address bytes: 4
[    0.336334] sector address bytes: 3
[    0.336488] options: 0x42
[    0.340560] Scanning device for bad blocks
[    0.468537] Creating 11 MTD partitions on "NAND 128MiB 1,8V 8-bit":
[    0.469325] 0x000000000000-0x000000100000 : "NAND simulator partition 0"
[    0.472326] 0x000000100000-0x000000200000 : "NAND simulator partition 1"
[    0.473706] 0x000000200000-0x000000300000 : "NAND simulator partition 2"
[    0.475043] 0x000000300000-0x000000400000 : "NAND simulator partition 3"
[    0.476427] 0x000000400000-0x000000500000 : "NAND simulator partition 4"
[    0.477746] 0x000000500000-0x000000600000 : "NAND simulator partition 5"
[    0.479380] 0x000000600000-0x000000700000 : "NAND simulator partition 6"
[    0.480768] 0x000000700000-0x000000800000 : "NAND simulator partition 7"
[    0.482227] 0x000000800000-0x000000900000 : "NAND simulator partition 8"
[    0.483711] 0x000000900000-0x000000a00000 : "NAND simulator partition 9"
[    0.485094] 0x000000a00000-0x000008000000 : "NAND simulator partition 10"
[    0.489671] tun: Universal TUN/TAP device driver, 1.6
[    0.489903] tun: (C) 1999-2004 Max Krasnyansky <maxk@qualcomm.com>
[    0.507054] PPP generic driver version 2.4.2
[    0.507771] PPP BSD Compression module registered
[    0.508042] PPP Deflate Compression module registered
[    0.508349] PPP MPPE Compression module registered
[    0.508593] NET: Registered protocol family 24
[    0.508959] PPTP driver version 0.8.5
[    0.509927] usbcore: registered new interface driver usb-storage
[    0.511532] hidraw: raw HID events driver (C) Jiri Kosina
[    0.512101] usbcore: registered new interface driver usbhid
[    0.512349] usbhid: USB HID core driver
[    0.512821] Netfilter messages via NETLINK v0.30.
[    0.513467] nf_conntrack version 0.5.0 (3958 buckets, 15832 max)
[    0.514821] ctnetlink v0.93: registering with nfnetlink.
[    0.516227] ipip: IPv4 over IPv4 tunneling driver
[    0.518097] gre: GRE over IPv4 demultiplexor driver
[    0.518353] ip_gre: GRE over IPv4 tunneling driver
[    0.522750] ip_tables: (C) 2000-2006 Netfilter Core Team
[    0.524310] arp_tables: (C) 2002 David S. Miller
[    0.525375] Initializing XFRM netlink socket
[    0.525940] NET: Registered protocol family 10
[    0.532094] ip6_tables: (C) 2000-2006 Netfilter Core Team
[    0.533614] sit: IPv6 over IPv4 tunneling driver
[    0.537008] NET: Registered protocol family 17
[    0.537633] bridge: automatic filtering via arp/ip/ip6tables has been deprecated. Update your scripts to load br_netfilter if you need this.
[    0.538226] Bridge firewalling registered
[    0.538455] Ebtables v2.0 registered
[    0.539751] 8021q: 802.1Q VLAN Support v1.8
[    0.540397] Registering SWP/SWPB emulation handler
[    0.542304] hctosys: unable to open rtc device (rtc0)
[    0.557741] UDF-fs: warning (device vda1): udf_fill_super: No partition found (2)
[    0.574540] UDF-fs: warning (device vda1): udf_fill_super: No partition found (2)
[    0.574954] List of all partitions:
[    0.575248] 0100            8192 ram0  (driver?)
[    0.575492] 0101            8192 ram1  (driver?)
[    0.575702] 0102            8192 ram2  (driver?)
[    0.575951] 0103            8192 ram3  (driver?)
[    0.576157] 0104            8192 ram4  (driver?)
[    0.576363] 0105            8192 ram5  (driver?)
[    0.576583] 0106            8192 ram6  (driver?)
[    0.576800] 0107            8192 ram7  (driver?)
[    0.577006] 0108            8192 ram8  (driver?)
[    0.577225] 0109            8192 ram9  (driver?)
[    0.577432] 010a            8192 ram10  (driver?)
[    0.577641] 010b            8192 ram11  (driver?)
[    0.577852] 010c            8192 ram12  (driver?)
[    0.578061] 010d            8192 ram13  (driver?)
[    0.578270] 010e            8192 ram14  (driver?)
[    0.578488] 010f            8192 ram15  (driver?)
[    0.578703] fe00         1048576 vda  driver: virtio_blk
[    0.578961]   fe01         1047552 vda1 d8ccd595-01
[    0.579405] 1f00            1024 mtdblock0  (driver?)
[    0.579632] 1f01            1024 mtdblock1  (driver?)
[    0.579856] 1f02            1024 mtdblock2  (driver?)
[    0.580106] 1f03            1024 mtdblock3  (driver?)
[    0.580332] 1f04            1024 mtdblock4  (driver?)
[    0.580557] 1f05            1024 mtdblock5  (driver?)
[    0.580781] 1f06            1024 mtdblock6  (driver?)
[    0.581004] 1f07            1024 mtdblock7  (driver?)
[    0.581239] 1f08            1024 mtdblock8  (driver?)
[    0.581464] 1f09            1024 mtdblock9  (driver?)
[    0.581687] 1f0a          120832 mtdblock10  (driver?)
[    0.581929] No filesystem could mount root, tried:  ext3 ext2 ext4 cramfs squashfs vfat iso9660 romfs udf
[    0.582549] Kernel panic - not syncing: VFS: Unable to mount root fs on unknown-block(254,1)
[    0.582926] CPU: 0 PID: 1 Comm: swapper Tainted: G        W       4.1.17+ #1
[    0.583217] Hardware name: Generic DT based system
[    0.583467] [<c001c99c>] (unwind_backtrace) from [<c0019d30>] (show_stack+0x10/0x14)
[    0.583804] [<c0019d30>] (show_stack) from [<c0410b78>] (panic+0x70/0x1c8)
[    0.584124] [<c0410b78>] (panic) from [<c05c81bc>] (mount_block_root+0x268/0x2ac)
[    0.584452] [<c05c81bc>] (mount_block_root) from [<c05c84a4>] (prepare_namespace+0x158/0x1ac)
[    0.584817] [<c05c84a4>] (prepare_namespace) from [<c05c7d84>] (kernel_init_freeable+0x16c/0x1b0)
[    0.585204] [<c05c7d84>] (kernel_init_freeable) from [<c040f28c>] (kernel_init+0x8/0xe4)
[    0.585546] [<c040f28c>] (kernel_init) from [<c0016da8>] (ret_from_fork+0x14/0x2c)
[    0.586031] ---[ end Kernel panic - not syncing: VFS: Unable to mount root fs on unknown-block(254,1)
