[    0.000000] Booting Linux on physical CPU 0x0
[    0.000000] Linux version 4.1.17+ (vagrant@vagrant-ubuntu-trusty-64) (gcc version 5.3.0 (GCC) ) #1 Thu Feb 18 01:05:21 UTC 2016
[    0.000000] CPU: ARMv7 Processor [412fc0f1] revision 1 (ARMv7), cr=10c5387d
[    0.000000] CPU: PIPT / VIPT nonaliasing data cache, PIPT instruction cache
[    0.000000] Machine model: linux,dummy-virt
[    0.000000] debug: ignoring loglevel setting.
[    0.000000] Memory policy: Data cache writeback
[    0.000000] On node 0 totalpages: 65536
[    0.000000] free_area_init_node: node 0, pgdat c061dfe8, node_mem_map cfdf9000
[    0.000000]   Normal zone: 512 pages used for memmap
[    0.000000]   Normal zone: 0 pages reserved
[    0.000000]   Normal zone: 65536 pages, LIFO batch:15
[    0.000000] CPU: All CPU(s) started in SVC mode.
[    0.000000] pcpu-alloc: s0 r0 d32768 u32768 alloc=1*32768
[    0.000000] pcpu-alloc: [0] 0 
[    0.000000] Built 1 zonelists in Zone order, mobility grouping on.  Total pages: 65024
[    0.000000] Kernel command line: firmadyne.syscall=1 root=/dev/vda1 console=ttyS0 nandsim.parts=64,64,64,64,64,64,64,64,64,64 rdinit=/firmadyne/preInit.sh rw debug ignore_loglevel print-fatal-signals=1 user_debug=31
[    0.000000] PID hash table entries: 1024 (order: 0, 4096 bytes)
[    0.000000] Dentry cache hash table entries: 32768 (order: 5, 131072 bytes)
[    0.000000] Inode-cache hash table entries: 16384 (order: 4, 65536 bytes)
[    0.000000] Memory: 253344K/262144K available (4297K kernel code, 170K rwdata, 1584K rodata, 180K init, 148K bss, 8800K reserved, 0K cma-reserved)
[    0.000000] Virtual kernel memory layout:
[    0.000000]     vector  : 0xffff0000 - 0xffff1000   (   4 kB)
[    0.000000]     fixmap  : 0xffc00000 - 0xfff00000   (3072 kB)
[    0.000000]     vmalloc : 0xd0800000 - 0xff000000   ( 744 MB)
[    0.000000]     lowmem  : 0xc0000000 - 0xd0000000   ( 256 MB)
[    0.000000]     modules : 0xbf000000 - 0xc0000000   (  16 MB)
[    0.000000]       .text : 0xc0008000 - 0xc05c67bc   (5882 kB)
[    0.000000]       .init : 0xc05c7000 - 0xc05f4000   ( 180 kB)
[    0.000000]       .data : 0xc05f4000 - 0xc061e840   ( 171 kB)
[    0.000000]        .bss : 0xc0621000 - 0xc06462d4   ( 149 kB)
[    0.000000] NR_IRQS:16 nr_irqs:16 16
[    0.000000] Architected cp15 timer(s) running at 62.50MHz (virt).
[    0.000000] clocksource arch_sys_counter: mask: 0xffffffffffffff max_cycles: 0x1cd42e208c, max_idle_ns: 881590405314 ns
[    0.000134] sched_clock: 56 bits at 62MHz, resolution 16ns, wraps every 4398046511096ns
[    0.000244] Switching to timer-based delay loop, resolution 16ns
[    0.002898] Console: colour dummy device 80x30
[    0.003175] Calibrating delay loop (skipped), value calculated using timer frequency.. 125.00 BogoMIPS (lpj=625000)
[    0.003281] pid_max: default: 32768 minimum: 301
[    0.004071] Mount-cache hash table entries: 1024 (order: 0, 4096 bytes)
[    0.004101] Mountpoint-cache hash table entries: 1024 (order: 0, 4096 bytes)
[    0.014474] CPU: Testing write buffer coherency: ok
[    0.019862] Setting up static identity map for 0x40008240 - 0x40008298
[    0.033045] VFP support v0.3: implementor 41 architecture 4 part 30 variant f rev 0
[    0.040750] clocksource jiffies: mask: 0xffffffff max_cycles: 0xffffffff, max_idle_ns: 19112604462750000 ns
[    0.050796] NET: Registered protocol family 16
[    0.053799] DMA: preallocated 256 KiB pool for atomic coherent allocations
[    0.057097] cpuidle: using governor ladder
[    0.057223] cpuidle: using governor menu
[    0.060231] genirq: Setting trigger mode 1 for irq 20 failed (gic_set_type+0x0/0x48)
[    0.061736] genirq: Setting trigger mode 1 for irq 21 failed (gic_set_type+0x0/0x48)
[    0.062026] genirq: Setting trigger mode 1 for irq 22 failed (gic_set_type+0x0/0x48)
[    0.062324] genirq: Setting trigger mode 1 for irq 23 failed (gic_set_type+0x0/0x48)
[    0.062606] genirq: Setting trigger mode 1 for irq 24 failed (gic_set_type+0x0/0x48)
[    0.062868] genirq: Setting trigger mode 1 for irq 25 failed (gic_set_type+0x0/0x48)
[    0.063110] genirq: Setting trigger mode 1 for irq 26 failed (gic_set_type+0x0/0x48)
[    0.063630] genirq: Setting trigger mode 1 for irq 27 failed (gic_set_type+0x0/0x48)
[    0.064009] genirq: Setting trigger mode 1 for irq 28 failed (gic_set_type+0x0/0x48)
[    0.064279] genirq: Setting trigger mode 1 for irq 29 failed (gic_set_type+0x0/0x48)
[    0.064518] genirq: Setting trigger mode 1 for irq 30 failed (gic_set_type+0x0/0x48)
[    0.064771] genirq: Setting trigger mode 1 for irq 31 failed (gic_set_type+0x0/0x48)
[    0.065008] genirq: Setting trigger mode 1 for irq 32 failed (gic_set_type+0x0/0x48)
[    0.065268] genirq: Setting trigger mode 1 for irq 33 failed (gic_set_type+0x0/0x48)
[    0.065522] genirq: Setting trigger mode 1 for irq 34 failed (gic_set_type+0x0/0x48)
[    0.065757] genirq: Setting trigger mode 1 for irq 35 failed (gic_set_type+0x0/0x48)
[    0.066024] genirq: Setting trigger mode 1 for irq 36 failed (gic_set_type+0x0/0x48)
[    0.066381] genirq: Setting trigger mode 1 for irq 37 failed (gic_set_type+0x0/0x48)
[    0.066696] genirq: Setting trigger mode 1 for irq 38 failed (gic_set_type+0x0/0x48)
[    0.066951] genirq: Setting trigger mode 1 for irq 39 failed (gic_set_type+0x0/0x48)
[    0.067193] genirq: Setting trigger mode 1 for irq 40 failed (gic_set_type+0x0/0x48)
[    0.067452] genirq: Setting trigger mode 1 for irq 41 failed (gic_set_type+0x0/0x48)
[    0.067714] genirq: Setting trigger mode 1 for irq 42 failed (gic_set_type+0x0/0x48)
[    0.067972] genirq: Setting trigger mode 1 for irq 43 failed (gic_set_type+0x0/0x48)
[    0.068248] genirq: Setting trigger mode 1 for irq 44 failed (gic_set_type+0x0/0x48)
[    0.068567] genirq: Setting trigger mode 1 for irq 45 failed (gic_set_type+0x0/0x48)
[    0.068820] genirq: Setting trigger mode 1 for irq 46 failed (gic_set_type+0x0/0x48)
[    0.069112] genirq: Setting trigger mode 1 for irq 47 failed (gic_set_type+0x0/0x48)
[    0.069403] genirq: Setting trigger mode 1 for irq 48 failed (gic_set_type+0x0/0x48)
[    0.069659] genirq: Setting trigger mode 1 for irq 49 failed (gic_set_type+0x0/0x48)
[    0.069901] genirq: Setting trigger mode 1 for irq 50 failed (gic_set_type+0x0/0x48)
[    0.070167] genirq: Setting trigger mode 1 for irq 51 failed (gic_set_type+0x0/0x48)
[    0.070636] genirq: Setting trigger mode 1 for irq 52 failed (gic_set_type+0x0/0x48)
[    0.073992] Serial: AMBA PL011 UART driver
[    0.075704] 9000000.pl011: ttyS0 at MMIO 0x9000000 (irq = 52, base_baud = 0) is a PL011 rev1
[    0.098233] console [ttyS0] enabled
[    0.118198] vgaarb: loaded
[    0.119514] SCSI subsystem initialized
[    0.120418] usbcore: registered new interface driver usbfs
[    0.120793] usbcore: registered new interface driver hub
[    0.121153] usbcore: registered new device driver usb
[    0.128955] cfg80211: Calling CRDA to update world regulatory domain
[    0.131088] Switched to clocksource arch_sys_counter
[    0.146042] NET: Registered protocol family 2
[    0.150379] TCP established hash table entries: 2048 (order: 1, 8192 bytes)
[    0.150750] TCP bind hash table entries: 2048 (order: 1, 8192 bytes)
[    0.151466] TCP: Hash tables configured (established 2048 bind 2048)
[    0.152072] UDP hash table entries: 256 (order: 0, 4096 bytes)
[    0.152394] UDP-Lite hash table entries: 256 (order: 0, 4096 bytes)
[    0.153724] NET: Registered protocol family 1
[    0.154196] PCI: CLS 0 bytes, default 64
[    0.160410] NetWinder Floating Point Emulator V0.97 (extended precision)
[    0.163038] futex hash table entries: 256 (order: -1, 3072 bytes)
[    0.167800] squashfs: version 4.0 (2009/01/31) Phillip Lougher
[    0.168798] jffs2: version 2.2. (NAND) Â© 2001-2006 Red Hat, Inc.
[    0.169606] romfs: ROMFS MTD (C) 2007 Red Hat, Inc.
[    0.177459] Block layer SCSI generic (bsg) driver version 0.4 loaded (major 253)
[    0.177863] io scheduler noop registered
[    0.178144] io scheduler cfq registered (default)
[    0.178813] firmadyne: devfs: 1, execute: 1, procfs: 1, syscall: 1
[    0.180078] ------------[ cut here ]------------
[    0.180296] WARNING: CPU: 0 PID: 1 at /home/vagrant/firmadyne-kernel/kernel-v4.1/fs/sysfs/dir.c:31 sysfs_warn_dup+0x50/0x6c()
[    0.180714] sysfs: cannot create duplicate filename '/class/gpio'
[    0.181224] Modules linked in:
[    0.181569] CPU: 0 PID: 1 Comm: swapper Not tainted 4.1.17+ #1
[    0.181797] Hardware name: Generic DT based system
[    0.182531] [<c001c99c>] (unwind_backtrace) from [<c0019d30>] (show_stack+0x10/0x14)
[    0.182904] [<c0019d30>] (show_stack) from [<c0024ab4>] (warn_slowpath_common+0x80/0xa8)
[    0.183235] [<c0024ab4>] (warn_slowpath_common) from [<c0024b08>] (warn_slowpath_fmt+0x2c/0x3c)
[    0.183605] [<c0024b08>] (warn_slowpath_fmt) from [<c00e363c>] (sysfs_warn_dup+0x50/0x6c)
[    0.183912] [<c00e363c>] (sysfs_warn_dup) from [<c00e3714>] (sysfs_create_dir_ns+0x74/0x84)
[    0.184225] [<c00e3714>] (sysfs_create_dir_ns) from [<c018e6ac>] (kobject_add_internal+0xb8/0x2ac)
[    0.184560] [<c018e6ac>] (kobject_add_internal) from [<c018e9a8>] (kset_register+0x1c/0x44)
[    0.184874] [<c018e9a8>] (kset_register) from [<c02090b4>] (__class_register+0xa8/0x198)
[    0.185179] [<c02090b4>] (__class_register) from [<c02091e4>] (__class_create+0x40/0x70)
[    0.185494] [<c02091e4>] (__class_create) from [<c01adf68>] (register_devfs_stubs+0x314/0xbb4)
[    0.185818] [<c01adf68>] (register_devfs_stubs) from [<c05d9b08>] (init_module+0x28/0xa4)
[    0.186163] [<c05d9b08>] (init_module) from [<c0009670>] (do_one_initcall+0x104/0x1b4)
[    0.186480] [<c0009670>] (do_one_initcall) from [<c05c7d08>] (kernel_init_freeable+0xf0/0x1b0)
[    0.186805] [<c05c7d08>] (kernel_init_freeable) from [<c040f28c>] (kernel_init+0x8/0xe4)
[    0.187107] [<c040f28c>] (kernel_init) from [<c0016da8>] (ret_from_fork+0x14/0x2c)
[    0.187464] ---[ end trace cba384daa2fd1c1a ]---
[    0.187719] ------------[ cut here ]------------
[    0.187908] WARNING: CPU: 0 PID: 1 at /home/vagrant/firmadyne-kernel/kernel-v4.1/lib/kobject.c:240 kobject_add_internal+0x240/0x2ac()
[    0.188332] kobject_add_internal failed for gpio with -EEXIST, don't try to register things with the same name in the same directory.
[    0.188753] Modules linked in:
[    0.188936] CPU: 0 PID: 1 Comm: swapper Tainted: G        W       4.1.17+ #1
[    0.189190] Hardware name: Generic DT based system
[    0.189401] [<c001c99c>] (unwind_backtrace) from [<c0019d30>] (show_stack+0x10/0x14)
[    0.189699] [<c0019d30>] (show_stack) from [<c0024ab4>] (warn_slowpath_common+0x80/0xa8)
[    0.190025] [<c0024ab4>] (warn_slowpath_common) from [<c0024b08>] (warn_slowpath_fmt+0x2c/0x3c)
[    0.190400] [<c0024b08>] (warn_slowpath_fmt) from [<c018e834>] (kobject_add_internal+0x240/0x2ac)
[    0.190735] [<c018e834>] (kobject_add_internal) from [<c018e9a8>] (kset_register+0x1c/0x44)
[    0.191284] [<c018e9a8>] (kset_register) from [<c02090b4>] (__class_register+0xa8/0x198)
[    0.191593] [<c02090b4>] (__class_register) from [<c02091e4>] (__class_create+0x40/0x70)
[    0.191899] [<c02091e4>] (__class_create) from [<c01adf68>] (register_devfs_stubs+0x314/0xbb4)
[    0.192223] [<c01adf68>] (register_devfs_stubs) from [<c05d9b08>] (init_module+0x28/0xa4)
[    0.192530] [<c05d9b08>] (init_module) from [<c0009670>] (do_one_initcall+0x104/0x1b4)
[    0.192831] [<c0009670>] (do_one_initcall) from [<c05c7d08>] (kernel_init_freeable+0xf0/0x1b0)
[    0.193153] [<c05c7d08>] (kernel_init_freeable) from [<c040f28c>] (kernel_init+0x8/0xe4)
[    0.193465] [<c040f28c>] (kernel_init) from [<c0016da8>] (ret_from_fork+0x14/0x2c)
[    0.193772] ---[ end trace cba384daa2fd1c1b ]---
[    0.194016] firmadyne: Cannot create device class: gpio!
[    0.195556] firmadyne: Cannot register character device: watchdog, 0xa, 0x82!
[    0.195850] firmadyne: Cannot register character device: wdt, 0xfd, 0x0!
[    0.292616] Non-volatile memory driver v1.3
[    0.312316] brd: module loaded
[    0.321502] loop: module loaded
[    0.331171]  vda: vda1
[    0.335382] [nandsim] warning: read_byte: unexpected data output cycle, state is STATE_READY return 0x0
[    0.335776] [nandsim] warning: read_byte: unexpected data output cycle, state is STATE_READY return 0x0
[    0.336113] [nandsim] warning: read_byte: unexpected data output cycle, state is STATE_READY return 0x0
[    0.336447] [nandsim] warning: read_byte: unexpected data output cycle, state is STATE_READY return 0x0
[    0.336780] [nandsim] warning: read_byte: unexpected data output cycle, state is STATE_READY return 0x0
[    0.337113] [nandsim] warning: read_byte: unexpected data output cycle, state is STATE_READY return 0x0
[    0.337679] nand: device found, Manufacturer ID: 0x98, Chip ID: 0x39
[    0.337936] nand: Toshiba NAND 128MiB 1,8V 8-bit
[    0.338144] nand: 128 MiB, SLC, erase size: 16 KiB, page size: 512, OOB size: 16
[    0.339091] flash size: 128 MiB
[    0.339222] page size: 512 bytes
[    0.339351] OOB area size: 16 bytes
[    0.339487] sector size: 16 KiB
[    0.339610] pages number: 262144
[    0.339737] pages per sector: 32
[    0.339863] bus width: 8
[    0.339966] bits in sector size: 14
[    0.340100] bits in page size: 9
[    0.340228] bits in OOB size: 4
[    0.340356] flash size with OOB: 135168 KiB
[    0.340515] page address bytes: 4
[    0.340650] sector address bytes: 3
[    0.340786] options: 0x42
[    0.345309] Scanning device for bad blocks
[    0.476043] Creating 11 MTD partitions on "NAND 128MiB 1,8V 8-bit":
[    0.476559] 0x000000000000-0x000000100000 : "NAND simulator partition 0"
[    0.479602] 0x000000100000-0x000000200000 : "NAND simulator partition 1"
[    0.481184] 0x000000200000-0x000000300000 : "NAND simulator partition 2"
[    0.482580] 0x000000300000-0x000000400000 : "NAND simulator partition 3"
[    0.483955] 0x000000400000-0x000000500000 : "NAND simulator partition 4"
[    0.485270] 0x000000500000-0x000000600000 : "NAND simulator partition 5"
[    0.486689] 0x000000600000-0x000000700000 : "NAND simulator partition 6"
[    0.488023] 0x000000700000-0x000000800000 : "NAND simulator partition 7"
[    0.489483] 0x000000800000-0x000000900000 : "NAND simulator partition 8"
[    0.491571] 0x000000900000-0x000000a00000 : "NAND simulator partition 9"
[    0.492940] 0x000000a00000-0x000008000000 : "NAND simulator partition 10"
[    0.497250] tun: Universal TUN/TAP device driver, 1.6
[    0.497469] tun: (C) 1999-2004 Max Krasnyansky <maxk@qualcomm.com>
[    0.517600] PPP generic driver version 2.4.2
[    0.518357] PPP BSD Compression module registered
[    0.518585] PPP Deflate Compression module registered
[    0.518870] PPP MPPE Compression module registered
[    0.519089] NET: Registered protocol family 24
[    0.520182] PPTP driver version 0.8.5
[    0.521131] usbcore: registered new interface driver usb-storage
[    0.522768] hidraw: raw HID events driver (C) Jiri Kosina
[    0.523293] usbcore: registered new interface driver usbhid
[    0.523511] usbhid: USB HID core driver
[    0.523962] Netfilter messages via NETLINK v0.30.
[    0.524608] nf_conntrack version 0.5.0 (3958 buckets, 15832 max)
[    0.525920] ctnetlink v0.93: registering with nfnetlink.
[    0.527278] ipip: IPv4 over IPv4 tunneling driver
[    0.529096] gre: GRE over IPv4 demultiplexor driver
[    0.529341] ip_gre: GRE over IPv4 tunneling driver
[    0.533714] ip_tables: (C) 2000-2006 Netfilter Core Team
[    0.535300] arp_tables: (C) 2002 David S. Miller
[    0.536343] Initializing XFRM netlink socket
[    0.536849] NET: Registered protocol family 10
[    0.543071] ip6_tables: (C) 2000-2006 Netfilter Core Team
[    0.544570] sit: IPv6 over IPv4 tunneling driver
[    0.548011] NET: Registered protocol family 17
[    0.548603] bridge: automatic filtering via arp/ip/ip6tables has been deprecated. Update your scripts to load br_netfilter if you need this.
[    0.549132] Bridge firewalling registered
[    0.549350] Ebtables v2.0 registered
[    0.550422] 8021q: 802.1Q VLAN Support v1.8
[    0.551275] Registering SWP/SWPB emulation handler
[    0.553170] hctosys: unable to open rtc device (rtc0)
[    0.568405] UDF-fs: warning (device vda1): udf_fill_super: No partition found (2)
[    0.584604] UDF-fs: warning (device vda1): udf_fill_super: No partition found (2)
[    0.584990] List of all partitions:
[    0.585311] 0100            8192 ram0  (driver?)
[    0.585536] 0101            8192 ram1  (driver?)
[    0.585722] 0102            8192 ram2  (driver?)
[    0.585906] 0103            8192 ram3  (driver?)
[    0.586102] 0104            8192 ram4  (driver?)
[    0.586306] 0105            8192 ram5  (driver?)
[    0.586491] 0106            8192 ram6  (driver?)
[    0.586673] 0107            8192 ram7  (driver?)
[    0.586855] 0108            8192 ram8  (driver?)
[    0.587037] 0109            8192 ram9  (driver?)
[    0.587220] 010a            8192 ram10  (driver?)
[    0.587406] 010b            8192 ram11  (driver?)
[    0.587594] 010c            8192 ram12  (driver?)
[    0.587779] 010d            8192 ram13  (driver?)
[    0.587964] 010e            8192 ram14  (driver?)
[    0.588151] 010f            8192 ram15  (driver?)
[    0.588342] fe00         1048576 vda  driver: virtio_blk
[    0.588570]   fe01         1047552 vda1 5137e8d0-01
[    0.588768] 1f00            1024 mtdblock0  (driver?)
[    0.588968] 1f01            1024 mtdblock1  (driver?)
[    0.589166] 1f02            1024 mtdblock2  (driver?)
[    0.589374] 1f03            1024 mtdblock3  (driver?)
[    0.589575] 1f04            1024 mtdblock4  (driver?)
[    0.589774] 1f05            1024 mtdblock5  (driver?)
[    0.589973] 1f06            1024 mtdblock6  (driver?)
[    0.590182] 1f07            1024 mtdblock7  (driver?)
[    0.590395] 1f08            1024 mtdblock8  (driver?)
[    0.590594] 1f09            1024 mtdblock9  (driver?)
[    0.590879] 1f0a          120832 mtdblock10  (driver?)
[    0.591225] No filesystem could mount root, tried:  ext3 ext2 ext4 cramfs squashfs vfat iso9660 romfs udf
[    0.591778] Kernel panic - not syncing: VFS: Unable to mount root fs on unknown-block(254,1)
[    0.592111] CPU: 0 PID: 1 Comm: swapper Tainted: G        W       4.1.17+ #1
[    0.592364] Hardware name: Generic DT based system
[    0.592590] [<c001c99c>] (unwind_backtrace) from [<c0019d30>] (show_stack+0x10/0x14)
[    0.592890] [<c0019d30>] (show_stack) from [<c0410b78>] (panic+0x70/0x1c8)
[    0.593163] [<c0410b78>] (panic) from [<c05c81bc>] (mount_block_root+0x268/0x2ac)
[    0.593465] [<c05c81bc>] (mount_block_root) from [<c05c84a4>] (prepare_namespace+0x158/0x1ac)
[    0.593789] [<c05c84a4>] (prepare_namespace) from [<c05c7d84>] (kernel_init_freeable+0x16c/0x1b0)
[    0.594132] [<c05c7d84>] (kernel_init_freeable) from [<c040f28c>] (kernel_init+0x8/0xe4)
[    0.594446] [<c040f28c>] (kernel_init) from [<c0016da8>] (ret_from_fork+0x14/0x2c)
[    0.594902] ---[ end Kernel panic - not syncing: VFS: Unable to mount root fs on unknown-block(254,1)
