[    0.000000] Booting Linux on physical CPU 0x0
[    0.000000] Linux version 4.1.17+ (vagrant@vagrant-ubuntu-trusty-64) (gcc version 5.3.0 (GCC) ) #1 Thu Feb 18 01:05:21 UTC 2016
[    0.000000] CPU: ARMv7 Processor [412fc0f1] revision 1 (ARMv7), cr=10c5387d
[    0.000000] CPU: PIPT / VIPT nonaliasing data cache, PIPT instruction cache
[    0.000000] Machine model: linux,dummy-virt
[    0.000000] debug: ignoring loglevel setting.
[    0.000000] Memory policy: Data cache writeback
[    0.000000] On node 0 totalpages: 65536
[    0.000000] free_area_init_node: node 0, pgdat c061dfe8, node_mem_map cfdf9000
[    0.000000]   Normal zone: 512 pages used for memmap
[    0.000000]   Normal zone: 0 pages reserved
[    0.000000]   Normal zone: 65536 pages, LIFO batch:15
[    0.000000] CPU: All CPU(s) started in SVC mode.
[    0.000000] pcpu-alloc: s0 r0 d32768 u32768 alloc=1*32768
[    0.000000] pcpu-alloc: [0] 0 
[    0.000000] Built 1 zonelists in Zone order, mobility grouping on.  Total pages: 65024
[    0.000000] Kernel command line: root=/dev/vda1 console=ttyS0 nandsim.parts=64,64,64,64,64,64,64,64,64,64 rdinit=/firmadyne/preInit.sh rw debug ignore_loglevel print-fatal-signals=1 user_debug=31 firmadyne.syscall=0
[    0.000000] PID hash table entries: 1024 (order: 0, 4096 bytes)
[    0.000000] Dentry cache hash table entries: 32768 (order: 5, 131072 bytes)
[    0.000000] Inode-cache hash table entries: 16384 (order: 4, 65536 bytes)
[    0.000000] Memory: 253344K/262144K available (4297K kernel code, 170K rwdata, 1584K rodata, 180K init, 148K bss, 8800K reserved, 0K cma-reserved)
[    0.000000] Virtual kernel memory layout:
[    0.000000]     vector  : 0xffff0000 - 0xffff1000   (   4 kB)
[    0.000000]     fixmap  : 0xffc00000 - 0xfff00000   (3072 kB)
[    0.000000]     vmalloc : 0xd0800000 - 0xff000000   ( 744 MB)
[    0.000000]     lowmem  : 0xc0000000 - 0xd0000000   ( 256 MB)
[    0.000000]     modules : 0xbf000000 - 0xc0000000   (  16 MB)
[    0.000000]       .text : 0xc0008000 - 0xc05c67bc   (5882 kB)
[    0.000000]       .init : 0xc05c7000 - 0xc05f4000   ( 180 kB)
[    0.000000]       .data : 0xc05f4000 - 0xc061e840   ( 171 kB)
[    0.000000]        .bss : 0xc0621000 - 0xc06462d4   ( 149 kB)
[    0.000000] NR_IRQS:16 nr_irqs:16 16
[    0.000000] Architected cp15 timer(s) running at 62.50MHz (virt).
[    0.000000] clocksource arch_sys_counter: mask: 0xffffffffffffff max_cycles: 0x1cd42e208c, max_idle_ns: 881590405314 ns
[    0.000132] sched_clock: 56 bits at 62MHz, resolution 16ns, wraps every 4398046511096ns
[    0.000241] Switching to timer-based delay loop, resolution 16ns
[    0.002875] Console: colour dummy device 80x30
[    0.003167] Calibrating delay loop (skipped), value calculated using timer frequency.. 125.00 BogoMIPS (lpj=625000)
[    0.003286] pid_max: default: 32768 minimum: 301
[    0.004059] Mount-cache hash table entries: 1024 (order: 0, 4096 bytes)
[    0.004089] Mountpoint-cache hash table entries: 1024 (order: 0, 4096 bytes)
[    0.011946] CPU: Testing write buffer coherency: ok
[    0.016952] Setting up static identity map for 0x40008240 - 0x40008298
[    0.028935] VFP support v0.3: implementor 41 architecture 4 part 30 variant f rev 0
[    0.038931] clocksource jiffies: mask: 0xffffffff max_cycles: 0xffffffff, max_idle_ns: 19112604462750000 ns
[    0.046451] NET: Registered protocol family 16
[    0.048965] DMA: preallocated 256 KiB pool for atomic coherent allocations
[    0.052167] cpuidle: using governor ladder
[    0.052292] cpuidle: using governor menu
[    0.055423] genirq: Setting trigger mode 1 for irq 20 failed (gic_set_type+0x0/0x48)
[    0.056848] genirq: Setting trigger mode 1 for irq 21 failed (gic_set_type+0x0/0x48)
[    0.057105] genirq: Setting trigger mode 1 for irq 22 failed (gic_set_type+0x0/0x48)
[    0.057364] genirq: Setting trigger mode 1 for irq 23 failed (gic_set_type+0x0/0x48)
[    0.057625] genirq: Setting trigger mode 1 for irq 24 failed (gic_set_type+0x0/0x48)
[    0.057871] genirq: Setting trigger mode 1 for irq 25 failed (gic_set_type+0x0/0x48)
[    0.058106] genirq: Setting trigger mode 1 for irq 26 failed (gic_set_type+0x0/0x48)
[    0.058344] genirq: Setting trigger mode 1 for irq 27 failed (gic_set_type+0x0/0x48)
[    0.058707] genirq: Setting trigger mode 1 for irq 28 failed (gic_set_type+0x0/0x48)
[    0.058960] genirq: Setting trigger mode 1 for irq 29 failed (gic_set_type+0x0/0x48)
[    0.059215] genirq: Setting trigger mode 1 for irq 30 failed (gic_set_type+0x0/0x48)
[    0.059535] genirq: Setting trigger mode 1 for irq 31 failed (gic_set_type+0x0/0x48)
[    0.059770] genirq: Setting trigger mode 1 for irq 32 failed (gic_set_type+0x0/0x48)
[    0.060010] genirq: Setting trigger mode 1 for irq 33 failed (gic_set_type+0x0/0x48)
[    0.060238] genirq: Setting trigger mode 1 for irq 34 failed (gic_set_type+0x0/0x48)
[    0.060465] genirq: Setting trigger mode 1 for irq 35 failed (gic_set_type+0x0/0x48)
[    0.060700] genirq: Setting trigger mode 1 for irq 36 failed (gic_set_type+0x0/0x48)
[    0.060939] genirq: Setting trigger mode 1 for irq 37 failed (gic_set_type+0x0/0x48)
[    0.061217] genirq: Setting trigger mode 1 for irq 38 failed (gic_set_type+0x0/0x48)
[    0.061465] genirq: Setting trigger mode 1 for irq 39 failed (gic_set_type+0x0/0x48)
[    0.061702] genirq: Setting trigger mode 1 for irq 40 failed (gic_set_type+0x0/0x48)
[    0.061944] genirq: Setting trigger mode 1 for irq 41 failed (gic_set_type+0x0/0x48)
[    0.062193] genirq: Setting trigger mode 1 for irq 42 failed (gic_set_type+0x0/0x48)
[    0.062460] genirq: Setting trigger mode 1 for irq 43 failed (gic_set_type+0x0/0x48)
[    0.062759] genirq: Setting trigger mode 1 for irq 44 failed (gic_set_type+0x0/0x48)
[    0.063031] genirq: Setting trigger mode 1 for irq 45 failed (gic_set_type+0x0/0x48)
[    0.063531] genirq: Setting trigger mode 1 for irq 46 failed (gic_set_type+0x0/0x48)
[    0.063828] genirq: Setting trigger mode 1 for irq 47 failed (gic_set_type+0x0/0x48)
[    0.064084] genirq: Setting trigger mode 1 for irq 48 failed (gic_set_type+0x0/0x48)
[    0.064329] genirq: Setting trigger mode 1 for irq 49 failed (gic_set_type+0x0/0x48)
[    0.064567] genirq: Setting trigger mode 1 for irq 50 failed (gic_set_type+0x0/0x48)
[    0.064804] genirq: Setting trigger mode 1 for irq 51 failed (gic_set_type+0x0/0x48)
[    0.065215] genirq: Setting trigger mode 1 for irq 52 failed (gic_set_type+0x0/0x48)
[    0.068264] Serial: AMBA PL011 UART driver
[    0.069913] 9000000.pl011: ttyS0 at MMIO 0x9000000 (irq = 52, base_baud = 0) is a PL011 rev1
[    0.128896] console [ttyS0] enabled
[    0.148648] vgaarb: loaded
[    0.150437] SCSI subsystem initialized
[    0.152047] usbcore: registered new interface driver usbfs
[    0.153299] usbcore: registered new interface driver hub
[    0.154568] usbcore: registered new device driver usb
[    0.162958] cfg80211: Calling CRDA to update world regulatory domain
[    0.166086] Switched to clocksource arch_sys_counter
[    0.181359] NET: Registered protocol family 2
[    0.186489] TCP established hash table entries: 2048 (order: 1, 8192 bytes)
[    0.187981] TCP bind hash table entries: 2048 (order: 1, 8192 bytes)
[    0.189350] TCP: Hash tables configured (established 2048 bind 2048)
[    0.190928] UDP hash table entries: 256 (order: 0, 4096 bytes)
[    0.192178] UDP-Lite hash table entries: 256 (order: 0, 4096 bytes)
[    0.194551] NET: Registered protocol family 1
[    0.195883] PCI: CLS 0 bytes, default 64
[    0.202502] NetWinder Floating Point Emulator V0.97 (extended precision)
[    0.205919] futex hash table entries: 256 (order: -1, 3072 bytes)
[    0.211543] squashfs: version 4.0 (2009/01/31) Phillip Lougher
[    0.213782] jffs2: version 2.2. (NAND) Â© 2001-2006 Red Hat, Inc.
[    0.215659] romfs: ROMFS MTD (C) 2007 Red Hat, Inc.
[    0.223555] Block layer SCSI generic (bsg) driver version 0.4 loaded (major 253)
[    0.225143] io scheduler noop registered
[    0.226307] io scheduler cfq registered (default)
[    0.227776] firmadyne: devfs: 1, execute: 1, procfs: 1, syscall: 0
[    0.229962] ------------[ cut here ]------------
[    0.230928] WARNING: CPU: 0 PID: 1 at /home/vagrant/firmadyne-kernel/kernel-v4.1/fs/sysfs/dir.c:31 sysfs_warn_dup+0x50/0x6c()
[    0.232984] sysfs: cannot create duplicate filename '/class/gpio'
[    0.234147] Modules linked in:
[    0.235039] CPU: 0 PID: 1 Comm: swapper Not tainted 4.1.17+ #1
[    0.236403] Hardware name: Generic DT based system
[    0.237906] [<c001c99c>] (unwind_backtrace) from [<c0019d30>] (show_stack+0x10/0x14)
[    0.239496] [<c0019d30>] (show_stack) from [<c0024ab4>] (warn_slowpath_common+0x80/0xa8)
[    0.241029] [<c0024ab4>] (warn_slowpath_common) from [<c0024b08>] (warn_slowpath_fmt+0x2c/0x3c)
[    0.242687] [<c0024b08>] (warn_slowpath_fmt) from [<c00e363c>] (sysfs_warn_dup+0x50/0x6c)
[    0.244232] [<c00e363c>] (sysfs_warn_dup) from [<c00e3714>] (sysfs_create_dir_ns+0x74/0x84)
[    0.245335] [<c00e3714>] (sysfs_create_dir_ns) from [<c018e6ac>] (kobject_add_internal+0xb8/0x2ac)
[    0.246294] [<c018e6ac>] (kobject_add_internal) from [<c018e9a8>] (kset_register+0x1c/0x44)
[    0.247425] [<c018e9a8>] (kset_register) from [<c02090b4>] (__class_register+0xa8/0x198)
[    0.248069] [<c02090b4>] (__class_register) from [<c02091e4>] (__class_create+0x40/0x70)
[    0.248963] [<c02091e4>] (__class_create) from [<c01adf68>] (register_devfs_stubs+0x314/0xbb4)
[    0.249773] [<c01adf68>] (register_devfs_stubs) from [<c05d9b08>] (init_module+0x28/0xa4)
[    0.250547] [<c05d9b08>] (init_module) from [<c0009670>] (do_one_initcall+0x104/0x1b4)
[    0.251450] [<c0009670>] (do_one_initcall) from [<c05c7d08>] (kernel_init_freeable+0xf0/0x1b0)
[    0.252349] [<c05c7d08>] (kernel_init_freeable) from [<c040f28c>] (kernel_init+0x8/0xe4)
[    0.253146] [<c040f28c>] (kernel_init) from [<c0016da8>] (ret_from_fork+0x14/0x2c)
[    0.253910] ---[ end trace 8fb11926a084051b ]---
[    0.254580] ------------[ cut here ]------------
[    0.255223] WARNING: CPU: 0 PID: 1 at /home/vagrant/firmadyne-kernel/kernel-v4.1/lib/kobject.c:240 kobject_add_internal+0x240/0x2ac()
[    0.256656] kobject_add_internal failed for gpio with -EEXIST, don't try to register things with the same name in the same directory.
[    0.257619] Modules linked in:
[    0.258225] CPU: 0 PID: 1 Comm: swapper Tainted: G        W       4.1.17+ #1
[    0.258984] Hardware name: Generic DT based system
[    0.259420] [<c001c99c>] (unwind_backtrace) from [<c0019d30>] (show_stack+0x10/0x14)
[    0.260129] [<c0019d30>] (show_stack) from [<c0024ab4>] (warn_slowpath_common+0x80/0xa8)
[    0.261096] [<c0024ab4>] (warn_slowpath_common) from [<c0024b08>] (warn_slowpath_fmt+0x2c/0x3c)
[    0.261871] [<c0024b08>] (warn_slowpath_fmt) from [<c018e834>] (kobject_add_internal+0x240/0x2ac)
[    0.262833] [<c018e834>] (kobject_add_internal) from [<c018e9a8>] (kset_register+0x1c/0x44)
[    0.263616] [<c018e9a8>] (kset_register) from [<c02090b4>] (__class_register+0xa8/0x198)
[    0.264281] [<c02090b4>] (__class_register) from [<c02091e4>] (__class_create+0x40/0x70)
[    0.265216] [<c02091e4>] (__class_create) from [<c01adf68>] (register_devfs_stubs+0x314/0xbb4)
[    0.266370] [<c01adf68>] (register_devfs_stubs) from [<c05d9b08>] (init_module+0x28/0xa4)
[    0.267147] [<c05d9b08>] (init_module) from [<c0009670>] (do_one_initcall+0x104/0x1b4)
[    0.268116] [<c0009670>] (do_one_initcall) from [<c05c7d08>] (kernel_init_freeable+0xf0/0x1b0)
[    0.269017] [<c05c7d08>] (kernel_init_freeable) from [<c040f28c>] (kernel_init+0x8/0xe4)
[    0.269708] [<c040f28c>] (kernel_init) from [<c0016da8>] (ret_from_fork+0x14/0x2c)
[    0.270548] ---[ end trace 8fb11926a084051c ]---
[    0.271103] firmadyne: Cannot create device class: gpio!
[    0.273082] firmadyne: Cannot register character device: watchdog, 0xa, 0x82!
[    0.274473] firmadyne: Cannot register character device: wdt, 0xfd, 0x0!
[    0.371967] Non-volatile memory driver v1.3
[    0.392077] brd: module loaded
[    0.400814] loop: module loaded
[    0.409618]  vda: vda1
[    0.413981] [nandsim] warning: read_byte: unexpected data output cycle, state is STATE_READY return 0x0
[    0.415909] [nandsim] warning: read_byte: unexpected data output cycle, state is STATE_READY return 0x0
[    0.417806] [nandsim] warning: read_byte: unexpected data output cycle, state is STATE_READY return 0x0
[    0.419552] [nandsim] warning: read_byte: unexpected data output cycle, state is STATE_READY return 0x0
[    0.421231] [nandsim] warning: read_byte: unexpected data output cycle, state is STATE_READY return 0x0
[    0.422770] [nandsim] warning: read_byte: unexpected data output cycle, state is STATE_READY return 0x0
[    0.423858] nand: device found, Manufacturer ID: 0x98, Chip ID: 0x39
[    0.425043] nand: Toshiba NAND 128MiB 1,8V 8-bit
[    0.425446] nand: 128 MiB, SLC, erase size: 16 KiB, page size: 512, OOB size: 16
[    0.427311] flash size: 128 MiB
[    0.427956] page size: 512 bytes
[    0.428548] OOB area size: 16 bytes
[    0.429210] sector size: 16 KiB
[    0.429786] pages number: 262144
[    0.430372] pages per sector: 32
[    0.431003] bus width: 8
[    0.431379] bits in sector size: 14
[    0.431532] bits in page size: 9
[    0.432094] bits in OOB size: 4
[    0.432246] flash size with OOB: 135168 KiB
[    0.432815] page address bytes: 4
[    0.432963] sector address bytes: 3
[    0.433554] options: 0x42
[    0.438232] Scanning device for bad blocks
[    0.550698] Creating 11 MTD partitions on "NAND 128MiB 1,8V 8-bit":
[    0.552305] 0x000000000000-0x000000100000 : "NAND simulator partition 0"
[    0.556532] 0x000000100000-0x000000200000 : "NAND simulator partition 1"
[    0.559066] 0x000000200000-0x000000300000 : "NAND simulator partition 2"
[    0.561561] 0x000000300000-0x000000400000 : "NAND simulator partition 3"
[    0.564035] 0x000000400000-0x000000500000 : "NAND simulator partition 4"
[    0.566682] 0x000000500000-0x000000600000 : "NAND simulator partition 5"
[    0.569216] 0x000000600000-0x000000700000 : "NAND simulator partition 6"
[    0.571782] 0x000000700000-0x000000800000 : "NAND simulator partition 7"
[    0.574256] 0x000000800000-0x000000900000 : "NAND simulator partition 8"
[    0.577030] 0x000000900000-0x000000a00000 : "NAND simulator partition 9"
[    0.579495] 0x000000a00000-0x000008000000 : "NAND simulator partition 10"
[    0.584748] tun: Universal TUN/TAP device driver, 1.6
[    0.585740] tun: (C) 1999-2004 Max Krasnyansky <maxk@qualcomm.com>
[    0.600304] PPP generic driver version 2.4.2
[    0.601787] PPP BSD Compression module registered
[    0.602765] PPP Deflate Compression module registered
[    0.603846] PPP MPPE Compression module registered
[    0.604792] NET: Registered protocol family 24
[    0.606069] PPTP driver version 0.8.5
[    0.607431] usbcore: registered new interface driver usb-storage
[    0.609976] hidraw: raw HID events driver (C) Jiri Kosina
[    0.611444] usbcore: registered new interface driver usbhid
[    0.612490] usbhid: USB HID core driver
[    0.613616] Netfilter messages via NETLINK v0.30.
[    0.615017] nf_conntrack version 0.5.0 (3958 buckets, 15832 max)
[    0.617537] ctnetlink v0.93: registering with nfnetlink.
[    0.619782] ipip: IPv4 over IPv4 tunneling driver
[    0.622356] gre: GRE over IPv4 demultiplexor driver
[    0.623382] ip_gre: GRE over IPv4 tunneling driver
[    0.628451] ip_tables: (C) 2000-2006 Netfilter Core Team
[    0.630905] arp_tables: (C) 2002 David S. Miller
[    0.632770] Initializing XFRM netlink socket
[    0.634031] NET: Registered protocol family 10
[    0.640657] ip6_tables: (C) 2000-2006 Netfilter Core Team
[    0.643095] sit: IPv6 over IPv4 tunneling driver
[    0.647797] NET: Registered protocol family 17
[    0.649200] bridge: automatic filtering via arp/ip/ip6tables has been deprecated. Update your scripts to load br_netfilter if you need this.
[    0.651630] Bridge firewalling registered
[    0.652421] Ebtables v2.0 registered
[    0.654097] 8021q: 802.1Q VLAN Support v1.8
[    0.655474] Registering SWP/SWPB emulation handler
[    0.658381] hctosys: unable to open rtc device (rtc0)
[    0.674194] UDF-fs: warning (device vda1): udf_fill_super: No partition found (2)
[    0.690864] UDF-fs: warning (device vda1): udf_fill_super: No partition found (2)
[    0.692445] List of all partitions:
[    0.693315] 0100            8192 ram0  (driver?)
[    0.694255] 0101            8192 ram1  (driver?)
[    0.695093] 0102            8192 ram2  (driver?)
[    0.696297] 0103            8192 ram3  (driver?)
[    0.697171] 0104            8192 ram4  (driver?)
[    0.698041] 0105            8192 ram5  (driver?)
[    0.698910] 0106            8192 ram6  (driver?)
[    0.699820] 0107            8192 ram7  (driver?)
[    0.700684] 0108            8192 ram8  (driver?)
[    0.701550] 0109            8192 ram9  (driver?)
[    0.702309] 010a            8192 ram10  (driver?)
[    0.702702] 010b            8192 ram11  (driver?)
[    0.703101] 010c            8192 ram12  (driver?)
[    0.703982] 010d            8192 ram13  (driver?)
[    0.704491] 010e            8192 ram14  (driver?)
[    0.705128] 010f            8192 ram15  (driver?)
[    0.705407] fe00         1048576 vda  driver: virtio_blk
[    0.706645]   fe01         1047552 vda1 5137e8d0-01
[    0.707135] 1f00            1024 mtdblock0  (driver?)
[    0.707678] 1f01            1024 mtdblock1  (driver?)
[    0.708167] 1f02            1024 mtdblock2  (driver?)
[    0.708750] 1f03            1024 mtdblock3  (driver?)
[    0.709160] 1f04            1024 mtdblock4  (driver?)
[    0.709871] 1f05            1024 mtdblock5  (driver?)
[    0.710228] 1f06            1024 mtdblock6  (driver?)
[    0.710882] 1f07            1024 mtdblock7  (driver?)
[    0.711366] 1f08            1024 mtdblock8  (driver?)
[    0.711885] 1f09            1024 mtdblock9  (driver?)
[    0.712366] 1f0a          120832 mtdblock10  (driver?)
[    0.713032] No filesystem could mount root, tried:  ext3 ext2 ext4 cramfs squashfs vfat iso9660 romfs udf
[    0.714415] Kernel panic - not syncing: VFS: Unable to mount root fs on unknown-block(254,1)
[    0.715479] CPU: 0 PID: 1 Comm: swapper Tainted: G        W       4.1.17+ #1
[    0.716147] Hardware name: Generic DT based system
[    0.716838] [<c001c99c>] (unwind_backtrace) from [<c0019d30>] (show_stack+0x10/0x14)
[    0.717730] [<c0019d30>] (show_stack) from [<c0410b78>] (panic+0x70/0x1c8)
[    0.718423] [<c0410b78>] (panic) from [<c05c81bc>] (mount_block_root+0x268/0x2ac)
[    0.718949] [<c05c81bc>] (mount_block_root) from [<c05c84a4>] (prepare_namespace+0x158/0x1ac)
[    0.719815] [<c05c84a4>] (prepare_namespace) from [<c05c7d84>] (kernel_init_freeable+0x16c/0x1b0)
[    0.720903] [<c05c7d84>] (kernel_init_freeable) from [<c040f28c>] (kernel_init+0x8/0xe4)
[    0.721664] [<c040f28c>] (kernel_init) from [<c0016da8>] (ret_from_fork+0x14/0x2c)
[    0.722678] ---[ end Kernel panic - not syncing: VFS: Unable to mount root fs on unknown-block(254,1)
