[    0.000000] Booting Linux on physical CPU 0x0
[    0.000000] Linux version 4.1.17+ (vagrant@vagrant-ubuntu-trusty-64) (gcc version 5.3.0 (GCC) ) #1 Thu Feb 18 01:05:21 UTC 2016
[    0.000000] CPU: ARMv7 Processor [412fc0f1] revision 1 (ARMv7), cr=10c5387d
[    0.000000] CPU: PIPT / VIPT nonaliasing data cache, PIPT instruction cache
[    0.000000] Machine model: linux,dummy-virt
[    0.000000] debug: ignoring loglevel setting.
[    0.000000] Memory policy: Data cache writeback
[    0.000000] On node 0 totalpages: 65536
[    0.000000] free_area_init_node: node 0, pgdat c061dfe8, node_mem_map cfdf9000
[    0.000000]   Normal zone: 512 pages used for memmap
[    0.000000]   Normal zone: 0 pages reserved
[    0.000000]   Normal zone: 65536 pages, LIFO batch:15
[    0.000000] CPU: All CPU(s) started in SVC mode.
[    0.000000] pcpu-alloc: s0 r0 d32768 u32768 alloc=1*32768
[    0.000000] pcpu-alloc: [0] 0 
[    0.000000] Built 1 zonelists in Zone order, mobility grouping on.  Total pages: 65024
[    0.000000] Kernel command line: firmadyne.syscall=1 root=/dev/vda1 console=ttyS0 nandsim.parts=64,64,64,64,64,64,64,64,64,64 rdinit=/firmadyne/preInit.sh rw debug ignore_loglevel print-fatal-signals=1 user_debug=31
[    0.000000] PID hash table entries: 1024 (order: 0, 4096 bytes)
[    0.000000] Dentry cache hash table entries: 32768 (order: 5, 131072 bytes)
[    0.000000] Inode-cache hash table entries: 16384 (order: 4, 65536 bytes)
[    0.000000] Memory: 253344K/262144K available (4297K kernel code, 170K rwdata, 1584K rodata, 180K init, 148K bss, 8800K reserved, 0K cma-reserved)
[    0.000000] Virtual kernel memory layout:
[    0.000000]     vector  : 0xffff0000 - 0xffff1000   (   4 kB)
[    0.000000]     fixmap  : 0xffc00000 - 0xfff00000   (3072 kB)
[    0.000000]     vmalloc : 0xd0800000 - 0xff000000   ( 744 MB)
[    0.000000]     lowmem  : 0xc0000000 - 0xd0000000   ( 256 MB)
[    0.000000]     modules : 0xbf000000 - 0xc0000000   (  16 MB)
[    0.000000]       .text : 0xc0008000 - 0xc05c67bc   (5882 kB)
[    0.000000]       .init : 0xc05c7000 - 0xc05f4000   ( 180 kB)
[    0.000000]       .data : 0xc05f4000 - 0xc061e840   ( 171 kB)
[    0.000000]        .bss : 0xc0621000 - 0xc06462d4   ( 149 kB)
[    0.000000] NR_IRQS:16 nr_irqs:16 16
[    0.000000] Architected cp15 timer(s) running at 62.50MHz (virt).
[    0.000000] clocksource arch_sys_counter: mask: 0xffffffffffffff max_cycles: 0x1cd42e208c, max_idle_ns: 881590405314 ns
[    0.000112] sched_clock: 56 bits at 62MHz, resolution 16ns, wraps every 4398046511096ns
[    0.000200] Switching to timer-based delay loop, resolution 16ns
[    0.002351] Console: colour dummy device 80x30
[    0.002574] Calibrating delay loop (skipped), value calculated using timer frequency.. 125.00 BogoMIPS (lpj=625000)
[    0.002659] pid_max: default: 32768 minimum: 301
[    0.003286] Mount-cache hash table entries: 1024 (order: 0, 4096 bytes)
[    0.003311] Mountpoint-cache hash table entries: 1024 (order: 0, 4096 bytes)
[    0.008571] CPU: Testing write buffer coherency: ok
[    0.014793] Setting up static identity map for 0x40008240 - 0x40008298
[    0.025097] VFP support v0.3: implementor 41 architecture 4 part 30 variant f rev 0
[    0.033898] clocksource jiffies: mask: 0xffffffff max_cycles: 0xffffffff, max_idle_ns: 19112604462750000 ns
[    0.040185] NET: Registered protocol family 16
[    0.042321] DMA: preallocated 256 KiB pool for atomic coherent allocations
[    0.045297] cpuidle: using governor ladder
[    0.045434] cpuidle: using governor menu
[    0.047975] genirq: Setting trigger mode 1 for irq 20 failed (gic_set_type+0x0/0x48)
[    0.049406] genirq: Setting trigger mode 1 for irq 21 failed (gic_set_type+0x0/0x48)
[    0.049665] genirq: Setting trigger mode 1 for irq 22 failed (gic_set_type+0x0/0x48)
[    0.049923] genirq: Setting trigger mode 1 for irq 23 failed (gic_set_type+0x0/0x48)
[    0.050186] genirq: Setting trigger mode 1 for irq 24 failed (gic_set_type+0x0/0x48)
[    0.050397] genirq: Setting trigger mode 1 for irq 25 failed (gic_set_type+0x0/0x48)
[    0.050597] genirq: Setting trigger mode 1 for irq 26 failed (gic_set_type+0x0/0x48)
[    0.050800] genirq: Setting trigger mode 1 for irq 27 failed (gic_set_type+0x0/0x48)
[    0.051083] genirq: Setting trigger mode 1 for irq 28 failed (gic_set_type+0x0/0x48)
[    0.051296] genirq: Setting trigger mode 1 for irq 29 failed (gic_set_type+0x0/0x48)
[    0.051495] genirq: Setting trigger mode 1 for irq 30 failed (gic_set_type+0x0/0x48)
[    0.051706] genirq: Setting trigger mode 1 for irq 31 failed (gic_set_type+0x0/0x48)
[    0.051904] genirq: Setting trigger mode 1 for irq 32 failed (gic_set_type+0x0/0x48)
[    0.052108] genirq: Setting trigger mode 1 for irq 33 failed (gic_set_type+0x0/0x48)
[    0.052302] genirq: Setting trigger mode 1 for irq 34 failed (gic_set_type+0x0/0x48)
[    0.052496] genirq: Setting trigger mode 1 for irq 35 failed (gic_set_type+0x0/0x48)
[    0.052697] genirq: Setting trigger mode 1 for irq 36 failed (gic_set_type+0x0/0x48)
[    0.053119] genirq: Setting trigger mode 1 for irq 37 failed (gic_set_type+0x0/0x48)
[    0.053389] genirq: Setting trigger mode 1 for irq 38 failed (gic_set_type+0x0/0x48)
[    0.053606] genirq: Setting trigger mode 1 for irq 39 failed (gic_set_type+0x0/0x48)
[    0.053810] genirq: Setting trigger mode 1 for irq 40 failed (gic_set_type+0x0/0x48)
[    0.054019] genirq: Setting trigger mode 1 for irq 41 failed (gic_set_type+0x0/0x48)
[    0.054233] genirq: Setting trigger mode 1 for irq 42 failed (gic_set_type+0x0/0x48)
[    0.054444] genirq: Setting trigger mode 1 for irq 43 failed (gic_set_type+0x0/0x48)
[    0.054662] genirq: Setting trigger mode 1 for irq 44 failed (gic_set_type+0x0/0x48)
[    0.054883] genirq: Setting trigger mode 1 for irq 45 failed (gic_set_type+0x0/0x48)
[    0.055091] genirq: Setting trigger mode 1 for irq 46 failed (gic_set_type+0x0/0x48)
[    0.055333] genirq: Setting trigger mode 1 for irq 47 failed (gic_set_type+0x0/0x48)
[    0.055547] genirq: Setting trigger mode 1 for irq 48 failed (gic_set_type+0x0/0x48)
[    0.055755] genirq: Setting trigger mode 1 for irq 49 failed (gic_set_type+0x0/0x48)
[    0.055957] genirq: Setting trigger mode 1 for irq 50 failed (gic_set_type+0x0/0x48)
[    0.056159] genirq: Setting trigger mode 1 for irq 51 failed (gic_set_type+0x0/0x48)
[    0.056507] genirq: Setting trigger mode 1 for irq 52 failed (gic_set_type+0x0/0x48)
[    0.059284] Serial: AMBA PL011 UART driver
[    0.060692] 9000000.pl011: ttyS0 at MMIO 0x9000000 (irq = 52, base_baud = 0) is a PL011 rev1
[    0.080096] console [ttyS0] enabled
[    0.096942] vgaarb: loaded
[    0.098151] SCSI subsystem initialized
[    0.099007] usbcore: registered new interface driver usbfs
[    0.099373] usbcore: registered new interface driver hub
[    0.099722] usbcore: registered new device driver usb
[    0.106573] cfg80211: Calling CRDA to update world regulatory domain
[    0.108257] Switched to clocksource arch_sys_counter
[    0.121602] NET: Registered protocol family 2
[    0.125118] TCP established hash table entries: 2048 (order: 1, 8192 bytes)
[    0.125479] TCP bind hash table entries: 2048 (order: 1, 8192 bytes)
[    0.125860] TCP: Hash tables configured (established 2048 bind 2048)
[    0.126386] UDP hash table entries: 256 (order: 0, 4096 bytes)
[    0.126667] UDP-Lite hash table entries: 256 (order: 0, 4096 bytes)
[    0.127709] NET: Registered protocol family 1
[    0.128315] PCI: CLS 0 bytes, default 64
[    0.134144] NetWinder Floating Point Emulator V0.97 (extended precision)
[    0.136003] futex hash table entries: 256 (order: -1, 3072 bytes)
[    0.140429] squashfs: version 4.0 (2009/01/31) Phillip Lougher
[    0.141375] jffs2: version 2.2. (NAND) Â© 2001-2006 Red Hat, Inc.
[    0.142133] romfs: ROMFS MTD (C) 2007 Red Hat, Inc.
[    0.148995] Block layer SCSI generic (bsg) driver version 0.4 loaded (major 253)
[    0.149393] io scheduler noop registered
[    0.149651] io scheduler cfq registered (default)
[    0.150281] firmadyne: devfs: 1, execute: 1, procfs: 1, syscall: 1
[    0.151275] ------------[ cut here ]------------
[    0.151454] WARNING: CPU: 0 PID: 1 at /home/vagrant/firmadyne-kernel/kernel-v4.1/fs/sysfs/dir.c:31 sysfs_warn_dup+0x50/0x6c()
[    0.151810] sysfs: cannot create duplicate filename '/class/gpio'
[    0.152025] Modules linked in:
[    0.152292] CPU: 0 PID: 1 Comm: swapper Not tainted 4.1.17+ #1
[    0.152485] Hardware name: Generic DT based system
[    0.153102] [<c001c99c>] (unwind_backtrace) from [<c0019d30>] (show_stack+0x10/0x14)
[    0.153485] [<c0019d30>] (show_stack) from [<c0024ab4>] (warn_slowpath_common+0x80/0xa8)
[    0.153811] [<c0024ab4>] (warn_slowpath_common) from [<c0024b08>] (warn_slowpath_fmt+0x2c/0x3c)
[    0.154182] [<c0024b08>] (warn_slowpath_fmt) from [<c00e363c>] (sysfs_warn_dup+0x50/0x6c)
[    0.154488] [<c00e363c>] (sysfs_warn_dup) from [<c00e3714>] (sysfs_create_dir_ns+0x74/0x84)
[    0.154758] [<c00e3714>] (sysfs_create_dir_ns) from [<c018e6ac>] (kobject_add_internal+0xb8/0x2ac)
[    0.155045] [<c018e6ac>] (kobject_add_internal) from [<c018e9a8>] (kset_register+0x1c/0x44)
[    0.155313] [<c018e9a8>] (kset_register) from [<c02090b4>] (__class_register+0xa8/0x198)
[    0.155632] [<c02090b4>] (__class_register) from [<c02091e4>] (__class_create+0x40/0x70)
[    0.155936] [<c02091e4>] (__class_create) from [<c01adf68>] (register_devfs_stubs+0x314/0xbb4)
[    0.156261] [<c01adf68>] (register_devfs_stubs) from [<c05d9b08>] (init_module+0x28/0xa4)
[    0.156593] [<c05d9b08>] (init_module) from [<c0009670>] (do_one_initcall+0x104/0x1b4)
[    0.156851] [<c0009670>] (do_one_initcall) from [<c05c7d08>] (kernel_init_freeable+0xf0/0x1b0)
[    0.157175] [<c05c7d08>] (kernel_init_freeable) from [<c040f28c>] (kernel_init+0x8/0xe4)
[    0.157484] [<c040f28c>] (kernel_init) from [<c0016da8>] (ret_from_fork+0x14/0x2c)
[    0.157828] ---[ end trace 39993b8b0bf27456 ]---
[    0.158282] ------------[ cut here ]------------
[    0.158470] WARNING: CPU: 0 PID: 1 at /home/vagrant/firmadyne-kernel/kernel-v4.1/lib/kobject.c:240 kobject_add_internal+0x240/0x2ac()
[    0.158838] kobject_add_internal failed for gpio with -EEXIST, don't try to register things with the same name in the same directory.
[    0.159228] Modules linked in:
[    0.159409] CPU: 0 PID: 1 Comm: swapper Tainted: G        W       4.1.17+ #1
[    0.159665] Hardware name: Generic DT based system
[    0.159865] [<c001c99c>] (unwind_backtrace) from [<c0019d30>] (show_stack+0x10/0x14)
[    0.160163] [<c0019d30>] (show_stack) from [<c0024ab4>] (warn_slowpath_common+0x80/0xa8)
[    0.160469] [<c0024ab4>] (warn_slowpath_common) from [<c0024b08>] (warn_slowpath_fmt+0x2c/0x3c)
[    0.160753] [<c0024b08>] (warn_slowpath_fmt) from [<c018e834>] (kobject_add_internal+0x240/0x2ac)
[    0.161073] [<c018e834>] (kobject_add_internal) from [<c018e9a8>] (kset_register+0x1c/0x44)
[    0.161400] [<c018e9a8>] (kset_register) from [<c02090b4>] (__class_register+0xa8/0x198)
[    0.161709] [<c02090b4>] (__class_register) from [<c02091e4>] (__class_create+0x40/0x70)
[    0.162017] [<c02091e4>] (__class_create) from [<c01adf68>] (register_devfs_stubs+0x314/0xbb4)
[    0.162343] [<c01adf68>] (register_devfs_stubs) from [<c05d9b08>] (init_module+0x28/0xa4)
[    0.162631] [<c05d9b08>] (init_module) from [<c0009670>] (do_one_initcall+0x104/0x1b4)
[    0.162889] [<c0009670>] (do_one_initcall) from [<c05c7d08>] (kernel_init_freeable+0xf0/0x1b0)
[    0.163169] [<c05c7d08>] (kernel_init_freeable) from [<c040f28c>] (kernel_init+0x8/0xe4)
[    0.163428] [<c040f28c>] (kernel_init) from [<c0016da8>] (ret_from_fork+0x14/0x2c)
[    0.163680] ---[ end trace 39993b8b0bf27457 ]---
[    0.163865] firmadyne: Cannot create device class: gpio!
[    0.165077] firmadyne: Cannot register character device: watchdog, 0xa, 0x82!
[    0.165376] firmadyne: Cannot register character device: wdt, 0xfd, 0x0!
[    0.252841] Non-volatile memory driver v1.3
[    0.270282] brd: module loaded
[    0.278368] loop: module loaded
[    0.286161]  vda: vda1
[    0.290435] [nandsim] warning: read_byte: unexpected data output cycle, state is STATE_READY return 0x0
[    0.290808] [nandsim] warning: read_byte: unexpected data output cycle, state is STATE_READY return 0x0
[    0.291147] [nandsim] warning: read_byte: unexpected data output cycle, state is STATE_READY return 0x0
[    0.291483] [nandsim] warning: read_byte: unexpected data output cycle, state is STATE_READY return 0x0
[    0.291819] [nandsim] warning: read_byte: unexpected data output cycle, state is STATE_READY return 0x0
[    0.292153] [nandsim] warning: read_byte: unexpected data output cycle, state is STATE_READY return 0x0
[    0.292696] nand: device found, Manufacturer ID: 0x98, Chip ID: 0x39
[    0.292948] nand: Toshiba NAND 128MiB 1,8V 8-bit
[    0.293152] nand: 128 MiB, SLC, erase size: 16 KiB, page size: 512, OOB size: 16
[    0.294041] flash size: 128 MiB
[    0.294172] page size: 512 bytes
[    0.294300] OOB area size: 16 bytes
[    0.294438] sector size: 16 KiB
[    0.294561] pages number: 262144
[    0.294688] pages per sector: 32
[    0.294815] bus width: 8
[    0.294918] bits in sector size: 14
[    0.295053] bits in page size: 9
[    0.295183] bits in OOB size: 4
[    0.295311] flash size with OOB: 135168 KiB
[    0.295471] page address bytes: 4
[    0.295604] sector address bytes: 3
[    0.295740] options: 0x42
[    0.299651] Scanning device for bad blocks
[    0.417731] Creating 11 MTD partitions on "NAND 128MiB 1,8V 8-bit":
[    0.418445] 0x000000000000-0x000000100000 : "NAND simulator partition 0"
[    0.420884] 0x000000100000-0x000000200000 : "NAND simulator partition 1"
[    0.422232] 0x000000200000-0x000000300000 : "NAND simulator partition 2"
[    0.423414] 0x000000300000-0x000000400000 : "NAND simulator partition 3"
[    0.424501] 0x000000400000-0x000000500000 : "NAND simulator partition 4"
[    0.425716] 0x000000500000-0x000000600000 : "NAND simulator partition 5"
[    0.427031] 0x000000600000-0x000000700000 : "NAND simulator partition 6"
[    0.428339] 0x000000700000-0x000000800000 : "NAND simulator partition 7"
[    0.429707] 0x000000800000-0x000000900000 : "NAND simulator partition 8"
[    0.431035] 0x000000900000-0x000000a00000 : "NAND simulator partition 9"
[    0.432249] 0x000000a00000-0x000008000000 : "NAND simulator partition 10"
[    0.436142] tun: Universal TUN/TAP device driver, 1.6
[    0.436316] tun: (C) 1999-2004 Max Krasnyansky <maxk@qualcomm.com>
[    0.452415] PPP generic driver version 2.4.2
[    0.453091] PPP BSD Compression module registered
[    0.453329] PPP Deflate Compression module registered
[    0.453607] PPP MPPE Compression module registered
[    0.453825] NET: Registered protocol family 24
[    0.454163] PPTP driver version 0.8.5
[    0.454782] usbcore: registered new interface driver usb-storage
[    0.456170] hidraw: raw HID events driver (C) Jiri Kosina
[    0.456683] usbcore: registered new interface driver usbhid
[    0.456900] usbhid: USB HID core driver
[    0.457373] Netfilter messages via NETLINK v0.30.
[    0.457971] nf_conntrack version 0.5.0 (3958 buckets, 15832 max)
[    0.459324] ctnetlink v0.93: registering with nfnetlink.
[    0.460439] ipip: IPv4 over IPv4 tunneling driver
[    0.462190] gre: GRE over IPv4 demultiplexor driver
[    0.462417] ip_gre: GRE over IPv4 tunneling driver
[    0.466182] ip_tables: (C) 2000-2006 Netfilter Core Team
[    0.467671] arp_tables: (C) 2002 David S. Miller
[    0.468783] Initializing XFRM netlink socket
[    0.469282] NET: Registered protocol family 10
[    0.474667] ip6_tables: (C) 2000-2006 Netfilter Core Team
[    0.475912] sit: IPv6 over IPv4 tunneling driver
[    0.479120] NET: Registered protocol family 17
[    0.479622] bridge: automatic filtering via arp/ip/ip6tables has been deprecated. Update your scripts to load br_netfilter if you need this.
[    0.480075] Bridge firewalling registered
[    0.480239] Ebtables v2.0 registered
[    0.481150] 8021q: 802.1Q VLAN Support v1.8
[    0.481760] Registering SWP/SWPB emulation handler
[    0.483549] hctosys: unable to open rtc device (rtc0)
[    0.497081] UDF-fs: warning (device vda1): udf_fill_super: No partition found (2)
[    0.511918] UDF-fs: warning (device vda1): udf_fill_super: No partition found (2)
[    0.512232] List of all partitions:
[    0.512490] 0100            8192 ram0  (driver?)
[    0.512708] 0101            8192 ram1  (driver?)
[    0.512894] 0102            8192 ram2  (driver?)
[    0.513088] 0103            8192 ram3  (driver?)
[    0.513270] 0104            8192 ram4  (driver?)
[    0.513465] 0105            8192 ram5  (driver?)
[    0.513648] 0106            8192 ram6  (driver?)
[    0.513831] 0107            8192 ram7  (driver?)
[    0.514014] 0108            8192 ram8  (driver?)
[    0.514197] 0109            8192 ram9  (driver?)
[    0.514376] 010a            8192 ram10  (driver?)
[    0.514535] 010b            8192 ram11  (driver?)
[    0.514695] 010c            8192 ram12  (driver?)
[    0.514855] 010d            8192 ram13  (driver?)
[    0.515014] 010e            8192 ram14  (driver?)
[    0.515173] 010f            8192 ram15  (driver?)
[    0.515338] fe00         1048576 vda  driver: virtio_blk
[    0.515531]   fe01         1047552 vda1 d0391e04-01
[    0.515700] 1f00            1024 mtdblock0  (driver?)
[    0.515871] 1f01            1024 mtdblock1  (driver?)
[    0.516059] 1f02            1024 mtdblock2  (driver?)
[    0.516230] 1f03            1024 mtdblock3  (driver?)
[    0.516447] 1f04            1024 mtdblock4  (driver?)
[    0.516647] 1f05            1024 mtdblock5  (driver?)
[    0.516847] 1f06            1024 mtdblock6  (driver?)
[    0.517054] 1f07            1024 mtdblock7  (driver?)
[    0.517253] 1f08            1024 mtdblock8  (driver?)
[    0.517461] 1f09            1024 mtdblock9  (driver?)
[    0.517661] 1f0a          120832 mtdblock10  (driver?)
[    0.517877] No filesystem could mount root, tried:  ext3 ext2 ext4 cramfs squashfs vfat iso9660 romfs udf
[    0.518590] Kernel panic - not syncing: VFS: Unable to mount root fs on unknown-block(254,1)
[    0.518876] CPU: 0 PID: 1 Comm: swapper Tainted: G        W       4.1.17+ #1
[    0.519096] Hardware name: Generic DT based system
[    0.519286] [<c001c99c>] (unwind_backtrace) from [<c0019d30>] (show_stack+0x10/0x14)
[    0.519541] [<c0019d30>] (show_stack) from [<c0410b78>] (panic+0x70/0x1c8)
[    0.519777] [<c0410b78>] (panic) from [<c05c81bc>] (mount_block_root+0x268/0x2ac)
[    0.520026] [<c05c81bc>] (mount_block_root) from [<c05c84a4>] (prepare_namespace+0x158/0x1ac)
[    0.520303] [<c05c84a4>] (prepare_namespace) from [<c05c7d84>] (kernel_init_freeable+0x16c/0x1b0)
[    0.520587] [<c05c7d84>] (kernel_init_freeable) from [<c040f28c>] (kernel_init+0x8/0xe4)
[    0.520846] [<c040f28c>] (kernel_init) from [<c0016da8>] (ret_from_fork+0x14/0x2c)
[    0.521297] ---[ end Kernel panic - not syncing: VFS: Unable to mount root fs on unknown-block(254,1)
