[    0.000000] Booting Linux on physical CPU 0x0
[    0.000000] Linux version 4.1.17+ (vagrant@vagrant-ubuntu-trusty-64) (gcc version 5.3.0 (GCC) ) #1 Thu Feb 18 01:05:21 UTC 2016
[    0.000000] CPU: ARMv7 Processor [412fc0f1] revision 1 (ARMv7), cr=10c5387d
[    0.000000] CPU: PIPT / VIPT nonaliasing data cache, PIPT instruction cache
[    0.000000] Machine model: linux,dummy-virt
[    0.000000] debug: ignoring loglevel setting.
[    0.000000] Memory policy: Data cache writeback
[    0.000000] On node 0 totalpages: 65536
[    0.000000] free_area_init_node: node 0, pgdat c061dfe8, node_mem_map cfdf9000
[    0.000000]   Normal zone: 512 pages used for memmap
[    0.000000]   Normal zone: 0 pages reserved
[    0.000000]   Normal zone: 65536 pages, LIFO batch:15
[    0.000000] CPU: All CPU(s) started in SVC mode.
[    0.000000] pcpu-alloc: s0 r0 d32768 u32768 alloc=1*32768
[    0.000000] pcpu-alloc: [0] 0 
[    0.000000] Built 1 zonelists in Zone order, mobility grouping on.  Total pages: 65024
[    0.000000] Kernel command line: root=/dev/vda1 console=ttyS0 nandsim.parts=64,64,64,64,64,64,64,64,64,64 rdinit=/firmadyne/preInit.sh rw debug ignore_loglevel print-fatal-signals=1 user_debug=31 firmadyne.syscall=0
[    0.000000] PID hash table entries: 1024 (order: 0, 4096 bytes)
[    0.000000] Dentry cache hash table entries: 32768 (order: 5, 131072 bytes)
[    0.000000] Inode-cache hash table entries: 16384 (order: 4, 65536 bytes)
[    0.000000] Memory: 253344K/262144K available (4297K kernel code, 170K rwdata, 1584K rodata, 180K init, 148K bss, 8800K reserved, 0K cma-reserved)
[    0.000000] Virtual kernel memory layout:
[    0.000000]     vector  : 0xffff0000 - 0xffff1000   (   4 kB)
[    0.000000]     fixmap  : 0xffc00000 - 0xfff00000   (3072 kB)
[    0.000000]     vmalloc : 0xd0800000 - 0xff000000   ( 744 MB)
[    0.000000]     lowmem  : 0xc0000000 - 0xd0000000   ( 256 MB)
[    0.000000]     modules : 0xbf000000 - 0xc0000000   (  16 MB)
[    0.000000]       .text : 0xc0008000 - 0xc05c67bc   (5882 kB)
[    0.000000]       .init : 0xc05c7000 - 0xc05f4000   ( 180 kB)
[    0.000000]       .data : 0xc05f4000 - 0xc061e840   ( 171 kB)
[    0.000000]        .bss : 0xc0621000 - 0xc06462d4   ( 149 kB)
[    0.000000] NR_IRQS:16 nr_irqs:16 16
[    0.000000] Architected cp15 timer(s) running at 62.50MHz (virt).
[    0.000000] clocksource arch_sys_counter: mask: 0xffffffffffffff max_cycles: 0x1cd42e208c, max_idle_ns: 881590405314 ns
[    0.000110] sched_clock: 56 bits at 62MHz, resolution 16ns, wraps every 4398046511096ns
[    0.000197] Switching to timer-based delay loop, resolution 16ns
[    0.002320] Console: colour dummy device 80x30
[    0.002575] Calibrating delay loop (skipped), value calculated using timer frequency.. 125.00 BogoMIPS (lpj=625000)
[    0.002676] pid_max: default: 32768 minimum: 301
[    0.003415] Mount-cache hash table entries: 1024 (order: 0, 4096 bytes)
[    0.003446] Mountpoint-cache hash table entries: 1024 (order: 0, 4096 bytes)
[    0.008486] CPU: Testing write buffer coherency: ok
[    0.014555] Setting up static identity map for 0x40008240 - 0x40008298
[    0.026296] VFP support v0.3: implementor 41 architecture 4 part 30 variant f rev 0
[    0.035925] clocksource jiffies: mask: 0xffffffff max_cycles: 0xffffffff, max_idle_ns: 19112604462750000 ns
[    0.042571] NET: Registered protocol family 16
[    0.045106] DMA: preallocated 256 KiB pool for atomic coherent allocations
[    0.048085] cpuidle: using governor ladder
[    0.048190] cpuidle: using governor menu
[    0.050660] genirq: Setting trigger mode 1 for irq 20 failed (gic_set_type+0x0/0x48)
[    0.052092] genirq: Setting trigger mode 1 for irq 21 failed (gic_set_type+0x0/0x48)
[    0.052355] genirq: Setting trigger mode 1 for irq 22 failed (gic_set_type+0x0/0x48)
[    0.052617] genirq: Setting trigger mode 1 for irq 23 failed (gic_set_type+0x0/0x48)
[    0.053074] genirq: Setting trigger mode 1 for irq 24 failed (gic_set_type+0x0/0x48)
[    0.053320] genirq: Setting trigger mode 1 for irq 25 failed (gic_set_type+0x0/0x48)
[    0.053531] genirq: Setting trigger mode 1 for irq 26 failed (gic_set_type+0x0/0x48)
[    0.053740] genirq: Setting trigger mode 1 for irq 27 failed (gic_set_type+0x0/0x48)
[    0.054031] genirq: Setting trigger mode 1 for irq 28 failed (gic_set_type+0x0/0x48)
[    0.054294] genirq: Setting trigger mode 1 for irq 29 failed (gic_set_type+0x0/0x48)
[    0.054543] genirq: Setting trigger mode 1 for irq 30 failed (gic_set_type+0x0/0x48)
[    0.054797] genirq: Setting trigger mode 1 for irq 31 failed (gic_set_type+0x0/0x48)
[    0.055033] genirq: Setting trigger mode 1 for irq 32 failed (gic_set_type+0x0/0x48)
[    0.055299] genirq: Setting trigger mode 1 for irq 33 failed (gic_set_type+0x0/0x48)
[    0.055533] genirq: Setting trigger mode 1 for irq 34 failed (gic_set_type+0x0/0x48)
[    0.055766] genirq: Setting trigger mode 1 for irq 35 failed (gic_set_type+0x0/0x48)
[    0.056008] genirq: Setting trigger mode 1 for irq 36 failed (gic_set_type+0x0/0x48)
[    0.056252] genirq: Setting trigger mode 1 for irq 37 failed (gic_set_type+0x0/0x48)
[    0.056536] genirq: Setting trigger mode 1 for irq 38 failed (gic_set_type+0x0/0x48)
[    0.056788] genirq: Setting trigger mode 1 for irq 39 failed (gic_set_type+0x0/0x48)
[    0.057031] genirq: Setting trigger mode 1 for irq 40 failed (gic_set_type+0x0/0x48)
[    0.057278] genirq: Setting trigger mode 1 for irq 41 failed (gic_set_type+0x0/0x48)
[    0.057533] genirq: Setting trigger mode 1 for irq 42 failed (gic_set_type+0x0/0x48)
[    0.057787] genirq: Setting trigger mode 1 for irq 43 failed (gic_set_type+0x0/0x48)
[    0.058049] genirq: Setting trigger mode 1 for irq 44 failed (gic_set_type+0x0/0x48)
[    0.058312] genirq: Setting trigger mode 1 for irq 45 failed (gic_set_type+0x0/0x48)
[    0.058571] genirq: Setting trigger mode 1 for irq 46 failed (gic_set_type+0x0/0x48)
[    0.058859] genirq: Setting trigger mode 1 for irq 47 failed (gic_set_type+0x0/0x48)
[    0.059132] genirq: Setting trigger mode 1 for irq 48 failed (gic_set_type+0x0/0x48)
[    0.059384] genirq: Setting trigger mode 1 for irq 49 failed (gic_set_type+0x0/0x48)
[    0.059625] genirq: Setting trigger mode 1 for irq 50 failed (gic_set_type+0x0/0x48)
[    0.059867] genirq: Setting trigger mode 1 for irq 51 failed (gic_set_type+0x0/0x48)
[    0.060248] genirq: Setting trigger mode 1 for irq 52 failed (gic_set_type+0x0/0x48)
[    0.063379] Serial: AMBA PL011 UART driver
[    0.064890] 9000000.pl011: ttyS0 at MMIO 0x9000000 (irq = 52, base_baud = 0) is a PL011 rev1
[    0.115985] console [ttyS0] enabled
[    0.135468] vgaarb: loaded
[    0.137602] SCSI subsystem initialized
[    0.139225] usbcore: registered new interface driver usbfs
[    0.140468] usbcore: registered new interface driver hub
[    0.141664] usbcore: registered new device driver usb
[    0.149876] cfg80211: Calling CRDA to update world regulatory domain
[    0.152972] Switched to clocksource arch_sys_counter
[    0.168054] NET: Registered protocol family 2
[    0.173158] TCP established hash table entries: 2048 (order: 1, 8192 bytes)
[    0.174587] TCP bind hash table entries: 2048 (order: 1, 8192 bytes)
[    0.175954] TCP: Hash tables configured (established 2048 bind 2048)
[    0.177272] UDP hash table entries: 256 (order: 0, 4096 bytes)
[    0.178267] UDP-Lite hash table entries: 256 (order: 0, 4096 bytes)
[    0.180576] NET: Registered protocol family 1
[    0.181818] PCI: CLS 0 bytes, default 64
[    0.188554] NetWinder Floating Point Emulator V0.97 (extended precision)
[    0.191970] futex hash table entries: 256 (order: -1, 3072 bytes)
[    0.197253] squashfs: version 4.0 (2009/01/31) Phillip Lougher
[    0.199554] jffs2: version 2.2. (NAND) Â© 2001-2006 Red Hat, Inc.
[    0.201385] romfs: ROMFS MTD (C) 2007 Red Hat, Inc.
[    0.209041] Block layer SCSI generic (bsg) driver version 0.4 loaded (major 253)
[    0.210309] io scheduler noop registered
[    0.211190] io scheduler cfq registered (default)
[    0.212610] firmadyne: devfs: 1, execute: 1, procfs: 1, syscall: 0
[    0.215153] ------------[ cut here ]------------
[    0.216066] WARNING: CPU: 0 PID: 1 at /home/vagrant/firmadyne-kernel/kernel-v4.1/fs/sysfs/dir.c:31 sysfs_warn_dup+0x50/0x6c()
[    0.218103] sysfs: cannot create duplicate filename '/class/gpio'
[    0.219237] Modules linked in:
[    0.220073] CPU: 0 PID: 1 Comm: swapper Not tainted 4.1.17+ #1
[    0.221138] Hardware name: Generic DT based system
[    0.222599] [<c001c99c>] (unwind_backtrace) from [<c0019d30>] (show_stack+0x10/0x14)
[    0.224472] [<c0019d30>] (show_stack) from [<c0024ab4>] (warn_slowpath_common+0x80/0xa8)
[    0.226012] [<c0024ab4>] (warn_slowpath_common) from [<c0024b08>] (warn_slowpath_fmt+0x2c/0x3c)
[    0.227662] [<c0024b08>] (warn_slowpath_fmt) from [<c00e363c>] (sysfs_warn_dup+0x50/0x6c)
[    0.229165] [<c00e363c>] (sysfs_warn_dup) from [<c00e3714>] (sysfs_create_dir_ns+0x74/0x84)
[    0.230159] [<c00e3714>] (sysfs_create_dir_ns) from [<c018e6ac>] (kobject_add_internal+0xb8/0x2ac)
[    0.231061] [<c018e6ac>] (kobject_add_internal) from [<c018e9a8>] (kset_register+0x1c/0x44)
[    0.231934] [<c018e9a8>] (kset_register) from [<c02090b4>] (__class_register+0xa8/0x198)
[    0.232544] [<c02090b4>] (__class_register) from [<c02091e4>] (__class_create+0x40/0x70)
[    0.233291] [<c02091e4>] (__class_create) from [<c01adf68>] (register_devfs_stubs+0x314/0xbb4)
[    0.234108] [<c01adf68>] (register_devfs_stubs) from [<c05d9b08>] (init_module+0x28/0xa4)
[    0.235026] [<c05d9b08>] (init_module) from [<c0009670>] (do_one_initcall+0x104/0x1b4)
[    0.235844] [<c0009670>] (do_one_initcall) from [<c05c7d08>] (kernel_init_freeable+0xf0/0x1b0)
[    0.236351] [<c05c7d08>] (kernel_init_freeable) from [<c040f28c>] (kernel_init+0x8/0xe4)
[    0.237270] [<c040f28c>] (kernel_init) from [<c0016da8>] (ret_from_fork+0x14/0x2c)
[    0.238071] ---[ end trace 1cb4856d7a8466da ]---
[    0.238683] ------------[ cut here ]------------
[    0.239370] WARNING: CPU: 0 PID: 1 at /home/vagrant/firmadyne-kernel/kernel-v4.1/lib/kobject.c:240 kobject_add_internal+0x240/0x2ac()
[    0.240386] kobject_add_internal failed for gpio with -EEXIST, don't try to register things with the same name in the same directory.
[    0.241165] Modules linked in:
[    0.241637] CPU: 0 PID: 1 Comm: swapper Tainted: G        W       4.1.17+ #1
[    0.242369] Hardware name: Generic DT based system
[    0.242635] [<c001c99c>] (unwind_backtrace) from [<c0019d30>] (show_stack+0x10/0x14)
[    0.243712] [<c0019d30>] (show_stack) from [<c0024ab4>] (warn_slowpath_common+0x80/0xa8)
[    0.244604] [<c0024ab4>] (warn_slowpath_common) from [<c0024b08>] (warn_slowpath_fmt+0x2c/0x3c)
[    0.245308] [<c0024b08>] (warn_slowpath_fmt) from [<c018e834>] (kobject_add_internal+0x240/0x2ac)
[    0.246093] [<c018e834>] (kobject_add_internal) from [<c018e9a8>] (kset_register+0x1c/0x44)
[    0.246473] [<c018e9a8>] (kset_register) from [<c02090b4>] (__class_register+0xa8/0x198)
[    0.247410] [<c02090b4>] (__class_register) from [<c02091e4>] (__class_create+0x40/0x70)
[    0.248196] [<c02091e4>] (__class_create) from [<c01adf68>] (register_devfs_stubs+0x314/0xbb4)
[    0.248900] [<c01adf68>] (register_devfs_stubs) from [<c05d9b08>] (init_module+0x28/0xa4)
[    0.249486] [<c05d9b08>] (init_module) from [<c0009670>] (do_one_initcall+0x104/0x1b4)
[    0.250031] [<c0009670>] (do_one_initcall) from [<c05c7d08>] (kernel_init_freeable+0xf0/0x1b0)
[    0.250723] [<c05c7d08>] (kernel_init_freeable) from [<c040f28c>] (kernel_init+0x8/0xe4)
[    0.251461] [<c040f28c>] (kernel_init) from [<c0016da8>] (ret_from_fork+0x14/0x2c)
[    0.252305] ---[ end trace 1cb4856d7a8466db ]---
[    0.252648] firmadyne: Cannot create device class: gpio!
[    0.254810] firmadyne: Cannot register character device: watchdog, 0xa, 0x82!
[    0.256175] firmadyne: Cannot register character device: wdt, 0xfd, 0x0!
[    0.343439] Non-volatile memory driver v1.3
[    0.361803] brd: module loaded
[    0.370048] loop: module loaded
[    0.378764]  vda: vda1
[    0.383175] [nandsim] warning: read_byte: unexpected data output cycle, state is STATE_READY return 0x0
[    0.384887] [nandsim] warning: read_byte: unexpected data output cycle, state is STATE_READY return 0x0
[    0.386534] [nandsim] warning: read_byte: unexpected data output cycle, state is STATE_READY return 0x0
[    0.388164] [nandsim] warning: read_byte: unexpected data output cycle, state is STATE_READY return 0x0
[    0.389556] [nandsim] warning: read_byte: unexpected data output cycle, state is STATE_READY return 0x0
[    0.391170] [nandsim] warning: read_byte: unexpected data output cycle, state is STATE_READY return 0x0
[    0.392324] nand: device found, Manufacturer ID: 0x98, Chip ID: 0x39
[    0.393761] nand: Toshiba NAND 128MiB 1,8V 8-bit
[    0.394327] nand: 128 MiB, SLC, erase size: 16 KiB, page size: 512, OOB size: 16
[    0.395708] flash size: 128 MiB
[    0.396249] page size: 512 bytes
[    0.396751] OOB area size: 16 bytes
[    0.397283] sector size: 16 KiB
[    0.397771] pages number: 262144
[    0.398266] pages per sector: 32
[    0.398835] bus width: 8
[    0.399174] bits in sector size: 14
[    0.399419] bits in page size: 9
[    0.399842] bits in OOB size: 4
[    0.400133] flash size with OOB: 135168 KiB
[    0.400462] page address bytes: 4
[    0.400801] sector address bytes: 3
[    0.400982] options: 0x42
[    0.405259] Scanning device for bad blocks
[    0.505495] Creating 11 MTD partitions on "NAND 128MiB 1,8V 8-bit":
[    0.506869] 0x000000000000-0x000000100000 : "NAND simulator partition 0"
[    0.510433] 0x000000100000-0x000000200000 : "NAND simulator partition 1"
[    0.513011] 0x000000200000-0x000000300000 : "NAND simulator partition 2"
[    0.515263] 0x000000300000-0x000000400000 : "NAND simulator partition 3"
[    0.517476] 0x000000400000-0x000000500000 : "NAND simulator partition 4"
[    0.519775] 0x000000500000-0x000000600000 : "NAND simulator partition 5"
[    0.521912] 0x000000600000-0x000000700000 : "NAND simulator partition 6"
[    0.524481] 0x000000700000-0x000000800000 : "NAND simulator partition 7"
[    0.526652] 0x000000800000-0x000000900000 : "NAND simulator partition 8"
[    0.529359] 0x000000900000-0x000000a00000 : "NAND simulator partition 9"
[    0.531652] 0x000000a00000-0x000008000000 : "NAND simulator partition 10"
[    0.536639] tun: Universal TUN/TAP device driver, 1.6
[    0.537458] tun: (C) 1999-2004 Max Krasnyansky <maxk@qualcomm.com>
[    0.550329] PPP generic driver version 2.4.2
[    0.551808] PPP BSD Compression module registered
[    0.553011] PPP Deflate Compression module registered
[    0.553878] PPP MPPE Compression module registered
[    0.554719] NET: Registered protocol family 24
[    0.555787] PPTP driver version 0.8.5
[    0.556943] usbcore: registered new interface driver usb-storage
[    0.559273] hidraw: raw HID events driver (C) Jiri Kosina
[    0.560571] usbcore: registered new interface driver usbhid
[    0.561457] usbhid: USB HID core driver
[    0.562576] Netfilter messages via NETLINK v0.30.
[    0.564184] nf_conntrack version 0.5.0 (3958 buckets, 15832 max)
[    0.566118] ctnetlink v0.93: registering with nfnetlink.
[    0.568224] ipip: IPv4 over IPv4 tunneling driver
[    0.570469] gre: GRE over IPv4 demultiplexor driver
[    0.571487] ip_gre: GRE over IPv4 tunneling driver
[    0.576385] ip_tables: (C) 2000-2006 Netfilter Core Team
[    0.578444] arp_tables: (C) 2002 David S. Miller
[    0.580316] Initializing XFRM netlink socket
[    0.581396] NET: Registered protocol family 10
[    0.587697] ip6_tables: (C) 2000-2006 Netfilter Core Team
[    0.589774] sit: IPv6 over IPv4 tunneling driver
[    0.593684] NET: Registered protocol family 17
[    0.594922] bridge: automatic filtering via arp/ip/ip6tables has been deprecated. Update your scripts to load br_netfilter if you need this.
[    0.597111] Bridge firewalling registered
[    0.597759] Ebtables v2.0 registered
[    0.599347] 8021q: 802.1Q VLAN Support v1.8
[    0.600559] Registering SWP/SWPB emulation handler
[    0.603106] hctosys: unable to open rtc device (rtc0)
[    0.617299] UDF-fs: warning (device vda1): udf_fill_super: No partition found (2)
[    0.633086] UDF-fs: warning (device vda1): udf_fill_super: No partition found (2)
[    0.634340] List of all partitions:
[    0.635187] 0100            8192 ram0  (driver?)
[    0.636072] 0101            8192 ram1  (driver?)
[    0.636783] 0102            8192 ram2  (driver?)
[    0.637509] 0103            8192 ram3  (driver?)
[    0.638215] 0104            8192 ram4  (driver?)
[    0.639046] 0105            8192 ram5  (driver?)
[    0.639909] 0106            8192 ram6  (driver?)
[    0.640615] 0107            8192 ram7  (driver?)
[    0.641318] 0108            8192 ram8  (driver?)
[    0.642020] 0109            8192 ram9  (driver?)
[    0.643001] 010a            8192 ram10  (driver?)
[    0.643906] 010b            8192 ram11  (driver?)
[    0.644540] 010c            8192 ram12  (driver?)
[    0.644698] 010d            8192 ram13  (driver?)
[    0.645270] 010e            8192 ram14  (driver?)
[    0.645563] 010f            8192 ram15  (driver?)
[    0.646011] fe00         1048576 vda  driver: virtio_blk
[    0.646701]   fe01         1047552 vda1 d0391e04-01
[    0.647182] 1f00            1024 mtdblock0  (driver?)
[    0.647723] 1f01            1024 mtdblock1  (driver?)
[    0.647996] 1f02            1024 mtdblock2  (driver?)
[    0.648668] 1f03            1024 mtdblock3  (driver?)
[    0.648969] 1f04            1024 mtdblock4  (driver?)
[    0.649419] 1f05            1024 mtdblock5  (driver?)
[    0.649838] 1f06            1024 mtdblock6  (driver?)
[    0.650279] 1f07            1024 mtdblock7  (driver?)
[    0.650825] 1f08            1024 mtdblock8  (driver?)
[    0.651140] 1f09            1024 mtdblock9  (driver?)
[    0.651708] 1f0a          120832 mtdblock10  (driver?)
[    0.652353] No filesystem could mount root, tried:  ext3 ext2 ext4 cramfs squashfs vfat iso9660 romfs udf
[    0.653851] Kernel panic - not syncing: VFS: Unable to mount root fs on unknown-block(254,1)
[    0.654876] CPU: 0 PID: 1 Comm: swapper Tainted: G        W       4.1.17+ #1
[    0.655626] Hardware name: Generic DT based system
[    0.656072] [<c001c99c>] (unwind_backtrace) from [<c0019d30>] (show_stack+0x10/0x14)
[    0.656859] [<c0019d30>] (show_stack) from [<c0410b78>] (panic+0x70/0x1c8)
[    0.657387] [<c0410b78>] (panic) from [<c05c81bc>] (mount_block_root+0x268/0x2ac)
[    0.657863] [<c05c81bc>] (mount_block_root) from [<c05c84a4>] (prepare_namespace+0x158/0x1ac)
[    0.658593] [<c05c84a4>] (prepare_namespace) from [<c05c7d84>] (kernel_init_freeable+0x16c/0x1b0)
[    0.659720] [<c05c7d84>] (kernel_init_freeable) from [<c040f28c>] (kernel_init+0x8/0xe4)
[    0.660407] [<c040f28c>] (kernel_init) from [<c0016da8>] (ret_from_fork+0x14/0x2c)
[    0.661046] ---[ end Kernel panic - not syncing: VFS: Unable to mount root fs on unknown-block(254,1)
