[    0.000000] Booting Linux on physical CPU 0x0
[    0.000000] Linux version 4.1.17+ (vagrant@vagrant-ubuntu-trusty-64) (gcc version 5.3.0 (GCC) ) #1 Thu Feb 18 01:05:21 UTC 2016
[    0.000000] CPU: ARMv7 Processor [412fc0f1] revision 1 (ARMv7), cr=10c5387d
[    0.000000] CPU: PIPT / VIPT nonaliasing data cache, PIPT instruction cache
[    0.000000] Machine model: linux,dummy-virt
[    0.000000] debug: ignoring loglevel setting.
[    0.000000] Memory policy: Data cache writeback
[    0.000000] On node 0 totalpages: 65536
[    0.000000] free_area_init_node: node 0, pgdat c061dfe8, node_mem_map cfdf9000
[    0.000000]   Normal zone: 512 pages used for memmap
[    0.000000]   Normal zone: 0 pages reserved
[    0.000000]   Normal zone: 65536 pages, LIFO batch:15
[    0.000000] CPU: All CPU(s) started in SVC mode.
[    0.000000] pcpu-alloc: s0 r0 d32768 u32768 alloc=1*32768
[    0.000000] pcpu-alloc: [0] 0 
[    0.000000] Built 1 zonelists in Zone order, mobility grouping on.  Total pages: 65024
[    0.000000] Kernel command line: firmadyne.syscall=1 root=/dev/vda1 console=ttyS0 nandsim.parts=64,64,64,64,64,64,64,64,64,64 rdinit=/firmadyne/preInit.sh rw debug ignore_loglevel print-fatal-signals=1 user_debug=31
[    0.000000] PID hash table entries: 1024 (order: 0, 4096 bytes)
[    0.000000] Dentry cache hash table entries: 32768 (order: 5, 131072 bytes)
[    0.000000] Inode-cache hash table entries: 16384 (order: 4, 65536 bytes)
[    0.000000] Memory: 253344K/262144K available (4297K kernel code, 170K rwdata, 1584K rodata, 180K init, 148K bss, 8800K reserved, 0K cma-reserved)
[    0.000000] Virtual kernel memory layout:
[    0.000000]     vector  : 0xffff0000 - 0xffff1000   (   4 kB)
[    0.000000]     fixmap  : 0xffc00000 - 0xfff00000   (3072 kB)
[    0.000000]     vmalloc : 0xd0800000 - 0xff000000   ( 744 MB)
[    0.000000]     lowmem  : 0xc0000000 - 0xd0000000   ( 256 MB)
[    0.000000]     modules : 0xbf000000 - 0xc0000000   (  16 MB)
[    0.000000]       .text : 0xc0008000 - 0xc05c67bc   (5882 kB)
[    0.000000]       .init : 0xc05c7000 - 0xc05f4000   ( 180 kB)
[    0.000000]       .data : 0xc05f4000 - 0xc061e840   ( 171 kB)
[    0.000000]        .bss : 0xc0621000 - 0xc06462d4   ( 149 kB)
[    0.000000] NR_IRQS:16 nr_irqs:16 16
[    0.000000] Architected cp15 timer(s) running at 62.50MHz (virt).
[    0.000000] clocksource arch_sys_counter: mask: 0xffffffffffffff max_cycles: 0x1cd42e208c, max_idle_ns: 881590405314 ns
[    0.000135] sched_clock: 56 bits at 62MHz, resolution 16ns, wraps every 4398046511096ns
[    0.000252] Switching to timer-based delay loop, resolution 16ns
[    0.002890] Console: colour dummy device 80x30
[    0.003161] Calibrating delay loop (skipped), value calculated using timer frequency.. 125.00 BogoMIPS (lpj=625000)
[    0.003275] pid_max: default: 32768 minimum: 301
[    0.003977] Mount-cache hash table entries: 1024 (order: 0, 4096 bytes)
[    0.004003] Mountpoint-cache hash table entries: 1024 (order: 0, 4096 bytes)
[    0.011227] CPU: Testing write buffer coherency: ok
[    0.016034] Setting up static identity map for 0x40008240 - 0x40008298
[    0.027357] VFP support v0.3: implementor 41 architecture 4 part 30 variant f rev 0
[    0.037354] clocksource jiffies: mask: 0xffffffff max_cycles: 0xffffffff, max_idle_ns: 19112604462750000 ns
[    0.044483] NET: Registered protocol family 16
[    0.046941] DMA: preallocated 256 KiB pool for atomic coherent allocations
[    0.049711] cpuidle: using governor ladder
[    0.049818] cpuidle: using governor menu
[    0.052309] genirq: Setting trigger mode 1 for irq 20 failed (gic_set_type+0x0/0x48)
[    0.053906] genirq: Setting trigger mode 1 for irq 21 failed (gic_set_type+0x0/0x48)
[    0.054188] genirq: Setting trigger mode 1 for irq 22 failed (gic_set_type+0x0/0x48)
[    0.054473] genirq: Setting trigger mode 1 for irq 23 failed (gic_set_type+0x0/0x48)
[    0.054744] genirq: Setting trigger mode 1 for irq 24 failed (gic_set_type+0x0/0x48)
[    0.054992] genirq: Setting trigger mode 1 for irq 25 failed (gic_set_type+0x0/0x48)
[    0.055247] genirq: Setting trigger mode 1 for irq 26 failed (gic_set_type+0x0/0x48)
[    0.055487] genirq: Setting trigger mode 1 for irq 27 failed (gic_set_type+0x0/0x48)
[    0.055822] genirq: Setting trigger mode 1 for irq 28 failed (gic_set_type+0x0/0x48)
[    0.056080] genirq: Setting trigger mode 1 for irq 29 failed (gic_set_type+0x0/0x48)
[    0.056320] genirq: Setting trigger mode 1 for irq 30 failed (gic_set_type+0x0/0x48)
[    0.056569] genirq: Setting trigger mode 1 for irq 31 failed (gic_set_type+0x0/0x48)
[    0.056801] genirq: Setting trigger mode 1 for irq 32 failed (gic_set_type+0x0/0x48)
[    0.057039] genirq: Setting trigger mode 1 for irq 33 failed (gic_set_type+0x0/0x48)
[    0.057355] genirq: Setting trigger mode 1 for irq 34 failed (gic_set_type+0x0/0x48)
[    0.057589] genirq: Setting trigger mode 1 for irq 35 failed (gic_set_type+0x0/0x48)
[    0.057827] genirq: Setting trigger mode 1 for irq 36 failed (gic_set_type+0x0/0x48)
[    0.058066] genirq: Setting trigger mode 1 for irq 37 failed (gic_set_type+0x0/0x48)
[    0.058365] genirq: Setting trigger mode 1 for irq 38 failed (gic_set_type+0x0/0x48)
[    0.058641] genirq: Setting trigger mode 1 for irq 39 failed (gic_set_type+0x0/0x48)
[    0.058882] genirq: Setting trigger mode 1 for irq 40 failed (gic_set_type+0x0/0x48)
[    0.059126] genirq: Setting trigger mode 1 for irq 41 failed (gic_set_type+0x0/0x48)
[    0.059379] genirq: Setting trigger mode 1 for irq 42 failed (gic_set_type+0x0/0x48)
[    0.059595] genirq: Setting trigger mode 1 for irq 43 failed (gic_set_type+0x0/0x48)
[    0.059816] genirq: Setting trigger mode 1 for irq 44 failed (gic_set_type+0x0/0x48)
[    0.060079] genirq: Setting trigger mode 1 for irq 45 failed (gic_set_type+0x0/0x48)
[    0.060339] genirq: Setting trigger mode 1 for irq 46 failed (gic_set_type+0x0/0x48)
[    0.060627] genirq: Setting trigger mode 1 for irq 47 failed (gic_set_type+0x0/0x48)
[    0.060881] genirq: Setting trigger mode 1 for irq 48 failed (gic_set_type+0x0/0x48)
[    0.061150] genirq: Setting trigger mode 1 for irq 49 failed (gic_set_type+0x0/0x48)
[    0.061410] genirq: Setting trigger mode 1 for irq 50 failed (gic_set_type+0x0/0x48)
[    0.061648] genirq: Setting trigger mode 1 for irq 51 failed (gic_set_type+0x0/0x48)
[    0.062060] genirq: Setting trigger mode 1 for irq 52 failed (gic_set_type+0x0/0x48)
[    0.064936] Serial: AMBA PL011 UART driver
[    0.066654] 9000000.pl011: ttyS0 at MMIO 0x9000000 (irq = 52, base_baud = 0) is a PL011 rev1
[    0.087960] console [ttyS0] enabled
[    0.106137] vgaarb: loaded
[    0.107260] SCSI subsystem initialized
[    0.108026] usbcore: registered new interface driver usbfs
[    0.108348] usbcore: registered new interface driver hub
[    0.108653] usbcore: registered new device driver usb
[    0.115898] cfg80211: Calling CRDA to update world regulatory domain
[    0.117940] Switched to clocksource arch_sys_counter
[    0.131928] NET: Registered protocol family 2
[    0.135961] TCP established hash table entries: 2048 (order: 1, 8192 bytes)
[    0.136274] TCP bind hash table entries: 2048 (order: 1, 8192 bytes)
[    0.136606] TCP: Hash tables configured (established 2048 bind 2048)
[    0.137099] UDP hash table entries: 256 (order: 0, 4096 bytes)
[    0.137432] UDP-Lite hash table entries: 256 (order: 0, 4096 bytes)
[    0.138920] NET: Registered protocol family 1
[    0.139316] PCI: CLS 0 bytes, default 64
[    0.145328] NetWinder Floating Point Emulator V0.97 (extended precision)
[    0.147439] futex hash table entries: 256 (order: -1, 3072 bytes)
[    0.151835] squashfs: version 4.0 (2009/01/31) Phillip Lougher
[    0.152822] jffs2: version 2.2. (NAND) Â© 2001-2006 Red Hat, Inc.
[    0.153632] romfs: ROMFS MTD (C) 2007 Red Hat, Inc.
[    0.160640] Block layer SCSI generic (bsg) driver version 0.4 loaded (major 253)
[    0.160979] io scheduler noop registered
[    0.161263] io scheduler cfq registered (default)
[    0.161930] firmadyne: devfs: 1, execute: 1, procfs: 1, syscall: 1
[    0.163020] ------------[ cut here ]------------
[    0.163202] WARNING: CPU: 0 PID: 1 at /home/vagrant/firmadyne-kernel/kernel-v4.1/fs/sysfs/dir.c:31 sysfs_warn_dup+0x50/0x6c()
[    0.163556] sysfs: cannot create duplicate filename '/class/gpio'
[    0.163776] Modules linked in:
[    0.164074] CPU: 0 PID: 1 Comm: swapper Not tainted 4.1.17+ #1
[    0.164299] Hardware name: Generic DT based system
[    0.164993] [<c001c99c>] (unwind_backtrace) from [<c0019d30>] (show_stack+0x10/0x14)
[    0.165387] [<c0019d30>] (show_stack) from [<c0024ab4>] (warn_slowpath_common+0x80/0xa8)
[    0.165721] [<c0024ab4>] (warn_slowpath_common) from [<c0024b08>] (warn_slowpath_fmt+0x2c/0x3c)
[    0.166091] [<c0024b08>] (warn_slowpath_fmt) from [<c00e363c>] (sysfs_warn_dup+0x50/0x6c)
[    0.166404] [<c00e363c>] (sysfs_warn_dup) from [<c00e3714>] (sysfs_create_dir_ns+0x74/0x84)
[    0.166692] [<c00e3714>] (sysfs_create_dir_ns) from [<c018e6ac>] (kobject_add_internal+0xb8/0x2ac)
[    0.166978] [<c018e6ac>] (kobject_add_internal) from [<c018e9a8>] (kset_register+0x1c/0x44)
[    0.167249] [<c018e9a8>] (kset_register) from [<c02090b4>] (__class_register+0xa8/0x198)
[    0.167509] [<c02090b4>] (__class_register) from [<c02091e4>] (__class_create+0x40/0x70)
[    0.167966] [<c02091e4>] (__class_create) from [<c01adf68>] (register_devfs_stubs+0x314/0xbb4)
[    0.168252] [<c01adf68>] (register_devfs_stubs) from [<c05d9b08>] (init_module+0x28/0xa4)
[    0.168551] [<c05d9b08>] (init_module) from [<c0009670>] (do_one_initcall+0x104/0x1b4)
[    0.168818] [<c0009670>] (do_one_initcall) from [<c05c7d08>] (kernel_init_freeable+0xf0/0x1b0)
[    0.169137] [<c05c7d08>] (kernel_init_freeable) from [<c040f28c>] (kernel_init+0x8/0xe4)
[    0.169443] [<c040f28c>] (kernel_init) from [<c0016da8>] (ret_from_fork+0x14/0x2c)
[    0.169800] ---[ end trace f89c3a80ebb1d03c ]---
[    0.170053] ------------[ cut here ]------------
[    0.170239] WARNING: CPU: 0 PID: 1 at /home/vagrant/firmadyne-kernel/kernel-v4.1/lib/kobject.c:240 kobject_add_internal+0x240/0x2ac()
[    0.170628] kobject_add_internal failed for gpio with -EEXIST, don't try to register things with the same name in the same directory.
[    0.170994] Modules linked in:
[    0.171153] CPU: 0 PID: 1 Comm: swapper Tainted: G        W       4.1.17+ #1
[    0.171370] Hardware name: Generic DT based system
[    0.171539] [<c001c99c>] (unwind_backtrace) from [<c0019d30>] (show_stack+0x10/0x14)
[    0.171798] [<c0019d30>] (show_stack) from [<c0024ab4>] (warn_slowpath_common+0x80/0xa8)
[    0.172063] [<c0024ab4>] (warn_slowpath_common) from [<c0024b08>] (warn_slowpath_fmt+0x2c/0x3c)
[    0.172345] [<c0024b08>] (warn_slowpath_fmt) from [<c018e834>] (kobject_add_internal+0x240/0x2ac)
[    0.172629] [<c018e834>] (kobject_add_internal) from [<c018e9a8>] (kset_register+0x1c/0x44)
[    0.172903] [<c018e9a8>] (kset_register) from [<c02090b4>] (__class_register+0xa8/0x198)
[    0.173209] [<c02090b4>] (__class_register) from [<c02091e4>] (__class_create+0x40/0x70)
[    0.173515] [<c02091e4>] (__class_create) from [<c01adf68>] (register_devfs_stubs+0x314/0xbb4)
[    0.173844] [<c01adf68>] (register_devfs_stubs) from [<c05d9b08>] (init_module+0x28/0xa4)
[    0.174151] [<c05d9b08>] (init_module) from [<c0009670>] (do_one_initcall+0x104/0x1b4)
[    0.174460] [<c0009670>] (do_one_initcall) from [<c05c7d08>] (kernel_init_freeable+0xf0/0x1b0)
[    0.174757] [<c05c7d08>] (kernel_init_freeable) from [<c040f28c>] (kernel_init+0x8/0xe4)
[    0.175017] [<c040f28c>] (kernel_init) from [<c0016da8>] (ret_from_fork+0x14/0x2c)
[    0.175264] ---[ end trace f89c3a80ebb1d03d ]---
[    0.175453] firmadyne: Cannot create device class: gpio!
[    0.176671] firmadyne: Cannot register character device: watchdog, 0xa, 0x82!
[    0.176926] firmadyne: Cannot register character device: wdt, 0xfd, 0x0!
[    0.263892] Non-volatile memory driver v1.3
[    0.281606] brd: module loaded
[    0.289457] loop: module loaded
[    0.297874]  vda: vda1
[    0.301432] [nandsim] warning: read_byte: unexpected data output cycle, state is STATE_READY return 0x0
[    0.301802] [nandsim] warning: read_byte: unexpected data output cycle, state is STATE_READY return 0x0
[    0.302143] [nandsim] warning: read_byte: unexpected data output cycle, state is STATE_READY return 0x0
[    0.302448] [nandsim] warning: read_byte: unexpected data output cycle, state is STATE_READY return 0x0
[    0.302734] [nandsim] warning: read_byte: unexpected data output cycle, state is STATE_READY return 0x0
[    0.303019] [nandsim] warning: read_byte: unexpected data output cycle, state is STATE_READY return 0x0
[    0.303501] nand: device found, Manufacturer ID: 0x98, Chip ID: 0x39
[    0.303717] nand: Toshiba NAND 128MiB 1,8V 8-bit
[    0.303886] nand: 128 MiB, SLC, erase size: 16 KiB, page size: 512, OOB size: 16
[    0.304719] flash size: 128 MiB
[    0.304836] page size: 512 bytes
[    0.304948] OOB area size: 16 bytes
[    0.305076] sector size: 16 KiB
[    0.305188] pages number: 262144
[    0.305297] pages per sector: 32
[    0.305427] bus width: 8
[    0.305535] bits in sector size: 14
[    0.305671] bits in page size: 9
[    0.305802] bits in OOB size: 4
[    0.305931] flash size with OOB: 135168 KiB
[    0.306091] page address bytes: 4
[    0.306220] sector address bytes: 3
[    0.306356] options: 0x42
[    0.310775] Scanning device for bad blocks
[    0.427185] Creating 11 MTD partitions on "NAND 128MiB 1,8V 8-bit":
[    0.427618] 0x000000000000-0x000000100000 : "NAND simulator partition 0"
[    0.430431] 0x000000100000-0x000000200000 : "NAND simulator partition 1"
[    0.431747] 0x000000200000-0x000000300000 : "NAND simulator partition 2"
[    0.433096] 0x000000300000-0x000000400000 : "NAND simulator partition 3"
[    0.434434] 0x000000400000-0x000000500000 : "NAND simulator partition 4"
[    0.435557] 0x000000500000-0x000000600000 : "NAND simulator partition 5"
[    0.436734] 0x000000600000-0x000000700000 : "NAND simulator partition 6"
[    0.438340] 0x000000700000-0x000000800000 : "NAND simulator partition 7"
[    0.439619] 0x000000800000-0x000000900000 : "NAND simulator partition 8"
[    0.440877] 0x000000900000-0x000000a00000 : "NAND simulator partition 9"
[    0.442113] 0x000000a00000-0x000008000000 : "NAND simulator partition 10"
[    0.445753] tun: Universal TUN/TAP device driver, 1.6
[    0.445929] tun: (C) 1999-2004 Max Krasnyansky <maxk@qualcomm.com>
[    0.464678] PPP generic driver version 2.4.2
[    0.465398] PPP BSD Compression module registered
[    0.465629] PPP Deflate Compression module registered
[    0.465905] PPP MPPE Compression module registered
[    0.466136] NET: Registered protocol family 24
[    0.466452] PPTP driver version 0.8.5
[    0.467221] usbcore: registered new interface driver usb-storage
[    0.468791] hidraw: raw HID events driver (C) Jiri Kosina
[    0.469330] usbcore: registered new interface driver usbhid
[    0.469559] usbhid: USB HID core driver
[    0.470014] Netfilter messages via NETLINK v0.30.
[    0.470617] nf_conntrack version 0.5.0 (3958 buckets, 15832 max)
[    0.471766] ctnetlink v0.93: registering with nfnetlink.
[    0.472983] ipip: IPv4 over IPv4 tunneling driver
[    0.474877] gre: GRE over IPv4 demultiplexor driver
[    0.475109] ip_gre: GRE over IPv4 tunneling driver
[    0.479443] ip_tables: (C) 2000-2006 Netfilter Core Team
[    0.480801] arp_tables: (C) 2002 David S. Miller
[    0.481734] Initializing XFRM netlink socket
[    0.482173] NET: Registered protocol family 10
[    0.488258] ip6_tables: (C) 2000-2006 Netfilter Core Team
[    0.489760] sit: IPv6 over IPv4 tunneling driver
[    0.492861] NET: Registered protocol family 17
[    0.493486] bridge: automatic filtering via arp/ip/ip6tables has been deprecated. Update your scripts to load br_netfilter if you need this.
[    0.494024] Bridge firewalling registered
[    0.494233] Ebtables v2.0 registered
[    0.495163] 8021q: 802.1Q VLAN Support v1.8
[    0.495877] Registering SWP/SWPB emulation handler
[    0.497568] hctosys: unable to open rtc device (rtc0)
[    0.512889] UDF-fs: warning (device vda1): udf_fill_super: No partition found (2)
[    0.528438] UDF-fs: warning (device vda1): udf_fill_super: No partition found (2)
[    0.528761] List of all partitions:
[    0.529001] 0100            8192 ram0  (driver?)
[    0.529249] 0101            8192 ram1  (driver?)
[    0.529444] 0102            8192 ram2  (driver?)
[    0.529629] 0103            8192 ram3  (driver?)
[    0.529813] 0104            8192 ram4  (driver?)
[    0.529996] 0105            8192 ram5  (driver?)
[    0.530180] 0106            8192 ram6  (driver?)
[    0.530360] 0107            8192 ram7  (driver?)
[    0.530534] 0108            8192 ram8  (driver?)
[    0.530690] 0109            8192 ram9  (driver?)
[    0.530846] 010a            8192 ram10  (driver?)
[    0.531004] 010b            8192 ram11  (driver?)
[    0.531162] 010c            8192 ram12  (driver?)
[    0.531319] 010d            8192 ram13  (driver?)
[    0.531482] 010e            8192 ram14  (driver?)
[    0.531639] 010f            8192 ram15  (driver?)
[    0.531802] fe00         1048576 vda  driver: virtio_blk
[    0.531997]   fe01         1047552 vda1 7942d949-01
[    0.532183] 1f00            1024 mtdblock0  (driver?)
[    0.532390] 1f01            1024 mtdblock1  (driver?)
[    0.532595] 1f02            1024 mtdblock2  (driver?)
[    0.532793] 1f03            1024 mtdblock3  (driver?)
[    0.532993] 1f04            1024 mtdblock4  (driver?)
[    0.533209] 1f05            1024 mtdblock5  (driver?)
[    0.533413] 1f06            1024 mtdblock6  (driver?)
[    0.533614] 1f07            1024 mtdblock7  (driver?)
[    0.533812] 1f08            1024 mtdblock8  (driver?)
[    0.534011] 1f09            1024 mtdblock9  (driver?)
[    0.534209] 1f0a          120832 mtdblock10  (driver?)
[    0.534424] No filesystem could mount root, tried:  ext3 ext2 ext4 cramfs squashfs vfat iso9660 romfs udf
[    0.534896] Kernel panic - not syncing: VFS: Unable to mount root fs on unknown-block(254,1)
[    0.535182] CPU: 0 PID: 1 Comm: swapper Tainted: G        W       4.1.17+ #1
[    0.535401] Hardware name: Generic DT based system
[    0.535596] [<c001c99c>] (unwind_backtrace) from [<c0019d30>] (show_stack+0x10/0x14)
[    0.535852] [<c0019d30>] (show_stack) from [<c0410b78>] (panic+0x70/0x1c8)
[    0.536127] [<c0410b78>] (panic) from [<c05c81bc>] (mount_block_root+0x268/0x2ac)
[    0.536420] [<c05c81bc>] (mount_block_root) from [<c05c84a4>] (prepare_namespace+0x158/0x1ac)
[    0.536751] [<c05c84a4>] (prepare_namespace) from [<c05c7d84>] (kernel_init_freeable+0x16c/0x1b0)
[    0.537049] [<c05c7d84>] (kernel_init_freeable) from [<c040f28c>] (kernel_init+0x8/0xe4)
[    0.537315] [<c040f28c>] (kernel_init) from [<c0016da8>] (ret_from_fork+0x14/0x2c)
[    0.537789] ---[ end Kernel panic - not syncing: VFS: Unable to mount root fs on unknown-block(254,1)
