[    0.000000] Booting Linux on physical CPU 0x0
[    0.000000] Linux version 4.1.17+ (vagrant@vagrant-ubuntu-trusty-64) (gcc version 5.3.0 (GCC) ) #1 Thu Feb 18 01:05:21 UTC 2016
[    0.000000] CPU: ARMv7 Processor [412fc0f1] revision 1 (ARMv7), cr=10c5387d
[    0.000000] CPU: PIPT / VIPT nonaliasing data cache, PIPT instruction cache
[    0.000000] Machine model: linux,dummy-virt
[    0.000000] debug: ignoring loglevel setting.
[    0.000000] Memory policy: Data cache writeback
[    0.000000] On node 0 totalpages: 65536
[    0.000000] free_area_init_node: node 0, pgdat c061dfe8, node_mem_map cfdf9000
[    0.000000]   Normal zone: 512 pages used for memmap
[    0.000000]   Normal zone: 0 pages reserved
[    0.000000]   Normal zone: 65536 pages, LIFO batch:15
[    0.000000] CPU: All CPU(s) started in SVC mode.
[    0.000000] pcpu-alloc: s0 r0 d32768 u32768 alloc=1*32768
[    0.000000] pcpu-alloc: [0] 0 
[    0.000000] Built 1 zonelists in Zone order, mobility grouping on.  Total pages: 65024
[    0.000000] Kernel command line: firmadyne.syscall=1 root=/dev/vda1 console=ttyS0 nandsim.parts=64,64,64,64,64,64,64,64,64,64 rdinit=/firmadyne/preInit.sh rw debug ignore_loglevel print-fatal-signals=1 user_debug=31
[    0.000000] PID hash table entries: 1024 (order: 0, 4096 bytes)
[    0.000000] Dentry cache hash table entries: 32768 (order: 5, 131072 bytes)
[    0.000000] Inode-cache hash table entries: 16384 (order: 4, 65536 bytes)
[    0.000000] Memory: 253344K/262144K available (4297K kernel code, 170K rwdata, 1584K rodata, 180K init, 148K bss, 8800K reserved, 0K cma-reserved)
[    0.000000] Virtual kernel memory layout:
[    0.000000]     vector  : 0xffff0000 - 0xffff1000   (   4 kB)
[    0.000000]     fixmap  : 0xffc00000 - 0xfff00000   (3072 kB)
[    0.000000]     vmalloc : 0xd0800000 - 0xff000000   ( 744 MB)
[    0.000000]     lowmem  : 0xc0000000 - 0xd0000000   ( 256 MB)
[    0.000000]     modules : 0xbf000000 - 0xc0000000   (  16 MB)
[    0.000000]       .text : 0xc0008000 - 0xc05c67bc   (5882 kB)
[    0.000000]       .init : 0xc05c7000 - 0xc05f4000   ( 180 kB)
[    0.000000]       .data : 0xc05f4000 - 0xc061e840   ( 171 kB)
[    0.000000]        .bss : 0xc0621000 - 0xc06462d4   ( 149 kB)
[    0.000000] NR_IRQS:16 nr_irqs:16 16
[    0.000000] Architected cp15 timer(s) running at 62.50MHz (virt).
[    0.000000] clocksource arch_sys_counter: mask: 0xffffffffffffff max_cycles: 0x1cd42e208c, max_idle_ns: 881590405314 ns
[    0.000127] sched_clock: 56 bits at 62MHz, resolution 16ns, wraps every 4398046511096ns
[    0.000214] Switching to timer-based delay loop, resolution 16ns
[    0.002270] Console: colour dummy device 80x30
[    0.002477] Calibrating delay loop (skipped), value calculated using timer frequency.. 125.00 BogoMIPS (lpj=625000)
[    0.002558] pid_max: default: 32768 minimum: 301
[    0.003154] Mount-cache hash table entries: 1024 (order: 0, 4096 bytes)
[    0.003177] Mountpoint-cache hash table entries: 1024 (order: 0, 4096 bytes)
[    0.007881] CPU: Testing write buffer coherency: ok
[    0.013629] Setting up static identity map for 0x40008240 - 0x40008298
[    0.023210] VFP support v0.3: implementor 41 architecture 4 part 30 variant f rev 0
[    0.029915] clocksource jiffies: mask: 0xffffffff max_cycles: 0xffffffff, max_idle_ns: 19112604462750000 ns
[    0.038097] NET: Registered protocol family 16
[    0.040350] DMA: preallocated 256 KiB pool for atomic coherent allocations
[    0.043170] cpuidle: using governor ladder
[    0.043277] cpuidle: using governor menu
[    0.045873] genirq: Setting trigger mode 1 for irq 20 failed (gic_set_type+0x0/0x48)
[    0.047091] genirq: Setting trigger mode 1 for irq 21 failed (gic_set_type+0x0/0x48)
[    0.047315] genirq: Setting trigger mode 1 for irq 22 failed (gic_set_type+0x0/0x48)
[    0.047535] genirq: Setting trigger mode 1 for irq 23 failed (gic_set_type+0x0/0x48)
[    0.047758] genirq: Setting trigger mode 1 for irq 24 failed (gic_set_type+0x0/0x48)
[    0.047968] genirq: Setting trigger mode 1 for irq 25 failed (gic_set_type+0x0/0x48)
[    0.048180] genirq: Setting trigger mode 1 for irq 26 failed (gic_set_type+0x0/0x48)
[    0.048383] genirq: Setting trigger mode 1 for irq 27 failed (gic_set_type+0x0/0x48)
[    0.048666] genirq: Setting trigger mode 1 for irq 28 failed (gic_set_type+0x0/0x48)
[    0.048880] genirq: Setting trigger mode 1 for irq 29 failed (gic_set_type+0x0/0x48)
[    0.049078] genirq: Setting trigger mode 1 for irq 30 failed (gic_set_type+0x0/0x48)
[    0.049288] genirq: Setting trigger mode 1 for irq 31 failed (gic_set_type+0x0/0x48)
[    0.049491] genirq: Setting trigger mode 1 for irq 32 failed (gic_set_type+0x0/0x48)
[    0.049680] genirq: Setting trigger mode 1 for irq 33 failed (gic_set_type+0x0/0x48)
[    0.049861] genirq: Setting trigger mode 1 for irq 34 failed (gic_set_type+0x0/0x48)
[    0.050042] genirq: Setting trigger mode 1 for irq 35 failed (gic_set_type+0x0/0x48)
[    0.050230] genirq: Setting trigger mode 1 for irq 36 failed (gic_set_type+0x0/0x48)
[    0.050420] genirq: Setting trigger mode 1 for irq 37 failed (gic_set_type+0x0/0x48)
[    0.050640] genirq: Setting trigger mode 1 for irq 38 failed (gic_set_type+0x0/0x48)
[    0.050838] genirq: Setting trigger mode 1 for irq 39 failed (gic_set_type+0x0/0x48)
[    0.051046] genirq: Setting trigger mode 1 for irq 40 failed (gic_set_type+0x0/0x48)
[    0.051241] genirq: Setting trigger mode 1 for irq 41 failed (gic_set_type+0x0/0x48)
[    0.051442] genirq: Setting trigger mode 1 for irq 42 failed (gic_set_type+0x0/0x48)
[    0.051640] genirq: Setting trigger mode 1 for irq 43 failed (gic_set_type+0x0/0x48)
[    0.051844] genirq: Setting trigger mode 1 for irq 44 failed (gic_set_type+0x0/0x48)
[    0.052080] genirq: Setting trigger mode 1 for irq 45 failed (gic_set_type+0x0/0x48)
[    0.052289] genirq: Setting trigger mode 1 for irq 46 failed (gic_set_type+0x0/0x48)
[    0.052531] genirq: Setting trigger mode 1 for irq 47 failed (gic_set_type+0x0/0x48)
[    0.052957] genirq: Setting trigger mode 1 for irq 48 failed (gic_set_type+0x0/0x48)
[    0.053174] genirq: Setting trigger mode 1 for irq 49 failed (gic_set_type+0x0/0x48)
[    0.053391] genirq: Setting trigger mode 1 for irq 50 failed (gic_set_type+0x0/0x48)
[    0.053582] genirq: Setting trigger mode 1 for irq 51 failed (gic_set_type+0x0/0x48)
[    0.053932] genirq: Setting trigger mode 1 for irq 52 failed (gic_set_type+0x0/0x48)
[    0.056633] Serial: AMBA PL011 UART driver
[    0.058115] 9000000.pl011: ttyS0 at MMIO 0x9000000 (irq = 52, base_baud = 0) is a PL011 rev1
[    0.076245] console [ttyS0] enabled
[    0.091827] vgaarb: loaded
[    0.092911] SCSI subsystem initialized
[    0.093864] usbcore: registered new interface driver usbfs
[    0.094169] usbcore: registered new interface driver hub
[    0.094448] usbcore: registered new device driver usb
[    0.100472] cfg80211: Calling CRDA to update world regulatory domain
[    0.102108] Switched to clocksource arch_sys_counter
[    0.113726] NET: Registered protocol family 2
[    0.117223] TCP established hash table entries: 2048 (order: 1, 8192 bytes)
[    0.117520] TCP bind hash table entries: 2048 (order: 1, 8192 bytes)
[    0.117844] TCP: Hash tables configured (established 2048 bind 2048)
[    0.118292] UDP hash table entries: 256 (order: 0, 4096 bytes)
[    0.118557] UDP-Lite hash table entries: 256 (order: 0, 4096 bytes)
[    0.119583] NET: Registered protocol family 1
[    0.119926] PCI: CLS 0 bytes, default 64
[    0.124999] NetWinder Floating Point Emulator V0.97 (extended precision)
[    0.126717] futex hash table entries: 256 (order: -1, 3072 bytes)
[    0.130311] squashfs: version 4.0 (2009/01/31) Phillip Lougher
[    0.131076] jffs2: version 2.2. (NAND) Â© 2001-2006 Red Hat, Inc.
[    0.131678] romfs: ROMFS MTD (C) 2007 Red Hat, Inc.
[    0.137830] Block layer SCSI generic (bsg) driver version 0.4 loaded (major 253)
[    0.138208] io scheduler noop registered
[    0.138461] io scheduler cfq registered (default)
[    0.139096] firmadyne: devfs: 1, execute: 1, procfs: 1, syscall: 1
[    0.140032] ------------[ cut here ]------------
[    0.140207] WARNING: CPU: 0 PID: 1 at /home/vagrant/firmadyne-kernel/kernel-v4.1/fs/sysfs/dir.c:31 sysfs_warn_dup+0x50/0x6c()
[    0.140553] sysfs: cannot create duplicate filename '/class/gpio'
[    0.140762] Modules linked in:
[    0.141022] CPU: 0 PID: 1 Comm: swapper Not tainted 4.1.17+ #1
[    0.141210] Hardware name: Generic DT based system
[    0.141756] [<c001c99c>] (unwind_backtrace) from [<c0019d30>] (show_stack+0x10/0x14)
[    0.142233] [<c0019d30>] (show_stack) from [<c0024ab4>] (warn_slowpath_common+0x80/0xa8)
[    0.142492] [<c0024ab4>] (warn_slowpath_common) from [<c0024b08>] (warn_slowpath_fmt+0x2c/0x3c)
[    0.142785] [<c0024b08>] (warn_slowpath_fmt) from [<c00e363c>] (sysfs_warn_dup+0x50/0x6c)
[    0.143036] [<c00e363c>] (sysfs_warn_dup) from [<c00e3714>] (sysfs_create_dir_ns+0x74/0x84)
[    0.143282] [<c00e3714>] (sysfs_create_dir_ns) from [<c018e6ac>] (kobject_add_internal+0xb8/0x2ac)
[    0.143545] [<c018e6ac>] (kobject_add_internal) from [<c018e9a8>] (kset_register+0x1c/0x44)
[    0.143790] [<c018e9a8>] (kset_register) from [<c02090b4>] (__class_register+0xa8/0x198)
[    0.144055] [<c02090b4>] (__class_register) from [<c02091e4>] (__class_create+0x40/0x70)
[    0.144311] [<c02091e4>] (__class_create) from [<c01adf68>] (register_devfs_stubs+0x314/0xbb4)
[    0.144584] [<c01adf68>] (register_devfs_stubs) from [<c05d9b08>] (init_module+0x28/0xa4)
[    0.144862] [<c05d9b08>] (init_module) from [<c0009670>] (do_one_initcall+0x104/0x1b4)
[    0.145114] [<c0009670>] (do_one_initcall) from [<c05c7d08>] (kernel_init_freeable+0xf0/0x1b0)
[    0.145384] [<c05c7d08>] (kernel_init_freeable) from [<c040f28c>] (kernel_init+0x8/0xe4)
[    0.145644] [<c040f28c>] (kernel_init) from [<c0016da8>] (ret_from_fork+0x14/0x2c)
[    0.145911] ---[ end trace c3376ba10daf82e5 ]---
[    0.146104] ------------[ cut here ]------------
[    0.146249] WARNING: CPU: 0 PID: 1 at /home/vagrant/firmadyne-kernel/kernel-v4.1/lib/kobject.c:240 kobject_add_internal+0x240/0x2ac()
[    0.146579] kobject_add_internal failed for gpio with -EEXIST, don't try to register things with the same name in the same directory.
[    0.146905] Modules linked in:
[    0.147059] CPU: 0 PID: 1 Comm: swapper Tainted: G        W       4.1.17+ #1
[    0.147259] Hardware name: Generic DT based system
[    0.147414] [<c001c99c>] (unwind_backtrace) from [<c0019d30>] (show_stack+0x10/0x14)
[    0.147645] [<c0019d30>] (show_stack) from [<c0024ab4>] (warn_slowpath_common+0x80/0xa8)
[    0.147887] [<c0024ab4>] (warn_slowpath_common) from [<c0024b08>] (warn_slowpath_fmt+0x2c/0x3c)
[    0.148210] [<c0024b08>] (warn_slowpath_fmt) from [<c018e834>] (kobject_add_internal+0x240/0x2ac)
[    0.148533] [<c018e834>] (kobject_add_internal) from [<c018e9a8>] (kset_register+0x1c/0x44)
[    0.148839] [<c018e9a8>] (kset_register) from [<c02090b4>] (__class_register+0xa8/0x198)
[    0.149135] [<c02090b4>] (__class_register) from [<c02091e4>] (__class_create+0x40/0x70)
[    0.149420] [<c02091e4>] (__class_create) from [<c01adf68>] (register_devfs_stubs+0x314/0xbb4)
[    0.149674] [<c01adf68>] (register_devfs_stubs) from [<c05d9b08>] (init_module+0x28/0xa4)
[    0.149913] [<c05d9b08>] (init_module) from [<c0009670>] (do_one_initcall+0x104/0x1b4)
[    0.150148] [<c0009670>] (do_one_initcall) from [<c05c7d08>] (kernel_init_freeable+0xf0/0x1b0)
[    0.150398] [<c05c7d08>] (kernel_init_freeable) from [<c040f28c>] (kernel_init+0x8/0xe4)
[    0.150633] [<c040f28c>] (kernel_init) from [<c0016da8>] (ret_from_fork+0x14/0x2c)
[    0.150856] ---[ end trace c3376ba10daf82e6 ]---
[    0.151512] firmadyne: Cannot create device class: gpio!
[    0.152873] firmadyne: Cannot register character device: watchdog, 0xa, 0x82!
[    0.153117] firmadyne: Cannot register character device: wdt, 0xfd, 0x0!
[    0.235507] Non-volatile memory driver v1.3
[    0.251194] brd: module loaded
[    0.258167] loop: module loaded
[    0.264732]  vda: vda1
[    0.267815] [nandsim] warning: read_byte: unexpected data output cycle, state is STATE_READY return 0x0
[    0.268177] [nandsim] warning: read_byte: unexpected data output cycle, state is STATE_READY return 0x0
[    0.268509] [nandsim] warning: read_byte: unexpected data output cycle, state is STATE_READY return 0x0
[    0.268837] [nandsim] warning: read_byte: unexpected data output cycle, state is STATE_READY return 0x0
[    0.269131] [nandsim] warning: read_byte: unexpected data output cycle, state is STATE_READY return 0x0
[    0.269413] [nandsim] warning: read_byte: unexpected data output cycle, state is STATE_READY return 0x0
[    0.269872] nand: device found, Manufacturer ID: 0x98, Chip ID: 0x39
[    0.270083] nand: Toshiba NAND 128MiB 1,8V 8-bit
[    0.270248] nand: 128 MiB, SLC, erase size: 16 KiB, page size: 512, OOB size: 16
[    0.270984] flash size: 128 MiB
[    0.271087] page size: 512 bytes
[    0.271188] OOB area size: 16 bytes
[    0.271295] sector size: 16 KiB
[    0.271392] pages number: 262144
[    0.271492] pages per sector: 32
[    0.271590] bus width: 8
[    0.271671] bits in sector size: 14
[    0.271776] bits in page size: 9
[    0.271878] bits in OOB size: 4
[    0.272154] flash size with OOB: 135168 KiB
[    0.272287] page address bytes: 4
[    0.272389] sector address bytes: 3
[    0.272496] options: 0x42
[    0.275866] Scanning device for bad blocks
[    0.383259] Creating 11 MTD partitions on "NAND 128MiB 1,8V 8-bit":
[    0.383645] 0x000000000000-0x000000100000 : "NAND simulator partition 0"
[    0.385891] 0x000000100000-0x000000200000 : "NAND simulator partition 1"
[    0.387035] 0x000000200000-0x000000300000 : "NAND simulator partition 2"
[    0.388105] 0x000000300000-0x000000400000 : "NAND simulator partition 3"
[    0.389189] 0x000000400000-0x000000500000 : "NAND simulator partition 4"
[    0.390194] 0x000000500000-0x000000600000 : "NAND simulator partition 5"
[    0.391250] 0x000000600000-0x000000700000 : "NAND simulator partition 6"
[    0.392777] 0x000000700000-0x000000800000 : "NAND simulator partition 7"
[    0.394022] 0x000000800000-0x000000900000 : "NAND simulator partition 8"
[    0.395161] 0x000000900000-0x000000a00000 : "NAND simulator partition 9"
[    0.396246] 0x000000a00000-0x000008000000 : "NAND simulator partition 10"
[    0.399637] tun: Universal TUN/TAP device driver, 1.6
[    0.399796] tun: (C) 1999-2004 Max Krasnyansky <maxk@qualcomm.com>
[    0.413087] PPP generic driver version 2.4.2
[    0.413742] PPP BSD Compression module registered
[    0.413962] PPP Deflate Compression module registered
[    0.414232] PPP MPPE Compression module registered
[    0.414448] NET: Registered protocol family 24
[    0.414778] PPTP driver version 0.8.5
[    0.415452] usbcore: registered new interface driver usb-storage
[    0.416955] hidraw: raw HID events driver (C) Jiri Kosina
[    0.417462] usbcore: registered new interface driver usbhid
[    0.417675] usbhid: USB HID core driver
[    0.418112] Netfilter messages via NETLINK v0.30.
[    0.418702] nf_conntrack version 0.5.0 (3958 buckets, 15832 max)
[    0.419962] ctnetlink v0.93: registering with nfnetlink.
[    0.421268] ipip: IPv4 over IPv4 tunneling driver
[    0.422998] gre: GRE over IPv4 demultiplexor driver
[    0.423192] ip_gre: GRE over IPv4 tunneling driver
[    0.426532] ip_tables: (C) 2000-2006 Netfilter Core Team
[    0.427728] arp_tables: (C) 2002 David S. Miller
[    0.428610] Initializing XFRM netlink socket
[    0.429030] NET: Registered protocol family 10
[    0.434046] ip6_tables: (C) 2000-2006 Netfilter Core Team
[    0.435289] sit: IPv6 over IPv4 tunneling driver
[    0.438086] NET: Registered protocol family 17
[    0.438546] bridge: automatic filtering via arp/ip/ip6tables has been deprecated. Update your scripts to load br_netfilter if you need this.
[    0.438977] Bridge firewalling registered
[    0.439134] Ebtables v2.0 registered
[    0.440098] 8021q: 802.1Q VLAN Support v1.8
[    0.440665] Registering SWP/SWPB emulation handler
[    0.442405] hctosys: unable to open rtc device (rtc0)
[    0.455191] UDF-fs: warning (device vda1): udf_fill_super: No partition found (2)
[    0.467965] UDF-fs: warning (device vda1): udf_fill_super: No partition found (2)
[    0.468299] List of all partitions:
[    0.468531] 0100            8192 ram0  (driver?)
[    0.468714] 0101            8192 ram1  (driver?)
[    0.468872] 0102            8192 ram2  (driver?)
[    0.469026] 0103            8192 ram3  (driver?)
[    0.469179] 0104            8192 ram4  (driver?)
[    0.469338] 0105            8192 ram5  (driver?)
[    0.469480] 0106            8192 ram6  (driver?)
[    0.469621] 0107            8192 ram7  (driver?)
[    0.469762] 0108            8192 ram8  (driver?)
[    0.469904] 0109            8192 ram9  (driver?)
[    0.470046] 010a            8192 ram10  (driver?)
[    0.470191] 010b            8192 ram11  (driver?)
[    0.470336] 010c            8192 ram12  (driver?)
[    0.470480] 010d            8192 ram13  (driver?)
[    0.470624] 010e            8192 ram14  (driver?)
[    0.470768] 010f            8192 ram15  (driver?)
[    0.470917] fe00         1048576 vda  driver: virtio_blk
[    0.471103]   fe01         1047552 vda1 587077f0-01
[    0.471256] 1f00            1024 mtdblock0  (driver?)
[    0.471411] 1f01            1024 mtdblock1  (driver?)
[    0.471565] 1f02            1024 mtdblock2  (driver?)
[    0.471719] 1f03            1024 mtdblock3  (driver?)
[    0.471875] 1f04            1024 mtdblock4  (driver?)
[    0.472225] 1f05            1024 mtdblock5  (driver?)
[    0.472392] 1f06            1024 mtdblock6  (driver?)
[    0.472558] 1f07            1024 mtdblock7  (driver?)
[    0.472724] 1f08            1024 mtdblock8  (driver?)
[    0.472891] 1f09            1024 mtdblock9  (driver?)
[    0.473059] 1f0a          120832 mtdblock10  (driver?)
[    0.473240] No filesystem could mount root, tried:  ext3 ext2 ext4 cramfs squashfs vfat iso9660 romfs udf
[    0.473680] Kernel panic - not syncing: VFS: Unable to mount root fs on unknown-block(254,1)
[    0.473942] CPU: 0 PID: 1 Comm: swapper Tainted: G        W       4.1.17+ #1
[    0.474141] Hardware name: Generic DT based system
[    0.474314] [<c001c99c>] (unwind_backtrace) from [<c0019d30>] (show_stack+0x10/0x14)
[    0.474547] [<c0019d30>] (show_stack) from [<c0410b78>] (panic+0x70/0x1c8)
[    0.474761] [<c0410b78>] (panic) from [<c05c81bc>] (mount_block_root+0x268/0x2ac)
[    0.474998] [<c05c81bc>] (mount_block_root) from [<c05c84a4>] (prepare_namespace+0x158/0x1ac)
[    0.475251] [<c05c84a4>] (prepare_namespace) from [<c05c7d84>] (kernel_init_freeable+0x16c/0x1b0)
[    0.475509] [<c05c7d84>] (kernel_init_freeable) from [<c040f28c>] (kernel_init+0x8/0xe4)
[    0.475747] [<c040f28c>] (kernel_init) from [<c0016da8>] (ret_from_fork+0x14/0x2c)
[    0.476108] ---[ end Kernel panic - not syncing: VFS: Unable to mount root fs on unknown-block(254,1)
