[    0.000000] Booting Linux on physical CPU 0x0
[    0.000000] Linux version 4.1.17+ (vagrant@vagrant-ubuntu-trusty-64) (gcc version 5.3.0 (GCC) ) #1 Thu Feb 18 01:05:21 UTC 2016
[    0.000000] CPU: ARMv7 Processor [412fc0f1] revision 1 (ARMv7), cr=10c5387d
[    0.000000] CPU: PIPT / VIPT nonaliasing data cache, PIPT instruction cache
[    0.000000] Machine model: linux,dummy-virt
[    0.000000] debug: ignoring loglevel setting.
[    0.000000] Memory policy: Data cache writeback
[    0.000000] On node 0 totalpages: 65536
[    0.000000] free_area_init_node: node 0, pgdat c061dfe8, node_mem_map cfdf9000
[    0.000000]   Normal zone: 512 pages used for memmap
[    0.000000]   Normal zone: 0 pages reserved
[    0.000000]   Normal zone: 65536 pages, LIFO batch:15
[    0.000000] CPU: All CPU(s) started in SVC mode.
[    0.000000] pcpu-alloc: s0 r0 d32768 u32768 alloc=1*32768
[    0.000000] pcpu-alloc: [0] 0 
[    0.000000] Built 1 zonelists in Zone order, mobility grouping on.  Total pages: 65024
[    0.000000] Kernel command line: firmadyne.syscall=1 root=/dev/vda1 console=ttyS0 nandsim.parts=64,64,64,64,64,64,64,64,64,64 rdinit=/firmadyne/preInit.sh rw debug ignore_loglevel print-fatal-signals=1 user_debug=31
[    0.000000] PID hash table entries: 1024 (order: 0, 4096 bytes)
[    0.000000] Dentry cache hash table entries: 32768 (order: 5, 131072 bytes)
[    0.000000] Inode-cache hash table entries: 16384 (order: 4, 65536 bytes)
[    0.000000] Memory: 253344K/262144K available (4297K kernel code, 170K rwdata, 1584K rodata, 180K init, 148K bss, 8800K reserved, 0K cma-reserved)
[    0.000000] Virtual kernel memory layout:
[    0.000000]     vector  : 0xffff0000 - 0xffff1000   (   4 kB)
[    0.000000]     fixmap  : 0xffc00000 - 0xfff00000   (3072 kB)
[    0.000000]     vmalloc : 0xd0800000 - 0xff000000   ( 744 MB)
[    0.000000]     lowmem  : 0xc0000000 - 0xd0000000   ( 256 MB)
[    0.000000]     modules : 0xbf000000 - 0xc0000000   (  16 MB)
[    0.000000]       .text : 0xc0008000 - 0xc05c67bc   (5882 kB)
[    0.000000]       .init : 0xc05c7000 - 0xc05f4000   ( 180 kB)
[    0.000000]       .data : 0xc05f4000 - 0xc061e840   ( 171 kB)
[    0.000000]        .bss : 0xc0621000 - 0xc06462d4   ( 149 kB)
[    0.000000] NR_IRQS:16 nr_irqs:16 16
[    0.000000] Architected cp15 timer(s) running at 62.50MHz (virt).
[    0.000000] clocksource arch_sys_counter: mask: 0xffffffffffffff max_cycles: 0x1cd42e208c, max_idle_ns: 881590405314 ns
[    0.000149] sched_clock: 56 bits at 62MHz, resolution 16ns, wraps every 4398046511096ns
[    0.000254] Switching to timer-based delay loop, resolution 16ns
[    0.002596] Console: colour dummy device 80x30
[    0.002813] Calibrating delay loop (skipped), value calculated using timer frequency.. 125.00 BogoMIPS (lpj=625000)
[    0.002896] pid_max: default: 32768 minimum: 301
[    0.003513] Mount-cache hash table entries: 1024 (order: 0, 4096 bytes)
[    0.003536] Mountpoint-cache hash table entries: 1024 (order: 0, 4096 bytes)
[    0.008662] CPU: Testing write buffer coherency: ok
[    0.014893] Setting up static identity map for 0x40008240 - 0x40008298
[    0.025530] VFP support v0.3: implementor 41 architecture 4 part 30 variant f rev 0
[    0.033791] clocksource jiffies: mask: 0xffffffff max_cycles: 0xffffffff, max_idle_ns: 19112604462750000 ns
[    0.039718] NET: Registered protocol family 16
[    0.041962] DMA: preallocated 256 KiB pool for atomic coherent allocations
[    0.044837] cpuidle: using governor ladder
[    0.044943] cpuidle: using governor menu
[    0.047271] genirq: Setting trigger mode 1 for irq 20 failed (gic_set_type+0x0/0x48)
[    0.048463] genirq: Setting trigger mode 1 for irq 21 failed (gic_set_type+0x0/0x48)
[    0.048687] genirq: Setting trigger mode 1 for irq 22 failed (gic_set_type+0x0/0x48)
[    0.048919] genirq: Setting trigger mode 1 for irq 23 failed (gic_set_type+0x0/0x48)
[    0.049153] genirq: Setting trigger mode 1 for irq 24 failed (gic_set_type+0x0/0x48)
[    0.049376] genirq: Setting trigger mode 1 for irq 25 failed (gic_set_type+0x0/0x48)
[    0.049584] genirq: Setting trigger mode 1 for irq 26 failed (gic_set_type+0x0/0x48)
[    0.049776] genirq: Setting trigger mode 1 for irq 27 failed (gic_set_type+0x0/0x48)
[    0.050066] genirq: Setting trigger mode 1 for irq 28 failed (gic_set_type+0x0/0x48)
[    0.050280] genirq: Setting trigger mode 1 for irq 29 failed (gic_set_type+0x0/0x48)
[    0.050468] genirq: Setting trigger mode 1 for irq 30 failed (gic_set_type+0x0/0x48)
[    0.050669] genirq: Setting trigger mode 1 for irq 31 failed (gic_set_type+0x0/0x48)
[    0.050856] genirq: Setting trigger mode 1 for irq 32 failed (gic_set_type+0x0/0x48)
[    0.051057] genirq: Setting trigger mode 1 for irq 33 failed (gic_set_type+0x0/0x48)
[    0.051241] genirq: Setting trigger mode 1 for irq 34 failed (gic_set_type+0x0/0x48)
[    0.051423] genirq: Setting trigger mode 1 for irq 35 failed (gic_set_type+0x0/0x48)
[    0.051621] genirq: Setting trigger mode 1 for irq 36 failed (gic_set_type+0x0/0x48)
[    0.051824] genirq: Setting trigger mode 1 for irq 37 failed (gic_set_type+0x0/0x48)
[    0.052055] genirq: Setting trigger mode 1 for irq 38 failed (gic_set_type+0x0/0x48)
[    0.052298] genirq: Setting trigger mode 1 for irq 39 failed (gic_set_type+0x0/0x48)
[    0.052503] genirq: Setting trigger mode 1 for irq 40 failed (gic_set_type+0x0/0x48)
[    0.052722] genirq: Setting trigger mode 1 for irq 41 failed (gic_set_type+0x0/0x48)
[    0.053156] genirq: Setting trigger mode 1 for irq 42 failed (gic_set_type+0x0/0x48)
[    0.053383] genirq: Setting trigger mode 1 for irq 43 failed (gic_set_type+0x0/0x48)
[    0.053614] genirq: Setting trigger mode 1 for irq 44 failed (gic_set_type+0x0/0x48)
[    0.053847] genirq: Setting trigger mode 1 for irq 45 failed (gic_set_type+0x0/0x48)
[    0.054077] genirq: Setting trigger mode 1 for irq 46 failed (gic_set_type+0x0/0x48)
[    0.054325] genirq: Setting trigger mode 1 for irq 47 failed (gic_set_type+0x0/0x48)
[    0.054554] genirq: Setting trigger mode 1 for irq 48 failed (gic_set_type+0x0/0x48)
[    0.054762] genirq: Setting trigger mode 1 for irq 49 failed (gic_set_type+0x0/0x48)
[    0.054953] genirq: Setting trigger mode 1 for irq 50 failed (gic_set_type+0x0/0x48)
[    0.055144] genirq: Setting trigger mode 1 for irq 51 failed (gic_set_type+0x0/0x48)
[    0.055488] genirq: Setting trigger mode 1 for irq 52 failed (gic_set_type+0x0/0x48)
[    0.058036] Serial: AMBA PL011 UART driver
[    0.059352] 9000000.pl011: ttyS0 at MMIO 0x9000000 (irq = 52, base_baud = 0) is a PL011 rev1
[    0.077521] console [ttyS0] enabled
[    0.093127] vgaarb: loaded
[    0.094398] SCSI subsystem initialized
[    0.095327] usbcore: registered new interface driver usbfs
[    0.095663] usbcore: registered new interface driver hub
[    0.095954] usbcore: registered new device driver usb
[    0.102248] cfg80211: Calling CRDA to update world regulatory domain
[    0.103872] Switched to clocksource arch_sys_counter
[    0.116266] NET: Registered protocol family 2
[    0.119774] TCP established hash table entries: 2048 (order: 1, 8192 bytes)
[    0.120056] TCP bind hash table entries: 2048 (order: 1, 8192 bytes)
[    0.120462] TCP: Hash tables configured (established 2048 bind 2048)
[    0.121020] UDP hash table entries: 256 (order: 0, 4096 bytes)
[    0.121332] UDP-Lite hash table entries: 256 (order: 0, 4096 bytes)
[    0.122374] NET: Registered protocol family 1
[    0.122720] PCI: CLS 0 bytes, default 64
[    0.128160] NetWinder Floating Point Emulator V0.97 (extended precision)
[    0.130220] futex hash table entries: 256 (order: -1, 3072 bytes)
[    0.134340] squashfs: version 4.0 (2009/01/31) Phillip Lougher
[    0.135109] jffs2: version 2.2. (NAND) Â© 2001-2006 Red Hat, Inc.
[    0.135724] romfs: ROMFS MTD (C) 2007 Red Hat, Inc.
[    0.141941] Block layer SCSI generic (bsg) driver version 0.4 loaded (major 253)
[    0.142261] io scheduler noop registered
[    0.142466] io scheduler cfq registered (default)
[    0.142978] firmadyne: devfs: 1, execute: 1, procfs: 1, syscall: 1
[    0.144488] ------------[ cut here ]------------
[    0.144698] WARNING: CPU: 0 PID: 1 at /home/vagrant/firmadyne-kernel/kernel-v4.1/fs/sysfs/dir.c:31 sysfs_warn_dup+0x50/0x6c()
[    0.145094] sysfs: cannot create duplicate filename '/class/gpio'
[    0.145337] Modules linked in:
[    0.145604] CPU: 0 PID: 1 Comm: swapper Not tainted 4.1.17+ #1
[    0.145781] Hardware name: Generic DT based system
[    0.146338] [<c001c99c>] (unwind_backtrace) from [<c0019d30>] (show_stack+0x10/0x14)
[    0.146635] [<c0019d30>] (show_stack) from [<c0024ab4>] (warn_slowpath_common+0x80/0xa8)
[    0.146889] [<c0024ab4>] (warn_slowpath_common) from [<c0024b08>] (warn_slowpath_fmt+0x2c/0x3c)
[    0.147178] [<c0024b08>] (warn_slowpath_fmt) from [<c00e363c>] (sysfs_warn_dup+0x50/0x6c)
[    0.147419] [<c00e363c>] (sysfs_warn_dup) from [<c00e3714>] (sysfs_create_dir_ns+0x74/0x84)
[    0.147662] [<c00e3714>] (sysfs_create_dir_ns) from [<c018e6ac>] (kobject_add_internal+0xb8/0x2ac)
[    0.147923] [<c018e6ac>] (kobject_add_internal) from [<c018e9a8>] (kset_register+0x1c/0x44)
[    0.148206] [<c018e9a8>] (kset_register) from [<c02090b4>] (__class_register+0xa8/0x198)
[    0.148461] [<c02090b4>] (__class_register) from [<c02091e4>] (__class_create+0x40/0x70)
[    0.148718] [<c02091e4>] (__class_create) from [<c01adf68>] (register_devfs_stubs+0x314/0xbb4)
[    0.148986] [<c01adf68>] (register_devfs_stubs) from [<c05d9b08>] (init_module+0x28/0xa4)
[    0.149262] [<c05d9b08>] (init_module) from [<c0009670>] (do_one_initcall+0x104/0x1b4)
[    0.149522] [<c0009670>] (do_one_initcall) from [<c05c7d08>] (kernel_init_freeable+0xf0/0x1b0)
[    0.149773] [<c05c7d08>] (kernel_init_freeable) from [<c040f28c>] (kernel_init+0x8/0xe4)
[    0.150018] [<c040f28c>] (kernel_init) from [<c0016da8>] (ret_from_fork+0x14/0x2c)
[    0.150288] ---[ end trace 67976ac3b5fae573 ]---
[    0.150483] ------------[ cut here ]------------
[    0.150628] WARNING: CPU: 0 PID: 1 at /home/vagrant/firmadyne-kernel/kernel-v4.1/lib/kobject.c:240 kobject_add_internal+0x240/0x2ac()
[    0.150958] kobject_add_internal failed for gpio with -EEXIST, don't try to register things with the same name in the same directory.
[    0.151284] Modules linked in:
[    0.151428] CPU: 0 PID: 1 Comm: swapper Tainted: G        W       4.1.17+ #1
[    0.151625] Hardware name: Generic DT based system
[    0.151780] [<c001c99c>] (unwind_backtrace) from [<c0019d30>] (show_stack+0x10/0x14)
[    0.152012] [<c0019d30>] (show_stack) from [<c0024ab4>] (warn_slowpath_common+0x80/0xa8)
[    0.152293] [<c0024ab4>] (warn_slowpath_common) from [<c0024b08>] (warn_slowpath_fmt+0x2c/0x3c)
[    0.152569] [<c0024b08>] (warn_slowpath_fmt) from [<c018e834>] (kobject_add_internal+0x240/0x2ac)
[    0.152879] [<c018e834>] (kobject_add_internal) from [<c018e9a8>] (kset_register+0x1c/0x44)
[    0.153185] [<c018e9a8>] (kset_register) from [<c02090b4>] (__class_register+0xa8/0x198)
[    0.153487] [<c02090b4>] (__class_register) from [<c02091e4>] (__class_create+0x40/0x70)
[    0.153912] [<c02091e4>] (__class_create) from [<c01adf68>] (register_devfs_stubs+0x314/0xbb4)
[    0.154197] [<c01adf68>] (register_devfs_stubs) from [<c05d9b08>] (init_module+0x28/0xa4)
[    0.154465] [<c05d9b08>] (init_module) from [<c0009670>] (do_one_initcall+0x104/0x1b4)
[    0.154702] [<c0009670>] (do_one_initcall) from [<c05c7d08>] (kernel_init_freeable+0xf0/0x1b0)
[    0.154954] [<c05c7d08>] (kernel_init_freeable) from [<c040f28c>] (kernel_init+0x8/0xe4)
[    0.155190] [<c040f28c>] (kernel_init) from [<c0016da8>] (ret_from_fork+0x14/0x2c)
[    0.155417] ---[ end trace 67976ac3b5fae574 ]---
[    0.155594] firmadyne: Cannot create device class: gpio!
[    0.156923] firmadyne: Cannot register character device: watchdog, 0xa, 0x82!
[    0.157175] firmadyne: Cannot register character device: wdt, 0xfd, 0x0!
[    0.236630] Non-volatile memory driver v1.3
[    0.252182] brd: module loaded
[    0.259579] loop: module loaded
[    0.267317]  vda: vda1
[    0.270479] [nandsim] warning: read_byte: unexpected data output cycle, state is STATE_READY return 0x0
[    0.270771] [nandsim] warning: read_byte: unexpected data output cycle, state is STATE_READY return 0x0
[    0.271034] [nandsim] warning: read_byte: unexpected data output cycle, state is STATE_READY return 0x0
[    0.271295] [nandsim] warning: read_byte: unexpected data output cycle, state is STATE_READY return 0x0
[    0.271555] [nandsim] warning: read_byte: unexpected data output cycle, state is STATE_READY return 0x0
[    0.271816] [nandsim] warning: read_byte: unexpected data output cycle, state is STATE_READY return 0x0
[    0.272293] nand: device found, Manufacturer ID: 0x98, Chip ID: 0x39
[    0.272544] nand: Toshiba NAND 128MiB 1,8V 8-bit
[    0.272734] nand: 128 MiB, SLC, erase size: 16 KiB, page size: 512, OOB size: 16
[    0.273650] flash size: 128 MiB
[    0.273931] page size: 512 bytes
[    0.274045] OOB area size: 16 bytes
[    0.274153] sector size: 16 KiB
[    0.274249] pages number: 262144
[    0.274347] pages per sector: 32
[    0.274444] bus width: 8
[    0.274545] bits in sector size: 14
[    0.274656] bits in page size: 9
[    0.274765] bits in OOB size: 4
[    0.274875] flash size with OOB: 135168 KiB
[    0.275010] page address bytes: 4
[    0.275118] sector address bytes: 3
[    0.275230] options: 0x42
[    0.278888] Scanning device for bad blocks
[    0.388169] Creating 11 MTD partitions on "NAND 128MiB 1,8V 8-bit":
[    0.388591] 0x000000000000-0x000000100000 : "NAND simulator partition 0"
[    0.390993] 0x000000100000-0x000000200000 : "NAND simulator partition 1"
[    0.392064] 0x000000200000-0x000000300000 : "NAND simulator partition 2"
[    0.393102] 0x000000300000-0x000000400000 : "NAND simulator partition 3"
[    0.394352] 0x000000400000-0x000000500000 : "NAND simulator partition 4"
[    0.395390] 0x000000500000-0x000000600000 : "NAND simulator partition 5"
[    0.396543] 0x000000600000-0x000000700000 : "NAND simulator partition 6"
[    0.397693] 0x000000700000-0x000000800000 : "NAND simulator partition 7"
[    0.398934] 0x000000800000-0x000000900000 : "NAND simulator partition 8"
[    0.400197] 0x000000900000-0x000000a00000 : "NAND simulator partition 9"
[    0.401454] 0x000000a00000-0x000008000000 : "NAND simulator partition 10"
[    0.405083] tun: Universal TUN/TAP device driver, 1.6
[    0.405256] tun: (C) 1999-2004 Max Krasnyansky <maxk@qualcomm.com>
[    0.421818] PPP generic driver version 2.4.2
[    0.422385] PPP BSD Compression module registered
[    0.422562] PPP Deflate Compression module registered
[    0.422782] PPP MPPE Compression module registered
[    0.422954] NET: Registered protocol family 24
[    0.423222] PPTP driver version 0.8.5
[    0.424133] usbcore: registered new interface driver usb-storage
[    0.425463] hidraw: raw HID events driver (C) Jiri Kosina
[    0.425896] usbcore: registered new interface driver usbhid
[    0.426077] usbhid: USB HID core driver
[    0.426471] Netfilter messages via NETLINK v0.30.
[    0.426992] nf_conntrack version 0.5.0 (3958 buckets, 15832 max)
[    0.428055] ctnetlink v0.93: registering with nfnetlink.
[    0.429167] ipip: IPv4 over IPv4 tunneling driver
[    0.430852] gre: GRE over IPv4 demultiplexor driver
[    0.431055] ip_gre: GRE over IPv4 tunneling driver
[    0.434737] ip_tables: (C) 2000-2006 Netfilter Core Team
[    0.435970] arp_tables: (C) 2002 David S. Miller
[    0.436974] Initializing XFRM netlink socket
[    0.437473] NET: Registered protocol family 10
[    0.442584] ip6_tables: (C) 2000-2006 Netfilter Core Team
[    0.443967] sit: IPv6 over IPv4 tunneling driver
[    0.446846] NET: Registered protocol family 17
[    0.447364] bridge: automatic filtering via arp/ip/ip6tables has been deprecated. Update your scripts to load br_netfilter if you need this.
[    0.447776] Bridge firewalling registered
[    0.447928] Ebtables v2.0 registered
[    0.448843] 8021q: 802.1Q VLAN Support v1.8
[    0.449359] Registering SWP/SWPB emulation handler
[    0.450892] hctosys: unable to open rtc device (rtc0)
[    0.463616] UDF-fs: warning (device vda1): udf_fill_super: No partition found (2)
[    0.477674] UDF-fs: warning (device vda1): udf_fill_super: No partition found (2)
[    0.478005] List of all partitions:
[    0.478225] 0100            8192 ram0  (driver?)
[    0.478426] 0101            8192 ram1  (driver?)
[    0.478571] 0102            8192 ram2  (driver?)
[    0.478715] 0103            8192 ram3  (driver?)
[    0.478858] 0104            8192 ram4  (driver?)
[    0.479002] 0105            8192 ram5  (driver?)
[    0.479144] 0106            8192 ram6  (driver?)
[    0.479288] 0107            8192 ram7  (driver?)
[    0.479430] 0108            8192 ram8  (driver?)
[    0.479572] 0109            8192 ram9  (driver?)
[    0.479715] 010a            8192 ram10  (driver?)
[    0.479861] 010b            8192 ram11  (driver?)
[    0.480007] 010c            8192 ram12  (driver?)
[    0.480188] 010d            8192 ram13  (driver?)
[    0.480344] 010e            8192 ram14  (driver?)
[    0.480500] 010f            8192 ram15  (driver?)
[    0.480661] fe00         1048576 vda  driver: virtio_blk
[    0.480854]   fe01         1047552 vda1 a3ade15c-01
[    0.481018] 1f00            1024 mtdblock0  (driver?)
[    0.481184] 1f01            1024 mtdblock1  (driver?)
[    0.481349] 1f02            1024 mtdblock2  (driver?)
[    0.481525] 1f03            1024 mtdblock3  (driver?)
[    0.481682] 1f04            1024 mtdblock4  (driver?)
[    0.481837] 1f05            1024 mtdblock5  (driver?)
[    0.481999] 1f06            1024 mtdblock6  (driver?)
[    0.482153] 1f07            1024 mtdblock7  (driver?)
[    0.482308] 1f08            1024 mtdblock8  (driver?)
[    0.482463] 1f09            1024 mtdblock9  (driver?)
[    0.482617] 1f0a          120832 mtdblock10  (driver?)
[    0.482783] No filesystem could mount root, tried:  ext3 ext2 ext4 cramfs squashfs vfat iso9660 romfs udf
[    0.483211] Kernel panic - not syncing: VFS: Unable to mount root fs on unknown-block(254,1)
[    0.483470] CPU: 0 PID: 1 Comm: swapper Tainted: G        W       4.1.17+ #1
[    0.483737] Hardware name: Generic DT based system
[    0.483918] [<c001c99c>] (unwind_backtrace) from [<c0019d30>] (show_stack+0x10/0x14)
[    0.484189] [<c0019d30>] (show_stack) from [<c0410b78>] (panic+0x70/0x1c8)
[    0.484419] [<c0410b78>] (panic) from [<c05c81bc>] (mount_block_root+0x268/0x2ac)
[    0.484664] [<c05c81bc>] (mount_block_root) from [<c05c84a4>] (prepare_namespace+0x158/0x1ac)
[    0.484936] [<c05c84a4>] (prepare_namespace) from [<c05c7d84>] (kernel_init_freeable+0x16c/0x1b0)
[    0.485215] [<c05c7d84>] (kernel_init_freeable) from [<c040f28c>] (kernel_init+0x8/0xe4)
[    0.485479] [<c040f28c>] (kernel_init) from [<c0016da8>] (ret_from_fork+0x14/0x2c)
[    0.485844] ---[ end Kernel panic - not syncing: VFS: Unable to mount root fs on unknown-block(254,1)
