[    0.000000] Booting Linux on physical CPU 0x0
[    0.000000] Linux version 4.1.17+ (vagrant@vagrant-ubuntu-trusty-64) (gcc version 5.3.0 (GCC) ) #1 Thu Feb 18 01:05:21 UTC 2016
[    0.000000] CPU: ARMv7 Processor [412fc0f1] revision 1 (ARMv7), cr=10c5387d
[    0.000000] CPU: PIPT / VIPT nonaliasing data cache, PIPT instruction cache
[    0.000000] Machine model: linux,dummy-virt
[    0.000000] debug: ignoring loglevel setting.
[    0.000000] Memory policy: Data cache writeback
[    0.000000] On node 0 totalpages: 65536
[    0.000000] free_area_init_node: node 0, pgdat c061dfe8, node_mem_map cfdf9000
[    0.000000]   Normal zone: 512 pages used for memmap
[    0.000000]   Normal zone: 0 pages reserved
[    0.000000]   Normal zone: 65536 pages, LIFO batch:15
[    0.000000] CPU: All CPU(s) started in SVC mode.
[    0.000000] pcpu-alloc: s0 r0 d32768 u32768 alloc=1*32768
[    0.000000] pcpu-alloc: [0] 0 
[    0.000000] Built 1 zonelists in Zone order, mobility grouping on.  Total pages: 65024
[    0.000000] Kernel command line: root=/dev/vda1 console=ttyS0 nandsim.parts=64,64,64,64,64,64,64,64,64,64 rdinit=/firmadyne/preInit.sh rw debug ignore_loglevel print-fatal-signals=1 user_debug=31 firmadyne.syscall=0
[    0.000000] PID hash table entries: 1024 (order: 0, 4096 bytes)
[    0.000000] Dentry cache hash table entries: 32768 (order: 5, 131072 bytes)
[    0.000000] Inode-cache hash table entries: 16384 (order: 4, 65536 bytes)
[    0.000000] Memory: 253344K/262144K available (4297K kernel code, 170K rwdata, 1584K rodata, 180K init, 148K bss, 8800K reserved, 0K cma-reserved)
[    0.000000] Virtual kernel memory layout:
[    0.000000]     vector  : 0xffff0000 - 0xffff1000   (   4 kB)
[    0.000000]     fixmap  : 0xffc00000 - 0xfff00000   (3072 kB)
[    0.000000]     vmalloc : 0xd0800000 - 0xff000000   ( 744 MB)
[    0.000000]     lowmem  : 0xc0000000 - 0xd0000000   ( 256 MB)
[    0.000000]     modules : 0xbf000000 - 0xc0000000   (  16 MB)
[    0.000000]       .text : 0xc0008000 - 0xc05c67bc   (5882 kB)
[    0.000000]       .init : 0xc05c7000 - 0xc05f4000   ( 180 kB)
[    0.000000]       .data : 0xc05f4000 - 0xc061e840   ( 171 kB)
[    0.000000]        .bss : 0xc0621000 - 0xc06462d4   ( 149 kB)
[    0.000000] NR_IRQS:16 nr_irqs:16 16
[    0.000000] Architected cp15 timer(s) running at 62.50MHz (virt).
[    0.000000] clocksource arch_sys_counter: mask: 0xffffffffffffff max_cycles: 0x1cd42e208c, max_idle_ns: 881590405314 ns
[    0.000135] sched_clock: 56 bits at 62MHz, resolution 16ns, wraps every 4398046511096ns
[    0.000242] Switching to timer-based delay loop, resolution 16ns
[    0.002828] Console: colour dummy device 80x30
[    0.003101] Calibrating delay loop (skipped), value calculated using timer frequency.. 125.00 BogoMIPS (lpj=625000)
[    0.003203] pid_max: default: 32768 minimum: 301
[    0.003994] Mount-cache hash table entries: 1024 (order: 0, 4096 bytes)
[    0.004024] Mountpoint-cache hash table entries: 1024 (order: 0, 4096 bytes)
[    0.011802] CPU: Testing write buffer coherency: ok
[    0.016975] Setting up static identity map for 0x40008240 - 0x40008298
[    0.029490] VFP support v0.3: implementor 41 architecture 4 part 30 variant f rev 0
[    0.039352] clocksource jiffies: mask: 0xffffffff max_cycles: 0xffffffff, max_idle_ns: 19112604462750000 ns
[    0.046791] NET: Registered protocol family 16
[    0.049426] DMA: preallocated 256 KiB pool for atomic coherent allocations
[    0.052588] cpuidle: using governor ladder
[    0.052712] cpuidle: using governor menu
[    0.055780] genirq: Setting trigger mode 1 for irq 20 failed (gic_set_type+0x0/0x48)
[    0.057216] genirq: Setting trigger mode 1 for irq 21 failed (gic_set_type+0x0/0x48)
[    0.057475] genirq: Setting trigger mode 1 for irq 22 failed (gic_set_type+0x0/0x48)
[    0.057743] genirq: Setting trigger mode 1 for irq 23 failed (gic_set_type+0x0/0x48)
[    0.058029] genirq: Setting trigger mode 1 for irq 24 failed (gic_set_type+0x0/0x48)
[    0.058288] genirq: Setting trigger mode 1 for irq 25 failed (gic_set_type+0x0/0x48)
[    0.058523] genirq: Setting trigger mode 1 for irq 26 failed (gic_set_type+0x0/0x48)
[    0.058761] genirq: Setting trigger mode 1 for irq 27 failed (gic_set_type+0x0/0x48)
[    0.059102] genirq: Setting trigger mode 1 for irq 28 failed (gic_set_type+0x0/0x48)
[    0.059365] genirq: Setting trigger mode 1 for irq 29 failed (gic_set_type+0x0/0x48)
[    0.059598] genirq: Setting trigger mode 1 for irq 30 failed (gic_set_type+0x0/0x48)
[    0.059865] genirq: Setting trigger mode 1 for irq 31 failed (gic_set_type+0x0/0x48)
[    0.060105] genirq: Setting trigger mode 1 for irq 32 failed (gic_set_type+0x0/0x48)
[    0.060356] genirq: Setting trigger mode 1 for irq 33 failed (gic_set_type+0x0/0x48)
[    0.060585] genirq: Setting trigger mode 1 for irq 34 failed (gic_set_type+0x0/0x48)
[    0.060812] genirq: Setting trigger mode 1 for irq 35 failed (gic_set_type+0x0/0x48)
[    0.061056] genirq: Setting trigger mode 1 for irq 36 failed (gic_set_type+0x0/0x48)
[    0.061306] genirq: Setting trigger mode 1 for irq 37 failed (gic_set_type+0x0/0x48)
[    0.061596] genirq: Setting trigger mode 1 for irq 38 failed (gic_set_type+0x0/0x48)
[    0.061844] genirq: Setting trigger mode 1 for irq 39 failed (gic_set_type+0x0/0x48)
[    0.062093] genirq: Setting trigger mode 1 for irq 40 failed (gic_set_type+0x0/0x48)
[    0.062347] genirq: Setting trigger mode 1 for irq 41 failed (gic_set_type+0x0/0x48)
[    0.062604] genirq: Setting trigger mode 1 for irq 42 failed (gic_set_type+0x0/0x48)
[    0.062855] genirq: Setting trigger mode 1 for irq 43 failed (gic_set_type+0x0/0x48)
[    0.063118] genirq: Setting trigger mode 1 for irq 44 failed (gic_set_type+0x0/0x48)
[    0.063474] genirq: Setting trigger mode 1 for irq 45 failed (gic_set_type+0x0/0x48)
[    0.063859] genirq: Setting trigger mode 1 for irq 46 failed (gic_set_type+0x0/0x48)
[    0.064158] genirq: Setting trigger mode 1 for irq 47 failed (gic_set_type+0x0/0x48)
[    0.064425] genirq: Setting trigger mode 1 for irq 48 failed (gic_set_type+0x0/0x48)
[    0.064669] genirq: Setting trigger mode 1 for irq 49 failed (gic_set_type+0x0/0x48)
[    0.064907] genirq: Setting trigger mode 1 for irq 50 failed (gic_set_type+0x0/0x48)
[    0.065143] genirq: Setting trigger mode 1 for irq 51 failed (gic_set_type+0x0/0x48)
[    0.065570] genirq: Setting trigger mode 1 for irq 52 failed (gic_set_type+0x0/0x48)
[    0.068570] Serial: AMBA PL011 UART driver
[    0.070209] 9000000.pl011: ttyS0 at MMIO 0x9000000 (irq = 52, base_baud = 0) is a PL011 rev1
[    0.127690] console [ttyS0] enabled
[    0.146776] vgaarb: loaded
[    0.148796] SCSI subsystem initialized
[    0.150381] usbcore: registered new interface driver usbfs
[    0.151632] usbcore: registered new interface driver hub
[    0.152854] usbcore: registered new device driver usb
[    0.161137] cfg80211: Calling CRDA to update world regulatory domain
[    0.164216] Switched to clocksource arch_sys_counter
[    0.179456] NET: Registered protocol family 2
[    0.184684] TCP established hash table entries: 2048 (order: 1, 8192 bytes)
[    0.186146] TCP bind hash table entries: 2048 (order: 1, 8192 bytes)
[    0.187533] TCP: Hash tables configured (established 2048 bind 2048)
[    0.189156] UDP hash table entries: 256 (order: 0, 4096 bytes)
[    0.190378] UDP-Lite hash table entries: 256 (order: 0, 4096 bytes)
[    0.192702] NET: Registered protocol family 1
[    0.193927] PCI: CLS 0 bytes, default 64
[    0.200834] NetWinder Floating Point Emulator V0.97 (extended precision)
[    0.204380] futex hash table entries: 256 (order: -1, 3072 bytes)
[    0.210010] squashfs: version 4.0 (2009/01/31) Phillip Lougher
[    0.212297] jffs2: version 2.2. (NAND) Â© 2001-2006 Red Hat, Inc.
[    0.214330] romfs: ROMFS MTD (C) 2007 Red Hat, Inc.
[    0.222090] Block layer SCSI generic (bsg) driver version 0.4 loaded (major 253)
[    0.223638] io scheduler noop registered
[    0.224814] io scheduler cfq registered (default)
[    0.226272] firmadyne: devfs: 1, execute: 1, procfs: 1, syscall: 0
[    0.228493] ------------[ cut here ]------------
[    0.229408] WARNING: CPU: 0 PID: 1 at /home/vagrant/firmadyne-kernel/kernel-v4.1/fs/sysfs/dir.c:31 sysfs_warn_dup+0x50/0x6c()
[    0.231497] sysfs: cannot create duplicate filename '/class/gpio'
[    0.232671] Modules linked in:
[    0.233481] CPU: 0 PID: 1 Comm: swapper Not tainted 4.1.17+ #1
[    0.234848] Hardware name: Generic DT based system
[    0.236357] [<c001c99c>] (unwind_backtrace) from [<c0019d30>] (show_stack+0x10/0x14)
[    0.237921] [<c0019d30>] (show_stack) from [<c0024ab4>] (warn_slowpath_common+0x80/0xa8)
[    0.239463] [<c0024ab4>] (warn_slowpath_common) from [<c0024b08>] (warn_slowpath_fmt+0x2c/0x3c)
[    0.241107] [<c0024b08>] (warn_slowpath_fmt) from [<c00e363c>] (sysfs_warn_dup+0x50/0x6c)
[    0.242603] [<c00e363c>] (sysfs_warn_dup) from [<c00e3714>] (sysfs_create_dir_ns+0x74/0x84)
[    0.243645] [<c00e3714>] (sysfs_create_dir_ns) from [<c018e6ac>] (kobject_add_internal+0xb8/0x2ac)
[    0.244764] [<c018e6ac>] (kobject_add_internal) from [<c018e9a8>] (kset_register+0x1c/0x44)
[    0.245544] [<c018e9a8>] (kset_register) from [<c02090b4>] (__class_register+0xa8/0x198)
[    0.246392] [<c02090b4>] (__class_register) from [<c02091e4>] (__class_create+0x40/0x70)
[    0.247271] [<c02091e4>] (__class_create) from [<c01adf68>] (register_devfs_stubs+0x314/0xbb4)
[    0.248072] [<c01adf68>] (register_devfs_stubs) from [<c05d9b08>] (init_module+0x28/0xa4)
[    0.248882] [<c05d9b08>] (init_module) from [<c0009670>] (do_one_initcall+0x104/0x1b4)
[    0.249706] [<c0009670>] (do_one_initcall) from [<c05c7d08>] (kernel_init_freeable+0xf0/0x1b0)
[    0.250545] [<c05c7d08>] (kernel_init_freeable) from [<c040f28c>] (kernel_init+0x8/0xe4)
[    0.251141] [<c040f28c>] (kernel_init) from [<c0016da8>] (ret_from_fork+0x14/0x2c)
[    0.251942] ---[ end trace ce0de1fba415ce99 ]---
[    0.252867] ------------[ cut here ]------------
[    0.253409] WARNING: CPU: 0 PID: 1 at /home/vagrant/firmadyne-kernel/kernel-v4.1/lib/kobject.c:240 kobject_add_internal+0x240/0x2ac()
[    0.254684] kobject_add_internal failed for gpio with -EEXIST, don't try to register things with the same name in the same directory.
[    0.255946] Modules linked in:
[    0.256373] CPU: 0 PID: 1 Comm: swapper Tainted: G        W       4.1.17+ #1
[    0.257125] Hardware name: Generic DT based system
[    0.257516] [<c001c99c>] (unwind_backtrace) from [<c0019d30>] (show_stack+0x10/0x14)
[    0.258343] [<c0019d30>] (show_stack) from [<c0024ab4>] (warn_slowpath_common+0x80/0xa8)
[    0.259156] [<c0024ab4>] (warn_slowpath_common) from [<c0024b08>] (warn_slowpath_fmt+0x2c/0x3c)
[    0.259894] [<c0024b08>] (warn_slowpath_fmt) from [<c018e834>] (kobject_add_internal+0x240/0x2ac)
[    0.260725] [<c018e834>] (kobject_add_internal) from [<c018e9a8>] (kset_register+0x1c/0x44)
[    0.261477] [<c018e9a8>] (kset_register) from [<c02090b4>] (__class_register+0xa8/0x198)
[    0.262339] [<c02090b4>] (__class_register) from [<c02091e4>] (__class_create+0x40/0x70)
[    0.262986] [<c02091e4>] (__class_create) from [<c01adf68>] (register_devfs_stubs+0x314/0xbb4)
[    0.264054] [<c01adf68>] (register_devfs_stubs) from [<c05d9b08>] (init_module+0x28/0xa4)
[    0.265105] [<c05d9b08>] (init_module) from [<c0009670>] (do_one_initcall+0x104/0x1b4)
[    0.265929] [<c0009670>] (do_one_initcall) from [<c05c7d08>] (kernel_init_freeable+0xf0/0x1b0)
[    0.266693] [<c05c7d08>] (kernel_init_freeable) from [<c040f28c>] (kernel_init+0x8/0xe4)
[    0.267467] [<c040f28c>] (kernel_init) from [<c0016da8>] (ret_from_fork+0x14/0x2c)
[    0.268243] ---[ end trace ce0de1fba415ce9a ]---
[    0.268771] firmadyne: Cannot create device class: gpio!
[    0.270750] firmadyne: Cannot register character device: watchdog, 0xa, 0x82!
[    0.272138] firmadyne: Cannot register character device: wdt, 0xfd, 0x0!
[    0.367516] Non-volatile memory driver v1.3
[    0.387177] brd: module loaded
[    0.396296] loop: module loaded
[    0.406234]  vda: vda1
[    0.410643] [nandsim] warning: read_byte: unexpected data output cycle, state is STATE_READY return 0x0
[    0.412430] [nandsim] warning: read_byte: unexpected data output cycle, state is STATE_READY return 0x0
[    0.414385] [nandsim] warning: read_byte: unexpected data output cycle, state is STATE_READY return 0x0
[    0.416133] [nandsim] warning: read_byte: unexpected data output cycle, state is STATE_READY return 0x0
[    0.417817] [nandsim] warning: read_byte: unexpected data output cycle, state is STATE_READY return 0x0
[    0.419411] [nandsim] warning: read_byte: unexpected data output cycle, state is STATE_READY return 0x0
[    0.420459] nand: device found, Manufacturer ID: 0x98, Chip ID: 0x39
[    0.421658] nand: Toshiba NAND 128MiB 1,8V 8-bit
[    0.422144] nand: 128 MiB, SLC, erase size: 16 KiB, page size: 512, OOB size: 16
[    0.423725] flash size: 128 MiB
[    0.424574] page size: 512 bytes
[    0.425174] OOB area size: 16 bytes
[    0.425837] sector size: 16 KiB
[    0.426424] pages number: 262144
[    0.427043] pages per sector: 32
[    0.427621] bus width: 8
[    0.427777] bits in sector size: 14
[    0.428147] bits in page size: 9
[    0.428359] bits in OOB size: 4
[    0.428871] flash size with OOB: 135168 KiB
[    0.429335] page address bytes: 4
[    0.429578] sector address bytes: 3
[    0.429979] options: 0x42
[    0.434751] Scanning device for bad blocks
[    0.540707] Creating 11 MTD partitions on "NAND 128MiB 1,8V 8-bit":
[    0.542267] 0x000000000000-0x000000100000 : "NAND simulator partition 0"
[    0.546454] 0x000000100000-0x000000200000 : "NAND simulator partition 1"
[    0.548936] 0x000000200000-0x000000300000 : "NAND simulator partition 2"
[    0.551391] 0x000000300000-0x000000400000 : "NAND simulator partition 3"
[    0.553843] 0x000000400000-0x000000500000 : "NAND simulator partition 4"
[    0.556554] 0x000000500000-0x000000600000 : "NAND simulator partition 5"
[    0.559031] 0x000000600000-0x000000700000 : "NAND simulator partition 6"
[    0.561512] 0x000000700000-0x000000800000 : "NAND simulator partition 7"
[    0.564223] 0x000000800000-0x000000900000 : "NAND simulator partition 8"
[    0.566882] 0x000000900000-0x000000a00000 : "NAND simulator partition 9"
[    0.569345] 0x000000a00000-0x000008000000 : "NAND simulator partition 10"
[    0.574795] tun: Universal TUN/TAP device driver, 1.6
[    0.575788] tun: (C) 1999-2004 Max Krasnyansky <maxk@qualcomm.com>
[    0.592635] PPP generic driver version 2.4.2
[    0.594336] PPP BSD Compression module registered
[    0.595321] PPP Deflate Compression module registered
[    0.596390] PPP MPPE Compression module registered
[    0.597318] NET: Registered protocol family 24
[    0.598412] PPTP driver version 0.8.5
[    0.599933] usbcore: registered new interface driver usb-storage
[    0.602527] hidraw: raw HID events driver (C) Jiri Kosina
[    0.604186] usbcore: registered new interface driver usbhid
[    0.605248] usbhid: USB HID core driver
[    0.606399] Netfilter messages via NETLINK v0.30.
[    0.607829] nf_conntrack version 0.5.0 (3958 buckets, 15832 max)
[    0.610130] ctnetlink v0.93: registering with nfnetlink.
[    0.612414] ipip: IPv4 over IPv4 tunneling driver
[    0.615231] gre: GRE over IPv4 demultiplexor driver
[    0.616241] ip_gre: GRE over IPv4 tunneling driver
[    0.621171] ip_tables: (C) 2000-2006 Netfilter Core Team
[    0.623681] arp_tables: (C) 2002 David S. Miller
[    0.625817] Initializing XFRM netlink socket
[    0.627100] NET: Registered protocol family 10
[    0.633673] ip6_tables: (C) 2000-2006 Netfilter Core Team
[    0.636381] sit: IPv6 over IPv4 tunneling driver
[    0.640547] NET: Registered protocol family 17
[    0.641943] bridge: automatic filtering via arp/ip/ip6tables has been deprecated. Update your scripts to load br_netfilter if you need this.
[    0.644597] Bridge firewalling registered
[    0.645435] Ebtables v2.0 registered
[    0.647122] 8021q: 802.1Q VLAN Support v1.8
[    0.648493] Registering SWP/SWPB emulation handler
[    0.651190] hctosys: unable to open rtc device (rtc0)
[    0.667405] UDF-fs: warning (device vda1): udf_fill_super: No partition found (2)
[    0.684450] UDF-fs: warning (device vda1): udf_fill_super: No partition found (2)
[    0.686012] List of all partitions:
[    0.686876] 0100            8192 ram0  (driver?)
[    0.687773] 0101            8192 ram1  (driver?)
[    0.688654] 0102            8192 ram2  (driver?)
[    0.689521] 0103            8192 ram3  (driver?)
[    0.690440] 0104            8192 ram4  (driver?)
[    0.691305] 0105            8192 ram5  (driver?)
[    0.692234] 0106            8192 ram6  (driver?)
[    0.693098] 0107            8192 ram7  (driver?)
[    0.694214] 0108            8192 ram8  (driver?)
[    0.695093] 0109            8192 ram9  (driver?)
[    0.695628] 010a            8192 ram10  (driver?)
[    0.696162] 010b            8192 ram11  (driver?)
[    0.696619] 010c            8192 ram12  (driver?)
[    0.697113] 010d            8192 ram13  (driver?)
[    0.697553] 010e            8192 ram14  (driver?)
[    0.698187] 010f            8192 ram15  (driver?)
[    0.698473] fe00         1048576 vda  driver: virtio_blk
[    0.699283]   fe01         1047552 vda1 a3ade15c-01
[    0.699675] 1f00            1024 mtdblock0  (driver?)
[    0.700271] 1f01            1024 mtdblock1  (driver?)
[    0.700820] 1f02            1024 mtdblock2  (driver?)
[    0.701368] 1f03            1024 mtdblock3  (driver?)
[    0.701724] 1f04            1024 mtdblock4  (driver?)
[    0.702534] 1f05            1024 mtdblock5  (driver?)
[    0.702824] 1f06            1024 mtdblock6  (driver?)
[    0.703541] 1f07            1024 mtdblock7  (driver?)
[    0.704694] 1f08            1024 mtdblock8  (driver?)
[    0.705126] 1f09            1024 mtdblock9  (driver?)
[    0.705838] 1f0a          120832 mtdblock10  (driver?)
[    0.706215] No filesystem could mount root, tried:  ext3 ext2 ext4 cramfs squashfs vfat iso9660 romfs udf
[    0.707853] Kernel panic - not syncing: VFS: Unable to mount root fs on unknown-block(254,1)
[    0.708974] CPU: 0 PID: 1 Comm: swapper Tainted: G        W       4.1.17+ #1
[    0.709588] Hardware name: Generic DT based system
[    0.710157] [<c001c99c>] (unwind_backtrace) from [<c0019d30>] (show_stack+0x10/0x14)
[    0.710962] [<c0019d30>] (show_stack) from [<c0410b78>] (panic+0x70/0x1c8)
[    0.711564] [<c0410b78>] (panic) from [<c05c81bc>] (mount_block_root+0x268/0x2ac)
[    0.712306] [<c05c81bc>] (mount_block_root) from [<c05c84a4>] (prepare_namespace+0x158/0x1ac)
[    0.713051] [<c05c84a4>] (prepare_namespace) from [<c05c7d84>] (kernel_init_freeable+0x16c/0x1b0)
[    0.714042] [<c05c7d84>] (kernel_init_freeable) from [<c040f28c>] (kernel_init+0x8/0xe4)
[    0.714893] [<c040f28c>] (kernel_init) from [<c0016da8>] (ret_from_fork+0x14/0x2c)
[    0.715992] ---[ end Kernel panic - not syncing: VFS: Unable to mount root fs on unknown-block(254,1)
