[    0.000000] Booting Linux on physical CPU 0x0
[    0.000000] Linux version 4.1.17+ (vagrant@vagrant-ubuntu-trusty-64) (gcc version 5.3.0 (GCC) ) #1 Thu Feb 18 01:05:21 UTC 2016
[    0.000000] CPU: ARMv7 Processor [412fc0f1] revision 1 (ARMv7), cr=10c5387d
[    0.000000] CPU: PIPT / VIPT nonaliasing data cache, PIPT instruction cache
[    0.000000] Machine model: linux,dummy-virt
[    0.000000] debug: ignoring loglevel setting.
[    0.000000] Memory policy: Data cache writeback
[    0.000000] On node 0 totalpages: 65536
[    0.000000] free_area_init_node: node 0, pgdat c061dfe8, node_mem_map cfdf9000
[    0.000000]   Normal zone: 512 pages used for memmap
[    0.000000]   Normal zone: 0 pages reserved
[    0.000000]   Normal zone: 65536 pages, LIFO batch:15
[    0.000000] CPU: All CPU(s) started in SVC mode.
[    0.000000] pcpu-alloc: s0 r0 d32768 u32768 alloc=1*32768
[    0.000000] pcpu-alloc: [0] 0 
[    0.000000] Built 1 zonelists in Zone order, mobility grouping on.  Total pages: 65024
[    0.000000] Kernel command line: firmadyne.syscall=1 root=/dev/vda1 console=ttyS0 nandsim.parts=64,64,64,64,64,64,64,64,64,64 rdinit=/firmadyne/preInit.sh rw debug ignore_loglevel print-fatal-signals=1 user_debug=31
[    0.000000] PID hash table entries: 1024 (order: 0, 4096 bytes)
[    0.000000] Dentry cache hash table entries: 32768 (order: 5, 131072 bytes)
[    0.000000] Inode-cache hash table entries: 16384 (order: 4, 65536 bytes)
[    0.000000] Memory: 253344K/262144K available (4297K kernel code, 170K rwdata, 1584K rodata, 180K init, 148K bss, 8800K reserved, 0K cma-reserved)
[    0.000000] Virtual kernel memory layout:
[    0.000000]     vector  : 0xffff0000 - 0xffff1000   (   4 kB)
[    0.000000]     fixmap  : 0xffc00000 - 0xfff00000   (3072 kB)
[    0.000000]     vmalloc : 0xd0800000 - 0xff000000   ( 744 MB)
[    0.000000]     lowmem  : 0xc0000000 - 0xd0000000   ( 256 MB)
[    0.000000]     modules : 0xbf000000 - 0xc0000000   (  16 MB)
[    0.000000]       .text : 0xc0008000 - 0xc05c67bc   (5882 kB)
[    0.000000]       .init : 0xc05c7000 - 0xc05f4000   ( 180 kB)
[    0.000000]       .data : 0xc05f4000 - 0xc061e840   ( 171 kB)
[    0.000000]        .bss : 0xc0621000 - 0xc06462d4   ( 149 kB)
[    0.000000] NR_IRQS:16 nr_irqs:16 16
[    0.000000] Architected cp15 timer(s) running at 62.50MHz (virt).
[    0.000000] clocksource arch_sys_counter: mask: 0xffffffffffffff max_cycles: 0x1cd42e208c, max_idle_ns: 881590405314 ns
[    0.000139] sched_clock: 56 bits at 62MHz, resolution 16ns, wraps every 4398046511096ns
[    0.000240] Switching to timer-based delay loop, resolution 16ns
[    0.002767] Console: colour dummy device 80x30
[    0.003026] Calibrating delay loop (skipped), value calculated using timer frequency.. 125.00 BogoMIPS (lpj=625000)
[    0.003139] pid_max: default: 32768 minimum: 301
[    0.003870] Mount-cache hash table entries: 1024 (order: 0, 4096 bytes)
[    0.003899] Mountpoint-cache hash table entries: 1024 (order: 0, 4096 bytes)
[    0.011440] CPU: Testing write buffer coherency: ok
[    0.016469] Setting up static identity map for 0x40008240 - 0x40008298
[    0.028543] VFP support v0.3: implementor 41 architecture 4 part 30 variant f rev 0
[    0.038610] clocksource jiffies: mask: 0xffffffff max_cycles: 0xffffffff, max_idle_ns: 19112604462750000 ns
[    0.046143] NET: Registered protocol family 16
[    0.048984] DMA: preallocated 256 KiB pool for atomic coherent allocations
[    0.052208] cpuidle: using governor ladder
[    0.052331] cpuidle: using governor menu
[    0.055490] genirq: Setting trigger mode 1 for irq 20 failed (gic_set_type+0x0/0x48)
[    0.056925] genirq: Setting trigger mode 1 for irq 21 failed (gic_set_type+0x0/0x48)
[    0.057185] genirq: Setting trigger mode 1 for irq 22 failed (gic_set_type+0x0/0x48)
[    0.057464] genirq: Setting trigger mode 1 for irq 23 failed (gic_set_type+0x0/0x48)
[    0.057728] genirq: Setting trigger mode 1 for irq 24 failed (gic_set_type+0x0/0x48)
[    0.057992] genirq: Setting trigger mode 1 for irq 25 failed (gic_set_type+0x0/0x48)
[    0.058256] genirq: Setting trigger mode 1 for irq 26 failed (gic_set_type+0x0/0x48)
[    0.058496] genirq: Setting trigger mode 1 for irq 27 failed (gic_set_type+0x0/0x48)
[    0.058831] genirq: Setting trigger mode 1 for irq 28 failed (gic_set_type+0x0/0x48)
[    0.059097] genirq: Setting trigger mode 1 for irq 29 failed (gic_set_type+0x0/0x48)
[    0.059329] genirq: Setting trigger mode 1 for irq 30 failed (gic_set_type+0x0/0x48)
[    0.059576] genirq: Setting trigger mode 1 for irq 31 failed (gic_set_type+0x0/0x48)
[    0.059806] genirq: Setting trigger mode 1 for irq 32 failed (gic_set_type+0x0/0x48)
[    0.060059] genirq: Setting trigger mode 1 for irq 33 failed (gic_set_type+0x0/0x48)
[    0.060290] genirq: Setting trigger mode 1 for irq 34 failed (gic_set_type+0x0/0x48)
[    0.060517] genirq: Setting trigger mode 1 for irq 35 failed (gic_set_type+0x0/0x48)
[    0.060751] genirq: Setting trigger mode 1 for irq 36 failed (gic_set_type+0x0/0x48)
[    0.061002] genirq: Setting trigger mode 1 for irq 37 failed (gic_set_type+0x0/0x48)
[    0.061283] genirq: Setting trigger mode 1 for irq 38 failed (gic_set_type+0x0/0x48)
[    0.061558] genirq: Setting trigger mode 1 for irq 39 failed (gic_set_type+0x0/0x48)
[    0.061799] genirq: Setting trigger mode 1 for irq 40 failed (gic_set_type+0x0/0x48)
[    0.062371] genirq: Setting trigger mode 1 for irq 41 failed (gic_set_type+0x0/0x48)
[    0.062649] genirq: Setting trigger mode 1 for irq 42 failed (gic_set_type+0x0/0x48)
[    0.062902] genirq: Setting trigger mode 1 for irq 43 failed (gic_set_type+0x0/0x48)
[    0.063370] genirq: Setting trigger mode 1 for irq 44 failed (gic_set_type+0x0/0x48)
[    0.063659] genirq: Setting trigger mode 1 for irq 45 failed (gic_set_type+0x0/0x48)
[    0.063907] genirq: Setting trigger mode 1 for irq 46 failed (gic_set_type+0x0/0x48)
[    0.064215] genirq: Setting trigger mode 1 for irq 47 failed (gic_set_type+0x0/0x48)
[    0.064472] genirq: Setting trigger mode 1 for irq 48 failed (gic_set_type+0x0/0x48)
[    0.064714] genirq: Setting trigger mode 1 for irq 49 failed (gic_set_type+0x0/0x48)
[    0.064950] genirq: Setting trigger mode 1 for irq 50 failed (gic_set_type+0x0/0x48)
[    0.065204] genirq: Setting trigger mode 1 for irq 51 failed (gic_set_type+0x0/0x48)
[    0.065642] genirq: Setting trigger mode 1 for irq 52 failed (gic_set_type+0x0/0x48)
[    0.068673] Serial: AMBA PL011 UART driver
[    0.070375] 9000000.pl011: ttyS0 at MMIO 0x9000000 (irq = 52, base_baud = 0) is a PL011 rev1
[    0.091902] console [ttyS0] enabled
[    0.111171] vgaarb: loaded
[    0.112367] SCSI subsystem initialized
[    0.113230] usbcore: registered new interface driver usbfs
[    0.113617] usbcore: registered new interface driver hub
[    0.113975] usbcore: registered new device driver usb
[    0.121450] cfg80211: Calling CRDA to update world regulatory domain
[    0.123448] Switched to clocksource arch_sys_counter
[    0.137774] NET: Registered protocol family 2
[    0.141783] TCP established hash table entries: 2048 (order: 1, 8192 bytes)
[    0.142155] TCP bind hash table entries: 2048 (order: 1, 8192 bytes)
[    0.142528] TCP: Hash tables configured (established 2048 bind 2048)
[    0.143048] UDP hash table entries: 256 (order: 0, 4096 bytes)
[    0.143644] UDP-Lite hash table entries: 256 (order: 0, 4096 bytes)
[    0.145142] NET: Registered protocol family 1
[    0.145607] PCI: CLS 0 bytes, default 64
[    0.151467] NetWinder Floating Point Emulator V0.97 (extended precision)
[    0.153859] futex hash table entries: 256 (order: -1, 3072 bytes)
[    0.158306] squashfs: version 4.0 (2009/01/31) Phillip Lougher
[    0.159256] jffs2: version 2.2. (NAND) Â© 2001-2006 Red Hat, Inc.
[    0.160030] romfs: ROMFS MTD (C) 2007 Red Hat, Inc.
[    0.167440] Block layer SCSI generic (bsg) driver version 0.4 loaded (major 253)
[    0.167828] io scheduler noop registered
[    0.168081] io scheduler cfq registered (default)
[    0.168718] firmadyne: devfs: 1, execute: 1, procfs: 1, syscall: 1
[    0.169870] ------------[ cut here ]------------
[    0.170092] WARNING: CPU: 0 PID: 1 at /home/vagrant/firmadyne-kernel/kernel-v4.1/fs/sysfs/dir.c:31 sysfs_warn_dup+0x50/0x6c()
[    0.170495] sysfs: cannot create duplicate filename '/class/gpio'
[    0.170749] Modules linked in:
[    0.171057] CPU: 0 PID: 1 Comm: swapper Not tainted 4.1.17+ #1
[    0.171276] Hardware name: Generic DT based system
[    0.171949] [<c001c99c>] (unwind_backtrace) from [<c0019d30>] (show_stack+0x10/0x14)
[    0.172310] [<c0019d30>] (show_stack) from [<c0024ab4>] (warn_slowpath_common+0x80/0xa8)
[    0.172635] [<c0024ab4>] (warn_slowpath_common) from [<c0024b08>] (warn_slowpath_fmt+0x2c/0x3c)
[    0.173004] [<c0024b08>] (warn_slowpath_fmt) from [<c00e363c>] (sysfs_warn_dup+0x50/0x6c)
[    0.173541] [<c00e363c>] (sysfs_warn_dup) from [<c00e3714>] (sysfs_create_dir_ns+0x74/0x84)
[    0.173862] [<c00e3714>] (sysfs_create_dir_ns) from [<c018e6ac>] (kobject_add_internal+0xb8/0x2ac)
[    0.174202] [<c018e6ac>] (kobject_add_internal) from [<c018e9a8>] (kset_register+0x1c/0x44)
[    0.174510] [<c018e9a8>] (kset_register) from [<c02090b4>] (__class_register+0xa8/0x198)
[    0.174817] [<c02090b4>] (__class_register) from [<c02091e4>] (__class_create+0x40/0x70)
[    0.175118] [<c02091e4>] (__class_create) from [<c01adf68>] (register_devfs_stubs+0x314/0xbb4)
[    0.175435] [<c01adf68>] (register_devfs_stubs) from [<c05d9b08>] (init_module+0x28/0xa4)
[    0.175773] [<c05d9b08>] (init_module) from [<c0009670>] (do_one_initcall+0x104/0x1b4)
[    0.176072] [<c0009670>] (do_one_initcall) from [<c05c7d08>] (kernel_init_freeable+0xf0/0x1b0)
[    0.176390] [<c05c7d08>] (kernel_init_freeable) from [<c040f28c>] (kernel_init+0x8/0xe4)
[    0.176693] [<c040f28c>] (kernel_init) from [<c0016da8>] (ret_from_fork+0x14/0x2c)
[    0.177032] ---[ end trace 87f77a1e2c0014b2 ]---
[    0.177275] ------------[ cut here ]------------
[    0.177473] WARNING: CPU: 0 PID: 1 at /home/vagrant/firmadyne-kernel/kernel-v4.1/lib/kobject.c:240 kobject_add_internal+0x240/0x2ac()
[    0.177893] kobject_add_internal failed for gpio with -EEXIST, don't try to register things with the same name in the same directory.
[    0.178312] Modules linked in:
[    0.178499] CPU: 0 PID: 1 Comm: swapper Tainted: G        W       4.1.17+ #1
[    0.178755] Hardware name: Generic DT based system
[    0.178951] [<c001c99c>] (unwind_backtrace) from [<c0019d30>] (show_stack+0x10/0x14)
[    0.179241] [<c0019d30>] (show_stack) from [<c0024ab4>] (warn_slowpath_common+0x80/0xa8)
[    0.179542] [<c0024ab4>] (warn_slowpath_common) from [<c0024b08>] (warn_slowpath_fmt+0x2c/0x3c)
[    0.179871] [<c0024b08>] (warn_slowpath_fmt) from [<c018e834>] (kobject_add_internal+0x240/0x2ac)
[    0.180194] [<c018e834>] (kobject_add_internal) from [<c018e9a8>] (kset_register+0x1c/0x44)
[    0.180499] [<c018e9a8>] (kset_register) from [<c02090b4>] (__class_register+0xa8/0x198)
[    0.180803] [<c02090b4>] (__class_register) from [<c02091e4>] (__class_create+0x40/0x70)
[    0.181103] [<c02091e4>] (__class_create) from [<c01adf68>] (register_devfs_stubs+0x314/0xbb4)
[    0.181478] [<c01adf68>] (register_devfs_stubs) from [<c05d9b08>] (init_module+0x28/0xa4)
[    0.181786] [<c05d9b08>] (init_module) from [<c0009670>] (do_one_initcall+0x104/0x1b4)
[    0.182089] [<c0009670>] (do_one_initcall) from [<c05c7d08>] (kernel_init_freeable+0xf0/0x1b0)
[    0.182403] [<c05c7d08>] (kernel_init_freeable) from [<c040f28c>] (kernel_init+0x8/0xe4)
[    0.182696] [<c040f28c>] (kernel_init) from [<c0016da8>] (ret_from_fork+0x14/0x2c)
[    0.182981] ---[ end trace 87f77a1e2c0014b3 ]---
[    0.183385] firmadyne: Cannot create device class: gpio!
[    0.184779] firmadyne: Cannot register character device: watchdog, 0xa, 0x82!
[    0.185071] firmadyne: Cannot register character device: wdt, 0xfd, 0x0!
[    0.279741] Non-volatile memory driver v1.3
[    0.298815] brd: module loaded
[    0.307058] loop: module loaded
[    0.315230]  vda: vda1
[    0.319115] [nandsim] warning: read_byte: unexpected data output cycle, state is STATE_READY return 0x0
[    0.319478] [nandsim] warning: read_byte: unexpected data output cycle, state is STATE_READY return 0x0
[    0.319812] [nandsim] warning: read_byte: unexpected data output cycle, state is STATE_READY return 0x0
[    0.320134] [nandsim] warning: read_byte: unexpected data output cycle, state is STATE_READY return 0x0
[    0.320457] [nandsim] warning: read_byte: unexpected data output cycle, state is STATE_READY return 0x0
[    0.320786] [nandsim] warning: read_byte: unexpected data output cycle, state is STATE_READY return 0x0
[    0.321315] nand: device found, Manufacturer ID: 0x98, Chip ID: 0x39
[    0.321583] nand: Toshiba NAND 128MiB 1,8V 8-bit
[    0.321775] nand: 128 MiB, SLC, erase size: 16 KiB, page size: 512, OOB size: 16
[    0.322672] flash size: 128 MiB
[    0.322799] page size: 512 bytes
[    0.322922] OOB area size: 16 bytes
[    0.323055] sector size: 16 KiB
[    0.323373] pages number: 262144
[    0.323500] pages per sector: 32
[    0.323633] bus width: 8
[    0.323734] bits in sector size: 14
[    0.323865] bits in page size: 9
[    0.323992] bits in OOB size: 4
[    0.324122] flash size with OOB: 135168 KiB
[    0.324276] page address bytes: 4
[    0.324402] sector address bytes: 3
[    0.324535] options: 0x42
[    0.328697] Scanning device for bad blocks
[    0.455733] Creating 11 MTD partitions on "NAND 128MiB 1,8V 8-bit":
[    0.456228] 0x000000000000-0x000000100000 : "NAND simulator partition 0"
[    0.459099] 0x000000100000-0x000000200000 : "NAND simulator partition 1"
[    0.460417] 0x000000200000-0x000000300000 : "NAND simulator partition 2"
[    0.461719] 0x000000300000-0x000000400000 : "NAND simulator partition 3"
[    0.463019] 0x000000400000-0x000000500000 : "NAND simulator partition 4"
[    0.464523] 0x000000500000-0x000000600000 : "NAND simulator partition 5"
[    0.465868] 0x000000600000-0x000000700000 : "NAND simulator partition 6"
[    0.467189] 0x000000700000-0x000000800000 : "NAND simulator partition 7"
[    0.468601] 0x000000800000-0x000000900000 : "NAND simulator partition 8"
[    0.470058] 0x000000900000-0x000000a00000 : "NAND simulator partition 9"
[    0.471387] 0x000000a00000-0x000008000000 : "NAND simulator partition 10"
[    0.475848] tun: Universal TUN/TAP device driver, 1.6
[    0.476048] tun: (C) 1999-2004 Max Krasnyansky <maxk@qualcomm.com>
[    0.495128] PPP generic driver version 2.4.2
[    0.495801] PPP BSD Compression module registered
[    0.496022] PPP Deflate Compression module registered
[    0.496294] PPP MPPE Compression module registered
[    0.496506] NET: Registered protocol family 24
[    0.496851] PPTP driver version 0.8.5
[    0.497546] usbcore: registered new interface driver usb-storage
[    0.499110] hidraw: raw HID events driver (C) Jiri Kosina
[    0.499620] usbcore: registered new interface driver usbhid
[    0.499842] usbhid: USB HID core driver
[    0.500288] Netfilter messages via NETLINK v0.30.
[    0.500896] nf_conntrack version 0.5.0 (3958 buckets, 15832 max)
[    0.502195] ctnetlink v0.93: registering with nfnetlink.
[    0.503724] ipip: IPv4 over IPv4 tunneling driver
[    0.505565] gre: GRE over IPv4 demultiplexor driver
[    0.505788] ip_gre: GRE over IPv4 tunneling driver
[    0.509855] ip_tables: (C) 2000-2006 Netfilter Core Team
[    0.511385] arp_tables: (C) 2002 David S. Miller
[    0.512410] Initializing XFRM netlink socket
[    0.512901] NET: Registered protocol family 10
[    0.518908] ip6_tables: (C) 2000-2006 Netfilter Core Team
[    0.520386] sit: IPv6 over IPv4 tunneling driver
[    0.523901] NET: Registered protocol family 17
[    0.524490] bridge: automatic filtering via arp/ip/ip6tables has been deprecated. Update your scripts to load br_netfilter if you need this.
[    0.525004] Bridge firewalling registered
[    0.525196] Ebtables v2.0 registered
[    0.526239] 8021q: 802.1Q VLAN Support v1.8
[    0.526840] Registering SWP/SWPB emulation handler
[    0.528676] hctosys: unable to open rtc device (rtc0)
[    0.543545] UDF-fs: warning (device vda1): udf_fill_super: No partition found (2)
[    0.559405] UDF-fs: warning (device vda1): udf_fill_super: No partition found (2)
[    0.559761] List of all partitions:
[    0.560039] 0100            8192 ram0  (driver?)
[    0.560252] 0101            8192 ram1  (driver?)
[    0.560434] 0102            8192 ram2  (driver?)
[    0.560613] 0103            8192 ram3  (driver?)
[    0.560792] 0104            8192 ram4  (driver?)
[    0.560979] 0105            8192 ram5  (driver?)
[    0.561157] 0106            8192 ram6  (driver?)
[    0.561335] 0107            8192 ram7  (driver?)
[    0.561530] 0108            8192 ram8  (driver?)
[    0.561708] 0109            8192 ram9  (driver?)
[    0.561886] 010a            8192 ram10  (driver?)
[    0.562089] 010b            8192 ram11  (driver?)
[    0.562272] 010c            8192 ram12  (driver?)
[    0.562453] 010d            8192 ram13  (driver?)
[    0.562633] 010e            8192 ram14  (driver?)
[    0.562814] 010f            8192 ram15  (driver?)
[    0.563007] fe00         1048576 vda  driver: virtio_blk
[    0.563420]   fe01         1047552 vda1 58529cc0-01
[    0.563617] 1f00            1024 mtdblock0  (driver?)
[    0.563812] 1f01            1024 mtdblock1  (driver?)
[    0.564014] 1f02            1024 mtdblock2  (driver?)
[    0.564207] 1f03            1024 mtdblock3  (driver?)
[    0.564402] 1f04            1024 mtdblock4  (driver?)
[    0.564596] 1f05            1024 mtdblock5  (driver?)
[    0.564789] 1f06            1024 mtdblock6  (driver?)
[    0.564989] 1f07            1024 mtdblock7  (driver?)
[    0.565180] 1f08            1024 mtdblock8  (driver?)
[    0.565374] 1f09            1024 mtdblock9  (driver?)
[    0.565625] 1f0a          120832 mtdblock10  (driver?)
[    0.565835] No filesystem could mount root, tried:  ext3 ext2 ext4 cramfs squashfs vfat iso9660 romfs udf
[    0.566394] Kernel panic - not syncing: VFS: Unable to mount root fs on unknown-block(254,1)
[    0.566716] CPU: 0 PID: 1 Comm: swapper Tainted: G        W       4.1.17+ #1
[    0.566968] Hardware name: Generic DT based system
[    0.567186] [<c001c99c>] (unwind_backtrace) from [<c0019d30>] (show_stack+0x10/0x14)
[    0.567474] [<c0019d30>] (show_stack) from [<c0410b78>] (panic+0x70/0x1c8)
[    0.567740] [<c0410b78>] (panic) from [<c05c81bc>] (mount_block_root+0x268/0x2ac)
[    0.568029] [<c05c81bc>] (mount_block_root) from [<c05c84a4>] (prepare_namespace+0x158/0x1ac)
[    0.568343] [<c05c84a4>] (prepare_namespace) from [<c05c7d84>] (kernel_init_freeable+0x16c/0x1b0)
[    0.568663] [<c05c7d84>] (kernel_init_freeable) from [<c040f28c>] (kernel_init+0x8/0xe4)
[    0.568955] [<c040f28c>] (kernel_init) from [<c0016da8>] (ret_from_fork+0x14/0x2c)
[    0.569419] ---[ end Kernel panic - not syncing: VFS: Unable to mount root fs on unknown-block(254,1)
