[    0.000000] Booting Linux on physical CPU 0x0
[    0.000000] Linux version 4.1.17+ (vagrant@vagrant-ubuntu-trusty-64) (gcc version 5.3.0 (GCC) ) #1 Thu Feb 18 01:05:21 UTC 2016
[    0.000000] CPU: ARMv7 Processor [412fc0f1] revision 1 (ARMv7), cr=10c5387d
[    0.000000] CPU: PIPT / VIPT nonaliasing data cache, PIPT instruction cache
[    0.000000] Machine model: linux,dummy-virt
[    0.000000] debug: ignoring loglevel setting.
[    0.000000] Memory policy: Data cache writeback
[    0.000000] On node 0 totalpages: 65536
[    0.000000] free_area_init_node: node 0, pgdat c061dfe8, node_mem_map cfdf9000
[    0.000000]   Normal zone: 512 pages used for memmap
[    0.000000]   Normal zone: 0 pages reserved
[    0.000000]   Normal zone: 65536 pages, LIFO batch:15
[    0.000000] CPU: All CPU(s) started in SVC mode.
[    0.000000] pcpu-alloc: s0 r0 d32768 u32768 alloc=1*32768
[    0.000000] pcpu-alloc: [0] 0 
[    0.000000] Built 1 zonelists in Zone order, mobility grouping on.  Total pages: 65024
[    0.000000] Kernel command line: root=/dev/vda1 console=ttyS0 nandsim.parts=64,64,64,64,64,64,64,64,64,64 rdinit=/firmadyne/preInit.sh rw debug ignore_loglevel print-fatal-signals=1 user_debug=31 firmadyne.syscall=0
[    0.000000] PID hash table entries: 1024 (order: 0, 4096 bytes)
[    0.000000] Dentry cache hash table entries: 32768 (order: 5, 131072 bytes)
[    0.000000] Inode-cache hash table entries: 16384 (order: 4, 65536 bytes)
[    0.000000] Memory: 253344K/262144K available (4297K kernel code, 170K rwdata, 1584K rodata, 180K init, 148K bss, 8800K reserved, 0K cma-reserved)
[    0.000000] Virtual kernel memory layout:
[    0.000000]     vector  : 0xffff0000 - 0xffff1000   (   4 kB)
[    0.000000]     fixmap  : 0xffc00000 - 0xfff00000   (3072 kB)
[    0.000000]     vmalloc : 0xd0800000 - 0xff000000   ( 744 MB)
[    0.000000]     lowmem  : 0xc0000000 - 0xd0000000   ( 256 MB)
[    0.000000]     modules : 0xbf000000 - 0xc0000000   (  16 MB)
[    0.000000]       .text : 0xc0008000 - 0xc05c67bc   (5882 kB)
[    0.000000]       .init : 0xc05c7000 - 0xc05f4000   ( 180 kB)
[    0.000000]       .data : 0xc05f4000 - 0xc061e840   ( 171 kB)
[    0.000000]        .bss : 0xc0621000 - 0xc06462d4   ( 149 kB)
[    0.000000] NR_IRQS:16 nr_irqs:16 16
[    0.000000] Architected cp15 timer(s) running at 62.50MHz (virt).
[    0.000000] clocksource arch_sys_counter: mask: 0xffffffffffffff max_cycles: 0x1cd42e208c, max_idle_ns: 881590405314 ns
[    0.000125] sched_clock: 56 bits at 62MHz, resolution 16ns, wraps every 4398046511096ns
[    0.000227] Switching to timer-based delay loop, resolution 16ns
[    0.002699] Console: colour dummy device 80x30
[    0.002963] Calibrating delay loop (skipped), value calculated using timer frequency.. 125.00 BogoMIPS (lpj=625000)
[    0.003061] pid_max: default: 32768 minimum: 301
[    0.003779] Mount-cache hash table entries: 1024 (order: 0, 4096 bytes)
[    0.003807] Mountpoint-cache hash table entries: 1024 (order: 0, 4096 bytes)
[    0.011184] CPU: Testing write buffer coherency: ok
[    0.016102] Setting up static identity map for 0x40008240 - 0x40008298
[    0.028105] VFP support v0.3: implementor 41 architecture 4 part 30 variant f rev 0
[    0.037950] clocksource jiffies: mask: 0xffffffff max_cycles: 0xffffffff, max_idle_ns: 19112604462750000 ns
[    0.045317] NET: Registered protocol family 16
[    0.047793] DMA: preallocated 256 KiB pool for atomic coherent allocations
[    0.050976] cpuidle: using governor ladder
[    0.051099] cpuidle: using governor menu
[    0.054136] genirq: Setting trigger mode 1 for irq 20 failed (gic_set_type+0x0/0x48)
[    0.055545] genirq: Setting trigger mode 1 for irq 21 failed (gic_set_type+0x0/0x48)
[    0.055799] genirq: Setting trigger mode 1 for irq 22 failed (gic_set_type+0x0/0x48)
[    0.056052] genirq: Setting trigger mode 1 for irq 23 failed (gic_set_type+0x0/0x48)
[    0.056308] genirq: Setting trigger mode 1 for irq 24 failed (gic_set_type+0x0/0x48)
[    0.056550] genirq: Setting trigger mode 1 for irq 25 failed (gic_set_type+0x0/0x48)
[    0.056782] genirq: Setting trigger mode 1 for irq 26 failed (gic_set_type+0x0/0x48)
[    0.057026] genirq: Setting trigger mode 1 for irq 27 failed (gic_set_type+0x0/0x48)
[    0.057357] genirq: Setting trigger mode 1 for irq 28 failed (gic_set_type+0x0/0x48)
[    0.057602] genirq: Setting trigger mode 1 for irq 29 failed (gic_set_type+0x0/0x48)
[    0.057845] genirq: Setting trigger mode 1 for irq 30 failed (gic_set_type+0x0/0x48)
[    0.058096] genirq: Setting trigger mode 1 for irq 31 failed (gic_set_type+0x0/0x48)
[    0.058323] genirq: Setting trigger mode 1 for irq 32 failed (gic_set_type+0x0/0x48)
[    0.058557] genirq: Setting trigger mode 1 for irq 33 failed (gic_set_type+0x0/0x48)
[    0.058781] genirq: Setting trigger mode 1 for irq 34 failed (gic_set_type+0x0/0x48)
[    0.059003] genirq: Setting trigger mode 1 for irq 35 failed (gic_set_type+0x0/0x48)
[    0.059234] genirq: Setting trigger mode 1 for irq 36 failed (gic_set_type+0x0/0x48)
[    0.059469] genirq: Setting trigger mode 1 for irq 37 failed (gic_set_type+0x0/0x48)
[    0.059742] genirq: Setting trigger mode 1 for irq 38 failed (gic_set_type+0x0/0x48)
[    0.059986] genirq: Setting trigger mode 1 for irq 39 failed (gic_set_type+0x0/0x48)
[    0.060219] genirq: Setting trigger mode 1 for irq 40 failed (gic_set_type+0x0/0x48)
[    0.060458] genirq: Setting trigger mode 1 for irq 41 failed (gic_set_type+0x0/0x48)
[    0.060703] genirq: Setting trigger mode 1 for irq 42 failed (gic_set_type+0x0/0x48)
[    0.060948] genirq: Setting trigger mode 1 for irq 43 failed (gic_set_type+0x0/0x48)
[    0.061212] genirq: Setting trigger mode 1 for irq 44 failed (gic_set_type+0x0/0x48)
[    0.061466] genirq: Setting trigger mode 1 for irq 45 failed (gic_set_type+0x0/0x48)
[    0.061703] genirq: Setting trigger mode 1 for irq 46 failed (gic_set_type+0x0/0x48)
[    0.062001] genirq: Setting trigger mode 1 for irq 47 failed (gic_set_type+0x0/0x48)
[    0.062252] genirq: Setting trigger mode 1 for irq 48 failed (gic_set_type+0x0/0x48)
[    0.062490] genirq: Setting trigger mode 1 for irq 49 failed (gic_set_type+0x0/0x48)
[    0.062723] genirq: Setting trigger mode 1 for irq 50 failed (gic_set_type+0x0/0x48)
[    0.063154] genirq: Setting trigger mode 1 for irq 51 failed (gic_set_type+0x0/0x48)
[    0.063584] genirq: Setting trigger mode 1 for irq 52 failed (gic_set_type+0x0/0x48)
[    0.066561] Serial: AMBA PL011 UART driver
[    0.068187] 9000000.pl011: ttyS0 at MMIO 0x9000000 (irq = 52, base_baud = 0) is a PL011 rev1
[    0.124832] console [ttyS0] enabled
[    0.143697] vgaarb: loaded
[    0.145440] SCSI subsystem initialized
[    0.147190] usbcore: registered new interface driver usbfs
[    0.148445] usbcore: registered new interface driver hub
[    0.149656] usbcore: registered new device driver usb
[    0.157844] cfg80211: Calling CRDA to update world regulatory domain
[    0.160875] Switched to clocksource arch_sys_counter
[    0.175656] NET: Registered protocol family 2
[    0.180468] TCP established hash table entries: 2048 (order: 1, 8192 bytes)
[    0.182273] TCP bind hash table entries: 2048 (order: 1, 8192 bytes)
[    0.183631] TCP: Hash tables configured (established 2048 bind 2048)
[    0.185178] UDP hash table entries: 256 (order: 0, 4096 bytes)
[    0.186392] UDP-Lite hash table entries: 256 (order: 0, 4096 bytes)
[    0.188616] NET: Registered protocol family 1
[    0.189836] PCI: CLS 0 bytes, default 64
[    0.196441] NetWinder Floating Point Emulator V0.97 (extended precision)
[    0.199671] futex hash table entries: 256 (order: -1, 3072 bytes)
[    0.205243] squashfs: version 4.0 (2009/01/31) Phillip Lougher
[    0.207468] jffs2: version 2.2. (NAND) Â© 2001-2006 Red Hat, Inc.
[    0.209264] romfs: ROMFS MTD (C) 2007 Red Hat, Inc.
[    0.216975] Block layer SCSI generic (bsg) driver version 0.4 loaded (major 253)
[    0.218542] io scheduler noop registered
[    0.219417] io scheduler cfq registered (default)
[    0.221022] firmadyne: devfs: 1, execute: 1, procfs: 1, syscall: 0
[    0.223207] ------------[ cut here ]------------
[    0.224117] WARNING: CPU: 0 PID: 1 at /home/vagrant/firmadyne-kernel/kernel-v4.1/fs/sysfs/dir.c:31 sysfs_warn_dup+0x50/0x6c()
[    0.226190] sysfs: cannot create duplicate filename '/class/gpio'
[    0.227316] Modules linked in:
[    0.228152] CPU: 0 PID: 1 Comm: swapper Not tainted 4.1.17+ #1
[    0.229236] Hardware name: Generic DT based system
[    0.230946] [<c001c99c>] (unwind_backtrace) from [<c0019d30>] (show_stack+0x10/0x14)
[    0.232504] [<c0019d30>] (show_stack) from [<c0024ab4>] (warn_slowpath_common+0x80/0xa8)
[    0.234054] [<c0024ab4>] (warn_slowpath_common) from [<c0024b08>] (warn_slowpath_fmt+0x2c/0x3c)
[    0.235693] [<c0024b08>] (warn_slowpath_fmt) from [<c00e363c>] (sysfs_warn_dup+0x50/0x6c)
[    0.237183] [<c00e363c>] (sysfs_warn_dup) from [<c00e3714>] (sysfs_create_dir_ns+0x74/0x84)
[    0.238026] [<c00e3714>] (sysfs_create_dir_ns) from [<c018e6ac>] (kobject_add_internal+0xb8/0x2ac)
[    0.238780] [<c018e6ac>] (kobject_add_internal) from [<c018e9a8>] (kset_register+0x1c/0x44)
[    0.239658] [<c018e9a8>] (kset_register) from [<c02090b4>] (__class_register+0xa8/0x198)
[    0.240505] [<c02090b4>] (__class_register) from [<c02091e4>] (__class_create+0x40/0x70)
[    0.241428] [<c02091e4>] (__class_create) from [<c01adf68>] (register_devfs_stubs+0x314/0xbb4)
[    0.242245] [<c01adf68>] (register_devfs_stubs) from [<c05d9b08>] (init_module+0x28/0xa4)
[    0.243304] [<c05d9b08>] (init_module) from [<c0009670>] (do_one_initcall+0x104/0x1b4)
[    0.244100] [<c0009670>] (do_one_initcall) from [<c05c7d08>] (kernel_init_freeable+0xf0/0x1b0)
[    0.244905] [<c05c7d08>] (kernel_init_freeable) from [<c040f28c>] (kernel_init+0x8/0xe4)
[    0.245636] [<c040f28c>] (kernel_init) from [<c0016da8>] (ret_from_fork+0x14/0x2c)
[    0.246396] ---[ end trace b8b88ddede1ccbc8 ]---
[    0.247069] ------------[ cut here ]------------
[    0.247652] WARNING: CPU: 0 PID: 1 at /home/vagrant/firmadyne-kernel/kernel-v4.1/lib/kobject.c:240 kobject_add_internal+0x240/0x2ac()
[    0.248758] kobject_add_internal failed for gpio with -EEXIST, don't try to register things with the same name in the same directory.
[    0.249790] Modules linked in:
[    0.250160] CPU: 0 PID: 1 Comm: swapper Tainted: G        W       4.1.17+ #1
[    0.251048] Hardware name: Generic DT based system
[    0.251788] [<c001c99c>] (unwind_backtrace) from [<c0019d30>] (show_stack+0x10/0x14)
[    0.252575] [<c0019d30>] (show_stack) from [<c0024ab4>] (warn_slowpath_common+0x80/0xa8)
[    0.253207] [<c0024ab4>] (warn_slowpath_common) from [<c0024b08>] (warn_slowpath_fmt+0x2c/0x3c)
[    0.254085] [<c0024b08>] (warn_slowpath_fmt) from [<c018e834>] (kobject_add_internal+0x240/0x2ac)
[    0.254765] [<c018e834>] (kobject_add_internal) from [<c018e9a8>] (kset_register+0x1c/0x44)
[    0.255599] [<c018e9a8>] (kset_register) from [<c02090b4>] (__class_register+0xa8/0x198)
[    0.256312] [<c02090b4>] (__class_register) from [<c02091e4>] (__class_create+0x40/0x70)
[    0.257255] [<c02091e4>] (__class_create) from [<c01adf68>] (register_devfs_stubs+0x314/0xbb4)
[    0.257909] [<c01adf68>] (register_devfs_stubs) from [<c05d9b08>] (init_module+0x28/0xa4)
[    0.258654] [<c05d9b08>] (init_module) from [<c0009670>] (do_one_initcall+0x104/0x1b4)
[    0.259536] [<c0009670>] (do_one_initcall) from [<c05c7d08>] (kernel_init_freeable+0xf0/0x1b0)
[    0.260412] [<c05c7d08>] (kernel_init_freeable) from [<c040f28c>] (kernel_init+0x8/0xe4)
[    0.261350] [<c040f28c>] (kernel_init) from [<c0016da8>] (ret_from_fork+0x14/0x2c)
[    0.262064] ---[ end trace b8b88ddede1ccbc9 ]---
[    0.262716] firmadyne: Cannot create device class: gpio!
[    0.264606] firmadyne: Cannot register character device: watchdog, 0xa, 0x82!
[    0.265989] firmadyne: Cannot register character device: wdt, 0xfd, 0x0!
[    0.359954] Non-volatile memory driver v1.3
[    0.378826] brd: module loaded
[    0.387183] loop: module loaded
[    0.396012]  vda: vda1
[    0.400281] [nandsim] warning: read_byte: unexpected data output cycle, state is STATE_READY return 0x0
[    0.402343] [nandsim] warning: read_byte: unexpected data output cycle, state is STATE_READY return 0x0
[    0.404021] [nandsim] warning: read_byte: unexpected data output cycle, state is STATE_READY return 0x0
[    0.405723] [nandsim] warning: read_byte: unexpected data output cycle, state is STATE_READY return 0x0
[    0.407406] [nandsim] warning: read_byte: unexpected data output cycle, state is STATE_READY return 0x0
[    0.408783] [nandsim] warning: read_byte: unexpected data output cycle, state is STATE_READY return 0x0
[    0.409950] nand: device found, Manufacturer ID: 0x98, Chip ID: 0x39
[    0.411365] nand: Toshiba NAND 128MiB 1,8V 8-bit
[    0.412007] nand: 128 MiB, SLC, erase size: 16 KiB, page size: 512, OOB size: 16
[    0.413299] flash size: 128 MiB
[    0.413923] page size: 512 bytes
[    0.414512] OOB area size: 16 bytes
[    0.415170] sector size: 16 KiB
[    0.415750] pages number: 262144
[    0.416369] pages per sector: 32
[    0.416817] bus width: 8
[    0.417134] bits in sector size: 14
[    0.417334] bits in page size: 9
[    0.417656] bits in OOB size: 4
[    0.418200] flash size with OOB: 135168 KiB
[    0.418367] page address bytes: 4
[    0.418932] sector address bytes: 3
[    0.419082] options: 0x42
[    0.424521] Scanning device for bad blocks
[    0.534452] Creating 11 MTD partitions on "NAND 128MiB 1,8V 8-bit":
[    0.535995] 0x000000000000-0x000000100000 : "NAND simulator partition 0"
[    0.539869] 0x000000100000-0x000000200000 : "NAND simulator partition 1"
[    0.542567] 0x000000200000-0x000000300000 : "NAND simulator partition 2"
[    0.544982] 0x000000300000-0x000000400000 : "NAND simulator partition 3"
[    0.547380] 0x000000400000-0x000000500000 : "NAND simulator partition 4"
[    0.549753] 0x000000500000-0x000000600000 : "NAND simulator partition 5"
[    0.552409] 0x000000600000-0x000000700000 : "NAND simulator partition 6"
[    0.554863] 0x000000700000-0x000000800000 : "NAND simulator partition 7"
[    0.557301] 0x000000800000-0x000000900000 : "NAND simulator partition 8"
[    0.559814] 0x000000900000-0x000000a00000 : "NAND simulator partition 9"
[    0.562523] 0x000000a00000-0x000008000000 : "NAND simulator partition 10"
[    0.567724] tun: Universal TUN/TAP device driver, 1.6
[    0.568711] tun: (C) 1999-2004 Max Krasnyansky <maxk@qualcomm.com>
[    0.585188] PPP generic driver version 2.4.2
[    0.586686] PPP BSD Compression module registered
[    0.587657] PPP Deflate Compression module registered
[    0.588676] PPP MPPE Compression module registered
[    0.589652] NET: Registered protocol family 24
[    0.590936] PPTP driver version 0.8.5
[    0.592520] usbcore: registered new interface driver usb-storage
[    0.595062] hidraw: raw HID events driver (C) Jiri Kosina
[    0.596505] usbcore: registered new interface driver usbhid
[    0.597559] usbhid: USB HID core driver
[    0.598717] Netfilter messages via NETLINK v0.30.
[    0.600110] nf_conntrack version 0.5.0 (3958 buckets, 15832 max)
[    0.602615] ctnetlink v0.93: registering with nfnetlink.
[    0.604871] ipip: IPv4 over IPv4 tunneling driver
[    0.607447] gre: GRE over IPv4 demultiplexor driver
[    0.608452] ip_gre: GRE over IPv4 tunneling driver
[    0.613497] ip_tables: (C) 2000-2006 Netfilter Core Team
[    0.615941] arp_tables: (C) 2002 David S. Miller
[    0.617774] Initializing XFRM netlink socket
[    0.619031] NET: Registered protocol family 10
[    0.625651] ip6_tables: (C) 2000-2006 Netfilter Core Team
[    0.628069] sit: IPv6 over IPv4 tunneling driver
[    0.632345] NET: Registered protocol family 17
[    0.633722] bridge: automatic filtering via arp/ip/ip6tables has been deprecated. Update your scripts to load br_netfilter if you need this.
[    0.636131] Bridge firewalling registered
[    0.636913] Ebtables v2.0 registered
[    0.638641] 8021q: 802.1Q VLAN Support v1.8
[    0.639991] Registering SWP/SWPB emulation handler
[    0.642885] hctosys: unable to open rtc device (rtc0)
[    0.658481] UDF-fs: warning (device vda1): udf_fill_super: No partition found (2)
[    0.675179] UDF-fs: warning (device vda1): udf_fill_super: No partition found (2)
[    0.676719] List of all partitions:
[    0.677626] 0100            8192 ram0  (driver?)
[    0.678568] 0101            8192 ram1  (driver?)
[    0.679404] 0102            8192 ram2  (driver?)
[    0.680269] 0103            8192 ram3  (driver?)
[    0.681381] 0104            8192 ram4  (driver?)
[    0.682259] 0105            8192 ram5  (driver?)
[    0.683121] 0106            8192 ram6  (driver?)
[    0.683979] 0107            8192 ram7  (driver?)
[    0.684839] 0108            8192 ram8  (driver?)
[    0.685706] 0109            8192 ram9  (driver?)
[    0.686576] 010a            8192 ram10  (driver?)
[    0.686961] 010b            8192 ram11  (driver?)
[    0.687387] 010c            8192 ram12  (driver?)
[    0.688020] 010d            8192 ram13  (driver?)
[    0.688478] 010e            8192 ram14  (driver?)
[    0.688909] 010f            8192 ram15  (driver?)
[    0.689195] fe00         1048576 vda  driver: virtio_blk
[    0.690040]   fe01         1047552 vda1 58529cc0-01
[    0.690444] 1f00            1024 mtdblock0  (driver?)
[    0.691406] 1f01            1024 mtdblock1  (driver?)
[    0.692039] 1f02            1024 mtdblock2  (driver?)
[    0.692447] 1f03            1024 mtdblock3  (driver?)
[    0.692889] 1f04            1024 mtdblock4  (driver?)
[    0.693430] 1f05            1024 mtdblock5  (driver?)
[    0.693907] 1f06            1024 mtdblock6  (driver?)
[    0.694443] 1f07            1024 mtdblock7  (driver?)
[    0.695041] 1f08            1024 mtdblock8  (driver?)
[    0.695626] 1f09            1024 mtdblock9  (driver?)
[    0.695929] 1f0a          120832 mtdblock10  (driver?)
[    0.696563] No filesystem could mount root, tried:  ext3 ext2 ext4 cramfs squashfs vfat iso9660 romfs udf
[    0.697985] Kernel panic - not syncing: VFS: Unable to mount root fs on unknown-block(254,1)
[    0.698968] CPU: 0 PID: 1 Comm: swapper Tainted: G        W       4.1.17+ #1
[    0.699698] Hardware name: Generic DT based system
[    0.700104] [<c001c99c>] (unwind_backtrace) from [<c0019d30>] (show_stack+0x10/0x14)
[    0.700952] [<c0019d30>] (show_stack) from [<c0410b78>] (panic+0x70/0x1c8)
[    0.701701] [<c0410b78>] (panic) from [<c05c81bc>] (mount_block_root+0x268/0x2ac)
[    0.702401] [<c05c81bc>] (mount_block_root) from [<c05c84a4>] (prepare_namespace+0x158/0x1ac)
[    0.703236] [<c05c84a4>] (prepare_namespace) from [<c05c7d84>] (kernel_init_freeable+0x16c/0x1b0)
[    0.704121] [<c05c7d84>] (kernel_init_freeable) from [<c040f28c>] (kernel_init+0x8/0xe4)
[    0.704867] [<c040f28c>] (kernel_init) from [<c0016da8>] (ret_from_fork+0x14/0x2c)
[    0.705891] ---[ end Kernel panic - not syncing: VFS: Unable to mount root fs on unknown-block(254,1)
