[    0.000000] Booting Linux on physical CPU 0x0
[    0.000000] Linux version 4.1.17+ (vagrant@vagrant-ubuntu-trusty-64) (gcc version 5.3.0 (GCC) ) #1 Thu Feb 18 01:05:21 UTC 2016
[    0.000000] CPU: ARMv7 Processor [412fc0f1] revision 1 (ARMv7), cr=10c5387d
[    0.000000] CPU: PIPT / VIPT nonaliasing data cache, PIPT instruction cache
[    0.000000] Machine model: linux,dummy-virt
[    0.000000] debug: ignoring loglevel setting.
[    0.000000] Memory policy: Data cache writeback
[    0.000000] On node 0 totalpages: 65536
[    0.000000] free_area_init_node: node 0, pgdat c061dfe8, node_mem_map cfdf9000
[    0.000000]   Normal zone: 512 pages used for memmap
[    0.000000]   Normal zone: 0 pages reserved
[    0.000000]   Normal zone: 65536 pages, LIFO batch:15
[    0.000000] CPU: All CPU(s) started in SVC mode.
[    0.000000] pcpu-alloc: s0 r0 d32768 u32768 alloc=1*32768
[    0.000000] pcpu-alloc: [0] 0 
[    0.000000] Built 1 zonelists in Zone order, mobility grouping on.  Total pages: 65024
[    0.000000] Kernel command line: root=/dev/vda1 console=ttyS0 nandsim.parts=64,64,64,64,64,64,64,64,64,64 rdinit=/firmadyne/preInit.sh rw debug ignore_loglevel print-fatal-signals=1 user_debug=31 firmadyne.syscall=0
[    0.000000] PID hash table entries: 1024 (order: 0, 4096 bytes)
[    0.000000] Dentry cache hash table entries: 32768 (order: 5, 131072 bytes)
[    0.000000] Inode-cache hash table entries: 16384 (order: 4, 65536 bytes)
[    0.000000] Memory: 253344K/262144K available (4297K kernel code, 170K rwdata, 1584K rodata, 180K init, 148K bss, 8800K reserved, 0K cma-reserved)
[    0.000000] Virtual kernel memory layout:
[    0.000000]     vector  : 0xffff0000 - 0xffff1000   (   4 kB)
[    0.000000]     fixmap  : 0xffc00000 - 0xfff00000   (3072 kB)
[    0.000000]     vmalloc : 0xd0800000 - 0xff000000   ( 744 MB)
[    0.000000]     lowmem  : 0xc0000000 - 0xd0000000   ( 256 MB)
[    0.000000]     modules : 0xbf000000 - 0xc0000000   (  16 MB)
[    0.000000]       .text : 0xc0008000 - 0xc05c67bc   (5882 kB)
[    0.000000]       .init : 0xc05c7000 - 0xc05f4000   ( 180 kB)
[    0.000000]       .data : 0xc05f4000 - 0xc061e840   ( 171 kB)
[    0.000000]        .bss : 0xc0621000 - 0xc06462d4   ( 149 kB)
[    0.000000] NR_IRQS:16 nr_irqs:16 16
[    0.000000] Architected cp15 timer(s) running at 62.50MHz (virt).
[    0.000000] clocksource arch_sys_counter: mask: 0xffffffffffffff max_cycles: 0x1cd42e208c, max_idle_ns: 881590405314 ns
[    0.000127] sched_clock: 56 bits at 62MHz, resolution 16ns, wraps every 4398046511096ns
[    0.000227] Switching to timer-based delay loop, resolution 16ns
[    0.002716] Console: colour dummy device 80x30
[    0.002976] Calibrating delay loop (skipped), value calculated using timer frequency.. 125.00 BogoMIPS (lpj=625000)
[    0.003074] pid_max: default: 32768 minimum: 301
[    0.003792] Mount-cache hash table entries: 1024 (order: 0, 4096 bytes)
[    0.003821] Mountpoint-cache hash table entries: 1024 (order: 0, 4096 bytes)
[    0.011214] CPU: Testing write buffer coherency: ok
[    0.016158] Setting up static identity map for 0x40008240 - 0x40008298
[    0.028303] VFP support v0.3: implementor 41 architecture 4 part 30 variant f rev 0
[    0.038169] clocksource jiffies: mask: 0xffffffff max_cycles: 0xffffffff, max_idle_ns: 19112604462750000 ns
[    0.045566] NET: Registered protocol family 16
[    0.048040] DMA: preallocated 256 KiB pool for atomic coherent allocations
[    0.051201] cpuidle: using governor ladder
[    0.051324] cpuidle: using governor menu
[    0.054366] genirq: Setting trigger mode 1 for irq 20 failed (gic_set_type+0x0/0x48)
[    0.055813] genirq: Setting trigger mode 1 for irq 21 failed (gic_set_type+0x0/0x48)
[    0.056068] genirq: Setting trigger mode 1 for irq 22 failed (gic_set_type+0x0/0x48)
[    0.056323] genirq: Setting trigger mode 1 for irq 23 failed (gic_set_type+0x0/0x48)
[    0.056595] genirq: Setting trigger mode 1 for irq 24 failed (gic_set_type+0x0/0x48)
[    0.056839] genirq: Setting trigger mode 1 for irq 25 failed (gic_set_type+0x0/0x48)
[    0.057072] genirq: Setting trigger mode 1 for irq 26 failed (gic_set_type+0x0/0x48)
[    0.057308] genirq: Setting trigger mode 1 for irq 27 failed (gic_set_type+0x0/0x48)
[    0.057636] genirq: Setting trigger mode 1 for irq 28 failed (gic_set_type+0x0/0x48)
[    0.057883] genirq: Setting trigger mode 1 for irq 29 failed (gic_set_type+0x0/0x48)
[    0.058114] genirq: Setting trigger mode 1 for irq 30 failed (gic_set_type+0x0/0x48)
[    0.058360] genirq: Setting trigger mode 1 for irq 31 failed (gic_set_type+0x0/0x48)
[    0.058610] genirq: Setting trigger mode 1 for irq 32 failed (gic_set_type+0x0/0x48)
[    0.058851] genirq: Setting trigger mode 1 for irq 33 failed (gic_set_type+0x0/0x48)
[    0.059078] genirq: Setting trigger mode 1 for irq 34 failed (gic_set_type+0x0/0x48)
[    0.059304] genirq: Setting trigger mode 1 for irq 35 failed (gic_set_type+0x0/0x48)
[    0.059538] genirq: Setting trigger mode 1 for irq 36 failed (gic_set_type+0x0/0x48)
[    0.059775] genirq: Setting trigger mode 1 for irq 37 failed (gic_set_type+0x0/0x48)
[    0.060051] genirq: Setting trigger mode 1 for irq 38 failed (gic_set_type+0x0/0x48)
[    0.060295] genirq: Setting trigger mode 1 for irq 39 failed (gic_set_type+0x0/0x48)
[    0.060594] genirq: Setting trigger mode 1 for irq 40 failed (gic_set_type+0x0/0x48)
[    0.060837] genirq: Setting trigger mode 1 for irq 41 failed (gic_set_type+0x0/0x48)
[    0.061086] genirq: Setting trigger mode 1 for irq 42 failed (gic_set_type+0x0/0x48)
[    0.061333] genirq: Setting trigger mode 1 for irq 43 failed (gic_set_type+0x0/0x48)
[    0.061589] genirq: Setting trigger mode 1 for irq 44 failed (gic_set_type+0x0/0x48)
[    0.061847] genirq: Setting trigger mode 1 for irq 45 failed (gic_set_type+0x0/0x48)
[    0.062088] genirq: Setting trigger mode 1 for irq 46 failed (gic_set_type+0x0/0x48)
[    0.062368] genirq: Setting trigger mode 1 for irq 47 failed (gic_set_type+0x0/0x48)
[    0.062638] genirq: Setting trigger mode 1 for irq 48 failed (gic_set_type+0x0/0x48)
[    0.062883] genirq: Setting trigger mode 1 for irq 49 failed (gic_set_type+0x0/0x48)
[    0.063328] genirq: Setting trigger mode 1 for irq 50 failed (gic_set_type+0x0/0x48)
[    0.063572] genirq: Setting trigger mode 1 for irq 51 failed (gic_set_type+0x0/0x48)
[    0.063984] genirq: Setting trigger mode 1 for irq 52 failed (gic_set_type+0x0/0x48)
[    0.066972] Serial: AMBA PL011 UART driver
[    0.068611] 9000000.pl011: ttyS0 at MMIO 0x9000000 (irq = 52, base_baud = 0) is a PL011 rev1
[    0.124978] console [ttyS0] enabled
[    0.143927] vgaarb: loaded
[    0.145680] SCSI subsystem initialized
[    0.147473] usbcore: registered new interface driver usbfs
[    0.148734] usbcore: registered new interface driver hub
[    0.149930] usbcore: registered new device driver usb
[    0.158240] cfg80211: Calling CRDA to update world regulatory domain
[    0.161336] Switched to clocksource arch_sys_counter
[    0.176426] NET: Registered protocol family 2
[    0.181467] TCP established hash table entries: 2048 (order: 1, 8192 bytes)
[    0.182895] TCP bind hash table entries: 2048 (order: 1, 8192 bytes)
[    0.184263] TCP: Hash tables configured (established 2048 bind 2048)
[    0.185815] UDP hash table entries: 256 (order: 0, 4096 bytes)
[    0.187101] UDP-Lite hash table entries: 256 (order: 0, 4096 bytes)
[    0.189453] NET: Registered protocol family 1
[    0.190661] PCI: CLS 0 bytes, default 64
[    0.197373] NetWinder Floating Point Emulator V0.97 (extended precision)
[    0.200621] futex hash table entries: 256 (order: -1, 3072 bytes)
[    0.206393] squashfs: version 4.0 (2009/01/31) Phillip Lougher
[    0.208645] jffs2: version 2.2. (NAND) Â© 2001-2006 Red Hat, Inc.
[    0.210470] romfs: ROMFS MTD (C) 2007 Red Hat, Inc.
[    0.218389] Block layer SCSI generic (bsg) driver version 0.4 loaded (major 253)
[    0.219959] io scheduler noop registered
[    0.220845] io scheduler cfq registered (default)
[    0.222484] firmadyne: devfs: 1, execute: 1, procfs: 1, syscall: 0
[    0.224792] ------------[ cut here ]------------
[    0.225705] WARNING: CPU: 0 PID: 1 at /home/vagrant/firmadyne-kernel/kernel-v4.1/fs/sysfs/dir.c:31 sysfs_warn_dup+0x50/0x6c()
[    0.227772] sysfs: cannot create duplicate filename '/class/gpio'
[    0.228908] Modules linked in:
[    0.229749] CPU: 0 PID: 1 Comm: swapper Not tainted 4.1.17+ #1
[    0.230831] Hardware name: Generic DT based system
[    0.232544] [<c001c99c>] (unwind_backtrace) from [<c0019d30>] (show_stack+0x10/0x14)
[    0.234091] [<c0019d30>] (show_stack) from [<c0024ab4>] (warn_slowpath_common+0x80/0xa8)
[    0.235638] [<c0024ab4>] (warn_slowpath_common) from [<c0024b08>] (warn_slowpath_fmt+0x2c/0x3c)
[    0.237284] [<c0024b08>] (warn_slowpath_fmt) from [<c00e363c>] (sysfs_warn_dup+0x50/0x6c)
[    0.238770] [<c00e363c>] (sysfs_warn_dup) from [<c00e3714>] (sysfs_create_dir_ns+0x74/0x84)
[    0.239586] [<c00e3714>] (sysfs_create_dir_ns) from [<c018e6ac>] (kobject_add_internal+0xb8/0x2ac)
[    0.240403] [<c018e6ac>] (kobject_add_internal) from [<c018e9a8>] (kset_register+0x1c/0x44)
[    0.241371] [<c018e9a8>] (kset_register) from [<c02090b4>] (__class_register+0xa8/0x198)
[    0.242104] [<c02090b4>] (__class_register) from [<c02091e4>] (__class_create+0x40/0x70)
[    0.243088] [<c02091e4>] (__class_create) from [<c01adf68>] (register_devfs_stubs+0x314/0xbb4)
[    0.243756] [<c01adf68>] (register_devfs_stubs) from [<c05d9b08>] (init_module+0x28/0xa4)
[    0.244706] [<c05d9b08>] (init_module) from [<c0009670>] (do_one_initcall+0x104/0x1b4)
[    0.245411] [<c0009670>] (do_one_initcall) from [<c05c7d08>] (kernel_init_freeable+0xf0/0x1b0)
[    0.246353] [<c05c7d08>] (kernel_init_freeable) from [<c040f28c>] (kernel_init+0x8/0xe4)
[    0.247004] [<c040f28c>] (kernel_init) from [<c0016da8>] (ret_from_fork+0x14/0x2c)
[    0.247916] ---[ end trace 62fd9cd9dbbb9905 ]---
[    0.248662] ------------[ cut here ]------------
[    0.249293] WARNING: CPU: 0 PID: 1 at /home/vagrant/firmadyne-kernel/kernel-v4.1/lib/kobject.c:240 kobject_add_internal+0x240/0x2ac()
[    0.250109] kobject_add_internal failed for gpio with -EEXIST, don't try to register things with the same name in the same directory.
[    0.251407] Modules linked in:
[    0.252044] CPU: 0 PID: 1 Comm: swapper Tainted: G        W       4.1.17+ #1
[    0.252678] Hardware name: Generic DT based system
[    0.253238] [<c001c99c>] (unwind_backtrace) from [<c0019d30>] (show_stack+0x10/0x14)
[    0.254060] [<c0019d30>] (show_stack) from [<c0024ab4>] (warn_slowpath_common+0x80/0xa8)
[    0.254744] [<c0024ab4>] (warn_slowpath_common) from [<c0024b08>] (warn_slowpath_fmt+0x2c/0x3c)
[    0.255613] [<c0024b08>] (warn_slowpath_fmt) from [<c018e834>] (kobject_add_internal+0x240/0x2ac)
[    0.256251] [<c018e834>] (kobject_add_internal) from [<c018e9a8>] (kset_register+0x1c/0x44)
[    0.257165] [<c018e9a8>] (kset_register) from [<c02090b4>] (__class_register+0xa8/0x198)
[    0.257744] [<c02090b4>] (__class_register) from [<c02091e4>] (__class_create+0x40/0x70)
[    0.258645] [<c02091e4>] (__class_create) from [<c01adf68>] (register_devfs_stubs+0x314/0xbb4)
[    0.259546] [<c01adf68>] (register_devfs_stubs) from [<c05d9b08>] (init_module+0x28/0xa4)
[    0.260192] [<c05d9b08>] (init_module) from [<c0009670>] (do_one_initcall+0x104/0x1b4)
[    0.260993] [<c0009670>] (do_one_initcall) from [<c05c7d08>] (kernel_init_freeable+0xf0/0x1b0)
[    0.261908] [<c05c7d08>] (kernel_init_freeable) from [<c040f28c>] (kernel_init+0x8/0xe4)
[    0.262801] [<c040f28c>] (kernel_init) from [<c0016da8>] (ret_from_fork+0x14/0x2c)
[    0.263697] ---[ end trace 62fd9cd9dbbb9906 ]---
[    0.264148] firmadyne: Cannot create device class: gpio!
[    0.266090] firmadyne: Cannot register character device: watchdog, 0xa, 0x82!
[    0.267491] firmadyne: Cannot register character device: wdt, 0xfd, 0x0!
[    0.362010] Non-volatile memory driver v1.3
[    0.381592] brd: module loaded
[    0.390012] loop: module loaded
[    0.398611]  vda: vda1
[    0.403408] [nandsim] warning: read_byte: unexpected data output cycle, state is STATE_READY return 0x0
[    0.405194] [nandsim] warning: read_byte: unexpected data output cycle, state is STATE_READY return 0x0
[    0.406908] [nandsim] warning: read_byte: unexpected data output cycle, state is STATE_READY return 0x0
[    0.408584] [nandsim] warning: read_byte: unexpected data output cycle, state is STATE_READY return 0x0
[    0.410283] [nandsim] warning: read_byte: unexpected data output cycle, state is STATE_READY return 0x0
[    0.411560] [nandsim] warning: read_byte: unexpected data output cycle, state is STATE_READY return 0x0
[    0.412734] nand: device found, Manufacturer ID: 0x98, Chip ID: 0x39
[    0.413917] nand: Toshiba NAND 128MiB 1,8V 8-bit
[    0.414498] nand: 128 MiB, SLC, erase size: 16 KiB, page size: 512, OOB size: 16
[    0.415831] flash size: 128 MiB
[    0.416456] page size: 512 bytes
[    0.417046] OOB area size: 16 bytes
[    0.417704] sector size: 16 KiB
[    0.418279] pages number: 262144
[    0.418869] pages per sector: 32
[    0.419368] bus width: 8
[    0.419638] bits in sector size: 14
[    0.420011] bits in page size: 9
[    0.420373] bits in OOB size: 4
[    0.420668] flash size with OOB: 135168 KiB
[    0.421323] page address bytes: 4
[    0.421934] sector address bytes: 3
[    0.422127] options: 0x42
[    0.426371] Scanning device for bad blocks
[    0.538439] Creating 11 MTD partitions on "NAND 128MiB 1,8V 8-bit":
[    0.539998] 0x000000000000-0x000000100000 : "NAND simulator partition 0"
[    0.544143] 0x000000100000-0x000000200000 : "NAND simulator partition 1"
[    0.546633] 0x000000200000-0x000000300000 : "NAND simulator partition 2"
[    0.549078] 0x000000300000-0x000000400000 : "NAND simulator partition 3"
[    0.551704] 0x000000400000-0x000000500000 : "NAND simulator partition 4"
[    0.554169] 0x000000500000-0x000000600000 : "NAND simulator partition 5"
[    0.556630] 0x000000600000-0x000000700000 : "NAND simulator partition 6"
[    0.559103] 0x000000700000-0x000000800000 : "NAND simulator partition 7"
[    0.561778] 0x000000800000-0x000000900000 : "NAND simulator partition 8"
[    0.564343] 0x000000900000-0x000000a00000 : "NAND simulator partition 9"
[    0.566957] 0x000000a00000-0x000008000000 : "NAND simulator partition 10"
[    0.572407] tun: Universal TUN/TAP device driver, 1.6
[    0.573400] tun: (C) 1999-2004 Max Krasnyansky <maxk@qualcomm.com>
[    0.586853] PPP generic driver version 2.4.2
[    0.588324] PPP BSD Compression module registered
[    0.589306] PPP Deflate Compression module registered
[    0.590323] PPP MPPE Compression module registered
[    0.591526] NET: Registered protocol family 24
[    0.592611] PPTP driver version 0.8.5
[    0.593931] usbcore: registered new interface driver usb-storage
[    0.596476] hidraw: raw HID events driver (C) Jiri Kosina
[    0.597921] usbcore: registered new interface driver usbhid
[    0.598971] usbhid: USB HID core driver
[    0.600086] Netfilter messages via NETLINK v0.30.
[    0.601689] nf_conntrack version 0.5.0 (3958 buckets, 15832 max)
[    0.603933] ctnetlink v0.93: registering with nfnetlink.
[    0.606149] ipip: IPv4 over IPv4 tunneling driver
[    0.608712] gre: GRE over IPv4 demultiplexor driver
[    0.609716] ip_gre: GRE over IPv4 tunneling driver
[    0.614729] ip_tables: (C) 2000-2006 Netfilter Core Team
[    0.617166] arp_tables: (C) 2002 David S. Miller
[    0.619002] Initializing XFRM netlink socket
[    0.620251] NET: Registered protocol family 10
[    0.626714] ip6_tables: (C) 2000-2006 Netfilter Core Team
[    0.629165] sit: IPv6 over IPv4 tunneling driver
[    0.633433] NET: Registered protocol family 17
[    0.634804] bridge: automatic filtering via arp/ip/ip6tables has been deprecated. Update your scripts to load br_netfilter if you need this.
[    0.637225] Bridge firewalling registered
[    0.638009] Ebtables v2.0 registered
[    0.639681] 8021q: 802.1Q VLAN Support v1.8
[    0.641126] Registering SWP/SWPB emulation handler
[    0.643893] hctosys: unable to open rtc device (rtc0)
[    0.659465] UDF-fs: warning (device vda1): udf_fill_super: No partition found (2)
[    0.676070] UDF-fs: warning (device vda1): udf_fill_super: No partition found (2)
[    0.677616] List of all partitions:
[    0.678428] 0100            8192 ram0  (driver?)
[    0.679382] 0101            8192 ram1  (driver?)
[    0.680219] 0102            8192 ram2  (driver?)
[    0.681354] 0103            8192 ram3  (driver?)
[    0.682195] 0104            8192 ram4  (driver?)
[    0.683097] 0105            8192 ram5  (driver?)
[    0.683930] 0106            8192 ram6  (driver?)
[    0.684802] 0107            8192 ram7  (driver?)
[    0.685664] 0108            8192 ram8  (driver?)
[    0.686532] 0109            8192 ram9  (driver?)
[    0.687125] 010a            8192 ram10  (driver?)
[    0.687636] 010b            8192 ram11  (driver?)
[    0.688069] 010c            8192 ram12  (driver?)
[    0.688564] 010d            8192 ram13  (driver?)
[    0.689083] 010e            8192 ram14  (driver?)
[    0.689579] 010f            8192 ram15  (driver?)
[    0.689928] fe00         1048576 vda  driver: virtio_blk
[    0.690455]   fe01         1047552 vda1 70f5fe26-01
[    0.691361] 1f00            1024 mtdblock0  (driver?)
[    0.691992] 1f01            1024 mtdblock1  (driver?)
[    0.692637] 1f02            1024 mtdblock2  (driver?)
[    0.693112] 1f03            1024 mtdblock3  (driver?)
[    0.693533] 1f04            1024 mtdblock4  (driver?)
[    0.694027] 1f05            1024 mtdblock5  (driver?)
[    0.694566] 1f06            1024 mtdblock6  (driver?)
[    0.695036] 1f07            1024 mtdblock7  (driver?)
[    0.695537] 1f08            1024 mtdblock8  (driver?)
[    0.696178] 1f09            1024 mtdblock9  (driver?)
[    0.696483] 1f0a          120832 mtdblock10  (driver?)
[    0.697278] No filesystem could mount root, tried:  ext3 ext2 ext4 cramfs squashfs vfat iso9660 romfs udf
[    0.698618] Kernel panic - not syncing: VFS: Unable to mount root fs on unknown-block(254,1)
[    0.699550] CPU: 0 PID: 1 Comm: swapper Tainted: G        W       4.1.17+ #1
[    0.700078] Hardware name: Generic DT based system
[    0.700720] [<c001c99c>] (unwind_backtrace) from [<c0019d30>] (show_stack+0x10/0x14)
[    0.701749] [<c0019d30>] (show_stack) from [<c0410b78>] (panic+0x70/0x1c8)
[    0.702170] [<c0410b78>] (panic) from [<c05c81bc>] (mount_block_root+0x268/0x2ac)
[    0.703006] [<c05c81bc>] (mount_block_root) from [<c05c84a4>] (prepare_namespace+0x158/0x1ac)
[    0.703797] [<c05c84a4>] (prepare_namespace) from [<c05c7d84>] (kernel_init_freeable+0x16c/0x1b0)
[    0.704732] [<c05c7d84>] (kernel_init_freeable) from [<c040f28c>] (kernel_init+0x8/0xe4)
[    0.705457] [<c040f28c>] (kernel_init) from [<c0016da8>] (ret_from_fork+0x14/0x2c)
[    0.706404] ---[ end Kernel panic - not syncing: VFS: Unable to mount root fs on unknown-block(254,1)
