[    0.000000] Booting Linux on physical CPU 0x0
[    0.000000] Linux version 4.1.17+ (vagrant@vagrant-ubuntu-trusty-64) (gcc version 5.3.0 (GCC) ) #1 Thu Feb 18 01:05:21 UTC 2016
[    0.000000] CPU: ARMv7 Processor [412fc0f1] revision 1 (ARMv7), cr=10c5387d
[    0.000000] CPU: PIPT / VIPT nonaliasing data cache, PIPT instruction cache
[    0.000000] Machine model: linux,dummy-virt
[    0.000000] debug: ignoring loglevel setting.
[    0.000000] Memory policy: Data cache writeback
[    0.000000] On node 0 totalpages: 65536
[    0.000000] free_area_init_node: node 0, pgdat c061dfe8, node_mem_map cfdf9000
[    0.000000]   Normal zone: 512 pages used for memmap
[    0.000000]   Normal zone: 0 pages reserved
[    0.000000]   Normal zone: 65536 pages, LIFO batch:15
[    0.000000] CPU: All CPU(s) started in SVC mode.
[    0.000000] pcpu-alloc: s0 r0 d32768 u32768 alloc=1*32768
[    0.000000] pcpu-alloc: [0] 0 
[    0.000000] Built 1 zonelists in Zone order, mobility grouping on.  Total pages: 65024
[    0.000000] Kernel command line: root=/dev/vda1 console=ttyS0 nandsim.parts=64,64,64,64,64,64,64,64,64,64 rdinit=/firmadyne/preInit.sh rw debug ignore_loglevel print-fatal-signals=1 user_debug=31 firmadyne.syscall=0
[    0.000000] PID hash table entries: 1024 (order: 0, 4096 bytes)
[    0.000000] Dentry cache hash table entries: 32768 (order: 5, 131072 bytes)
[    0.000000] Inode-cache hash table entries: 16384 (order: 4, 65536 bytes)
[    0.000000] Memory: 253344K/262144K available (4297K kernel code, 170K rwdata, 1584K rodata, 180K init, 148K bss, 8800K reserved, 0K cma-reserved)
[    0.000000] Virtual kernel memory layout:
[    0.000000]     vector  : 0xffff0000 - 0xffff1000   (   4 kB)
[    0.000000]     fixmap  : 0xffc00000 - 0xfff00000   (3072 kB)
[    0.000000]     vmalloc : 0xd0800000 - 0xff000000   ( 744 MB)
[    0.000000]     lowmem  : 0xc0000000 - 0xd0000000   ( 256 MB)
[    0.000000]     modules : 0xbf000000 - 0xc0000000   (  16 MB)
[    0.000000]       .text : 0xc0008000 - 0xc05c67bc   (5882 kB)
[    0.000000]       .init : 0xc05c7000 - 0xc05f4000   ( 180 kB)
[    0.000000]       .data : 0xc05f4000 - 0xc061e840   ( 171 kB)
[    0.000000]        .bss : 0xc0621000 - 0xc06462d4   ( 149 kB)
[    0.000000] NR_IRQS:16 nr_irqs:16 16
[    0.000000] Architected cp15 timer(s) running at 62.50MHz (virt).
[    0.000000] clocksource arch_sys_counter: mask: 0xffffffffffffff max_cycles: 0x1cd42e208c, max_idle_ns: 881590405314 ns
[    0.000114] sched_clock: 56 bits at 62MHz, resolution 16ns, wraps every 4398046511096ns
[    0.000207] Switching to timer-based delay loop, resolution 16ns
[    0.002803] Console: colour dummy device 80x30
[    0.003109] Calibrating delay loop (skipped), value calculated using timer frequency.. 125.00 BogoMIPS (lpj=625000)
[    0.003212] pid_max: default: 32768 minimum: 301
[    0.003932] Mount-cache hash table entries: 1024 (order: 0, 4096 bytes)
[    0.003958] Mountpoint-cache hash table entries: 1024 (order: 0, 4096 bytes)
[    0.011254] CPU: Testing write buffer coherency: ok
[    0.015871] Setting up static identity map for 0x40008240 - 0x40008298
[    0.026725] VFP support v0.3: implementor 41 architecture 4 part 30 variant f rev 0
[    0.036258] clocksource jiffies: mask: 0xffffffff max_cycles: 0xffffffff, max_idle_ns: 19112604462750000 ns
[    0.042714] NET: Registered protocol family 16
[    0.045098] DMA: preallocated 256 KiB pool for atomic coherent allocations
[    0.048249] cpuidle: using governor ladder
[    0.048376] cpuidle: using governor menu
[    0.051099] genirq: Setting trigger mode 1 for irq 20 failed (gic_set_type+0x0/0x48)
[    0.052423] genirq: Setting trigger mode 1 for irq 21 failed (gic_set_type+0x0/0x48)
[    0.052648] genirq: Setting trigger mode 1 for irq 22 failed (gic_set_type+0x0/0x48)
[    0.052869] genirq: Setting trigger mode 1 for irq 23 failed (gic_set_type+0x0/0x48)
[    0.053381] genirq: Setting trigger mode 1 for irq 24 failed (gic_set_type+0x0/0x48)
[    0.053642] genirq: Setting trigger mode 1 for irq 25 failed (gic_set_type+0x0/0x48)
[    0.053879] genirq: Setting trigger mode 1 for irq 26 failed (gic_set_type+0x0/0x48)
[    0.054117] genirq: Setting trigger mode 1 for irq 27 failed (gic_set_type+0x0/0x48)
[    0.054501] genirq: Setting trigger mode 1 for irq 28 failed (gic_set_type+0x0/0x48)
[    0.054755] genirq: Setting trigger mode 1 for irq 29 failed (gic_set_type+0x0/0x48)
[    0.055009] genirq: Setting trigger mode 1 for irq 30 failed (gic_set_type+0x0/0x48)
[    0.055272] genirq: Setting trigger mode 1 for irq 31 failed (gic_set_type+0x0/0x48)
[    0.055509] genirq: Setting trigger mode 1 for irq 32 failed (gic_set_type+0x0/0x48)
[    0.055748] genirq: Setting trigger mode 1 for irq 33 failed (gic_set_type+0x0/0x48)
[    0.055971] genirq: Setting trigger mode 1 for irq 34 failed (gic_set_type+0x0/0x48)
[    0.056165] genirq: Setting trigger mode 1 for irq 35 failed (gic_set_type+0x0/0x48)
[    0.056380] genirq: Setting trigger mode 1 for irq 36 failed (gic_set_type+0x0/0x48)
[    0.056588] genirq: Setting trigger mode 1 for irq 37 failed (gic_set_type+0x0/0x48)
[    0.056827] genirq: Setting trigger mode 1 for irq 38 failed (gic_set_type+0x0/0x48)
[    0.057059] genirq: Setting trigger mode 1 for irq 39 failed (gic_set_type+0x0/0x48)
[    0.057309] genirq: Setting trigger mode 1 for irq 40 failed (gic_set_type+0x0/0x48)
[    0.057555] genirq: Setting trigger mode 1 for irq 41 failed (gic_set_type+0x0/0x48)
[    0.057806] genirq: Setting trigger mode 1 for irq 42 failed (gic_set_type+0x0/0x48)
[    0.058054] genirq: Setting trigger mode 1 for irq 43 failed (gic_set_type+0x0/0x48)
[    0.058375] genirq: Setting trigger mode 1 for irq 44 failed (gic_set_type+0x0/0x48)
[    0.058644] genirq: Setting trigger mode 1 for irq 45 failed (gic_set_type+0x0/0x48)
[    0.058888] genirq: Setting trigger mode 1 for irq 46 failed (gic_set_type+0x0/0x48)
[    0.059197] genirq: Setting trigger mode 1 for irq 47 failed (gic_set_type+0x0/0x48)
[    0.059467] genirq: Setting trigger mode 1 for irq 48 failed (gic_set_type+0x0/0x48)
[    0.059720] genirq: Setting trigger mode 1 for irq 49 failed (gic_set_type+0x0/0x48)
[    0.059923] genirq: Setting trigger mode 1 for irq 50 failed (gic_set_type+0x0/0x48)
[    0.060145] genirq: Setting trigger mode 1 for irq 51 failed (gic_set_type+0x0/0x48)
[    0.060567] genirq: Setting trigger mode 1 for irq 52 failed (gic_set_type+0x0/0x48)
[    0.063734] Serial: AMBA PL011 UART driver
[    0.065159] 9000000.pl011: ttyS0 at MMIO 0x9000000 (irq = 52, base_baud = 0) is a PL011 rev1
[    0.119746] console [ttyS0] enabled
[    0.139205] vgaarb: loaded
[    0.141091] SCSI subsystem initialized
[    0.142797] usbcore: registered new interface driver usbfs
[    0.144167] usbcore: registered new interface driver hub
[    0.145383] usbcore: registered new device driver usb
[    0.153691] cfg80211: Calling CRDA to update world regulatory domain
[    0.156762] Switched to clocksource arch_sys_counter
[    0.171877] NET: Registered protocol family 2
[    0.176875] TCP established hash table entries: 2048 (order: 1, 8192 bytes)
[    0.178394] TCP bind hash table entries: 2048 (order: 1, 8192 bytes)
[    0.179753] TCP: Hash tables configured (established 2048 bind 2048)
[    0.181328] UDP hash table entries: 256 (order: 0, 4096 bytes)
[    0.182541] UDP-Lite hash table entries: 256 (order: 0, 4096 bytes)
[    0.184774] NET: Registered protocol family 1
[    0.185979] PCI: CLS 0 bytes, default 64
[    0.192702] NetWinder Floating Point Emulator V0.97 (extended precision)
[    0.195967] futex hash table entries: 256 (order: -1, 3072 bytes)
[    0.201565] squashfs: version 4.0 (2009/01/31) Phillip Lougher
[    0.203822] jffs2: version 2.2. (NAND) Â© 2001-2006 Red Hat, Inc.
[    0.205581] romfs: ROMFS MTD (C) 2007 Red Hat, Inc.
[    0.213510] Block layer SCSI generic (bsg) driver version 0.4 loaded (major 253)
[    0.215107] io scheduler noop registered
[    0.215985] io scheduler cfq registered (default)
[    0.217629] firmadyne: devfs: 1, execute: 1, procfs: 1, syscall: 0
[    0.219828] ------------[ cut here ]------------
[    0.220811] WARNING: CPU: 0 PID: 1 at /home/vagrant/firmadyne-kernel/kernel-v4.1/fs/sysfs/dir.c:31 sysfs_warn_dup+0x50/0x6c()
[    0.222849] sysfs: cannot create duplicate filename '/class/gpio'
[    0.224017] Modules linked in:
[    0.224819] CPU: 0 PID: 1 Comm: swapper Not tainted 4.1.17+ #1
[    0.225892] Hardware name: Generic DT based system
[    0.227605] [<c001c99c>] (unwind_backtrace) from [<c0019d30>] (show_stack+0x10/0x14)
[    0.229151] [<c0019d30>] (show_stack) from [<c0024ab4>] (warn_slowpath_common+0x80/0xa8)
[    0.230710] [<c0024ab4>] (warn_slowpath_common) from [<c0024b08>] (warn_slowpath_fmt+0x2c/0x3c)
[    0.232352] [<c0024b08>] (warn_slowpath_fmt) from [<c00e363c>] (sysfs_warn_dup+0x50/0x6c)
[    0.233824] [<c00e363c>] (sysfs_warn_dup) from [<c00e3714>] (sysfs_create_dir_ns+0x74/0x84)
[    0.234757] [<c00e3714>] (sysfs_create_dir_ns) from [<c018e6ac>] (kobject_add_internal+0xb8/0x2ac)
[    0.235560] [<c018e6ac>] (kobject_add_internal) from [<c018e9a8>] (kset_register+0x1c/0x44)
[    0.236371] [<c018e9a8>] (kset_register) from [<c02090b4>] (__class_register+0xa8/0x198)
[    0.237436] [<c02090b4>] (__class_register) from [<c02091e4>] (__class_create+0x40/0x70)
[    0.238545] [<c02091e4>] (__class_create) from [<c01adf68>] (register_devfs_stubs+0x314/0xbb4)
[    0.239302] [<c01adf68>] (register_devfs_stubs) from [<c05d9b08>] (init_module+0x28/0xa4)
[    0.240182] [<c05d9b08>] (init_module) from [<c0009670>] (do_one_initcall+0x104/0x1b4)
[    0.241027] [<c0009670>] (do_one_initcall) from [<c05c7d08>] (kernel_init_freeable+0xf0/0x1b0)
[    0.241750] [<c05c7d08>] (kernel_init_freeable) from [<c040f28c>] (kernel_init+0x8/0xe4)
[    0.242612] [<c040f28c>] (kernel_init) from [<c0016da8>] (ret_from_fork+0x14/0x2c)
[    0.243381] ---[ end trace 1220252af9a2e0c2 ]---
[    0.244067] ------------[ cut here ]------------
[    0.244758] WARNING: CPU: 0 PID: 1 at /home/vagrant/firmadyne-kernel/kernel-v4.1/lib/kobject.c:240 kobject_add_internal+0x240/0x2ac()
[    0.245713] kobject_add_internal failed for gpio with -EEXIST, don't try to register things with the same name in the same directory.
[    0.247125] Modules linked in:
[    0.247621] CPU: 0 PID: 1 Comm: swapper Tainted: G        W       4.1.17+ #1
[    0.248229] Hardware name: Generic DT based system
[    0.248902] [<c001c99c>] (unwind_backtrace) from [<c0019d30>] (show_stack+0x10/0x14)
[    0.249650] [<c0019d30>] (show_stack) from [<c0024ab4>] (warn_slowpath_common+0x80/0xa8)
[    0.250318] [<c0024ab4>] (warn_slowpath_common) from [<c0024b08>] (warn_slowpath_fmt+0x2c/0x3c)
[    0.251254] [<c0024b08>] (warn_slowpath_fmt) from [<c018e834>] (kobject_add_internal+0x240/0x2ac)
[    0.252079] [<c018e834>] (kobject_add_internal) from [<c018e9a8>] (kset_register+0x1c/0x44)
[    0.252974] [<c018e9a8>] (kset_register) from [<c02090b4>] (__class_register+0xa8/0x198)
[    0.253723] [<c02090b4>] (__class_register) from [<c02091e4>] (__class_create+0x40/0x70)
[    0.254402] [<c02091e4>] (__class_create) from [<c01adf68>] (register_devfs_stubs+0x314/0xbb4)
[    0.255330] [<c01adf68>] (register_devfs_stubs) from [<c05d9b08>] (init_module+0x28/0xa4)
[    0.256042] [<c05d9b08>] (init_module) from [<c0009670>] (do_one_initcall+0x104/0x1b4)
[    0.256976] [<c0009670>] (do_one_initcall) from [<c05c7d08>] (kernel_init_freeable+0xf0/0x1b0)
[    0.257783] [<c05c7d08>] (kernel_init_freeable) from [<c040f28c>] (kernel_init+0x8/0xe4)
[    0.258527] [<c040f28c>] (kernel_init) from [<c0016da8>] (ret_from_fork+0x14/0x2c)
[    0.259415] ---[ end trace 1220252af9a2e0c3 ]---
[    0.259927] firmadyne: Cannot create device class: gpio!
[    0.261855] firmadyne: Cannot register character device: watchdog, 0xa, 0x82!
[    0.263234] firmadyne: Cannot register character device: wdt, 0xfd, 0x0!
[    0.358181] Non-volatile memory driver v1.3
[    0.377258] brd: module loaded
[    0.385525] loop: module loaded
[    0.394140]  vda: vda1
[    0.398654] [nandsim] warning: read_byte: unexpected data output cycle, state is STATE_READY return 0x0
[    0.400435] [nandsim] warning: read_byte: unexpected data output cycle, state is STATE_READY return 0x0
[    0.402185] [nandsim] warning: read_byte: unexpected data output cycle, state is STATE_READY return 0x0
[    0.403884] [nandsim] warning: read_byte: unexpected data output cycle, state is STATE_READY return 0x0
[    0.405584] [nandsim] warning: read_byte: unexpected data output cycle, state is STATE_READY return 0x0
[    0.407234] [nandsim] warning: read_byte: unexpected data output cycle, state is STATE_READY return 0x0
[    0.408427] nand: device found, Manufacturer ID: 0x98, Chip ID: 0x39
[    0.409619] nand: Toshiba NAND 128MiB 1,8V 8-bit
[    0.410189] nand: 128 MiB, SLC, erase size: 16 KiB, page size: 512, OOB size: 16
[    0.411775] flash size: 128 MiB
[    0.412421] page size: 512 bytes
[    0.413066] OOB area size: 16 bytes
[    0.413732] sector size: 16 KiB
[    0.414361] pages number: 262144
[    0.414955] pages per sector: 32
[    0.415309] bus width: 8
[    0.415386] bits in sector size: 14
[    0.416013] bits in page size: 9
[    0.416111] bits in OOB size: 4
[    0.416934] flash size with OOB: 135168 KiB
[    0.417479] page address bytes: 4
[    0.417707] sector address bytes: 3
[    0.418183] options: 0x42
[    0.422388] Scanning device for bad blocks
[    0.530359] Creating 11 MTD partitions on "NAND 128MiB 1,8V 8-bit":
[    0.531912] 0x000000000000-0x000000100000 : "NAND simulator partition 0"
[    0.535837] 0x000000100000-0x000000200000 : "NAND simulator partition 1"
[    0.538549] 0x000000200000-0x000000300000 : "NAND simulator partition 2"
[    0.540984] 0x000000300000-0x000000400000 : "NAND simulator partition 3"
[    0.543407] 0x000000400000-0x000000500000 : "NAND simulator partition 4"
[    0.545808] 0x000000500000-0x000000600000 : "NAND simulator partition 5"
[    0.548509] 0x000000600000-0x000000700000 : "NAND simulator partition 6"
[    0.550992] 0x000000700000-0x000000800000 : "NAND simulator partition 7"
[    0.553523] 0x000000800000-0x000000900000 : "NAND simulator partition 8"
[    0.556339] 0x000000900000-0x000000a00000 : "NAND simulator partition 9"
[    0.559263] 0x000000a00000-0x000008000000 : "NAND simulator partition 10"
[    0.564681] tun: Universal TUN/TAP device driver, 1.6
[    0.565674] tun: (C) 1999-2004 Max Krasnyansky <maxk@qualcomm.com>
[    0.579937] PPP generic driver version 2.4.2
[    0.581414] PPP BSD Compression module registered
[    0.582397] PPP Deflate Compression module registered
[    0.583458] PPP MPPE Compression module registered
[    0.584381] NET: Registered protocol family 24
[    0.585450] PPTP driver version 0.8.5
[    0.586972] usbcore: registered new interface driver usb-storage
[    0.589514] hidraw: raw HID events driver (C) Jiri Kosina
[    0.590973] usbcore: registered new interface driver usbhid
[    0.592012] usbhid: USB HID core driver
[    0.593127] Netfilter messages via NETLINK v0.30.
[    0.594528] nf_conntrack version 0.5.0 (3958 buckets, 15832 max)
[    0.596973] ctnetlink v0.93: registering with nfnetlink.
[    0.599207] ipip: IPv4 over IPv4 tunneling driver
[    0.601757] gre: GRE over IPv4 demultiplexor driver
[    0.602771] ip_gre: GRE over IPv4 tunneling driver
[    0.607801] ip_tables: (C) 2000-2006 Netfilter Core Team
[    0.610292] arp_tables: (C) 2002 David S. Miller
[    0.612210] Initializing XFRM netlink socket
[    0.613509] NET: Registered protocol family 10
[    0.620024] ip6_tables: (C) 2000-2006 Netfilter Core Team
[    0.623261] sit: IPv6 over IPv4 tunneling driver
[    0.627548] NET: Registered protocol family 17
[    0.628919] bridge: automatic filtering via arp/ip/ip6tables has been deprecated. Update your scripts to load br_netfilter if you need this.
[    0.631342] Bridge firewalling registered
[    0.632131] Ebtables v2.0 registered
[    0.633792] 8021q: 802.1Q VLAN Support v1.8
[    0.635167] Registering SWP/SWPB emulation handler
[    0.638013] hctosys: unable to open rtc device (rtc0)
[    0.653608] UDF-fs: warning (device vda1): udf_fill_super: No partition found (2)
[    0.670149] UDF-fs: warning (device vda1): udf_fill_super: No partition found (2)
[    0.671713] List of all partitions:
[    0.672562] 0100            8192 ram0  (driver?)
[    0.673466] 0101            8192 ram1  (driver?)
[    0.674347] 0102            8192 ram2  (driver?)
[    0.675223] 0103            8192 ram3  (driver?)
[    0.676053] 0104            8192 ram4  (driver?)
[    0.677151] 0105            8192 ram5  (driver?)
[    0.678017] 0106            8192 ram6  (driver?)
[    0.678900] 0107            8192 ram7  (driver?)
[    0.679765] 0108            8192 ram8  (driver?)
[    0.680623] 0109            8192 ram9  (driver?)
[    0.681485] 010a            8192 ram10  (driver?)
[    0.681955] 010b            8192 ram11  (driver?)
[    0.682489] 010c            8192 ram12  (driver?)
[    0.683058] 010d            8192 ram13  (driver?)
[    0.683533] 010e            8192 ram14  (driver?)
[    0.684037] 010f            8192 ram15  (driver?)
[    0.684437] fe00         1048576 vda  driver: virtio_blk
[    0.684902]   fe01         1047552 vda1 555f9691-01
[    0.685503] 1f00            1024 mtdblock0  (driver?)
[    0.686138] 1f01            1024 mtdblock1  (driver?)
[    0.686926] 1f02            1024 mtdblock2  (driver?)
[    0.687535] 1f03            1024 mtdblock3  (driver?)
[    0.687890] 1f04            1024 mtdblock4  (driver?)
[    0.688672] 1f05            1024 mtdblock5  (driver?)
[    0.689206] 1f06            1024 mtdblock6  (driver?)
[    0.689733] 1f07            1024 mtdblock7  (driver?)
[    0.690200] 1f08            1024 mtdblock8  (driver?)
[    0.690668] 1f09            1024 mtdblock9  (driver?)
[    0.691110] 1f0a          120832 mtdblock10  (driver?)
[    0.691753] No filesystem could mount root, tried:  ext3 ext2 ext4 cramfs squashfs vfat iso9660 romfs udf
[    0.693233] Kernel panic - not syncing: VFS: Unable to mount root fs on unknown-block(254,1)
[    0.694186] CPU: 0 PID: 1 Comm: swapper Tainted: G        W       4.1.17+ #1
[    0.694768] Hardware name: Generic DT based system
[    0.695414] [<c001c99c>] (unwind_backtrace) from [<c0019d30>] (show_stack+0x10/0x14)
[    0.696034] [<c0019d30>] (show_stack) from [<c0410b78>] (panic+0x70/0x1c8)
[    0.696973] [<c0410b78>] (panic) from [<c05c81bc>] (mount_block_root+0x268/0x2ac)
[    0.697696] [<c05c81bc>] (mount_block_root) from [<c05c84a4>] (prepare_namespace+0x158/0x1ac)
[    0.698542] [<c05c84a4>] (prepare_namespace) from [<c05c7d84>] (kernel_init_freeable+0x16c/0x1b0)
[    0.699529] [<c05c7d84>] (kernel_init_freeable) from [<c040f28c>] (kernel_init+0x8/0xe4)
[    0.700200] [<c040f28c>] (kernel_init) from [<c0016da8>] (ret_from_fork+0x14/0x2c)
[    0.701176] ---[ end Kernel panic - not syncing: VFS: Unable to mount root fs on unknown-block(254,1)
