[    0.000000] Booting Linux on physical CPU 0x0
[    0.000000] Linux version 4.1.17+ (vagrant@vagrant-ubuntu-trusty-64) (gcc version 5.3.0 (GCC) ) #1 Thu Feb 18 01:05:21 UTC 2016
[    0.000000] CPU: ARMv7 Processor [412fc0f1] revision 1 (ARMv7), cr=10c5387d
[    0.000000] CPU: PIPT / VIPT nonaliasing data cache, PIPT instruction cache
[    0.000000] Machine model: linux,dummy-virt
[    0.000000] debug: ignoring loglevel setting.
[    0.000000] Memory policy: Data cache writeback
[    0.000000] On node 0 totalpages: 65536
[    0.000000] free_area_init_node: node 0, pgdat c061dfe8, node_mem_map cfdf9000
[    0.000000]   Normal zone: 512 pages used for memmap
[    0.000000]   Normal zone: 0 pages reserved
[    0.000000]   Normal zone: 65536 pages, LIFO batch:15
[    0.000000] CPU: All CPU(s) started in SVC mode.
[    0.000000] pcpu-alloc: s0 r0 d32768 u32768 alloc=1*32768
[    0.000000] pcpu-alloc: [0] 0 
[    0.000000] Built 1 zonelists in Zone order, mobility grouping on.  Total pages: 65024
[    0.000000] Kernel command line: root=/dev/vda1 console=ttyS0 nandsim.parts=64,64,64,64,64,64,64,64,64,64 rdinit=/firmadyne/preInit.sh rw debug ignore_loglevel print-fatal-signals=1 user_debug=31 firmadyne.syscall=0
[    0.000000] PID hash table entries: 1024 (order: 0, 4096 bytes)
[    0.000000] Dentry cache hash table entries: 32768 (order: 5, 131072 bytes)
[    0.000000] Inode-cache hash table entries: 16384 (order: 4, 65536 bytes)
[    0.000000] Memory: 253344K/262144K available (4297K kernel code, 170K rwdata, 1584K rodata, 180K init, 148K bss, 8800K reserved, 0K cma-reserved)
[    0.000000] Virtual kernel memory layout:
[    0.000000]     vector  : 0xffff0000 - 0xffff1000   (   4 kB)
[    0.000000]     fixmap  : 0xffc00000 - 0xfff00000   (3072 kB)
[    0.000000]     vmalloc : 0xd0800000 - 0xff000000   ( 744 MB)
[    0.000000]     lowmem  : 0xc0000000 - 0xd0000000   ( 256 MB)
[    0.000000]     modules : 0xbf000000 - 0xc0000000   (  16 MB)
[    0.000000]       .text : 0xc0008000 - 0xc05c67bc   (5882 kB)
[    0.000000]       .init : 0xc05c7000 - 0xc05f4000   ( 180 kB)
[    0.000000]       .data : 0xc05f4000 - 0xc061e840   ( 171 kB)
[    0.000000]        .bss : 0xc0621000 - 0xc06462d4   ( 149 kB)
[    0.000000] NR_IRQS:16 nr_irqs:16 16
[    0.000000] Architected cp15 timer(s) running at 62.50MHz (virt).
[    0.000000] clocksource arch_sys_counter: mask: 0xffffffffffffff max_cycles: 0x1cd42e208c, max_idle_ns: 881590405314 ns
[    0.000116] sched_clock: 56 bits at 62MHz, resolution 16ns, wraps every 4398046511096ns
[    0.000211] Switching to timer-based delay loop, resolution 16ns
[    0.002405] Console: colour dummy device 80x30
[    0.002643] Calibrating delay loop (skipped), value calculated using timer frequency.. 125.00 BogoMIPS (lpj=625000)
[    0.002731] pid_max: default: 32768 minimum: 301
[    0.003393] Mount-cache hash table entries: 1024 (order: 0, 4096 bytes)
[    0.003419] Mountpoint-cache hash table entries: 1024 (order: 0, 4096 bytes)
[    0.009014] CPU: Testing write buffer coherency: ok
[    0.014919] Setting up static identity map for 0x40008240 - 0x40008298
[    0.025175] VFP support v0.3: implementor 41 architecture 4 part 30 variant f rev 0
[    0.034006] clocksource jiffies: mask: 0xffffffff max_cycles: 0xffffffff, max_idle_ns: 19112604462750000 ns
[    0.040497] NET: Registered protocol family 16
[    0.042676] DMA: preallocated 256 KiB pool for atomic coherent allocations
[    0.045731] cpuidle: using governor ladder
[    0.045830] cpuidle: using governor menu
[    0.048382] genirq: Setting trigger mode 1 for irq 20 failed (gic_set_type+0x0/0x48)
[    0.049588] genirq: Setting trigger mode 1 for irq 21 failed (gic_set_type+0x0/0x48)
[    0.049799] genirq: Setting trigger mode 1 for irq 22 failed (gic_set_type+0x0/0x48)
[    0.050006] genirq: Setting trigger mode 1 for irq 23 failed (gic_set_type+0x0/0x48)
[    0.050214] genirq: Setting trigger mode 1 for irq 24 failed (gic_set_type+0x0/0x48)
[    0.050433] genirq: Setting trigger mode 1 for irq 25 failed (gic_set_type+0x0/0x48)
[    0.050639] genirq: Setting trigger mode 1 for irq 26 failed (gic_set_type+0x0/0x48)
[    0.050832] genirq: Setting trigger mode 1 for irq 27 failed (gic_set_type+0x0/0x48)
[    0.051102] genirq: Setting trigger mode 1 for irq 28 failed (gic_set_type+0x0/0x48)
[    0.051301] genirq: Setting trigger mode 1 for irq 29 failed (gic_set_type+0x0/0x48)
[    0.051487] genirq: Setting trigger mode 1 for irq 30 failed (gic_set_type+0x0/0x48)
[    0.051766] genirq: Setting trigger mode 1 for irq 31 failed (gic_set_type+0x0/0x48)
[    0.052005] genirq: Setting trigger mode 1 for irq 32 failed (gic_set_type+0x0/0x48)
[    0.052245] genirq: Setting trigger mode 1 for irq 33 failed (gic_set_type+0x0/0x48)
[    0.052472] genirq: Setting trigger mode 1 for irq 34 failed (gic_set_type+0x0/0x48)
[    0.052717] genirq: Setting trigger mode 1 for irq 35 failed (gic_set_type+0x0/0x48)
[    0.053150] genirq: Setting trigger mode 1 for irq 36 failed (gic_set_type+0x0/0x48)
[    0.053367] genirq: Setting trigger mode 1 for irq 37 failed (gic_set_type+0x0/0x48)
[    0.053610] genirq: Setting trigger mode 1 for irq 38 failed (gic_set_type+0x0/0x48)
[    0.053816] genirq: Setting trigger mode 1 for irq 39 failed (gic_set_type+0x0/0x48)
[    0.054006] genirq: Setting trigger mode 1 for irq 40 failed (gic_set_type+0x0/0x48)
[    0.054201] genirq: Setting trigger mode 1 for irq 41 failed (gic_set_type+0x0/0x48)
[    0.054421] genirq: Setting trigger mode 1 for irq 42 failed (gic_set_type+0x0/0x48)
[    0.054634] genirq: Setting trigger mode 1 for irq 43 failed (gic_set_type+0x0/0x48)
[    0.054844] genirq: Setting trigger mode 1 for irq 44 failed (gic_set_type+0x0/0x48)
[    0.055050] genirq: Setting trigger mode 1 for irq 45 failed (gic_set_type+0x0/0x48)
[    0.055244] genirq: Setting trigger mode 1 for irq 46 failed (gic_set_type+0x0/0x48)
[    0.055470] genirq: Setting trigger mode 1 for irq 47 failed (gic_set_type+0x0/0x48)
[    0.055759] genirq: Setting trigger mode 1 for irq 48 failed (gic_set_type+0x0/0x48)
[    0.056009] genirq: Setting trigger mode 1 for irq 49 failed (gic_set_type+0x0/0x48)
[    0.056247] genirq: Setting trigger mode 1 for irq 50 failed (gic_set_type+0x0/0x48)
[    0.056482] genirq: Setting trigger mode 1 for irq 51 failed (gic_set_type+0x0/0x48)
[    0.056910] genirq: Setting trigger mode 1 for irq 52 failed (gic_set_type+0x0/0x48)
[    0.059358] Serial: AMBA PL011 UART driver
[    0.060991] 9000000.pl011: ttyS0 at MMIO 0x9000000 (irq = 52, base_baud = 0) is a PL011 rev1
[    0.113098] console [ttyS0] enabled
[    0.130558] vgaarb: loaded
[    0.132225] SCSI subsystem initialized
[    0.133649] usbcore: registered new interface driver usbfs
[    0.134629] usbcore: registered new interface driver hub
[    0.135540] usbcore: registered new device driver usb
[    0.142967] cfg80211: Calling CRDA to update world regulatory domain
[    0.145676] Switched to clocksource arch_sys_counter
[    0.159475] NET: Registered protocol family 2
[    0.163711] TCP established hash table entries: 2048 (order: 1, 8192 bytes)
[    0.165096] TCP bind hash table entries: 2048 (order: 1, 8192 bytes)
[    0.166522] TCP: Hash tables configured (established 2048 bind 2048)
[    0.167910] UDP hash table entries: 256 (order: 0, 4096 bytes)
[    0.169071] UDP-Lite hash table entries: 256 (order: 0, 4096 bytes)
[    0.170888] NET: Registered protocol family 1
[    0.171976] PCI: CLS 0 bytes, default 64
[    0.177899] NetWinder Floating Point Emulator V0.97 (extended precision)
[    0.180766] futex hash table entries: 256 (order: -1, 3072 bytes)
[    0.185749] squashfs: version 4.0 (2009/01/31) Phillip Lougher
[    0.187283] jffs2: version 2.2. (NAND) Â© 2001-2006 Red Hat, Inc.
[    0.188982] romfs: ROMFS MTD (C) 2007 Red Hat, Inc.
[    0.196723] Block layer SCSI generic (bsg) driver version 0.4 loaded (major 253)
[    0.198048] io scheduler noop registered
[    0.198814] io scheduler cfq registered (default)
[    0.200108] firmadyne: devfs: 1, execute: 1, procfs: 1, syscall: 0
[    0.202108] ------------[ cut here ]------------
[    0.202903] WARNING: CPU: 0 PID: 1 at /home/vagrant/firmadyne-kernel/kernel-v4.1/fs/sysfs/dir.c:31 sysfs_warn_dup+0x50/0x6c()
[    0.204859] sysfs: cannot create duplicate filename '/class/gpio'
[    0.206150] Modules linked in:
[    0.206872] CPU: 0 PID: 1 Comm: swapper Not tainted 4.1.17+ #1
[    0.207798] Hardware name: Generic DT based system
[    0.209281] [<c001c99c>] (unwind_backtrace) from [<c0019d30>] (show_stack+0x10/0x14)
[    0.210705] [<c0019d30>] (show_stack) from [<c0024ab4>] (warn_slowpath_common+0x80/0xa8)
[    0.212243] [<c0024ab4>] (warn_slowpath_common) from [<c0024b08>] (warn_slowpath_fmt+0x2c/0x3c)
[    0.213869] [<c0024b08>] (warn_slowpath_fmt) from [<c00e363c>] (sysfs_warn_dup+0x50/0x6c)
[    0.215128] [<c00e363c>] (sysfs_warn_dup) from [<c00e3714>] (sysfs_create_dir_ns+0x74/0x84)
[    0.216786] [<c00e3714>] (sysfs_create_dir_ns) from [<c018e6ac>] (kobject_add_internal+0xb8/0x2ac)
[    0.218015] [<c018e6ac>] (kobject_add_internal) from [<c018e9a8>] (kset_register+0x1c/0x44)
[    0.218725] [<c018e9a8>] (kset_register) from [<c02090b4>] (__class_register+0xa8/0x198)
[    0.219441] [<c02090b4>] (__class_register) from [<c02091e4>] (__class_create+0x40/0x70)
[    0.220169] [<c02091e4>] (__class_create) from [<c01adf68>] (register_devfs_stubs+0x314/0xbb4)
[    0.220923] [<c01adf68>] (register_devfs_stubs) from [<c05d9b08>] (init_module+0x28/0xa4)
[    0.221661] [<c05d9b08>] (init_module) from [<c0009670>] (do_one_initcall+0x104/0x1b4)
[    0.222448] [<c0009670>] (do_one_initcall) from [<c05c7d08>] (kernel_init_freeable+0xf0/0x1b0)
[    0.222912] [<c05c7d08>] (kernel_init_freeable) from [<c040f28c>] (kernel_init+0x8/0xe4)
[    0.223543] [<c040f28c>] (kernel_init) from [<c0016da8>] (ret_from_fork+0x14/0x2c)
[    0.224308] ---[ end trace 36a7ba392ff144e7 ]---
[    0.225163] ------------[ cut here ]------------
[    0.225879] WARNING: CPU: 0 PID: 1 at /home/vagrant/firmadyne-kernel/kernel-v4.1/lib/kobject.c:240 kobject_add_internal+0x240/0x2ac()
[    0.226914] kobject_add_internal failed for gpio with -EEXIST, don't try to register things with the same name in the same directory.
[    0.227549] Modules linked in:
[    0.228127] CPU: 0 PID: 1 Comm: swapper Tainted: G        W       4.1.17+ #1
[    0.228777] Hardware name: Generic DT based system
[    0.229185] [<c001c99c>] (unwind_backtrace) from [<c0019d30>] (show_stack+0x10/0x14)
[    0.229927] [<c0019d30>] (show_stack) from [<c0024ab4>] (warn_slowpath_common+0x80/0xa8)
[    0.230580] [<c0024ab4>] (warn_slowpath_common) from [<c0024b08>] (warn_slowpath_fmt+0x2c/0x3c)
[    0.231536] [<c0024b08>] (warn_slowpath_fmt) from [<c018e834>] (kobject_add_internal+0x240/0x2ac)
[    0.232262] [<c018e834>] (kobject_add_internal) from [<c018e9a8>] (kset_register+0x1c/0x44)
[    0.232986] [<c018e9a8>] (kset_register) from [<c02090b4>] (__class_register+0xa8/0x198)
[    0.233607] [<c02090b4>] (__class_register) from [<c02091e4>] (__class_create+0x40/0x70)
[    0.234297] [<c02091e4>] (__class_create) from [<c01adf68>] (register_devfs_stubs+0x314/0xbb4)
[    0.235052] [<c01adf68>] (register_devfs_stubs) from [<c05d9b08>] (init_module+0x28/0xa4)
[    0.236045] [<c05d9b08>] (init_module) from [<c0009670>] (do_one_initcall+0x104/0x1b4)
[    0.236730] [<c0009670>] (do_one_initcall) from [<c05c7d08>] (kernel_init_freeable+0xf0/0x1b0)
[    0.237556] [<c05c7d08>] (kernel_init_freeable) from [<c040f28c>] (kernel_init+0x8/0xe4)
[    0.238221] [<c040f28c>] (kernel_init) from [<c0016da8>] (ret_from_fork+0x14/0x2c)
[    0.238625] ---[ end trace 36a7ba392ff144e8 ]---
[    0.239317] firmadyne: Cannot create device class: gpio!
[    0.241170] firmadyne: Cannot register character device: watchdog, 0xa, 0x82!
[    0.242202] firmadyne: Cannot register character device: wdt, 0xfd, 0x0!
[    0.323824] Non-volatile memory driver v1.3
[    0.340489] brd: module loaded
[    0.347606] loop: module loaded
[    0.355126]  vda: vda1
[    0.358962] [nandsim] warning: read_byte: unexpected data output cycle, state is STATE_READY return 0x0
[    0.360390] [nandsim] warning: read_byte: unexpected data output cycle, state is STATE_READY return 0x0
[    0.361743] [nandsim] warning: read_byte: unexpected data output cycle, state is STATE_READY return 0x0
[    0.363038] [nandsim] warning: read_byte: unexpected data output cycle, state is STATE_READY return 0x0
[    0.364379] [nandsim] warning: read_byte: unexpected data output cycle, state is STATE_READY return 0x0
[    0.365943] [nandsim] warning: read_byte: unexpected data output cycle, state is STATE_READY return 0x0
[    0.367451] nand: device found, Manufacturer ID: 0x98, Chip ID: 0x39
[    0.368454] nand: Toshiba NAND 128MiB 1,8V 8-bit
[    0.368763] nand: 128 MiB, SLC, erase size: 16 KiB, page size: 512, OOB size: 16
[    0.369916] flash size: 128 MiB
[    0.370405] page size: 512 bytes
[    0.370873] OOB area size: 16 bytes
[    0.371389] sector size: 16 KiB
[    0.371852] pages number: 262144
[    0.372370] pages per sector: 32
[    0.372873] bus width: 8
[    0.373093] bits in sector size: 14
[    0.373409] bits in page size: 9
[    0.373598] bits in OOB size: 4
[    0.373787] flash size with OOB: 135168 KiB
[    0.374271] page address bytes: 4
[    0.374445] sector address bytes: 3
[    0.374574] options: 0x42
[    0.378199] Scanning device for bad blocks
[    0.471950] Creating 11 MTD partitions on "NAND 128MiB 1,8V 8-bit":
[    0.473192] 0x000000000000-0x000000100000 : "NAND simulator partition 0"
[    0.476577] 0x000000100000-0x000000200000 : "NAND simulator partition 1"
[    0.478598] 0x000000200000-0x000000300000 : "NAND simulator partition 2"
[    0.480639] 0x000000300000-0x000000400000 : "NAND simulator partition 3"
[    0.482617] 0x000000400000-0x000000500000 : "NAND simulator partition 4"
[    0.484707] 0x000000500000-0x000000600000 : "NAND simulator partition 5"
[    0.486861] 0x000000600000-0x000000700000 : "NAND simulator partition 6"
[    0.488931] 0x000000700000-0x000000800000 : "NAND simulator partition 7"
[    0.490922] 0x000000800000-0x000000900000 : "NAND simulator partition 8"
[    0.493085] 0x000000900000-0x000000a00000 : "NAND simulator partition 9"
[    0.495035] 0x000000a00000-0x000008000000 : "NAND simulator partition 10"
[    0.499462] tun: Universal TUN/TAP device driver, 1.6
[    0.500296] tun: (C) 1999-2004 Max Krasnyansky <maxk@qualcomm.com>
[    0.511413] PPP generic driver version 2.4.2
[    0.512669] PPP BSD Compression module registered
[    0.513463] PPP Deflate Compression module registered
[    0.514310] PPP MPPE Compression module registered
[    0.515019] NET: Registered protocol family 24
[    0.516119] PPTP driver version 0.8.5
[    0.517218] usbcore: registered new interface driver usb-storage
[    0.519350] hidraw: raw HID events driver (C) Jiri Kosina
[    0.520570] usbcore: registered new interface driver usbhid
[    0.521426] usbhid: USB HID core driver
[    0.522330] Netfilter messages via NETLINK v0.30.
[    0.523432] nf_conntrack version 0.5.0 (3958 buckets, 15832 max)
[    0.525347] ctnetlink v0.93: registering with nfnetlink.
[    0.527472] ipip: IPv4 over IPv4 tunneling driver
[    0.529643] gre: GRE over IPv4 demultiplexor driver
[    0.530488] ip_gre: GRE over IPv4 tunneling driver
[    0.534658] ip_tables: (C) 2000-2006 Netfilter Core Team
[    0.536921] arp_tables: (C) 2002 David S. Miller
[    0.538406] Initializing XFRM netlink socket
[    0.539390] NET: Registered protocol family 10
[    0.544698] ip6_tables: (C) 2000-2006 Netfilter Core Team
[    0.546823] sit: IPv6 over IPv4 tunneling driver
[    0.550532] NET: Registered protocol family 17
[    0.551610] bridge: automatic filtering via arp/ip/ip6tables has been deprecated. Update your scripts to load br_netfilter if you need this.
[    0.553567] Bridge firewalling registered
[    0.554185] Ebtables v2.0 registered
[    0.555720] 8021q: 802.1Q VLAN Support v1.8
[    0.556857] Registering SWP/SWPB emulation handler
[    0.559240] hctosys: unable to open rtc device (rtc0)
[    0.567299] EXT4-fs (vda1): couldn't mount as ext3 due to feature incompatibilities
[    0.569762] EXT4-fs (vda1): mounting ext2 file system using the ext4 subsystem
[    0.578137] EXT4-fs (vda1): warning: mounting unchecked fs, running e2fsck is recommended
[    0.581324] EXT4-fs (vda1): mounted filesystem without journal. Opts: (null)
[    0.583031] VFS: Mounted root (ext2 filesystem) on device 254:1.
[    0.587939] Freeing unused kernel memory: 180K (c05c7000 - c05f4000)
[    0.594536] Starting init: /sbin/init exists but couldn't execute it (error -13)
[    0.599845] Starting init: /etc/init exists but couldn't execute it (error -13)
[    0.604986] firmadyne: do_execve: /firmadyne/console
[    0.605846] OFFSETS: offset of pid: 0x190 offset of comm: 0x270
[    0.606983] Starting init: /bin/sh exists but couldn't execute it (error -13)
[    0.608124] Kernel panic - not syncing: No working init found.  Try passing init= option to kernel. See Linux Documentation/init.txt for guidance.
[    0.610014] CPU: 0 PID: 1 Comm: swapper Tainted: G        W       4.1.17+ #1
[    0.610969] Hardware name: Generic DT based system
[    0.611760] [<c001c99c>] (unwind_backtrace) from [<c0019d30>] (show_stack+0x10/0x14)
[    0.612904] [<c0019d30>] (show_stack) from [<c0410b78>] (panic+0x70/0x1c8)
[    0.613886] [<c0410b78>] (panic) from [<c040f33c>] (kernel_init+0xb8/0xe4)
[    0.614858] [<c040f33c>] (kernel_init) from [<c0016da8>] (ret_from_fork+0x14/0x2c)
[    0.616209] ---[ end Kernel panic - not syncing: No working init found.  Try passing init= option to kernel. See Linux Documentation/init.txt for guidance.
