[    0.000000] Booting Linux on physical CPU 0x0
[    0.000000] Linux version 4.1.17+ (vagrant@vagrant-ubuntu-trusty-64) (gcc version 5.3.0 (GCC) ) #1 Thu Feb 18 01:05:21 UTC 2016
[    0.000000] CPU: ARMv7 Processor [412fc0f1] revision 1 (ARMv7), cr=10c5387d
[    0.000000] CPU: PIPT / VIPT nonaliasing data cache, PIPT instruction cache
[    0.000000] Machine model: linux,dummy-virt
[    0.000000] debug: ignoring loglevel setting.
[    0.000000] Memory policy: Data cache writeback
[    0.000000] On node 0 totalpages: 65536
[    0.000000] free_area_init_node: node 0, pgdat c061dfe8, node_mem_map cfdf9000
[    0.000000]   Normal zone: 512 pages used for memmap
[    0.000000]   Normal zone: 0 pages reserved
[    0.000000]   Normal zone: 65536 pages, LIFO batch:15
[    0.000000] CPU: All CPU(s) started in SVC mode.
[    0.000000] pcpu-alloc: s0 r0 d32768 u32768 alloc=1*32768
[    0.000000] pcpu-alloc: [0] 0 
[    0.000000] Built 1 zonelists in Zone order, mobility grouping on.  Total pages: 65024
[    0.000000] Kernel command line: root=/dev/vda1 console=ttyS0 nandsim.parts=64,64,64,64,64,64,64,64,64,64 rdinit=/firmadyne/preInit.sh rw debug ignore_loglevel print-fatal-signals=1 user_debug=31 firmadyne.syscall=0
[    0.000000] PID hash table entries: 1024 (order: 0, 4096 bytes)
[    0.000000] Dentry cache hash table entries: 32768 (order: 5, 131072 bytes)
[    0.000000] Inode-cache hash table entries: 16384 (order: 4, 65536 bytes)
[    0.000000] Memory: 253344K/262144K available (4297K kernel code, 170K rwdata, 1584K rodata, 180K init, 148K bss, 8800K reserved, 0K cma-reserved)
[    0.000000] Virtual kernel memory layout:
[    0.000000]     vector  : 0xffff0000 - 0xffff1000   (   4 kB)
[    0.000000]     fixmap  : 0xffc00000 - 0xfff00000   (3072 kB)
[    0.000000]     vmalloc : 0xd0800000 - 0xff000000   ( 744 MB)
[    0.000000]     lowmem  : 0xc0000000 - 0xd0000000   ( 256 MB)
[    0.000000]     modules : 0xbf000000 - 0xc0000000   (  16 MB)
[    0.000000]       .text : 0xc0008000 - 0xc05c67bc   (5882 kB)
[    0.000000]       .init : 0xc05c7000 - 0xc05f4000   ( 180 kB)
[    0.000000]       .data : 0xc05f4000 - 0xc061e840   ( 171 kB)
[    0.000000]        .bss : 0xc0621000 - 0xc06462d4   ( 149 kB)
[    0.000000] NR_IRQS:16 nr_irqs:16 16
[    0.000000] Architected cp15 timer(s) running at 62.50MHz (virt).
[    0.000000] clocksource arch_sys_counter: mask: 0xffffffffffffff max_cycles: 0x1cd42e208c, max_idle_ns: 881590405314 ns
[    0.000110] sched_clock: 56 bits at 62MHz, resolution 16ns, wraps every 4398046511096ns
[    0.000196] Switching to timer-based delay loop, resolution 16ns
[    0.002527] Console: colour dummy device 80x30
[    0.002751] Calibrating delay loop (skipped), value calculated using timer frequency.. 125.00 BogoMIPS (lpj=625000)
[    0.002837] pid_max: default: 32768 minimum: 301
[    0.003464] Mount-cache hash table entries: 1024 (order: 0, 4096 bytes)
[    0.003489] Mountpoint-cache hash table entries: 1024 (order: 0, 4096 bytes)
[    0.008219] CPU: Testing write buffer coherency: ok
[    0.014371] Setting up static identity map for 0x40008240 - 0x40008298
[    0.024924] VFP support v0.3: implementor 41 architecture 4 part 30 variant f rev 0
[    0.033516] clocksource jiffies: mask: 0xffffffff max_cycles: 0xffffffff, max_idle_ns: 19112604462750000 ns
[    0.039653] NET: Registered protocol family 16
[    0.041772] DMA: preallocated 256 KiB pool for atomic coherent allocations
[    0.044724] cpuidle: using governor ladder
[    0.044831] cpuidle: using governor menu
[    0.047324] genirq: Setting trigger mode 1 for irq 20 failed (gic_set_type+0x0/0x48)
[    0.048534] genirq: Setting trigger mode 1 for irq 21 failed (gic_set_type+0x0/0x48)
[    0.048754] genirq: Setting trigger mode 1 for irq 22 failed (gic_set_type+0x0/0x48)
[    0.048975] genirq: Setting trigger mode 1 for irq 23 failed (gic_set_type+0x0/0x48)
[    0.049198] genirq: Setting trigger mode 1 for irq 24 failed (gic_set_type+0x0/0x48)
[    0.049409] genirq: Setting trigger mode 1 for irq 25 failed (gic_set_type+0x0/0x48)
[    0.049610] genirq: Setting trigger mode 1 for irq 26 failed (gic_set_type+0x0/0x48)
[    0.049814] genirq: Setting trigger mode 1 for irq 27 failed (gic_set_type+0x0/0x48)
[    0.050098] genirq: Setting trigger mode 1 for irq 28 failed (gic_set_type+0x0/0x48)
[    0.050346] genirq: Setting trigger mode 1 for irq 29 failed (gic_set_type+0x0/0x48)
[    0.050549] genirq: Setting trigger mode 1 for irq 30 failed (gic_set_type+0x0/0x48)
[    0.050763] genirq: Setting trigger mode 1 for irq 31 failed (gic_set_type+0x0/0x48)
[    0.050963] genirq: Setting trigger mode 1 for irq 32 failed (gic_set_type+0x0/0x48)
[    0.051166] genirq: Setting trigger mode 1 for irq 33 failed (gic_set_type+0x0/0x48)
[    0.051360] genirq: Setting trigger mode 1 for irq 34 failed (gic_set_type+0x0/0x48)
[    0.051554] genirq: Setting trigger mode 1 for irq 35 failed (gic_set_type+0x0/0x48)
[    0.051757] genirq: Setting trigger mode 1 for irq 36 failed (gic_set_type+0x0/0x48)
[    0.051962] genirq: Setting trigger mode 1 for irq 37 failed (gic_set_type+0x0/0x48)
[    0.052198] genirq: Setting trigger mode 1 for irq 38 failed (gic_set_type+0x0/0x48)
[    0.052410] genirq: Setting trigger mode 1 for irq 39 failed (gic_set_type+0x0/0x48)
[    0.052614] genirq: Setting trigger mode 1 for irq 40 failed (gic_set_type+0x0/0x48)
[    0.052822] genirq: Setting trigger mode 1 for irq 41 failed (gic_set_type+0x0/0x48)
[    0.053251] genirq: Setting trigger mode 1 for irq 42 failed (gic_set_type+0x0/0x48)
[    0.053477] genirq: Setting trigger mode 1 for irq 43 failed (gic_set_type+0x0/0x48)
[    0.053700] genirq: Setting trigger mode 1 for irq 44 failed (gic_set_type+0x0/0x48)
[    0.053922] genirq: Setting trigger mode 1 for irq 45 failed (gic_set_type+0x0/0x48)
[    0.054152] genirq: Setting trigger mode 1 for irq 46 failed (gic_set_type+0x0/0x48)
[    0.054407] genirq: Setting trigger mode 1 for irq 47 failed (gic_set_type+0x0/0x48)
[    0.054625] genirq: Setting trigger mode 1 for irq 48 failed (gic_set_type+0x0/0x48)
[    0.054833] genirq: Setting trigger mode 1 for irq 49 failed (gic_set_type+0x0/0x48)
[    0.055036] genirq: Setting trigger mode 1 for irq 50 failed (gic_set_type+0x0/0x48)
[    0.055239] genirq: Setting trigger mode 1 for irq 51 failed (gic_set_type+0x0/0x48)
[    0.055591] genirq: Setting trigger mode 1 for irq 52 failed (gic_set_type+0x0/0x48)
[    0.058134] Serial: AMBA PL011 UART driver
[    0.059562] 9000000.pl011: ttyS0 at MMIO 0x9000000 (irq = 52, base_baud = 0) is a PL011 rev1
[    0.107240] console [ttyS0] enabled
[    0.123494] vgaarb: loaded
[    0.125004] SCSI subsystem initialized
[    0.126527] usbcore: registered new interface driver usbfs
[    0.127565] usbcore: registered new interface driver hub
[    0.128549] usbcore: registered new device driver usb
[    0.135429] cfg80211: Calling CRDA to update world regulatory domain
[    0.138229] Switched to clocksource arch_sys_counter
[    0.151607] NET: Registered protocol family 2
[    0.155637] TCP established hash table entries: 2048 (order: 1, 8192 bytes)
[    0.156810] TCP bind hash table entries: 2048 (order: 1, 8192 bytes)
[    0.157899] TCP: Hash tables configured (established 2048 bind 2048)
[    0.159672] UDP hash table entries: 256 (order: 0, 4096 bytes)
[    0.160681] UDP-Lite hash table entries: 256 (order: 0, 4096 bytes)
[    0.162573] NET: Registered protocol family 1
[    0.163569] PCI: CLS 0 bytes, default 64
[    0.169446] NetWinder Floating Point Emulator V0.97 (extended precision)
[    0.172208] futex hash table entries: 256 (order: -1, 3072 bytes)
[    0.176784] squashfs: version 4.0 (2009/01/31) Phillip Lougher
[    0.178597] jffs2: version 2.2. (NAND) Â© 2001-2006 Red Hat, Inc.
[    0.180065] romfs: ROMFS MTD (C) 2007 Red Hat, Inc.
[    0.187167] Block layer SCSI generic (bsg) driver version 0.4 loaded (major 253)
[    0.188707] io scheduler noop registered
[    0.189411] io scheduler cfq registered (default)
[    0.190605] firmadyne: devfs: 1, execute: 1, procfs: 1, syscall: 0
[    0.192435] ------------[ cut here ]------------
[    0.193202] WARNING: CPU: 0 PID: 1 at /home/vagrant/firmadyne-kernel/kernel-v4.1/fs/sysfs/dir.c:31 sysfs_warn_dup+0x50/0x6c()
[    0.194851] sysfs: cannot create duplicate filename '/class/gpio'
[    0.195764] Modules linked in:
[    0.196440] CPU: 0 PID: 1 Comm: swapper Not tainted 4.1.17+ #1
[    0.197311] Hardware name: Generic DT based system
[    0.198972] [<c001c99c>] (unwind_backtrace) from [<c0019d30>] (show_stack+0x10/0x14)
[    0.200346] [<c0019d30>] (show_stack) from [<c0024ab4>] (warn_slowpath_common+0x80/0xa8)
[    0.201696] [<c0024ab4>] (warn_slowpath_common) from [<c0024b08>] (warn_slowpath_fmt+0x2c/0x3c)
[    0.203149] [<c0024b08>] (warn_slowpath_fmt) from [<c00e363c>] (sysfs_warn_dup+0x50/0x6c)
[    0.204356] [<c00e363c>] (sysfs_warn_dup) from [<c00e3714>] (sysfs_create_dir_ns+0x74/0x84)
[    0.205584] [<c00e3714>] (sysfs_create_dir_ns) from [<c018e6ac>] (kobject_add_internal+0xb8/0x2ac)
[    0.206233] [<c018e6ac>] (kobject_add_internal) from [<c018e9a8>] (kset_register+0x1c/0x44)
[    0.207039] [<c018e9a8>] (kset_register) from [<c02090b4>] (__class_register+0xa8/0x198)
[    0.207634] [<c02090b4>] (__class_register) from [<c02091e4>] (__class_create+0x40/0x70)
[    0.208470] [<c02091e4>] (__class_create) from [<c01adf68>] (register_devfs_stubs+0x314/0xbb4)
[    0.209213] [<c01adf68>] (register_devfs_stubs) from [<c05d9b08>] (init_module+0x28/0xa4)
[    0.209846] [<c05d9b08>] (init_module) from [<c0009670>] (do_one_initcall+0x104/0x1b4)
[    0.210370] [<c0009670>] (do_one_initcall) from [<c05c7d08>] (kernel_init_freeable+0xf0/0x1b0)
[    0.210992] [<c05c7d08>] (kernel_init_freeable) from [<c040f28c>] (kernel_init+0x8/0xe4)
[    0.211788] [<c040f28c>] (kernel_init) from [<c0016da8>] (ret_from_fork+0x14/0x2c)
[    0.212230] ---[ end trace 774aa728cb8e5f6c ]---
[    0.213011] ------------[ cut here ]------------
[    0.213417] WARNING: CPU: 0 PID: 1 at /home/vagrant/firmadyne-kernel/kernel-v4.1/lib/kobject.c:240 kobject_add_internal+0x240/0x2ac()
[    0.214264] kobject_add_internal failed for gpio with -EEXIST, don't try to register things with the same name in the same directory.
[    0.215132] Modules linked in:
[    0.215407] CPU: 0 PID: 1 Comm: swapper Tainted: G        W       4.1.17+ #1
[    0.216023] Hardware name: Generic DT based system
[    0.216508] [<c001c99c>] (unwind_backtrace) from [<c0019d30>] (show_stack+0x10/0x14)
[    0.217179] [<c0019d30>] (show_stack) from [<c0024ab4>] (warn_slowpath_common+0x80/0xa8)
[    0.217771] [<c0024ab4>] (warn_slowpath_common) from [<c0024b08>] (warn_slowpath_fmt+0x2c/0x3c)
[    0.218599] [<c0024b08>] (warn_slowpath_fmt) from [<c018e834>] (kobject_add_internal+0x240/0x2ac)
[    0.219463] [<c018e834>] (kobject_add_internal) from [<c018e9a8>] (kset_register+0x1c/0x44)
[    0.220031] [<c018e9a8>] (kset_register) from [<c02090b4>] (__class_register+0xa8/0x198)
[    0.220556] [<c02090b4>] (__class_register) from [<c02091e4>] (__class_create+0x40/0x70)
[    0.221315] [<c02091e4>] (__class_create) from [<c01adf68>] (register_devfs_stubs+0x314/0xbb4)
[    0.221938] [<c01adf68>] (register_devfs_stubs) from [<c05d9b08>] (init_module+0x28/0xa4)
[    0.222400] [<c05d9b08>] (init_module) from [<c0009670>] (do_one_initcall+0x104/0x1b4)
[    0.223044] [<c0009670>] (do_one_initcall) from [<c05c7d08>] (kernel_init_freeable+0xf0/0x1b0)
[    0.223836] [<c05c7d08>] (kernel_init_freeable) from [<c040f28c>] (kernel_init+0x8/0xe4)
[    0.224492] [<c040f28c>] (kernel_init) from [<c0016da8>] (ret_from_fork+0x14/0x2c)
[    0.224952] ---[ end trace 774aa728cb8e5f6d ]---
[    0.225472] firmadyne: Cannot create device class: gpio!
[    0.227152] firmadyne: Cannot register character device: watchdog, 0xa, 0x82!
[    0.228469] firmadyne: Cannot register character device: wdt, 0xfd, 0x0!
[    0.309816] Non-volatile memory driver v1.3
[    0.326391] brd: module loaded
[    0.333697] loop: module loaded
[    0.341300]  vda: vda1
[    0.344983] [nandsim] warning: read_byte: unexpected data output cycle, state is STATE_READY return 0x0
[    0.346591] [nandsim] warning: read_byte: unexpected data output cycle, state is STATE_READY return 0x0
[    0.348257] [nandsim] warning: read_byte: unexpected data output cycle, state is STATE_READY return 0x0
[    0.349600] [nandsim] warning: read_byte: unexpected data output cycle, state is STATE_READY return 0x0
[    0.351015] [nandsim] warning: read_byte: unexpected data output cycle, state is STATE_READY return 0x0
[    0.352375] [nandsim] warning: read_byte: unexpected data output cycle, state is STATE_READY return 0x0
[    0.353541] nand: device found, Manufacturer ID: 0x98, Chip ID: 0x39
[    0.354531] nand: Toshiba NAND 128MiB 1,8V 8-bit
[    0.354830] nand: 128 MiB, SLC, erase size: 16 KiB, page size: 512, OOB size: 16
[    0.356001] flash size: 128 MiB
[    0.356488] page size: 512 bytes
[    0.356980] OOB area size: 16 bytes
[    0.357502] sector size: 16 KiB
[    0.358184] pages number: 262144
[    0.358685] pages per sector: 32
[    0.359148] bus width: 8
[    0.359483] bits in sector size: 14
[    0.359771] bits in page size: 9
[    0.359854] bits in OOB size: 4
[    0.360310] flash size with OOB: 135168 KiB
[    0.360530] page address bytes: 4
[    0.360895] sector address bytes: 3
[    0.361182] options: 0x42
[    0.364482] Scanning device for bad blocks
[    0.456042] Creating 11 MTD partitions on "NAND 128MiB 1,8V 8-bit":
[    0.457319] 0x000000000000-0x000000100000 : "NAND simulator partition 0"
[    0.460882] 0x000000100000-0x000000200000 : "NAND simulator partition 1"
[    0.463222] 0x000000200000-0x000000300000 : "NAND simulator partition 2"
[    0.465295] 0x000000300000-0x000000400000 : "NAND simulator partition 3"
[    0.467341] 0x000000400000-0x000000500000 : "NAND simulator partition 4"
[    0.469548] 0x000000500000-0x000000600000 : "NAND simulator partition 5"
[    0.471812] 0x000000600000-0x000000700000 : "NAND simulator partition 6"
[    0.474122] 0x000000700000-0x000000800000 : "NAND simulator partition 7"
[    0.476198] 0x000000800000-0x000000900000 : "NAND simulator partition 8"
[    0.478582] 0x000000900000-0x000000a00000 : "NAND simulator partition 9"
[    0.480632] 0x000000a00000-0x000008000000 : "NAND simulator partition 10"
[    0.485273] tun: Universal TUN/TAP device driver, 1.6
[    0.486117] tun: (C) 1999-2004 Max Krasnyansky <maxk@qualcomm.com>
[    0.497699] PPP generic driver version 2.4.2
[    0.499098] PPP BSD Compression module registered
[    0.499892] PPP Deflate Compression module registered
[    0.500750] PPP MPPE Compression module registered
[    0.501495] NET: Registered protocol family 24
[    0.502570] PPTP driver version 0.8.5
[    0.503756] usbcore: registered new interface driver usb-storage
[    0.505885] hidraw: raw HID events driver (C) Jiri Kosina
[    0.507098] usbcore: registered new interface driver usbhid
[    0.507937] usbhid: USB HID core driver
[    0.509065] Netfilter messages via NETLINK v0.30.
[    0.510249] nf_conntrack version 0.5.0 (3958 buckets, 15832 max)
[    0.512127] ctnetlink v0.93: registering with nfnetlink.
[    0.513981] ipip: IPv4 over IPv4 tunneling driver
[    0.516184] gre: GRE over IPv4 demultiplexor driver
[    0.516994] ip_gre: GRE over IPv4 tunneling driver
[    0.521443] ip_tables: (C) 2000-2006 Netfilter Core Team
[    0.523496] arp_tables: (C) 2002 David S. Miller
[    0.525019] Initializing XFRM netlink socket
[    0.526054] NET: Registered protocol family 10
[    0.531633] ip6_tables: (C) 2000-2006 Netfilter Core Team
[    0.533660] sit: IPv6 over IPv4 tunneling driver
[    0.537096] NET: Registered protocol family 17
[    0.538422] bridge: automatic filtering via arp/ip/ip6tables has been deprecated. Update your scripts to load br_netfilter if you need this.
[    0.540895] Bridge firewalling registered
[    0.541534] Ebtables v2.0 registered
[    0.542984] 8021q: 802.1Q VLAN Support v1.8
[    0.544102] Registering SWP/SWPB emulation handler
[    0.546476] hctosys: unable to open rtc device (rtc0)
[    0.554995] EXT4-fs (vda1): couldn't mount as ext3 due to feature incompatibilities
[    0.557401] EXT4-fs (vda1): mounting ext2 file system using the ext4 subsystem
[    0.565772] EXT4-fs (vda1): warning: mounting unchecked fs, running e2fsck is recommended
[    0.569224] EXT4-fs (vda1): mounted filesystem without journal. Opts: (null)
[    0.571037] VFS: Mounted root (ext2 filesystem) on device 254:1.
[    0.575861] Freeing unused kernel memory: 180K (c05c7000 - c05f4000)
[    0.582684] Starting init: /sbin/init exists but couldn't execute it (error -13)
[    0.588213] Starting init: /etc/init exists but couldn't execute it (error -13)
[    0.593647] firmadyne: do_execve: /firmadyne/console
[    0.594682] OFFSETS: offset of pid: 0x190 offset of comm: 0x270
[    0.595794] Starting init: /bin/sh exists but couldn't execute it (error -13)
[    0.596943] Kernel panic - not syncing: No working init found.  Try passing init= option to kernel. See Linux Documentation/init.txt for guidance.
[    0.599147] CPU: 0 PID: 1 Comm: swapper Tainted: G        W       4.1.17+ #1
[    0.600221] Hardware name: Generic DT based system
[    0.600967] [<c001c99c>] (unwind_backtrace) from [<c0019d30>] (show_stack+0x10/0x14)
[    0.602266] [<c0019d30>] (show_stack) from [<c0410b78>] (panic+0x70/0x1c8)
[    0.603179] [<c0410b78>] (panic) from [<c040f33c>] (kernel_init+0xb8/0xe4)
[    0.603779] [<c040f33c>] (kernel_init) from [<c0016da8>] (ret_from_fork+0x14/0x2c)
[    0.604572] ---[ end Kernel panic - not syncing: No working init found.  Try passing init= option to kernel. See Linux Documentation/init.txt for guidance.
