[    0.000000] Booting Linux on physical CPU 0x0
[    0.000000] Linux version 4.1.17+ (vagrant@vagrant-ubuntu-trusty-64) (gcc version 5.3.0 (GCC) ) #1 Thu Feb 18 01:05:21 UTC 2016
[    0.000000] CPU: ARMv7 Processor [412fc0f1] revision 1 (ARMv7), cr=10c5387d
[    0.000000] CPU: PIPT / VIPT nonaliasing data cache, PIPT instruction cache
[    0.000000] Machine model: linux,dummy-virt
[    0.000000] debug: ignoring loglevel setting.
[    0.000000] Memory policy: Data cache writeback
[    0.000000] On node 0 totalpages: 65536
[    0.000000] free_area_init_node: node 0, pgdat c061dfe8, node_mem_map cfdf9000
[    0.000000]   Normal zone: 512 pages used for memmap
[    0.000000]   Normal zone: 0 pages reserved
[    0.000000]   Normal zone: 65536 pages, LIFO batch:15
[    0.000000] CPU: All CPU(s) started in SVC mode.
[    0.000000] pcpu-alloc: s0 r0 d32768 u32768 alloc=1*32768
[    0.000000] pcpu-alloc: [0] 0 
[    0.000000] Built 1 zonelists in Zone order, mobility grouping on.  Total pages: 65024
[    0.000000] Kernel command line: firmadyne.syscall=1 root=/dev/vda1 console=ttyS0 nandsim.parts=64,64,64,64,64,64,64,64,64,64 rdinit=/firmadyne/preInit.sh rw debug ignore_loglevel print-fatal-signals=1 user_debug=31
[    0.000000] PID hash table entries: 1024 (order: 0, 4096 bytes)
[    0.000000] Dentry cache hash table entries: 32768 (order: 5, 131072 bytes)
[    0.000000] Inode-cache hash table entries: 16384 (order: 4, 65536 bytes)
[    0.000000] Memory: 253344K/262144K available (4297K kernel code, 170K rwdata, 1584K rodata, 180K init, 148K bss, 8800K reserved, 0K cma-reserved)
[    0.000000] Virtual kernel memory layout:
[    0.000000]     vector  : 0xffff0000 - 0xffff1000   (   4 kB)
[    0.000000]     fixmap  : 0xffc00000 - 0xfff00000   (3072 kB)
[    0.000000]     vmalloc : 0xd0800000 - 0xff000000   ( 744 MB)
[    0.000000]     lowmem  : 0xc0000000 - 0xd0000000   ( 256 MB)
[    0.000000]     modules : 0xbf000000 - 0xc0000000   (  16 MB)
[    0.000000]       .text : 0xc0008000 - 0xc05c67bc   (5882 kB)
[    0.000000]       .init : 0xc05c7000 - 0xc05f4000   ( 180 kB)
[    0.000000]       .data : 0xc05f4000 - 0xc061e840   ( 171 kB)
[    0.000000]        .bss : 0xc0621000 - 0xc06462d4   ( 149 kB)
[    0.000000] NR_IRQS:16 nr_irqs:16 16
[    0.000000] Architected cp15 timer(s) running at 62.50MHz (virt).
[    0.000000] clocksource arch_sys_counter: mask: 0xffffffffffffff max_cycles: 0x1cd42e208c, max_idle_ns: 881590405314 ns
[    0.000129] sched_clock: 56 bits at 62MHz, resolution 16ns, wraps every 4398046511096ns
[    0.000230] Switching to timer-based delay loop, resolution 16ns
[    0.002721] Console: colour dummy device 80x30
[    0.002982] Calibrating delay loop (skipped), value calculated using timer frequency.. 125.00 BogoMIPS (lpj=625000)
[    0.003084] pid_max: default: 32768 minimum: 301
[    0.003819] Mount-cache hash table entries: 1024 (order: 0, 4096 bytes)
[    0.003848] Mountpoint-cache hash table entries: 1024 (order: 0, 4096 bytes)
[    0.011290] CPU: Testing write buffer coherency: ok
[    0.016218] Setting up static identity map for 0x40008240 - 0x40008298
[    0.030729] VFP support v0.3: implementor 41 architecture 4 part 30 variant f rev 0
[    0.040554] clocksource jiffies: mask: 0xffffffff max_cycles: 0xffffffff, max_idle_ns: 19112604462750000 ns
[    0.047987] NET: Registered protocol family 16
[    0.050494] DMA: preallocated 256 KiB pool for atomic coherent allocations
[    0.053876] cpuidle: using governor ladder
[    0.054014] cpuidle: using governor menu
[    0.056866] genirq: Setting trigger mode 1 for irq 20 failed (gic_set_type+0x0/0x48)
[    0.058296] genirq: Setting trigger mode 1 for irq 21 failed (gic_set_type+0x0/0x48)
[    0.058553] genirq: Setting trigger mode 1 for irq 22 failed (gic_set_type+0x0/0x48)
[    0.058810] genirq: Setting trigger mode 1 for irq 23 failed (gic_set_type+0x0/0x48)
[    0.059067] genirq: Setting trigger mode 1 for irq 24 failed (gic_set_type+0x0/0x48)
[    0.059312] genirq: Setting trigger mode 1 for irq 25 failed (gic_set_type+0x0/0x48)
[    0.059544] genirq: Setting trigger mode 1 for irq 26 failed (gic_set_type+0x0/0x48)
[    0.059780] genirq: Setting trigger mode 1 for irq 27 failed (gic_set_type+0x0/0x48)
[    0.060109] genirq: Setting trigger mode 1 for irq 28 failed (gic_set_type+0x0/0x48)
[    0.060356] genirq: Setting trigger mode 1 for irq 29 failed (gic_set_type+0x0/0x48)
[    0.060611] genirq: Setting trigger mode 1 for irq 30 failed (gic_set_type+0x0/0x48)
[    0.060859] genirq: Setting trigger mode 1 for irq 31 failed (gic_set_type+0x0/0x48)
[    0.061088] genirq: Setting trigger mode 1 for irq 32 failed (gic_set_type+0x0/0x48)
[    0.061324] genirq: Setting trigger mode 1 for irq 33 failed (gic_set_type+0x0/0x48)
[    0.061548] genirq: Setting trigger mode 1 for irq 34 failed (gic_set_type+0x0/0x48)
[    0.061773] genirq: Setting trigger mode 1 for irq 35 failed (gic_set_type+0x0/0x48)
[    0.062017] genirq: Setting trigger mode 1 for irq 36 failed (gic_set_type+0x0/0x48)
[    0.062257] genirq: Setting trigger mode 1 for irq 37 failed (gic_set_type+0x0/0x48)
[    0.062533] genirq: Setting trigger mode 1 for irq 38 failed (gic_set_type+0x0/0x48)
[    0.062778] genirq: Setting trigger mode 1 for irq 39 failed (gic_set_type+0x0/0x48)
[    0.063014] genirq: Setting trigger mode 1 for irq 40 failed (gic_set_type+0x0/0x48)
[    0.063253] genirq: Setting trigger mode 1 for irq 41 failed (gic_set_type+0x0/0x48)
[    0.063755] genirq: Setting trigger mode 1 for irq 42 failed (gic_set_type+0x0/0x48)
[    0.064015] genirq: Setting trigger mode 1 for irq 43 failed (gic_set_type+0x0/0x48)
[    0.064272] genirq: Setting trigger mode 1 for irq 44 failed (gic_set_type+0x0/0x48)
[    0.064549] genirq: Setting trigger mode 1 for irq 45 failed (gic_set_type+0x0/0x48)
[    0.064793] genirq: Setting trigger mode 1 for irq 46 failed (gic_set_type+0x0/0x48)
[    0.065075] genirq: Setting trigger mode 1 for irq 47 failed (gic_set_type+0x0/0x48)
[    0.065325] genirq: Setting trigger mode 1 for irq 48 failed (gic_set_type+0x0/0x48)
[    0.065565] genirq: Setting trigger mode 1 for irq 49 failed (gic_set_type+0x0/0x48)
[    0.065799] genirq: Setting trigger mode 1 for irq 50 failed (gic_set_type+0x0/0x48)
[    0.066045] genirq: Setting trigger mode 1 for irq 51 failed (gic_set_type+0x0/0x48)
[    0.066453] genirq: Setting trigger mode 1 for irq 52 failed (gic_set_type+0x0/0x48)
[    0.069432] Serial: AMBA PL011 UART driver
[    0.071106] 9000000.pl011: ttyS0 at MMIO 0x9000000 (irq = 52, base_baud = 0) is a PL011 rev1
[    0.091770] console [ttyS0] enabled
[    0.110906] vgaarb: loaded
[    0.112109] SCSI subsystem initialized
[    0.112984] usbcore: registered new interface driver usbfs
[    0.113341] usbcore: registered new interface driver hub
[    0.113680] usbcore: registered new device driver usb
[    0.121129] cfg80211: Calling CRDA to update world regulatory domain
[    0.123113] Switched to clocksource arch_sys_counter
[    0.137341] NET: Registered protocol family 2
[    0.141293] TCP established hash table entries: 2048 (order: 1, 8192 bytes)
[    0.141628] TCP bind hash table entries: 2048 (order: 1, 8192 bytes)
[    0.142001] TCP: Hash tables configured (established 2048 bind 2048)
[    0.142521] UDP hash table entries: 256 (order: 0, 4096 bytes)
[    0.142820] UDP-Lite hash table entries: 256 (order: 0, 4096 bytes)
[    0.144337] NET: Registered protocol family 1
[    0.144777] PCI: CLS 0 bytes, default 64
[    0.150560] NetWinder Floating Point Emulator V0.97 (extended precision)
[    0.152712] futex hash table entries: 256 (order: -1, 3072 bytes)
[    0.157635] squashfs: version 4.0 (2009/01/31) Phillip Lougher
[    0.158582] jffs2: version 2.2. (NAND) Â© 2001-2006 Red Hat, Inc.
[    0.159334] romfs: ROMFS MTD (C) 2007 Red Hat, Inc.
[    0.166714] Block layer SCSI generic (bsg) driver version 0.4 loaded (major 253)
[    0.167083] io scheduler noop registered
[    0.167336] io scheduler cfq registered (default)
[    0.167953] firmadyne: devfs: 1, execute: 1, procfs: 1, syscall: 1
[    0.169106] ------------[ cut here ]------------
[    0.169306] WARNING: CPU: 0 PID: 1 at /home/vagrant/firmadyne-kernel/kernel-v4.1/fs/sysfs/dir.c:31 sysfs_warn_dup+0x50/0x6c()
[    0.169693] sysfs: cannot create duplicate filename '/class/gpio'
[    0.169930] Modules linked in:
[    0.170244] CPU: 0 PID: 1 Comm: swapper Not tainted 4.1.17+ #1
[    0.170456] Hardware name: Generic DT based system
[    0.171119] [<c001c99c>] (unwind_backtrace) from [<c0019d30>] (show_stack+0x10/0x14)
[    0.171475] [<c0019d30>] (show_stack) from [<c0024ab4>] (warn_slowpath_common+0x80/0xa8)
[    0.171785] [<c0024ab4>] (warn_slowpath_common) from [<c0024b08>] (warn_slowpath_fmt+0x2c/0x3c)
[    0.172133] [<c0024b08>] (warn_slowpath_fmt) from [<c00e363c>] (sysfs_warn_dup+0x50/0x6c)
[    0.172436] [<c00e363c>] (sysfs_warn_dup) from [<c00e3714>] (sysfs_create_dir_ns+0x74/0x84)
[    0.172732] [<c00e3714>] (sysfs_create_dir_ns) from [<c018e6ac>] (kobject_add_internal+0xb8/0x2ac)
[    0.173274] [<c018e6ac>] (kobject_add_internal) from [<c018e9a8>] (kset_register+0x1c/0x44)
[    0.173575] [<c018e9a8>] (kset_register) from [<c02090b4>] (__class_register+0xa8/0x198)
[    0.173863] [<c02090b4>] (__class_register) from [<c02091e4>] (__class_create+0x40/0x70)
[    0.174161] [<c02091e4>] (__class_create) from [<c01adf68>] (register_devfs_stubs+0x314/0xbb4)
[    0.174468] [<c01adf68>] (register_devfs_stubs) from [<c05d9b08>] (init_module+0x28/0xa4)
[    0.174788] [<c05d9b08>] (init_module) from [<c0009670>] (do_one_initcall+0x104/0x1b4)
[    0.175075] [<c0009670>] (do_one_initcall) from [<c05c7d08>] (kernel_init_freeable+0xf0/0x1b0)
[    0.175381] [<c05c7d08>] (kernel_init_freeable) from [<c040f28c>] (kernel_init+0x8/0xe4)
[    0.175667] [<c040f28c>] (kernel_init) from [<c0016da8>] (ret_from_fork+0x14/0x2c)
[    0.175999] ---[ end trace 99b231e950967f28 ]---
[    0.176235] ------------[ cut here ]------------
[    0.176422] WARNING: CPU: 0 PID: 1 at /home/vagrant/firmadyne-kernel/kernel-v4.1/lib/kobject.c:240 kobject_add_internal+0x240/0x2ac()
[    0.176819] kobject_add_internal failed for gpio with -EEXIST, don't try to register things with the same name in the same directory.
[    0.177214] Modules linked in:
[    0.177393] CPU: 0 PID: 1 Comm: swapper Tainted: G        W       4.1.17+ #1
[    0.177632] Hardware name: Generic DT based system
[    0.177818] [<c001c99c>] (unwind_backtrace) from [<c0019d30>] (show_stack+0x10/0x14)
[    0.178103] [<c0019d30>] (show_stack) from [<c0024ab4>] (warn_slowpath_common+0x80/0xa8)
[    0.178397] [<c0024ab4>] (warn_slowpath_common) from [<c0024b08>] (warn_slowpath_fmt+0x2c/0x3c)
[    0.178709] [<c0024b08>] (warn_slowpath_fmt) from [<c018e834>] (kobject_add_internal+0x240/0x2ac)
[    0.179020] [<c018e834>] (kobject_add_internal) from [<c018e9a8>] (kset_register+0x1c/0x44)
[    0.179315] [<c018e9a8>] (kset_register) from [<c02090b4>] (__class_register+0xa8/0x198)
[    0.179601] [<c02090b4>] (__class_register) from [<c02091e4>] (__class_create+0x40/0x70)
[    0.179889] [<c02091e4>] (__class_create) from [<c01adf68>] (register_devfs_stubs+0x314/0xbb4)
[    0.180195] [<c01adf68>] (register_devfs_stubs) from [<c05d9b08>] (init_module+0x28/0xa4)
[    0.180495] [<c05d9b08>] (init_module) from [<c0009670>] (do_one_initcall+0x104/0x1b4)
[    0.180780] [<c0009670>] (do_one_initcall) from [<c05c7d08>] (kernel_init_freeable+0xf0/0x1b0)
[    0.181085] [<c05c7d08>] (kernel_init_freeable) from [<c040f28c>] (kernel_init+0x8/0xe4)
[    0.181369] [<c040f28c>] (kernel_init) from [<c0016da8>] (ret_from_fork+0x14/0x2c)
[    0.181640] ---[ end trace 99b231e950967f29 ]---
[    0.181848] firmadyne: Cannot create device class: gpio!
[    0.183457] firmadyne: Cannot register character device: watchdog, 0xa, 0x82!
[    0.183730] firmadyne: Cannot register character device: wdt, 0xfd, 0x0!
[    0.278081] Non-volatile memory driver v1.3
[    0.296576] brd: module loaded
[    0.305093] loop: module loaded
[    0.313211]  vda: vda1
[    0.317085] [nandsim] warning: read_byte: unexpected data output cycle, state is STATE_READY return 0x0
[    0.317441] [nandsim] warning: read_byte: unexpected data output cycle, state is STATE_READY return 0x0
[    0.317759] [nandsim] warning: read_byte: unexpected data output cycle, state is STATE_READY return 0x0
[    0.318085] [nandsim] warning: read_byte: unexpected data output cycle, state is STATE_READY return 0x0
[    0.318399] [nandsim] warning: read_byte: unexpected data output cycle, state is STATE_READY return 0x0
[    0.318713] [nandsim] warning: read_byte: unexpected data output cycle, state is STATE_READY return 0x0
[    0.319232] nand: device found, Manufacturer ID: 0x98, Chip ID: 0x39
[    0.319468] nand: Toshiba NAND 128MiB 1,8V 8-bit
[    0.319653] nand: 128 MiB, SLC, erase size: 16 KiB, page size: 512, OOB size: 16
[    0.320524] flash size: 128 MiB
[    0.320647] page size: 512 bytes
[    0.320768] OOB area size: 16 bytes
[    0.320896] sector size: 16 KiB
[    0.321012] pages number: 262144
[    0.321131] pages per sector: 32
[    0.321250] bus width: 8
[    0.321346] bits in sector size: 14
[    0.321473] bits in page size: 9
[    0.321595] bits in OOB size: 4
[    0.321719] flash size with OOB: 135168 KiB
[    0.321868] page address bytes: 4
[    0.321997] sector address bytes: 3
[    0.322125] options: 0x42
[    0.326018] Scanning device for bad blocks
[    0.454850] Creating 11 MTD partitions on "NAND 128MiB 1,8V 8-bit":
[    0.455342] 0x000000000000-0x000000100000 : "NAND simulator partition 0"
[    0.458216] 0x000000100000-0x000000200000 : "NAND simulator partition 1"
[    0.459519] 0x000000200000-0x000000300000 : "NAND simulator partition 2"
[    0.460799] 0x000000300000-0x000000400000 : "NAND simulator partition 3"
[    0.462067] 0x000000400000-0x000000500000 : "NAND simulator partition 4"
[    0.463575] 0x000000500000-0x000000600000 : "NAND simulator partition 5"
[    0.464923] 0x000000600000-0x000000700000 : "NAND simulator partition 6"
[    0.466225] 0x000000700000-0x000000800000 : "NAND simulator partition 7"
[    0.467609] 0x000000800000-0x000000900000 : "NAND simulator partition 8"
[    0.469040] 0x000000900000-0x000000a00000 : "NAND simulator partition 9"
[    0.470340] 0x000000a00000-0x000008000000 : "NAND simulator partition 10"
[    0.474810] tun: Universal TUN/TAP device driver, 1.6
[    0.475007] tun: (C) 1999-2004 Max Krasnyansky <maxk@qualcomm.com>
[    0.491102] PPP generic driver version 2.4.2
[    0.491797] PPP BSD Compression module registered
[    0.492012] PPP Deflate Compression module registered
[    0.492279] PPP MPPE Compression module registered
[    0.492508] NET: Registered protocol family 24
[    0.493122] PPTP driver version 0.8.5
[    0.493826] usbcore: registered new interface driver usb-storage
[    0.495372] hidraw: raw HID events driver (C) Jiri Kosina
[    0.495873] usbcore: registered new interface driver usbhid
[    0.496079] usbhid: USB HID core driver
[    0.496548] Netfilter messages via NETLINK v0.30.
[    0.497149] nf_conntrack version 0.5.0 (3958 buckets, 15832 max)
[    0.498437] ctnetlink v0.93: registering with nfnetlink.
[    0.500395] ipip: IPv4 over IPv4 tunneling driver
[    0.502258] gre: GRE over IPv4 demultiplexor driver
[    0.502479] ip_gre: GRE over IPv4 tunneling driver
[    0.506845] ip_tables: (C) 2000-2006 Netfilter Core Team
[    0.508344] arp_tables: (C) 2002 David S. Miller
[    0.509371] Initializing XFRM netlink socket
[    0.510132] NET: Registered protocol family 10
[    0.516451] ip6_tables: (C) 2000-2006 Netfilter Core Team
[    0.517925] sit: IPv6 over IPv4 tunneling driver
[    0.521237] NET: Registered protocol family 17
[    0.521812] bridge: automatic filtering via arp/ip/ip6tables has been deprecated. Update your scripts to load br_netfilter if you need this.
[    0.522343] Bridge firewalling registered
[    0.522529] Ebtables v2.0 registered
[    0.523814] 8021q: 802.1Q VLAN Support v1.8
[    0.524430] Registering SWP/SWPB emulation handler
[    0.526324] hctosys: unable to open rtc device (rtc0)
[    0.535269] EXT4-fs (vda1): couldn't mount as ext3 due to feature incompatibilities
[    0.536968] EXT4-fs (vda1): mounting ext2 file system using the ext4 subsystem
[    0.547864] EXT4-fs (vda1): mounted filesystem without journal. Opts: (null)
[    0.548888] VFS: Mounted root (ext2 filesystem) on device 254:1.
[    0.553865] Freeing unused kernel memory: 180K (c05c7000 - c05f4000)
[    0.560565] Starting init: /sbin/init exists but couldn't execute it (error -13)
[    0.565768] Starting init: /etc/init exists but couldn't execute it (error -13)
[    0.570690] firmadyne: do_execve: /firmadyne/console
[    0.570938] OFFSETS: offset of pid: 0x190 offset of comm: 0x270
[    0.571253] Starting init: /bin/sh exists but couldn't execute it (error -13)
[    0.571564] Kernel panic - not syncing: No working init found.  Try passing init= option to kernel. See Linux Documentation/init.txt for guidance.
[    0.572026] CPU: 0 PID: 1 Comm: swapper Tainted: G        W       4.1.17+ #1
[    0.572266] Hardware name: Generic DT based system
[    0.572489] [<c001c99c>] (unwind_backtrace) from [<c0019d30>] (show_stack+0x10/0x14)
[    0.572770] [<c0019d30>] (show_stack) from [<c0410b78>] (panic+0x70/0x1c8)
[    0.573107] [<c0410b78>] (panic) from [<c040f33c>] (kernel_init+0xb8/0xe4)
[    0.573357] [<c040f33c>] (kernel_init) from [<c0016da8>] (ret_from_fork+0x14/0x2c)
[    0.573804] ---[ end Kernel panic - not syncing: No working init found.  Try passing init= option to kernel. See Linux Documentation/init.txt for guidance.
