[    0.000000] Booting Linux on physical CPU 0x0
[    0.000000] Linux version 4.1.17+ (vagrant@vagrant-ubuntu-trusty-64) (gcc version 5.3.0 (GCC) ) #1 Thu Feb 18 01:05:21 UTC 2016
[    0.000000] CPU: ARMv7 Processor [412fc0f1] revision 1 (ARMv7), cr=10c5387d
[    0.000000] CPU: PIPT / VIPT nonaliasing data cache, PIPT instruction cache
[    0.000000] Machine model: linux,dummy-virt
[    0.000000] debug: ignoring loglevel setting.
[    0.000000] Memory policy: Data cache writeback
[    0.000000] On node 0 totalpages: 65536
[    0.000000] free_area_init_node: node 0, pgdat c061dfe8, node_mem_map cfdf9000
[    0.000000]   Normal zone: 512 pages used for memmap
[    0.000000]   Normal zone: 0 pages reserved
[    0.000000]   Normal zone: 65536 pages, LIFO batch:15
[    0.000000] CPU: All CPU(s) started in SVC mode.
[    0.000000] pcpu-alloc: s0 r0 d32768 u32768 alloc=1*32768
[    0.000000] pcpu-alloc: [0] 0 
[    0.000000] Built 1 zonelists in Zone order, mobility grouping on.  Total pages: 65024
[    0.000000] Kernel command line: firmadyne.syscall=1 root=/dev/vda1 console=ttyS0 nandsim.parts=64,64,64,64,64,64,64,64,64,64 rdinit=/firmadyne/preInit.sh rw debug ignore_loglevel print-fatal-signals=1 user_debug=31
[    0.000000] PID hash table entries: 1024 (order: 0, 4096 bytes)
[    0.000000] Dentry cache hash table entries: 32768 (order: 5, 131072 bytes)
[    0.000000] Inode-cache hash table entries: 16384 (order: 4, 65536 bytes)
[    0.000000] Memory: 253344K/262144K available (4297K kernel code, 170K rwdata, 1584K rodata, 180K init, 148K bss, 8800K reserved, 0K cma-reserved)
[    0.000000] Virtual kernel memory layout:
[    0.000000]     vector  : 0xffff0000 - 0xffff1000   (   4 kB)
[    0.000000]     fixmap  : 0xffc00000 - 0xfff00000   (3072 kB)
[    0.000000]     vmalloc : 0xd0800000 - 0xff000000   ( 744 MB)
[    0.000000]     lowmem  : 0xc0000000 - 0xd0000000   ( 256 MB)
[    0.000000]     modules : 0xbf000000 - 0xc0000000   (  16 MB)
[    0.000000]       .text : 0xc0008000 - 0xc05c67bc   (5882 kB)
[    0.000000]       .init : 0xc05c7000 - 0xc05f4000   ( 180 kB)
[    0.000000]       .data : 0xc05f4000 - 0xc061e840   ( 171 kB)
[    0.000000]        .bss : 0xc0621000 - 0xc06462d4   ( 149 kB)
[    0.000000] NR_IRQS:16 nr_irqs:16 16
[    0.000000] Architected cp15 timer(s) running at 62.50MHz (virt).
[    0.000000] clocksource arch_sys_counter: mask: 0xffffffffffffff max_cycles: 0x1cd42e208c, max_idle_ns: 881590405314 ns
[    0.000113] sched_clock: 56 bits at 62MHz, resolution 16ns, wraps every 4398046511096ns
[    0.000201] Switching to timer-based delay loop, resolution 16ns
[    0.002403] Console: colour dummy device 80x30
[    0.002683] Calibrating delay loop (skipped), value calculated using timer frequency.. 125.00 BogoMIPS (lpj=625000)
[    0.002776] pid_max: default: 32768 minimum: 301
[    0.003445] Mount-cache hash table entries: 1024 (order: 0, 4096 bytes)
[    0.003470] Mountpoint-cache hash table entries: 1024 (order: 0, 4096 bytes)
[    0.008453] CPU: Testing write buffer coherency: ok
[    0.015055] Setting up static identity map for 0x40008240 - 0x40008298
[    0.026854] VFP support v0.3: implementor 41 architecture 4 part 30 variant f rev 0
[    0.036512] clocksource jiffies: mask: 0xffffffff max_cycles: 0xffffffff, max_idle_ns: 19112604462750000 ns
[    0.043269] NET: Registered protocol family 16
[    0.045478] DMA: preallocated 256 KiB pool for atomic coherent allocations
[    0.048250] cpuidle: using governor ladder
[    0.048358] cpuidle: using governor menu
[    0.051259] genirq: Setting trigger mode 1 for irq 20 failed (gic_set_type+0x0/0x48)
[    0.052643] genirq: Setting trigger mode 1 for irq 21 failed (gic_set_type+0x0/0x48)
[    0.052877] genirq: Setting trigger mode 1 for irq 22 failed (gic_set_type+0x0/0x48)
[    0.053426] genirq: Setting trigger mode 1 for irq 23 failed (gic_set_type+0x0/0x48)
[    0.053732] genirq: Setting trigger mode 1 for irq 24 failed (gic_set_type+0x0/0x48)
[    0.053993] genirq: Setting trigger mode 1 for irq 25 failed (gic_set_type+0x0/0x48)
[    0.054236] genirq: Setting trigger mode 1 for irq 26 failed (gic_set_type+0x0/0x48)
[    0.054479] genirq: Setting trigger mode 1 for irq 27 failed (gic_set_type+0x0/0x48)
[    0.054801] genirq: Setting trigger mode 1 for irq 28 failed (gic_set_type+0x0/0x48)
[    0.055064] genirq: Setting trigger mode 1 for irq 29 failed (gic_set_type+0x0/0x48)
[    0.055302] genirq: Setting trigger mode 1 for irq 30 failed (gic_set_type+0x0/0x48)
[    0.055555] genirq: Setting trigger mode 1 for irq 31 failed (gic_set_type+0x0/0x48)
[    0.055809] genirq: Setting trigger mode 1 for irq 32 failed (gic_set_type+0x0/0x48)
[    0.056056] genirq: Setting trigger mode 1 for irq 33 failed (gic_set_type+0x0/0x48)
[    0.056287] genirq: Setting trigger mode 1 for irq 34 failed (gic_set_type+0x0/0x48)
[    0.056517] genirq: Setting trigger mode 1 for irq 35 failed (gic_set_type+0x0/0x48)
[    0.056771] genirq: Setting trigger mode 1 for irq 36 failed (gic_set_type+0x0/0x48)
[    0.057020] genirq: Setting trigger mode 1 for irq 37 failed (gic_set_type+0x0/0x48)
[    0.057346] genirq: Setting trigger mode 1 for irq 38 failed (gic_set_type+0x0/0x48)
[    0.057610] genirq: Setting trigger mode 1 for irq 39 failed (gic_set_type+0x0/0x48)
[    0.057872] genirq: Setting trigger mode 1 for irq 40 failed (gic_set_type+0x0/0x48)
[    0.058126] genirq: Setting trigger mode 1 for irq 41 failed (gic_set_type+0x0/0x48)
[    0.058381] genirq: Setting trigger mode 1 for irq 42 failed (gic_set_type+0x0/0x48)
[    0.058626] genirq: Setting trigger mode 1 for irq 43 failed (gic_set_type+0x0/0x48)
[    0.058867] genirq: Setting trigger mode 1 for irq 44 failed (gic_set_type+0x0/0x48)
[    0.059146] genirq: Setting trigger mode 1 for irq 45 failed (gic_set_type+0x0/0x48)
[    0.059393] genirq: Setting trigger mode 1 for irq 46 failed (gic_set_type+0x0/0x48)
[    0.059681] genirq: Setting trigger mode 1 for irq 47 failed (gic_set_type+0x0/0x48)
[    0.059958] genirq: Setting trigger mode 1 for irq 48 failed (gic_set_type+0x0/0x48)
[    0.060208] genirq: Setting trigger mode 1 for irq 49 failed (gic_set_type+0x0/0x48)
[    0.060416] genirq: Setting trigger mode 1 for irq 50 failed (gic_set_type+0x0/0x48)
[    0.060622] genirq: Setting trigger mode 1 for irq 51 failed (gic_set_type+0x0/0x48)
[    0.060992] genirq: Setting trigger mode 1 for irq 52 failed (gic_set_type+0x0/0x48)
[    0.064251] Serial: AMBA PL011 UART driver
[    0.065993] 9000000.pl011: ttyS0 at MMIO 0x9000000 (irq = 52, base_baud = 0) is a PL011 rev1
[    0.085870] console [ttyS0] enabled
[    0.102923] vgaarb: loaded
[    0.103975] SCSI subsystem initialized
[    0.105075] usbcore: registered new interface driver usbfs
[    0.105501] usbcore: registered new interface driver hub
[    0.105857] usbcore: registered new device driver usb
[    0.112516] cfg80211: Calling CRDA to update world regulatory domain
[    0.114277] Switched to clocksource arch_sys_counter
[    0.127827] NET: Registered protocol family 2
[    0.131888] TCP established hash table entries: 2048 (order: 1, 8192 bytes)
[    0.132231] TCP bind hash table entries: 2048 (order: 1, 8192 bytes)
[    0.132552] TCP: Hash tables configured (established 2048 bind 2048)
[    0.133018] UDP hash table entries: 256 (order: 0, 4096 bytes)
[    0.133348] UDP-Lite hash table entries: 256 (order: 0, 4096 bytes)
[    0.134881] NET: Registered protocol family 1
[    0.135331] PCI: CLS 0 bytes, default 64
[    0.140944] NetWinder Floating Point Emulator V0.97 (extended precision)
[    0.142852] futex hash table entries: 256 (order: -1, 3072 bytes)
[    0.147046] squashfs: version 4.0 (2009/01/31) Phillip Lougher
[    0.147968] jffs2: version 2.2. (NAND) Â© 2001-2006 Red Hat, Inc.
[    0.148631] romfs: ROMFS MTD (C) 2007 Red Hat, Inc.
[    0.155301] Block layer SCSI generic (bsg) driver version 0.4 loaded (major 253)
[    0.155628] io scheduler noop registered
[    0.155844] io scheduler cfq registered (default)
[    0.156399] firmadyne: devfs: 1, execute: 1, procfs: 1, syscall: 1
[    0.157570] ------------[ cut here ]------------
[    0.157781] WARNING: CPU: 0 PID: 1 at /home/vagrant/firmadyne-kernel/kernel-v4.1/fs/sysfs/dir.c:31 sysfs_warn_dup+0x50/0x6c()
[    0.158188] sysfs: cannot create duplicate filename '/class/gpio'
[    0.158444] Modules linked in:
[    0.158714] CPU: 0 PID: 1 Comm: swapper Not tainted 4.1.17+ #1
[    0.158902] Hardware name: Generic DT based system
[    0.159484] [<c001c99c>] (unwind_backtrace) from [<c0019d30>] (show_stack+0x10/0x14)
[    0.159798] [<c0019d30>] (show_stack) from [<c0024ab4>] (warn_slowpath_common+0x80/0xa8)
[    0.160071] [<c0024ab4>] (warn_slowpath_common) from [<c0024b08>] (warn_slowpath_fmt+0x2c/0x3c)
[    0.160388] [<c0024b08>] (warn_slowpath_fmt) from [<c00e363c>] (sysfs_warn_dup+0x50/0x6c)
[    0.160645] [<c00e363c>] (sysfs_warn_dup) from [<c00e3714>] (sysfs_create_dir_ns+0x74/0x84)
[    0.160905] [<c00e3714>] (sysfs_create_dir_ns) from [<c018e6ac>] (kobject_add_internal+0xb8/0x2ac)
[    0.161203] [<c018e6ac>] (kobject_add_internal) from [<c018e9a8>] (kset_register+0x1c/0x44)
[    0.161477] [<c018e9a8>] (kset_register) from [<c02090b4>] (__class_register+0xa8/0x198)
[    0.161730] [<c02090b4>] (__class_register) from [<c02091e4>] (__class_create+0x40/0x70)
[    0.161982] [<c02091e4>] (__class_create) from [<c01adf68>] (register_devfs_stubs+0x314/0xbb4)
[    0.162259] [<c01adf68>] (register_devfs_stubs) from [<c05d9b08>] (init_module+0x28/0xa4)
[    0.162538] [<c05d9b08>] (init_module) from [<c0009670>] (do_one_initcall+0x104/0x1b4)
[    0.162790] [<c0009670>] (do_one_initcall) from [<c05c7d08>] (kernel_init_freeable+0xf0/0x1b0)
[    0.163061] [<c05c7d08>] (kernel_init_freeable) from [<c040f28c>] (kernel_init+0x8/0xe4)
[    0.163317] [<c040f28c>] (kernel_init) from [<c0016da8>] (ret_from_fork+0x14/0x2c)
[    0.163605] ---[ end trace 12d44c7b2ee453a6 ]---
[    0.163810] ------------[ cut here ]------------
[    0.163966] WARNING: CPU: 0 PID: 1 at /home/vagrant/firmadyne-kernel/kernel-v4.1/lib/kobject.c:240 kobject_add_internal+0x240/0x2ac()
[    0.164513] kobject_add_internal failed for gpio with -EEXIST, don't try to register things with the same name in the same directory.
[    0.164869] Modules linked in:
[    0.165030] CPU: 0 PID: 1 Comm: swapper Tainted: G        W       4.1.17+ #1
[    0.165260] Hardware name: Generic DT based system
[    0.165440] [<c001c99c>] (unwind_backtrace) from [<c0019d30>] (show_stack+0x10/0x14)
[    0.165686] [<c0019d30>] (show_stack) from [<c0024ab4>] (warn_slowpath_common+0x80/0xa8)
[    0.165943] [<c0024ab4>] (warn_slowpath_common) from [<c0024b08>] (warn_slowpath_fmt+0x2c/0x3c)
[    0.166225] [<c0024b08>] (warn_slowpath_fmt) from [<c018e834>] (kobject_add_internal+0x240/0x2ac)
[    0.166498] [<c018e834>] (kobject_add_internal) from [<c018e9a8>] (kset_register+0x1c/0x44)
[    0.166780] [<c018e9a8>] (kset_register) from [<c02090b4>] (__class_register+0xa8/0x198)
[    0.167074] [<c02090b4>] (__class_register) from [<c02091e4>] (__class_create+0x40/0x70)
[    0.167377] [<c02091e4>] (__class_create) from [<c01adf68>] (register_devfs_stubs+0x314/0xbb4)
[    0.167690] [<c01adf68>] (register_devfs_stubs) from [<c05d9b08>] (init_module+0x28/0xa4)
[    0.167995] [<c05d9b08>] (init_module) from [<c0009670>] (do_one_initcall+0x104/0x1b4)
[    0.168247] [<c0009670>] (do_one_initcall) from [<c05c7d08>] (kernel_init_freeable+0xf0/0x1b0)
[    0.168512] [<c05c7d08>] (kernel_init_freeable) from [<c040f28c>] (kernel_init+0x8/0xe4)
[    0.168761] [<c040f28c>] (kernel_init) from [<c0016da8>] (ret_from_fork+0x14/0x2c)
[    0.169003] ---[ end trace 12d44c7b2ee453a7 ]---
[    0.169198] firmadyne: Cannot create device class: gpio!
[    0.170448] firmadyne: Cannot register character device: watchdog, 0xa, 0x82!
[    0.170692] firmadyne: Cannot register character device: wdt, 0xfd, 0x0!
[    0.258953] Non-volatile memory driver v1.3
[    0.276764] brd: module loaded
[    0.284868] loop: module loaded
[    0.292913]  vda: vda1
[    0.296721] [nandsim] warning: read_byte: unexpected data output cycle, state is STATE_READY return 0x0
[    0.297044] [nandsim] warning: read_byte: unexpected data output cycle, state is STATE_READY return 0x0
[    0.297351] [nandsim] warning: read_byte: unexpected data output cycle, state is STATE_READY return 0x0
[    0.297629] [nandsim] warning: read_byte: unexpected data output cycle, state is STATE_READY return 0x0
[    0.297906] [nandsim] warning: read_byte: unexpected data output cycle, state is STATE_READY return 0x0
[    0.298188] [nandsim] warning: read_byte: unexpected data output cycle, state is STATE_READY return 0x0
[    0.298651] nand: device found, Manufacturer ID: 0x98, Chip ID: 0x39
[    0.298861] nand: Toshiba NAND 128MiB 1,8V 8-bit
[    0.299032] nand: 128 MiB, SLC, erase size: 16 KiB, page size: 512, OOB size: 16
[    0.299805] flash size: 128 MiB
[    0.299915] page size: 512 bytes
[    0.300030] OOB area size: 16 bytes
[    0.300144] sector size: 16 KiB
[    0.300247] pages number: 262144
[    0.300353] pages per sector: 32
[    0.300458] bus width: 8
[    0.300543] bits in sector size: 14
[    0.300655] bits in page size: 9
[    0.300764] bits in OOB size: 4
[    0.300872] flash size with OOB: 135168 KiB
[    0.301011] page address bytes: 4
[    0.301127] sector address bytes: 3
[    0.301252] options: 0x42
[    0.304717] Scanning device for bad blocks
[    0.423802] Creating 11 MTD partitions on "NAND 128MiB 1,8V 8-bit":
[    0.424531] 0x000000000000-0x000000100000 : "NAND simulator partition 0"
[    0.427421] 0x000000100000-0x000000200000 : "NAND simulator partition 1"
[    0.428691] 0x000000200000-0x000000300000 : "NAND simulator partition 2"
[    0.429966] 0x000000300000-0x000000400000 : "NAND simulator partition 3"
[    0.431225] 0x000000400000-0x000000500000 : "NAND simulator partition 4"
[    0.432503] 0x000000500000-0x000000600000 : "NAND simulator partition 5"
[    0.433809] 0x000000600000-0x000000700000 : "NAND simulator partition 6"
[    0.435333] 0x000000700000-0x000000800000 : "NAND simulator partition 7"
[    0.436694] 0x000000800000-0x000000900000 : "NAND simulator partition 8"
[    0.438150] 0x000000900000-0x000000a00000 : "NAND simulator partition 9"
[    0.439473] 0x000000a00000-0x000008000000 : "NAND simulator partition 10"
[    0.443544] tun: Universal TUN/TAP device driver, 1.6
[    0.443753] tun: (C) 1999-2004 Max Krasnyansky <maxk@qualcomm.com>
[    0.458561] PPP generic driver version 2.4.2
[    0.459257] PPP BSD Compression module registered
[    0.459479] PPP Deflate Compression module registered
[    0.459752] PPP MPPE Compression module registered
[    0.459964] NET: Registered protocol family 24
[    0.460308] PPTP driver version 0.8.5
[    0.460901] usbcore: registered new interface driver usb-storage
[    0.462465] hidraw: raw HID events driver (C) Jiri Kosina
[    0.462924] usbcore: registered new interface driver usbhid
[    0.463114] usbhid: USB HID core driver
[    0.463507] Netfilter messages via NETLINK v0.30.
[    0.464026] nf_conntrack version 0.5.0 (3958 buckets, 15832 max)
[    0.465458] ctnetlink v0.93: registering with nfnetlink.
[    0.466761] ipip: IPv4 over IPv4 tunneling driver
[    0.468537] gre: GRE over IPv4 demultiplexor driver
[    0.468733] ip_gre: GRE over IPv4 tunneling driver
[    0.472498] ip_tables: (C) 2000-2006 Netfilter Core Team
[    0.473945] arp_tables: (C) 2002 David S. Miller
[    0.475188] Initializing XFRM netlink socket
[    0.475706] NET: Registered protocol family 10
[    0.481016] ip6_tables: (C) 2000-2006 Netfilter Core Team
[    0.482543] sit: IPv6 over IPv4 tunneling driver
[    0.486162] NET: Registered protocol family 17
[    0.486762] bridge: automatic filtering via arp/ip/ip6tables has been deprecated. Update your scripts to load br_netfilter if you need this.
[    0.487208] Bridge firewalling registered
[    0.487372] Ebtables v2.0 registered
[    0.488264] 8021q: 802.1Q VLAN Support v1.8
[    0.488788] Registering SWP/SWPB emulation handler
[    0.490652] hctosys: unable to open rtc device (rtc0)
[    0.498978] EXT4-fs (vda1): couldn't mount as ext3 due to feature incompatibilities
[    0.500263] EXT4-fs (vda1): mounting ext2 file system using the ext4 subsystem
[    0.510771] EXT4-fs (vda1): mounted filesystem without journal. Opts: (null)
[    0.511826] VFS: Mounted root (ext2 filesystem) on device 254:1.
[    0.516256] Freeing unused kernel memory: 180K (c05c7000 - c05f4000)
[    0.522985] Starting init: /sbin/init exists but couldn't execute it (error -13)
[    0.532581] firmadyne: do_execve: /firmadyne/console
[    0.532801] OFFSETS: offset of pid: 0x190 offset of comm: 0x270
[    0.533063] Starting init: /bin/sh exists but couldn't execute it (error -13)
[    0.533405] Kernel panic - not syncing: No working init found.  Try passing init= option to kernel. See Linux Documentation/init.txt for guidance.
[    0.533889] CPU: 0 PID: 1 Comm: swapper Tainted: G        W       4.1.17+ #1
[    0.534222] Hardware name: Generic DT based system
[    0.534450] [<c001c99c>] (unwind_backtrace) from [<c0019d30>] (show_stack+0x10/0x14)
[    0.534713] [<c0019d30>] (show_stack) from [<c0410b78>] (panic+0x70/0x1c8)
[    0.534958] [<c0410b78>] (panic) from [<c040f33c>] (kernel_init+0xb8/0xe4)
[    0.535211] [<c040f33c>] (kernel_init) from [<c0016da8>] (ret_from_fork+0x14/0x2c)
[    0.535665] ---[ end Kernel panic - not syncing: No working init found.  Try passing init= option to kernel. See Linux Documentation/init.txt for guidance.
