[    0.000000] Booting Linux on physical CPU 0x0
[    0.000000] Linux version 4.1.17+ (vagrant@vagrant-ubuntu-trusty-64) (gcc version 5.3.0 (GCC) ) #1 Thu Feb 18 01:05:21 UTC 2016
[    0.000000] CPU: ARMv7 Processor [412fc0f1] revision 1 (ARMv7), cr=10c5387d
[    0.000000] CPU: PIPT / VIPT nonaliasing data cache, PIPT instruction cache
[    0.000000] Machine model: linux,dummy-virt
[    0.000000] debug: ignoring loglevel setting.
[    0.000000] Memory policy: Data cache writeback
[    0.000000] On node 0 totalpages: 65536
[    0.000000] free_area_init_node: node 0, pgdat c061dfe8, node_mem_map cfdf9000
[    0.000000]   Normal zone: 512 pages used for memmap
[    0.000000]   Normal zone: 0 pages reserved
[    0.000000]   Normal zone: 65536 pages, LIFO batch:15
[    0.000000] CPU: All CPU(s) started in SVC mode.
[    0.000000] pcpu-alloc: s0 r0 d32768 u32768 alloc=1*32768
[    0.000000] pcpu-alloc: [0] 0 
[    0.000000] Built 1 zonelists in Zone order, mobility grouping on.  Total pages: 65024
[    0.000000] Kernel command line: root=/dev/vda1 console=ttyS0 nandsim.parts=64,64,64,64,64,64,64,64,64,64 rdinit=/firmadyne/preInit.sh rw debug ignore_loglevel print-fatal-signals=1 user_debug=31 firmadyne.syscall=0
[    0.000000] PID hash table entries: 1024 (order: 0, 4096 bytes)
[    0.000000] Dentry cache hash table entries: 32768 (order: 5, 131072 bytes)
[    0.000000] Inode-cache hash table entries: 16384 (order: 4, 65536 bytes)
[    0.000000] Memory: 253344K/262144K available (4297K kernel code, 170K rwdata, 1584K rodata, 180K init, 148K bss, 8800K reserved, 0K cma-reserved)
[    0.000000] Virtual kernel memory layout:
[    0.000000]     vector  : 0xffff0000 - 0xffff1000   (   4 kB)
[    0.000000]     fixmap  : 0xffc00000 - 0xfff00000   (3072 kB)
[    0.000000]     vmalloc : 0xd0800000 - 0xff000000   ( 744 MB)
[    0.000000]     lowmem  : 0xc0000000 - 0xd0000000   ( 256 MB)
[    0.000000]     modules : 0xbf000000 - 0xc0000000   (  16 MB)
[    0.000000]       .text : 0xc0008000 - 0xc05c67bc   (5882 kB)
[    0.000000]       .init : 0xc05c7000 - 0xc05f4000   ( 180 kB)
[    0.000000]       .data : 0xc05f4000 - 0xc061e840   ( 171 kB)
[    0.000000]        .bss : 0xc0621000 - 0xc06462d4   ( 149 kB)
[    0.000000] NR_IRQS:16 nr_irqs:16 16
[    0.000000] Architected cp15 timer(s) running at 62.50MHz (virt).
[    0.000000] clocksource arch_sys_counter: mask: 0xffffffffffffff max_cycles: 0x1cd42e208c, max_idle_ns: 881590405314 ns
[    0.000126] sched_clock: 56 bits at 62MHz, resolution 16ns, wraps every 4398046511096ns
[    0.000238] Switching to timer-based delay loop, resolution 16ns
[    0.002770] Console: colour dummy device 80x30
[    0.003032] Calibrating delay loop (skipped), value calculated using timer frequency.. 125.00 BogoMIPS (lpj=625000)
[    0.003133] pid_max: default: 32768 minimum: 301
[    0.003870] Mount-cache hash table entries: 1024 (order: 0, 4096 bytes)
[    0.003899] Mountpoint-cache hash table entries: 1024 (order: 0, 4096 bytes)
[    0.011497] CPU: Testing write buffer coherency: ok
[    0.016519] Setting up static identity map for 0x40008240 - 0x40008298
[    0.028710] VFP support v0.3: implementor 41 architecture 4 part 30 variant f rev 0
[    0.038660] clocksource jiffies: mask: 0xffffffff max_cycles: 0xffffffff, max_idle_ns: 19112604462750000 ns
[    0.046088] NET: Registered protocol family 16
[    0.048586] DMA: preallocated 256 KiB pool for atomic coherent allocations
[    0.051756] cpuidle: using governor ladder
[    0.051879] cpuidle: using governor menu
[    0.054983] genirq: Setting trigger mode 1 for irq 20 failed (gic_set_type+0x0/0x48)
[    0.056415] genirq: Setting trigger mode 1 for irq 21 failed (gic_set_type+0x0/0x48)
[    0.056672] genirq: Setting trigger mode 1 for irq 22 failed (gic_set_type+0x0/0x48)
[    0.056929] genirq: Setting trigger mode 1 for irq 23 failed (gic_set_type+0x0/0x48)
[    0.057190] genirq: Setting trigger mode 1 for irq 24 failed (gic_set_type+0x0/0x48)
[    0.057453] genirq: Setting trigger mode 1 for irq 25 failed (gic_set_type+0x0/0x48)
[    0.057699] genirq: Setting trigger mode 1 for irq 26 failed (gic_set_type+0x0/0x48)
[    0.057937] genirq: Setting trigger mode 1 for irq 27 failed (gic_set_type+0x0/0x48)
[    0.058270] genirq: Setting trigger mode 1 for irq 28 failed (gic_set_type+0x0/0x48)
[    0.058518] genirq: Setting trigger mode 1 for irq 29 failed (gic_set_type+0x0/0x48)
[    0.058749] genirq: Setting trigger mode 1 for irq 30 failed (gic_set_type+0x0/0x48)
[    0.058994] genirq: Setting trigger mode 1 for irq 31 failed (gic_set_type+0x0/0x48)
[    0.059224] genirq: Setting trigger mode 1 for irq 32 failed (gic_set_type+0x0/0x48)
[    0.059462] genirq: Setting trigger mode 1 for irq 33 failed (gic_set_type+0x0/0x48)
[    0.059688] genirq: Setting trigger mode 1 for irq 34 failed (gic_set_type+0x0/0x48)
[    0.059913] genirq: Setting trigger mode 1 for irq 35 failed (gic_set_type+0x0/0x48)
[    0.060147] genirq: Setting trigger mode 1 for irq 36 failed (gic_set_type+0x0/0x48)
[    0.060398] genirq: Setting trigger mode 1 for irq 37 failed (gic_set_type+0x0/0x48)
[    0.060674] genirq: Setting trigger mode 1 for irq 38 failed (gic_set_type+0x0/0x48)
[    0.060919] genirq: Setting trigger mode 1 for irq 39 failed (gic_set_type+0x0/0x48)
[    0.061154] genirq: Setting trigger mode 1 for irq 40 failed (gic_set_type+0x0/0x48)
[    0.061396] genirq: Setting trigger mode 1 for irq 41 failed (gic_set_type+0x0/0x48)
[    0.061672] genirq: Setting trigger mode 1 for irq 42 failed (gic_set_type+0x0/0x48)
[    0.061922] genirq: Setting trigger mode 1 for irq 43 failed (gic_set_type+0x0/0x48)
[    0.062177] genirq: Setting trigger mode 1 for irq 44 failed (gic_set_type+0x0/0x48)
[    0.062435] genirq: Setting trigger mode 1 for irq 45 failed (gic_set_type+0x0/0x48)
[    0.062676] genirq: Setting trigger mode 1 for irq 46 failed (gic_set_type+0x0/0x48)
[    0.062956] genirq: Setting trigger mode 1 for irq 47 failed (gic_set_type+0x0/0x48)
[    0.063416] genirq: Setting trigger mode 1 for irq 48 failed (gic_set_type+0x0/0x48)
[    0.063676] genirq: Setting trigger mode 1 for irq 49 failed (gic_set_type+0x0/0x48)
[    0.063917] genirq: Setting trigger mode 1 for irq 50 failed (gic_set_type+0x0/0x48)
[    0.064154] genirq: Setting trigger mode 1 for irq 51 failed (gic_set_type+0x0/0x48)
[    0.064580] genirq: Setting trigger mode 1 for irq 52 failed (gic_set_type+0x0/0x48)
[    0.067567] Serial: AMBA PL011 UART driver
[    0.069217] 9000000.pl011: ttyS0 at MMIO 0x9000000 (irq = 52, base_baud = 0) is a PL011 rev1
[    0.128084] console [ttyS0] enabled
[    0.146789] vgaarb: loaded
[    0.148725] SCSI subsystem initialized
[    0.150301] usbcore: registered new interface driver usbfs
[    0.151514] usbcore: registered new interface driver hub
[    0.152602] usbcore: registered new device driver usb
[    0.160934] cfg80211: Calling CRDA to update world regulatory domain
[    0.163672] Switched to clocksource arch_sys_counter
[    0.177781] NET: Registered protocol family 2
[    0.182278] TCP established hash table entries: 2048 (order: 1, 8192 bytes)
[    0.184066] TCP bind hash table entries: 2048 (order: 1, 8192 bytes)
[    0.185455] TCP: Hash tables configured (established 2048 bind 2048)
[    0.187010] UDP hash table entries: 256 (order: 0, 4096 bytes)
[    0.188231] UDP-Lite hash table entries: 256 (order: 0, 4096 bytes)
[    0.190515] NET: Registered protocol family 1
[    0.191726] PCI: CLS 0 bytes, default 64
[    0.198497] NetWinder Floating Point Emulator V0.97 (extended precision)
[    0.203009] futex hash table entries: 256 (order: -1, 3072 bytes)
[    0.208792] squashfs: version 4.0 (2009/01/31) Phillip Lougher
[    0.211073] jffs2: version 2.2. (NAND) Â© 2001-2006 Red Hat, Inc.
[    0.212871] romfs: ROMFS MTD (C) 2007 Red Hat, Inc.
[    0.220836] Block layer SCSI generic (bsg) driver version 0.4 loaded (major 253)
[    0.222407] io scheduler noop registered
[    0.223280] io scheduler cfq registered (default)
[    0.224937] firmadyne: devfs: 1, execute: 1, procfs: 1, syscall: 0
[    0.227151] ------------[ cut here ]------------
[    0.228062] WARNING: CPU: 0 PID: 1 at /home/vagrant/firmadyne-kernel/kernel-v4.1/fs/sysfs/dir.c:31 sysfs_warn_dup+0x50/0x6c()
[    0.230134] sysfs: cannot create duplicate filename '/class/gpio'
[    0.231260] Modules linked in:
[    0.232108] CPU: 0 PID: 1 Comm: swapper Not tainted 4.1.17+ #1
[    0.233205] Hardware name: Generic DT based system
[    0.234881] [<c001c99c>] (unwind_backtrace) from [<c0019d30>] (show_stack+0x10/0x14)
[    0.236456] [<c0019d30>] (show_stack) from [<c0024ab4>] (warn_slowpath_common+0x80/0xa8)
[    0.237956] [<c0024ab4>] (warn_slowpath_common) from [<c0024b08>] (warn_slowpath_fmt+0x2c/0x3c)
[    0.239635] [<c0024b08>] (warn_slowpath_fmt) from [<c00e363c>] (sysfs_warn_dup+0x50/0x6c)
[    0.241117] [<c00e363c>] (sysfs_warn_dup) from [<c00e3714>] (sysfs_create_dir_ns+0x74/0x84)
[    0.242382] [<c00e3714>] (sysfs_create_dir_ns) from [<c018e6ac>] (kobject_add_internal+0xb8/0x2ac)
[    0.243232] [<c018e6ac>] (kobject_add_internal) from [<c018e9a8>] (kset_register+0x1c/0x44)
[    0.244279] [<c018e9a8>] (kset_register) from [<c02090b4>] (__class_register+0xa8/0x198)
[    0.245114] [<c02090b4>] (__class_register) from [<c02091e4>] (__class_create+0x40/0x70)
[    0.245857] [<c02091e4>] (__class_create) from [<c01adf68>] (register_devfs_stubs+0x314/0xbb4)
[    0.246759] [<c01adf68>] (register_devfs_stubs) from [<c05d9b08>] (init_module+0x28/0xa4)
[    0.247525] [<c05d9b08>] (init_module) from [<c0009670>] (do_one_initcall+0x104/0x1b4)
[    0.248464] [<c0009670>] (do_one_initcall) from [<c05c7d08>] (kernel_init_freeable+0xf0/0x1b0)
[    0.249247] [<c05c7d08>] (kernel_init_freeable) from [<c040f28c>] (kernel_init+0x8/0xe4)
[    0.250143] [<c040f28c>] (kernel_init) from [<c0016da8>] (ret_from_fork+0x14/0x2c)
[    0.250873] ---[ end trace 75d5b9311d12992e ]---
[    0.251699] ------------[ cut here ]------------
[    0.252293] WARNING: CPU: 0 PID: 1 at /home/vagrant/firmadyne-kernel/kernel-v4.1/lib/kobject.c:240 kobject_add_internal+0x240/0x2ac()
[    0.253278] kobject_add_internal failed for gpio with -EEXIST, don't try to register things with the same name in the same directory.
[    0.254651] Modules linked in:
[    0.255248] CPU: 0 PID: 1 Comm: swapper Tainted: G        W       4.1.17+ #1
[    0.255967] Hardware name: Generic DT based system
[    0.256516] [<c001c99c>] (unwind_backtrace) from [<c0019d30>] (show_stack+0x10/0x14)
[    0.257146] [<c0019d30>] (show_stack) from [<c0024ab4>] (warn_slowpath_common+0x80/0xa8)
[    0.258196] [<c0024ab4>] (warn_slowpath_common) from [<c0024b08>] (warn_slowpath_fmt+0x2c/0x3c)
[    0.259009] [<c0024b08>] (warn_slowpath_fmt) from [<c018e834>] (kobject_add_internal+0x240/0x2ac)
[    0.259816] [<c018e834>] (kobject_add_internal) from [<c018e9a8>] (kset_register+0x1c/0x44)
[    0.260509] [<c018e9a8>] (kset_register) from [<c02090b4>] (__class_register+0xa8/0x198)
[    0.261294] [<c02090b4>] (__class_register) from [<c02091e4>] (__class_create+0x40/0x70)
[    0.262241] [<c02091e4>] (__class_create) from [<c01adf68>] (register_devfs_stubs+0x314/0xbb4)
[    0.262957] [<c01adf68>] (register_devfs_stubs) from [<c05d9b08>] (init_module+0x28/0xa4)
[    0.263920] [<c05d9b08>] (init_module) from [<c0009670>] (do_one_initcall+0x104/0x1b4)
[    0.264929] [<c0009670>] (do_one_initcall) from [<c05c7d08>] (kernel_init_freeable+0xf0/0x1b0)
[    0.265811] [<c05c7d08>] (kernel_init_freeable) from [<c040f28c>] (kernel_init+0x8/0xe4)
[    0.266440] [<c040f28c>] (kernel_init) from [<c0016da8>] (ret_from_fork+0x14/0x2c)
[    0.267154] ---[ end trace 75d5b9311d12992f ]---
[    0.267803] firmadyne: Cannot create device class: gpio!
[    0.269841] firmadyne: Cannot register character device: watchdog, 0xa, 0x82!
[    0.271213] firmadyne: Cannot register character device: wdt, 0xfd, 0x0!
[    0.366423] Non-volatile memory driver v1.3
[    0.386890] brd: module loaded
[    0.395555] loop: module loaded
[    0.404402]  vda: vda1
[    0.408815] [nandsim] warning: read_byte: unexpected data output cycle, state is STATE_READY return 0x0
[    0.410601] [nandsim] warning: read_byte: unexpected data output cycle, state is STATE_READY return 0x0
[    0.412308] [nandsim] warning: read_byte: unexpected data output cycle, state is STATE_READY return 0x0
[    0.414210] [nandsim] warning: read_byte: unexpected data output cycle, state is STATE_READY return 0x0
[    0.415929] [nandsim] warning: read_byte: unexpected data output cycle, state is STATE_READY return 0x0
[    0.417603] [nandsim] warning: read_byte: unexpected data output cycle, state is STATE_READY return 0x0
[    0.418813] nand: device found, Manufacturer ID: 0x98, Chip ID: 0x39
[    0.420004] nand: Toshiba NAND 128MiB 1,8V 8-bit
[    0.420622] nand: 128 MiB, SLC, erase size: 16 KiB, page size: 512, OOB size: 16
[    0.421973] flash size: 128 MiB
[    0.422591] page size: 512 bytes
[    0.423178] OOB area size: 16 bytes
[    0.424053] sector size: 16 KiB
[    0.424645] pages number: 262144
[    0.425267] pages per sector: 32
[    0.425865] bus width: 8
[    0.426349] bits in sector size: 14
[    0.426644] bits in page size: 9
[    0.427099] bits in OOB size: 4
[    0.427198] flash size with OOB: 135168 KiB
[    0.427915] page address bytes: 4
[    0.428117] sector address bytes: 3
[    0.428519] options: 0x42
[    0.433660] Scanning device for bad blocks
[    0.541650] Creating 11 MTD partitions on "NAND 128MiB 1,8V 8-bit":
[    0.543217] 0x000000000000-0x000000100000 : "NAND simulator partition 0"
[    0.547471] 0x000000100000-0x000000200000 : "NAND simulator partition 1"
[    0.549984] 0x000000200000-0x000000300000 : "NAND simulator partition 2"
[    0.552435] 0x000000300000-0x000000400000 : "NAND simulator partition 3"
[    0.555130] 0x000000400000-0x000000500000 : "NAND simulator partition 4"
[    0.557577] 0x000000500000-0x000000600000 : "NAND simulator partition 5"
[    0.560024] 0x000000600000-0x000000700000 : "NAND simulator partition 6"
[    0.562512] 0x000000700000-0x000000800000 : "NAND simulator partition 7"
[    0.565280] 0x000000800000-0x000000900000 : "NAND simulator partition 8"
[    0.567862] 0x000000900000-0x000000a00000 : "NAND simulator partition 9"
[    0.570332] 0x000000a00000-0x000008000000 : "NAND simulator partition 10"
[    0.575829] tun: Universal TUN/TAP device driver, 1.6
[    0.576830] tun: (C) 1999-2004 Max Krasnyansky <maxk@qualcomm.com>
[    0.592753] PPP generic driver version 2.4.2
[    0.594460] PPP BSD Compression module registered
[    0.595440] PPP Deflate Compression module registered
[    0.596466] PPP MPPE Compression module registered
[    0.597424] NET: Registered protocol family 24
[    0.599948] PPTP driver version 0.8.5
[    0.601328] usbcore: registered new interface driver usb-storage
[    0.604187] hidraw: raw HID events driver (C) Jiri Kosina
[    0.605651] usbcore: registered new interface driver usbhid
[    0.606699] usbhid: USB HID core driver
[    0.607840] Netfilter messages via NETLINK v0.30.
[    0.609279] nf_conntrack version 0.5.0 (3958 buckets, 15832 max)
[    0.611589] ctnetlink v0.93: registering with nfnetlink.
[    0.614049] ipip: IPv4 over IPv4 tunneling driver
[    0.616677] gre: GRE over IPv4 demultiplexor driver
[    0.617684] ip_gre: GRE over IPv4 tunneling driver
[    0.622552] ip_tables: (C) 2000-2006 Netfilter Core Team
[    0.625238] arp_tables: (C) 2002 David S. Miller
[    0.627112] Initializing XFRM netlink socket
[    0.628395] NET: Registered protocol family 10
[    0.635181] ip6_tables: (C) 2000-2006 Netfilter Core Team
[    0.637676] sit: IPv6 over IPv4 tunneling driver
[    0.641797] NET: Registered protocol family 17
[    0.643176] bridge: automatic filtering via arp/ip/ip6tables has been deprecated. Update your scripts to load br_netfilter if you need this.
[    0.645870] Bridge firewalling registered
[    0.646693] Ebtables v2.0 registered
[    0.648362] 8021q: 802.1Q VLAN Support v1.8
[    0.649735] Registering SWP/SWPB emulation handler
[    0.652429] hctosys: unable to open rtc device (rtc0)
[    0.662221] EXT4-fs (vda1): couldn't mount as ext3 due to feature incompatibilities
[    0.665551] EXT4-fs (vda1): mounting ext2 file system using the ext4 subsystem
[    0.675613] EXT4-fs (vda1): warning: mounting unchecked fs, running e2fsck is recommended
[    0.679568] EXT4-fs (vda1): mounted filesystem without journal. Opts: (null)
[    0.681775] VFS: Mounted root (ext2 filesystem) on device 254:1.
[    0.687756] Freeing unused kernel memory: 180K (c05c7000 - c05f4000)
[    0.696158] Starting init: /sbin/init exists but couldn't execute it (error -13)
[    0.703043] Starting init: /etc/init exists but couldn't execute it (error -13)
[    0.709766] firmadyne: do_execve: /firmadyne/console
[    0.710804] OFFSETS: offset of pid: 0x190 offset of comm: 0x270
[    0.712050] Starting init: /bin/sh exists but couldn't execute it (error -13)
[    0.713419] Kernel panic - not syncing: No working init found.  Try passing init= option to kernel. See Linux Documentation/init.txt for guidance.
[    0.715916] CPU: 0 PID: 1 Comm: swapper Tainted: G        W       4.1.17+ #1
[    0.717189] Hardware name: Generic DT based system
[    0.718158] [<c001c99c>] (unwind_backtrace) from [<c0019d30>] (show_stack+0x10/0x14)
[    0.719579] [<c0019d30>] (show_stack) from [<c0410b78>] (panic+0x70/0x1c8)
[    0.720720] [<c0410b78>] (panic) from [<c040f33c>] (kernel_init+0xb8/0xe4)
[    0.721409] [<c040f33c>] (kernel_init) from [<c0016da8>] (ret_from_fork+0x14/0x2c)
[    0.722294] ---[ end Kernel panic - not syncing: No working init found.  Try passing init= option to kernel. See Linux Documentation/init.txt for guidance.
