[    0.000000] Booting Linux on physical CPU 0x0
[    0.000000] Linux version 4.1.17+ (vagrant@vagrant-ubuntu-trusty-64) (gcc version 5.3.0 (GCC) ) #1 Thu Feb 18 01:05:21 UTC 2016
[    0.000000] CPU: ARMv7 Processor [412fc0f1] revision 1 (ARMv7), cr=10c5387d
[    0.000000] CPU: PIPT / VIPT nonaliasing data cache, PIPT instruction cache
[    0.000000] Machine model: linux,dummy-virt
[    0.000000] debug: ignoring loglevel setting.
[    0.000000] Memory policy: Data cache writeback
[    0.000000] On node 0 totalpages: 65536
[    0.000000] free_area_init_node: node 0, pgdat c061dfe8, node_mem_map cfdf9000
[    0.000000]   Normal zone: 512 pages used for memmap
[    0.000000]   Normal zone: 0 pages reserved
[    0.000000]   Normal zone: 65536 pages, LIFO batch:15
[    0.000000] CPU: All CPU(s) started in SVC mode.
[    0.000000] pcpu-alloc: s0 r0 d32768 u32768 alloc=1*32768
[    0.000000] pcpu-alloc: [0] 0 
[    0.000000] Built 1 zonelists in Zone order, mobility grouping on.  Total pages: 65024
[    0.000000] Kernel command line: firmadyne.syscall=1 root=/dev/vda1 console=ttyS0 nandsim.parts=64,64,64,64,64,64,64,64,64,64 rdinit=/firmadyne/preInit.sh rw debug ignore_loglevel print-fatal-signals=1 user_debug=31
[    0.000000] PID hash table entries: 1024 (order: 0, 4096 bytes)
[    0.000000] Dentry cache hash table entries: 32768 (order: 5, 131072 bytes)
[    0.000000] Inode-cache hash table entries: 16384 (order: 4, 65536 bytes)
[    0.000000] Memory: 253344K/262144K available (4297K kernel code, 170K rwdata, 1584K rodata, 180K init, 148K bss, 8800K reserved, 0K cma-reserved)
[    0.000000] Virtual kernel memory layout:
[    0.000000]     vector  : 0xffff0000 - 0xffff1000   (   4 kB)
[    0.000000]     fixmap  : 0xffc00000 - 0xfff00000   (3072 kB)
[    0.000000]     vmalloc : 0xd0800000 - 0xff000000   ( 744 MB)
[    0.000000]     lowmem  : 0xc0000000 - 0xd0000000   ( 256 MB)
[    0.000000]     modules : 0xbf000000 - 0xc0000000   (  16 MB)
[    0.000000]       .text : 0xc0008000 - 0xc05c67bc   (5882 kB)
[    0.000000]       .init : 0xc05c7000 - 0xc05f4000   ( 180 kB)
[    0.000000]       .data : 0xc05f4000 - 0xc061e840   ( 171 kB)
[    0.000000]        .bss : 0xc0621000 - 0xc06462d4   ( 149 kB)
[    0.000000] NR_IRQS:16 nr_irqs:16 16
[    0.000000] Architected cp15 timer(s) running at 62.50MHz (virt).
[    0.000000] clocksource arch_sys_counter: mask: 0xffffffffffffff max_cycles: 0x1cd42e208c, max_idle_ns: 881590405314 ns
[    0.000132] sched_clock: 56 bits at 62MHz, resolution 16ns, wraps every 4398046511096ns
[    0.000228] Switching to timer-based delay loop, resolution 16ns
[    0.002811] Console: colour dummy device 80x30
[    0.003052] Calibrating delay loop (skipped), value calculated using timer frequency.. 125.00 BogoMIPS (lpj=625000)
[    0.003146] pid_max: default: 32768 minimum: 301
[    0.003833] Mount-cache hash table entries: 1024 (order: 0, 4096 bytes)
[    0.003859] Mountpoint-cache hash table entries: 1024 (order: 0, 4096 bytes)
[    0.011911] CPU: Testing write buffer coherency: ok
[    0.016301] Setting up static identity map for 0x40008240 - 0x40008298
[    0.026855] VFP support v0.3: implementor 41 architecture 4 part 30 variant f rev 0
[    0.035385] clocksource jiffies: mask: 0xffffffff max_cycles: 0xffffffff, max_idle_ns: 19112604462750000 ns
[    0.042013] NET: Registered protocol family 16
[    0.044635] DMA: preallocated 256 KiB pool for atomic coherent allocations
[    0.047580] cpuidle: using governor ladder
[    0.047687] cpuidle: using governor menu
[    0.050368] genirq: Setting trigger mode 1 for irq 20 failed (gic_set_type+0x0/0x48)
[    0.051729] genirq: Setting trigger mode 1 for irq 21 failed (gic_set_type+0x0/0x48)
[    0.051971] genirq: Setting trigger mode 1 for irq 22 failed (gic_set_type+0x0/0x48)
[    0.052704] genirq: Setting trigger mode 1 for irq 23 failed (gic_set_type+0x0/0x48)
[    0.052991] genirq: Setting trigger mode 1 for irq 24 failed (gic_set_type+0x0/0x48)
[    0.053213] genirq: Setting trigger mode 1 for irq 25 failed (gic_set_type+0x0/0x48)
[    0.053417] genirq: Setting trigger mode 1 for irq 26 failed (gic_set_type+0x0/0x48)
[    0.053622] genirq: Setting trigger mode 1 for irq 27 failed (gic_set_type+0x0/0x48)
[    0.053911] genirq: Setting trigger mode 1 for irq 28 failed (gic_set_type+0x0/0x48)
[    0.054126] genirq: Setting trigger mode 1 for irq 29 failed (gic_set_type+0x0/0x48)
[    0.054325] genirq: Setting trigger mode 1 for irq 30 failed (gic_set_type+0x0/0x48)
[    0.054537] genirq: Setting trigger mode 1 for irq 31 failed (gic_set_type+0x0/0x48)
[    0.054735] genirq: Setting trigger mode 1 for irq 32 failed (gic_set_type+0x0/0x48)
[    0.054938] genirq: Setting trigger mode 1 for irq 33 failed (gic_set_type+0x0/0x48)
[    0.055133] genirq: Setting trigger mode 1 for irq 34 failed (gic_set_type+0x0/0x48)
[    0.055327] genirq: Setting trigger mode 1 for irq 35 failed (gic_set_type+0x0/0x48)
[    0.055528] genirq: Setting trigger mode 1 for irq 36 failed (gic_set_type+0x0/0x48)
[    0.055732] genirq: Setting trigger mode 1 for irq 37 failed (gic_set_type+0x0/0x48)
[    0.055970] genirq: Setting trigger mode 1 for irq 38 failed (gic_set_type+0x0/0x48)
[    0.056210] genirq: Setting trigger mode 1 for irq 39 failed (gic_set_type+0x0/0x48)
[    0.056415] genirq: Setting trigger mode 1 for irq 40 failed (gic_set_type+0x0/0x48)
[    0.056625] genirq: Setting trigger mode 1 for irq 41 failed (gic_set_type+0x0/0x48)
[    0.056839] genirq: Setting trigger mode 1 for irq 42 failed (gic_set_type+0x0/0x48)
[    0.057064] genirq: Setting trigger mode 1 for irq 43 failed (gic_set_type+0x0/0x48)
[    0.057286] genirq: Setting trigger mode 1 for irq 44 failed (gic_set_type+0x0/0x48)
[    0.057507] genirq: Setting trigger mode 1 for irq 45 failed (gic_set_type+0x0/0x48)
[    0.057715] genirq: Setting trigger mode 1 for irq 46 failed (gic_set_type+0x0/0x48)
[    0.057957] genirq: Setting trigger mode 1 for irq 47 failed (gic_set_type+0x0/0x48)
[    0.058238] genirq: Setting trigger mode 1 for irq 48 failed (gic_set_type+0x0/0x48)
[    0.058480] genirq: Setting trigger mode 1 for irq 49 failed (gic_set_type+0x0/0x48)
[    0.058716] genirq: Setting trigger mode 1 for irq 50 failed (gic_set_type+0x0/0x48)
[    0.058951] genirq: Setting trigger mode 1 for irq 51 failed (gic_set_type+0x0/0x48)
[    0.059358] genirq: Setting trigger mode 1 for irq 52 failed (gic_set_type+0x0/0x48)
[    0.062178] Serial: AMBA PL011 UART driver
[    0.063934] 9000000.pl011: ttyS0 at MMIO 0x9000000 (irq = 52, base_baud = 0) is a PL011 rev1
[    0.082656] console [ttyS0] enabled
[    0.100157] vgaarb: loaded
[    0.101270] SCSI subsystem initialized
[    0.102128] usbcore: registered new interface driver usbfs
[    0.102453] usbcore: registered new interface driver hub
[    0.102751] usbcore: registered new device driver usb
[    0.110045] cfg80211: Calling CRDA to update world regulatory domain
[    0.111948] Switched to clocksource arch_sys_counter
[    0.124581] NET: Registered protocol family 2
[    0.128060] TCP established hash table entries: 2048 (order: 1, 8192 bytes)
[    0.128363] TCP bind hash table entries: 2048 (order: 1, 8192 bytes)
[    0.128678] TCP: Hash tables configured (established 2048 bind 2048)
[    0.129140] UDP hash table entries: 256 (order: 0, 4096 bytes)
[    0.129411] UDP-Lite hash table entries: 256 (order: 0, 4096 bytes)
[    0.130473] NET: Registered protocol family 1
[    0.130857] PCI: CLS 0 bytes, default 64
[    0.136365] NetWinder Floating Point Emulator V0.97 (extended precision)
[    0.138431] futex hash table entries: 256 (order: -1, 3072 bytes)
[    0.142738] squashfs: version 4.0 (2009/01/31) Phillip Lougher
[    0.143567] jffs2: version 2.2. (NAND) Â© 2001-2006 Red Hat, Inc.
[    0.144234] romfs: ROMFS MTD (C) 2007 Red Hat, Inc.
[    0.151098] Block layer SCSI generic (bsg) driver version 0.4 loaded (major 253)
[    0.151475] io scheduler noop registered
[    0.151990] io scheduler cfq registered (default)
[    0.152568] firmadyne: devfs: 1, execute: 1, procfs: 1, syscall: 1
[    0.153673] ------------[ cut here ]------------
[    0.153877] WARNING: CPU: 0 PID: 1 at /home/vagrant/firmadyne-kernel/kernel-v4.1/fs/sysfs/dir.c:31 sysfs_warn_dup+0x50/0x6c()
[    0.154257] sysfs: cannot create duplicate filename '/class/gpio'
[    0.154466] Modules linked in:
[    0.154740] CPU: 0 PID: 1 Comm: swapper Not tainted 4.1.17+ #1
[    0.154926] Hardware name: Generic DT based system
[    0.155502] [<c001c99c>] (unwind_backtrace) from [<c0019d30>] (show_stack+0x10/0x14)
[    0.155811] [<c0019d30>] (show_stack) from [<c0024ab4>] (warn_slowpath_common+0x80/0xa8)
[    0.156092] [<c0024ab4>] (warn_slowpath_common) from [<c0024b08>] (warn_slowpath_fmt+0x2c/0x3c)
[    0.156401] [<c0024b08>] (warn_slowpath_fmt) from [<c00e363c>] (sysfs_warn_dup+0x50/0x6c)
[    0.156652] [<c00e363c>] (sysfs_warn_dup) from [<c00e3714>] (sysfs_create_dir_ns+0x74/0x84)
[    0.156940] [<c00e3714>] (sysfs_create_dir_ns) from [<c018e6ac>] (kobject_add_internal+0xb8/0x2ac)
[    0.157261] [<c018e6ac>] (kobject_add_internal) from [<c018e9a8>] (kset_register+0x1c/0x44)
[    0.157563] [<c018e9a8>] (kset_register) from [<c02090b4>] (__class_register+0xa8/0x198)
[    0.157856] [<c02090b4>] (__class_register) from [<c02091e4>] (__class_create+0x40/0x70)
[    0.158162] [<c02091e4>] (__class_create) from [<c01adf68>] (register_devfs_stubs+0x314/0xbb4)
[    0.158430] [<c01adf68>] (register_devfs_stubs) from [<c05d9b08>] (init_module+0x28/0xa4)
[    0.158703] [<c05d9b08>] (init_module) from [<c0009670>] (do_one_initcall+0x104/0x1b4)
[    0.158949] [<c0009670>] (do_one_initcall) from [<c05c7d08>] (kernel_init_freeable+0xf0/0x1b0)
[    0.159213] [<c05c7d08>] (kernel_init_freeable) from [<c040f28c>] (kernel_init+0x8/0xe4)
[    0.159460] [<c040f28c>] (kernel_init) from [<c0016da8>] (ret_from_fork+0x14/0x2c)
[    0.159746] ---[ end trace 3296fba43c6bc689 ]---
[    0.159951] ------------[ cut here ]------------
[    0.160115] WARNING: CPU: 0 PID: 1 at /home/vagrant/firmadyne-kernel/kernel-v4.1/lib/kobject.c:240 kobject_add_internal+0x240/0x2ac()
[    0.160463] kobject_add_internal failed for gpio with -EEXIST, don't try to register things with the same name in the same directory.
[    0.160804] Modules linked in:
[    0.160962] CPU: 0 PID: 1 Comm: swapper Tainted: G        W       4.1.17+ #1
[    0.161171] Hardware name: Generic DT based system
[    0.161335] [<c001c99c>] (unwind_backtrace) from [<c0019d30>] (show_stack+0x10/0x14)
[    0.161581] [<c0019d30>] (show_stack) from [<c0024ab4>] (warn_slowpath_common+0x80/0xa8)
[    0.162017] [<c0024ab4>] (warn_slowpath_common) from [<c0024b08>] (warn_slowpath_fmt+0x2c/0x3c)
[    0.162294] [<c0024b08>] (warn_slowpath_fmt) from [<c018e834>] (kobject_add_internal+0x240/0x2ac)
[    0.162566] [<c018e834>] (kobject_add_internal) from [<c018e9a8>] (kset_register+0x1c/0x44)
[    0.162825] [<c018e9a8>] (kset_register) from [<c02090b4>] (__class_register+0xa8/0x198)
[    0.163076] [<c02090b4>] (__class_register) from [<c02091e4>] (__class_create+0x40/0x70)
[    0.163330] [<c02091e4>] (__class_create) from [<c01adf68>] (register_devfs_stubs+0x314/0xbb4)
[    0.163597] [<c01adf68>] (register_devfs_stubs) from [<c05d9b08>] (init_module+0x28/0xa4)
[    0.163852] [<c05d9b08>] (init_module) from [<c0009670>] (do_one_initcall+0x104/0x1b4)
[    0.164110] [<c0009670>] (do_one_initcall) from [<c05c7d08>] (kernel_init_freeable+0xf0/0x1b0)
[    0.164377] [<c05c7d08>] (kernel_init_freeable) from [<c040f28c>] (kernel_init+0x8/0xe4)
[    0.164623] [<c040f28c>] (kernel_init) from [<c0016da8>] (ret_from_fork+0x14/0x2c)
[    0.164867] ---[ end trace 3296fba43c6bc68a ]---
[    0.165168] firmadyne: Cannot create device class: gpio!
[    0.166372] firmadyne: Cannot register character device: watchdog, 0xa, 0x82!
[    0.166610] firmadyne: Cannot register character device: wdt, 0xfd, 0x0!
[    0.254840] Non-volatile memory driver v1.3
[    0.273183] brd: module loaded
[    0.280445] loop: module loaded
[    0.288176]  vda: vda1
[    0.291586] [nandsim] warning: read_byte: unexpected data output cycle, state is STATE_READY return 0x0
[    0.292091] [nandsim] warning: read_byte: unexpected data output cycle, state is STATE_READY return 0x0
[    0.292373] [nandsim] warning: read_byte: unexpected data output cycle, state is STATE_READY return 0x0
[    0.292646] [nandsim] warning: read_byte: unexpected data output cycle, state is STATE_READY return 0x0
[    0.292972] [nandsim] warning: read_byte: unexpected data output cycle, state is STATE_READY return 0x0
[    0.293247] [nandsim] warning: read_byte: unexpected data output cycle, state is STATE_READY return 0x0
[    0.293718] nand: device found, Manufacturer ID: 0x98, Chip ID: 0x39
[    0.293926] nand: Toshiba NAND 128MiB 1,8V 8-bit
[    0.294088] nand: 128 MiB, SLC, erase size: 16 KiB, page size: 512, OOB size: 16
[    0.294852] flash size: 128 MiB
[    0.294961] page size: 512 bytes
[    0.295068] OOB area size: 16 bytes
[    0.295181] sector size: 16 KiB
[    0.295282] pages number: 262144
[    0.295386] pages per sector: 32
[    0.295490] bus width: 8
[    0.295574] bits in sector size: 14
[    0.295686] bits in page size: 9
[    0.295794] bits in OOB size: 4
[    0.295899] flash size with OOB: 135168 KiB
[    0.296028] page address bytes: 4
[    0.296148] sector address bytes: 3
[    0.296260] options: 0x42
[    0.300290] Scanning device for bad blocks
[    0.417204] Creating 11 MTD partitions on "NAND 128MiB 1,8V 8-bit":
[    0.417662] 0x000000000000-0x000000100000 : "NAND simulator partition 0"
[    0.420259] 0x000000100000-0x000000200000 : "NAND simulator partition 1"
[    0.421630] 0x000000200000-0x000000300000 : "NAND simulator partition 2"
[    0.423065] 0x000000300000-0x000000400000 : "NAND simulator partition 3"
[    0.424307] 0x000000400000-0x000000500000 : "NAND simulator partition 4"
[    0.425483] 0x000000500000-0x000000600000 : "NAND simulator partition 5"
[    0.426702] 0x000000600000-0x000000700000 : "NAND simulator partition 6"
[    0.427988] 0x000000700000-0x000000800000 : "NAND simulator partition 7"
[    0.429289] 0x000000800000-0x000000900000 : "NAND simulator partition 8"
[    0.430651] 0x000000900000-0x000000a00000 : "NAND simulator partition 9"
[    0.432165] 0x000000a00000-0x000008000000 : "NAND simulator partition 10"
[    0.436488] tun: Universal TUN/TAP device driver, 1.6
[    0.436656] tun: (C) 1999-2004 Max Krasnyansky <maxk@qualcomm.com>
[    0.453130] PPP generic driver version 2.4.2
[    0.453824] PPP BSD Compression module registered
[    0.454044] PPP Deflate Compression module registered
[    0.454305] PPP MPPE Compression module registered
[    0.454486] NET: Registered protocol family 24
[    0.454778] PPTP driver version 0.8.5
[    0.455392] usbcore: registered new interface driver usb-storage
[    0.456769] hidraw: raw HID events driver (C) Jiri Kosina
[    0.457291] usbcore: registered new interface driver usbhid
[    0.457497] usbhid: USB HID core driver
[    0.457963] Netfilter messages via NETLINK v0.30.
[    0.458510] nf_conntrack version 0.5.0 (3958 buckets, 15832 max)
[    0.459630] ctnetlink v0.93: registering with nfnetlink.
[    0.460771] ipip: IPv4 over IPv4 tunneling driver
[    0.462741] gre: GRE over IPv4 demultiplexor driver
[    0.462933] ip_gre: GRE over IPv4 tunneling driver
[    0.466469] ip_tables: (C) 2000-2006 Netfilter Core Team
[    0.467848] arp_tables: (C) 2002 David S. Miller
[    0.468871] Initializing XFRM netlink socket
[    0.469401] NET: Registered protocol family 10
[    0.475031] ip6_tables: (C) 2000-2006 Netfilter Core Team
[    0.477424] sit: IPv6 over IPv4 tunneling driver
[    0.480479] NET: Registered protocol family 17
[    0.481090] bridge: automatic filtering via arp/ip/ip6tables has been deprecated. Update your scripts to load br_netfilter if you need this.
[    0.481596] Bridge firewalling registered
[    0.482002] Ebtables v2.0 registered
[    0.482982] 8021q: 802.1Q VLAN Support v1.8
[    0.483580] Registering SWP/SWPB emulation handler
[    0.485438] hctosys: unable to open rtc device (rtc0)
[    0.493670] EXT4-fs (vda1): couldn't mount as ext3 due to feature incompatibilities
[    0.495311] EXT4-fs (vda1): mounting ext2 file system using the ext4 subsystem
[    0.505793] EXT4-fs (vda1): mounted filesystem without journal. Opts: (null)
[    0.506699] VFS: Mounted root (ext2 filesystem) on device 254:1.
[    0.511160] Freeing unused kernel memory: 180K (c05c7000 - c05f4000)
[    0.517543] Starting init: /sbin/init exists but couldn't execute it (error -13)
[    0.522289] Starting init: /etc/init exists but couldn't execute it (error -13)
[    0.526839] firmadyne: do_execve: /firmadyne/console
[    0.527054] OFFSETS: offset of pid: 0x190 offset of comm: 0x270
[    0.527336] Starting init: /bin/sh exists but couldn't execute it (error -13)
[    0.527608] Kernel panic - not syncing: No working init found.  Try passing init= option to kernel. See Linux Documentation/init.txt for guidance.
[    0.528011] CPU: 0 PID: 1 Comm: swapper Tainted: G        W       4.1.17+ #1
[    0.528231] Hardware name: Generic DT based system
[    0.528420] [<c001c99c>] (unwind_backtrace) from [<c0019d30>] (show_stack+0x10/0x14)
[    0.528664] [<c0019d30>] (show_stack) from [<c0410b78>] (panic+0x70/0x1c8)
[    0.528882] [<c0410b78>] (panic) from [<c040f33c>] (kernel_init+0xb8/0xe4)
[    0.529104] [<c040f33c>] (kernel_init) from [<c0016da8>] (ret_from_fork+0x14/0x2c)
[    0.529483] ---[ end Kernel panic - not syncing: No working init found.  Try passing init= option to kernel. See Linux Documentation/init.txt for guidance.
