[    0.000000] Booting Linux on physical CPU 0x0
[    0.000000] Linux version 4.1.17+ (vagrant@vagrant-ubuntu-trusty-64) (gcc version 5.3.0 (GCC) ) #1 Thu Feb 18 01:05:21 UTC 2016
[    0.000000] CPU: ARMv7 Processor [412fc0f1] revision 1 (ARMv7), cr=10c5387d
[    0.000000] CPU: PIPT / VIPT nonaliasing data cache, PIPT instruction cache
[    0.000000] Machine model: linux,dummy-virt
[    0.000000] debug: ignoring loglevel setting.
[    0.000000] Memory policy: Data cache writeback
[    0.000000] On node 0 totalpages: 65536
[    0.000000] free_area_init_node: node 0, pgdat c061dfe8, node_mem_map cfdf9000
[    0.000000]   Normal zone: 512 pages used for memmap
[    0.000000]   Normal zone: 0 pages reserved
[    0.000000]   Normal zone: 65536 pages, LIFO batch:15
[    0.000000] CPU: All CPU(s) started in SVC mode.
[    0.000000] pcpu-alloc: s0 r0 d32768 u32768 alloc=1*32768
[    0.000000] pcpu-alloc: [0] 0 
[    0.000000] Built 1 zonelists in Zone order, mobility grouping on.  Total pages: 65024
[    0.000000] Kernel command line: root=/dev/vda1 console=ttyS0 nandsim.parts=64,64,64,64,64,64,64,64,64,64 rdinit=/firmadyne/preInit.sh rw debug ignore_loglevel print-fatal-signals=1 user_debug=31 firmadyne.syscall=0
[    0.000000] PID hash table entries: 1024 (order: 0, 4096 bytes)
[    0.000000] Dentry cache hash table entries: 32768 (order: 5, 131072 bytes)
[    0.000000] Inode-cache hash table entries: 16384 (order: 4, 65536 bytes)
[    0.000000] Memory: 253344K/262144K available (4297K kernel code, 170K rwdata, 1584K rodata, 180K init, 148K bss, 8800K reserved, 0K cma-reserved)
[    0.000000] Virtual kernel memory layout:
[    0.000000]     vector  : 0xffff0000 - 0xffff1000   (   4 kB)
[    0.000000]     fixmap  : 0xffc00000 - 0xfff00000   (3072 kB)
[    0.000000]     vmalloc : 0xd0800000 - 0xff000000   ( 744 MB)
[    0.000000]     lowmem  : 0xc0000000 - 0xd0000000   ( 256 MB)
[    0.000000]     modules : 0xbf000000 - 0xc0000000   (  16 MB)
[    0.000000]       .text : 0xc0008000 - 0xc05c67bc   (5882 kB)
[    0.000000]       .init : 0xc05c7000 - 0xc05f4000   ( 180 kB)
[    0.000000]       .data : 0xc05f4000 - 0xc061e840   ( 171 kB)
[    0.000000]        .bss : 0xc0621000 - 0xc06462d4   ( 149 kB)
[    0.000000] NR_IRQS:16 nr_irqs:16 16
[    0.000000] Architected cp15 timer(s) running at 62.50MHz (virt).
[    0.000000] clocksource arch_sys_counter: mask: 0xffffffffffffff max_cycles: 0x1cd42e208c, max_idle_ns: 881590405314 ns
[    0.000129] sched_clock: 56 bits at 62MHz, resolution 16ns, wraps every 4398046511096ns
[    0.000231] Switching to timer-based delay loop, resolution 16ns
[    0.002673] Console: colour dummy device 80x30
[    0.002900] Calibrating delay loop (skipped), value calculated using timer frequency.. 125.00 BogoMIPS (lpj=625000)
[    0.002992] pid_max: default: 32768 minimum: 301
[    0.003634] Mount-cache hash table entries: 1024 (order: 0, 4096 bytes)
[    0.003659] Mountpoint-cache hash table entries: 1024 (order: 0, 4096 bytes)
[    0.010972] CPU: Testing write buffer coherency: ok
[    0.015530] Setting up static identity map for 0x40008240 - 0x40008298
[    0.026896] VFP support v0.3: implementor 41 architecture 4 part 30 variant f rev 0
[    0.036180] clocksource jiffies: mask: 0xffffffff max_cycles: 0xffffffff, max_idle_ns: 19112604462750000 ns
[    0.043680] NET: Registered protocol family 16
[    0.046137] DMA: preallocated 256 KiB pool for atomic coherent allocations
[    0.049248] cpuidle: using governor ladder
[    0.049375] cpuidle: using governor menu
[    0.051901] genirq: Setting trigger mode 1 for irq 20 failed (gic_set_type+0x0/0x48)
[    0.053518] genirq: Setting trigger mode 1 for irq 21 failed (gic_set_type+0x0/0x48)
[    0.053794] genirq: Setting trigger mode 1 for irq 22 failed (gic_set_type+0x0/0x48)
[    0.054068] genirq: Setting trigger mode 1 for irq 23 failed (gic_set_type+0x0/0x48)
[    0.054292] genirq: Setting trigger mode 1 for irq 24 failed (gic_set_type+0x0/0x48)
[    0.054502] genirq: Setting trigger mode 1 for irq 25 failed (gic_set_type+0x0/0x48)
[    0.054703] genirq: Setting trigger mode 1 for irq 26 failed (gic_set_type+0x0/0x48)
[    0.054904] genirq: Setting trigger mode 1 for irq 27 failed (gic_set_type+0x0/0x48)
[    0.055188] genirq: Setting trigger mode 1 for irq 28 failed (gic_set_type+0x0/0x48)
[    0.055399] genirq: Setting trigger mode 1 for irq 29 failed (gic_set_type+0x0/0x48)
[    0.055596] genirq: Setting trigger mode 1 for irq 30 failed (gic_set_type+0x0/0x48)
[    0.055806] genirq: Setting trigger mode 1 for irq 31 failed (gic_set_type+0x0/0x48)
[    0.056002] genirq: Setting trigger mode 1 for irq 32 failed (gic_set_type+0x0/0x48)
[    0.056206] genirq: Setting trigger mode 1 for irq 33 failed (gic_set_type+0x0/0x48)
[    0.056399] genirq: Setting trigger mode 1 for irq 34 failed (gic_set_type+0x0/0x48)
[    0.056634] genirq: Setting trigger mode 1 for irq 35 failed (gic_set_type+0x0/0x48)
[    0.056885] genirq: Setting trigger mode 1 for irq 36 failed (gic_set_type+0x0/0x48)
[    0.057133] genirq: Setting trigger mode 1 for irq 37 failed (gic_set_type+0x0/0x48)
[    0.057412] genirq: Setting trigger mode 1 for irq 38 failed (gic_set_type+0x0/0x48)
[    0.057658] genirq: Setting trigger mode 1 for irq 39 failed (gic_set_type+0x0/0x48)
[    0.057881] genirq: Setting trigger mode 1 for irq 40 failed (gic_set_type+0x0/0x48)
[    0.058088] genirq: Setting trigger mode 1 for irq 41 failed (gic_set_type+0x0/0x48)
[    0.058301] genirq: Setting trigger mode 1 for irq 42 failed (gic_set_type+0x0/0x48)
[    0.058513] genirq: Setting trigger mode 1 for irq 43 failed (gic_set_type+0x0/0x48)
[    0.058730] genirq: Setting trigger mode 1 for irq 44 failed (gic_set_type+0x0/0x48)
[    0.058950] genirq: Setting trigger mode 1 for irq 45 failed (gic_set_type+0x0/0x48)
[    0.059156] genirq: Setting trigger mode 1 for irq 46 failed (gic_set_type+0x0/0x48)
[    0.059396] genirq: Setting trigger mode 1 for irq 47 failed (gic_set_type+0x0/0x48)
[    0.059609] genirq: Setting trigger mode 1 for irq 48 failed (gic_set_type+0x0/0x48)
[    0.059817] genirq: Setting trigger mode 1 for irq 49 failed (gic_set_type+0x0/0x48)
[    0.060018] genirq: Setting trigger mode 1 for irq 50 failed (gic_set_type+0x0/0x48)
[    0.060219] genirq: Setting trigger mode 1 for irq 51 failed (gic_set_type+0x0/0x48)
[    0.060628] genirq: Setting trigger mode 1 for irq 52 failed (gic_set_type+0x0/0x48)
[    0.063245] Serial: AMBA PL011 UART driver
[    0.065138] 9000000.pl011: ttyS0 at MMIO 0x9000000 (irq = 52, base_baud = 0) is a PL011 rev1
[    0.118141] console [ttyS0] enabled
[    0.138568] vgaarb: loaded
[    0.140789] SCSI subsystem initialized
[    0.142404] usbcore: registered new interface driver usbfs
[    0.147504] usbcore: registered new interface driver hub
[    0.148747] usbcore: registered new device driver usb
[    0.159600] cfg80211: Calling CRDA to update world regulatory domain
[    0.162996] Switched to clocksource arch_sys_counter
[    0.177942] NET: Registered protocol family 2
[    0.182400] TCP established hash table entries: 2048 (order: 1, 8192 bytes)
[    0.183903] TCP bind hash table entries: 2048 (order: 1, 8192 bytes)
[    0.185036] TCP: Hash tables configured (established 2048 bind 2048)
[    0.186324] UDP hash table entries: 256 (order: 0, 4096 bytes)
[    0.187304] UDP-Lite hash table entries: 256 (order: 0, 4096 bytes)
[    0.189266] NET: Registered protocol family 1
[    0.190269] PCI: CLS 0 bytes, default 64
[    0.197015] NetWinder Floating Point Emulator V0.97 (extended precision)
[    0.199802] futex hash table entries: 256 (order: -1, 3072 bytes)
[    0.204692] squashfs: version 4.0 (2009/01/31) Phillip Lougher
[    0.206365] jffs2: version 2.2. (NAND) Â© 2001-2006 Red Hat, Inc.
[    0.208041] romfs: ROMFS MTD (C) 2007 Red Hat, Inc.
[    0.215508] Block layer SCSI generic (bsg) driver version 0.4 loaded (major 253)
[    0.216764] io scheduler noop registered
[    0.217477] io scheduler cfq registered (default)
[    0.218656] firmadyne: devfs: 1, execute: 1, procfs: 1, syscall: 0
[    0.220489] ------------[ cut here ]------------
[    0.221265] WARNING: CPU: 0 PID: 1 at /home/vagrant/firmadyne-kernel/kernel-v4.1/fs/sysfs/dir.c:31 sysfs_warn_dup+0x50/0x6c()
[    0.223104] sysfs: cannot create duplicate filename '/class/gpio'
[    0.224062] Modules linked in:
[    0.224764] CPU: 0 PID: 1 Comm: swapper Not tainted 4.1.17+ #1
[    0.225630] Hardware name: Generic DT based system
[    0.226838] [<c001c99c>] (unwind_backtrace) from [<c0019d30>] (show_stack+0x10/0x14)
[    0.228058] [<c0019d30>] (show_stack) from [<c0024ab4>] (warn_slowpath_common+0x80/0xa8)
[    0.229461] [<c0024ab4>] (warn_slowpath_common) from [<c0024b08>] (warn_slowpath_fmt+0x2c/0x3c)
[    0.230838] [<c0024b08>] (warn_slowpath_fmt) from [<c00e363c>] (sysfs_warn_dup+0x50/0x6c)
[    0.232117] [<c00e363c>] (sysfs_warn_dup) from [<c00e3714>] (sysfs_create_dir_ns+0x74/0x84)
[    0.233830] [<c00e3714>] (sysfs_create_dir_ns) from [<c018e6ac>] (kobject_add_internal+0xb8/0x2ac)
[    0.235342] [<c018e6ac>] (kobject_add_internal) from [<c018e9a8>] (kset_register+0x1c/0x44)
[    0.236157] [<c018e9a8>] (kset_register) from [<c02090b4>] (__class_register+0xa8/0x198)
[    0.236842] [<c02090b4>] (__class_register) from [<c02091e4>] (__class_create+0x40/0x70)
[    0.237639] [<c02091e4>] (__class_create) from [<c01adf68>] (register_devfs_stubs+0x314/0xbb4)
[    0.238401] [<c01adf68>] (register_devfs_stubs) from [<c05d9b08>] (init_module+0x28/0xa4)
[    0.239210] [<c05d9b08>] (init_module) from [<c0009670>] (do_one_initcall+0x104/0x1b4)
[    0.240154] [<c0009670>] (do_one_initcall) from [<c05c7d08>] (kernel_init_freeable+0xf0/0x1b0)
[    0.241033] [<c05c7d08>] (kernel_init_freeable) from [<c040f28c>] (kernel_init+0x8/0xe4)
[    0.241649] [<c040f28c>] (kernel_init) from [<c0016da8>] (ret_from_fork+0x14/0x2c)
[    0.242530] ---[ end trace 0d4f7e294b00d772 ]---
[    0.243546] ------------[ cut here ]------------
[    0.244252] WARNING: CPU: 0 PID: 1 at /home/vagrant/firmadyne-kernel/kernel-v4.1/lib/kobject.c:240 kobject_add_internal+0x240/0x2ac()
[    0.245107] kobject_add_internal failed for gpio with -EEXIST, don't try to register things with the same name in the same directory.
[    0.246180] Modules linked in:
[    0.246409] CPU: 0 PID: 1 Comm: swapper Tainted: G        W       4.1.17+ #1
[    0.247419] Hardware name: Generic DT based system
[    0.247591] [<c001c99c>] (unwind_backtrace) from [<c0019d30>] (show_stack+0x10/0x14)
[    0.248457] [<c0019d30>] (show_stack) from [<c0024ab4>] (warn_slowpath_common+0x80/0xa8)
[    0.249208] [<c0024ab4>] (warn_slowpath_common) from [<c0024b08>] (warn_slowpath_fmt+0x2c/0x3c)
[    0.250008] [<c0024b08>] (warn_slowpath_fmt) from [<c018e834>] (kobject_add_internal+0x240/0x2ac)
[    0.250549] [<c018e834>] (kobject_add_internal) from [<c018e9a8>] (kset_register+0x1c/0x44)
[    0.251236] [<c018e9a8>] (kset_register) from [<c02090b4>] (__class_register+0xa8/0x198)
[    0.251908] [<c02090b4>] (__class_register) from [<c02091e4>] (__class_create+0x40/0x70)
[    0.252673] [<c02091e4>] (__class_create) from [<c01adf68>] (register_devfs_stubs+0x314/0xbb4)
[    0.253671] [<c01adf68>] (register_devfs_stubs) from [<c05d9b08>] (init_module+0x28/0xa4)
[    0.254496] [<c05d9b08>] (init_module) from [<c0009670>] (do_one_initcall+0x104/0x1b4)
[    0.255076] [<c0009670>] (do_one_initcall) from [<c05c7d08>] (kernel_init_freeable+0xf0/0x1b0)
[    0.255729] [<c05c7d08>] (kernel_init_freeable) from [<c040f28c>] (kernel_init+0x8/0xe4)
[    0.256415] [<c040f28c>] (kernel_init) from [<c0016da8>] (ret_from_fork+0x14/0x2c)
[    0.257254] ---[ end trace 0d4f7e294b00d773 ]---
[    0.257618] firmadyne: Cannot create device class: gpio!
[    0.259711] firmadyne: Cannot register character device: watchdog, 0xa, 0x82!
[    0.260938] firmadyne: Cannot register character device: wdt, 0xfd, 0x0!
[    0.347840] Non-volatile memory driver v1.3
[    0.366168] brd: module loaded
[    0.374166] loop: module loaded
[    0.382339]  vda: vda1
[    0.386601] [nandsim] warning: read_byte: unexpected data output cycle, state is STATE_READY return 0x0
[    0.388179] [nandsim] warning: read_byte: unexpected data output cycle, state is STATE_READY return 0x0
[    0.389790] [nandsim] warning: read_byte: unexpected data output cycle, state is STATE_READY return 0x0
[    0.391363] [nandsim] warning: read_byte: unexpected data output cycle, state is STATE_READY return 0x0
[    0.393033] [nandsim] warning: read_byte: unexpected data output cycle, state is STATE_READY return 0x0
[    0.394504] [nandsim] warning: read_byte: unexpected data output cycle, state is STATE_READY return 0x0
[    0.396042] nand: device found, Manufacturer ID: 0x98, Chip ID: 0x39
[    0.397027] nand: Toshiba NAND 128MiB 1,8V 8-bit
[    0.397442] nand: 128 MiB, SLC, erase size: 16 KiB, page size: 512, OOB size: 16
[    0.398806] flash size: 128 MiB
[    0.399297] page size: 512 bytes
[    0.399790] OOB area size: 16 bytes
[    0.400312] sector size: 16 KiB
[    0.400796] pages number: 262144
[    0.401267] pages per sector: 32
[    0.401755] bus width: 8
[    0.401939] bits in sector size: 14
[    0.402252] bits in page size: 9
[    0.402555] bits in OOB size: 4
[    0.403120] flash size with OOB: 135168 KiB
[    0.403538] page address bytes: 4
[    0.403856] sector address bytes: 3
[    0.404069] options: 0x42
[    0.407609] Scanning device for bad blocks
[    0.511314] Creating 11 MTD partitions on "NAND 128MiB 1,8V 8-bit":
[    0.513234] 0x000000000000-0x000000100000 : "NAND simulator partition 0"
[    0.517310] 0x000000100000-0x000000200000 : "NAND simulator partition 1"
[    0.519791] 0x000000200000-0x000000300000 : "NAND simulator partition 2"
[    0.522129] 0x000000300000-0x000000400000 : "NAND simulator partition 3"
[    0.524444] 0x000000400000-0x000000500000 : "NAND simulator partition 4"
[    0.526700] 0x000000500000-0x000000600000 : "NAND simulator partition 5"
[    0.528800] 0x000000600000-0x000000700000 : "NAND simulator partition 6"
[    0.531235] 0x000000700000-0x000000800000 : "NAND simulator partition 7"
[    0.533875] 0x000000800000-0x000000900000 : "NAND simulator partition 8"
[    0.536409] 0x000000900000-0x000000a00000 : "NAND simulator partition 9"
[    0.538820] 0x000000a00000-0x000008000000 : "NAND simulator partition 10"
[    0.544166] tun: Universal TUN/TAP device driver, 1.6
[    0.545080] tun: (C) 1999-2004 Max Krasnyansky <maxk@qualcomm.com>
[    0.562135] PPP generic driver version 2.4.2
[    0.563793] PPP BSD Compression module registered
[    0.564673] PPP Deflate Compression module registered
[    0.565717] PPP MPPE Compression module registered
[    0.566611] NET: Registered protocol family 24
[    0.567628] PPTP driver version 0.8.5
[    0.569010] usbcore: registered new interface driver usb-storage
[    0.571588] hidraw: raw HID events driver (C) Jiri Kosina
[    0.573274] usbcore: registered new interface driver usbhid
[    0.574300] usbhid: USB HID core driver
[    0.575427] Netfilter messages via NETLINK v0.30.
[    0.576817] nf_conntrack version 0.5.0 (3958 buckets, 15832 max)
[    0.579066] ctnetlink v0.93: registering with nfnetlink.
[    0.581301] ipip: IPv4 over IPv4 tunneling driver
[    0.584043] gre: GRE over IPv4 demultiplexor driver
[    0.584950] ip_gre: GRE over IPv4 tunneling driver
[    0.589662] ip_tables: (C) 2000-2006 Netfilter Core Team
[    0.591970] arp_tables: (C) 2002 David S. Miller
[    0.593943] Initializing XFRM netlink socket
[    0.595156] NET: Registered protocol family 10
[    0.601020] ip6_tables: (C) 2000-2006 Netfilter Core Team
[    0.603394] sit: IPv6 over IPv4 tunneling driver
[    0.607122] NET: Registered protocol family 17
[    0.608269] bridge: automatic filtering via arp/ip/ip6tables has been deprecated. Update your scripts to load br_netfilter if you need this.
[    0.610431] Bridge firewalling registered
[    0.611096] Ebtables v2.0 registered
[    0.612544] 8021q: 802.1Q VLAN Support v1.8
[    0.614063] Registering SWP/SWPB emulation handler
[    0.616338] hctosys: unable to open rtc device (rtc0)
[    0.625952] EXT4-fs (vda1): couldn't mount as ext3 due to feature incompatibilities
[    0.628522] EXT4-fs (vda1): mounting ext2 file system using the ext4 subsystem
[    0.637580] EXT4-fs (vda1): warning: mounting unchecked fs, running e2fsck is recommended
[    0.641057] EXT4-fs (vda1): mounted filesystem without journal. Opts: (null)
[    0.643417] VFS: Mounted root (ext2 filesystem) on device 254:1.
[    0.648770] Freeing unused kernel memory: 180K (c05c7000 - c05f4000)
[    0.651491] Starting init: /sbin/init exists but couldn't execute it (error -20)
[    0.657745] Starting init: /bin/init exists but couldn't execute it (error -20)
[    0.658946] firmadyne: do_execve: /firmadyne/console
[    0.659796] OFFSETS: offset of pid: 0x190 offset of comm: 0x270
[    0.660720] Starting init: /bin/sh exists but couldn't execute it (error -20)
[    0.661829] Kernel panic - not syncing: No working init found.  Try passing init= option to kernel. See Linux Documentation/init.txt for guidance.
[    0.663861] CPU: 0 PID: 1 Comm: swapper Tainted: G        W       4.1.17+ #1
[    0.665111] Hardware name: Generic DT based system
[    0.665985] [<c001c99c>] (unwind_backtrace) from [<c0019d30>] (show_stack+0x10/0x14)
[    0.667124] [<c0019d30>] (show_stack) from [<c0410b78>] (panic+0x70/0x1c8)
[    0.668144] [<c0410b78>] (panic) from [<c040f33c>] (kernel_init+0xb8/0xe4)
[    0.668637] [<c040f33c>] (kernel_init) from [<c0016da8>] (ret_from_fork+0x14/0x2c)
[    0.669525] ---[ end Kernel panic - not syncing: No working init found.  Try passing init= option to kernel. See Linux Documentation/init.txt for guidance.
