[    0.000000] Booting Linux on physical CPU 0x0
[    0.000000] Linux version 4.1.17+ (vagrant@vagrant-ubuntu-trusty-64) (gcc version 5.3.0 (GCC) ) #1 Thu Feb 18 01:05:21 UTC 2016
[    0.000000] CPU: ARMv7 Processor [412fc0f1] revision 1 (ARMv7), cr=10c5387d
[    0.000000] CPU: PIPT / VIPT nonaliasing data cache, PIPT instruction cache
[    0.000000] Machine model: linux,dummy-virt
[    0.000000] debug: ignoring loglevel setting.
[    0.000000] Memory policy: Data cache writeback
[    0.000000] On node 0 totalpages: 65536
[    0.000000] free_area_init_node: node 0, pgdat c061dfe8, node_mem_map cfdf9000
[    0.000000]   Normal zone: 512 pages used for memmap
[    0.000000]   Normal zone: 0 pages reserved
[    0.000000]   Normal zone: 65536 pages, LIFO batch:15
[    0.000000] CPU: All CPU(s) started in SVC mode.
[    0.000000] pcpu-alloc: s0 r0 d32768 u32768 alloc=1*32768
[    0.000000] pcpu-alloc: [0] 0 
[    0.000000] Built 1 zonelists in Zone order, mobility grouping on.  Total pages: 65024
[    0.000000] Kernel command line: root=/dev/vda1 console=ttyS0 nandsim.parts=64,64,64,64,64,64,64,64,64,64 rdinit=/firmadyne/preInit.sh rw debug ignore_loglevel print-fatal-signals=1 user_debug=31 firmadyne.syscall=0
[    0.000000] PID hash table entries: 1024 (order: 0, 4096 bytes)
[    0.000000] Dentry cache hash table entries: 32768 (order: 5, 131072 bytes)
[    0.000000] Inode-cache hash table entries: 16384 (order: 4, 65536 bytes)
[    0.000000] Memory: 253344K/262144K available (4297K kernel code, 170K rwdata, 1584K rodata, 180K init, 148K bss, 8800K reserved, 0K cma-reserved)
[    0.000000] Virtual kernel memory layout:
[    0.000000]     vector  : 0xffff0000 - 0xffff1000   (   4 kB)
[    0.000000]     fixmap  : 0xffc00000 - 0xfff00000   (3072 kB)
[    0.000000]     vmalloc : 0xd0800000 - 0xff000000   ( 744 MB)
[    0.000000]     lowmem  : 0xc0000000 - 0xd0000000   ( 256 MB)
[    0.000000]     modules : 0xbf000000 - 0xc0000000   (  16 MB)
[    0.000000]       .text : 0xc0008000 - 0xc05c67bc   (5882 kB)
[    0.000000]       .init : 0xc05c7000 - 0xc05f4000   ( 180 kB)
[    0.000000]       .data : 0xc05f4000 - 0xc061e840   ( 171 kB)
[    0.000000]        .bss : 0xc0621000 - 0xc06462d4   ( 149 kB)
[    0.000000] NR_IRQS:16 nr_irqs:16 16
[    0.000000] Architected cp15 timer(s) running at 62.50MHz (virt).
[    0.000000] clocksource arch_sys_counter: mask: 0xffffffffffffff max_cycles: 0x1cd42e208c, max_idle_ns: 881590405314 ns
[    0.000124] sched_clock: 56 bits at 62MHz, resolution 16ns, wraps every 4398046511096ns
[    0.000229] Switching to timer-based delay loop, resolution 16ns
[    0.002848] Console: colour dummy device 80x30
[    0.003151] Calibrating delay loop (skipped), value calculated using timer frequency.. 125.00 BogoMIPS (lpj=625000)
[    0.003270] pid_max: default: 32768 minimum: 301
[    0.006375] Mount-cache hash table entries: 1024 (order: 0, 4096 bytes)
[    0.006425] Mountpoint-cache hash table entries: 1024 (order: 0, 4096 bytes)
[    0.013635] CPU: Testing write buffer coherency: ok
[    0.018384] Setting up static identity map for 0x40008240 - 0x40008298
[    0.029310] VFP support v0.3: implementor 41 architecture 4 part 30 variant f rev 0
[    0.038231] clocksource jiffies: mask: 0xffffffff max_cycles: 0xffffffff, max_idle_ns: 19112604462750000 ns
[    0.045055] NET: Registered protocol family 16
[    0.047243] DMA: preallocated 256 KiB pool for atomic coherent allocations
[    0.049969] cpuidle: using governor ladder
[    0.050076] cpuidle: using governor menu
[    0.052746] genirq: Setting trigger mode 1 for irq 20 failed (gic_set_type+0x0/0x48)
[    0.054354] genirq: Setting trigger mode 1 for irq 21 failed (gic_set_type+0x0/0x48)
[    0.054635] genirq: Setting trigger mode 1 for irq 22 failed (gic_set_type+0x0/0x48)
[    0.054865] genirq: Setting trigger mode 1 for irq 23 failed (gic_set_type+0x0/0x48)
[    0.055108] genirq: Setting trigger mode 1 for irq 24 failed (gic_set_type+0x0/0x48)
[    0.055327] genirq: Setting trigger mode 1 for irq 25 failed (gic_set_type+0x0/0x48)
[    0.055533] genirq: Setting trigger mode 1 for irq 26 failed (gic_set_type+0x0/0x48)
[    0.055739] genirq: Setting trigger mode 1 for irq 27 failed (gic_set_type+0x0/0x48)
[    0.056032] genirq: Setting trigger mode 1 for irq 28 failed (gic_set_type+0x0/0x48)
[    0.056253] genirq: Setting trigger mode 1 for irq 29 failed (gic_set_type+0x0/0x48)
[    0.056457] genirq: Setting trigger mode 1 for irq 30 failed (gic_set_type+0x0/0x48)
[    0.056674] genirq: Setting trigger mode 1 for irq 31 failed (gic_set_type+0x0/0x48)
[    0.056878] genirq: Setting trigger mode 1 for irq 32 failed (gic_set_type+0x0/0x48)
[    0.057086] genirq: Setting trigger mode 1 for irq 33 failed (gic_set_type+0x0/0x48)
[    0.057284] genirq: Setting trigger mode 1 for irq 34 failed (gic_set_type+0x0/0x48)
[    0.057500] genirq: Setting trigger mode 1 for irq 35 failed (gic_set_type+0x0/0x48)
[    0.057741] genirq: Setting trigger mode 1 for irq 36 failed (gic_set_type+0x0/0x48)
[    0.057985] genirq: Setting trigger mode 1 for irq 37 failed (gic_set_type+0x0/0x48)
[    0.058268] genirq: Setting trigger mode 1 for irq 38 failed (gic_set_type+0x0/0x48)
[    0.058542] genirq: Setting trigger mode 1 for irq 39 failed (gic_set_type+0x0/0x48)
[    0.058788] genirq: Setting trigger mode 1 for irq 40 failed (gic_set_type+0x0/0x48)
[    0.059049] genirq: Setting trigger mode 1 for irq 41 failed (gic_set_type+0x0/0x48)
[    0.059305] genirq: Setting trigger mode 1 for irq 42 failed (gic_set_type+0x0/0x48)
[    0.059559] genirq: Setting trigger mode 1 for irq 43 failed (gic_set_type+0x0/0x48)
[    0.059820] genirq: Setting trigger mode 1 for irq 44 failed (gic_set_type+0x0/0x48)
[    0.060081] genirq: Setting trigger mode 1 for irq 45 failed (gic_set_type+0x0/0x48)
[    0.060323] genirq: Setting trigger mode 1 for irq 46 failed (gic_set_type+0x0/0x48)
[    0.060571] genirq: Setting trigger mode 1 for irq 47 failed (gic_set_type+0x0/0x48)
[    0.060795] genirq: Setting trigger mode 1 for irq 48 failed (gic_set_type+0x0/0x48)
[    0.061008] genirq: Setting trigger mode 1 for irq 49 failed (gic_set_type+0x0/0x48)
[    0.061215] genirq: Setting trigger mode 1 for irq 50 failed (gic_set_type+0x0/0x48)
[    0.061421] genirq: Setting trigger mode 1 for irq 51 failed (gic_set_type+0x0/0x48)
[    0.061780] genirq: Setting trigger mode 1 for irq 52 failed (gic_set_type+0x0/0x48)
[    0.064586] Serial: AMBA PL011 UART driver
[    0.066011] 9000000.pl011: ttyS0 at MMIO 0x9000000 (irq = 52, base_baud = 0) is a PL011 rev1
[    0.128828] console [ttyS0] enabled
[    0.145741] vgaarb: loaded
[    0.147673] SCSI subsystem initialized
[    0.149099] usbcore: registered new interface driver usbfs
[    0.150263] usbcore: registered new interface driver hub
[    0.151345] usbcore: registered new device driver usb
[    0.158953] cfg80211: Calling CRDA to update world regulatory domain
[    0.161701] Switched to clocksource arch_sys_counter
[    0.175118] NET: Registered protocol family 2
[    0.179775] TCP established hash table entries: 2048 (order: 1, 8192 bytes)
[    0.181207] TCP bind hash table entries: 2048 (order: 1, 8192 bytes)
[    0.182756] TCP: Hash tables configured (established 2048 bind 2048)
[    0.184200] UDP hash table entries: 256 (order: 0, 4096 bytes)
[    0.185324] UDP-Lite hash table entries: 256 (order: 0, 4096 bytes)
[    0.187516] NET: Registered protocol family 1
[    0.188752] PCI: CLS 0 bytes, default 64
[    0.194726] NetWinder Floating Point Emulator V0.97 (extended precision)
[    0.197886] futex hash table entries: 256 (order: -1, 3072 bytes)
[    0.203053] squashfs: version 4.0 (2009/01/31) Phillip Lougher
[    0.205337] jffs2: version 2.2. (NAND) Â© 2001-2006 Red Hat, Inc.
[    0.207043] romfs: ROMFS MTD (C) 2007 Red Hat, Inc.
[    0.214478] Block layer SCSI generic (bsg) driver version 0.4 loaded (major 253)
[    0.216110] io scheduler noop registered
[    0.217053] io scheduler cfq registered (default)
[    0.218445] firmadyne: devfs: 1, execute: 1, procfs: 1, syscall: 0
[    0.220638] ------------[ cut here ]------------
[    0.221873] WARNING: CPU: 0 PID: 1 at /home/vagrant/firmadyne-kernel/kernel-v4.1/fs/sysfs/dir.c:31 sysfs_warn_dup+0x50/0x6c()
[    0.223863] sysfs: cannot create duplicate filename '/class/gpio'
[    0.224917] Modules linked in:
[    0.225672] CPU: 0 PID: 1 Comm: swapper Not tainted 4.1.17+ #1
[    0.226680] Hardware name: Generic DT based system
[    0.228184] [<c001c99c>] (unwind_backtrace) from [<c0019d30>] (show_stack+0x10/0x14)
[    0.229596] [<c0019d30>] (show_stack) from [<c0024ab4>] (warn_slowpath_common+0x80/0xa8)
[    0.231008] [<c0024ab4>] (warn_slowpath_common) from [<c0024b08>] (warn_slowpath_fmt+0x2c/0x3c)
[    0.232768] [<c0024b08>] (warn_slowpath_fmt) from [<c00e363c>] (sysfs_warn_dup+0x50/0x6c)
[    0.234139] [<c00e363c>] (sysfs_warn_dup) from [<c00e3714>] (sysfs_create_dir_ns+0x74/0x84)
[    0.235658] [<c00e3714>] (sysfs_create_dir_ns) from [<c018e6ac>] (kobject_add_internal+0xb8/0x2ac)
[    0.237251] [<c018e6ac>] (kobject_add_internal) from [<c018e9a8>] (kset_register+0x1c/0x44)
[    0.238652] [<c018e9a8>] (kset_register) from [<c02090b4>] (__class_register+0xa8/0x198)
[    0.239521] [<c02090b4>] (__class_register) from [<c02091e4>] (__class_create+0x40/0x70)
[    0.240460] [<c02091e4>] (__class_create) from [<c01adf68>] (register_devfs_stubs+0x314/0xbb4)
[    0.241288] [<c01adf68>] (register_devfs_stubs) from [<c05d9b08>] (init_module+0x28/0xa4)
[    0.242530] [<c05d9b08>] (init_module) from [<c0009670>] (do_one_initcall+0x104/0x1b4)
[    0.243478] [<c0009670>] (do_one_initcall) from [<c05c7d08>] (kernel_init_freeable+0xf0/0x1b0)
[    0.244335] [<c05c7d08>] (kernel_init_freeable) from [<c040f28c>] (kernel_init+0x8/0xe4)
[    0.245099] [<c040f28c>] (kernel_init) from [<c0016da8>] (ret_from_fork+0x14/0x2c)
[    0.245944] ---[ end trace d5c4017fdef1b5d6 ]---
[    0.246707] ------------[ cut here ]------------
[    0.247371] WARNING: CPU: 0 PID: 1 at /home/vagrant/firmadyne-kernel/kernel-v4.1/lib/kobject.c:240 kobject_add_internal+0x240/0x2ac()
[    0.248536] kobject_add_internal failed for gpio with -EEXIST, don't try to register things with the same name in the same directory.
[    0.249577] Modules linked in:
[    0.249925] CPU: 0 PID: 1 Comm: swapper Tainted: G        W       4.1.17+ #1
[    0.250735] Hardware name: Generic DT based system
[    0.251181] [<c001c99c>] (unwind_backtrace) from [<c0019d30>] (show_stack+0x10/0x14)
[    0.252155] [<c0019d30>] (show_stack) from [<c0024ab4>] (warn_slowpath_common+0x80/0xa8)
[    0.253231] [<c0024ab4>] (warn_slowpath_common) from [<c0024b08>] (warn_slowpath_fmt+0x2c/0x3c)
[    0.254054] [<c0024b08>] (warn_slowpath_fmt) from [<c018e834>] (kobject_add_internal+0x240/0x2ac)
[    0.254817] [<c018e834>] (kobject_add_internal) from [<c018e9a8>] (kset_register+0x1c/0x44)
[    0.255729] [<c018e9a8>] (kset_register) from [<c02090b4>] (__class_register+0xa8/0x198)
[    0.256673] [<c02090b4>] (__class_register) from [<c02091e4>] (__class_create+0x40/0x70)
[    0.257652] [<c02091e4>] (__class_create) from [<c01adf68>] (register_devfs_stubs+0x314/0xbb4)
[    0.258752] [<c01adf68>] (register_devfs_stubs) from [<c05d9b08>] (init_module+0x28/0xa4)
[    0.259714] [<c05d9b08>] (init_module) from [<c0009670>] (do_one_initcall+0x104/0x1b4)
[    0.260709] [<c0009670>] (do_one_initcall) from [<c05c7d08>] (kernel_init_freeable+0xf0/0x1b0)
[    0.261910] [<c05c7d08>] (kernel_init_freeable) from [<c040f28c>] (kernel_init+0x8/0xe4)
[    0.262980] [<c040f28c>] (kernel_init) from [<c0016da8>] (ret_from_fork+0x14/0x2c)
[    0.263728] ---[ end trace d5c4017fdef1b5d7 ]---
[    0.264366] firmadyne: Cannot create device class: gpio!
[    0.266082] firmadyne: Cannot register character device: watchdog, 0xa, 0x82!
[    0.267336] firmadyne: Cannot register character device: wdt, 0xfd, 0x0!
[    0.353332] Non-volatile memory driver v1.3
[    0.372250] brd: module loaded
[    0.379771] loop: module loaded
[    0.388282]  vda: vda1
[    0.392767] [nandsim] warning: read_byte: unexpected data output cycle, state is STATE_READY return 0x0
[    0.394457] [nandsim] warning: read_byte: unexpected data output cycle, state is STATE_READY return 0x0
[    0.396373] [nandsim] warning: read_byte: unexpected data output cycle, state is STATE_READY return 0x0
[    0.398218] [nandsim] warning: read_byte: unexpected data output cycle, state is STATE_READY return 0x0
[    0.400082] [nandsim] warning: read_byte: unexpected data output cycle, state is STATE_READY return 0x0
[    0.401959] [nandsim] warning: read_byte: unexpected data output cycle, state is STATE_READY return 0x0
[    0.403699] nand: device found, Manufacturer ID: 0x98, Chip ID: 0x39
[    0.404924] nand: Toshiba NAND 128MiB 1,8V 8-bit
[    0.405408] nand: 128 MiB, SLC, erase size: 16 KiB, page size: 512, OOB size: 16
[    0.407076] flash size: 128 MiB
[    0.407756] page size: 512 bytes
[    0.408435] OOB area size: 16 bytes
[    0.409115] sector size: 16 KiB
[    0.409777] pages number: 262144
[    0.410411] pages per sector: 32
[    0.411091] bus width: 8
[    0.411314] bits in sector size: 14
[    0.412029] bits in page size: 9
[    0.412720] bits in OOB size: 4
[    0.412985] flash size with OOB: 135168 KiB
[    0.413403] page address bytes: 4
[    0.413878] sector address bytes: 3
[    0.414184] options: 0x42
[    0.419422] Scanning device for bad blocks
[    0.517203] Creating 11 MTD partitions on "NAND 128MiB 1,8V 8-bit":
[    0.518630] 0x000000000000-0x000000100000 : "NAND simulator partition 0"
[    0.522469] 0x000000100000-0x000000200000 : "NAND simulator partition 1"
[    0.524743] 0x000000200000-0x000000300000 : "NAND simulator partition 2"
[    0.527229] 0x000000300000-0x000000400000 : "NAND simulator partition 3"
[    0.529971] 0x000000400000-0x000000500000 : "NAND simulator partition 4"
[    0.532424] 0x000000500000-0x000000600000 : "NAND simulator partition 5"
[    0.534637] 0x000000600000-0x000000700000 : "NAND simulator partition 6"
[    0.536898] 0x000000700000-0x000000800000 : "NAND simulator partition 7"
[    0.539261] 0x000000800000-0x000000900000 : "NAND simulator partition 8"
[    0.541847] 0x000000900000-0x000000a00000 : "NAND simulator partition 9"
[    0.544105] 0x000000a00000-0x000008000000 : "NAND simulator partition 10"
[    0.548943] tun: Universal TUN/TAP device driver, 1.6
[    0.549990] tun: (C) 1999-2004 Max Krasnyansky <maxk@qualcomm.com>
[    0.565879] PPP generic driver version 2.4.2
[    0.567324] PPP BSD Compression module registered
[    0.568195] PPP Deflate Compression module registered
[    0.569141] PPP MPPE Compression module registered
[    0.570000] NET: Registered protocol family 24
[    0.571048] PPTP driver version 0.8.5
[    0.572658] usbcore: registered new interface driver usb-storage
[    0.575043] hidraw: raw HID events driver (C) Jiri Kosina
[    0.576349] usbcore: registered new interface driver usbhid
[    0.577318] usbhid: USB HID core driver
[    0.578336] Netfilter messages via NETLINK v0.30.
[    0.579775] nf_conntrack version 0.5.0 (3958 buckets, 15832 max)
[    0.582130] ctnetlink v0.93: registering with nfnetlink.
[    0.584149] ipip: IPv4 over IPv4 tunneling driver
[    0.586548] gre: GRE over IPv4 demultiplexor driver
[    0.587690] ip_gre: GRE over IPv4 tunneling driver
[    0.592329] ip_tables: (C) 2000-2006 Netfilter Core Team
[    0.594548] arp_tables: (C) 2002 David S. Miller
[    0.596443] Initializing XFRM netlink socket
[    0.597578] NET: Registered protocol family 10
[    0.604248] ip6_tables: (C) 2000-2006 Netfilter Core Team
[    0.606425] sit: IPv6 over IPv4 tunneling driver
[    0.610289] NET: Registered protocol family 17
[    0.611905] bridge: automatic filtering via arp/ip/ip6tables has been deprecated. Update your scripts to load br_netfilter if you need this.
[    0.614183] Bridge firewalling registered
[    0.615003] Ebtables v2.0 registered
[    0.616800] 8021q: 802.1Q VLAN Support v1.8
[    0.618145] Registering SWP/SWPB emulation handler
[    0.620772] hctosys: unable to open rtc device (rtc0)
[    0.629807] EXT4-fs (vda1): couldn't mount as ext3 due to feature incompatibilities
[    0.632944] EXT4-fs (vda1): mounting ext2 file system using the ext4 subsystem
[    0.642292] EXT4-fs (vda1): warning: mounting unchecked fs, running e2fsck is recommended
[    0.646046] EXT4-fs (vda1): mounted filesystem without journal. Opts: (null)
[    0.648079] VFS: Mounted root (ext2 filesystem) on device 254:1.
[    0.653444] Freeing unused kernel memory: 180K (c05c7000 - c05f4000)
[    0.661304] Starting init: /sbin/init exists but couldn't execute it (error -13)
[    0.667604] Starting init: /etc/init exists but couldn't execute it (error -13)
[    0.674071] firmadyne: do_execve: /firmadyne/console
[    0.675100] OFFSETS: offset of pid: 0x190 offset of comm: 0x270
[    0.676427] Starting init: /bin/sh exists but couldn't execute it (error -13)
[    0.677700] Kernel panic - not syncing: No working init found.  Try passing init= option to kernel. See Linux Documentation/init.txt for guidance.
[    0.680146] CPU: 0 PID: 1 Comm: swapper Tainted: G        W       4.1.17+ #1
[    0.681365] Hardware name: Generic DT based system
[    0.682293] [<c001c99c>] (unwind_backtrace) from [<c0019d30>] (show_stack+0x10/0x14)
[    0.683602] [<c0019d30>] (show_stack) from [<c0410b78>] (panic+0x70/0x1c8)
[    0.684780] [<c0410b78>] (panic) from [<c040f33c>] (kernel_init+0xb8/0xe4)
[    0.685915] [<c040f33c>] (kernel_init) from [<c0016da8>] (ret_from_fork+0x14/0x2c)
[    0.687106] ---[ end Kernel panic - not syncing: No working init found.  Try passing init= option to kernel. See Linux Documentation/init.txt for guidance.
