[    0.000000] Booting Linux on physical CPU 0x0
[    0.000000] Linux version 4.1.17+ (vagrant@vagrant-ubuntu-trusty-64) (gcc version 5.3.0 (GCC) ) #1 Thu Feb 18 01:05:21 UTC 2016
[    0.000000] CPU: ARMv7 Processor [412fc0f1] revision 1 (ARMv7), cr=10c5387d
[    0.000000] CPU: PIPT / VIPT nonaliasing data cache, PIPT instruction cache
[    0.000000] Machine model: linux,dummy-virt
[    0.000000] debug: ignoring loglevel setting.
[    0.000000] Memory policy: Data cache writeback
[    0.000000] On node 0 totalpages: 65536
[    0.000000] free_area_init_node: node 0, pgdat c061dfe8, node_mem_map cfdf9000
[    0.000000]   Normal zone: 512 pages used for memmap
[    0.000000]   Normal zone: 0 pages reserved
[    0.000000]   Normal zone: 65536 pages, LIFO batch:15
[    0.000000] CPU: All CPU(s) started in SVC mode.
[    0.000000] pcpu-alloc: s0 r0 d32768 u32768 alloc=1*32768
[    0.000000] pcpu-alloc: [0] 0 
[    0.000000] Built 1 zonelists in Zone order, mobility grouping on.  Total pages: 65024
[    0.000000] Kernel command line: root=/dev/vda1 console=ttyS0 nandsim.parts=64,64,64,64,64,64,64,64,64,64 rdinit=/firmadyne/preInit.sh rw debug ignore_loglevel print-fatal-signals=1 user_debug=31 firmadyne.syscall=0
[    0.000000] PID hash table entries: 1024 (order: 0, 4096 bytes)
[    0.000000] Dentry cache hash table entries: 32768 (order: 5, 131072 bytes)
[    0.000000] Inode-cache hash table entries: 16384 (order: 4, 65536 bytes)
[    0.000000] Memory: 253344K/262144K available (4297K kernel code, 170K rwdata, 1584K rodata, 180K init, 148K bss, 8800K reserved, 0K cma-reserved)
[    0.000000] Virtual kernel memory layout:
[    0.000000]     vector  : 0xffff0000 - 0xffff1000   (   4 kB)
[    0.000000]     fixmap  : 0xffc00000 - 0xfff00000   (3072 kB)
[    0.000000]     vmalloc : 0xd0800000 - 0xff000000   ( 744 MB)
[    0.000000]     lowmem  : 0xc0000000 - 0xd0000000   ( 256 MB)
[    0.000000]     modules : 0xbf000000 - 0xc0000000   (  16 MB)
[    0.000000]       .text : 0xc0008000 - 0xc05c67bc   (5882 kB)
[    0.000000]       .init : 0xc05c7000 - 0xc05f4000   ( 180 kB)
[    0.000000]       .data : 0xc05f4000 - 0xc061e840   ( 171 kB)
[    0.000000]        .bss : 0xc0621000 - 0xc06462d4   ( 149 kB)
[    0.000000] NR_IRQS:16 nr_irqs:16 16
[    0.000000] Architected cp15 timer(s) running at 62.50MHz (virt).
[    0.000000] clocksource arch_sys_counter: mask: 0xffffffffffffff max_cycles: 0x1cd42e208c, max_idle_ns: 881590405314 ns
[    0.000126] sched_clock: 56 bits at 62MHz, resolution 16ns, wraps every 4398046511096ns
[    0.000238] Switching to timer-based delay loop, resolution 16ns
[    0.002834] Console: colour dummy device 80x30
[    0.003102] Calibrating delay loop (skipped), value calculated using timer frequency.. 125.00 BogoMIPS (lpj=625000)
[    0.003206] pid_max: default: 32768 minimum: 301
[    0.003973] Mount-cache hash table entries: 1024 (order: 0, 4096 bytes)
[    0.004004] Mountpoint-cache hash table entries: 1024 (order: 0, 4096 bytes)
[    0.011785] CPU: Testing write buffer coherency: ok
[    0.016942] Setting up static identity map for 0x40008240 - 0x40008298
[    0.030496] VFP support v0.3: implementor 41 architecture 4 part 30 variant f rev 0
[    0.040672] clocksource jiffies: mask: 0xffffffff max_cycles: 0xffffffff, max_idle_ns: 19112604462750000 ns
[    0.048359] NET: Registered protocol family 16
[    0.050930] DMA: preallocated 256 KiB pool for atomic coherent allocations
[    0.054428] cpuidle: using governor ladder
[    0.054557] cpuidle: using governor menu
[    0.057450] genirq: Setting trigger mode 1 for irq 20 failed (gic_set_type+0x0/0x48)
[    0.058936] genirq: Setting trigger mode 1 for irq 21 failed (gic_set_type+0x0/0x48)
[    0.059223] genirq: Setting trigger mode 1 for irq 22 failed (gic_set_type+0x0/0x48)
[    0.059497] genirq: Setting trigger mode 1 for irq 23 failed (gic_set_type+0x0/0x48)
[    0.059763] genirq: Setting trigger mode 1 for irq 24 failed (gic_set_type+0x0/0x48)
[    0.060010] genirq: Setting trigger mode 1 for irq 25 failed (gic_set_type+0x0/0x48)
[    0.060276] genirq: Setting trigger mode 1 for irq 26 failed (gic_set_type+0x0/0x48)
[    0.060521] genirq: Setting trigger mode 1 for irq 27 failed (gic_set_type+0x0/0x48)
[    0.060859] genirq: Setting trigger mode 1 for irq 28 failed (gic_set_type+0x0/0x48)
[    0.061121] genirq: Setting trigger mode 1 for irq 29 failed (gic_set_type+0x0/0x48)
[    0.061375] genirq: Setting trigger mode 1 for irq 30 failed (gic_set_type+0x0/0x48)
[    0.061628] genirq: Setting trigger mode 1 for irq 31 failed (gic_set_type+0x0/0x48)
[    0.061859] genirq: Setting trigger mode 1 for irq 32 failed (gic_set_type+0x0/0x48)
[    0.062131] genirq: Setting trigger mode 1 for irq 33 failed (gic_set_type+0x0/0x48)
[    0.062410] genirq: Setting trigger mode 1 for irq 34 failed (gic_set_type+0x0/0x48)
[    0.062649] genirq: Setting trigger mode 1 for irq 35 failed (gic_set_type+0x0/0x48)
[    0.062888] genirq: Setting trigger mode 1 for irq 36 failed (gic_set_type+0x0/0x48)
[    0.063228] genirq: Setting trigger mode 1 for irq 37 failed (gic_set_type+0x0/0x48)
[    0.063685] genirq: Setting trigger mode 1 for irq 38 failed (gic_set_type+0x0/0x48)
[    0.063940] genirq: Setting trigger mode 1 for irq 39 failed (gic_set_type+0x0/0x48)
[    0.064195] genirq: Setting trigger mode 1 for irq 40 failed (gic_set_type+0x0/0x48)
[    0.064460] genirq: Setting trigger mode 1 for irq 41 failed (gic_set_type+0x0/0x48)
[    0.064716] genirq: Setting trigger mode 1 for irq 42 failed (gic_set_type+0x0/0x48)
[    0.064965] genirq: Setting trigger mode 1 for irq 43 failed (gic_set_type+0x0/0x48)
[    0.065238] genirq: Setting trigger mode 1 for irq 44 failed (gic_set_type+0x0/0x48)
[    0.065518] genirq: Setting trigger mode 1 for irq 45 failed (gic_set_type+0x0/0x48)
[    0.065766] genirq: Setting trigger mode 1 for irq 46 failed (gic_set_type+0x0/0x48)
[    0.066050] genirq: Setting trigger mode 1 for irq 47 failed (gic_set_type+0x0/0x48)
[    0.066375] genirq: Setting trigger mode 1 for irq 48 failed (gic_set_type+0x0/0x48)
[    0.066639] genirq: Setting trigger mode 1 for irq 49 failed (gic_set_type+0x0/0x48)
[    0.066880] genirq: Setting trigger mode 1 for irq 50 failed (gic_set_type+0x0/0x48)
[    0.067117] genirq: Setting trigger mode 1 for irq 51 failed (gic_set_type+0x0/0x48)
[    0.067562] genirq: Setting trigger mode 1 for irq 52 failed (gic_set_type+0x0/0x48)
[    0.070664] Serial: AMBA PL011 UART driver
[    0.072355] 9000000.pl011: ttyS0 at MMIO 0x9000000 (irq = 52, base_baud = 0) is a PL011 rev1
[    0.136358] console [ttyS0] enabled
[    0.156126] vgaarb: loaded
[    0.157926] SCSI subsystem initialized
[    0.159531] usbcore: registered new interface driver usbfs
[    0.160794] usbcore: registered new interface driver hub
[    0.162022] usbcore: registered new device driver usb
[    0.170515] cfg80211: Calling CRDA to update world regulatory domain
[    0.173852] Switched to clocksource arch_sys_counter
[    0.187496] NET: Registered protocol family 2
[    0.192391] TCP established hash table entries: 2048 (order: 1, 8192 bytes)
[    0.195035] TCP bind hash table entries: 2048 (order: 1, 8192 bytes)
[    0.196423] TCP: Hash tables configured (established 2048 bind 2048)
[    0.197973] UDP hash table entries: 256 (order: 0, 4096 bytes)
[    0.199211] UDP-Lite hash table entries: 256 (order: 0, 4096 bytes)
[    0.201480] NET: Registered protocol family 1
[    0.202733] PCI: CLS 0 bytes, default 64
[    0.209936] NetWinder Floating Point Emulator V0.97 (extended precision)
[    0.213371] futex hash table entries: 256 (order: -1, 3072 bytes)
[    0.219126] squashfs: version 4.0 (2009/01/31) Phillip Lougher
[    0.221398] jffs2: version 2.2. (NAND) Â© 2001-2006 Red Hat, Inc.
[    0.223219] romfs: ROMFS MTD (C) 2007 Red Hat, Inc.
[    0.231249] Block layer SCSI generic (bsg) driver version 0.4 loaded (major 253)
[    0.232810] io scheduler noop registered
[    0.233970] io scheduler cfq registered (default)
[    0.235447] firmadyne: devfs: 1, execute: 1, procfs: 1, syscall: 0
[    0.237669] ------------[ cut here ]------------
[    0.238639] WARNING: CPU: 0 PID: 1 at /home/vagrant/firmadyne-kernel/kernel-v4.1/fs/sysfs/dir.c:31 sysfs_warn_dup+0x50/0x6c()
[    0.240647] sysfs: cannot create duplicate filename '/class/gpio'
[    0.241771] Modules linked in:
[    0.242693] CPU: 0 PID: 1 Comm: swapper Not tainted 4.1.17+ #1
[    0.244062] Hardware name: Generic DT based system
[    0.245542] [<c001c99c>] (unwind_backtrace) from [<c0019d30>] (show_stack+0x10/0x14)
[    0.247110] [<c0019d30>] (show_stack) from [<c0024ab4>] (warn_slowpath_common+0x80/0xa8)
[    0.248623] [<c0024ab4>] (warn_slowpath_common) from [<c0024b08>] (warn_slowpath_fmt+0x2c/0x3c)
[    0.250267] [<c0024b08>] (warn_slowpath_fmt) from [<c00e363c>] (sysfs_warn_dup+0x50/0x6c)
[    0.251742] [<c00e363c>] (sysfs_warn_dup) from [<c00e3714>] (sysfs_create_dir_ns+0x74/0x84)
[    0.253227] [<c00e3714>] (sysfs_create_dir_ns) from [<c018e6ac>] (kobject_add_internal+0xb8/0x2ac)
[    0.254829] [<c018e6ac>] (kobject_add_internal) from [<c018e9a8>] (kset_register+0x1c/0x44)
[    0.255955] [<c018e9a8>] (kset_register) from [<c02090b4>] (__class_register+0xa8/0x198)
[    0.256788] [<c02090b4>] (__class_register) from [<c02091e4>] (__class_create+0x40/0x70)
[    0.257527] [<c02091e4>] (__class_create) from [<c01adf68>] (register_devfs_stubs+0x314/0xbb4)
[    0.258390] [<c01adf68>] (register_devfs_stubs) from [<c05d9b08>] (init_module+0x28/0xa4)
[    0.259260] [<c05d9b08>] (init_module) from [<c0009670>] (do_one_initcall+0x104/0x1b4)
[    0.260111] [<c0009670>] (do_one_initcall) from [<c05c7d08>] (kernel_init_freeable+0xf0/0x1b0)
[    0.261084] [<c05c7d08>] (kernel_init_freeable) from [<c040f28c>] (kernel_init+0x8/0xe4)
[    0.261724] [<c040f28c>] (kernel_init) from [<c0016da8>] (ret_from_fork+0x14/0x2c)
[    0.262655] ---[ end trace c9e9268fc867da45 ]---
[    0.263806] ------------[ cut here ]------------
[    0.264668] WARNING: CPU: 0 PID: 1 at /home/vagrant/firmadyne-kernel/kernel-v4.1/lib/kobject.c:240 kobject_add_internal+0x240/0x2ac()
[    0.265526] kobject_add_internal failed for gpio with -EEXIST, don't try to register things with the same name in the same directory.
[    0.266709] Modules linked in:
[    0.267311] CPU: 0 PID: 1 Comm: swapper Tainted: G        W       4.1.17+ #1
[    0.268045] Hardware name: Generic DT based system
[    0.268431] [<c001c99c>] (unwind_backtrace) from [<c0019d30>] (show_stack+0x10/0x14)
[    0.269133] [<c0019d30>] (show_stack) from [<c0024ab4>] (warn_slowpath_common+0x80/0xa8)
[    0.270117] [<c0024ab4>] (warn_slowpath_common) from [<c0024b08>] (warn_slowpath_fmt+0x2c/0x3c)
[    0.270972] [<c0024b08>] (warn_slowpath_fmt) from [<c018e834>] (kobject_add_internal+0x240/0x2ac)
[    0.271789] [<c018e834>] (kobject_add_internal) from [<c018e9a8>] (kset_register+0x1c/0x44)
[    0.272533] [<c018e9a8>] (kset_register) from [<c02090b4>] (__class_register+0xa8/0x198)
[    0.273396] [<c02090b4>] (__class_register) from [<c02091e4>] (__class_create+0x40/0x70)
[    0.274624] [<c02091e4>] (__class_create) from [<c01adf68>] (register_devfs_stubs+0x314/0xbb4)
[    0.275664] [<c01adf68>] (register_devfs_stubs) from [<c05d9b08>] (init_module+0x28/0xa4)
[    0.276442] [<c05d9b08>] (init_module) from [<c0009670>] (do_one_initcall+0x104/0x1b4)
[    0.277076] [<c0009670>] (do_one_initcall) from [<c05c7d08>] (kernel_init_freeable+0xf0/0x1b0)
[    0.277898] [<c05c7d08>] (kernel_init_freeable) from [<c040f28c>] (kernel_init+0x8/0xe4)
[    0.278970] [<c040f28c>] (kernel_init) from [<c0016da8>] (ret_from_fork+0x14/0x2c)
[    0.279730] ---[ end trace c9e9268fc867da46 ]---
[    0.280285] firmadyne: Cannot create device class: gpio!
[    0.282365] firmadyne: Cannot register character device: watchdog, 0xa, 0x82!
[    0.283974] firmadyne: Cannot register character device: wdt, 0xfd, 0x0!
[    0.380540] Non-volatile memory driver v1.3
[    0.401188] brd: module loaded
[    0.409956] loop: module loaded
[    0.420054]  vda: vda1
[    0.424763] [nandsim] warning: read_byte: unexpected data output cycle, state is STATE_READY return 0x0
[    0.426568] [nandsim] warning: read_byte: unexpected data output cycle, state is STATE_READY return 0x0
[    0.428223] [nandsim] warning: read_byte: unexpected data output cycle, state is STATE_READY return 0x0
[    0.429914] [nandsim] warning: read_byte: unexpected data output cycle, state is STATE_READY return 0x0
[    0.431592] [nandsim] warning: read_byte: unexpected data output cycle, state is STATE_READY return 0x0
[    0.433237] [nandsim] warning: read_byte: unexpected data output cycle, state is STATE_READY return 0x0
[    0.434899] nand: device found, Manufacturer ID: 0x98, Chip ID: 0x39
[    0.436083] nand: Toshiba NAND 128MiB 1,8V 8-bit
[    0.436826] nand: 128 MiB, SLC, erase size: 16 KiB, page size: 512, OOB size: 16
[    0.438361] flash size: 128 MiB
[    0.438998] page size: 512 bytes
[    0.439584] OOB area size: 16 bytes
[    0.440242] sector size: 16 KiB
[    0.440819] pages number: 262144
[    0.441430] pages per sector: 32
[    0.442066] bus width: 8
[    0.442536] bits in sector size: 14
[    0.442894] bits in page size: 9
[    0.443336] bits in OOB size: 4
[    0.443885] flash size with OOB: 135168 KiB
[    0.444542] page address bytes: 4
[    0.444823] sector address bytes: 3
[    0.445334] options: 0x42
[    0.450091] Scanning device for bad blocks
[    0.560333] Creating 11 MTD partitions on "NAND 128MiB 1,8V 8-bit":
[    0.561822] 0x000000000000-0x000000100000 : "NAND simulator partition 0"
[    0.566125] 0x000000100000-0x000000200000 : "NAND simulator partition 1"
[    0.568640] 0x000000200000-0x000000300000 : "NAND simulator partition 2"
[    0.571157] 0x000000300000-0x000000400000 : "NAND simulator partition 3"
[    0.573823] 0x000000400000-0x000000500000 : "NAND simulator partition 4"
[    0.576316] 0x000000500000-0x000000600000 : "NAND simulator partition 5"
[    0.578892] 0x000000600000-0x000000700000 : "NAND simulator partition 6"
[    0.581433] 0x000000700000-0x000000800000 : "NAND simulator partition 7"
[    0.584168] 0x000000800000-0x000000900000 : "NAND simulator partition 8"
[    0.586809] 0x000000900000-0x000000a00000 : "NAND simulator partition 9"
[    0.589274] 0x000000a00000-0x000008000000 : "NAND simulator partition 10"
[    0.594823] tun: Universal TUN/TAP device driver, 1.6
[    0.595818] tun: (C) 1999-2004 Max Krasnyansky <maxk@qualcomm.com>
[    0.610601] PPP generic driver version 2.4.2
[    0.612088] PPP BSD Compression module registered
[    0.613065] PPP Deflate Compression module registered
[    0.614405] PPP MPPE Compression module registered
[    0.615369] NET: Registered protocol family 24
[    0.616404] PPTP driver version 0.8.5
[    0.617769] usbcore: registered new interface driver usb-storage
[    0.620354] hidraw: raw HID events driver (C) Jiri Kosina
[    0.621810] usbcore: registered new interface driver usbhid
[    0.622876] usbhid: USB HID core driver
[    0.624260] Netfilter messages via NETLINK v0.30.
[    0.625682] nf_conntrack version 0.5.0 (3958 buckets, 15832 max)
[    0.627972] ctnetlink v0.93: registering with nfnetlink.
[    0.630244] ipip: IPv4 over IPv4 tunneling driver
[    0.632866] gre: GRE over IPv4 demultiplexor driver
[    0.634111] ip_gre: GRE over IPv4 tunneling driver
[    0.639126] ip_tables: (C) 2000-2006 Netfilter Core Team
[    0.641623] arp_tables: (C) 2002 David S. Miller
[    0.643730] Initializing XFRM netlink socket
[    0.645014] NET: Registered protocol family 10
[    0.651550] ip6_tables: (C) 2000-2006 Netfilter Core Team
[    0.654248] sit: IPv6 over IPv4 tunneling driver
[    0.658434] NET: Registered protocol family 17
[    0.659840] bridge: automatic filtering via arp/ip/ip6tables has been deprecated. Update your scripts to load br_netfilter if you need this.
[    0.662203] Bridge firewalling registered
[    0.663067] Ebtables v2.0 registered
[    0.664990] 8021q: 802.1Q VLAN Support v1.8
[    0.666435] Registering SWP/SWPB emulation handler
[    0.669182] hctosys: unable to open rtc device (rtc0)
[    0.679169] EXT4-fs (vda1): couldn't mount as ext3 due to feature incompatibilities
[    0.681885] EXT4-fs (vda1): mounting ext2 file system using the ext4 subsystem
[    0.692719] EXT4-fs (vda1): warning: mounting unchecked fs, running e2fsck is recommended
[    0.696915] EXT4-fs (vda1): mounted filesystem without journal. Opts: (null)
[    0.700262] VFS: Mounted root (ext2 filesystem) on device 254:1.
[    0.706258] Freeing unused kernel memory: 180K (c05c7000 - c05f4000)
[    0.709329] Starting init: /sbin/init exists but couldn't execute it (error -20)
[    0.716545] Starting init: /bin/init exists but couldn't execute it (error -20)
[    0.717963] firmadyne: do_execve: /firmadyne/console
[    0.719003] OFFSETS: offset of pid: 0x190 offset of comm: 0x270
[    0.720135] Starting init: /bin/sh exists but couldn't execute it (error -20)
[    0.721520] Kernel panic - not syncing: No working init found.  Try passing init= option to kernel. See Linux Documentation/init.txt for guidance.
[    0.724020] CPU: 0 PID: 1 Comm: swapper Tainted: G        W       4.1.17+ #1
[    0.725286] Hardware name: Generic DT based system
[    0.726200] [<c001c99c>] (unwind_backtrace) from [<c0019d30>] (show_stack+0x10/0x14)
[    0.727611] [<c0019d30>] (show_stack) from [<c0410b78>] (panic+0x70/0x1c8)
[    0.728303] [<c0410b78>] (panic) from [<c040f33c>] (kernel_init+0xb8/0xe4)
[    0.728847] [<c040f33c>] (kernel_init) from [<c0016da8>] (ret_from_fork+0x14/0x2c)
[    0.729976] ---[ end Kernel panic - not syncing: No working init found.  Try passing init= option to kernel. See Linux Documentation/init.txt for guidance.
