[    0.000000] Booting Linux on physical CPU 0x0
[    0.000000] Linux version 4.1.17+ (vagrant@vagrant-ubuntu-trusty-64) (gcc version 5.3.0 (GCC) ) #1 Thu Feb 18 01:05:21 UTC 2016
[    0.000000] CPU: ARMv7 Processor [412fc0f1] revision 1 (ARMv7), cr=10c5387d
[    0.000000] CPU: PIPT / VIPT nonaliasing data cache, PIPT instruction cache
[    0.000000] Machine model: linux,dummy-virt
[    0.000000] debug: ignoring loglevel setting.
[    0.000000] Memory policy: Data cache writeback
[    0.000000] On node 0 totalpages: 65536
[    0.000000] free_area_init_node: node 0, pgdat c061dfe8, node_mem_map cfdf9000
[    0.000000]   Normal zone: 512 pages used for memmap
[    0.000000]   Normal zone: 0 pages reserved
[    0.000000]   Normal zone: 65536 pages, LIFO batch:15
[    0.000000] CPU: All CPU(s) started in SVC mode.
[    0.000000] pcpu-alloc: s0 r0 d32768 u32768 alloc=1*32768
[    0.000000] pcpu-alloc: [0] 0 
[    0.000000] Built 1 zonelists in Zone order, mobility grouping on.  Total pages: 65024
[    0.000000] Kernel command line: root=/dev/vda1 console=ttyS0 nandsim.parts=64,64,64,64,64,64,64,64,64,64 rdinit=/firmadyne/preInit.sh rw debug ignore_loglevel print-fatal-signals=1 user_debug=31 firmadyne.syscall=0
[    0.000000] PID hash table entries: 1024 (order: 0, 4096 bytes)
[    0.000000] Dentry cache hash table entries: 32768 (order: 5, 131072 bytes)
[    0.000000] Inode-cache hash table entries: 16384 (order: 4, 65536 bytes)
[    0.000000] Memory: 253344K/262144K available (4297K kernel code, 170K rwdata, 1584K rodata, 180K init, 148K bss, 8800K reserved, 0K cma-reserved)
[    0.000000] Virtual kernel memory layout:
[    0.000000]     vector  : 0xffff0000 - 0xffff1000   (   4 kB)
[    0.000000]     fixmap  : 0xffc00000 - 0xfff00000   (3072 kB)
[    0.000000]     vmalloc : 0xd0800000 - 0xff000000   ( 744 MB)
[    0.000000]     lowmem  : 0xc0000000 - 0xd0000000   ( 256 MB)
[    0.000000]     modules : 0xbf000000 - 0xc0000000   (  16 MB)
[    0.000000]       .text : 0xc0008000 - 0xc05c67bc   (5882 kB)
[    0.000000]       .init : 0xc05c7000 - 0xc05f4000   ( 180 kB)
[    0.000000]       .data : 0xc05f4000 - 0xc061e840   ( 171 kB)
[    0.000000]        .bss : 0xc0621000 - 0xc06462d4   ( 149 kB)
[    0.000000] NR_IRQS:16 nr_irqs:16 16
[    0.000000] Architected cp15 timer(s) running at 62.50MHz (virt).
[    0.000000] clocksource arch_sys_counter: mask: 0xffffffffffffff max_cycles: 0x1cd42e208c, max_idle_ns: 881590405314 ns
[    0.000127] sched_clock: 56 bits at 62MHz, resolution 16ns, wraps every 4398046511096ns
[    0.000230] Switching to timer-based delay loop, resolution 16ns
[    0.002813] Console: colour dummy device 80x30
[    0.003093] Calibrating delay loop (skipped), value calculated using timer frequency.. 125.00 BogoMIPS (lpj=625000)
[    0.003201] pid_max: default: 32768 minimum: 301
[    0.003947] Mount-cache hash table entries: 1024 (order: 0, 4096 bytes)
[    0.003977] Mountpoint-cache hash table entries: 1024 (order: 0, 4096 bytes)
[    0.011662] CPU: Testing write buffer coherency: ok
[    0.016812] Setting up static identity map for 0x40008240 - 0x40008298
[    0.030476] VFP support v0.3: implementor 41 architecture 4 part 30 variant f rev 0
[    0.040519] clocksource jiffies: mask: 0xffffffff max_cycles: 0xffffffff, max_idle_ns: 19112604462750000 ns
[    0.048134] NET: Registered protocol family 16
[    0.050695] DMA: preallocated 256 KiB pool for atomic coherent allocations
[    0.054175] cpuidle: using governor ladder
[    0.054307] cpuidle: using governor menu
[    0.057237] genirq: Setting trigger mode 1 for irq 20 failed (gic_set_type+0x0/0x48)
[    0.058733] genirq: Setting trigger mode 1 for irq 21 failed (gic_set_type+0x0/0x48)
[    0.059011] genirq: Setting trigger mode 1 for irq 22 failed (gic_set_type+0x0/0x48)
[    0.059276] genirq: Setting trigger mode 1 for irq 23 failed (gic_set_type+0x0/0x48)
[    0.059539] genirq: Setting trigger mode 1 for irq 24 failed (gic_set_type+0x0/0x48)
[    0.059788] genirq: Setting trigger mode 1 for irq 25 failed (gic_set_type+0x0/0x48)
[    0.060041] genirq: Setting trigger mode 1 for irq 26 failed (gic_set_type+0x0/0x48)
[    0.060283] genirq: Setting trigger mode 1 for irq 27 failed (gic_set_type+0x0/0x48)
[    0.060620] genirq: Setting trigger mode 1 for irq 28 failed (gic_set_type+0x0/0x48)
[    0.060873] genirq: Setting trigger mode 1 for irq 29 failed (gic_set_type+0x0/0x48)
[    0.061120] genirq: Setting trigger mode 1 for irq 30 failed (gic_set_type+0x0/0x48)
[    0.061372] genirq: Setting trigger mode 1 for irq 31 failed (gic_set_type+0x0/0x48)
[    0.061604] genirq: Setting trigger mode 1 for irq 32 failed (gic_set_type+0x0/0x48)
[    0.061868] genirq: Setting trigger mode 1 for irq 33 failed (gic_set_type+0x0/0x48)
[    0.062116] genirq: Setting trigger mode 1 for irq 34 failed (gic_set_type+0x0/0x48)
[    0.062372] genirq: Setting trigger mode 1 for irq 35 failed (gic_set_type+0x0/0x48)
[    0.062610] genirq: Setting trigger mode 1 for irq 36 failed (gic_set_type+0x0/0x48)
[    0.062849] genirq: Setting trigger mode 1 for irq 37 failed (gic_set_type+0x0/0x48)
[    0.063149] genirq: Setting trigger mode 1 for irq 38 failed (gic_set_type+0x0/0x48)
[    0.063614] genirq: Setting trigger mode 1 for irq 39 failed (gic_set_type+0x0/0x48)
[    0.063886] genirq: Setting trigger mode 1 for irq 40 failed (gic_set_type+0x0/0x48)
[    0.064156] genirq: Setting trigger mode 1 for irq 41 failed (gic_set_type+0x0/0x48)
[    0.064412] genirq: Setting trigger mode 1 for irq 42 failed (gic_set_type+0x0/0x48)
[    0.064695] genirq: Setting trigger mode 1 for irq 43 failed (gic_set_type+0x0/0x48)
[    0.064986] genirq: Setting trigger mode 1 for irq 44 failed (gic_set_type+0x0/0x48)
[    0.065254] genirq: Setting trigger mode 1 for irq 45 failed (gic_set_type+0x0/0x48)
[    0.065499] genirq: Setting trigger mode 1 for irq 46 failed (gic_set_type+0x0/0x48)
[    0.065810] genirq: Setting trigger mode 1 for irq 47 failed (gic_set_type+0x0/0x48)
[    0.066090] genirq: Setting trigger mode 1 for irq 48 failed (gic_set_type+0x0/0x48)
[    0.066364] genirq: Setting trigger mode 1 for irq 49 failed (gic_set_type+0x0/0x48)
[    0.066604] genirq: Setting trigger mode 1 for irq 50 failed (gic_set_type+0x0/0x48)
[    0.066841] genirq: Setting trigger mode 1 for irq 51 failed (gic_set_type+0x0/0x48)
[    0.067270] genirq: Setting trigger mode 1 for irq 52 failed (gic_set_type+0x0/0x48)
[    0.070362] Serial: AMBA PL011 UART driver
[    0.072037] 9000000.pl011: ttyS0 at MMIO 0x9000000 (irq = 52, base_baud = 0) is a PL011 rev1
[    0.131112] console [ttyS0] enabled
[    0.150667] vgaarb: loaded
[    0.152497] SCSI subsystem initialized
[    0.154104] usbcore: registered new interface driver usbfs
[    0.155392] usbcore: registered new interface driver hub
[    0.156609] usbcore: registered new device driver usb
[    0.165130] cfg80211: Calling CRDA to update world regulatory domain
[    0.168275] Switched to clocksource arch_sys_counter
[    0.188654] NET: Registered protocol family 2
[    0.193587] TCP established hash table entries: 2048 (order: 1, 8192 bytes)
[    0.195083] TCP bind hash table entries: 2048 (order: 1, 8192 bytes)
[    0.196423] TCP: Hash tables configured (established 2048 bind 2048)
[    0.198225] UDP hash table entries: 256 (order: 0, 4096 bytes)
[    0.199485] UDP-Lite hash table entries: 256 (order: 0, 4096 bytes)
[    0.201800] NET: Registered protocol family 1
[    0.203059] PCI: CLS 0 bytes, default 64
[    0.209975] NetWinder Floating Point Emulator V0.97 (extended precision)
[    0.213297] futex hash table entries: 256 (order: -1, 3072 bytes)
[    0.219145] squashfs: version 4.0 (2009/01/31) Phillip Lougher
[    0.221467] jffs2: version 2.2. (NAND) Â© 2001-2006 Red Hat, Inc.
[    0.223280] romfs: ROMFS MTD (C) 2007 Red Hat, Inc.
[    0.231416] Block layer SCSI generic (bsg) driver version 0.4 loaded (major 253)
[    0.232984] io scheduler noop registered
[    0.233896] io scheduler cfq registered (default)
[    0.235373] firmadyne: devfs: 1, execute: 1, procfs: 1, syscall: 0
[    0.237628] ------------[ cut here ]------------
[    0.238840] WARNING: CPU: 0 PID: 1 at /home/vagrant/firmadyne-kernel/kernel-v4.1/fs/sysfs/dir.c:31 sysfs_warn_dup+0x50/0x6c()
[    0.240886] sysfs: cannot create duplicate filename '/class/gpio'
[    0.242019] Modules linked in:
[    0.242896] CPU: 0 PID: 1 Comm: swapper Not tainted 4.1.17+ #1
[    0.243952] Hardware name: Generic DT based system
[    0.245427] [<c001c99c>] (unwind_backtrace) from [<c0019d30>] (show_stack+0x10/0x14)
[    0.246991] [<c0019d30>] (show_stack) from [<c0024ab4>] (warn_slowpath_common+0x80/0xa8)
[    0.248728] [<c0024ab4>] (warn_slowpath_common) from [<c0024b08>] (warn_slowpath_fmt+0x2c/0x3c)
[    0.250395] [<c0024b08>] (warn_slowpath_fmt) from [<c00e363c>] (sysfs_warn_dup+0x50/0x6c)
[    0.251862] [<c00e363c>] (sysfs_warn_dup) from [<c00e3714>] (sysfs_create_dir_ns+0x74/0x84)
[    0.253378] [<c00e3714>] (sysfs_create_dir_ns) from [<c018e6ac>] (kobject_add_internal+0xb8/0x2ac)
[    0.254323] [<c018e6ac>] (kobject_add_internal) from [<c018e9a8>] (kset_register+0x1c/0x44)
[    0.255009] [<c018e9a8>] (kset_register) from [<c02090b4>] (__class_register+0xa8/0x198)
[    0.255801] [<c02090b4>] (__class_register) from [<c02091e4>] (__class_create+0x40/0x70)
[    0.256620] [<c02091e4>] (__class_create) from [<c01adf68>] (register_devfs_stubs+0x314/0xbb4)
[    0.257504] [<c01adf68>] (register_devfs_stubs) from [<c05d9b08>] (init_module+0x28/0xa4)
[    0.258493] [<c05d9b08>] (init_module) from [<c0009670>] (do_one_initcall+0x104/0x1b4)
[    0.259474] [<c0009670>] (do_one_initcall) from [<c05c7d08>] (kernel_init_freeable+0xf0/0x1b0)
[    0.260234] [<c05c7d08>] (kernel_init_freeable) from [<c040f28c>] (kernel_init+0x8/0xe4)
[    0.261242] [<c040f28c>] (kernel_init) from [<c0016da8>] (ret_from_fork+0x14/0x2c)
[    0.262102] ---[ end trace e00f945fcd6fdd9d ]---
[    0.262809] ------------[ cut here ]------------
[    0.263478] WARNING: CPU: 0 PID: 1 at /home/vagrant/firmadyne-kernel/kernel-v4.1/lib/kobject.c:240 kobject_add_internal+0x240/0x2ac()
[    0.264581] kobject_add_internal failed for gpio with -EEXIST, don't try to register things with the same name in the same directory.
[    0.265641] Modules linked in:
[    0.265966] CPU: 0 PID: 1 Comm: swapper Tainted: G        W       4.1.17+ #1
[    0.266875] Hardware name: Generic DT based system
[    0.267147] [<c001c99c>] (unwind_backtrace) from [<c0019d30>] (show_stack+0x10/0x14)
[    0.267967] [<c0019d30>] (show_stack) from [<c0024ab4>] (warn_slowpath_common+0x80/0xa8)
[    0.269257] [<c0024ab4>] (warn_slowpath_common) from [<c0024b08>] (warn_slowpath_fmt+0x2c/0x3c)
[    0.270353] [<c0024b08>] (warn_slowpath_fmt) from [<c018e834>] (kobject_add_internal+0x240/0x2ac)
[    0.271153] [<c018e834>] (kobject_add_internal) from [<c018e9a8>] (kset_register+0x1c/0x44)
[    0.272009] [<c018e9a8>] (kset_register) from [<c02090b4>] (__class_register+0xa8/0x198)
[    0.272753] [<c02090b4>] (__class_register) from [<c02091e4>] (__class_create+0x40/0x70)
[    0.273499] [<c02091e4>] (__class_create) from [<c01adf68>] (register_devfs_stubs+0x314/0xbb4)
[    0.274710] [<c01adf68>] (register_devfs_stubs) from [<c05d9b08>] (init_module+0x28/0xa4)
[    0.275500] [<c05d9b08>] (init_module) from [<c0009670>] (do_one_initcall+0x104/0x1b4)
[    0.276366] [<c0009670>] (do_one_initcall) from [<c05c7d08>] (kernel_init_freeable+0xf0/0x1b0)
[    0.277062] [<c05c7d08>] (kernel_init_freeable) from [<c040f28c>] (kernel_init+0x8/0xe4)
[    0.277807] [<c040f28c>] (kernel_init) from [<c0016da8>] (ret_from_fork+0x14/0x2c)
[    0.278956] ---[ end trace e00f945fcd6fdd9e ]---
[    0.279776] firmadyne: Cannot create device class: gpio!
[    0.281809] firmadyne: Cannot register character device: watchdog, 0xa, 0x82!
[    0.283607] firmadyne: Cannot register character device: wdt, 0xfd, 0x0!
[    0.379756] Non-volatile memory driver v1.3
[    0.406177] brd: module loaded
[    0.415123] loop: module loaded
[    0.426040]  vda: vda1
[    0.430866] [nandsim] warning: read_byte: unexpected data output cycle, state is STATE_READY return 0x0
[    0.432630] [nandsim] warning: read_byte: unexpected data output cycle, state is STATE_READY return 0x0
[    0.434312] [nandsim] warning: read_byte: unexpected data output cycle, state is STATE_READY return 0x0
[    0.435989] [nandsim] warning: read_byte: unexpected data output cycle, state is STATE_READY return 0x0
[    0.437634] [nandsim] warning: read_byte: unexpected data output cycle, state is STATE_READY return 0x0
[    0.439575] [nandsim] warning: read_byte: unexpected data output cycle, state is STATE_READY return 0x0
[    0.440760] nand: device found, Manufacturer ID: 0x98, Chip ID: 0x39
[    0.441954] nand: Toshiba NAND 128MiB 1,8V 8-bit
[    0.442616] nand: 128 MiB, SLC, erase size: 16 KiB, page size: 512, OOB size: 16
[    0.443934] flash size: 128 MiB
[    0.444556] page size: 512 bytes
[    0.445135] OOB area size: 16 bytes
[    0.445810] sector size: 16 KiB
[    0.446389] pages number: 262144
[    0.446974] pages per sector: 32
[    0.447554] bus width: 8
[    0.448255] bits in sector size: 14
[    0.448742] bits in page size: 9
[    0.448896] bits in OOB size: 4
[    0.449470] flash size with OOB: 135168 KiB
[    0.449800] page address bytes: 4
[    0.450331] sector address bytes: 3
[    0.450580] options: 0x42
[    0.456075] Scanning device for bad blocks
[    0.570069] Creating 11 MTD partitions on "NAND 128MiB 1,8V 8-bit":
[    0.572221] 0x000000000000-0x000000100000 : "NAND simulator partition 0"
[    0.576435] 0x000000100000-0x000000200000 : "NAND simulator partition 1"
[    0.579298] 0x000000200000-0x000000300000 : "NAND simulator partition 2"
[    0.581853] 0x000000300000-0x000000400000 : "NAND simulator partition 3"
[    0.584324] 0x000000400000-0x000000500000 : "NAND simulator partition 4"
[    0.586820] 0x000000500000-0x000000600000 : "NAND simulator partition 5"
[    0.589963] 0x000000600000-0x000000700000 : "NAND simulator partition 6"
[    0.592465] 0x000000700000-0x000000800000 : "NAND simulator partition 7"
[    0.595047] 0x000000800000-0x000000900000 : "NAND simulator partition 8"
[    0.597668] 0x000000900000-0x000000a00000 : "NAND simulator partition 9"
[    0.600473] 0x000000a00000-0x000008000000 : "NAND simulator partition 10"
[    0.605838] tun: Universal TUN/TAP device driver, 1.6
[    0.606841] tun: (C) 1999-2004 Max Krasnyansky <maxk@qualcomm.com>
[    0.623657] PPP generic driver version 2.4.2
[    0.625202] PPP BSD Compression module registered
[    0.626208] PPP Deflate Compression module registered
[    0.627276] PPP MPPE Compression module registered
[    0.628467] NET: Registered protocol family 24
[    0.629582] PPTP driver version 0.8.5
[    0.631053] usbcore: registered new interface driver usb-storage
[    0.633763] hidraw: raw HID events driver (C) Jiri Kosina
[    0.635245] usbcore: registered new interface driver usbhid
[    0.636280] usbhid: USB HID core driver
[    0.637444] Netfilter messages via NETLINK v0.30.
[    0.639201] nf_conntrack version 0.5.0 (3958 buckets, 15832 max)
[    0.641558] ctnetlink v0.93: registering with nfnetlink.
[    0.643891] ipip: IPv4 over IPv4 tunneling driver
[    0.646689] gre: GRE over IPv4 demultiplexor driver
[    0.647704] ip_gre: GRE over IPv4 tunneling driver
[    0.653092] ip_tables: (C) 2000-2006 Netfilter Core Team
[    0.655633] arp_tables: (C) 2002 David S. Miller
[    0.657544] Initializing XFRM netlink socket
[    0.659153] NET: Registered protocol family 10
[    0.665950] ip6_tables: (C) 2000-2006 Netfilter Core Team
[    0.668769] sit: IPv6 over IPv4 tunneling driver
[    0.673168] NET: Registered protocol family 17
[    0.674679] bridge: automatic filtering via arp/ip/ip6tables has been deprecated. Update your scripts to load br_netfilter if you need this.
[    0.677081] Bridge firewalling registered
[    0.678338] Ebtables v2.0 registered
[    0.680133] 8021q: 802.1Q VLAN Support v1.8
[    0.681546] Registering SWP/SWPB emulation handler
[    0.684471] hctosys: unable to open rtc device (rtc0)
[    0.695300] EXT4-fs (vda1): couldn't mount as ext3 due to feature incompatibilities
[    0.698532] EXT4-fs (vda1): mounting ext2 file system using the ext4 subsystem
[    0.711424] EXT4-fs (vda1): warning: mounting unchecked fs, running e2fsck is recommended
[    0.715614] EXT4-fs (vda1): mounted filesystem without journal. Opts: (null)
[    0.717938] VFS: Mounted root (ext2 filesystem) on device 254:1.
[    0.724175] Freeing unused kernel memory: 180K (c05c7000 - c05f4000)
[    0.727358] Starting init: /sbin/init exists but couldn't execute it (error -20)
[    0.734614] Starting init: /bin/init exists but couldn't execute it (error -20)
[    0.736014] firmadyne: do_execve: /firmadyne/console
[    0.736999] OFFSETS: offset of pid: 0x190 offset of comm: 0x270
[    0.738422] Starting init: /bin/sh exists but couldn't execute it (error -20)
[    0.739820] Kernel panic - not syncing: No working init found.  Try passing init= option to kernel. See Linux Documentation/init.txt for guidance.
[    0.742232] CPU: 0 PID: 1 Comm: swapper Tainted: G        W       4.1.17+ #1
[    0.743491] Hardware name: Generic DT based system
[    0.744450] [<c001c99c>] (unwind_backtrace) from [<c0019d30>] (show_stack+0x10/0x14)
[    0.745878] [<c0019d30>] (show_stack) from [<c0410b78>] (panic+0x70/0x1c8)
[    0.746664] [<c0410b78>] (panic) from [<c040f33c>] (kernel_init+0xb8/0xe4)
[    0.747434] [<c040f33c>] (kernel_init) from [<c0016da8>] (ret_from_fork+0x14/0x2c)
[    0.748729] ---[ end Kernel panic - not syncing: No working init found.  Try passing init= option to kernel. See Linux Documentation/init.txt for guidance.
