[    0.000000] Booting Linux on physical CPU 0x0
[    0.000000] Linux version 4.1.17+ (vagrant@vagrant-ubuntu-trusty-64) (gcc version 5.3.0 (GCC) ) #1 Thu Feb 18 01:05:21 UTC 2016
[    0.000000] CPU: ARMv7 Processor [412fc0f1] revision 1 (ARMv7), cr=10c5387d
[    0.000000] CPU: PIPT / VIPT nonaliasing data cache, PIPT instruction cache
[    0.000000] Machine model: linux,dummy-virt
[    0.000000] debug: ignoring loglevel setting.
[    0.000000] Memory policy: Data cache writeback
[    0.000000] On node 0 totalpages: 65536
[    0.000000] free_area_init_node: node 0, pgdat c061dfe8, node_mem_map cfdf9000
[    0.000000]   Normal zone: 512 pages used for memmap
[    0.000000]   Normal zone: 0 pages reserved
[    0.000000]   Normal zone: 65536 pages, LIFO batch:15
[    0.000000] CPU: All CPU(s) started in SVC mode.
[    0.000000] pcpu-alloc: s0 r0 d32768 u32768 alloc=1*32768
[    0.000000] pcpu-alloc: [0] 0 
[    0.000000] Built 1 zonelists in Zone order, mobility grouping on.  Total pages: 65024
[    0.000000] Kernel command line: root=/dev/vda1 console=ttyS0 nandsim.parts=64,64,64,64,64,64,64,64,64,64 rdinit=/firmadyne/preInit.sh rw debug ignore_loglevel print-fatal-signals=1 user_debug=31 firmadyne.syscall=0
[    0.000000] PID hash table entries: 1024 (order: 0, 4096 bytes)
[    0.000000] Dentry cache hash table entries: 32768 (order: 5, 131072 bytes)
[    0.000000] Inode-cache hash table entries: 16384 (order: 4, 65536 bytes)
[    0.000000] Memory: 253344K/262144K available (4297K kernel code, 170K rwdata, 1584K rodata, 180K init, 148K bss, 8800K reserved, 0K cma-reserved)
[    0.000000] Virtual kernel memory layout:
[    0.000000]     vector  : 0xffff0000 - 0xffff1000   (   4 kB)
[    0.000000]     fixmap  : 0xffc00000 - 0xfff00000   (3072 kB)
[    0.000000]     vmalloc : 0xd0800000 - 0xff000000   ( 744 MB)
[    0.000000]     lowmem  : 0xc0000000 - 0xd0000000   ( 256 MB)
[    0.000000]     modules : 0xbf000000 - 0xc0000000   (  16 MB)
[    0.000000]       .text : 0xc0008000 - 0xc05c67bc   (5882 kB)
[    0.000000]       .init : 0xc05c7000 - 0xc05f4000   ( 180 kB)
[    0.000000]       .data : 0xc05f4000 - 0xc061e840   ( 171 kB)
[    0.000000]        .bss : 0xc0621000 - 0xc06462d4   ( 149 kB)
[    0.000000] NR_IRQS:16 nr_irqs:16 16
[    0.000000] Architected cp15 timer(s) running at 62.50MHz (virt).
[    0.000000] clocksource arch_sys_counter: mask: 0xffffffffffffff max_cycles: 0x1cd42e208c, max_idle_ns: 881590405314 ns
[    0.000107] sched_clock: 56 bits at 62MHz, resolution 16ns, wraps every 4398046511096ns
[    0.000228] Switching to timer-based delay loop, resolution 16ns
[    0.002566] Console: colour dummy device 80x30
[    0.002793] Calibrating delay loop (skipped), value calculated using timer frequency.. 125.00 BogoMIPS (lpj=625000)
[    0.002884] pid_max: default: 32768 minimum: 301
[    0.003506] Mount-cache hash table entries: 1024 (order: 0, 4096 bytes)
[    0.003531] Mountpoint-cache hash table entries: 1024 (order: 0, 4096 bytes)
[    0.008333] CPU: Testing write buffer coherency: ok
[    0.014941] Setting up static identity map for 0x40008240 - 0x40008298
[    0.027839] VFP support v0.3: implementor 41 architecture 4 part 30 variant f rev 0
[    0.037453] clocksource jiffies: mask: 0xffffffff max_cycles: 0xffffffff, max_idle_ns: 19112604462750000 ns
[    0.044638] NET: Registered protocol family 16
[    0.047042] DMA: preallocated 256 KiB pool for atomic coherent allocations
[    0.050027] cpuidle: using governor ladder
[    0.050134] cpuidle: using governor menu
[    0.052644] genirq: Setting trigger mode 1 for irq 20 failed (gic_set_type+0x0/0x48)
[    0.053985] genirq: Setting trigger mode 1 for irq 21 failed (gic_set_type+0x0/0x48)
[    0.054461] genirq: Setting trigger mode 1 for irq 22 failed (gic_set_type+0x0/0x48)
[    0.054737] genirq: Setting trigger mode 1 for irq 23 failed (gic_set_type+0x0/0x48)
[    0.055001] genirq: Setting trigger mode 1 for irq 24 failed (gic_set_type+0x0/0x48)
[    0.055248] genirq: Setting trigger mode 1 for irq 25 failed (gic_set_type+0x0/0x48)
[    0.055483] genirq: Setting trigger mode 1 for irq 26 failed (gic_set_type+0x0/0x48)
[    0.055732] genirq: Setting trigger mode 1 for irq 27 failed (gic_set_type+0x0/0x48)
[    0.056018] genirq: Setting trigger mode 1 for irq 28 failed (gic_set_type+0x0/0x48)
[    0.056271] genirq: Setting trigger mode 1 for irq 29 failed (gic_set_type+0x0/0x48)
[    0.056504] genirq: Setting trigger mode 1 for irq 30 failed (gic_set_type+0x0/0x48)
[    0.056752] genirq: Setting trigger mode 1 for irq 31 failed (gic_set_type+0x0/0x48)
[    0.056983] genirq: Setting trigger mode 1 for irq 32 failed (gic_set_type+0x0/0x48)
[    0.057221] genirq: Setting trigger mode 1 for irq 33 failed (gic_set_type+0x0/0x48)
[    0.057450] genirq: Setting trigger mode 1 for irq 34 failed (gic_set_type+0x0/0x48)
[    0.057668] genirq: Setting trigger mode 1 for irq 35 failed (gic_set_type+0x0/0x48)
[    0.057873] genirq: Setting trigger mode 1 for irq 36 failed (gic_set_type+0x0/0x48)
[    0.058079] genirq: Setting trigger mode 1 for irq 37 failed (gic_set_type+0x0/0x48)
[    0.058318] genirq: Setting trigger mode 1 for irq 38 failed (gic_set_type+0x0/0x48)
[    0.058529] genirq: Setting trigger mode 1 for irq 39 failed (gic_set_type+0x0/0x48)
[    0.058731] genirq: Setting trigger mode 1 for irq 40 failed (gic_set_type+0x0/0x48)
[    0.058939] genirq: Setting trigger mode 1 for irq 41 failed (gic_set_type+0x0/0x48)
[    0.059153] genirq: Setting trigger mode 1 for irq 42 failed (gic_set_type+0x0/0x48)
[    0.059367] genirq: Setting trigger mode 1 for irq 43 failed (gic_set_type+0x0/0x48)
[    0.059586] genirq: Setting trigger mode 1 for irq 44 failed (gic_set_type+0x0/0x48)
[    0.059807] genirq: Setting trigger mode 1 for irq 45 failed (gic_set_type+0x0/0x48)
[    0.060015] genirq: Setting trigger mode 1 for irq 46 failed (gic_set_type+0x0/0x48)
[    0.060295] genirq: Setting trigger mode 1 for irq 47 failed (gic_set_type+0x0/0x48)
[    0.060549] genirq: Setting trigger mode 1 for irq 48 failed (gic_set_type+0x0/0x48)
[    0.060792] genirq: Setting trigger mode 1 for irq 49 failed (gic_set_type+0x0/0x48)
[    0.061029] genirq: Setting trigger mode 1 for irq 50 failed (gic_set_type+0x0/0x48)
[    0.061264] genirq: Setting trigger mode 1 for irq 51 failed (gic_set_type+0x0/0x48)
[    0.061693] genirq: Setting trigger mode 1 for irq 52 failed (gic_set_type+0x0/0x48)
[    0.064649] Serial: AMBA PL011 UART driver
[    0.066304] 9000000.pl011: ttyS0 at MMIO 0x9000000 (irq = 52, base_baud = 0) is a PL011 rev1
[    0.120033] console [ttyS0] enabled
[    0.138472] vgaarb: loaded
[    0.140286] SCSI subsystem initialized
[    0.142007] usbcore: registered new interface driver usbfs
[    0.143257] usbcore: registered new interface driver hub
[    0.144330] usbcore: registered new device driver usb
[    0.151926] cfg80211: Calling CRDA to update world regulatory domain
[    0.154810] Switched to clocksource arch_sys_counter
[    0.168449] NET: Registered protocol family 2
[    0.172689] TCP established hash table entries: 2048 (order: 1, 8192 bytes)
[    0.174029] TCP bind hash table entries: 2048 (order: 1, 8192 bytes)
[    0.175421] TCP: Hash tables configured (established 2048 bind 2048)
[    0.176748] UDP hash table entries: 256 (order: 0, 4096 bytes)
[    0.177752] UDP-Lite hash table entries: 256 (order: 0, 4096 bytes)
[    0.179902] NET: Registered protocol family 1
[    0.181094] PCI: CLS 0 bytes, default 64
[    0.187100] NetWinder Floating Point Emulator V0.97 (extended precision)
[    0.190199] futex hash table entries: 256 (order: -1, 3072 bytes)
[    0.195378] squashfs: version 4.0 (2009/01/31) Phillip Lougher
[    0.197604] jffs2: version 2.2. (NAND) Â© 2001-2006 Red Hat, Inc.
[    0.199131] romfs: ROMFS MTD (C) 2007 Red Hat, Inc.
[    0.206183] Block layer SCSI generic (bsg) driver version 0.4 loaded (major 253)
[    0.207450] io scheduler noop registered
[    0.208249] io scheduler cfq registered (default)
[    0.209617] firmadyne: devfs: 1, execute: 1, procfs: 1, syscall: 0
[    0.211471] ------------[ cut here ]------------
[    0.212343] WARNING: CPU: 0 PID: 1 at /home/vagrant/firmadyne-kernel/kernel-v4.1/fs/sysfs/dir.c:31 sysfs_warn_dup+0x50/0x6c()
[    0.214138] sysfs: cannot create duplicate filename '/class/gpio'
[    0.215299] Modules linked in:
[    0.216009] CPU: 0 PID: 1 Comm: swapper Not tainted 4.1.17+ #1
[    0.217055] Hardware name: Generic DT based system
[    0.218374] [<c001c99c>] (unwind_backtrace) from [<c0019d30>] (show_stack+0x10/0x14)
[    0.219644] [<c0019d30>] (show_stack) from [<c0024ab4>] (warn_slowpath_common+0x80/0xa8)
[    0.221005] [<c0024ab4>] (warn_slowpath_common) from [<c0024b08>] (warn_slowpath_fmt+0x2c/0x3c)
[    0.222437] [<c0024b08>] (warn_slowpath_fmt) from [<c00e363c>] (sysfs_warn_dup+0x50/0x6c)
[    0.223981] [<c00e363c>] (sysfs_warn_dup) from [<c00e3714>] (sysfs_create_dir_ns+0x74/0x84)
[    0.225693] [<c00e3714>] (sysfs_create_dir_ns) from [<c018e6ac>] (kobject_add_internal+0xb8/0x2ac)
[    0.226931] [<c018e6ac>] (kobject_add_internal) from [<c018e9a8>] (kset_register+0x1c/0x44)
[    0.227761] [<c018e9a8>] (kset_register) from [<c02090b4>] (__class_register+0xa8/0x198)
[    0.228389] [<c02090b4>] (__class_register) from [<c02091e4>] (__class_create+0x40/0x70)
[    0.229438] [<c02091e4>] (__class_create) from [<c01adf68>] (register_devfs_stubs+0x314/0xbb4)
[    0.230219] [<c01adf68>] (register_devfs_stubs) from [<c05d9b08>] (init_module+0x28/0xa4)
[    0.230882] [<c05d9b08>] (init_module) from [<c0009670>] (do_one_initcall+0x104/0x1b4)
[    0.231801] [<c0009670>] (do_one_initcall) from [<c05c7d08>] (kernel_init_freeable+0xf0/0x1b0)
[    0.232671] [<c05c7d08>] (kernel_init_freeable) from [<c040f28c>] (kernel_init+0x8/0xe4)
[    0.233424] [<c040f28c>] (kernel_init) from [<c0016da8>] (ret_from_fork+0x14/0x2c)
[    0.234224] ---[ end trace 00f644828f14b9d4 ]---
[    0.235211] ------------[ cut here ]------------
[    0.236076] WARNING: CPU: 0 PID: 1 at /home/vagrant/firmadyne-kernel/kernel-v4.1/lib/kobject.c:240 kobject_add_internal+0x240/0x2ac()
[    0.236925] kobject_add_internal failed for gpio with -EEXIST, don't try to register things with the same name in the same directory.
[    0.238172] Modules linked in:
[    0.238521] CPU: 0 PID: 1 Comm: swapper Tainted: G        W       4.1.17+ #1
[    0.239374] Hardware name: Generic DT based system
[    0.239874] [<c001c99c>] (unwind_backtrace) from [<c0019d30>] (show_stack+0x10/0x14)
[    0.240642] [<c0019d30>] (show_stack) from [<c0024ab4>] (warn_slowpath_common+0x80/0xa8)
[    0.241217] [<c0024ab4>] (warn_slowpath_common) from [<c0024b08>] (warn_slowpath_fmt+0x2c/0x3c)
[    0.242224] [<c0024b08>] (warn_slowpath_fmt) from [<c018e834>] (kobject_add_internal+0x240/0x2ac)
[    0.243148] [<c018e834>] (kobject_add_internal) from [<c018e9a8>] (kset_register+0x1c/0x44)
[    0.243913] [<c018e9a8>] (kset_register) from [<c02090b4>] (__class_register+0xa8/0x198)
[    0.245014] [<c02090b4>] (__class_register) from [<c02091e4>] (__class_create+0x40/0x70)
[    0.245925] [<c02091e4>] (__class_create) from [<c01adf68>] (register_devfs_stubs+0x314/0xbb4)
[    0.246947] [<c01adf68>] (register_devfs_stubs) from [<c05d9b08>] (init_module+0x28/0xa4)
[    0.247701] [<c05d9b08>] (init_module) from [<c0009670>] (do_one_initcall+0x104/0x1b4)
[    0.248365] [<c0009670>] (do_one_initcall) from [<c05c7d08>] (kernel_init_freeable+0xf0/0x1b0)
[    0.249150] [<c05c7d08>] (kernel_init_freeable) from [<c040f28c>] (kernel_init+0x8/0xe4)
[    0.250010] [<c040f28c>] (kernel_init) from [<c0016da8>] (ret_from_fork+0x14/0x2c)
[    0.250741] ---[ end trace 00f644828f14b9d5 ]---
[    0.251302] firmadyne: Cannot create device class: gpio!
[    0.253272] firmadyne: Cannot register character device: watchdog, 0xa, 0x82!
[    0.254869] firmadyne: Cannot register character device: wdt, 0xfd, 0x0!
[    0.348282] Non-volatile memory driver v1.3
[    0.369281] brd: module loaded
[    0.378048] loop: module loaded
[    0.388806]  vda: vda1
[    0.393332] [nandsim] warning: read_byte: unexpected data output cycle, state is STATE_READY return 0x0
[    0.395343] [nandsim] warning: read_byte: unexpected data output cycle, state is STATE_READY return 0x0
[    0.397074] [nandsim] warning: read_byte: unexpected data output cycle, state is STATE_READY return 0x0
[    0.398723] [nandsim] warning: read_byte: unexpected data output cycle, state is STATE_READY return 0x0
[    0.400386] [nandsim] warning: read_byte: unexpected data output cycle, state is STATE_READY return 0x0
[    0.402062] [nandsim] warning: read_byte: unexpected data output cycle, state is STATE_READY return 0x0
[    0.403382] nand: device found, Manufacturer ID: 0x98, Chip ID: 0x39
[    0.404853] nand: Toshiba NAND 128MiB 1,8V 8-bit
[    0.405612] nand: 128 MiB, SLC, erase size: 16 KiB, page size: 512, OOB size: 16
[    0.406848] flash size: 128 MiB
[    0.407467] page size: 512 bytes
[    0.408051] OOB area size: 16 bytes
[    0.408711] sector size: 16 KiB
[    0.409279] pages number: 262144
[    0.409865] pages per sector: 32
[    0.410478] bus width: 8
[    0.410957] bits in sector size: 14
[    0.411166] bits in page size: 9
[    0.411611] bits in OOB size: 4
[    0.411970] flash size with OOB: 135168 KiB
[    0.412390] page address bytes: 4
[    0.412762] sector address bytes: 3
[    0.412992] options: 0x42
[    0.419103] Scanning device for bad blocks
[    0.532580] Creating 11 MTD partitions on "NAND 128MiB 1,8V 8-bit":
[    0.534249] 0x000000000000-0x000000100000 : "NAND simulator partition 0"
[    0.538492] 0x000000100000-0x000000200000 : "NAND simulator partition 1"
[    0.540989] 0x000000200000-0x000000300000 : "NAND simulator partition 2"
[    0.543432] 0x000000300000-0x000000400000 : "NAND simulator partition 3"
[    0.546125] 0x000000400000-0x000000500000 : "NAND simulator partition 4"
[    0.548557] 0x000000500000-0x000000600000 : "NAND simulator partition 5"
[    0.551001] 0x000000600000-0x000000700000 : "NAND simulator partition 6"
[    0.553848] 0x000000700000-0x000000800000 : "NAND simulator partition 7"
[    0.556560] 0x000000800000-0x000000900000 : "NAND simulator partition 8"
[    0.559137] 0x000000900000-0x000000a00000 : "NAND simulator partition 9"
[    0.561597] 0x000000a00000-0x000008000000 : "NAND simulator partition 10"
[    0.567055] tun: Universal TUN/TAP device driver, 1.6
[    0.568039] tun: (C) 1999-2004 Max Krasnyansky <maxk@qualcomm.com>
[    0.585007] PPP generic driver version 2.4.2
[    0.586564] PPP BSD Compression module registered
[    0.587491] PPP Deflate Compression module registered
[    0.588543] PPP MPPE Compression module registered
[    0.589507] NET: Registered protocol family 24
[    0.590596] PPTP driver version 0.8.5
[    0.591933] usbcore: registered new interface driver usb-storage
[    0.594540] hidraw: raw HID events driver (C) Jiri Kosina
[    0.596213] usbcore: registered new interface driver usbhid
[    0.597252] usbhid: USB HID core driver
[    0.598391] Netfilter messages via NETLINK v0.30.
[    0.599800] nf_conntrack version 0.5.0 (3958 buckets, 15832 max)
[    0.602101] ctnetlink v0.93: registering with nfnetlink.
[    0.604355] ipip: IPv4 over IPv4 tunneling driver
[    0.607305] gre: GRE over IPv4 demultiplexor driver
[    0.608318] ip_gre: GRE over IPv4 tunneling driver
[    0.613180] ip_tables: (C) 2000-2006 Netfilter Core Team
[    0.615887] arp_tables: (C) 2002 David S. Miller
[    0.617773] Initializing XFRM netlink socket
[    0.619047] NET: Registered protocol family 10
[    0.625847] ip6_tables: (C) 2000-2006 Netfilter Core Team
[    0.628317] sit: IPv6 over IPv4 tunneling driver
[    0.632474] NET: Registered protocol family 17
[    0.633866] bridge: automatic filtering via arp/ip/ip6tables has been deprecated. Update your scripts to load br_netfilter if you need this.
[    0.636497] Bridge firewalling registered
[    0.637330] Ebtables v2.0 registered
[    0.639067] 8021q: 802.1Q VLAN Support v1.8
[    0.640443] Registering SWP/SWPB emulation handler
[    0.643195] hctosys: unable to open rtc device (rtc0)
[    0.653237] EXT4-fs (vda1): couldn't mount as ext3 due to feature incompatibilities
[    0.656588] EXT4-fs (vda1): mounting ext2 file system using the ext4 subsystem
[    0.667025] EXT4-fs (vda1): warning: mounting unchecked fs, running e2fsck is recommended
[    0.670979] EXT4-fs (vda1): mounted filesystem without journal. Opts: (null)
[    0.673406] VFS: Mounted root (ext2 filesystem) on device 254:1.
[    0.679455] Freeing unused kernel memory: 180K (c05c7000 - c05f4000)
[    0.682534] Starting init: /sbin/init exists but couldn't execute it (error -20)
[    0.689480] Starting init: /bin/init exists but couldn't execute it (error -20)
[    0.690869] firmadyne: do_execve: /firmadyne/console
[    0.691833] OFFSETS: offset of pid: 0x190 offset of comm: 0x270
[    0.693000] Starting init: /bin/sh exists but couldn't execute it (error -20)
[    0.694337] Kernel panic - not syncing: No working init found.  Try passing init= option to kernel. See Linux Documentation/init.txt for guidance.
[    0.696800] CPU: 0 PID: 1 Comm: swapper Tainted: G        W       4.1.17+ #1
[    0.698060] Hardware name: Generic DT based system
[    0.698985] [<c001c99c>] (unwind_backtrace) from [<c0019d30>] (show_stack+0x10/0x14)
[    0.700331] [<c0019d30>] (show_stack) from [<c0410b78>] (panic+0x70/0x1c8)
[    0.700744] [<c0410b78>] (panic) from [<c040f33c>] (kernel_init+0xb8/0xe4)
[    0.701514] [<c040f33c>] (kernel_init) from [<c0016da8>] (ret_from_fork+0x14/0x2c)
[    0.702546] ---[ end Kernel panic - not syncing: No working init found.  Try passing init= option to kernel. See Linux Documentation/init.txt for guidance.
