[    0.000000] Booting Linux on physical CPU 0x0
[    0.000000] Linux version 4.1.17+ (vagrant@vagrant-ubuntu-trusty-64) (gcc version 5.3.0 (GCC) ) #1 Thu Feb 18 01:05:21 UTC 2016
[    0.000000] CPU: ARMv7 Processor [412fc0f1] revision 1 (ARMv7), cr=10c5387d
[    0.000000] CPU: PIPT / VIPT nonaliasing data cache, PIPT instruction cache
[    0.000000] Machine model: linux,dummy-virt
[    0.000000] debug: ignoring loglevel setting.
[    0.000000] Memory policy: Data cache writeback
[    0.000000] On node 0 totalpages: 65536
[    0.000000] free_area_init_node: node 0, pgdat c061dfe8, node_mem_map cfdf9000
[    0.000000]   Normal zone: 512 pages used for memmap
[    0.000000]   Normal zone: 0 pages reserved
[    0.000000]   Normal zone: 65536 pages, LIFO batch:15
[    0.000000] CPU: All CPU(s) started in SVC mode.
[    0.000000] pcpu-alloc: s0 r0 d32768 u32768 alloc=1*32768
[    0.000000] pcpu-alloc: [0] 0 
[    0.000000] Built 1 zonelists in Zone order, mobility grouping on.  Total pages: 65024
[    0.000000] Kernel command line: root=/dev/vda1 console=ttyS0 nandsim.parts=64,64,64,64,64,64,64,64,64,64 rdinit=/firmadyne/preInit.sh rw debug ignore_loglevel print-fatal-signals=1 user_debug=31 firmadyne.syscall=0
[    0.000000] PID hash table entries: 1024 (order: 0, 4096 bytes)
[    0.000000] Dentry cache hash table entries: 32768 (order: 5, 131072 bytes)
[    0.000000] Inode-cache hash table entries: 16384 (order: 4, 65536 bytes)
[    0.000000] Memory: 253344K/262144K available (4297K kernel code, 170K rwdata, 1584K rodata, 180K init, 148K bss, 8800K reserved, 0K cma-reserved)
[    0.000000] Virtual kernel memory layout:
[    0.000000]     vector  : 0xffff0000 - 0xffff1000   (   4 kB)
[    0.000000]     fixmap  : 0xffc00000 - 0xfff00000   (3072 kB)
[    0.000000]     vmalloc : 0xd0800000 - 0xff000000   ( 744 MB)
[    0.000000]     lowmem  : 0xc0000000 - 0xd0000000   ( 256 MB)
[    0.000000]     modules : 0xbf000000 - 0xc0000000   (  16 MB)
[    0.000000]       .text : 0xc0008000 - 0xc05c67bc   (5882 kB)
[    0.000000]       .init : 0xc05c7000 - 0xc05f4000   ( 180 kB)
[    0.000000]       .data : 0xc05f4000 - 0xc061e840   ( 171 kB)
[    0.000000]        .bss : 0xc0621000 - 0xc06462d4   ( 149 kB)
[    0.000000] NR_IRQS:16 nr_irqs:16 16
[    0.000000] Architected cp15 timer(s) running at 62.50MHz (virt).
[    0.000000] clocksource arch_sys_counter: mask: 0xffffffffffffff max_cycles: 0x1cd42e208c, max_idle_ns: 881590405314 ns
[    0.000111] sched_clock: 56 bits at 62MHz, resolution 16ns, wraps every 4398046511096ns
[    0.000200] Switching to timer-based delay loop, resolution 16ns
[    0.002393] Console: colour dummy device 80x30
[    0.002623] Calibrating delay loop (skipped), value calculated using timer frequency.. 125.00 BogoMIPS (lpj=625000)
[    0.002714] pid_max: default: 32768 minimum: 301
[    0.003353] Mount-cache hash table entries: 1024 (order: 0, 4096 bytes)
[    0.003380] Mountpoint-cache hash table entries: 1024 (order: 0, 4096 bytes)
[    0.008534] CPU: Testing write buffer coherency: ok
[    0.015391] Setting up static identity map for 0x40008240 - 0x40008298
[    0.027012] VFP support v0.3: implementor 41 architecture 4 part 30 variant f rev 0
[    0.036462] clocksource jiffies: mask: 0xffffffff max_cycles: 0xffffffff, max_idle_ns: 19112604462750000 ns
[    0.043753] NET: Registered protocol family 16
[    0.045914] DMA: preallocated 256 KiB pool for atomic coherent allocations
[    0.049970] cpuidle: using governor ladder
[    0.050100] cpuidle: using governor menu
[    0.053438] genirq: Setting trigger mode 1 for irq 20 failed (gic_set_type+0x0/0x48)
[    0.054869] genirq: Setting trigger mode 1 for irq 21 failed (gic_set_type+0x0/0x48)
[    0.055092] genirq: Setting trigger mode 1 for irq 22 failed (gic_set_type+0x0/0x48)
[    0.055312] genirq: Setting trigger mode 1 for irq 23 failed (gic_set_type+0x0/0x48)
[    0.055535] genirq: Setting trigger mode 1 for irq 24 failed (gic_set_type+0x0/0x48)
[    0.055745] genirq: Setting trigger mode 1 for irq 25 failed (gic_set_type+0x0/0x48)
[    0.055944] genirq: Setting trigger mode 1 for irq 26 failed (gic_set_type+0x0/0x48)
[    0.056147] genirq: Setting trigger mode 1 for irq 27 failed (gic_set_type+0x0/0x48)
[    0.056451] genirq: Setting trigger mode 1 for irq 28 failed (gic_set_type+0x0/0x48)
[    0.056670] genirq: Setting trigger mode 1 for irq 29 failed (gic_set_type+0x0/0x48)
[    0.056867] genirq: Setting trigger mode 1 for irq 30 failed (gic_set_type+0x0/0x48)
[    0.057081] genirq: Setting trigger mode 1 for irq 31 failed (gic_set_type+0x0/0x48)
[    0.057278] genirq: Setting trigger mode 1 for irq 32 failed (gic_set_type+0x0/0x48)
[    0.057480] genirq: Setting trigger mode 1 for irq 33 failed (gic_set_type+0x0/0x48)
[    0.057673] genirq: Setting trigger mode 1 for irq 34 failed (gic_set_type+0x0/0x48)
[    0.057865] genirq: Setting trigger mode 1 for irq 35 failed (gic_set_type+0x0/0x48)
[    0.058065] genirq: Setting trigger mode 1 for irq 36 failed (gic_set_type+0x0/0x48)
[    0.058267] genirq: Setting trigger mode 1 for irq 37 failed (gic_set_type+0x0/0x48)
[    0.058519] genirq: Setting trigger mode 1 for irq 38 failed (gic_set_type+0x0/0x48)
[    0.058731] genirq: Setting trigger mode 1 for irq 39 failed (gic_set_type+0x0/0x48)
[    0.058932] genirq: Setting trigger mode 1 for irq 40 failed (gic_set_type+0x0/0x48)
[    0.059137] genirq: Setting trigger mode 1 for irq 41 failed (gic_set_type+0x0/0x48)
[    0.059350] genirq: Setting trigger mode 1 for irq 42 failed (gic_set_type+0x0/0x48)
[    0.059562] genirq: Setting trigger mode 1 for irq 43 failed (gic_set_type+0x0/0x48)
[    0.059779] genirq: Setting trigger mode 1 for irq 44 failed (gic_set_type+0x0/0x48)
[    0.059997] genirq: Setting trigger mode 1 for irq 45 failed (gic_set_type+0x0/0x48)
[    0.060202] genirq: Setting trigger mode 1 for irq 46 failed (gic_set_type+0x0/0x48)
[    0.060460] genirq: Setting trigger mode 1 for irq 47 failed (gic_set_type+0x0/0x48)
[    0.060681] genirq: Setting trigger mode 1 for irq 48 failed (gic_set_type+0x0/0x48)
[    0.060887] genirq: Setting trigger mode 1 for irq 49 failed (gic_set_type+0x0/0x48)
[    0.061088] genirq: Setting trigger mode 1 for irq 50 failed (gic_set_type+0x0/0x48)
[    0.061288] genirq: Setting trigger mode 1 for irq 51 failed (gic_set_type+0x0/0x48)
[    0.061638] genirq: Setting trigger mode 1 for irq 52 failed (gic_set_type+0x0/0x48)
[    0.064526] Serial: AMBA PL011 UART driver
[    0.066141] 9000000.pl011: ttyS0 at MMIO 0x9000000 (irq = 52, base_baud = 0) is a PL011 rev1
[    0.113926] console [ttyS0] enabled
[    0.130899] vgaarb: loaded
[    0.132457] SCSI subsystem initialized
[    0.133773] usbcore: registered new interface driver usbfs
[    0.134759] usbcore: registered new interface driver hub
[    0.135711] usbcore: registered new device driver usb
[    0.142835] cfg80211: Calling CRDA to update world regulatory domain
[    0.145451] Switched to clocksource arch_sys_counter
[    0.157583] NET: Registered protocol family 2
[    0.161438] TCP established hash table entries: 2048 (order: 1, 8192 bytes)
[    0.162503] TCP bind hash table entries: 2048 (order: 1, 8192 bytes)
[    0.163508] TCP: Hash tables configured (established 2048 bind 2048)
[    0.164774] UDP hash table entries: 256 (order: 0, 4096 bytes)
[    0.166073] UDP-Lite hash table entries: 256 (order: 0, 4096 bytes)
[    0.168062] NET: Registered protocol family 1
[    0.169095] PCI: CLS 0 bytes, default 64
[    0.174701] NetWinder Floating Point Emulator V0.97 (extended precision)
[    0.177663] futex hash table entries: 256 (order: -1, 3072 bytes)
[    0.182739] squashfs: version 4.0 (2009/01/31) Phillip Lougher
[    0.184551] jffs2: version 2.2. (NAND) Â© 2001-2006 Red Hat, Inc.
[    0.186244] romfs: ROMFS MTD (C) 2007 Red Hat, Inc.
[    0.192970] Block layer SCSI generic (bsg) driver version 0.4 loaded (major 253)
[    0.194128] io scheduler noop registered
[    0.194846] io scheduler cfq registered (default)
[    0.196191] firmadyne: devfs: 1, execute: 1, procfs: 1, syscall: 0
[    0.197885] ------------[ cut here ]------------
[    0.198673] WARNING: CPU: 0 PID: 1 at /home/vagrant/firmadyne-kernel/kernel-v4.1/fs/sysfs/dir.c:31 sysfs_warn_dup+0x50/0x6c()
[    0.200275] sysfs: cannot create duplicate filename '/class/gpio'
[    0.201179] Modules linked in:
[    0.201860] CPU: 0 PID: 1 Comm: swapper Not tainted 4.1.17+ #1
[    0.202772] Hardware name: Generic DT based system
[    0.203984] [<c001c99c>] (unwind_backtrace) from [<c0019d30>] (show_stack+0x10/0x14)
[    0.205207] [<c0019d30>] (show_stack) from [<c0024ab4>] (warn_slowpath_common+0x80/0xa8)
[    0.206666] [<c0024ab4>] (warn_slowpath_common) from [<c0024b08>] (warn_slowpath_fmt+0x2c/0x3c)
[    0.208217] [<c0024b08>] (warn_slowpath_fmt) from [<c00e363c>] (sysfs_warn_dup+0x50/0x6c)
[    0.209571] [<c00e363c>] (sysfs_warn_dup) from [<c00e3714>] (sysfs_create_dir_ns+0x74/0x84)
[    0.210875] [<c00e3714>] (sysfs_create_dir_ns) from [<c018e6ac>] (kobject_add_internal+0xb8/0x2ac)
[    0.212139] [<c018e6ac>] (kobject_add_internal) from [<c018e9a8>] (kset_register+0x1c/0x44)
[    0.212674] [<c018e9a8>] (kset_register) from [<c02090b4>] (__class_register+0xa8/0x198)
[    0.213313] [<c02090b4>] (__class_register) from [<c02091e4>] (__class_create+0x40/0x70)
[    0.213824] [<c02091e4>] (__class_create) from [<c01adf68>] (register_devfs_stubs+0x314/0xbb4)
[    0.214499] [<c01adf68>] (register_devfs_stubs) from [<c05d9b08>] (init_module+0x28/0xa4)
[    0.215679] [<c05d9b08>] (init_module) from [<c0009670>] (do_one_initcall+0x104/0x1b4)
[    0.216505] [<c0009670>] (do_one_initcall) from [<c05c7d08>] (kernel_init_freeable+0xf0/0x1b0)
[    0.217171] [<c05c7d08>] (kernel_init_freeable) from [<c040f28c>] (kernel_init+0x8/0xe4)
[    0.217695] [<c040f28c>] (kernel_init) from [<c0016da8>] (ret_from_fork+0x14/0x2c)
[    0.218544] ---[ end trace e2cb57a0a1f3b4bd ]---
[    0.219377] ------------[ cut here ]------------
[    0.219951] WARNING: CPU: 0 PID: 1 at /home/vagrant/firmadyne-kernel/kernel-v4.1/lib/kobject.c:240 kobject_add_internal+0x240/0x2ac()
[    0.220804] kobject_add_internal failed for gpio with -EEXIST, don't try to register things with the same name in the same directory.
[    0.221584] Modules linked in:
[    0.221884] CPU: 0 PID: 1 Comm: swapper Tainted: G        W       4.1.17+ #1
[    0.222525] Hardware name: Generic DT based system
[    0.223026] [<c001c99c>] (unwind_backtrace) from [<c0019d30>] (show_stack+0x10/0x14)
[    0.223764] [<c0019d30>] (show_stack) from [<c0024ab4>] (warn_slowpath_common+0x80/0xa8)
[    0.224192] [<c0024ab4>] (warn_slowpath_common) from [<c0024b08>] (warn_slowpath_fmt+0x2c/0x3c)
[    0.224931] [<c0024b08>] (warn_slowpath_fmt) from [<c018e834>] (kobject_add_internal+0x240/0x2ac)
[    0.225861] [<c018e834>] (kobject_add_internal) from [<c018e9a8>] (kset_register+0x1c/0x44)
[    0.226724] [<c018e9a8>] (kset_register) from [<c02090b4>] (__class_register+0xa8/0x198)
[    0.227276] [<c02090b4>] (__class_register) from [<c02091e4>] (__class_create+0x40/0x70)
[    0.227711] [<c02091e4>] (__class_create) from [<c01adf68>] (register_devfs_stubs+0x314/0xbb4)
[    0.228433] [<c01adf68>] (register_devfs_stubs) from [<c05d9b08>] (init_module+0x28/0xa4)
[    0.229127] [<c05d9b08>] (init_module) from [<c0009670>] (do_one_initcall+0x104/0x1b4)
[    0.229637] [<c0009670>] (do_one_initcall) from [<c05c7d08>] (kernel_init_freeable+0xf0/0x1b0)
[    0.230266] [<c05c7d08>] (kernel_init_freeable) from [<c040f28c>] (kernel_init+0x8/0xe4)
[    0.230973] [<c040f28c>] (kernel_init) from [<c0016da8>] (ret_from_fork+0x14/0x2c)
[    0.231669] ---[ end trace e2cb57a0a1f3b4be ]---
[    0.231993] firmadyne: Cannot create device class: gpio!
[    0.233956] firmadyne: Cannot register character device: watchdog, 0xa, 0x82!
[    0.235070] firmadyne: Cannot register character device: wdt, 0xfd, 0x0!
[    0.319228] Non-volatile memory driver v1.3
[    0.337080] brd: module loaded
[    0.346503] loop: module loaded
[    0.354031]  vda: vda1
[    0.358033] [nandsim] warning: read_byte: unexpected data output cycle, state is STATE_READY return 0x0
[    0.359464] [nandsim] warning: read_byte: unexpected data output cycle, state is STATE_READY return 0x0
[    0.360819] [nandsim] warning: read_byte: unexpected data output cycle, state is STATE_READY return 0x0
[    0.362156] [nandsim] warning: read_byte: unexpected data output cycle, state is STATE_READY return 0x0
[    0.363471] [nandsim] warning: read_byte: unexpected data output cycle, state is STATE_READY return 0x0
[    0.364814] [nandsim] warning: read_byte: unexpected data output cycle, state is STATE_READY return 0x0
[    0.366609] nand: device found, Manufacturer ID: 0x98, Chip ID: 0x39
[    0.367684] nand: Toshiba NAND 128MiB 1,8V 8-bit
[    0.368199] nand: 128 MiB, SLC, erase size: 16 KiB, page size: 512, OOB size: 16
[    0.369363] flash size: 128 MiB
[    0.369843] page size: 512 bytes
[    0.370335] OOB area size: 16 bytes
[    0.370851] sector size: 16 KiB
[    0.371296] pages number: 262144
[    0.371775] pages per sector: 32
[    0.372255] bus width: 8
[    0.372635] bits in sector size: 14
[    0.372818] bits in page size: 9
[    0.372945] bits in OOB size: 4
[    0.373394] flash size with OOB: 135168 KiB
[    0.373697] page address bytes: 4
[    0.373825] sector address bytes: 3
[    0.374341] options: 0x42
[    0.378671] Scanning device for bad blocks
[    0.489107] Creating 11 MTD partitions on "NAND 128MiB 1,8V 8-bit":
[    0.490736] 0x000000000000-0x000000100000 : "NAND simulator partition 0"
[    0.494761] 0x000000100000-0x000000200000 : "NAND simulator partition 1"
[    0.497600] 0x000000200000-0x000000300000 : "NAND simulator partition 2"
[    0.500075] 0x000000300000-0x000000400000 : "NAND simulator partition 3"
[    0.502544] 0x000000400000-0x000000500000 : "NAND simulator partition 4"
[    0.504959] 0x000000500000-0x000000600000 : "NAND simulator partition 5"
[    0.507618] 0x000000600000-0x000000700000 : "NAND simulator partition 6"
[    0.510091] 0x000000700000-0x000000800000 : "NAND simulator partition 7"
[    0.512585] 0x000000800000-0x000000900000 : "NAND simulator partition 8"
[    0.515131] 0x000000900000-0x000000a00000 : "NAND simulator partition 9"
[    0.517776] 0x000000a00000-0x000008000000 : "NAND simulator partition 10"
[    0.523006] tun: Universal TUN/TAP device driver, 1.6
[    0.523930] tun: (C) 1999-2004 Max Krasnyansky <maxk@qualcomm.com>
[    0.543359] PPP generic driver version 2.4.2
[    0.544830] PPP BSD Compression module registered
[    0.546028] PPP Deflate Compression module registered
[    0.547079] PPP MPPE Compression module registered
[    0.547976] NET: Registered protocol family 24
[    0.549002] PPTP driver version 0.8.5
[    0.550378] usbcore: registered new interface driver usb-storage
[    0.552971] hidraw: raw HID events driver (C) Jiri Kosina
[    0.554403] usbcore: registered new interface driver usbhid
[    0.555637] usbhid: USB HID core driver
[    0.556791] Netfilter messages via NETLINK v0.30.
[    0.558194] nf_conntrack version 0.5.0 (3958 buckets, 15832 max)
[    0.560471] ctnetlink v0.93: registering with nfnetlink.
[    0.562695] ipip: IPv4 over IPv4 tunneling driver
[    0.565521] gre: GRE over IPv4 demultiplexor driver
[    0.566462] ip_gre: GRE over IPv4 tunneling driver
[    0.571379] ip_tables: (C) 2000-2006 Netfilter Core Team
[    0.573808] arp_tables: (C) 2002 David S. Miller
[    0.575921] Initializing XFRM netlink socket
[    0.577149] NET: Registered protocol family 10
[    0.583623] ip6_tables: (C) 2000-2006 Netfilter Core Team
[    0.586272] sit: IPv6 over IPv4 tunneling driver
[    0.590595] NET: Registered protocol family 17
[    0.591954] bridge: automatic filtering via arp/ip/ip6tables has been deprecated. Update your scripts to load br_netfilter if you need this.
[    0.594408] Bridge firewalling registered
[    0.595172] Ebtables v2.0 registered
[    0.597100] 8021q: 802.1Q VLAN Support v1.8
[    0.598453] Registering SWP/SWPB emulation handler
[    0.601159] hctosys: unable to open rtc device (rtc0)
[    0.611574] EXT4-fs (vda1): couldn't mount as ext3 due to feature incompatibilities
[    0.616644] EXT4-fs (vda1): mounting ext2 file system using the ext4 subsystem
[    0.626858] EXT4-fs (vda1): warning: mounting unchecked fs, running e2fsck is recommended
[    0.630738] EXT4-fs (vda1): mounted filesystem without journal. Opts: (null)
[    0.632928] VFS: Mounted root (ext2 filesystem) on device 254:1.
[    0.638921] Freeing unused kernel memory: 180K (c05c7000 - c05f4000)
[    0.641879] Starting init: /sbin/init exists but couldn't execute it (error -20)
[    0.648800] Starting init: /bin/init exists but couldn't execute it (error -20)
[    0.650102] firmadyne: do_execve: /firmadyne/console
[    0.651095] OFFSETS: offset of pid: 0x190 offset of comm: 0x270
[    0.652186] Starting init: /bin/sh exists but couldn't execute it (error -20)
[    0.653498] Kernel panic - not syncing: No working init found.  Try passing init= option to kernel. See Linux Documentation/init.txt for guidance.
[    0.655831] CPU: 0 PID: 1 Comm: swapper Tainted: G        W       4.1.17+ #1
[    0.656849] Hardware name: Generic DT based system
[    0.657580] [<c001c99c>] (unwind_backtrace) from [<c0019d30>] (show_stack+0x10/0x14)
[    0.658729] [<c0019d30>] (show_stack) from [<c0410b78>] (panic+0x70/0x1c8)
[    0.659159] [<c0410b78>] (panic) from [<c040f33c>] (kernel_init+0xb8/0xe4)
[    0.659714] [<c040f33c>] (kernel_init) from [<c0016da8>] (ret_from_fork+0x14/0x2c)
[    0.660470] ---[ end Kernel panic - not syncing: No working init found.  Try passing init= option to kernel. See Linux Documentation/init.txt for guidance.
