[    0.000000] Booting Linux on physical CPU 0x0
[    0.000000] Linux version 4.1.17+ (vagrant@vagrant-ubuntu-trusty-64) (gcc version 5.3.0 (GCC) ) #1 Thu Feb 18 01:05:21 UTC 2016
[    0.000000] CPU: ARMv7 Processor [412fc0f1] revision 1 (ARMv7), cr=10c5387d
[    0.000000] CPU: PIPT / VIPT nonaliasing data cache, PIPT instruction cache
[    0.000000] Machine model: linux,dummy-virt
[    0.000000] debug: ignoring loglevel setting.
[    0.000000] Memory policy: Data cache writeback
[    0.000000] On node 0 totalpages: 65536
[    0.000000] free_area_init_node: node 0, pgdat c061dfe8, node_mem_map cfdf9000
[    0.000000]   Normal zone: 512 pages used for memmap
[    0.000000]   Normal zone: 0 pages reserved
[    0.000000]   Normal zone: 65536 pages, LIFO batch:15
[    0.000000] CPU: All CPU(s) started in SVC mode.
[    0.000000] pcpu-alloc: s0 r0 d32768 u32768 alloc=1*32768
[    0.000000] pcpu-alloc: [0] 0 
[    0.000000] Built 1 zonelists in Zone order, mobility grouping on.  Total pages: 65024
[    0.000000] Kernel command line: root=/dev/vda1 console=ttyS0 nandsim.parts=64,64,64,64,64,64,64,64,64,64 rdinit=/firmadyne/preInit.sh rw debug ignore_loglevel print-fatal-signals=1 user_debug=31 firmadyne.syscall=0
[    0.000000] PID hash table entries: 1024 (order: 0, 4096 bytes)
[    0.000000] Dentry cache hash table entries: 32768 (order: 5, 131072 bytes)
[    0.000000] Inode-cache hash table entries: 16384 (order: 4, 65536 bytes)
[    0.000000] Memory: 253344K/262144K available (4297K kernel code, 170K rwdata, 1584K rodata, 180K init, 148K bss, 8800K reserved, 0K cma-reserved)
[    0.000000] Virtual kernel memory layout:
[    0.000000]     vector  : 0xffff0000 - 0xffff1000   (   4 kB)
[    0.000000]     fixmap  : 0xffc00000 - 0xfff00000   (3072 kB)
[    0.000000]     vmalloc : 0xd0800000 - 0xff000000   ( 744 MB)
[    0.000000]     lowmem  : 0xc0000000 - 0xd0000000   ( 256 MB)
[    0.000000]     modules : 0xbf000000 - 0xc0000000   (  16 MB)
[    0.000000]       .text : 0xc0008000 - 0xc05c67bc   (5882 kB)
[    0.000000]       .init : 0xc05c7000 - 0xc05f4000   ( 180 kB)
[    0.000000]       .data : 0xc05f4000 - 0xc061e840   ( 171 kB)
[    0.000000]        .bss : 0xc0621000 - 0xc06462d4   ( 149 kB)
[    0.000000] NR_IRQS:16 nr_irqs:16 16
[    0.000000] Architected cp15 timer(s) running at 62.50MHz (virt).
[    0.000000] clocksource arch_sys_counter: mask: 0xffffffffffffff max_cycles: 0x1cd42e208c, max_idle_ns: 881590405314 ns
[    0.000129] sched_clock: 56 bits at 62MHz, resolution 16ns, wraps every 4398046511096ns
[    0.000230] Switching to timer-based delay loop, resolution 16ns
[    0.002743] Console: colour dummy device 80x30
[    0.003002] Calibrating delay loop (skipped), value calculated using timer frequency.. 125.00 BogoMIPS (lpj=625000)
[    0.003103] pid_max: default: 32768 minimum: 301
[    0.003880] Mount-cache hash table entries: 1024 (order: 0, 4096 bytes)
[    0.003911] Mountpoint-cache hash table entries: 1024 (order: 0, 4096 bytes)
[    0.011495] CPU: Testing write buffer coherency: ok
[    0.016541] Setting up static identity map for 0x40008240 - 0x40008298
[    0.028930] VFP support v0.3: implementor 41 architecture 4 part 30 variant f rev 0
[    0.038987] clocksource jiffies: mask: 0xffffffff max_cycles: 0xffffffff, max_idle_ns: 19112604462750000 ns
[    0.046612] NET: Registered protocol family 16
[    0.049175] DMA: preallocated 256 KiB pool for atomic coherent allocations
[    0.052433] cpuidle: using governor ladder
[    0.052560] cpuidle: using governor menu
[    0.055711] genirq: Setting trigger mode 1 for irq 20 failed (gic_set_type+0x0/0x48)
[    0.057202] genirq: Setting trigger mode 1 for irq 21 failed (gic_set_type+0x0/0x48)
[    0.057480] genirq: Setting trigger mode 1 for irq 22 failed (gic_set_type+0x0/0x48)
[    0.057747] genirq: Setting trigger mode 1 for irq 23 failed (gic_set_type+0x0/0x48)
[    0.058009] genirq: Setting trigger mode 1 for irq 24 failed (gic_set_type+0x0/0x48)
[    0.058257] genirq: Setting trigger mode 1 for irq 25 failed (gic_set_type+0x0/0x48)
[    0.058509] genirq: Setting trigger mode 1 for irq 26 failed (gic_set_type+0x0/0x48)
[    0.058750] genirq: Setting trigger mode 1 for irq 27 failed (gic_set_type+0x0/0x48)
[    0.059089] genirq: Setting trigger mode 1 for irq 28 failed (gic_set_type+0x0/0x48)
[    0.059364] genirq: Setting trigger mode 1 for irq 29 failed (gic_set_type+0x0/0x48)
[    0.059612] genirq: Setting trigger mode 1 for irq 30 failed (gic_set_type+0x0/0x48)
[    0.059887] genirq: Setting trigger mode 1 for irq 31 failed (gic_set_type+0x0/0x48)
[    0.060125] genirq: Setting trigger mode 1 for irq 32 failed (gic_set_type+0x0/0x48)
[    0.060368] genirq: Setting trigger mode 1 for irq 33 failed (gic_set_type+0x0/0x48)
[    0.060613] genirq: Setting trigger mode 1 for irq 34 failed (gic_set_type+0x0/0x48)
[    0.060841] genirq: Setting trigger mode 1 for irq 35 failed (gic_set_type+0x0/0x48)
[    0.061078] genirq: Setting trigger mode 1 for irq 36 failed (gic_set_type+0x0/0x48)
[    0.061316] genirq: Setting trigger mode 1 for irq 37 failed (gic_set_type+0x0/0x48)
[    0.061614] genirq: Setting trigger mode 1 for irq 38 failed (gic_set_type+0x0/0x48)
[    0.061865] genirq: Setting trigger mode 1 for irq 39 failed (gic_set_type+0x0/0x48)
[    0.062103] genirq: Setting trigger mode 1 for irq 40 failed (gic_set_type+0x0/0x48)
[    0.062348] genirq: Setting trigger mode 1 for irq 41 failed (gic_set_type+0x0/0x48)
[    0.062617] genirq: Setting trigger mode 1 for irq 42 failed (gic_set_type+0x0/0x48)
[    0.062869] genirq: Setting trigger mode 1 for irq 43 failed (gic_set_type+0x0/0x48)
[    0.063353] genirq: Setting trigger mode 1 for irq 44 failed (gic_set_type+0x0/0x48)
[    0.063652] genirq: Setting trigger mode 1 for irq 45 failed (gic_set_type+0x0/0x48)
[    0.063926] genirq: Setting trigger mode 1 for irq 46 failed (gic_set_type+0x0/0x48)
[    0.064223] genirq: Setting trigger mode 1 for irq 47 failed (gic_set_type+0x0/0x48)
[    0.064493] genirq: Setting trigger mode 1 for irq 48 failed (gic_set_type+0x0/0x48)
[    0.064741] genirq: Setting trigger mode 1 for irq 49 failed (gic_set_type+0x0/0x48)
[    0.064979] genirq: Setting trigger mode 1 for irq 50 failed (gic_set_type+0x0/0x48)
[    0.065216] genirq: Setting trigger mode 1 for irq 51 failed (gic_set_type+0x0/0x48)
[    0.065648] genirq: Setting trigger mode 1 for irq 52 failed (gic_set_type+0x0/0x48)
[    0.068735] Serial: AMBA PL011 UART driver
[    0.070395] 9000000.pl011: ttyS0 at MMIO 0x9000000 (irq = 52, base_baud = 0) is a PL011 rev1
[    0.122347] console [ttyS0] enabled
[    0.140098] vgaarb: loaded
[    0.141747] SCSI subsystem initialized
[    0.143252] usbcore: registered new interface driver usbfs
[    0.144509] usbcore: registered new interface driver hub
[    0.145595] usbcore: registered new device driver usb
[    0.152801] cfg80211: Calling CRDA to update world regulatory domain
[    0.155293] Switched to clocksource arch_sys_counter
[    0.168539] NET: Registered protocol family 2
[    0.172776] TCP established hash table entries: 2048 (order: 1, 8192 bytes)
[    0.173939] TCP bind hash table entries: 2048 (order: 1, 8192 bytes)
[    0.175340] TCP: Hash tables configured (established 2048 bind 2048)
[    0.176635] UDP hash table entries: 256 (order: 0, 4096 bytes)
[    0.177598] UDP-Lite hash table entries: 256 (order: 0, 4096 bytes)
[    0.179508] NET: Registered protocol family 1
[    0.180521] PCI: CLS 0 bytes, default 64
[    0.186265] NetWinder Floating Point Emulator V0.97 (extended precision)
[    0.188976] futex hash table entries: 256 (order: -1, 3072 bytes)
[    0.193451] squashfs: version 4.0 (2009/01/31) Phillip Lougher
[    0.195014] jffs2: version 2.2. (NAND) Â© 2001-2006 Red Hat, Inc.
[    0.196723] romfs: ROMFS MTD (C) 2007 Red Hat, Inc.
[    0.203206] Block layer SCSI generic (bsg) driver version 0.4 loaded (major 253)
[    0.204386] io scheduler noop registered
[    0.205303] io scheduler cfq registered (default)
[    0.206436] firmadyne: devfs: 1, execute: 1, procfs: 1, syscall: 0
[    0.208482] ------------[ cut here ]------------
[    0.209187] WARNING: CPU: 0 PID: 1 at /home/vagrant/firmadyne-kernel/kernel-v4.1/fs/sysfs/dir.c:31 sysfs_warn_dup+0x50/0x6c()
[    0.210708] sysfs: cannot create duplicate filename '/class/gpio'
[    0.211559] Modules linked in:
[    0.212257] CPU: 0 PID: 1 Comm: swapper Not tainted 4.1.17+ #1
[    0.213141] Hardware name: Generic DT based system
[    0.214322] [<c001c99c>] (unwind_backtrace) from [<c0019d30>] (show_stack+0x10/0x14)
[    0.215740] [<c0019d30>] (show_stack) from [<c0024ab4>] (warn_slowpath_common+0x80/0xa8)
[    0.217018] [<c0024ab4>] (warn_slowpath_common) from [<c0024b08>] (warn_slowpath_fmt+0x2c/0x3c)
[    0.218370] [<c0024b08>] (warn_slowpath_fmt) from [<c00e363c>] (sysfs_warn_dup+0x50/0x6c)
[    0.219603] [<c00e363c>] (sysfs_warn_dup) from [<c00e3714>] (sysfs_create_dir_ns+0x74/0x84)
[    0.220847] [<c00e3714>] (sysfs_create_dir_ns) from [<c018e6ac>] (kobject_add_internal+0xb8/0x2ac)
[    0.222068] [<c018e6ac>] (kobject_add_internal) from [<c018e9a8>] (kset_register+0x1c/0x44)
[    0.222658] [<c018e9a8>] (kset_register) from [<c02090b4>] (__class_register+0xa8/0x198)
[    0.223391] [<c02090b4>] (__class_register) from [<c02091e4>] (__class_create+0x40/0x70)
[    0.224029] [<c02091e4>] (__class_create) from [<c01adf68>] (register_devfs_stubs+0x314/0xbb4)
[    0.224641] [<c01adf68>] (register_devfs_stubs) from [<c05d9b08>] (init_module+0x28/0xa4)
[    0.225543] [<c05d9b08>] (init_module) from [<c0009670>] (do_one_initcall+0x104/0x1b4)
[    0.226330] [<c0009670>] (do_one_initcall) from [<c05c7d08>] (kernel_init_freeable+0xf0/0x1b0)
[    0.226828] [<c05c7d08>] (kernel_init_freeable) from [<c040f28c>] (kernel_init+0x8/0xe4)
[    0.227558] [<c040f28c>] (kernel_init) from [<c0016da8>] (ret_from_fork+0x14/0x2c)
[    0.228264] ---[ end trace 52d3be69d830f2bf ]---
[    0.228867] ------------[ cut here ]------------
[    0.229309] WARNING: CPU: 0 PID: 1 at /home/vagrant/firmadyne-kernel/kernel-v4.1/lib/kobject.c:240 kobject_add_internal+0x240/0x2ac()
[    0.230074] kobject_add_internal failed for gpio with -EEXIST, don't try to register things with the same name in the same directory.
[    0.230897] Modules linked in:
[    0.231330] CPU: 0 PID: 1 Comm: swapper Tainted: G        W       4.1.17+ #1
[    0.231765] Hardware name: Generic DT based system
[    0.232290] [<c001c99c>] (unwind_backtrace) from [<c0019d30>] (show_stack+0x10/0x14)
[    0.232706] [<c0019d30>] (show_stack) from [<c0024ab4>] (warn_slowpath_common+0x80/0xa8)
[    0.233323] [<c0024ab4>] (warn_slowpath_common) from [<c0024b08>] (warn_slowpath_fmt+0x2c/0x3c)
[    0.234040] [<c0024b08>] (warn_slowpath_fmt) from [<c018e834>] (kobject_add_internal+0x240/0x2ac)
[    0.234603] [<c018e834>] (kobject_add_internal) from [<c018e9a8>] (kset_register+0x1c/0x44)
[    0.235539] [<c018e9a8>] (kset_register) from [<c02090b4>] (__class_register+0xa8/0x198)
[    0.236140] [<c02090b4>] (__class_register) from [<c02091e4>] (__class_create+0x40/0x70)
[    0.236722] [<c02091e4>] (__class_create) from [<c01adf68>] (register_devfs_stubs+0x314/0xbb4)
[    0.237401] [<c01adf68>] (register_devfs_stubs) from [<c05d9b08>] (init_module+0x28/0xa4)
[    0.238064] [<c05d9b08>] (init_module) from [<c0009670>] (do_one_initcall+0x104/0x1b4)
[    0.238509] [<c0009670>] (do_one_initcall) from [<c05c7d08>] (kernel_init_freeable+0xf0/0x1b0)
[    0.239200] [<c05c7d08>] (kernel_init_freeable) from [<c040f28c>] (kernel_init+0x8/0xe4)
[    0.239599] [<c040f28c>] (kernel_init) from [<c0016da8>] (ret_from_fork+0x14/0x2c)
[    0.240264] ---[ end trace 52d3be69d830f2c0 ]---
[    0.240864] firmadyne: Cannot create device class: gpio!
[    0.242456] firmadyne: Cannot register character device: watchdog, 0xa, 0x82!
[    0.243479] firmadyne: Cannot register character device: wdt, 0xfd, 0x0!
[    0.322287] Non-volatile memory driver v1.3
[    0.338962] brd: module loaded
[    0.345992] loop: module loaded
[    0.353427]  vda: vda1
[    0.357522] [nandsim] warning: read_byte: unexpected data output cycle, state is STATE_READY return 0x0
[    0.358964] [nandsim] warning: read_byte: unexpected data output cycle, state is STATE_READY return 0x0
[    0.360342] [nandsim] warning: read_byte: unexpected data output cycle, state is STATE_READY return 0x0
[    0.361703] [nandsim] warning: read_byte: unexpected data output cycle, state is STATE_READY return 0x0
[    0.362998] [nandsim] warning: read_byte: unexpected data output cycle, state is STATE_READY return 0x0
[    0.364616] [nandsim] warning: read_byte: unexpected data output cycle, state is STATE_READY return 0x0
[    0.366191] nand: device found, Manufacturer ID: 0x98, Chip ID: 0x39
[    0.367162] nand: Toshiba NAND 128MiB 1,8V 8-bit
[    0.367572] nand: 128 MiB, SLC, erase size: 16 KiB, page size: 512, OOB size: 16
[    0.368919] flash size: 128 MiB
[    0.369405] page size: 512 bytes
[    0.369900] OOB area size: 16 bytes
[    0.370421] sector size: 16 KiB
[    0.370899] pages number: 262144
[    0.371382] pages per sector: 32
[    0.371846] bus width: 8
[    0.371911] bits in sector size: 14
[    0.372418] bits in page size: 9
[    0.372625] bits in OOB size: 4
[    0.372995] flash size with OOB: 135168 KiB
[    0.373382] page address bytes: 4
[    0.373744] sector address bytes: 3
[    0.373902] options: 0x42
[    0.378227] Scanning device for bad blocks
[    0.478967] Creating 11 MTD partitions on "NAND 128MiB 1,8V 8-bit":
[    0.480488] 0x000000000000-0x000000100000 : "NAND simulator partition 0"
[    0.483998] 0x000000100000-0x000000200000 : "NAND simulator partition 1"
[    0.486363] 0x000000200000-0x000000300000 : "NAND simulator partition 2"
[    0.488747] 0x000000300000-0x000000400000 : "NAND simulator partition 3"
[    0.490849] 0x000000400000-0x000000500000 : "NAND simulator partition 4"
[    0.493075] 0x000000500000-0x000000600000 : "NAND simulator partition 5"
[    0.495358] 0x000000600000-0x000000700000 : "NAND simulator partition 6"
[    0.497673] 0x000000700000-0x000000800000 : "NAND simulator partition 7"
[    0.499733] 0x000000800000-0x000000900000 : "NAND simulator partition 8"
[    0.501868] 0x000000900000-0x000000a00000 : "NAND simulator partition 9"
[    0.503935] 0x000000a00000-0x000008000000 : "NAND simulator partition 10"
[    0.508657] tun: Universal TUN/TAP device driver, 1.6
[    0.509454] tun: (C) 1999-2004 Max Krasnyansky <maxk@qualcomm.com>
[    0.523640] PPP generic driver version 2.4.2
[    0.524895] PPP BSD Compression module registered
[    0.525899] PPP Deflate Compression module registered
[    0.526746] PPP MPPE Compression module registered
[    0.527452] NET: Registered protocol family 24
[    0.528348] PPTP driver version 0.8.5
[    0.529447] usbcore: registered new interface driver usb-storage
[    0.531611] hidraw: raw HID events driver (C) Jiri Kosina
[    0.532825] usbcore: registered new interface driver usbhid
[    0.533640] usbhid: USB HID core driver
[    0.534567] Netfilter messages via NETLINK v0.30.
[    0.535989] nf_conntrack version 0.5.0 (3958 buckets, 15832 max)
[    0.537868] ctnetlink v0.93: registering with nfnetlink.
[    0.539643] ipip: IPv4 over IPv4 tunneling driver
[    0.541816] gre: GRE over IPv4 demultiplexor driver
[    0.542582] ip_gre: GRE over IPv4 tunneling driver
[    0.546735] ip_tables: (C) 2000-2006 Netfilter Core Team
[    0.548778] arp_tables: (C) 2002 David S. Miller
[    0.550332] Initializing XFRM netlink socket
[    0.551391] NET: Registered protocol family 10
[    0.556940] ip6_tables: (C) 2000-2006 Netfilter Core Team
[    0.558902] sit: IPv6 over IPv4 tunneling driver
[    0.562379] NET: Registered protocol family 17
[    0.563461] bridge: automatic filtering via arp/ip/ip6tables has been deprecated. Update your scripts to load br_netfilter if you need this.
[    0.565649] Bridge firewalling registered
[    0.566295] Ebtables v2.0 registered
[    0.567930] 8021q: 802.1Q VLAN Support v1.8
[    0.569065] Registering SWP/SWPB emulation handler
[    0.571324] hctosys: unable to open rtc device (rtc0)
[    0.580069] EXT4-fs (vda1): couldn't mount as ext3 due to feature incompatibilities
[    0.582382] EXT4-fs (vda1): mounting ext2 file system using the ext4 subsystem
[    0.592312] EXT4-fs (vda1): warning: mounting unchecked fs, running e2fsck is recommended
[    0.596251] EXT4-fs (vda1): mounted filesystem without journal. Opts: (null)
[    0.598287] VFS: Mounted root (ext2 filesystem) on device 254:1.
[    0.603663] Freeing unused kernel memory: 180K (c05c7000 - c05f4000)
[    0.606714] Starting init: /sbin/init exists but couldn't execute it (error -20)
[    0.613067] Starting init: /bin/init exists but couldn't execute it (error -20)
[    0.614253] firmadyne: do_execve: /firmadyne/console
[    0.615334] OFFSETS: offset of pid: 0x190 offset of comm: 0x270
[    0.616594] Starting init: /bin/sh exists but couldn't execute it (error -20)
[    0.617789] Kernel panic - not syncing: No working init found.  Try passing init= option to kernel. See Linux Documentation/init.txt for guidance.
[    0.619715] CPU: 0 PID: 1 Comm: swapper Tainted: G        W       4.1.17+ #1
[    0.620927] Hardware name: Generic DT based system
[    0.621671] [<c001c99c>] (unwind_backtrace) from [<c0019d30>] (show_stack+0x10/0x14)
[    0.622828] [<c0019d30>] (show_stack) from [<c0410b78>] (panic+0x70/0x1c8)
[    0.623839] [<c0410b78>] (panic) from [<c040f33c>] (kernel_init+0xb8/0xe4)
[    0.624838] [<c040f33c>] (kernel_init) from [<c0016da8>] (ret_from_fork+0x14/0x2c)
[    0.625652] ---[ end Kernel panic - not syncing: No working init found.  Try passing init= option to kernel. See Linux Documentation/init.txt for guidance.
