[    0.000000] Booting Linux on physical CPU 0x0
[    0.000000] Linux version 4.1.17+ (vagrant@vagrant-ubuntu-trusty-64) (gcc version 5.3.0 (GCC) ) #1 Thu Feb 18 01:05:21 UTC 2016
[    0.000000] CPU: ARMv7 Processor [412fc0f1] revision 1 (ARMv7), cr=10c5387d
[    0.000000] CPU: PIPT / VIPT nonaliasing data cache, PIPT instruction cache
[    0.000000] Machine model: linux,dummy-virt
[    0.000000] debug: ignoring loglevel setting.
[    0.000000] Memory policy: Data cache writeback
[    0.000000] On node 0 totalpages: 65536
[    0.000000] free_area_init_node: node 0, pgdat c061dfe8, node_mem_map cfdf9000
[    0.000000]   Normal zone: 512 pages used for memmap
[    0.000000]   Normal zone: 0 pages reserved
[    0.000000]   Normal zone: 65536 pages, LIFO batch:15
[    0.000000] CPU: All CPU(s) started in SVC mode.
[    0.000000] pcpu-alloc: s0 r0 d32768 u32768 alloc=1*32768
[    0.000000] pcpu-alloc: [0] 0 
[    0.000000] Built 1 zonelists in Zone order, mobility grouping on.  Total pages: 65024
[    0.000000] Kernel command line: root=/dev/vda1 console=ttyS0 nandsim.parts=64,64,64,64,64,64,64,64,64,64 rdinit=/firmadyne/preInit.sh rw debug ignore_loglevel print-fatal-signals=1 user_debug=31 firmadyne.syscall=0
[    0.000000] PID hash table entries: 1024 (order: 0, 4096 bytes)
[    0.000000] Dentry cache hash table entries: 32768 (order: 5, 131072 bytes)
[    0.000000] Inode-cache hash table entries: 16384 (order: 4, 65536 bytes)
[    0.000000] Memory: 253344K/262144K available (4297K kernel code, 170K rwdata, 1584K rodata, 180K init, 148K bss, 8800K reserved, 0K cma-reserved)
[    0.000000] Virtual kernel memory layout:
[    0.000000]     vector  : 0xffff0000 - 0xffff1000   (   4 kB)
[    0.000000]     fixmap  : 0xffc00000 - 0xfff00000   (3072 kB)
[    0.000000]     vmalloc : 0xd0800000 - 0xff000000   ( 744 MB)
[    0.000000]     lowmem  : 0xc0000000 - 0xd0000000   ( 256 MB)
[    0.000000]     modules : 0xbf000000 - 0xc0000000   (  16 MB)
[    0.000000]       .text : 0xc0008000 - 0xc05c67bc   (5882 kB)
[    0.000000]       .init : 0xc05c7000 - 0xc05f4000   ( 180 kB)
[    0.000000]       .data : 0xc05f4000 - 0xc061e840   ( 171 kB)
[    0.000000]        .bss : 0xc0621000 - 0xc06462d4   ( 149 kB)
[    0.000000] NR_IRQS:16 nr_irqs:16 16
[    0.000000] Architected cp15 timer(s) running at 62.50MHz (virt).
[    0.000000] clocksource arch_sys_counter: mask: 0xffffffffffffff max_cycles: 0x1cd42e208c, max_idle_ns: 881590405314 ns
[    0.000127] sched_clock: 56 bits at 62MHz, resolution 16ns, wraps every 4398046511096ns
[    0.000228] Switching to timer-based delay loop, resolution 16ns
[    0.002814] Console: colour dummy device 80x30
[    0.003086] Calibrating delay loop (skipped), value calculated using timer frequency.. 125.00 BogoMIPS (lpj=625000)
[    0.003192] pid_max: default: 32768 minimum: 301
[    0.003962] Mount-cache hash table entries: 1024 (order: 0, 4096 bytes)
[    0.003992] Mountpoint-cache hash table entries: 1024 (order: 0, 4096 bytes)
[    0.011698] CPU: Testing write buffer coherency: ok
[    0.016874] Setting up static identity map for 0x40008240 - 0x40008298
[    0.029634] VFP support v0.3: implementor 41 architecture 4 part 30 variant f rev 0
[    0.039880] clocksource jiffies: mask: 0xffffffff max_cycles: 0xffffffff, max_idle_ns: 19112604462750000 ns
[    0.047579] NET: Registered protocol family 16
[    0.050231] DMA: preallocated 256 KiB pool for atomic coherent allocations
[    0.053713] cpuidle: using governor ladder
[    0.053845] cpuidle: using governor menu
[    0.056838] genirq: Setting trigger mode 1 for irq 20 failed (gic_set_type+0x0/0x48)
[    0.058347] genirq: Setting trigger mode 1 for irq 21 failed (gic_set_type+0x0/0x48)
[    0.058611] genirq: Setting trigger mode 1 for irq 22 failed (gic_set_type+0x0/0x48)
[    0.058868] genirq: Setting trigger mode 1 for irq 23 failed (gic_set_type+0x0/0x48)
[    0.059145] genirq: Setting trigger mode 1 for irq 24 failed (gic_set_type+0x0/0x48)
[    0.059413] genirq: Setting trigger mode 1 for irq 25 failed (gic_set_type+0x0/0x48)
[    0.059649] genirq: Setting trigger mode 1 for irq 26 failed (gic_set_type+0x0/0x48)
[    0.059887] genirq: Setting trigger mode 1 for irq 27 failed (gic_set_type+0x0/0x48)
[    0.060248] genirq: Setting trigger mode 1 for irq 28 failed (gic_set_type+0x0/0x48)
[    0.060523] genirq: Setting trigger mode 1 for irq 29 failed (gic_set_type+0x0/0x48)
[    0.060766] genirq: Setting trigger mode 1 for irq 30 failed (gic_set_type+0x0/0x48)
[    0.061015] genirq: Setting trigger mode 1 for irq 31 failed (gic_set_type+0x0/0x48)
[    0.061278] genirq: Setting trigger mode 1 for irq 32 failed (gic_set_type+0x0/0x48)
[    0.061523] genirq: Setting trigger mode 1 for irq 33 failed (gic_set_type+0x0/0x48)
[    0.061751] genirq: Setting trigger mode 1 for irq 34 failed (gic_set_type+0x0/0x48)
[    0.061977] genirq: Setting trigger mode 1 for irq 35 failed (gic_set_type+0x0/0x48)
[    0.062258] genirq: Setting trigger mode 1 for irq 36 failed (gic_set_type+0x0/0x48)
[    0.062511] genirq: Setting trigger mode 1 for irq 37 failed (gic_set_type+0x0/0x48)
[    0.062794] genirq: Setting trigger mode 1 for irq 38 failed (gic_set_type+0x0/0x48)
[    0.063039] genirq: Setting trigger mode 1 for irq 39 failed (gic_set_type+0x0/0x48)
[    0.063523] genirq: Setting trigger mode 1 for irq 40 failed (gic_set_type+0x0/0x48)
[    0.063782] genirq: Setting trigger mode 1 for irq 41 failed (gic_set_type+0x0/0x48)
[    0.064033] genirq: Setting trigger mode 1 for irq 42 failed (gic_set_type+0x0/0x48)
[    0.064310] genirq: Setting trigger mode 1 for irq 43 failed (gic_set_type+0x0/0x48)
[    0.064597] genirq: Setting trigger mode 1 for irq 44 failed (gic_set_type+0x0/0x48)
[    0.064862] genirq: Setting trigger mode 1 for irq 45 failed (gic_set_type+0x0/0x48)
[    0.065103] genirq: Setting trigger mode 1 for irq 46 failed (gic_set_type+0x0/0x48)
[    0.065418] genirq: Setting trigger mode 1 for irq 47 failed (gic_set_type+0x0/0x48)
[    0.065676] genirq: Setting trigger mode 1 for irq 48 failed (gic_set_type+0x0/0x48)
[    0.065918] genirq: Setting trigger mode 1 for irq 49 failed (gic_set_type+0x0/0x48)
[    0.066175] genirq: Setting trigger mode 1 for irq 50 failed (gic_set_type+0x0/0x48)
[    0.066449] genirq: Setting trigger mode 1 for irq 51 failed (gic_set_type+0x0/0x48)
[    0.066867] genirq: Setting trigger mode 1 for irq 52 failed (gic_set_type+0x0/0x48)
[    0.069977] Serial: AMBA PL011 UART driver
[    0.071722] 9000000.pl011: ttyS0 at MMIO 0x9000000 (irq = 52, base_baud = 0) is a PL011 rev1
[    0.131512] console [ttyS0] enabled
[    0.151312] vgaarb: loaded
[    0.153151] SCSI subsystem initialized
[    0.154762] usbcore: registered new interface driver usbfs
[    0.156024] usbcore: registered new interface driver hub
[    0.157243] usbcore: registered new device driver usb
[    0.165790] cfg80211: Calling CRDA to update world regulatory domain
[    0.169188] Switched to clocksource arch_sys_counter
[    0.182800] NET: Registered protocol family 2
[    0.187695] TCP established hash table entries: 2048 (order: 1, 8192 bytes)
[    0.190375] TCP bind hash table entries: 2048 (order: 1, 8192 bytes)
[    0.191762] TCP: Hash tables configured (established 2048 bind 2048)
[    0.193338] UDP hash table entries: 256 (order: 0, 4096 bytes)
[    0.194557] UDP-Lite hash table entries: 256 (order: 0, 4096 bytes)
[    0.196857] NET: Registered protocol family 1
[    0.198091] PCI: CLS 0 bytes, default 64
[    0.205461] NetWinder Floating Point Emulator V0.97 (extended precision)
[    0.209074] futex hash table entries: 256 (order: -1, 3072 bytes)
[    0.214745] squashfs: version 4.0 (2009/01/31) Phillip Lougher
[    0.217051] jffs2: version 2.2. (NAND) Â© 2001-2006 Red Hat, Inc.
[    0.219094] romfs: ROMFS MTD (C) 2007 Red Hat, Inc.
[    0.226986] Block layer SCSI generic (bsg) driver version 0.4 loaded (major 253)
[    0.228542] io scheduler noop registered
[    0.229713] io scheduler cfq registered (default)
[    0.231180] firmadyne: devfs: 1, execute: 1, procfs: 1, syscall: 0
[    0.233374] ------------[ cut here ]------------
[    0.234311] WARNING: CPU: 0 PID: 1 at /home/vagrant/firmadyne-kernel/kernel-v4.1/fs/sysfs/dir.c:31 sysfs_warn_dup+0x50/0x6c()
[    0.236342] sysfs: cannot create duplicate filename '/class/gpio'
[    0.237489] Modules linked in:
[    0.238313] CPU: 0 PID: 1 Comm: swapper Not tainted 4.1.17+ #1
[    0.239686] Hardware name: Generic DT based system
[    0.241194] [<c001c99c>] (unwind_backtrace) from [<c0019d30>] (show_stack+0x10/0x14)
[    0.242748] [<c0019d30>] (show_stack) from [<c0024ab4>] (warn_slowpath_common+0x80/0xa8)
[    0.244226] [<c0024ab4>] (warn_slowpath_common) from [<c0024b08>] (warn_slowpath_fmt+0x2c/0x3c)
[    0.245859] [<c0024b08>] (warn_slowpath_fmt) from [<c00e363c>] (sysfs_warn_dup+0x50/0x6c)
[    0.247376] [<c00e363c>] (sysfs_warn_dup) from [<c00e3714>] (sysfs_create_dir_ns+0x74/0x84)
[    0.249139] [<c00e3714>] (sysfs_create_dir_ns) from [<c018e6ac>] (kobject_add_internal+0xb8/0x2ac)
[    0.250204] [<c018e6ac>] (kobject_add_internal) from [<c018e9a8>] (kset_register+0x1c/0x44)
[    0.251124] [<c018e9a8>] (kset_register) from [<c02090b4>] (__class_register+0xa8/0x198)
[    0.251933] [<c02090b4>] (__class_register) from [<c02091e4>] (__class_create+0x40/0x70)
[    0.252643] [<c02091e4>] (__class_create) from [<c01adf68>] (register_devfs_stubs+0x314/0xbb4)
[    0.253591] [<c01adf68>] (register_devfs_stubs) from [<c05d9b08>] (init_module+0x28/0xa4)
[    0.254473] [<c05d9b08>] (init_module) from [<c0009670>] (do_one_initcall+0x104/0x1b4)
[    0.255385] [<c0009670>] (do_one_initcall) from [<c05c7d08>] (kernel_init_freeable+0xf0/0x1b0)
[    0.256104] [<c05c7d08>] (kernel_init_freeable) from [<c040f28c>] (kernel_init+0x8/0xe4)
[    0.256764] [<c040f28c>] (kernel_init) from [<c0016da8>] (ret_from_fork+0x14/0x2c)
[    0.257704] ---[ end trace 406d1af02d59fe46 ]---
[    0.258636] ------------[ cut here ]------------
[    0.259507] WARNING: CPU: 0 PID: 1 at /home/vagrant/firmadyne-kernel/kernel-v4.1/lib/kobject.c:240 kobject_add_internal+0x240/0x2ac()
[    0.260895] kobject_add_internal failed for gpio with -EEXIST, don't try to register things with the same name in the same directory.
[    0.261714] Modules linked in:
[    0.262276] CPU: 0 PID: 1 Comm: swapper Tainted: G        W       4.1.17+ #1
[    0.263156] Hardware name: Generic DT based system
[    0.263685] [<c001c99c>] (unwind_backtrace) from [<c0019d30>] (show_stack+0x10/0x14)
[    0.264534] [<c0019d30>] (show_stack) from [<c0024ab4>] (warn_slowpath_common+0x80/0xa8)
[    0.265320] [<c0024ab4>] (warn_slowpath_common) from [<c0024b08>] (warn_slowpath_fmt+0x2c/0x3c)
[    0.266220] [<c0024b08>] (warn_slowpath_fmt) from [<c018e834>] (kobject_add_internal+0x240/0x2ac)
[    0.266958] [<c018e834>] (kobject_add_internal) from [<c018e9a8>] (kset_register+0x1c/0x44)
[    0.267711] [<c018e9a8>] (kset_register) from [<c02090b4>] (__class_register+0xa8/0x198)
[    0.268506] [<c02090b4>] (__class_register) from [<c02091e4>] (__class_create+0x40/0x70)
[    0.269799] [<c02091e4>] (__class_create) from [<c01adf68>] (register_devfs_stubs+0x314/0xbb4)
[    0.270749] [<c01adf68>] (register_devfs_stubs) from [<c05d9b08>] (init_module+0x28/0xa4)
[    0.271641] [<c05d9b08>] (init_module) from [<c0009670>] (do_one_initcall+0x104/0x1b4)
[    0.272182] [<c0009670>] (do_one_initcall) from [<c05c7d08>] (kernel_init_freeable+0xf0/0x1b0)
[    0.272999] [<c05c7d08>] (kernel_init_freeable) from [<c040f28c>] (kernel_init+0x8/0xe4)
[    0.273806] [<c040f28c>] (kernel_init) from [<c0016da8>] (ret_from_fork+0x14/0x2c)
[    0.274576] ---[ end trace 406d1af02d59fe47 ]---
[    0.275278] firmadyne: Cannot create device class: gpio!
[    0.277413] firmadyne: Cannot register character device: watchdog, 0xa, 0x82!
[    0.279030] firmadyne: Cannot register character device: wdt, 0xfd, 0x0!
[    0.380333] Non-volatile memory driver v1.3
[    0.400885] brd: module loaded
[    0.409758] loop: module loaded
[    0.418946]  vda: vda1
[    0.423444] [nandsim] warning: read_byte: unexpected data output cycle, state is STATE_READY return 0x0
[    0.425223] [nandsim] warning: read_byte: unexpected data output cycle, state is STATE_READY return 0x0
[    0.426906] [nandsim] warning: read_byte: unexpected data output cycle, state is STATE_READY return 0x0
[    0.428592] [nandsim] warning: read_byte: unexpected data output cycle, state is STATE_READY return 0x0
[    0.430488] [nandsim] warning: read_byte: unexpected data output cycle, state is STATE_READY return 0x0
[    0.432183] [nandsim] warning: read_byte: unexpected data output cycle, state is STATE_READY return 0x0
[    0.433481] nand: device found, Manufacturer ID: 0x98, Chip ID: 0x39
[    0.434647] nand: Toshiba NAND 128MiB 1,8V 8-bit
[    0.435253] nand: 128 MiB, SLC, erase size: 16 KiB, page size: 512, OOB size: 16
[    0.436860] flash size: 128 MiB
[    0.437480] page size: 512 bytes
[    0.438071] OOB area size: 16 bytes
[    0.438971] sector size: 16 KiB
[    0.439572] pages number: 262144
[    0.440160] pages per sector: 32
[    0.440750] bus width: 8
[    0.441194] bits in sector size: 14
[    0.441464] bits in page size: 9
[    0.441923] bits in OOB size: 4
[    0.442024] flash size with OOB: 135168 KiB
[    0.442776] page address bytes: 4
[    0.443075] sector address bytes: 3
[    0.443329] options: 0x42
[    0.447586] Scanning device for bad blocks
[    0.562343] Creating 11 MTD partitions on "NAND 128MiB 1,8V 8-bit":
[    0.563968] 0x000000000000-0x000000100000 : "NAND simulator partition 0"
[    0.567984] 0x000000100000-0x000000200000 : "NAND simulator partition 1"
[    0.570784] 0x000000200000-0x000000300000 : "NAND simulator partition 2"
[    0.573244] 0x000000300000-0x000000400000 : "NAND simulator partition 3"
[    0.575693] 0x000000400000-0x000000500000 : "NAND simulator partition 4"
[    0.578116] 0x000000500000-0x000000600000 : "NAND simulator partition 5"
[    0.580822] 0x000000600000-0x000000700000 : "NAND simulator partition 6"
[    0.583317] 0x000000700000-0x000000800000 : "NAND simulator partition 7"
[    0.585799] 0x000000800000-0x000000900000 : "NAND simulator partition 8"
[    0.588370] 0x000000900000-0x000000a00000 : "NAND simulator partition 9"
[    0.591130] 0x000000a00000-0x000008000000 : "NAND simulator partition 10"
[    0.596424] tun: Universal TUN/TAP device driver, 1.6
[    0.597418] tun: (C) 1999-2004 Max Krasnyansky <maxk@qualcomm.com>
[    0.611985] PPP generic driver version 2.4.2
[    0.613484] PPP BSD Compression module registered
[    0.614479] PPP Deflate Compression module registered
[    0.615496] PPP MPPE Compression module registered
[    0.616453] NET: Registered protocol family 24
[    0.617539] PPTP driver version 0.8.5
[    0.619090] usbcore: registered new interface driver usb-storage
[    0.621685] hidraw: raw HID events driver (C) Jiri Kosina
[    0.623173] usbcore: registered new interface driver usbhid
[    0.624205] usbhid: USB HID core driver
[    0.625349] Netfilter messages via NETLINK v0.30.
[    0.626779] nf_conntrack version 0.5.0 (3958 buckets, 15832 max)
[    0.629289] ctnetlink v0.93: registering with nfnetlink.
[    0.631564] ipip: IPv4 over IPv4 tunneling driver
[    0.634199] gre: GRE over IPv4 demultiplexor driver
[    0.635201] ip_gre: GRE over IPv4 tunneling driver
[    0.640329] ip_tables: (C) 2000-2006 Netfilter Core Team
[    0.642815] arp_tables: (C) 2002 David S. Miller
[    0.644722] Initializing XFRM netlink socket
[    0.645999] NET: Registered protocol family 10
[    0.652779] ip6_tables: (C) 2000-2006 Netfilter Core Team
[    0.655272] sit: IPv6 over IPv4 tunneling driver
[    0.659980] NET: Registered protocol family 17
[    0.661376] bridge: automatic filtering via arp/ip/ip6tables has been deprecated. Update your scripts to load br_netfilter if you need this.
[    0.663735] Bridge firewalling registered
[    0.664571] Ebtables v2.0 registered
[    0.666274] 8021q: 802.1Q VLAN Support v1.8
[    0.667649] Registering SWP/SWPB emulation handler
[    0.670601] hctosys: unable to open rtc device (rtc0)
[    0.680626] EXT4-fs (vda1): couldn't mount as ext3 due to feature incompatibilities
[    0.683683] EXT4-fs (vda1): mounting ext2 file system using the ext4 subsystem
[    0.694068] EXT4-fs (vda1): warning: mounting unchecked fs, running e2fsck is recommended
[    0.699420] EXT4-fs (vda1): mounted filesystem without journal. Opts: (null)
[    0.701663] VFS: Mounted root (ext2 filesystem) on device 254:1.
[    0.707553] Freeing unused kernel memory: 180K (c05c7000 - c05f4000)
[    0.710858] Starting init: /sbin/init exists but couldn't execute it (error -20)
[    0.717804] Starting init: /bin/init exists but couldn't execute it (error -20)
[    0.719532] firmadyne: do_execve: /firmadyne/console
[    0.720555] OFFSETS: offset of pid: 0x190 offset of comm: 0x270
[    0.721674] Starting init: /bin/sh exists but couldn't execute it (error -20)
[    0.723079] Kernel panic - not syncing: No working init found.  Try passing init= option to kernel. See Linux Documentation/init.txt for guidance.
[    0.725483] CPU: 0 PID: 1 Comm: swapper Tainted: G        W       4.1.17+ #1
[    0.726753] Hardware name: Generic DT based system
[    0.727666] [<c001c99c>] (unwind_backtrace) from [<c0019d30>] (show_stack+0x10/0x14)
[    0.728961] [<c0019d30>] (show_stack) from [<c0410b78>] (panic+0x70/0x1c8)
[    0.729614] [<c0410b78>] (panic) from [<c040f33c>] (kernel_init+0xb8/0xe4)
[    0.730298] [<c040f33c>] (kernel_init) from [<c0016da8>] (ret_from_fork+0x14/0x2c)
[    0.731253] ---[ end Kernel panic - not syncing: No working init found.  Try passing init= option to kernel. See Linux Documentation/init.txt for guidance.
