[    0.000000] Booting Linux on physical CPU 0x0
[    0.000000] Linux version 4.1.17+ (vagrant@vagrant-ubuntu-trusty-64) (gcc version 5.3.0 (GCC) ) #1 Thu Feb 18 01:05:21 UTC 2016
[    0.000000] CPU: ARMv7 Processor [412fc0f1] revision 1 (ARMv7), cr=10c5387d
[    0.000000] CPU: PIPT / VIPT nonaliasing data cache, PIPT instruction cache
[    0.000000] Machine model: linux,dummy-virt
[    0.000000] debug: ignoring loglevel setting.
[    0.000000] Memory policy: Data cache writeback
[    0.000000] On node 0 totalpages: 65536
[    0.000000] free_area_init_node: node 0, pgdat c061dfe8, node_mem_map cfdf9000
[    0.000000]   Normal zone: 512 pages used for memmap
[    0.000000]   Normal zone: 0 pages reserved
[    0.000000]   Normal zone: 65536 pages, LIFO batch:15
[    0.000000] CPU: All CPU(s) started in SVC mode.
[    0.000000] pcpu-alloc: s0 r0 d32768 u32768 alloc=1*32768
[    0.000000] pcpu-alloc: [0] 0 
[    0.000000] Built 1 zonelists in Zone order, mobility grouping on.  Total pages: 65024
[    0.000000] Kernel command line: firmadyne.syscall=1 root=/dev/vda1 console=ttyS0 nandsim.parts=64,64,64,64,64,64,64,64,64,64 rdinit=/firmadyne/preInit.sh rw debug ignore_loglevel print-fatal-signals=1 user_debug=31
[    0.000000] PID hash table entries: 1024 (order: 0, 4096 bytes)
[    0.000000] Dentry cache hash table entries: 32768 (order: 5, 131072 bytes)
[    0.000000] Inode-cache hash table entries: 16384 (order: 4, 65536 bytes)
[    0.000000] Memory: 253344K/262144K available (4297K kernel code, 170K rwdata, 1584K rodata, 180K init, 148K bss, 8800K reserved, 0K cma-reserved)
[    0.000000] Virtual kernel memory layout:
[    0.000000]     vector  : 0xffff0000 - 0xffff1000   (   4 kB)
[    0.000000]     fixmap  : 0xffc00000 - 0xfff00000   (3072 kB)
[    0.000000]     vmalloc : 0xd0800000 - 0xff000000   ( 744 MB)
[    0.000000]     lowmem  : 0xc0000000 - 0xd0000000   ( 256 MB)
[    0.000000]     modules : 0xbf000000 - 0xc0000000   (  16 MB)
[    0.000000]       .text : 0xc0008000 - 0xc05c67bc   (5882 kB)
[    0.000000]       .init : 0xc05c7000 - 0xc05f4000   ( 180 kB)
[    0.000000]       .data : 0xc05f4000 - 0xc061e840   ( 171 kB)
[    0.000000]        .bss : 0xc0621000 - 0xc06462d4   ( 149 kB)
[    0.000000] NR_IRQS:16 nr_irqs:16 16
[    0.000000] Architected cp15 timer(s) running at 62.50MHz (virt).
[    0.000000] clocksource arch_sys_counter: mask: 0xffffffffffffff max_cycles: 0x1cd42e208c, max_idle_ns: 881590405314 ns
[    0.000128] sched_clock: 56 bits at 62MHz, resolution 16ns, wraps every 4398046511096ns
[    0.000229] Switching to timer-based delay loop, resolution 16ns
[    0.002722] Console: colour dummy device 80x30
[    0.002985] Calibrating delay loop (skipped), value calculated using timer frequency.. 125.00 BogoMIPS (lpj=625000)
[    0.003086] pid_max: default: 32768 minimum: 301
[    0.003834] Mount-cache hash table entries: 1024 (order: 0, 4096 bytes)
[    0.003864] Mountpoint-cache hash table entries: 1024 (order: 0, 4096 bytes)
[    0.011308] CPU: Testing write buffer coherency: ok
[    0.016256] Setting up static identity map for 0x40008240 - 0x40008298
[    0.028175] VFP support v0.3: implementor 41 architecture 4 part 30 variant f rev 0
[    0.038130] clocksource jiffies: mask: 0xffffffff max_cycles: 0xffffffff, max_idle_ns: 19112604462750000 ns
[    0.045609] NET: Registered protocol family 16
[    0.048118] DMA: preallocated 256 KiB pool for atomic coherent allocations
[    0.051337] cpuidle: using governor ladder
[    0.051463] cpuidle: using governor menu
[    0.054596] genirq: Setting trigger mode 1 for irq 20 failed (gic_set_type+0x0/0x48)
[    0.056042] genirq: Setting trigger mode 1 for irq 21 failed (gic_set_type+0x0/0x48)
[    0.056300] genirq: Setting trigger mode 1 for irq 22 failed (gic_set_type+0x0/0x48)
[    0.056557] genirq: Setting trigger mode 1 for irq 23 failed (gic_set_type+0x0/0x48)
[    0.056817] genirq: Setting trigger mode 1 for irq 24 failed (gic_set_type+0x0/0x48)
[    0.057062] genirq: Setting trigger mode 1 for irq 25 failed (gic_set_type+0x0/0x48)
[    0.057296] genirq: Setting trigger mode 1 for irq 26 failed (gic_set_type+0x0/0x48)
[    0.057560] genirq: Setting trigger mode 1 for irq 27 failed (gic_set_type+0x0/0x48)
[    0.057896] genirq: Setting trigger mode 1 for irq 28 failed (gic_set_type+0x0/0x48)
[    0.058145] genirq: Setting trigger mode 1 for irq 29 failed (gic_set_type+0x0/0x48)
[    0.058375] genirq: Setting trigger mode 1 for irq 30 failed (gic_set_type+0x0/0x48)
[    0.058620] genirq: Setting trigger mode 1 for irq 31 failed (gic_set_type+0x0/0x48)
[    0.058851] genirq: Setting trigger mode 1 for irq 32 failed (gic_set_type+0x0/0x48)
[    0.059087] genirq: Setting trigger mode 1 for irq 33 failed (gic_set_type+0x0/0x48)
[    0.059429] genirq: Setting trigger mode 1 for irq 34 failed (gic_set_type+0x0/0x48)
[    0.059690] genirq: Setting trigger mode 1 for irq 35 failed (gic_set_type+0x0/0x48)
[    0.059932] genirq: Setting trigger mode 1 for irq 36 failed (gic_set_type+0x0/0x48)
[    0.060171] genirq: Setting trigger mode 1 for irq 37 failed (gic_set_type+0x0/0x48)
[    0.060451] genirq: Setting trigger mode 1 for irq 38 failed (gic_set_type+0x0/0x48)
[    0.060698] genirq: Setting trigger mode 1 for irq 39 failed (gic_set_type+0x0/0x48)
[    0.060933] genirq: Setting trigger mode 1 for irq 40 failed (gic_set_type+0x0/0x48)
[    0.061174] genirq: Setting trigger mode 1 for irq 41 failed (gic_set_type+0x0/0x48)
[    0.061450] genirq: Setting trigger mode 1 for irq 42 failed (gic_set_type+0x0/0x48)
[    0.061702] genirq: Setting trigger mode 1 for irq 43 failed (gic_set_type+0x0/0x48)
[    0.061957] genirq: Setting trigger mode 1 for irq 44 failed (gic_set_type+0x0/0x48)
[    0.062212] genirq: Setting trigger mode 1 for irq 45 failed (gic_set_type+0x0/0x48)
[    0.062452] genirq: Setting trigger mode 1 for irq 46 failed (gic_set_type+0x0/0x48)
[    0.062733] genirq: Setting trigger mode 1 for irq 47 failed (gic_set_type+0x0/0x48)
[    0.062983] genirq: Setting trigger mode 1 for irq 48 failed (gic_set_type+0x0/0x48)
[    0.063459] genirq: Setting trigger mode 1 for irq 49 failed (gic_set_type+0x0/0x48)
[    0.063708] genirq: Setting trigger mode 1 for irq 50 failed (gic_set_type+0x0/0x48)
[    0.063945] genirq: Setting trigger mode 1 for irq 51 failed (gic_set_type+0x0/0x48)
[    0.064364] genirq: Setting trigger mode 1 for irq 52 failed (gic_set_type+0x0/0x48)
[    0.067391] Serial: AMBA PL011 UART driver
[    0.069046] 9000000.pl011: ttyS0 at MMIO 0x9000000 (irq = 52, base_baud = 0) is a PL011 rev1
[    0.089645] console [ttyS0] enabled
[    0.108712] vgaarb: loaded
[    0.109941] SCSI subsystem initialized
[    0.110797] usbcore: registered new interface driver usbfs
[    0.111155] usbcore: registered new interface driver hub
[    0.111561] usbcore: registered new device driver usb
[    0.119043] cfg80211: Calling CRDA to update world regulatory domain
[    0.121023] Switched to clocksource arch_sys_counter
[    0.135262] NET: Registered protocol family 2
[    0.139248] TCP established hash table entries: 2048 (order: 1, 8192 bytes)
[    0.139582] TCP bind hash table entries: 2048 (order: 1, 8192 bytes)
[    0.139941] TCP: Hash tables configured (established 2048 bind 2048)
[    0.140465] UDP hash table entries: 256 (order: 0, 4096 bytes)
[    0.141036] UDP-Lite hash table entries: 256 (order: 0, 4096 bytes)
[    0.142300] NET: Registered protocol family 1
[    0.142726] PCI: CLS 0 bytes, default 64
[    0.148780] NetWinder Floating Point Emulator V0.97 (extended precision)
[    0.151171] futex hash table entries: 256 (order: -1, 3072 bytes)
[    0.155615] squashfs: version 4.0 (2009/01/31) Phillip Lougher
[    0.156555] jffs2: version 2.2. (NAND) Â© 2001-2006 Red Hat, Inc.
[    0.157302] romfs: ROMFS MTD (C) 2007 Red Hat, Inc.
[    0.164671] Block layer SCSI generic (bsg) driver version 0.4 loaded (major 253)
[    0.165042] io scheduler noop registered
[    0.165291] io scheduler cfq registered (default)
[    0.165928] firmadyne: devfs: 1, execute: 1, procfs: 1, syscall: 1
[    0.167050] ------------[ cut here ]------------
[    0.167259] WARNING: CPU: 0 PID: 1 at /home/vagrant/firmadyne-kernel/kernel-v4.1/fs/sysfs/dir.c:31 sysfs_warn_dup+0x50/0x6c()
[    0.167645] sysfs: cannot create duplicate filename '/class/gpio'
[    0.167883] Modules linked in:
[    0.168188] CPU: 0 PID: 1 Comm: swapper Not tainted 4.1.17+ #1
[    0.168401] Hardware name: Generic DT based system
[    0.169058] [<c001c99c>] (unwind_backtrace) from [<c0019d30>] (show_stack+0x10/0x14)
[    0.169426] [<c0019d30>] (show_stack) from [<c0024ab4>] (warn_slowpath_common+0x80/0xa8)
[    0.169736] [<c0024ab4>] (warn_slowpath_common) from [<c0024b08>] (warn_slowpath_fmt+0x2c/0x3c)
[    0.170091] [<c0024b08>] (warn_slowpath_fmt) from [<c00e363c>] (sysfs_warn_dup+0x50/0x6c)
[    0.170382] [<c00e363c>] (sysfs_warn_dup) from [<c00e3714>] (sysfs_create_dir_ns+0x74/0x84)
[    0.170679] [<c00e3714>] (sysfs_create_dir_ns) from [<c018e6ac>] (kobject_add_internal+0xb8/0x2ac)
[    0.171212] [<c018e6ac>] (kobject_add_internal) from [<c018e9a8>] (kset_register+0x1c/0x44)
[    0.171525] [<c018e9a8>] (kset_register) from [<c02090b4>] (__class_register+0xa8/0x198)
[    0.171814] [<c02090b4>] (__class_register) from [<c02091e4>] (__class_create+0x40/0x70)
[    0.172104] [<c02091e4>] (__class_create) from [<c01adf68>] (register_devfs_stubs+0x314/0xbb4)
[    0.172410] [<c01adf68>] (register_devfs_stubs) from [<c05d9b08>] (init_module+0x28/0xa4)
[    0.172730] [<c05d9b08>] (init_module) from [<c0009670>] (do_one_initcall+0x104/0x1b4)
[    0.173019] [<c0009670>] (do_one_initcall) from [<c05c7d08>] (kernel_init_freeable+0xf0/0x1b0)
[    0.173336] [<c05c7d08>] (kernel_init_freeable) from [<c040f28c>] (kernel_init+0x8/0xe4)
[    0.173626] [<c040f28c>] (kernel_init) from [<c0016da8>] (ret_from_fork+0x14/0x2c)
[    0.173959] ---[ end trace 3aea1c1b7b793eef ]---
[    0.174197] ------------[ cut here ]------------
[    0.174375] WARNING: CPU: 0 PID: 1 at /home/vagrant/firmadyne-kernel/kernel-v4.1/lib/kobject.c:240 kobject_add_internal+0x240/0x2ac()
[    0.174774] kobject_add_internal failed for gpio with -EEXIST, don't try to register things with the same name in the same directory.
[    0.175170] Modules linked in:
[    0.175353] CPU: 0 PID: 1 Comm: swapper Tainted: G        W       4.1.17+ #1
[    0.175594] Hardware name: Generic DT based system
[    0.175782] [<c001c99c>] (unwind_backtrace) from [<c0019d30>] (show_stack+0x10/0x14)
[    0.176062] [<c0019d30>] (show_stack) from [<c0024ab4>] (warn_slowpath_common+0x80/0xa8)
[    0.176354] [<c0024ab4>] (warn_slowpath_common) from [<c0024b08>] (warn_slowpath_fmt+0x2c/0x3c)
[    0.176666] [<c0024b08>] (warn_slowpath_fmt) from [<c018e834>] (kobject_add_internal+0x240/0x2ac)
[    0.176978] [<c018e834>] (kobject_add_internal) from [<c018e9a8>] (kset_register+0x1c/0x44)
[    0.177271] [<c018e9a8>] (kset_register) from [<c02090b4>] (__class_register+0xa8/0x198)
[    0.177567] [<c02090b4>] (__class_register) from [<c02091e4>] (__class_create+0x40/0x70)
[    0.177857] [<c02091e4>] (__class_create) from [<c01adf68>] (register_devfs_stubs+0x314/0xbb4)
[    0.178164] [<c01adf68>] (register_devfs_stubs) from [<c05d9b08>] (init_module+0x28/0xa4)
[    0.178457] [<c05d9b08>] (init_module) from [<c0009670>] (do_one_initcall+0x104/0x1b4)
[    0.178742] [<c0009670>] (do_one_initcall) from [<c05c7d08>] (kernel_init_freeable+0xf0/0x1b0)
[    0.179046] [<c05c7d08>] (kernel_init_freeable) from [<c040f28c>] (kernel_init+0x8/0xe4)
[    0.179337] [<c040f28c>] (kernel_init) from [<c0016da8>] (ret_from_fork+0x14/0x2c)
[    0.179609] ---[ end trace 3aea1c1b7b793ef0 ]---
[    0.179822] firmadyne: Cannot create device class: gpio!
[    0.181430] firmadyne: Cannot register character device: watchdog, 0xa, 0x82!
[    0.181707] firmadyne: Cannot register character device: wdt, 0xfd, 0x0!
[    0.280153] Non-volatile memory driver v1.3
[    0.300028] brd: module loaded
[    0.308310] loop: module loaded
[    0.316574]  vda: vda1
[    0.320486] [nandsim] warning: read_byte: unexpected data output cycle, state is STATE_READY return 0x0
[    0.321045] [nandsim] warning: read_byte: unexpected data output cycle, state is STATE_READY return 0x0
[    0.321376] [nandsim] warning: read_byte: unexpected data output cycle, state is STATE_READY return 0x0
[    0.321694] [nandsim] warning: read_byte: unexpected data output cycle, state is STATE_READY return 0x0
[    0.322010] [nandsim] warning: read_byte: unexpected data output cycle, state is STATE_READY return 0x0
[    0.322321] [nandsim] warning: read_byte: unexpected data output cycle, state is STATE_READY return 0x0
[    0.322853] nand: device found, Manufacturer ID: 0x98, Chip ID: 0x39
[    0.323089] nand: Toshiba NAND 128MiB 1,8V 8-bit
[    0.323285] nand: 128 MiB, SLC, erase size: 16 KiB, page size: 512, OOB size: 16
[    0.324154] flash size: 128 MiB
[    0.324279] page size: 512 bytes
[    0.324401] OOB area size: 16 bytes
[    0.324531] sector size: 16 KiB
[    0.324648] pages number: 262144
[    0.324768] pages per sector: 32
[    0.324888] bus width: 8
[    0.324985] bits in sector size: 14
[    0.325113] bits in page size: 9
[    0.325236] bits in OOB size: 4
[    0.325367] flash size with OOB: 135168 KiB
[    0.325517] page address bytes: 4
[    0.325639] sector address bytes: 3
[    0.325768] options: 0x42
[    0.329477] Scanning device for bad blocks
[    0.451625] Creating 11 MTD partitions on "NAND 128MiB 1,8V 8-bit":
[    0.452110] 0x000000000000-0x000000100000 : "NAND simulator partition 0"
[    0.455043] 0x000000100000-0x000000200000 : "NAND simulator partition 1"
[    0.456350] 0x000000200000-0x000000300000 : "NAND simulator partition 2"
[    0.457623] 0x000000300000-0x000000400000 : "NAND simulator partition 3"
[    0.458871] 0x000000400000-0x000000500000 : "NAND simulator partition 4"
[    0.460104] 0x000000500000-0x000000600000 : "NAND simulator partition 5"
[    0.461711] 0x000000600000-0x000000700000 : "NAND simulator partition 6"
[    0.463000] 0x000000700000-0x000000800000 : "NAND simulator partition 7"
[    0.464391] 0x000000800000-0x000000900000 : "NAND simulator partition 8"
[    0.465810] 0x000000900000-0x000000a00000 : "NAND simulator partition 9"
[    0.467092] 0x000000a00000-0x000008000000 : "NAND simulator partition 10"
[    0.471473] tun: Universal TUN/TAP device driver, 1.6
[    0.471668] tun: (C) 1999-2004 Max Krasnyansky <maxk@qualcomm.com>
[    0.487983] PPP generic driver version 2.4.2
[    0.488902] PPP BSD Compression module registered
[    0.489128] PPP Deflate Compression module registered
[    0.489414] PPP MPPE Compression module registered
[    0.489623] NET: Registered protocol family 24
[    0.489960] PPTP driver version 0.8.5
[    0.490644] usbcore: registered new interface driver usb-storage
[    0.492454] hidraw: raw HID events driver (C) Jiri Kosina
[    0.492966] usbcore: registered new interface driver usbhid
[    0.493191] usbhid: USB HID core driver
[    0.493659] Netfilter messages via NETLINK v0.30.
[    0.494251] nf_conntrack version 0.5.0 (3958 buckets, 15832 max)
[    0.495525] ctnetlink v0.93: registering with nfnetlink.
[    0.496839] ipip: IPv4 over IPv4 tunneling driver
[    0.498649] gre: GRE over IPv4 demultiplexor driver
[    0.498868] ip_gre: GRE over IPv4 tunneling driver
[    0.503403] ip_tables: (C) 2000-2006 Netfilter Core Team
[    0.504904] arp_tables: (C) 2002 David S. Miller
[    0.505946] Initializing XFRM netlink socket
[    0.506440] NET: Registered protocol family 10
[    0.512499] ip6_tables: (C) 2000-2006 Netfilter Core Team
[    0.513982] sit: IPv6 over IPv4 tunneling driver
[    0.517210] NET: Registered protocol family 17
[    0.517996] bridge: automatic filtering via arp/ip/ip6tables has been deprecated. Update your scripts to load br_netfilter if you need this.
[    0.518572] Bridge firewalling registered
[    0.518788] Ebtables v2.0 registered
[    0.519954] 8021q: 802.1Q VLAN Support v1.8
[    0.520621] Registering SWP/SWPB emulation handler
[    0.522968] hctosys: unable to open rtc device (rtc0)
[    0.533078] EXT4-fs (vda1): couldn't mount as ext3 due to feature incompatibilities
[    0.534982] EXT4-fs (vda1): mounting ext2 file system using the ext4 subsystem
[    0.547099] EXT4-fs (vda1): mounted filesystem without journal. Opts: (null)
[    0.548289] VFS: Mounted root (ext2 filesystem) on device 254:1.
[    0.553431] Freeing unused kernel memory: 180K (c05c7000 - c05f4000)
[    0.555382] Starting init: /sbin/init exists but couldn't execute it (error -20)
[    0.561054] Starting init: /bin/init exists but couldn't execute it (error -20)
[    0.561363] firmadyne: do_execve: /firmadyne/console
[    0.561595] OFFSETS: offset of pid: 0x190 offset of comm: 0x270
[    0.561841] Starting init: /bin/sh exists but couldn't execute it (error -20)
[    0.562145] Kernel panic - not syncing: No working init found.  Try passing init= option to kernel. See Linux Documentation/init.txt for guidance.
[    0.562608] CPU: 0 PID: 1 Comm: swapper Tainted: G        W       4.1.17+ #1
[    0.562850] Hardware name: Generic DT based system
[    0.563063] [<c001c99c>] (unwind_backtrace) from [<c0019d30>] (show_stack+0x10/0x14)
[    0.563357] [<c0019d30>] (show_stack) from [<c0410b78>] (panic+0x70/0x1c8)
[    0.563609] [<c0410b78>] (panic) from [<c040f33c>] (kernel_init+0xb8/0xe4)
[    0.563857] [<c040f33c>] (kernel_init) from [<c0016da8>] (ret_from_fork+0x14/0x2c)
[    0.564292] ---[ end Kernel panic - not syncing: No working init found.  Try passing init= option to kernel. See Linux Documentation/init.txt for guidance.
