[    0.000000] Booting Linux on physical CPU 0x0
[    0.000000] Linux version 4.1.17+ (vagrant@vagrant-ubuntu-trusty-64) (gcc version 5.3.0 (GCC) ) #1 Thu Feb 18 01:05:21 UTC 2016
[    0.000000] CPU: ARMv7 Processor [412fc0f1] revision 1 (ARMv7), cr=10c5387d
[    0.000000] CPU: PIPT / VIPT nonaliasing data cache, PIPT instruction cache
[    0.000000] Machine model: linux,dummy-virt
[    0.000000] debug: ignoring loglevel setting.
[    0.000000] Memory policy: Data cache writeback
[    0.000000] On node 0 totalpages: 65536
[    0.000000] free_area_init_node: node 0, pgdat c061dfe8, node_mem_map cfdf9000
[    0.000000]   Normal zone: 512 pages used for memmap
[    0.000000]   Normal zone: 0 pages reserved
[    0.000000]   Normal zone: 65536 pages, LIFO batch:15
[    0.000000] CPU: All CPU(s) started in SVC mode.
[    0.000000] pcpu-alloc: s0 r0 d32768 u32768 alloc=1*32768
[    0.000000] pcpu-alloc: [0] 0 
[    0.000000] Built 1 zonelists in Zone order, mobility grouping on.  Total pages: 65024
[    0.000000] Kernel command line: firmadyne.syscall=1 root=/dev/vda1 console=ttyS0 nandsim.parts=64,64,64,64,64,64,64,64,64,64 rdinit=/firmadyne/preInit.sh rw debug ignore_loglevel print-fatal-signals=1 user_debug=31
[    0.000000] PID hash table entries: 1024 (order: 0, 4096 bytes)
[    0.000000] Dentry cache hash table entries: 32768 (order: 5, 131072 bytes)
[    0.000000] Inode-cache hash table entries: 16384 (order: 4, 65536 bytes)
[    0.000000] Memory: 253344K/262144K available (4297K kernel code, 170K rwdata, 1584K rodata, 180K init, 148K bss, 8800K reserved, 0K cma-reserved)
[    0.000000] Virtual kernel memory layout:
[    0.000000]     vector  : 0xffff0000 - 0xffff1000   (   4 kB)
[    0.000000]     fixmap  : 0xffc00000 - 0xfff00000   (3072 kB)
[    0.000000]     vmalloc : 0xd0800000 - 0xff000000   ( 744 MB)
[    0.000000]     lowmem  : 0xc0000000 - 0xd0000000   ( 256 MB)
[    0.000000]     modules : 0xbf000000 - 0xc0000000   (  16 MB)
[    0.000000]       .text : 0xc0008000 - 0xc05c67bc   (5882 kB)
[    0.000000]       .init : 0xc05c7000 - 0xc05f4000   ( 180 kB)
[    0.000000]       .data : 0xc05f4000 - 0xc061e840   ( 171 kB)
[    0.000000]        .bss : 0xc0621000 - 0xc06462d4   ( 149 kB)
[    0.000000] NR_IRQS:16 nr_irqs:16 16
[    0.000000] Architected cp15 timer(s) running at 62.50MHz (virt).
[    0.000000] clocksource arch_sys_counter: mask: 0xffffffffffffff max_cycles: 0x1cd42e208c, max_idle_ns: 881590405314 ns
[    0.000129] sched_clock: 56 bits at 62MHz, resolution 16ns, wraps every 4398046511096ns
[    0.000230] Switching to timer-based delay loop, resolution 16ns
[    0.002791] Console: colour dummy device 80x30
[    0.003054] Calibrating delay loop (skipped), value calculated using timer frequency.. 125.00 BogoMIPS (lpj=625000)
[    0.003171] pid_max: default: 32768 minimum: 301
[    0.003920] Mount-cache hash table entries: 1024 (order: 0, 4096 bytes)
[    0.003950] Mountpoint-cache hash table entries: 1024 (order: 0, 4096 bytes)
[    0.011513] CPU: Testing write buffer coherency: ok
[    0.016533] Setting up static identity map for 0x40008240 - 0x40008298
[    0.028786] VFP support v0.3: implementor 41 architecture 4 part 30 variant f rev 0
[    0.038821] clocksource jiffies: mask: 0xffffffff max_cycles: 0xffffffff, max_idle_ns: 19112604462750000 ns
[    0.046373] NET: Registered protocol family 16
[    0.048902] DMA: preallocated 256 KiB pool for atomic coherent allocations
[    0.052112] cpuidle: using governor ladder
[    0.052250] cpuidle: using governor menu
[    0.055373] genirq: Setting trigger mode 1 for irq 20 failed (gic_set_type+0x0/0x48)
[    0.056826] genirq: Setting trigger mode 1 for irq 21 failed (gic_set_type+0x0/0x48)
[    0.057090] genirq: Setting trigger mode 1 for irq 22 failed (gic_set_type+0x0/0x48)
[    0.057366] genirq: Setting trigger mode 1 for irq 23 failed (gic_set_type+0x0/0x48)
[    0.057635] genirq: Setting trigger mode 1 for irq 24 failed (gic_set_type+0x0/0x48)
[    0.057885] genirq: Setting trigger mode 1 for irq 25 failed (gic_set_type+0x0/0x48)
[    0.058122] genirq: Setting trigger mode 1 for irq 26 failed (gic_set_type+0x0/0x48)
[    0.058376] genirq: Setting trigger mode 1 for irq 27 failed (gic_set_type+0x0/0x48)
[    0.058717] genirq: Setting trigger mode 1 for irq 28 failed (gic_set_type+0x0/0x48)
[    0.058969] genirq: Setting trigger mode 1 for irq 29 failed (gic_set_type+0x0/0x48)
[    0.059231] genirq: Setting trigger mode 1 for irq 30 failed (gic_set_type+0x0/0x48)
[    0.059505] genirq: Setting trigger mode 1 for irq 31 failed (gic_set_type+0x0/0x48)
[    0.059742] genirq: Setting trigger mode 1 for irq 32 failed (gic_set_type+0x0/0x48)
[    0.059984] genirq: Setting trigger mode 1 for irq 33 failed (gic_set_type+0x0/0x48)
[    0.060214] genirq: Setting trigger mode 1 for irq 34 failed (gic_set_type+0x0/0x48)
[    0.060478] genirq: Setting trigger mode 1 for irq 35 failed (gic_set_type+0x0/0x48)
[    0.060728] genirq: Setting trigger mode 1 for irq 36 failed (gic_set_type+0x0/0x48)
[    0.060972] genirq: Setting trigger mode 1 for irq 37 failed (gic_set_type+0x0/0x48)
[    0.061254] genirq: Setting trigger mode 1 for irq 38 failed (gic_set_type+0x0/0x48)
[    0.061521] genirq: Setting trigger mode 1 for irq 39 failed (gic_set_type+0x0/0x48)
[    0.061763] genirq: Setting trigger mode 1 for irq 40 failed (gic_set_type+0x0/0x48)
[    0.062008] genirq: Setting trigger mode 1 for irq 41 failed (gic_set_type+0x0/0x48)
[    0.062260] genirq: Setting trigger mode 1 for irq 42 failed (gic_set_type+0x0/0x48)
[    0.062528] genirq: Setting trigger mode 1 for irq 43 failed (gic_set_type+0x0/0x48)
[    0.062790] genirq: Setting trigger mode 1 for irq 44 failed (gic_set_type+0x0/0x48)
[    0.063051] genirq: Setting trigger mode 1 for irq 45 failed (gic_set_type+0x0/0x48)
[    0.063544] genirq: Setting trigger mode 1 for irq 46 failed (gic_set_type+0x0/0x48)
[    0.063845] genirq: Setting trigger mode 1 for irq 47 failed (gic_set_type+0x0/0x48)
[    0.064105] genirq: Setting trigger mode 1 for irq 48 failed (gic_set_type+0x0/0x48)
[    0.064351] genirq: Setting trigger mode 1 for irq 49 failed (gic_set_type+0x0/0x48)
[    0.064632] genirq: Setting trigger mode 1 for irq 50 failed (gic_set_type+0x0/0x48)
[    0.064876] genirq: Setting trigger mode 1 for irq 51 failed (gic_set_type+0x0/0x48)
[    0.065290] genirq: Setting trigger mode 1 for irq 52 failed (gic_set_type+0x0/0x48)
[    0.068346] Serial: AMBA PL011 UART driver
[    0.070047] 9000000.pl011: ttyS0 at MMIO 0x9000000 (irq = 52, base_baud = 0) is a PL011 rev1
[    0.091747] console [ttyS0] enabled
[    0.110760] vgaarb: loaded
[    0.111975] SCSI subsystem initialized
[    0.112869] usbcore: registered new interface driver usbfs
[    0.113248] usbcore: registered new interface driver hub
[    0.113599] usbcore: registered new device driver usb
[    0.121108] cfg80211: Calling CRDA to update world regulatory domain
[    0.123105] Switched to clocksource arch_sys_counter
[    0.137704] NET: Registered protocol family 2
[    0.141733] TCP established hash table entries: 2048 (order: 1, 8192 bytes)
[    0.142073] TCP bind hash table entries: 2048 (order: 1, 8192 bytes)
[    0.142441] TCP: Hash tables configured (established 2048 bind 2048)
[    0.143271] UDP hash table entries: 256 (order: 0, 4096 bytes)
[    0.143601] UDP-Lite hash table entries: 256 (order: 0, 4096 bytes)
[    0.145098] NET: Registered protocol family 1
[    0.145526] PCI: CLS 0 bytes, default 64
[    0.151385] NetWinder Floating Point Emulator V0.97 (extended precision)
[    0.153811] futex hash table entries: 256 (order: -1, 3072 bytes)
[    0.158282] squashfs: version 4.0 (2009/01/31) Phillip Lougher
[    0.159254] jffs2: version 2.2. (NAND) Â© 2001-2006 Red Hat, Inc.
[    0.160023] romfs: ROMFS MTD (C) 2007 Red Hat, Inc.
[    0.167477] Block layer SCSI generic (bsg) driver version 0.4 loaded (major 253)
[    0.167850] io scheduler noop registered
[    0.168114] io scheduler cfq registered (default)
[    0.168759] firmadyne: devfs: 1, execute: 1, procfs: 1, syscall: 1
[    0.169891] ------------[ cut here ]------------
[    0.170105] WARNING: CPU: 0 PID: 1 at /home/vagrant/firmadyne-kernel/kernel-v4.1/fs/sysfs/dir.c:31 sysfs_warn_dup+0x50/0x6c()
[    0.170503] sysfs: cannot create duplicate filename '/class/gpio'
[    0.170746] Modules linked in:
[    0.171062] CPU: 0 PID: 1 Comm: swapper Not tainted 4.1.17+ #1
[    0.171296] Hardware name: Generic DT based system
[    0.171957] [<c001c99c>] (unwind_backtrace) from [<c0019d30>] (show_stack+0x10/0x14)
[    0.172324] [<c0019d30>] (show_stack) from [<c0024ab4>] (warn_slowpath_common+0x80/0xa8)
[    0.172655] [<c0024ab4>] (warn_slowpath_common) from [<c0024b08>] (warn_slowpath_fmt+0x2c/0x3c)
[    0.173253] [<c0024b08>] (warn_slowpath_fmt) from [<c00e363c>] (sysfs_warn_dup+0x50/0x6c)
[    0.173557] [<c00e363c>] (sysfs_warn_dup) from [<c00e3714>] (sysfs_create_dir_ns+0x74/0x84)
[    0.173864] [<c00e3714>] (sysfs_create_dir_ns) from [<c018e6ac>] (kobject_add_internal+0xb8/0x2ac)
[    0.174201] [<c018e6ac>] (kobject_add_internal) from [<c018e9a8>] (kset_register+0x1c/0x44)
[    0.174505] [<c018e9a8>] (kset_register) from [<c02090b4>] (__class_register+0xa8/0x198)
[    0.174800] [<c02090b4>] (__class_register) from [<c02091e4>] (__class_create+0x40/0x70)
[    0.175115] [<c02091e4>] (__class_create) from [<c01adf68>] (register_devfs_stubs+0x314/0xbb4)
[    0.175430] [<c01adf68>] (register_devfs_stubs) from [<c05d9b08>] (init_module+0x28/0xa4)
[    0.175758] [<c05d9b08>] (init_module) from [<c0009670>] (do_one_initcall+0x104/0x1b4)
[    0.176058] [<c0009670>] (do_one_initcall) from [<c05c7d08>] (kernel_init_freeable+0xf0/0x1b0)
[    0.176372] [<c05c7d08>] (kernel_init_freeable) from [<c040f28c>] (kernel_init+0x8/0xe4)
[    0.176672] [<c040f28c>] (kernel_init) from [<c0016da8>] (ret_from_fork+0x14/0x2c)
[    0.177003] ---[ end trace 31885138ee9f28e6 ]---
[    0.177252] ------------[ cut here ]------------
[    0.177433] WARNING: CPU: 0 PID: 1 at /home/vagrant/firmadyne-kernel/kernel-v4.1/lib/kobject.c:240 kobject_add_internal+0x240/0x2ac()
[    0.177844] kobject_add_internal failed for gpio with -EEXIST, don't try to register things with the same name in the same directory.
[    0.178253] Modules linked in:
[    0.178436] CPU: 0 PID: 1 Comm: swapper Tainted: G        W       4.1.17+ #1
[    0.178683] Hardware name: Generic DT based system
[    0.178875] [<c001c99c>] (unwind_backtrace) from [<c0019d30>] (show_stack+0x10/0x14)
[    0.179180] [<c0019d30>] (show_stack) from [<c0024ab4>] (warn_slowpath_common+0x80/0xa8)
[    0.179481] [<c0024ab4>] (warn_slowpath_common) from [<c0024b08>] (warn_slowpath_fmt+0x2c/0x3c)
[    0.179804] [<c0024b08>] (warn_slowpath_fmt) from [<c018e834>] (kobject_add_internal+0x240/0x2ac)
[    0.180133] [<c018e834>] (kobject_add_internal) from [<c018e9a8>] (kset_register+0x1c/0x44)
[    0.180445] [<c018e9a8>] (kset_register) from [<c02090b4>] (__class_register+0xa8/0x198)
[    0.180747] [<c02090b4>] (__class_register) from [<c02091e4>] (__class_create+0x40/0x70)
[    0.181043] [<c02091e4>] (__class_create) from [<c01adf68>] (register_devfs_stubs+0x314/0xbb4)
[    0.181363] [<c01adf68>] (register_devfs_stubs) from [<c05d9b08>] (init_module+0x28/0xa4)
[    0.181663] [<c05d9b08>] (init_module) from [<c0009670>] (do_one_initcall+0x104/0x1b4)
[    0.181954] [<c0009670>] (do_one_initcall) from [<c05c7d08>] (kernel_init_freeable+0xf0/0x1b0)
[    0.182274] [<c05c7d08>] (kernel_init_freeable) from [<c040f28c>] (kernel_init+0x8/0xe4)
[    0.182566] [<c040f28c>] (kernel_init) from [<c0016da8>] (ret_from_fork+0x14/0x2c)
[    0.183039] ---[ end trace 31885138ee9f28e7 ]---
[    0.183281] firmadyne: Cannot create device class: gpio!
[    0.184701] firmadyne: Cannot register character device: watchdog, 0xa, 0x82!
[    0.184983] firmadyne: Cannot register character device: wdt, 0xfd, 0x0!
[    0.280272] Non-volatile memory driver v1.3
[    0.300322] brd: module loaded
[    0.308671] loop: module loaded
[    0.316879]  vda: vda1
[    0.320784] [nandsim] warning: read_byte: unexpected data output cycle, state is STATE_READY return 0x0
[    0.321154] [nandsim] warning: read_byte: unexpected data output cycle, state is STATE_READY return 0x0
[    0.321486] [nandsim] warning: read_byte: unexpected data output cycle, state is STATE_READY return 0x0
[    0.321815] [nandsim] warning: read_byte: unexpected data output cycle, state is STATE_READY return 0x0
[    0.322151] [nandsim] warning: read_byte: unexpected data output cycle, state is STATE_READY return 0x0
[    0.322477] [nandsim] warning: read_byte: unexpected data output cycle, state is STATE_READY return 0x0
[    0.323249] nand: device found, Manufacturer ID: 0x98, Chip ID: 0x39
[    0.323509] nand: Toshiba NAND 128MiB 1,8V 8-bit
[    0.323704] nand: 128 MiB, SLC, erase size: 16 KiB, page size: 512, OOB size: 16
[    0.324608] flash size: 128 MiB
[    0.324739] page size: 512 bytes
[    0.324866] OOB area size: 16 bytes
[    0.325009] sector size: 16 KiB
[    0.325132] pages number: 262144
[    0.325257] pages per sector: 32
[    0.325381] bus width: 8
[    0.325483] bits in sector size: 14
[    0.325616] bits in page size: 9
[    0.325744] bits in OOB size: 4
[    0.325871] flash size with OOB: 135168 KiB
[    0.326040] page address bytes: 4
[    0.326168] sector address bytes: 3
[    0.326302] options: 0x42
[    0.330998] Scanning device for bad blocks
[    0.461257] Creating 11 MTD partitions on "NAND 128MiB 1,8V 8-bit":
[    0.461753] 0x000000000000-0x000000100000 : "NAND simulator partition 0"
[    0.464897] 0x000000100000-0x000000200000 : "NAND simulator partition 1"
[    0.466231] 0x000000200000-0x000000300000 : "NAND simulator partition 2"
[    0.467559] 0x000000300000-0x000000400000 : "NAND simulator partition 3"
[    0.468877] 0x000000400000-0x000000500000 : "NAND simulator partition 4"
[    0.470155] 0x000000500000-0x000000600000 : "NAND simulator partition 5"
[    0.471518] 0x000000600000-0x000000700000 : "NAND simulator partition 6"
[    0.473080] 0x000000700000-0x000000800000 : "NAND simulator partition 7"
[    0.474523] 0x000000800000-0x000000900000 : "NAND simulator partition 8"
[    0.476002] 0x000000900000-0x000000a00000 : "NAND simulator partition 9"
[    0.477350] 0x000000a00000-0x000008000000 : "NAND simulator partition 10"
[    0.481578] tun: Universal TUN/TAP device driver, 1.6
[    0.481790] tun: (C) 1999-2004 Max Krasnyansky <maxk@qualcomm.com>
[    0.498076] PPP generic driver version 2.4.2
[    0.498745] PPP BSD Compression module registered
[    0.498967] PPP Deflate Compression module registered
[    0.499269] PPP MPPE Compression module registered
[    0.499485] NET: Registered protocol family 24
[    0.499822] PPTP driver version 0.8.5
[    0.500539] usbcore: registered new interface driver usb-storage
[    0.502082] hidraw: raw HID events driver (C) Jiri Kosina
[    0.502604] usbcore: registered new interface driver usbhid
[    0.503029] usbhid: USB HID core driver
[    0.503517] Netfilter messages via NETLINK v0.30.
[    0.504137] nf_conntrack version 0.5.0 (3958 buckets, 15832 max)
[    0.505431] ctnetlink v0.93: registering with nfnetlink.
[    0.506746] ipip: IPv4 over IPv4 tunneling driver
[    0.508609] gre: GRE over IPv4 demultiplexor driver
[    0.508838] ip_gre: GRE over IPv4 tunneling driver
[    0.513141] ip_tables: (C) 2000-2006 Netfilter Core Team
[    0.514676] arp_tables: (C) 2002 David S. Miller
[    0.515725] Initializing XFRM netlink socket
[    0.516222] NET: Registered protocol family 10
[    0.522022] ip6_tables: (C) 2000-2006 Netfilter Core Team
[    0.523747] sit: IPv6 over IPv4 tunneling driver
[    0.527063] NET: Registered protocol family 17
[    0.527673] bridge: automatic filtering via arp/ip/ip6tables has been deprecated. Update your scripts to load br_netfilter if you need this.
[    0.528292] Bridge firewalling registered
[    0.528525] Ebtables v2.0 registered
[    0.529571] 8021q: 802.1Q VLAN Support v1.8
[    0.530178] Registering SWP/SWPB emulation handler
[    0.532056] hctosys: unable to open rtc device (rtc0)
[    0.541037] EXT4-fs (vda1): couldn't mount as ext3 due to feature incompatibilities
[    0.542377] EXT4-fs (vda1): mounting ext2 file system using the ext4 subsystem
[    0.553763] EXT4-fs (vda1): mounted filesystem without journal. Opts: (null)
[    0.554809] VFS: Mounted root (ext2 filesystem) on device 254:1.
[    0.559606] Freeing unused kernel memory: 180K (c05c7000 - c05f4000)
[    0.566754] Starting init: /sbin/init exists but couldn't execute it (error -13)
[    0.571937] Starting init: /etc/init exists but couldn't execute it (error -13)
[    0.577271] firmadyne: do_execve: /firmadyne/console
[    0.577529] OFFSETS: offset of pid: 0x190 offset of comm: 0x270
[    0.577858] Starting init: /bin/sh exists but couldn't execute it (error -13)
[    0.578178] Kernel panic - not syncing: No working init found.  Try passing init= option to kernel. See Linux Documentation/init.txt for guidance.
[    0.578664] CPU: 0 PID: 1 Comm: swapper Tainted: G        W       4.1.17+ #1
[    0.578914] Hardware name: Generic DT based system
[    0.579142] [<c001c99c>] (unwind_backtrace) from [<c0019d30>] (show_stack+0x10/0x14)
[    0.579443] [<c0019d30>] (show_stack) from [<c0410b78>] (panic+0x70/0x1c8)
[    0.579703] [<c0410b78>] (panic) from [<c040f33c>] (kernel_init+0xb8/0xe4)
[    0.579955] [<c040f33c>] (kernel_init) from [<c0016da8>] (ret_from_fork+0x14/0x2c)
[    0.580435] ---[ end Kernel panic - not syncing: No working init found.  Try passing init= option to kernel. See Linux Documentation/init.txt for guidance.
