[    0.000000] Booting Linux on physical CPU 0x0
[    0.000000] Linux version 4.1.17+ (vagrant@vagrant-ubuntu-trusty-64) (gcc version 5.3.0 (GCC) ) #1 Thu Feb 18 01:05:21 UTC 2016
[    0.000000] CPU: ARMv7 Processor [412fc0f1] revision 1 (ARMv7), cr=10c5387d
[    0.000000] CPU: PIPT / VIPT nonaliasing data cache, PIPT instruction cache
[    0.000000] Machine model: linux,dummy-virt
[    0.000000] debug: ignoring loglevel setting.
[    0.000000] Memory policy: Data cache writeback
[    0.000000] On node 0 totalpages: 65536
[    0.000000] free_area_init_node: node 0, pgdat c061dfe8, node_mem_map cfdf9000
[    0.000000]   Normal zone: 512 pages used for memmap
[    0.000000]   Normal zone: 0 pages reserved
[    0.000000]   Normal zone: 65536 pages, LIFO batch:15
[    0.000000] CPU: All CPU(s) started in SVC mode.
[    0.000000] pcpu-alloc: s0 r0 d32768 u32768 alloc=1*32768
[    0.000000] pcpu-alloc: [0] 0 
[    0.000000] Built 1 zonelists in Zone order, mobility grouping on.  Total pages: 65024
[    0.000000] Kernel command line: root=/dev/vda1 console=ttyS0 nandsim.parts=64,64,64,64,64,64,64,64,64,64 rdinit=/firmadyne/preInit.sh rw debug ignore_loglevel print-fatal-signals=1 user_debug=31 firmadyne.syscall=0
[    0.000000] PID hash table entries: 1024 (order: 0, 4096 bytes)
[    0.000000] Dentry cache hash table entries: 32768 (order: 5, 131072 bytes)
[    0.000000] Inode-cache hash table entries: 16384 (order: 4, 65536 bytes)
[    0.000000] Memory: 253344K/262144K available (4297K kernel code, 170K rwdata, 1584K rodata, 180K init, 148K bss, 8800K reserved, 0K cma-reserved)
[    0.000000] Virtual kernel memory layout:
[    0.000000]     vector  : 0xffff0000 - 0xffff1000   (   4 kB)
[    0.000000]     fixmap  : 0xffc00000 - 0xfff00000   (3072 kB)
[    0.000000]     vmalloc : 0xd0800000 - 0xff000000   ( 744 MB)
[    0.000000]     lowmem  : 0xc0000000 - 0xd0000000   ( 256 MB)
[    0.000000]     modules : 0xbf000000 - 0xc0000000   (  16 MB)
[    0.000000]       .text : 0xc0008000 - 0xc05c67bc   (5882 kB)
[    0.000000]       .init : 0xc05c7000 - 0xc05f4000   ( 180 kB)
[    0.000000]       .data : 0xc05f4000 - 0xc061e840   ( 171 kB)
[    0.000000]        .bss : 0xc0621000 - 0xc06462d4   ( 149 kB)
[    0.000000] NR_IRQS:16 nr_irqs:16 16
[    0.000000] Architected cp15 timer(s) running at 62.50MHz (virt).
[    0.000000] clocksource arch_sys_counter: mask: 0xffffffffffffff max_cycles: 0x1cd42e208c, max_idle_ns: 881590405314 ns
[    0.000127] sched_clock: 56 bits at 62MHz, resolution 16ns, wraps every 4398046511096ns
[    0.000239] Switching to timer-based delay loop, resolution 16ns
[    0.002773] Console: colour dummy device 80x30
[    0.003073] Calibrating delay loop (skipped), value calculated using timer frequency.. 125.00 BogoMIPS (lpj=625000)
[    0.003178] pid_max: default: 32768 minimum: 301
[    0.003934] Mount-cache hash table entries: 1024 (order: 0, 4096 bytes)
[    0.003964] Mountpoint-cache hash table entries: 1024 (order: 0, 4096 bytes)
[    0.011627] CPU: Testing write buffer coherency: ok
[    0.017662] Setting up static identity map for 0x40008240 - 0x40008298
[    0.030015] VFP support v0.3: implementor 41 architecture 4 part 30 variant f rev 0
[    0.040103] clocksource jiffies: mask: 0xffffffff max_cycles: 0xffffffff, max_idle_ns: 19112604462750000 ns
[    0.047687] NET: Registered protocol family 16
[    0.050214] DMA: preallocated 256 KiB pool for atomic coherent allocations
[    0.053692] cpuidle: using governor ladder
[    0.053820] cpuidle: using governor menu
[    0.056750] genirq: Setting trigger mode 1 for irq 20 failed (gic_set_type+0x0/0x48)
[    0.058189] genirq: Setting trigger mode 1 for irq 21 failed (gic_set_type+0x0/0x48)
[    0.058445] genirq: Setting trigger mode 1 for irq 22 failed (gic_set_type+0x0/0x48)
[    0.058700] genirq: Setting trigger mode 1 for irq 23 failed (gic_set_type+0x0/0x48)
[    0.059001] genirq: Setting trigger mode 1 for irq 24 failed (gic_set_type+0x0/0x48)
[    0.059272] genirq: Setting trigger mode 1 for irq 25 failed (gic_set_type+0x0/0x48)
[    0.059508] genirq: Setting trigger mode 1 for irq 26 failed (gic_set_type+0x0/0x48)
[    0.059742] genirq: Setting trigger mode 1 for irq 27 failed (gic_set_type+0x0/0x48)
[    0.060086] genirq: Setting trigger mode 1 for irq 28 failed (gic_set_type+0x0/0x48)
[    0.060338] genirq: Setting trigger mode 1 for irq 29 failed (gic_set_type+0x0/0x48)
[    0.060568] genirq: Setting trigger mode 1 for irq 30 failed (gic_set_type+0x0/0x48)
[    0.060813] genirq: Setting trigger mode 1 for irq 31 failed (gic_set_type+0x0/0x48)
[    0.061040] genirq: Setting trigger mode 1 for irq 32 failed (gic_set_type+0x0/0x48)
[    0.061291] genirq: Setting trigger mode 1 for irq 33 failed (gic_set_type+0x0/0x48)
[    0.061518] genirq: Setting trigger mode 1 for irq 34 failed (gic_set_type+0x0/0x48)
[    0.061741] genirq: Setting trigger mode 1 for irq 35 failed (gic_set_type+0x0/0x48)
[    0.061972] genirq: Setting trigger mode 1 for irq 36 failed (gic_set_type+0x0/0x48)
[    0.062224] genirq: Setting trigger mode 1 for irq 37 failed (gic_set_type+0x0/0x48)
[    0.062504] genirq: Setting trigger mode 1 for irq 38 failed (gic_set_type+0x0/0x48)
[    0.062748] genirq: Setting trigger mode 1 for irq 39 failed (gic_set_type+0x0/0x48)
[    0.063027] genirq: Setting trigger mode 1 for irq 40 failed (gic_set_type+0x0/0x48)
[    0.063293] genirq: Setting trigger mode 1 for irq 41 failed (gic_set_type+0x0/0x48)
[    0.063756] genirq: Setting trigger mode 1 for irq 42 failed (gic_set_type+0x0/0x48)
[    0.064011] genirq: Setting trigger mode 1 for irq 43 failed (gic_set_type+0x0/0x48)
[    0.064286] genirq: Setting trigger mode 1 for irq 44 failed (gic_set_type+0x0/0x48)
[    0.064546] genirq: Setting trigger mode 1 for irq 45 failed (gic_set_type+0x0/0x48)
[    0.064786] genirq: Setting trigger mode 1 for irq 46 failed (gic_set_type+0x0/0x48)
[    0.065070] genirq: Setting trigger mode 1 for irq 47 failed (gic_set_type+0x0/0x48)
[    0.065337] genirq: Setting trigger mode 1 for irq 48 failed (gic_set_type+0x0/0x48)
[    0.065579] genirq: Setting trigger mode 1 for irq 49 failed (gic_set_type+0x0/0x48)
[    0.065812] genirq: Setting trigger mode 1 for irq 50 failed (gic_set_type+0x0/0x48)
[    0.066045] genirq: Setting trigger mode 1 for irq 51 failed (gic_set_type+0x0/0x48)
[    0.066468] genirq: Setting trigger mode 1 for irq 52 failed (gic_set_type+0x0/0x48)
[    0.069514] Serial: AMBA PL011 UART driver
[    0.071217] 9000000.pl011: ttyS0 at MMIO 0x9000000 (irq = 52, base_baud = 0) is a PL011 rev1
[    0.129810] console [ttyS0] enabled
[    0.149194] vgaarb: loaded
[    0.151260] SCSI subsystem initialized
[    0.152852] usbcore: registered new interface driver usbfs
[    0.154096] usbcore: registered new interface driver hub
[    0.155334] usbcore: registered new device driver usb
[    0.163933] cfg80211: Calling CRDA to update world regulatory domain
[    0.167172] Switched to clocksource arch_sys_counter
[    0.182797] NET: Registered protocol family 2
[    0.187925] TCP established hash table entries: 2048 (order: 1, 8192 bytes)
[    0.189311] TCP bind hash table entries: 2048 (order: 1, 8192 bytes)
[    0.190610] TCP: Hash tables configured (established 2048 bind 2048)
[    0.192151] UDP hash table entries: 256 (order: 0, 4096 bytes)
[    0.193332] UDP-Lite hash table entries: 256 (order: 0, 4096 bytes)
[    0.195565] NET: Registered protocol family 1
[    0.196765] PCI: CLS 0 bytes, default 64
[    0.203550] NetWinder Floating Point Emulator V0.97 (extended precision)
[    0.206783] futex hash table entries: 256 (order: -1, 3072 bytes)
[    0.212467] squashfs: version 4.0 (2009/01/31) Phillip Lougher
[    0.214714] jffs2: version 2.2. (NAND) Â© 2001-2006 Red Hat, Inc.
[    0.216476] romfs: ROMFS MTD (C) 2007 Red Hat, Inc.
[    0.224354] Block layer SCSI generic (bsg) driver version 0.4 loaded (major 253)
[    0.225840] io scheduler noop registered
[    0.226701] io scheduler cfq registered (default)
[    0.228345] firmadyne: devfs: 1, execute: 1, procfs: 1, syscall: 0
[    0.230437] ------------[ cut here ]------------
[    0.231346] WARNING: CPU: 0 PID: 1 at /home/vagrant/firmadyne-kernel/kernel-v4.1/fs/sysfs/dir.c:31 sysfs_warn_dup+0x50/0x6c()
[    0.233304] sysfs: cannot create duplicate filename '/class/gpio'
[    0.234394] Modules linked in:
[    0.235254] CPU: 0 PID: 1 Comm: swapper Not tainted 4.1.17+ #1
[    0.236303] Hardware name: Generic DT based system
[    0.237948] [<c001c99c>] (unwind_backtrace) from [<c0019d30>] (show_stack+0x10/0x14)
[    0.239470] [<c0019d30>] (show_stack) from [<c0024ab4>] (warn_slowpath_common+0x80/0xa8)
[    0.240911] [<c0024ab4>] (warn_slowpath_common) from [<c0024b08>] (warn_slowpath_fmt+0x2c/0x3c)
[    0.242498] [<c0024b08>] (warn_slowpath_fmt) from [<c00e363c>] (sysfs_warn_dup+0x50/0x6c)
[    0.243942] [<c00e363c>] (sysfs_warn_dup) from [<c00e3714>] (sysfs_create_dir_ns+0x74/0x84)
[    0.245392] [<c00e3714>] (sysfs_create_dir_ns) from [<c018e6ac>] (kobject_add_internal+0xb8/0x2ac)
[    0.246122] [<c018e6ac>] (kobject_add_internal) from [<c018e9a8>] (kset_register+0x1c/0x44)
[    0.246802] [<c018e9a8>] (kset_register) from [<c02090b4>] (__class_register+0xa8/0x198)
[    0.247969] [<c02090b4>] (__class_register) from [<c02091e4>] (__class_create+0x40/0x70)
[    0.248809] [<c02091e4>] (__class_create) from [<c01adf68>] (register_devfs_stubs+0x314/0xbb4)
[    0.249545] [<c01adf68>] (register_devfs_stubs) from [<c05d9b08>] (init_module+0x28/0xa4)
[    0.250492] [<c05d9b08>] (init_module) from [<c0009670>] (do_one_initcall+0x104/0x1b4)
[    0.251312] [<c0009670>] (do_one_initcall) from [<c05c7d08>] (kernel_init_freeable+0xf0/0x1b0)
[    0.252088] [<c05c7d08>] (kernel_init_freeable) from [<c040f28c>] (kernel_init+0x8/0xe4)
[    0.252845] [<c040f28c>] (kernel_init) from [<c0016da8>] (ret_from_fork+0x14/0x2c)
[    0.253826] ---[ end trace f6780a1c7286c05b ]---
[    0.254406] ------------[ cut here ]------------
[    0.255084] WARNING: CPU: 0 PID: 1 at /home/vagrant/firmadyne-kernel/kernel-v4.1/lib/kobject.c:240 kobject_add_internal+0x240/0x2ac()
[    0.256183] kobject_add_internal failed for gpio with -EEXIST, don't try to register things with the same name in the same directory.
[    0.257143] Modules linked in:
[    0.257801] CPU: 0 PID: 1 Comm: swapper Tainted: G        W       4.1.17+ #1
[    0.258599] Hardware name: Generic DT based system
[    0.259160] [<c001c99c>] (unwind_backtrace) from [<c0019d30>] (show_stack+0x10/0x14)
[    0.259892] [<c0019d30>] (show_stack) from [<c0024ab4>] (warn_slowpath_common+0x80/0xa8)
[    0.260590] [<c0024ab4>] (warn_slowpath_common) from [<c0024b08>] (warn_slowpath_fmt+0x2c/0x3c)
[    0.261312] [<c0024b08>] (warn_slowpath_fmt) from [<c018e834>] (kobject_add_internal+0x240/0x2ac)
[    0.262125] [<c018e834>] (kobject_add_internal) from [<c018e9a8>] (kset_register+0x1c/0x44)
[    0.263102] [<c018e9a8>] (kset_register) from [<c02090b4>] (__class_register+0xa8/0x198)
[    0.263818] [<c02090b4>] (__class_register) from [<c02091e4>] (__class_create+0x40/0x70)
[    0.264504] [<c02091e4>] (__class_create) from [<c01adf68>] (register_devfs_stubs+0x314/0xbb4)
[    0.265455] [<c01adf68>] (register_devfs_stubs) from [<c05d9b08>] (init_module+0x28/0xa4)
[    0.266134] [<c05d9b08>] (init_module) from [<c0009670>] (do_one_initcall+0x104/0x1b4)
[    0.267162] [<c0009670>] (do_one_initcall) from [<c05c7d08>] (kernel_init_freeable+0xf0/0x1b0)
[    0.268115] [<c05c7d08>] (kernel_init_freeable) from [<c040f28c>] (kernel_init+0x8/0xe4)
[    0.268928] [<c040f28c>] (kernel_init) from [<c0016da8>] (ret_from_fork+0x14/0x2c)
[    0.269674] ---[ end trace f6780a1c7286c05c ]---
[    0.270049] firmadyne: Cannot create device class: gpio!
[    0.272188] firmadyne: Cannot register character device: watchdog, 0xa, 0x82!
[    0.273518] firmadyne: Cannot register character device: wdt, 0xfd, 0x0!
[    0.368628] Non-volatile memory driver v1.3
[    0.388149] brd: module loaded
[    0.397734] loop: module loaded
[    0.406133]  vda: vda1
[    0.410635] [nandsim] warning: read_byte: unexpected data output cycle, state is STATE_READY return 0x0
[    0.412378] [nandsim] warning: read_byte: unexpected data output cycle, state is STATE_READY return 0x0
[    0.413996] [nandsim] warning: read_byte: unexpected data output cycle, state is STATE_READY return 0x0
[    0.415618] [nandsim] warning: read_byte: unexpected data output cycle, state is STATE_READY return 0x0
[    0.417507] [nandsim] warning: read_byte: unexpected data output cycle, state is STATE_READY return 0x0
[    0.419144] [nandsim] warning: read_byte: unexpected data output cycle, state is STATE_READY return 0x0
[    0.420561] nand: device found, Manufacturer ID: 0x98, Chip ID: 0x39
[    0.421689] nand: Toshiba NAND 128MiB 1,8V 8-bit
[    0.422155] nand: 128 MiB, SLC, erase size: 16 KiB, page size: 512, OOB size: 16
[    0.423559] flash size: 128 MiB
[    0.424163] page size: 512 bytes
[    0.424735] OOB area size: 16 bytes
[    0.425339] sector size: 16 KiB
[    0.425895] pages number: 262144
[    0.426490] pages per sector: 32
[    0.427352] bus width: 8
[    0.427840] bits in sector size: 14
[    0.428080] bits in page size: 9
[    0.428451] bits in OOB size: 4
[    0.428820] flash size with OOB: 135168 KiB
[    0.429333] page address bytes: 4
[    0.429660] sector address bytes: 3
[    0.429860] options: 0x42
[    0.434995] Scanning device for bad blocks
[    0.549928] Creating 11 MTD partitions on "NAND 128MiB 1,8V 8-bit":
[    0.551427] 0x000000000000-0x000000100000 : "NAND simulator partition 0"
[    0.555371] 0x000000100000-0x000000200000 : "NAND simulator partition 1"
[    0.558081] 0x000000200000-0x000000300000 : "NAND simulator partition 2"
[    0.560538] 0x000000300000-0x000000400000 : "NAND simulator partition 3"
[    0.562904] 0x000000400000-0x000000500000 : "NAND simulator partition 4"
[    0.565287] 0x000000500000-0x000000600000 : "NAND simulator partition 5"
[    0.568011] 0x000000600000-0x000000700000 : "NAND simulator partition 6"
[    0.570445] 0x000000700000-0x000000800000 : "NAND simulator partition 7"
[    0.572882] 0x000000800000-0x000000900000 : "NAND simulator partition 8"
[    0.575406] 0x000000900000-0x000000a00000 : "NAND simulator partition 9"
[    0.578024] 0x000000a00000-0x000008000000 : "NAND simulator partition 10"
[    0.583240] tun: Universal TUN/TAP device driver, 1.6
[    0.584181] tun: (C) 1999-2004 Max Krasnyansky <maxk@qualcomm.com>
[    0.599916] PPP generic driver version 2.4.2
[    0.601365] PPP BSD Compression module registered
[    0.602273] PPP Deflate Compression module registered
[    0.603321] PPP MPPE Compression module registered
[    0.604219] NET: Registered protocol family 24
[    0.605313] PPTP driver version 0.8.5
[    0.606607] usbcore: registered new interface driver usb-storage
[    0.609384] hidraw: raw HID events driver (C) Jiri Kosina
[    0.610801] usbcore: registered new interface driver usbhid
[    0.611826] usbhid: USB HID core driver
[    0.612935] Netfilter messages via NETLINK v0.30.
[    0.614317] nf_conntrack version 0.5.0 (3958 buckets, 15832 max)
[    0.616542] ctnetlink v0.93: registering with nfnetlink.
[    0.618960] ipip: IPv4 over IPv4 tunneling driver
[    0.621598] gre: GRE over IPv4 demultiplexor driver
[    0.622580] ip_gre: GRE over IPv4 tunneling driver
[    0.627567] ip_tables: (C) 2000-2006 Netfilter Core Team
[    0.629928] arp_tables: (C) 2002 David S. Miller
[    0.631764] Initializing XFRM netlink socket
[    0.633005] NET: Registered protocol family 10
[    0.639537] ip6_tables: (C) 2000-2006 Netfilter Core Team
[    0.641927] sit: IPv6 over IPv4 tunneling driver
[    0.645899] NET: Registered protocol family 17
[    0.647476] bridge: automatic filtering via arp/ip/ip6tables has been deprecated. Update your scripts to load br_netfilter if you need this.
[    0.649791] Bridge firewalling registered
[    0.650602] Ebtables v2.0 registered
[    0.652269] 8021q: 802.1Q VLAN Support v1.8
[    0.653566] Registering SWP/SWPB emulation handler
[    0.656204] hctosys: unable to open rtc device (rtc0)
[    0.667639] EXT4-fs (vda1): couldn't mount as ext3 due to feature incompatibilities
[    0.670575] EXT4-fs (vda1): mounting ext2 file system using the ext4 subsystem
[    0.680434] EXT4-fs (vda1): warning: mounting unchecked fs, running e2fsck is recommended
[    0.684256] EXT4-fs (vda1): mounted filesystem without journal. Opts: (null)
[    0.686412] VFS: Mounted root (ext2 filesystem) on device 254:1.
[    0.692365] Freeing unused kernel memory: 180K (c05c7000 - c05f4000)
[    0.695320] Starting init: /sbin/init exists but couldn't execute it (error -20)
[    0.702460] Starting init: /bin/init exists but couldn't execute it (error -20)
[    0.703849] firmadyne: do_execve: /firmadyne/console
[    0.704781] OFFSETS: offset of pid: 0x190 offset of comm: 0x270
[    0.705879] Starting init: /bin/sh exists but couldn't execute it (error -20)
[    0.707467] Kernel panic - not syncing: No working init found.  Try passing init= option to kernel. See Linux Documentation/init.txt for guidance.
[    0.709787] CPU: 0 PID: 1 Comm: swapper Tainted: G        W       4.1.17+ #1
[    0.711035] Hardware name: Generic DT based system
[    0.711920] [<c001c99c>] (unwind_backtrace) from [<c0019d30>] (show_stack+0x10/0x14)
[    0.713255] [<c0019d30>] (show_stack) from [<c0410b78>] (panic+0x70/0x1c8)
[    0.713943] [<c0410b78>] (panic) from [<c040f33c>] (kernel_init+0xb8/0xe4)
[    0.714585] [<c040f33c>] (kernel_init) from [<c0016da8>] (ret_from_fork+0x14/0x2c)
[    0.715507] ---[ end Kernel panic - not syncing: No working init found.  Try passing init= option to kernel. See Linux Documentation/init.txt for guidance.
