[    0.000000] Booting Linux on physical CPU 0x0
[    0.000000] Linux version 4.1.17+ (vagrant@vagrant-ubuntu-trusty-64) (gcc version 5.3.0 (GCC) ) #1 Thu Feb 18 01:05:21 UTC 2016
[    0.000000] CPU: ARMv7 Processor [412fc0f1] revision 1 (ARMv7), cr=10c5387d
[    0.000000] CPU: PIPT / VIPT nonaliasing data cache, PIPT instruction cache
[    0.000000] Machine model: linux,dummy-virt
[    0.000000] debug: ignoring loglevel setting.
[    0.000000] Memory policy: Data cache writeback
[    0.000000] On node 0 totalpages: 65536
[    0.000000] free_area_init_node: node 0, pgdat c061dfe8, node_mem_map cfdf9000
[    0.000000]   Normal zone: 512 pages used for memmap
[    0.000000]   Normal zone: 0 pages reserved
[    0.000000]   Normal zone: 65536 pages, LIFO batch:15
[    0.000000] CPU: All CPU(s) started in SVC mode.
[    0.000000] pcpu-alloc: s0 r0 d32768 u32768 alloc=1*32768
[    0.000000] pcpu-alloc: [0] 0 
[    0.000000] Built 1 zonelists in Zone order, mobility grouping on.  Total pages: 65024
[    0.000000] Kernel command line: root=/dev/vda1 console=ttyS0 nandsim.parts=64,64,64,64,64,64,64,64,64,64 rdinit=/firmadyne/preInit.sh rw debug ignore_loglevel print-fatal-signals=1 user_debug=31 firmadyne.syscall=0
[    0.000000] PID hash table entries: 1024 (order: 0, 4096 bytes)
[    0.000000] Dentry cache hash table entries: 32768 (order: 5, 131072 bytes)
[    0.000000] Inode-cache hash table entries: 16384 (order: 4, 65536 bytes)
[    0.000000] Memory: 253344K/262144K available (4297K kernel code, 170K rwdata, 1584K rodata, 180K init, 148K bss, 8800K reserved, 0K cma-reserved)
[    0.000000] Virtual kernel memory layout:
[    0.000000]     vector  : 0xffff0000 - 0xffff1000   (   4 kB)
[    0.000000]     fixmap  : 0xffc00000 - 0xfff00000   (3072 kB)
[    0.000000]     vmalloc : 0xd0800000 - 0xff000000   ( 744 MB)
[    0.000000]     lowmem  : 0xc0000000 - 0xd0000000   ( 256 MB)
[    0.000000]     modules : 0xbf000000 - 0xc0000000   (  16 MB)
[    0.000000]       .text : 0xc0008000 - 0xc05c67bc   (5882 kB)
[    0.000000]       .init : 0xc05c7000 - 0xc05f4000   ( 180 kB)
[    0.000000]       .data : 0xc05f4000 - 0xc061e840   ( 171 kB)
[    0.000000]        .bss : 0xc0621000 - 0xc06462d4   ( 149 kB)
[    0.000000] NR_IRQS:16 nr_irqs:16 16
[    0.000000] Architected cp15 timer(s) running at 62.50MHz (virt).
[    0.000000] clocksource arch_sys_counter: mask: 0xffffffffffffff max_cycles: 0x1cd42e208c, max_idle_ns: 881590405314 ns
[    0.000129] sched_clock: 56 bits at 62MHz, resolution 16ns, wraps every 4398046511096ns
[    0.000230] Switching to timer-based delay loop, resolution 16ns
[    0.002894] Console: colour dummy device 80x30
[    0.003183] Calibrating delay loop (skipped), value calculated using timer frequency.. 125.00 BogoMIPS (lpj=625000)
[    0.003290] pid_max: default: 32768 minimum: 301
[    0.004050] Mount-cache hash table entries: 1024 (order: 0, 4096 bytes)
[    0.004080] Mountpoint-cache hash table entries: 1024 (order: 0, 4096 bytes)
[    0.011842] CPU: Testing write buffer coherency: ok
[    0.016989] Setting up static identity map for 0x40008240 - 0x40008298
[    0.029369] VFP support v0.3: implementor 41 architecture 4 part 30 variant f rev 0
[    0.039482] clocksource jiffies: mask: 0xffffffff max_cycles: 0xffffffff, max_idle_ns: 19112604462750000 ns
[    0.047145] NET: Registered protocol family 16
[    0.049705] DMA: preallocated 256 KiB pool for atomic coherent allocations
[    0.052955] cpuidle: using governor ladder
[    0.053081] cpuidle: using governor menu
[    0.056256] genirq: Setting trigger mode 1 for irq 20 failed (gic_set_type+0x0/0x48)
[    0.057734] genirq: Setting trigger mode 1 for irq 21 failed (gic_set_type+0x0/0x48)
[    0.058013] genirq: Setting trigger mode 1 for irq 22 failed (gic_set_type+0x0/0x48)
[    0.058279] genirq: Setting trigger mode 1 for irq 23 failed (gic_set_type+0x0/0x48)
[    0.058571] genirq: Setting trigger mode 1 for irq 24 failed (gic_set_type+0x0/0x48)
[    0.058840] genirq: Setting trigger mode 1 for irq 25 failed (gic_set_type+0x0/0x48)
[    0.059084] genirq: Setting trigger mode 1 for irq 26 failed (gic_set_type+0x0/0x48)
[    0.059326] genirq: Setting trigger mode 1 for irq 27 failed (gic_set_type+0x0/0x48)
[    0.059663] genirq: Setting trigger mode 1 for irq 28 failed (gic_set_type+0x0/0x48)
[    0.059929] genirq: Setting trigger mode 1 for irq 29 failed (gic_set_type+0x0/0x48)
[    0.060167] genirq: Setting trigger mode 1 for irq 30 failed (gic_set_type+0x0/0x48)
[    0.060418] genirq: Setting trigger mode 1 for irq 31 failed (gic_set_type+0x0/0x48)
[    0.060652] genirq: Setting trigger mode 1 for irq 32 failed (gic_set_type+0x0/0x48)
[    0.060907] genirq: Setting trigger mode 1 for irq 33 failed (gic_set_type+0x0/0x48)
[    0.061141] genirq: Setting trigger mode 1 for irq 34 failed (gic_set_type+0x0/0x48)
[    0.061399] genirq: Setting trigger mode 1 for irq 35 failed (gic_set_type+0x0/0x48)
[    0.061641] genirq: Setting trigger mode 1 for irq 36 failed (gic_set_type+0x0/0x48)
[    0.061895] genirq: Setting trigger mode 1 for irq 37 failed (gic_set_type+0x0/0x48)
[    0.062182] genirq: Setting trigger mode 1 for irq 38 failed (gic_set_type+0x0/0x48)
[    0.062449] genirq: Setting trigger mode 1 for irq 39 failed (gic_set_type+0x0/0x48)
[    0.062700] genirq: Setting trigger mode 1 for irq 40 failed (gic_set_type+0x0/0x48)
[    0.062961] genirq: Setting trigger mode 1 for irq 41 failed (gic_set_type+0x0/0x48)
[    0.063219] genirq: Setting trigger mode 1 for irq 42 failed (gic_set_type+0x0/0x48)
[    0.063679] genirq: Setting trigger mode 1 for irq 43 failed (gic_set_type+0x0/0x48)
[    0.063981] genirq: Setting trigger mode 1 for irq 44 failed (gic_set_type+0x0/0x48)
[    0.064252] genirq: Setting trigger mode 1 for irq 45 failed (gic_set_type+0x0/0x48)
[    0.064501] genirq: Setting trigger mode 1 for irq 46 failed (gic_set_type+0x0/0x48)
[    0.064791] genirq: Setting trigger mode 1 for irq 47 failed (gic_set_type+0x0/0x48)
[    0.065061] genirq: Setting trigger mode 1 for irq 48 failed (gic_set_type+0x0/0x48)
[    0.065333] genirq: Setting trigger mode 1 for irq 49 failed (gic_set_type+0x0/0x48)
[    0.065578] genirq: Setting trigger mode 1 for irq 50 failed (gic_set_type+0x0/0x48)
[    0.065818] genirq: Setting trigger mode 1 for irq 51 failed (gic_set_type+0x0/0x48)
[    0.066251] genirq: Setting trigger mode 1 for irq 52 failed (gic_set_type+0x0/0x48)
[    0.069391] Serial: AMBA PL011 UART driver
[    0.071100] 9000000.pl011: ttyS0 at MMIO 0x9000000 (irq = 52, base_baud = 0) is a PL011 rev1
[    0.131107] console [ttyS0] enabled
[    0.150854] vgaarb: loaded
[    0.152654] SCSI subsystem initialized
[    0.154259] usbcore: registered new interface driver usbfs
[    0.155514] usbcore: registered new interface driver hub
[    0.156762] usbcore: registered new device driver usb
[    0.165256] cfg80211: Calling CRDA to update world regulatory domain
[    0.168622] Switched to clocksource arch_sys_counter
[    0.182348] NET: Registered protocol family 2
[    0.187327] TCP established hash table entries: 2048 (order: 1, 8192 bytes)
[    0.189967] TCP bind hash table entries: 2048 (order: 1, 8192 bytes)
[    0.191349] TCP: Hash tables configured (established 2048 bind 2048)
[    0.192918] UDP hash table entries: 256 (order: 0, 4096 bytes)
[    0.194133] UDP-Lite hash table entries: 256 (order: 0, 4096 bytes)
[    0.196694] NET: Registered protocol family 1
[    0.197959] PCI: CLS 0 bytes, default 64
[    0.205347] NetWinder Floating Point Emulator V0.97 (extended precision)
[    0.208916] futex hash table entries: 256 (order: -1, 3072 bytes)
[    0.214534] squashfs: version 4.0 (2009/01/31) Phillip Lougher
[    0.216834] jffs2: version 2.2. (NAND) Â© 2001-2006 Red Hat, Inc.
[    0.218855] romfs: ROMFS MTD (C) 2007 Red Hat, Inc.
[    0.226733] Block layer SCSI generic (bsg) driver version 0.4 loaded (major 253)
[    0.228583] io scheduler noop registered
[    0.229479] io scheduler cfq registered (default)
[    0.230952] firmadyne: devfs: 1, execute: 1, procfs: 1, syscall: 0
[    0.233149] ------------[ cut here ]------------
[    0.234140] WARNING: CPU: 0 PID: 1 at /home/vagrant/firmadyne-kernel/kernel-v4.1/fs/sysfs/dir.c:31 sysfs_warn_dup+0x50/0x6c()
[    0.236195] sysfs: cannot create duplicate filename '/class/gpio'
[    0.237391] Modules linked in:
[    0.238485] CPU: 0 PID: 1 Comm: swapper Not tainted 4.1.17+ #1
[    0.239659] Hardware name: Generic DT based system
[    0.241111] [<c001c99c>] (unwind_backtrace) from [<c0019d30>] (show_stack+0x10/0x14)
[    0.242685] [<c0019d30>] (show_stack) from [<c0024ab4>] (warn_slowpath_common+0x80/0xa8)
[    0.244162] [<c0024ab4>] (warn_slowpath_common) from [<c0024b08>] (warn_slowpath_fmt+0x2c/0x3c)
[    0.245835] [<c0024b08>] (warn_slowpath_fmt) from [<c00e363c>] (sysfs_warn_dup+0x50/0x6c)
[    0.247299] [<c00e363c>] (sysfs_warn_dup) from [<c00e3714>] (sysfs_create_dir_ns+0x74/0x84)
[    0.249045] [<c00e3714>] (sysfs_create_dir_ns) from [<c018e6ac>] (kobject_add_internal+0xb8/0x2ac)
[    0.250314] [<c018e6ac>] (kobject_add_internal) from [<c018e9a8>] (kset_register+0x1c/0x44)
[    0.251094] [<c018e9a8>] (kset_register) from [<c02090b4>] (__class_register+0xa8/0x198)
[    0.251901] [<c02090b4>] (__class_register) from [<c02091e4>] (__class_create+0x40/0x70)
[    0.252857] [<c02091e4>] (__class_create) from [<c01adf68>] (register_devfs_stubs+0x314/0xbb4)
[    0.253733] [<c01adf68>] (register_devfs_stubs) from [<c05d9b08>] (init_module+0x28/0xa4)
[    0.254603] [<c05d9b08>] (init_module) from [<c0009670>] (do_one_initcall+0x104/0x1b4)
[    0.255386] [<c0009670>] (do_one_initcall) from [<c05c7d08>] (kernel_init_freeable+0xf0/0x1b0)
[    0.256227] [<c05c7d08>] (kernel_init_freeable) from [<c040f28c>] (kernel_init+0x8/0xe4)
[    0.257137] [<c040f28c>] (kernel_init) from [<c0016da8>] (ret_from_fork+0x14/0x2c)
[    0.257883] ---[ end trace 37f74cc5379a24ff ]---
[    0.259002] ------------[ cut here ]------------
[    0.259804] WARNING: CPU: 0 PID: 1 at /home/vagrant/firmadyne-kernel/kernel-v4.1/lib/kobject.c:240 kobject_add_internal+0x240/0x2ac()
[    0.260642] kobject_add_internal failed for gpio with -EEXIST, don't try to register things with the same name in the same directory.
[    0.261875] Modules linked in:
[    0.262361] CPU: 0 PID: 1 Comm: swapper Tainted: G        W       4.1.17+ #1
[    0.263042] Hardware name: Generic DT based system
[    0.263582] [<c001c99c>] (unwind_backtrace) from [<c0019d30>] (show_stack+0x10/0x14)
[    0.264463] [<c0019d30>] (show_stack) from [<c0024ab4>] (warn_slowpath_common+0x80/0xa8)
[    0.265128] [<c0024ab4>] (warn_slowpath_common) from [<c0024b08>] (warn_slowpath_fmt+0x2c/0x3c)
[    0.265932] [<c0024b08>] (warn_slowpath_fmt) from [<c018e834>] (kobject_add_internal+0x240/0x2ac)
[    0.266990] [<c018e834>] (kobject_add_internal) from [<c018e9a8>] (kset_register+0x1c/0x44)
[    0.267790] [<c018e9a8>] (kset_register) from [<c02090b4>] (__class_register+0xa8/0x198)
[    0.268971] [<c02090b4>] (__class_register) from [<c02091e4>] (__class_create+0x40/0x70)
[    0.269925] [<c02091e4>] (__class_create) from [<c01adf68>] (register_devfs_stubs+0x314/0xbb4)
[    0.270634] [<c01adf68>] (register_devfs_stubs) from [<c05d9b08>] (init_module+0x28/0xa4)
[    0.271322] [<c05d9b08>] (init_module) from [<c0009670>] (do_one_initcall+0x104/0x1b4)
[    0.272366] [<c0009670>] (do_one_initcall) from [<c05c7d08>] (kernel_init_freeable+0xf0/0x1b0)
[    0.273189] [<c05c7d08>] (kernel_init_freeable) from [<c040f28c>] (kernel_init+0x8/0xe4)
[    0.274048] [<c040f28c>] (kernel_init) from [<c0016da8>] (ret_from_fork+0x14/0x2c)
[    0.274807] ---[ end trace 37f74cc5379a2500 ]---
[    0.275292] firmadyne: Cannot create device class: gpio!
[    0.277393] firmadyne: Cannot register character device: watchdog, 0xa, 0x82!
[    0.278997] firmadyne: Cannot register character device: wdt, 0xfd, 0x0!
[    0.376743] Non-volatile memory driver v1.3
[    0.397552] brd: module loaded
[    0.406424] loop: module loaded
[    0.415369]  vda: vda1
[    0.420079] [nandsim] warning: read_byte: unexpected data output cycle, state is STATE_READY return 0x0
[    0.421858] [nandsim] warning: read_byte: unexpected data output cycle, state is STATE_READY return 0x0
[    0.423497] [nandsim] warning: read_byte: unexpected data output cycle, state is STATE_READY return 0x0
[    0.425172] [nandsim] warning: read_byte: unexpected data output cycle, state is STATE_READY return 0x0
[    0.426864] [nandsim] warning: read_byte: unexpected data output cycle, state is STATE_READY return 0x0
[    0.428757] [nandsim] warning: read_byte: unexpected data output cycle, state is STATE_READY return 0x0
[    0.430237] nand: device found, Manufacturer ID: 0x98, Chip ID: 0x39
[    0.431383] nand: Toshiba NAND 128MiB 1,8V 8-bit
[    0.431991] nand: 128 MiB, SLC, erase size: 16 KiB, page size: 512, OOB size: 16
[    0.433411] flash size: 128 MiB
[    0.434028] page size: 512 bytes
[    0.434617] OOB area size: 16 bytes
[    0.435228] sector size: 16 KiB
[    0.435822] pages number: 262144
[    0.436395] pages per sector: 32
[    0.436967] bus width: 8
[    0.437319] bits in sector size: 14
[    0.437603] bits in page size: 9
[    0.438025] bits in OOB size: 4
[    0.438551] flash size with OOB: 135168 KiB
[    0.439149] page address bytes: 4
[    0.439519] sector address bytes: 3
[    0.439873] options: 0x42
[    0.443979] Scanning device for bad blocks
[    0.559196] Creating 11 MTD partitions on "NAND 128MiB 1,8V 8-bit":
[    0.560744] 0x000000000000-0x000000100000 : "NAND simulator partition 0"
[    0.564871] 0x000000100000-0x000000200000 : "NAND simulator partition 1"
[    0.567423] 0x000000200000-0x000000300000 : "NAND simulator partition 2"
[    0.570094] 0x000000300000-0x000000400000 : "NAND simulator partition 3"
[    0.572533] 0x000000400000-0x000000500000 : "NAND simulator partition 4"
[    0.574978] 0x000000500000-0x000000600000 : "NAND simulator partition 5"
[    0.577433] 0x000000600000-0x000000700000 : "NAND simulator partition 6"
[    0.580112] 0x000000700000-0x000000800000 : "NAND simulator partition 7"
[    0.582611] 0x000000800000-0x000000900000 : "NAND simulator partition 8"
[    0.585179] 0x000000900000-0x000000a00000 : "NAND simulator partition 9"
[    0.587648] 0x000000a00000-0x000008000000 : "NAND simulator partition 10"
[    0.593217] tun: Universal TUN/TAP device driver, 1.6
[    0.594166] tun: (C) 1999-2004 Max Krasnyansky <maxk@qualcomm.com>
[    0.607581] PPP generic driver version 2.4.2
[    0.609303] PPP BSD Compression module registered
[    0.610240] PPP Deflate Compression module registered
[    0.611287] PPP MPPE Compression module registered
[    0.612194] NET: Registered protocol family 24
[    0.613262] PPTP driver version 0.8.5
[    0.614612] usbcore: registered new interface driver usb-storage
[    0.617192] hidraw: raw HID events driver (C) Jiri Kosina
[    0.618868] usbcore: registered new interface driver usbhid
[    0.619897] usbhid: USB HID core driver
[    0.621025] Netfilter messages via NETLINK v0.30.
[    0.622440] nf_conntrack version 0.5.0 (3958 buckets, 15832 max)
[    0.624678] ctnetlink v0.93: registering with nfnetlink.
[    0.626910] ipip: IPv4 over IPv4 tunneling driver
[    0.629754] gre: GRE over IPv4 demultiplexor driver
[    0.630758] ip_gre: GRE over IPv4 tunneling driver
[    0.635620] ip_tables: (C) 2000-2006 Netfilter Core Team
[    0.638302] arp_tables: (C) 2002 David S. Miller
[    0.640203] Initializing XFRM netlink socket
[    0.641479] NET: Registered protocol family 10
[    0.647966] ip6_tables: (C) 2000-2006 Netfilter Core Team
[    0.650656] sit: IPv6 over IPv4 tunneling driver
[    0.654849] NET: Registered protocol family 17
[    0.656223] bridge: automatic filtering via arp/ip/ip6tables has been deprecated. Update your scripts to load br_netfilter if you need this.
[    0.658859] Bridge firewalling registered
[    0.659674] Ebtables v2.0 registered
[    0.661351] 8021q: 802.1Q VLAN Support v1.8
[    0.662675] Registering SWP/SWPB emulation handler
[    0.665384] hctosys: unable to open rtc device (rtc0)
[    0.675291] EXT4-fs (vda1): couldn't mount as ext3 due to feature incompatibilities
[    0.677933] EXT4-fs (vda1): mounting ext2 file system using the ext4 subsystem
[    0.688878] EXT4-fs (vda1): warning: mounting unchecked fs, running e2fsck is recommended
[    0.693179] EXT4-fs (vda1): mounted filesystem without journal. Opts: (null)
[    0.695398] VFS: Mounted root (ext2 filesystem) on device 254:1.
[    0.704527] Freeing unused kernel memory: 180K (c05c7000 - c05f4000)
[    0.707643] Starting init: /sbin/init exists but couldn't execute it (error -20)
[    0.716714] Starting init: /bin/init exists but couldn't execute it (error -20)
[    0.718346] firmadyne: do_execve: /firmadyne/console
[    0.719368] OFFSETS: offset of pid: 0x190 offset of comm: 0x270
[    0.720474] Starting init: /bin/sh exists but couldn't execute it (error -20)
[    0.721841] Kernel panic - not syncing: No working init found.  Try passing init= option to kernel. See Linux Documentation/init.txt for guidance.
[    0.727318] CPU: 0 PID: 1 Comm: swapper Tainted: G        W       4.1.17+ #1
[    0.728690] Hardware name: Generic DT based system
[    0.729652] [<c001c99c>] (unwind_backtrace) from [<c0019d30>] (show_stack+0x10/0x14)
[    0.731063] [<c0019d30>] (show_stack) from [<c0410b78>] (panic+0x70/0x1c8)
[    0.732305] [<c0410b78>] (panic) from [<c040f33c>] (kernel_init+0xb8/0xe4)
[    0.733539] [<c040f33c>] (kernel_init) from [<c0016da8>] (ret_from_fork+0x14/0x2c)
[    0.735176] ---[ end Kernel panic - not syncing: No working init found.  Try passing init= option to kernel. See Linux Documentation/init.txt for guidance.
