[    0.000000] Booting Linux on physical CPU 0x0
[    0.000000] Linux version 4.1.17+ (vagrant@vagrant-ubuntu-trusty-64) (gcc version 5.3.0 (GCC) ) #1 Thu Feb 18 01:05:21 UTC 2016
[    0.000000] CPU: ARMv7 Processor [412fc0f1] revision 1 (ARMv7), cr=10c5387d
[    0.000000] CPU: PIPT / VIPT nonaliasing data cache, PIPT instruction cache
[    0.000000] Machine model: linux,dummy-virt
[    0.000000] debug: ignoring loglevel setting.
[    0.000000] Memory policy: Data cache writeback
[    0.000000] On node 0 totalpages: 65536
[    0.000000] free_area_init_node: node 0, pgdat c061dfe8, node_mem_map cfdf9000
[    0.000000]   Normal zone: 512 pages used for memmap
[    0.000000]   Normal zone: 0 pages reserved
[    0.000000]   Normal zone: 65536 pages, LIFO batch:15
[    0.000000] CPU: All CPU(s) started in SVC mode.
[    0.000000] pcpu-alloc: s0 r0 d32768 u32768 alloc=1*32768
[    0.000000] pcpu-alloc: [0] 0 
[    0.000000] Built 1 zonelists in Zone order, mobility grouping on.  Total pages: 65024
[    0.000000] Kernel command line: root=/dev/vda1 console=ttyS0 nandsim.parts=64,64,64,64,64,64,64,64,64,64 rdinit=/firmadyne/preInit.sh rw debug ignore_loglevel print-fatal-signals=1 user_debug=31 firmadyne.syscall=0
[    0.000000] PID hash table entries: 1024 (order: 0, 4096 bytes)
[    0.000000] Dentry cache hash table entries: 32768 (order: 5, 131072 bytes)
[    0.000000] Inode-cache hash table entries: 16384 (order: 4, 65536 bytes)
[    0.000000] Memory: 253344K/262144K available (4297K kernel code, 170K rwdata, 1584K rodata, 180K init, 148K bss, 8800K reserved, 0K cma-reserved)
[    0.000000] Virtual kernel memory layout:
[    0.000000]     vector  : 0xffff0000 - 0xffff1000   (   4 kB)
[    0.000000]     fixmap  : 0xffc00000 - 0xfff00000   (3072 kB)
[    0.000000]     vmalloc : 0xd0800000 - 0xff000000   ( 744 MB)
[    0.000000]     lowmem  : 0xc0000000 - 0xd0000000   ( 256 MB)
[    0.000000]     modules : 0xbf000000 - 0xc0000000   (  16 MB)
[    0.000000]       .text : 0xc0008000 - 0xc05c67bc   (5882 kB)
[    0.000000]       .init : 0xc05c7000 - 0xc05f4000   ( 180 kB)
[    0.000000]       .data : 0xc05f4000 - 0xc061e840   ( 171 kB)
[    0.000000]        .bss : 0xc0621000 - 0xc06462d4   ( 149 kB)
[    0.000000] NR_IRQS:16 nr_irqs:16 16
[    0.000000] Architected cp15 timer(s) running at 62.50MHz (virt).
[    0.000000] clocksource arch_sys_counter: mask: 0xffffffffffffff max_cycles: 0x1cd42e208c, max_idle_ns: 881590405314 ns
[    0.000136] sched_clock: 56 bits at 62MHz, resolution 16ns, wraps every 4398046511096ns
[    0.000237] Switching to timer-based delay loop, resolution 16ns
[    0.002736] Console: colour dummy device 80x30
[    0.003001] Calibrating delay loop (skipped), value calculated using timer frequency.. 125.00 BogoMIPS (lpj=625000)
[    0.003107] pid_max: default: 32768 minimum: 301
[    0.003874] Mount-cache hash table entries: 1024 (order: 0, 4096 bytes)
[    0.003904] Mountpoint-cache hash table entries: 1024 (order: 0, 4096 bytes)
[    0.011482] CPU: Testing write buffer coherency: ok
[    0.016747] Setting up static identity map for 0x40008240 - 0x40008298
[    0.028822] VFP support v0.3: implementor 41 architecture 4 part 30 variant f rev 0
[    0.038842] clocksource jiffies: mask: 0xffffffff max_cycles: 0xffffffff, max_idle_ns: 19112604462750000 ns
[    0.046303] NET: Registered protocol family 16
[    0.048796] DMA: preallocated 256 KiB pool for atomic coherent allocations
[    0.052105] cpuidle: using governor ladder
[    0.052243] cpuidle: using governor menu
[    0.055377] genirq: Setting trigger mode 1 for irq 20 failed (gic_set_type+0x0/0x48)
[    0.056825] genirq: Setting trigger mode 1 for irq 21 failed (gic_set_type+0x0/0x48)
[    0.057084] genirq: Setting trigger mode 1 for irq 22 failed (gic_set_type+0x0/0x48)
[    0.057342] genirq: Setting trigger mode 1 for irq 23 failed (gic_set_type+0x0/0x48)
[    0.057602] genirq: Setting trigger mode 1 for irq 24 failed (gic_set_type+0x0/0x48)
[    0.057872] genirq: Setting trigger mode 1 for irq 25 failed (gic_set_type+0x0/0x48)
[    0.058110] genirq: Setting trigger mode 1 for irq 26 failed (gic_set_type+0x0/0x48)
[    0.058348] genirq: Setting trigger mode 1 for irq 27 failed (gic_set_type+0x0/0x48)
[    0.058685] genirq: Setting trigger mode 1 for irq 28 failed (gic_set_type+0x0/0x48)
[    0.058933] genirq: Setting trigger mode 1 for irq 29 failed (gic_set_type+0x0/0x48)
[    0.059163] genirq: Setting trigger mode 1 for irq 30 failed (gic_set_type+0x0/0x48)
[    0.059407] genirq: Setting trigger mode 1 for irq 31 failed (gic_set_type+0x0/0x48)
[    0.059638] genirq: Setting trigger mode 1 for irq 32 failed (gic_set_type+0x0/0x48)
[    0.059874] genirq: Setting trigger mode 1 for irq 33 failed (gic_set_type+0x0/0x48)
[    0.060099] genirq: Setting trigger mode 1 for irq 34 failed (gic_set_type+0x0/0x48)
[    0.060339] genirq: Setting trigger mode 1 for irq 35 failed (gic_set_type+0x0/0x48)
[    0.060574] genirq: Setting trigger mode 1 for irq 36 failed (gic_set_type+0x0/0x48)
[    0.060811] genirq: Setting trigger mode 1 for irq 37 failed (gic_set_type+0x0/0x48)
[    0.061088] genirq: Setting trigger mode 1 for irq 38 failed (gic_set_type+0x0/0x48)
[    0.061336] genirq: Setting trigger mode 1 for irq 39 failed (gic_set_type+0x0/0x48)
[    0.061601] genirq: Setting trigger mode 1 for irq 40 failed (gic_set_type+0x0/0x48)
[    0.061870] genirq: Setting trigger mode 1 for irq 41 failed (gic_set_type+0x0/0x48)
[    0.062123] genirq: Setting trigger mode 1 for irq 42 failed (gic_set_type+0x0/0x48)
[    0.062372] genirq: Setting trigger mode 1 for irq 43 failed (gic_set_type+0x0/0x48)
[    0.062626] genirq: Setting trigger mode 1 for irq 44 failed (gic_set_type+0x0/0x48)
[    0.062882] genirq: Setting trigger mode 1 for irq 45 failed (gic_set_type+0x0/0x48)
[    0.063325] genirq: Setting trigger mode 1 for irq 46 failed (gic_set_type+0x0/0x48)
[    0.063721] genirq: Setting trigger mode 1 for irq 47 failed (gic_set_type+0x0/0x48)
[    0.063990] genirq: Setting trigger mode 1 for irq 48 failed (gic_set_type+0x0/0x48)
[    0.064249] genirq: Setting trigger mode 1 for irq 49 failed (gic_set_type+0x0/0x48)
[    0.064497] genirq: Setting trigger mode 1 for irq 50 failed (gic_set_type+0x0/0x48)
[    0.064781] genirq: Setting trigger mode 1 for irq 51 failed (gic_set_type+0x0/0x48)
[    0.065355] genirq: Setting trigger mode 1 for irq 52 failed (gic_set_type+0x0/0x48)
[    0.068964] Serial: AMBA PL011 UART driver
[    0.070659] 9000000.pl011: ttyS0 at MMIO 0x9000000 (irq = 52, base_baud = 0) is a PL011 rev1
[    0.132945] console [ttyS0] enabled
[    0.153321] vgaarb: loaded
[    0.155595] SCSI subsystem initialized
[    0.157257] usbcore: registered new interface driver usbfs
[    0.158855] usbcore: registered new interface driver hub
[    0.160066] usbcore: registered new device driver usb
[    0.169676] cfg80211: Calling CRDA to update world regulatory domain
[    0.172950] Switched to clocksource arch_sys_counter
[    0.188379] NET: Registered protocol family 2
[    0.193720] TCP established hash table entries: 2048 (order: 1, 8192 bytes)
[    0.195181] TCP bind hash table entries: 2048 (order: 1, 8192 bytes)
[    0.196574] TCP: Hash tables configured (established 2048 bind 2048)
[    0.198104] UDP hash table entries: 256 (order: 0, 4096 bytes)
[    0.199304] UDP-Lite hash table entries: 256 (order: 0, 4096 bytes)
[    0.201660] NET: Registered protocol family 1
[    0.203150] PCI: CLS 0 bytes, default 64
[    0.209846] NetWinder Floating Point Emulator V0.97 (extended precision)
[    0.213581] futex hash table entries: 256 (order: -1, 3072 bytes)
[    0.219253] squashfs: version 4.0 (2009/01/31) Phillip Lougher
[    0.221574] jffs2: version 2.2. (NAND) Â© 2001-2006 Red Hat, Inc.
[    0.223631] romfs: ROMFS MTD (C) 2007 Red Hat, Inc.
[    0.231444] Block layer SCSI generic (bsg) driver version 0.4 loaded (major 253)
[    0.233390] io scheduler noop registered
[    0.234278] io scheduler cfq registered (default)
[    0.235699] firmadyne: devfs: 1, execute: 1, procfs: 1, syscall: 0
[    0.237958] ------------[ cut here ]------------
[    0.238856] WARNING: CPU: 0 PID: 1 at /home/vagrant/firmadyne-kernel/kernel-v4.1/fs/sysfs/dir.c:31 sysfs_warn_dup+0x50/0x6c()
[    0.240844] sysfs: cannot create duplicate filename '/class/gpio'
[    0.241993] Modules linked in:
[    0.243102] CPU: 0 PID: 1 Comm: swapper Not tainted 4.1.17+ #1
[    0.244164] Hardware name: Generic DT based system
[    0.245646] [<c001c99c>] (unwind_backtrace) from [<c0019d30>] (show_stack+0x10/0x14)
[    0.247184] [<c0019d30>] (show_stack) from [<c0024ab4>] (warn_slowpath_common+0x80/0xa8)
[    0.248647] [<c0024ab4>] (warn_slowpath_common) from [<c0024b08>] (warn_slowpath_fmt+0x2c/0x3c)
[    0.250246] [<c0024b08>] (warn_slowpath_fmt) from [<c00e363c>] (sysfs_warn_dup+0x50/0x6c)
[    0.251682] [<c00e363c>] (sysfs_warn_dup) from [<c00e3714>] (sysfs_create_dir_ns+0x74/0x84)
[    0.253448] [<c00e3714>] (sysfs_create_dir_ns) from [<c018e6ac>] (kobject_add_internal+0xb8/0x2ac)
[    0.254677] [<c018e6ac>] (kobject_add_internal) from [<c018e9a8>] (kset_register+0x1c/0x44)
[    0.255585] [<c018e9a8>] (kset_register) from [<c02090b4>] (__class_register+0xa8/0x198)
[    0.256283] [<c02090b4>] (__class_register) from [<c02091e4>] (__class_create+0x40/0x70)
[    0.257113] [<c02091e4>] (__class_create) from [<c01adf68>] (register_devfs_stubs+0x314/0xbb4)
[    0.257870] [<c01adf68>] (register_devfs_stubs) from [<c05d9b08>] (init_module+0x28/0xa4)
[    0.258649] [<c05d9b08>] (init_module) from [<c0009670>] (do_one_initcall+0x104/0x1b4)
[    0.259420] [<c0009670>] (do_one_initcall) from [<c05c7d08>] (kernel_init_freeable+0xf0/0x1b0)
[    0.260318] [<c05c7d08>] (kernel_init_freeable) from [<c040f28c>] (kernel_init+0x8/0xe4)
[    0.261122] [<c040f28c>] (kernel_init) from [<c0016da8>] (ret_from_fork+0x14/0x2c)
[    0.261998] ---[ end trace 3124651c5c3a1185 ]---
[    0.263101] ------------[ cut here ]------------
[    0.263947] WARNING: CPU: 0 PID: 1 at /home/vagrant/firmadyne-kernel/kernel-v4.1/lib/kobject.c:240 kobject_add_internal+0x240/0x2ac()
[    0.264966] kobject_add_internal failed for gpio with -EEXIST, don't try to register things with the same name in the same directory.
[    0.265919] Modules linked in:
[    0.266429] CPU: 0 PID: 1 Comm: swapper Tainted: G        W       4.1.17+ #1
[    0.267264] Hardware name: Generic DT based system
[    0.267538] [<c001c99c>] (unwind_backtrace) from [<c0019d30>] (show_stack+0x10/0x14)
[    0.268271] [<c0019d30>] (show_stack) from [<c0024ab4>] (warn_slowpath_common+0x80/0xa8)
[    0.269176] [<c0024ab4>] (warn_slowpath_common) from [<c0024b08>] (warn_slowpath_fmt+0x2c/0x3c)
[    0.270062] [<c0024b08>] (warn_slowpath_fmt) from [<c018e834>] (kobject_add_internal+0x240/0x2ac)
[    0.270785] [<c018e834>] (kobject_add_internal) from [<c018e9a8>] (kset_register+0x1c/0x44)
[    0.271568] [<c018e9a8>] (kset_register) from [<c02090b4>] (__class_register+0xa8/0x198)
[    0.272460] [<c02090b4>] (__class_register) from [<c02091e4>] (__class_create+0x40/0x70)
[    0.273620] [<c02091e4>] (__class_create) from [<c01adf68>] (register_devfs_stubs+0x314/0xbb4)
[    0.274649] [<c01adf68>] (register_devfs_stubs) from [<c05d9b08>] (init_module+0x28/0xa4)
[    0.275422] [<c05d9b08>] (init_module) from [<c0009670>] (do_one_initcall+0x104/0x1b4)
[    0.276273] [<c0009670>] (do_one_initcall) from [<c05c7d08>] (kernel_init_freeable+0xf0/0x1b0)
[    0.276927] [<c05c7d08>] (kernel_init_freeable) from [<c040f28c>] (kernel_init+0x8/0xe4)
[    0.277831] [<c040f28c>] (kernel_init) from [<c0016da8>] (ret_from_fork+0x14/0x2c)
[    0.278588] ---[ end trace 3124651c5c3a1186 ]---
[    0.279154] firmadyne: Cannot create device class: gpio!
[    0.281316] firmadyne: Cannot register character device: watchdog, 0xa, 0x82!
[    0.282954] firmadyne: Cannot register character device: wdt, 0xfd, 0x0!
[    0.384263] Non-volatile memory driver v1.3
[    0.404524] brd: module loaded
[    0.414277] loop: module loaded
[    0.423211]  vda: vda1
[    0.427735] [nandsim] warning: read_byte: unexpected data output cycle, state is STATE_READY return 0x0
[    0.429537] [nandsim] warning: read_byte: unexpected data output cycle, state is STATE_READY return 0x0
[    0.431186] [nandsim] warning: read_byte: unexpected data output cycle, state is STATE_READY return 0x0
[    0.433135] [nandsim] warning: read_byte: unexpected data output cycle, state is STATE_READY return 0x0
[    0.434780] [nandsim] warning: read_byte: unexpected data output cycle, state is STATE_READY return 0x0
[    0.436450] [nandsim] warning: read_byte: unexpected data output cycle, state is STATE_READY return 0x0
[    0.437946] nand: device found, Manufacturer ID: 0x98, Chip ID: 0x39
[    0.439109] nand: Toshiba NAND 128MiB 1,8V 8-bit
[    0.439747] nand: 128 MiB, SLC, erase size: 16 KiB, page size: 512, OOB size: 16
[    0.441111] flash size: 128 MiB
[    0.441720] page size: 512 bytes
[    0.442308] OOB area size: 16 bytes
[    0.443190] sector size: 16 KiB
[    0.443759] pages number: 262144
[    0.444339] pages per sector: 32
[    0.444943] bus width: 8
[    0.445383] bits in sector size: 14
[    0.445854] bits in page size: 9
[    0.446006] bits in OOB size: 4
[    0.446574] flash size with OOB: 135168 KiB
[    0.446829] page address bytes: 4
[    0.447282] sector address bytes: 3
[    0.447447] options: 0x42
[    0.452878] Scanning device for bad blocks
[    0.564846] Creating 11 MTD partitions on "NAND 128MiB 1,8V 8-bit":
[    0.566404] 0x000000000000-0x000000100000 : "NAND simulator partition 0"
[    0.570487] 0x000000100000-0x000000200000 : "NAND simulator partition 1"
[    0.573272] 0x000000200000-0x000000300000 : "NAND simulator partition 2"
[    0.575734] 0x000000300000-0x000000400000 : "NAND simulator partition 3"
[    0.578167] 0x000000400000-0x000000500000 : "NAND simulator partition 4"
[    0.580568] 0x000000500000-0x000000600000 : "NAND simulator partition 5"
[    0.583293] 0x000000600000-0x000000700000 : "NAND simulator partition 6"
[    0.585798] 0x000000700000-0x000000800000 : "NAND simulator partition 7"
[    0.588256] 0x000000800000-0x000000900000 : "NAND simulator partition 8"
[    0.590824] 0x000000900000-0x000000a00000 : "NAND simulator partition 9"
[    0.593514] 0x000000a00000-0x000008000000 : "NAND simulator partition 10"
[    0.598839] tun: Universal TUN/TAP device driver, 1.6
[    0.599777] tun: (C) 1999-2004 Max Krasnyansky <maxk@qualcomm.com>
[    0.616357] PPP generic driver version 2.4.2
[    0.617964] PPP BSD Compression module registered
[    0.618894] PPP Deflate Compression module registered
[    0.619933] PPP MPPE Compression module registered
[    0.620848] NET: Registered protocol family 24
[    0.621942] PPTP driver version 0.8.5
[    0.623561] usbcore: registered new interface driver usb-storage
[    0.626198] hidraw: raw HID events driver (C) Jiri Kosina
[    0.627639] usbcore: registered new interface driver usbhid
[    0.628663] usbhid: USB HID core driver
[    0.629802] Netfilter messages via NETLINK v0.30.
[    0.631201] nf_conntrack version 0.5.0 (3958 buckets, 15832 max)
[    0.633720] ctnetlink v0.93: registering with nfnetlink.
[    0.635947] ipip: IPv4 over IPv4 tunneling driver
[    0.638610] gre: GRE over IPv4 demultiplexor driver
[    0.639598] ip_gre: GRE over IPv4 tunneling driver
[    0.644752] ip_tables: (C) 2000-2006 Netfilter Core Team
[    0.647252] arp_tables: (C) 2002 David S. Miller
[    0.649099] Initializing XFRM netlink socket
[    0.650379] NET: Registered protocol family 10
[    0.657155] ip6_tables: (C) 2000-2006 Netfilter Core Team
[    0.659683] sit: IPv6 over IPv4 tunneling driver
[    0.664220] NET: Registered protocol family 17
[    0.665625] bridge: automatic filtering via arp/ip/ip6tables has been deprecated. Update your scripts to load br_netfilter if you need this.
[    0.667949] Bridge firewalling registered
[    0.668910] Ebtables v2.0 registered
[    0.670617] 8021q: 802.1Q VLAN Support v1.8
[    0.671937] Registering SWP/SWPB emulation handler
[    0.675010] hctosys: unable to open rtc device (rtc0)
[    0.685174] EXT4-fs (vda1): couldn't mount as ext3 due to feature incompatibilities
[    0.689677] EXT4-fs (vda1): mounting ext2 file system using the ext4 subsystem
[    0.700337] EXT4-fs (vda1): warning: mounting unchecked fs, running e2fsck is recommended
[    0.704542] EXT4-fs (vda1): mounted filesystem without journal. Opts: (null)
[    0.706793] VFS: Mounted root (ext2 filesystem) on device 254:1.
[    0.712634] Freeing unused kernel memory: 180K (c05c7000 - c05f4000)
[    0.716060] Starting init: /sbin/init exists but couldn't execute it (error -20)
[    0.723272] Starting init: /bin/init exists but couldn't execute it (error -20)
[    0.724707] firmadyne: do_execve: /firmadyne/console
[    0.725675] OFFSETS: offset of pid: 0x190 offset of comm: 0x270
[    0.726836] Starting init: /bin/sh exists but couldn't execute it (error -20)
[    0.728171] Kernel panic - not syncing: No working init found.  Try passing init= option to kernel. See Linux Documentation/init.txt for guidance.
[    0.730530] CPU: 0 PID: 1 Comm: swapper Tainted: G        W       4.1.17+ #1
[    0.731767] Hardware name: Generic DT based system
[    0.732784] [<c001c99c>] (unwind_backtrace) from [<c0019d30>] (show_stack+0x10/0x14)
[    0.734191] [<c0019d30>] (show_stack) from [<c0410b78>] (panic+0x70/0x1c8)
[    0.734845] [<c0410b78>] (panic) from [<c040f33c>] (kernel_init+0xb8/0xe4)
[    0.735502] [<c040f33c>] (kernel_init) from [<c0016da8>] (ret_from_fork+0x14/0x2c)
[    0.736566] ---[ end Kernel panic - not syncing: No working init found.  Try passing init= option to kernel. See Linux Documentation/init.txt for guidance.
