[    0.000000] Booting Linux on physical CPU 0x0
[    0.000000] Linux version 4.1.17+ (vagrant@vagrant-ubuntu-trusty-64) (gcc version 5.3.0 (GCC) ) #1 Thu Feb 18 01:05:21 UTC 2016
[    0.000000] CPU: ARMv7 Processor [412fc0f1] revision 1 (ARMv7), cr=10c5387d
[    0.000000] CPU: PIPT / VIPT nonaliasing data cache, PIPT instruction cache
[    0.000000] Machine model: linux,dummy-virt
[    0.000000] debug: ignoring loglevel setting.
[    0.000000] Memory policy: Data cache writeback
[    0.000000] On node 0 totalpages: 65536
[    0.000000] free_area_init_node: node 0, pgdat c061dfe8, node_mem_map cfdf9000
[    0.000000]   Normal zone: 512 pages used for memmap
[    0.000000]   Normal zone: 0 pages reserved
[    0.000000]   Normal zone: 65536 pages, LIFO batch:15
[    0.000000] CPU: All CPU(s) started in SVC mode.
[    0.000000] pcpu-alloc: s0 r0 d32768 u32768 alloc=1*32768
[    0.000000] pcpu-alloc: [0] 0 
[    0.000000] Built 1 zonelists in Zone order, mobility grouping on.  Total pages: 65024
[    0.000000] Kernel command line: firmadyne.syscall=1 root=/dev/vda1 console=ttyS0 nandsim.parts=64,64,64,64,64,64,64,64,64,64 rdinit=/firmadyne/preInit.sh rw debug ignore_loglevel print-fatal-signals=1 user_debug=31
[    0.000000] PID hash table entries: 1024 (order: 0, 4096 bytes)
[    0.000000] Dentry cache hash table entries: 32768 (order: 5, 131072 bytes)
[    0.000000] Inode-cache hash table entries: 16384 (order: 4, 65536 bytes)
[    0.000000] Memory: 253344K/262144K available (4297K kernel code, 170K rwdata, 1584K rodata, 180K init, 148K bss, 8800K reserved, 0K cma-reserved)
[    0.000000] Virtual kernel memory layout:
[    0.000000]     vector  : 0xffff0000 - 0xffff1000   (   4 kB)
[    0.000000]     fixmap  : 0xffc00000 - 0xfff00000   (3072 kB)
[    0.000000]     vmalloc : 0xd0800000 - 0xff000000   ( 744 MB)
[    0.000000]     lowmem  : 0xc0000000 - 0xd0000000   ( 256 MB)
[    0.000000]     modules : 0xbf000000 - 0xc0000000   (  16 MB)
[    0.000000]       .text : 0xc0008000 - 0xc05c67bc   (5882 kB)
[    0.000000]       .init : 0xc05c7000 - 0xc05f4000   ( 180 kB)
[    0.000000]       .data : 0xc05f4000 - 0xc061e840   ( 171 kB)
[    0.000000]        .bss : 0xc0621000 - 0xc06462d4   ( 149 kB)
[    0.000000] NR_IRQS:16 nr_irqs:16 16
[    0.000000] Architected cp15 timer(s) running at 62.50MHz (virt).
[    0.000000] clocksource arch_sys_counter: mask: 0xffffffffffffff max_cycles: 0x1cd42e208c, max_idle_ns: 881590405314 ns
[    0.000129] sched_clock: 56 bits at 62MHz, resolution 16ns, wraps every 4398046511096ns
[    0.000230] Switching to timer-based delay loop, resolution 16ns
[    0.002785] Console: colour dummy device 80x30
[    0.003052] Calibrating delay loop (skipped), value calculated using timer frequency.. 125.00 BogoMIPS (lpj=625000)
[    0.003152] pid_max: default: 32768 minimum: 301
[    0.003918] Mount-cache hash table entries: 1024 (order: 0, 4096 bytes)
[    0.003949] Mountpoint-cache hash table entries: 1024 (order: 0, 4096 bytes)
[    0.011542] CPU: Testing write buffer coherency: ok
[    0.016655] Setting up static identity map for 0x40008240 - 0x40008298
[    0.028949] VFP support v0.3: implementor 41 architecture 4 part 30 variant f rev 0
[    0.039376] clocksource jiffies: mask: 0xffffffff max_cycles: 0xffffffff, max_idle_ns: 19112604462750000 ns
[    0.046983] NET: Registered protocol family 16
[    0.049536] DMA: preallocated 256 KiB pool for atomic coherent allocations
[    0.052786] cpuidle: using governor ladder
[    0.053119] cpuidle: using governor menu
[    0.056012] genirq: Setting trigger mode 1 for irq 20 failed (gic_set_type+0x0/0x48)
[    0.057551] genirq: Setting trigger mode 1 for irq 21 failed (gic_set_type+0x0/0x48)
[    0.057816] genirq: Setting trigger mode 1 for irq 22 failed (gic_set_type+0x0/0x48)
[    0.058078] genirq: Setting trigger mode 1 for irq 23 failed (gic_set_type+0x0/0x48)
[    0.058345] genirq: Setting trigger mode 1 for irq 24 failed (gic_set_type+0x0/0x48)
[    0.058610] genirq: Setting trigger mode 1 for irq 25 failed (gic_set_type+0x0/0x48)
[    0.058849] genirq: Setting trigger mode 1 for irq 26 failed (gic_set_type+0x0/0x48)
[    0.059089] genirq: Setting trigger mode 1 for irq 27 failed (gic_set_type+0x0/0x48)
[    0.059442] genirq: Setting trigger mode 1 for irq 28 failed (gic_set_type+0x0/0x48)
[    0.059699] genirq: Setting trigger mode 1 for irq 29 failed (gic_set_type+0x0/0x48)
[    0.059934] genirq: Setting trigger mode 1 for irq 30 failed (gic_set_type+0x0/0x48)
[    0.060184] genirq: Setting trigger mode 1 for irq 31 failed (gic_set_type+0x0/0x48)
[    0.060433] genirq: Setting trigger mode 1 for irq 32 failed (gic_set_type+0x0/0x48)
[    0.060710] genirq: Setting trigger mode 1 for irq 33 failed (gic_set_type+0x0/0x48)
[    0.060977] genirq: Setting trigger mode 1 for irq 34 failed (gic_set_type+0x0/0x48)
[    0.061210] genirq: Setting trigger mode 1 for irq 35 failed (gic_set_type+0x0/0x48)
[    0.061467] genirq: Setting trigger mode 1 for irq 36 failed (gic_set_type+0x0/0x48)
[    0.061714] genirq: Setting trigger mode 1 for irq 37 failed (gic_set_type+0x0/0x48)
[    0.061999] genirq: Setting trigger mode 1 for irq 38 failed (gic_set_type+0x0/0x48)
[    0.062248] genirq: Setting trigger mode 1 for irq 39 failed (gic_set_type+0x0/0x48)
[    0.062501] genirq: Setting trigger mode 1 for irq 40 failed (gic_set_type+0x0/0x48)
[    0.062751] genirq: Setting trigger mode 1 for irq 41 failed (gic_set_type+0x0/0x48)
[    0.063003] genirq: Setting trigger mode 1 for irq 42 failed (gic_set_type+0x0/0x48)
[    0.063495] genirq: Setting trigger mode 1 for irq 43 failed (gic_set_type+0x0/0x48)
[    0.063771] genirq: Setting trigger mode 1 for irq 44 failed (gic_set_type+0x0/0x48)
[    0.064036] genirq: Setting trigger mode 1 for irq 45 failed (gic_set_type+0x0/0x48)
[    0.064282] genirq: Setting trigger mode 1 for irq 46 failed (gic_set_type+0x0/0x48)
[    0.064615] genirq: Setting trigger mode 1 for irq 47 failed (gic_set_type+0x0/0x48)
[    0.064909] genirq: Setting trigger mode 1 for irq 48 failed (gic_set_type+0x0/0x48)
[    0.065161] genirq: Setting trigger mode 1 for irq 49 failed (gic_set_type+0x0/0x48)
[    0.065402] genirq: Setting trigger mode 1 for irq 50 failed (gic_set_type+0x0/0x48)
[    0.065660] genirq: Setting trigger mode 1 for irq 51 failed (gic_set_type+0x0/0x48)
[    0.066080] genirq: Setting trigger mode 1 for irq 52 failed (gic_set_type+0x0/0x48)
[    0.069168] Serial: AMBA PL011 UART driver
[    0.070844] 9000000.pl011: ttyS0 at MMIO 0x9000000 (irq = 52, base_baud = 0) is a PL011 rev1
[    0.092606] console [ttyS0] enabled
[    0.112212] vgaarb: loaded
[    0.113468] SCSI subsystem initialized
[    0.114575] usbcore: registered new interface driver usbfs
[    0.114955] usbcore: registered new interface driver hub
[    0.115319] usbcore: registered new device driver usb
[    0.122692] cfg80211: Calling CRDA to update world regulatory domain
[    0.124996] Switched to clocksource arch_sys_counter
[    0.137884] NET: Registered protocol family 2
[    0.141951] TCP established hash table entries: 2048 (order: 1, 8192 bytes)
[    0.142298] TCP bind hash table entries: 2048 (order: 1, 8192 bytes)
[    0.142682] TCP: Hash tables configured (established 2048 bind 2048)
[    0.143216] UDP hash table entries: 256 (order: 0, 4096 bytes)
[    0.143521] UDP-Lite hash table entries: 256 (order: 0, 4096 bytes)
[    0.145915] NET: Registered protocol family 1
[    0.146352] PCI: CLS 0 bytes, default 64
[    0.152270] NetWinder Floating Point Emulator V0.97 (extended precision)
[    0.155435] futex hash table entries: 256 (order: -1, 3072 bytes)
[    0.159927] squashfs: version 4.0 (2009/01/31) Phillip Lougher
[    0.160921] jffs2: version 2.2. (NAND) Â© 2001-2006 Red Hat, Inc.
[    0.161686] romfs: ROMFS MTD (C) 2007 Red Hat, Inc.
[    0.169219] Block layer SCSI generic (bsg) driver version 0.4 loaded (major 253)
[    0.169605] io scheduler noop registered
[    0.169862] io scheduler cfq registered (default)
[    0.170506] firmadyne: devfs: 1, execute: 1, procfs: 1, syscall: 1
[    0.171659] ------------[ cut here ]------------
[    0.171867] WARNING: CPU: 0 PID: 1 at /home/vagrant/firmadyne-kernel/kernel-v4.1/fs/sysfs/dir.c:31 sysfs_warn_dup+0x50/0x6c()
[    0.172283] sysfs: cannot create duplicate filename '/class/gpio'
[    0.172549] Modules linked in:
[    0.172875] CPU: 0 PID: 1 Comm: swapper Not tainted 4.1.17+ #1
[    0.173107] Hardware name: Generic DT based system
[    0.173776] [<c001c99c>] (unwind_backtrace) from [<c0019d30>] (show_stack+0x10/0x14)
[    0.174153] [<c0019d30>] (show_stack) from [<c0024ab4>] (warn_slowpath_common+0x80/0xa8)
[    0.174474] [<c0024ab4>] (warn_slowpath_common) from [<c0024b08>] (warn_slowpath_fmt+0x2c/0x3c)
[    0.175070] [<c0024b08>] (warn_slowpath_fmt) from [<c00e363c>] (sysfs_warn_dup+0x50/0x6c)
[    0.175389] [<c00e363c>] (sysfs_warn_dup) from [<c00e3714>] (sysfs_create_dir_ns+0x74/0x84)
[    0.175699] [<c00e3714>] (sysfs_create_dir_ns) from [<c018e6ac>] (kobject_add_internal+0xb8/0x2ac)
[    0.176029] [<c018e6ac>] (kobject_add_internal) from [<c018e9a8>] (kset_register+0x1c/0x44)
[    0.176341] [<c018e9a8>] (kset_register) from [<c02090b4>] (__class_register+0xa8/0x198)
[    0.176658] [<c02090b4>] (__class_register) from [<c02091e4>] (__class_create+0x40/0x70)
[    0.176971] [<c02091e4>] (__class_create) from [<c01adf68>] (register_devfs_stubs+0x314/0xbb4)
[    0.177297] [<c01adf68>] (register_devfs_stubs) from [<c05d9b08>] (init_module+0x28/0xa4)
[    0.177628] [<c05d9b08>] (init_module) from [<c0009670>] (do_one_initcall+0x104/0x1b4)
[    0.177928] [<c0009670>] (do_one_initcall) from [<c05c7d08>] (kernel_init_freeable+0xf0/0x1b0)
[    0.178254] [<c05c7d08>] (kernel_init_freeable) from [<c040f28c>] (kernel_init+0x8/0xe4)
[    0.178551] [<c040f28c>] (kernel_init) from [<c0016da8>] (ret_from_fork+0x14/0x2c)
[    0.178899] ---[ end trace 98f18007d40adb04 ]---
[    0.179155] ------------[ cut here ]------------
[    0.179340] WARNING: CPU: 0 PID: 1 at /home/vagrant/firmadyne-kernel/kernel-v4.1/lib/kobject.c:240 kobject_add_internal+0x240/0x2ac()
[    0.179753] kobject_add_internal failed for gpio with -EEXIST, don't try to register things with the same name in the same directory.
[    0.180172] Modules linked in:
[    0.180353] CPU: 0 PID: 1 Comm: swapper Tainted: G        W       4.1.17+ #1
[    0.180619] Hardware name: Generic DT based system
[    0.180826] [<c001c99c>] (unwind_backtrace) from [<c0019d30>] (show_stack+0x10/0x14)
[    0.181118] [<c0019d30>] (show_stack) from [<c0024ab4>] (warn_slowpath_common+0x80/0xa8)
[    0.181431] [<c0024ab4>] (warn_slowpath_common) from [<c0024b08>] (warn_slowpath_fmt+0x2c/0x3c)
[    0.181754] [<c0024b08>] (warn_slowpath_fmt) from [<c018e834>] (kobject_add_internal+0x240/0x2ac)
[    0.182084] [<c018e834>] (kobject_add_internal) from [<c018e9a8>] (kset_register+0x1c/0x44)
[    0.182397] [<c018e9a8>] (kset_register) from [<c02090b4>] (__class_register+0xa8/0x198)
[    0.182697] [<c02090b4>] (__class_register) from [<c02091e4>] (__class_create+0x40/0x70)
[    0.182997] [<c02091e4>] (__class_create) from [<c01adf68>] (register_devfs_stubs+0x314/0xbb4)
[    0.183326] [<c01adf68>] (register_devfs_stubs) from [<c05d9b08>] (init_module+0x28/0xa4)
[    0.183628] [<c05d9b08>] (init_module) from [<c0009670>] (do_one_initcall+0x104/0x1b4)
[    0.183925] [<c0009670>] (do_one_initcall) from [<c05c7d08>] (kernel_init_freeable+0xf0/0x1b0)
[    0.184246] [<c05c7d08>] (kernel_init_freeable) from [<c040f28c>] (kernel_init+0x8/0xe4)
[    0.184800] [<c040f28c>] (kernel_init) from [<c0016da8>] (ret_from_fork+0x14/0x2c)
[    0.185096] ---[ end trace 98f18007d40adb05 ]---
[    0.185328] firmadyne: Cannot create device class: gpio!
[    0.186744] firmadyne: Cannot register character device: watchdog, 0xa, 0x82!
[    0.187029] firmadyne: Cannot register character device: wdt, 0xfd, 0x0!
[    0.282598] Non-volatile memory driver v1.3
[    0.302246] brd: module loaded
[    0.310698] loop: module loaded
[    0.319007]  vda: vda1
[    0.322948] [nandsim] warning: read_byte: unexpected data output cycle, state is STATE_READY return 0x0
[    0.323323] [nandsim] warning: read_byte: unexpected data output cycle, state is STATE_READY return 0x0
[    0.323658] [nandsim] warning: read_byte: unexpected data output cycle, state is STATE_READY return 0x0
[    0.323987] [nandsim] warning: read_byte: unexpected data output cycle, state is STATE_READY return 0x0
[    0.324324] [nandsim] warning: read_byte: unexpected data output cycle, state is STATE_READY return 0x0
[    0.324900] [nandsim] warning: read_byte: unexpected data output cycle, state is STATE_READY return 0x0
[    0.325471] nand: device found, Manufacturer ID: 0x98, Chip ID: 0x39
[    0.325723] nand: Toshiba NAND 128MiB 1,8V 8-bit
[    0.325920] nand: 128 MiB, SLC, erase size: 16 KiB, page size: 512, OOB size: 16
[    0.326811] flash size: 128 MiB
[    0.326940] page size: 512 bytes
[    0.327068] OOB area size: 16 bytes
[    0.327212] sector size: 16 KiB
[    0.327336] pages number: 262144
[    0.327461] pages per sector: 32
[    0.327587] bus width: 8
[    0.327689] bits in sector size: 14
[    0.327822] bits in page size: 9
[    0.327951] bits in OOB size: 4
[    0.328079] flash size with OOB: 135168 KiB
[    0.328243] page address bytes: 4
[    0.328375] sector address bytes: 3
[    0.328528] options: 0x42
[    0.332216] Scanning device for bad blocks
[    0.461228] Creating 11 MTD partitions on "NAND 128MiB 1,8V 8-bit":
[    0.461758] 0x000000000000-0x000000100000 : "NAND simulator partition 0"
[    0.464998] 0x000000100000-0x000000200000 : "NAND simulator partition 1"
[    0.466404] 0x000000200000-0x000000300000 : "NAND simulator partition 2"
[    0.467730] 0x000000300000-0x000000400000 : "NAND simulator partition 3"
[    0.469107] 0x000000400000-0x000000500000 : "NAND simulator partition 4"
[    0.470415] 0x000000500000-0x000000600000 : "NAND simulator partition 5"
[    0.471770] 0x000000600000-0x000000700000 : "NAND simulator partition 6"
[    0.473167] 0x000000700000-0x000000800000 : "NAND simulator partition 7"
[    0.474845] 0x000000800000-0x000000900000 : "NAND simulator partition 8"
[    0.476357] 0x000000900000-0x000000a00000 : "NAND simulator partition 9"
[    0.477755] 0x000000a00000-0x000008000000 : "NAND simulator partition 10"
[    0.482060] tun: Universal TUN/TAP device driver, 1.6
[    0.482265] tun: (C) 1999-2004 Max Krasnyansky <maxk@qualcomm.com>
[    0.499323] PPP generic driver version 2.4.2
[    0.500016] PPP BSD Compression module registered
[    0.500240] PPP Deflate Compression module registered
[    0.500551] PPP MPPE Compression module registered
[    0.500784] NET: Registered protocol family 24
[    0.501132] PPTP driver version 0.8.5
[    0.501840] usbcore: registered new interface driver usb-storage
[    0.503420] hidraw: raw HID events driver (C) Jiri Kosina
[    0.503943] usbcore: registered new interface driver usbhid
[    0.504159] usbhid: USB HID core driver
[    0.504884] Netfilter messages via NETLINK v0.30.
[    0.505529] nf_conntrack version 0.5.0 (3958 buckets, 15832 max)
[    0.506820] ctnetlink v0.93: registering with nfnetlink.
[    0.508134] ipip: IPv4 over IPv4 tunneling driver
[    0.510026] gre: GRE over IPv4 demultiplexor driver
[    0.510255] ip_gre: GRE over IPv4 tunneling driver
[    0.514413] ip_tables: (C) 2000-2006 Netfilter Core Team
[    0.516176] arp_tables: (C) 2002 David S. Miller
[    0.517254] Initializing XFRM netlink socket
[    0.517780] NET: Registered protocol family 10
[    0.523688] ip6_tables: (C) 2000-2006 Netfilter Core Team
[    0.525461] sit: IPv6 over IPv4 tunneling driver
[    0.528921] NET: Registered protocol family 17
[    0.529513] bridge: automatic filtering via arp/ip/ip6tables has been deprecated. Update your scripts to load br_netfilter if you need this.
[    0.530052] Bridge firewalling registered
[    0.530250] Ebtables v2.0 registered
[    0.531286] 8021q: 802.1Q VLAN Support v1.8
[    0.531900] Registering SWP/SWPB emulation handler
[    0.533848] hctosys: unable to open rtc device (rtc0)
[    0.542947] EXT4-fs (vda1): couldn't mount as ext3 due to feature incompatibilities
[    0.544344] EXT4-fs (vda1): mounting ext2 file system using the ext4 subsystem
[    0.555858] EXT4-fs (vda1): mounted filesystem without journal. Opts: (null)
[    0.556936] VFS: Mounted root (ext2 filesystem) on device 254:1.
[    0.561745] Freeing unused kernel memory: 180K (c05c7000 - c05f4000)
[    0.569001] Starting init: /sbin/init exists but couldn't execute it (error -13)
[    0.574219] Starting init: /etc/init exists but couldn't execute it (error -13)
[    0.579534] firmadyne: do_execve: /firmadyne/console
[    0.579789] OFFSETS: offset of pid: 0x190 offset of comm: 0x270
[    0.580121] Starting init: /bin/sh exists but couldn't execute it (error -13)
[    0.580443] Kernel panic - not syncing: No working init found.  Try passing init= option to kernel. See Linux Documentation/init.txt for guidance.
[    0.580951] CPU: 0 PID: 1 Comm: swapper Tainted: G        W       4.1.17+ #1
[    0.581206] Hardware name: Generic DT based system
[    0.581429] [<c001c99c>] (unwind_backtrace) from [<c0019d30>] (show_stack+0x10/0x14)
[    0.581727] [<c0019d30>] (show_stack) from [<c0410b78>] (panic+0x70/0x1c8)
[    0.581989] [<c0410b78>] (panic) from [<c040f33c>] (kernel_init+0xb8/0xe4)
[    0.582245] [<c040f33c>] (kernel_init) from [<c0016da8>] (ret_from_fork+0x14/0x2c)
[    0.582692] ---[ end Kernel panic - not syncing: No working init found.  Try passing init= option to kernel. See Linux Documentation/init.txt for guidance.
