[    0.000000] Booting Linux on physical CPU 0x0
[    0.000000] Linux version 4.1.17+ (vagrant@vagrant-ubuntu-trusty-64) (gcc version 5.3.0 (GCC) ) #1 Thu Feb 18 01:05:21 UTC 2016
[    0.000000] CPU: ARMv7 Processor [412fc0f1] revision 1 (ARMv7), cr=10c5387d
[    0.000000] CPU: PIPT / VIPT nonaliasing data cache, PIPT instruction cache
[    0.000000] Machine model: linux,dummy-virt
[    0.000000] debug: ignoring loglevel setting.
[    0.000000] Memory policy: Data cache writeback
[    0.000000] On node 0 totalpages: 65536
[    0.000000] free_area_init_node: node 0, pgdat c061dfe8, node_mem_map cfdf9000
[    0.000000]   Normal zone: 512 pages used for memmap
[    0.000000]   Normal zone: 0 pages reserved
[    0.000000]   Normal zone: 65536 pages, LIFO batch:15
[    0.000000] CPU: All CPU(s) started in SVC mode.
[    0.000000] pcpu-alloc: s0 r0 d32768 u32768 alloc=1*32768
[    0.000000] pcpu-alloc: [0] 0 
[    0.000000] Built 1 zonelists in Zone order, mobility grouping on.  Total pages: 65024
[    0.000000] Kernel command line: root=/dev/vda1 console=ttyS0 nandsim.parts=64,64,64,64,64,64,64,64,64,64 rdinit=/firmadyne/preInit.sh rw debug ignore_loglevel print-fatal-signals=1 user_debug=31 firmadyne.syscall=0
[    0.000000] PID hash table entries: 1024 (order: 0, 4096 bytes)
[    0.000000] Dentry cache hash table entries: 32768 (order: 5, 131072 bytes)
[    0.000000] Inode-cache hash table entries: 16384 (order: 4, 65536 bytes)
[    0.000000] Memory: 253344K/262144K available (4297K kernel code, 170K rwdata, 1584K rodata, 180K init, 148K bss, 8800K reserved, 0K cma-reserved)
[    0.000000] Virtual kernel memory layout:
[    0.000000]     vector  : 0xffff0000 - 0xffff1000   (   4 kB)
[    0.000000]     fixmap  : 0xffc00000 - 0xfff00000   (3072 kB)
[    0.000000]     vmalloc : 0xd0800000 - 0xff000000   ( 744 MB)
[    0.000000]     lowmem  : 0xc0000000 - 0xd0000000   ( 256 MB)
[    0.000000]     modules : 0xbf000000 - 0xc0000000   (  16 MB)
[    0.000000]       .text : 0xc0008000 - 0xc05c67bc   (5882 kB)
[    0.000000]       .init : 0xc05c7000 - 0xc05f4000   ( 180 kB)
[    0.000000]       .data : 0xc05f4000 - 0xc061e840   ( 171 kB)
[    0.000000]        .bss : 0xc0621000 - 0xc06462d4   ( 149 kB)
[    0.000000] NR_IRQS:16 nr_irqs:16 16
[    0.000000] Architected cp15 timer(s) running at 62.50MHz (virt).
[    0.000000] clocksource arch_sys_counter: mask: 0xffffffffffffff max_cycles: 0x1cd42e208c, max_idle_ns: 881590405314 ns
[    0.000139] sched_clock: 56 bits at 62MHz, resolution 16ns, wraps every 4398046511096ns
[    0.000242] Switching to timer-based delay loop, resolution 16ns
[    0.003026] Console: colour dummy device 80x30
[    0.003299] Calibrating delay loop (skipped), value calculated using timer frequency.. 125.00 BogoMIPS (lpj=625000)
[    0.003407] pid_max: default: 32768 minimum: 301
[    0.004179] Mount-cache hash table entries: 1024 (order: 0, 4096 bytes)
[    0.004211] Mountpoint-cache hash table entries: 1024 (order: 0, 4096 bytes)
[    0.012210] CPU: Testing write buffer coherency: ok
[    0.017316] Setting up static identity map for 0x40008240 - 0x40008298
[    0.029513] VFP support v0.3: implementor 41 architecture 4 part 30 variant f rev 0
[    0.039493] clocksource jiffies: mask: 0xffffffff max_cycles: 0xffffffff, max_idle_ns: 19112604462750000 ns
[    0.047128] NET: Registered protocol family 16
[    0.049640] DMA: preallocated 256 KiB pool for atomic coherent allocations
[    0.052886] cpuidle: using governor ladder
[    0.053015] cpuidle: using governor menu
[    0.056083] genirq: Setting trigger mode 1 for irq 20 failed (gic_set_type+0x0/0x48)
[    0.057523] genirq: Setting trigger mode 1 for irq 21 failed (gic_set_type+0x0/0x48)
[    0.057779] genirq: Setting trigger mode 1 for irq 22 failed (gic_set_type+0x0/0x48)
[    0.058036] genirq: Setting trigger mode 1 for irq 23 failed (gic_set_type+0x0/0x48)
[    0.058295] genirq: Setting trigger mode 1 for irq 24 failed (gic_set_type+0x0/0x48)
[    0.058540] genirq: Setting trigger mode 1 for irq 25 failed (gic_set_type+0x0/0x48)
[    0.058797] genirq: Setting trigger mode 1 for irq 26 failed (gic_set_type+0x0/0x48)
[    0.059039] genirq: Setting trigger mode 1 for irq 27 failed (gic_set_type+0x0/0x48)
[    0.059374] genirq: Setting trigger mode 1 for irq 28 failed (gic_set_type+0x0/0x48)
[    0.059620] genirq: Setting trigger mode 1 for irq 29 failed (gic_set_type+0x0/0x48)
[    0.059850] genirq: Setting trigger mode 1 for irq 30 failed (gic_set_type+0x0/0x48)
[    0.060094] genirq: Setting trigger mode 1 for irq 31 failed (gic_set_type+0x0/0x48)
[    0.060368] genirq: Setting trigger mode 1 for irq 32 failed (gic_set_type+0x0/0x48)
[    0.060608] genirq: Setting trigger mode 1 for irq 33 failed (gic_set_type+0x0/0x48)
[    0.060835] genirq: Setting trigger mode 1 for irq 34 failed (gic_set_type+0x0/0x48)
[    0.061061] genirq: Setting trigger mode 1 for irq 35 failed (gic_set_type+0x0/0x48)
[    0.061295] genirq: Setting trigger mode 1 for irq 36 failed (gic_set_type+0x0/0x48)
[    0.061532] genirq: Setting trigger mode 1 for irq 37 failed (gic_set_type+0x0/0x48)
[    0.061808] genirq: Setting trigger mode 1 for irq 38 failed (gic_set_type+0x0/0x48)
[    0.062054] genirq: Setting trigger mode 1 for irq 39 failed (gic_set_type+0x0/0x48)
[    0.062290] genirq: Setting trigger mode 1 for irq 40 failed (gic_set_type+0x0/0x48)
[    0.062529] genirq: Setting trigger mode 1 for irq 41 failed (gic_set_type+0x0/0x48)
[    0.062800] genirq: Setting trigger mode 1 for irq 42 failed (gic_set_type+0x0/0x48)
[    0.063053] genirq: Setting trigger mode 1 for irq 43 failed (gic_set_type+0x0/0x48)
[    0.063307] genirq: Setting trigger mode 1 for irq 44 failed (gic_set_type+0x0/0x48)
[    0.063770] genirq: Setting trigger mode 1 for irq 45 failed (gic_set_type+0x0/0x48)
[    0.064029] genirq: Setting trigger mode 1 for irq 46 failed (gic_set_type+0x0/0x48)
[    0.064331] genirq: Setting trigger mode 1 for irq 47 failed (gic_set_type+0x0/0x48)
[    0.064586] genirq: Setting trigger mode 1 for irq 48 failed (gic_set_type+0x0/0x48)
[    0.064828] genirq: Setting trigger mode 1 for irq 49 failed (gic_set_type+0x0/0x48)
[    0.065063] genirq: Setting trigger mode 1 for irq 50 failed (gic_set_type+0x0/0x48)
[    0.065300] genirq: Setting trigger mode 1 for irq 51 failed (gic_set_type+0x0/0x48)
[    0.065712] genirq: Setting trigger mode 1 for irq 52 failed (gic_set_type+0x0/0x48)
[    0.068743] Serial: AMBA PL011 UART driver
[    0.070405] 9000000.pl011: ttyS0 at MMIO 0x9000000 (irq = 52, base_baud = 0) is a PL011 rev1
[    0.129045] console [ttyS0] enabled
[    0.148471] vgaarb: loaded
[    0.150272] SCSI subsystem initialized
[    0.151842] usbcore: registered new interface driver usbfs
[    0.153101] usbcore: registered new interface driver hub
[    0.154309] usbcore: registered new device driver usb
[    0.163117] cfg80211: Calling CRDA to update world regulatory domain
[    0.166200] Switched to clocksource arch_sys_counter
[    0.181454] NET: Registered protocol family 2
[    0.186671] TCP established hash table entries: 2048 (order: 1, 8192 bytes)
[    0.188080] TCP bind hash table entries: 2048 (order: 1, 8192 bytes)
[    0.189458] TCP: Hash tables configured (established 2048 bind 2048)
[    0.191017] UDP hash table entries: 256 (order: 0, 4096 bytes)
[    0.192215] UDP-Lite hash table entries: 256 (order: 0, 4096 bytes)
[    0.194464] NET: Registered protocol family 1
[    0.195690] PCI: CLS 0 bytes, default 64
[    0.202938] NetWinder Floating Point Emulator V0.97 (extended precision)
[    0.206495] futex hash table entries: 256 (order: -1, 3072 bytes)
[    0.212375] squashfs: version 4.0 (2009/01/31) Phillip Lougher
[    0.214652] jffs2: version 2.2. (NAND) Â© 2001-2006 Red Hat, Inc.
[    0.216639] romfs: ROMFS MTD (C) 2007 Red Hat, Inc.
[    0.224443] Block layer SCSI generic (bsg) driver version 0.4 loaded (major 253)
[    0.226303] io scheduler noop registered
[    0.227187] io scheduler cfq registered (default)
[    0.228625] firmadyne: devfs: 1, execute: 1, procfs: 1, syscall: 0
[    0.230834] ------------[ cut here ]------------
[    0.231732] WARNING: CPU: 0 PID: 1 at /home/vagrant/firmadyne-kernel/kernel-v4.1/fs/sysfs/dir.c:31 sysfs_warn_dup+0x50/0x6c()
[    0.233767] sysfs: cannot create duplicate filename '/class/gpio'
[    0.234887] Modules linked in:
[    0.235740] CPU: 0 PID: 1 Comm: swapper Not tainted 4.1.17+ #1
[    0.237082] Hardware name: Generic DT based system
[    0.238566] [<c001c99c>] (unwind_backtrace) from [<c0019d30>] (show_stack+0x10/0x14)
[    0.240095] [<c0019d30>] (show_stack) from [<c0024ab4>] (warn_slowpath_common+0x80/0xa8)
[    0.241569] [<c0024ab4>] (warn_slowpath_common) from [<c0024b08>] (warn_slowpath_fmt+0x2c/0x3c)
[    0.243178] [<c0024b08>] (warn_slowpath_fmt) from [<c00e363c>] (sysfs_warn_dup+0x50/0x6c)
[    0.244696] [<c00e363c>] (sysfs_warn_dup) from [<c00e3714>] (sysfs_create_dir_ns+0x74/0x84)
[    0.246545] [<c00e3714>] (sysfs_create_dir_ns) from [<c018e6ac>] (kobject_add_internal+0xb8/0x2ac)
[    0.247556] [<c018e6ac>] (kobject_add_internal) from [<c018e9a8>] (kset_register+0x1c/0x44)
[    0.248452] [<c018e9a8>] (kset_register) from [<c02090b4>] (__class_register+0xa8/0x198)
[    0.249091] [<c02090b4>] (__class_register) from [<c02091e4>] (__class_create+0x40/0x70)
[    0.249784] [<c02091e4>] (__class_create) from [<c01adf68>] (register_devfs_stubs+0x314/0xbb4)
[    0.250857] [<c01adf68>] (register_devfs_stubs) from [<c05d9b08>] (init_module+0x28/0xa4)
[    0.251649] [<c05d9b08>] (init_module) from [<c0009670>] (do_one_initcall+0x104/0x1b4)
[    0.252509] [<c0009670>] (do_one_initcall) from [<c05c7d08>] (kernel_init_freeable+0xf0/0x1b0)
[    0.253454] [<c05c7d08>] (kernel_init_freeable) from [<c040f28c>] (kernel_init+0x8/0xe4)
[    0.254182] [<c040f28c>] (kernel_init) from [<c0016da8>] (ret_from_fork+0x14/0x2c)
[    0.255020] ---[ end trace 50d18c7f781e9b2f ]---
[    0.255707] ------------[ cut here ]------------
[    0.256718] WARNING: CPU: 0 PID: 1 at /home/vagrant/firmadyne-kernel/kernel-v4.1/lib/kobject.c:240 kobject_add_internal+0x240/0x2ac()
[    0.257845] kobject_add_internal failed for gpio with -EEXIST, don't try to register things with the same name in the same directory.
[    0.258939] Modules linked in:
[    0.259229] CPU: 0 PID: 1 Comm: swapper Tainted: G        W       4.1.17+ #1
[    0.260147] Hardware name: Generic DT based system
[    0.260579] [<c001c99c>] (unwind_backtrace) from [<c0019d30>] (show_stack+0x10/0x14)
[    0.261225] [<c0019d30>] (show_stack) from [<c0024ab4>] (warn_slowpath_common+0x80/0xa8)
[    0.262148] [<c0024ab4>] (warn_slowpath_common) from [<c0024b08>] (warn_slowpath_fmt+0x2c/0x3c)
[    0.263014] [<c0024b08>] (warn_slowpath_fmt) from [<c018e834>] (kobject_add_internal+0x240/0x2ac)
[    0.263913] [<c018e834>] (kobject_add_internal) from [<c018e9a8>] (kset_register+0x1c/0x44)
[    0.264626] [<c018e9a8>] (kset_register) from [<c02090b4>] (__class_register+0xa8/0x198)
[    0.265453] [<c02090b4>] (__class_register) from [<c02091e4>] (__class_create+0x40/0x70)
[    0.266592] [<c02091e4>] (__class_create) from [<c01adf68>] (register_devfs_stubs+0x314/0xbb4)
[    0.267400] [<c01adf68>] (register_devfs_stubs) from [<c05d9b08>] (init_module+0x28/0xa4)
[    0.268385] [<c05d9b08>] (init_module) from [<c0009670>] (do_one_initcall+0x104/0x1b4)
[    0.269139] [<c0009670>] (do_one_initcall) from [<c05c7d08>] (kernel_init_freeable+0xf0/0x1b0)
[    0.269777] [<c05c7d08>] (kernel_init_freeable) from [<c040f28c>] (kernel_init+0x8/0xe4)
[    0.270547] [<c040f28c>] (kernel_init) from [<c0016da8>] (ret_from_fork+0x14/0x2c)
[    0.271231] ---[ end trace 50d18c7f781e9b30 ]---
[    0.271957] firmadyne: Cannot create device class: gpio!
[    0.273919] firmadyne: Cannot register character device: watchdog, 0xa, 0x82!
[    0.275283] firmadyne: Cannot register character device: wdt, 0xfd, 0x0!
[    0.379326] Non-volatile memory driver v1.3
[    0.400793] brd: module loaded
[    0.409721] loop: module loaded
[    0.418775]  vda: vda1
[    0.423270] [nandsim] warning: read_byte: unexpected data output cycle, state is STATE_READY return 0x0
[    0.425036] [nandsim] warning: read_byte: unexpected data output cycle, state is STATE_READY return 0x0
[    0.427051] [nandsim] warning: read_byte: unexpected data output cycle, state is STATE_READY return 0x0
[    0.428754] [nandsim] warning: read_byte: unexpected data output cycle, state is STATE_READY return 0x0
[    0.430391] [nandsim] warning: read_byte: unexpected data output cycle, state is STATE_READY return 0x0
[    0.432040] [nandsim] warning: read_byte: unexpected data output cycle, state is STATE_READY return 0x0
[    0.433202] nand: device found, Manufacturer ID: 0x98, Chip ID: 0x39
[    0.434381] nand: Toshiba NAND 128MiB 1,8V 8-bit
[    0.435128] nand: 128 MiB, SLC, erase size: 16 KiB, page size: 512, OOB size: 16
[    0.436728] flash size: 128 MiB
[    0.437355] page size: 512 bytes
[    0.437940] OOB area size: 16 bytes
[    0.438591] sector size: 16 KiB
[    0.439164] pages number: 262144
[    0.439742] pages per sector: 32
[    0.440361] bus width: 8
[    0.440809] bits in sector size: 14
[    0.441184] bits in page size: 9
[    0.441518] bits in OOB size: 4
[    0.441843] flash size with OOB: 135168 KiB
[    0.442245] page address bytes: 4
[    0.442594] sector address bytes: 3
[    0.443099] options: 0x42
[    0.448339] Scanning device for bad blocks
[    0.558753] Creating 11 MTD partitions on "NAND 128MiB 1,8V 8-bit":
[    0.560476] 0x000000000000-0x000000100000 : "NAND simulator partition 0"
[    0.564814] 0x000000100000-0x000000200000 : "NAND simulator partition 1"
[    0.567483] 0x000000200000-0x000000300000 : "NAND simulator partition 2"
[    0.569960] 0x000000300000-0x000000400000 : "NAND simulator partition 3"
[    0.572360] 0x000000400000-0x000000500000 : "NAND simulator partition 4"
[    0.574805] 0x000000500000-0x000000600000 : "NAND simulator partition 5"
[    0.577564] 0x000000600000-0x000000700000 : "NAND simulator partition 6"
[    0.579924] 0x000000700000-0x000000800000 : "NAND simulator partition 7"
[    0.582420] 0x000000800000-0x000000900000 : "NAND simulator partition 8"
[    0.585016] 0x000000900000-0x000000a00000 : "NAND simulator partition 9"
[    0.587664] 0x000000a00000-0x000008000000 : "NAND simulator partition 10"
[    0.592959] tun: Universal TUN/TAP device driver, 1.6
[    0.593946] tun: (C) 1999-2004 Max Krasnyansky <maxk@qualcomm.com>
[    0.609782] PPP generic driver version 2.4.2
[    0.611382] PPP BSD Compression module registered
[    0.612243] PPP Deflate Compression module registered
[    0.613301] PPP MPPE Compression module registered
[    0.614097] NET: Registered protocol family 24
[    0.615000] PPTP driver version 0.8.5
[    0.616499] usbcore: registered new interface driver usb-storage
[    0.618964] hidraw: raw HID events driver (C) Jiri Kosina
[    0.620227] usbcore: registered new interface driver usbhid
[    0.621253] usbhid: USB HID core driver
[    0.622244] Netfilter messages via NETLINK v0.30.
[    0.623449] nf_conntrack version 0.5.0 (3958 buckets, 15832 max)
[    0.625678] ctnetlink v0.93: registering with nfnetlink.
[    0.629000] ipip: IPv4 over IPv4 tunneling driver
[    0.631372] gre: GRE over IPv4 demultiplexor driver
[    0.632288] ip_gre: GRE over IPv4 tunneling driver
[    0.637395] ip_tables: (C) 2000-2006 Netfilter Core Team
[    0.639731] arp_tables: (C) 2002 David S. Miller
[    0.641653] Initializing XFRM netlink socket
[    0.642780] NET: Registered protocol family 10
[    0.649871] ip6_tables: (C) 2000-2006 Netfilter Core Team
[    0.652380] sit: IPv6 over IPv4 tunneling driver
[    0.657011] NET: Registered protocol family 17
[    0.658326] bridge: automatic filtering via arp/ip/ip6tables has been deprecated. Update your scripts to load br_netfilter if you need this.
[    0.660393] Bridge firewalling registered
[    0.661187] Ebtables v2.0 registered
[    0.662829] 8021q: 802.1Q VLAN Support v1.8
[    0.663990] Registering SWP/SWPB emulation handler
[    0.667136] hctosys: unable to open rtc device (rtc0)
[    0.677193] EXT4-fs (vda1): couldn't mount as ext3 due to feature incompatibilities
[    0.679901] EXT4-fs (vda1): mounting ext2 file system using the ext4 subsystem
[    0.689614] EXT4-fs (vda1): warning: mounting unchecked fs, running e2fsck is recommended
[    0.693552] EXT4-fs (vda1): mounted filesystem without journal. Opts: (null)
[    0.695810] VFS: Mounted root (ext2 filesystem) on device 254:1.
[    0.702557] Freeing unused kernel memory: 180K (c05c7000 - c05f4000)
[    0.711397] Starting init: /sbin/init exists but couldn't execute it (error -13)
[    0.722734] firmadyne: do_execve: /firmadyne/console
[    0.723689] OFFSETS: offset of pid: 0x190 offset of comm: 0x270
[    0.724908] Starting init: /bin/sh exists but couldn't execute it (error -13)
[    0.726371] Kernel panic - not syncing: No working init found.  Try passing init= option to kernel. See Linux Documentation/init.txt for guidance.
[    0.728560] CPU: 0 PID: 1 Comm: swapper Tainted: G        W       4.1.17+ #1
[    0.729764] Hardware name: Generic DT based system
[    0.730533] [<c001c99c>] (unwind_backtrace) from [<c0019d30>] (show_stack+0x10/0x14)
[    0.731711] [<c0019d30>] (show_stack) from [<c0410b78>] (panic+0x70/0x1c8)
[    0.732881] [<c0410b78>] (panic) from [<c040f33c>] (kernel_init+0xb8/0xe4)
[    0.734015] [<c040f33c>] (kernel_init) from [<c0016da8>] (ret_from_fork+0x14/0x2c)
[    0.735143] ---[ end Kernel panic - not syncing: No working init found.  Try passing init= option to kernel. See Linux Documentation/init.txt for guidance.
