[    0.000000] Booting Linux on physical CPU 0x0
[    0.000000] Linux version 4.1.17+ (vagrant@vagrant-ubuntu-trusty-64) (gcc version 5.3.0 (GCC) ) #1 Thu Feb 18 01:05:21 UTC 2016
[    0.000000] CPU: ARMv7 Processor [412fc0f1] revision 1 (ARMv7), cr=10c5387d
[    0.000000] CPU: PIPT / VIPT nonaliasing data cache, PIPT instruction cache
[    0.000000] Machine model: linux,dummy-virt
[    0.000000] debug: ignoring loglevel setting.
[    0.000000] Memory policy: Data cache writeback
[    0.000000] On node 0 totalpages: 65536
[    0.000000] free_area_init_node: node 0, pgdat c061dfe8, node_mem_map cfdf9000
[    0.000000]   Normal zone: 512 pages used for memmap
[    0.000000]   Normal zone: 0 pages reserved
[    0.000000]   Normal zone: 65536 pages, LIFO batch:15
[    0.000000] CPU: All CPU(s) started in SVC mode.
[    0.000000] pcpu-alloc: s0 r0 d32768 u32768 alloc=1*32768
[    0.000000] pcpu-alloc: [0] 0 
[    0.000000] Built 1 zonelists in Zone order, mobility grouping on.  Total pages: 65024
[    0.000000] Kernel command line: root=/dev/vda1 console=ttyS0 nandsim.parts=64,64,64,64,64,64,64,64,64,64 rdinit=/firmadyne/preInit.sh rw debug ignore_loglevel print-fatal-signals=1 user_debug=31 firmadyne.syscall=0
[    0.000000] PID hash table entries: 1024 (order: 0, 4096 bytes)
[    0.000000] Dentry cache hash table entries: 32768 (order: 5, 131072 bytes)
[    0.000000] Inode-cache hash table entries: 16384 (order: 4, 65536 bytes)
[    0.000000] Memory: 253344K/262144K available (4297K kernel code, 170K rwdata, 1584K rodata, 180K init, 148K bss, 8800K reserved, 0K cma-reserved)
[    0.000000] Virtual kernel memory layout:
[    0.000000]     vector  : 0xffff0000 - 0xffff1000   (   4 kB)
[    0.000000]     fixmap  : 0xffc00000 - 0xfff00000   (3072 kB)
[    0.000000]     vmalloc : 0xd0800000 - 0xff000000   ( 744 MB)
[    0.000000]     lowmem  : 0xc0000000 - 0xd0000000   ( 256 MB)
[    0.000000]     modules : 0xbf000000 - 0xc0000000   (  16 MB)
[    0.000000]       .text : 0xc0008000 - 0xc05c67bc   (5882 kB)
[    0.000000]       .init : 0xc05c7000 - 0xc05f4000   ( 180 kB)
[    0.000000]       .data : 0xc05f4000 - 0xc061e840   ( 171 kB)
[    0.000000]        .bss : 0xc0621000 - 0xc06462d4   ( 149 kB)
[    0.000000] NR_IRQS:16 nr_irqs:16 16
[    0.000000] Architected cp15 timer(s) running at 62.50MHz (virt).
[    0.000000] clocksource arch_sys_counter: mask: 0xffffffffffffff max_cycles: 0x1cd42e208c, max_idle_ns: 881590405314 ns
[    0.000110] sched_clock: 56 bits at 62MHz, resolution 16ns, wraps every 4398046511096ns
[    0.000197] Switching to timer-based delay loop, resolution 16ns
[    0.002357] Console: colour dummy device 80x30
[    0.002588] Calibrating delay loop (skipped), value calculated using timer frequency.. 125.00 BogoMIPS (lpj=625000)
[    0.002679] pid_max: default: 32768 minimum: 301
[    0.003322] Mount-cache hash table entries: 1024 (order: 0, 4096 bytes)
[    0.003348] Mountpoint-cache hash table entries: 1024 (order: 0, 4096 bytes)
[    0.008292] CPU: Testing write buffer coherency: ok
[    0.014094] Setting up static identity map for 0x40008240 - 0x40008298
[    0.024195] VFP support v0.3: implementor 41 architecture 4 part 30 variant f rev 0
[    0.032781] clocksource jiffies: mask: 0xffffffff max_cycles: 0xffffffff, max_idle_ns: 19112604462750000 ns
[    0.039495] NET: Registered protocol family 16
[    0.041811] DMA: preallocated 256 KiB pool for atomic coherent allocations
[    0.045207] cpuidle: using governor ladder
[    0.045314] cpuidle: using governor menu
[    0.047800] genirq: Setting trigger mode 1 for irq 20 failed (gic_set_type+0x0/0x48)
[    0.049217] genirq: Setting trigger mode 1 for irq 21 failed (gic_set_type+0x0/0x48)
[    0.049460] genirq: Setting trigger mode 1 for irq 22 failed (gic_set_type+0x0/0x48)
[    0.049684] genirq: Setting trigger mode 1 for irq 23 failed (gic_set_type+0x0/0x48)
[    0.049910] genirq: Setting trigger mode 1 for irq 24 failed (gic_set_type+0x0/0x48)
[    0.050123] genirq: Setting trigger mode 1 for irq 25 failed (gic_set_type+0x0/0x48)
[    0.050349] genirq: Setting trigger mode 1 for irq 26 failed (gic_set_type+0x0/0x48)
[    0.050558] genirq: Setting trigger mode 1 for irq 27 failed (gic_set_type+0x0/0x48)
[    0.050850] genirq: Setting trigger mode 1 for irq 28 failed (gic_set_type+0x0/0x48)
[    0.051067] genirq: Setting trigger mode 1 for irq 29 failed (gic_set_type+0x0/0x48)
[    0.051268] genirq: Setting trigger mode 1 for irq 30 failed (gic_set_type+0x0/0x48)
[    0.051482] genirq: Setting trigger mode 1 for irq 31 failed (gic_set_type+0x0/0x48)
[    0.051723] genirq: Setting trigger mode 1 for irq 32 failed (gic_set_type+0x0/0x48)
[    0.051936] genirq: Setting trigger mode 1 for irq 33 failed (gic_set_type+0x0/0x48)
[    0.052134] genirq: Setting trigger mode 1 for irq 34 failed (gic_set_type+0x0/0x48)
[    0.052377] genirq: Setting trigger mode 1 for irq 35 failed (gic_set_type+0x0/0x48)
[    0.052868] genirq: Setting trigger mode 1 for irq 36 failed (gic_set_type+0x0/0x48)
[    0.053123] genirq: Setting trigger mode 1 for irq 37 failed (gic_set_type+0x0/0x48)
[    0.053398] genirq: Setting trigger mode 1 for irq 38 failed (gic_set_type+0x0/0x48)
[    0.053615] genirq: Setting trigger mode 1 for irq 39 failed (gic_set_type+0x0/0x48)
[    0.053806] genirq: Setting trigger mode 1 for irq 40 failed (gic_set_type+0x0/0x48)
[    0.054002] genirq: Setting trigger mode 1 for irq 41 failed (gic_set_type+0x0/0x48)
[    0.054219] genirq: Setting trigger mode 1 for irq 42 failed (gic_set_type+0x0/0x48)
[    0.054430] genirq: Setting trigger mode 1 for irq 43 failed (gic_set_type+0x0/0x48)
[    0.054669] genirq: Setting trigger mode 1 for irq 44 failed (gic_set_type+0x0/0x48)
[    0.054890] genirq: Setting trigger mode 1 for irq 45 failed (gic_set_type+0x0/0x48)
[    0.055099] genirq: Setting trigger mode 1 for irq 46 failed (gic_set_type+0x0/0x48)
[    0.055345] genirq: Setting trigger mode 1 for irq 47 failed (gic_set_type+0x0/0x48)
[    0.055563] genirq: Setting trigger mode 1 for irq 48 failed (gic_set_type+0x0/0x48)
[    0.055783] genirq: Setting trigger mode 1 for irq 49 failed (gic_set_type+0x0/0x48)
[    0.055988] genirq: Setting trigger mode 1 for irq 50 failed (gic_set_type+0x0/0x48)
[    0.056192] genirq: Setting trigger mode 1 for irq 51 failed (gic_set_type+0x0/0x48)
[    0.056546] genirq: Setting trigger mode 1 for irq 52 failed (gic_set_type+0x0/0x48)
[    0.059038] Serial: AMBA PL011 UART driver
[    0.060459] 9000000.pl011: ttyS0 at MMIO 0x9000000 (irq = 52, base_baud = 0) is a PL011 rev1
[    0.107353] console [ttyS0] enabled
[    0.122629] vgaarb: loaded
[    0.124175] SCSI subsystem initialized
[    0.125443] usbcore: registered new interface driver usbfs
[    0.126612] usbcore: registered new interface driver hub
[    0.127545] usbcore: registered new device driver usb
[    0.134028] cfg80211: Calling CRDA to update world regulatory domain
[    0.137514] Switched to clocksource arch_sys_counter
[    0.149633] NET: Registered protocol family 2
[    0.153754] TCP established hash table entries: 2048 (order: 1, 8192 bytes)
[    0.154822] TCP bind hash table entries: 2048 (order: 1, 8192 bytes)
[    0.155881] TCP: Hash tables configured (established 2048 bind 2048)
[    0.157446] UDP hash table entries: 256 (order: 0, 4096 bytes)
[    0.158376] UDP-Lite hash table entries: 256 (order: 0, 4096 bytes)
[    0.160185] NET: Registered protocol family 1
[    0.161184] PCI: CLS 0 bytes, default 64
[    0.166983] NetWinder Floating Point Emulator V0.97 (extended precision)
[    0.169712] futex hash table entries: 256 (order: -1, 3072 bytes)
[    0.174185] squashfs: version 4.0 (2009/01/31) Phillip Lougher
[    0.175752] jffs2: version 2.2. (NAND) Â© 2001-2006 Red Hat, Inc.
[    0.177434] romfs: ROMFS MTD (C) 2007 Red Hat, Inc.
[    0.184215] Block layer SCSI generic (bsg) driver version 0.4 loaded (major 253)
[    0.185462] io scheduler noop registered
[    0.186162] io scheduler cfq registered (default)
[    0.187575] firmadyne: devfs: 1, execute: 1, procfs: 1, syscall: 0
[    0.189287] ------------[ cut here ]------------
[    0.189978] WARNING: CPU: 0 PID: 1 at /home/vagrant/firmadyne-kernel/kernel-v4.1/fs/sysfs/dir.c:31 sysfs_warn_dup+0x50/0x6c()
[    0.191490] sysfs: cannot create duplicate filename '/class/gpio'
[    0.192407] Modules linked in:
[    0.193106] CPU: 0 PID: 1 Comm: swapper Not tainted 4.1.17+ #1
[    0.193971] Hardware name: Generic DT based system
[    0.195160] [<c001c99c>] (unwind_backtrace) from [<c0019d30>] (show_stack+0x10/0x14)
[    0.196520] [<c0019d30>] (show_stack) from [<c0024ab4>] (warn_slowpath_common+0x80/0xa8)
[    0.197648] [<c0024ab4>] (warn_slowpath_common) from [<c0024b08>] (warn_slowpath_fmt+0x2c/0x3c)
[    0.198880] [<c0024b08>] (warn_slowpath_fmt) from [<c00e363c>] (sysfs_warn_dup+0x50/0x6c)
[    0.200043] [<c00e363c>] (sysfs_warn_dup) from [<c00e3714>] (sysfs_create_dir_ns+0x74/0x84)
[    0.201222] [<c00e3714>] (sysfs_create_dir_ns) from [<c018e6ac>] (kobject_add_internal+0xb8/0x2ac)
[    0.202517] [<c018e6ac>] (kobject_add_internal) from [<c018e9a8>] (kset_register+0x1c/0x44)
[    0.203010] [<c018e9a8>] (kset_register) from [<c02090b4>] (__class_register+0xa8/0x198)
[    0.203634] [<c02090b4>] (__class_register) from [<c02091e4>] (__class_create+0x40/0x70)
[    0.204384] [<c02091e4>] (__class_create) from [<c01adf68>] (register_devfs_stubs+0x314/0xbb4)
[    0.205196] [<c01adf68>] (register_devfs_stubs) from [<c05d9b08>] (init_module+0x28/0xa4)
[    0.205906] [<c05d9b08>] (init_module) from [<c0009670>] (do_one_initcall+0x104/0x1b4)
[    0.206812] [<c0009670>] (do_one_initcall) from [<c05c7d08>] (kernel_init_freeable+0xf0/0x1b0)
[    0.207508] [<c05c7d08>] (kernel_init_freeable) from [<c040f28c>] (kernel_init+0x8/0xe4)
[    0.208261] [<c040f28c>] (kernel_init) from [<c0016da8>] (ret_from_fork+0x14/0x2c)
[    0.208774] ---[ end trace 6eebc05685cd059d ]---
[    0.209482] ------------[ cut here ]------------
[    0.209845] WARNING: CPU: 0 PID: 1 at /home/vagrant/firmadyne-kernel/kernel-v4.1/lib/kobject.c:240 kobject_add_internal+0x240/0x2ac()
[    0.210614] kobject_add_internal failed for gpio with -EEXIST, don't try to register things with the same name in the same directory.
[    0.211555] Modules linked in:
[    0.211815] CPU: 0 PID: 1 Comm: swapper Tainted: G        W       4.1.17+ #1
[    0.212699] Hardware name: Generic DT based system
[    0.213121] [<c001c99c>] (unwind_backtrace) from [<c0019d30>] (show_stack+0x10/0x14)
[    0.213693] [<c0019d30>] (show_stack) from [<c0024ab4>] (warn_slowpath_common+0x80/0xa8)
[    0.214556] [<c0024ab4>] (warn_slowpath_common) from [<c0024b08>] (warn_slowpath_fmt+0x2c/0x3c)
[    0.214988] [<c0024b08>] (warn_slowpath_fmt) from [<c018e834>] (kobject_add_internal+0x240/0x2ac)
[    0.215908] [<c018e834>] (kobject_add_internal) from [<c018e9a8>] (kset_register+0x1c/0x44)
[    0.216794] [<c018e9a8>] (kset_register) from [<c02090b4>] (__class_register+0xa8/0x198)
[    0.217311] [<c02090b4>] (__class_register) from [<c02091e4>] (__class_create+0x40/0x70)
[    0.217903] [<c02091e4>] (__class_create) from [<c01adf68>] (register_devfs_stubs+0x314/0xbb4)
[    0.218589] [<c01adf68>] (register_devfs_stubs) from [<c05d9b08>] (init_module+0x28/0xa4)
[    0.219130] [<c05d9b08>] (init_module) from [<c0009670>] (do_one_initcall+0x104/0x1b4)
[    0.219733] [<c0009670>] (do_one_initcall) from [<c05c7d08>] (kernel_init_freeable+0xf0/0x1b0)
[    0.220378] [<c05c7d08>] (kernel_init_freeable) from [<c040f28c>] (kernel_init+0x8/0xe4)
[    0.221155] [<c040f28c>] (kernel_init) from [<c0016da8>] (ret_from_fork+0x14/0x2c)
[    0.221618] ---[ end trace 6eebc05685cd059e ]---
[    0.222295] firmadyne: Cannot create device class: gpio!
[    0.223977] firmadyne: Cannot register character device: watchdog, 0xa, 0x82!
[    0.225059] firmadyne: Cannot register character device: wdt, 0xfd, 0x0!
[    0.304938] Non-volatile memory driver v1.3
[    0.321756] brd: module loaded
[    0.328844] loop: module loaded
[    0.336007]  vda: vda1
[    0.339972] [nandsim] warning: read_byte: unexpected data output cycle, state is STATE_READY return 0x0
[    0.341401] [nandsim] warning: read_byte: unexpected data output cycle, state is STATE_READY return 0x0
[    0.342703] [nandsim] warning: read_byte: unexpected data output cycle, state is STATE_READY return 0x0
[    0.343981] [nandsim] warning: read_byte: unexpected data output cycle, state is STATE_READY return 0x0
[    0.345333] [nandsim] warning: read_byte: unexpected data output cycle, state is STATE_READY return 0x0
[    0.347132] [nandsim] warning: read_byte: unexpected data output cycle, state is STATE_READY return 0x0
[    0.348743] nand: device found, Manufacturer ID: 0x98, Chip ID: 0x39
[    0.349730] nand: Toshiba NAND 128MiB 1,8V 8-bit
[    0.350321] nand: 128 MiB, SLC, erase size: 16 KiB, page size: 512, OOB size: 16
[    0.351487] flash size: 128 MiB
[    0.352032] page size: 512 bytes
[    0.352521] OOB area size: 16 bytes
[    0.353040] sector size: 16 KiB
[    0.353511] pages number: 262144
[    0.353935] pages per sector: 32
[    0.354377] bus width: 8
[    0.354506] bits in sector size: 14
[    0.354768] bits in page size: 9
[    0.354846] bits in OOB size: 4
[    0.355291] flash size with OOB: 135168 KiB
[    0.355622] page address bytes: 4
[    0.355861] sector address bytes: 3
[    0.356009] options: 0x42
[    0.359674] Scanning device for bad blocks
[    0.453640] Creating 11 MTD partitions on "NAND 128MiB 1,8V 8-bit":
[    0.454798] 0x000000000000-0x000000100000 : "NAND simulator partition 0"
[    0.458235] 0x000000100000-0x000000200000 : "NAND simulator partition 1"
[    0.460263] 0x000000200000-0x000000300000 : "NAND simulator partition 2"
[    0.462324] 0x000000300000-0x000000400000 : "NAND simulator partition 3"
[    0.464308] 0x000000400000-0x000000500000 : "NAND simulator partition 4"
[    0.466498] 0x000000500000-0x000000600000 : "NAND simulator partition 5"
[    0.468640] 0x000000600000-0x000000700000 : "NAND simulator partition 6"
[    0.470789] 0x000000700000-0x000000800000 : "NAND simulator partition 7"
[    0.472860] 0x000000800000-0x000000900000 : "NAND simulator partition 8"
[    0.474933] 0x000000900000-0x000000a00000 : "NAND simulator partition 9"
[    0.477147] 0x000000a00000-0x000008000000 : "NAND simulator partition 10"
[    0.481837] tun: Universal TUN/TAP device driver, 1.6
[    0.482615] tun: (C) 1999-2004 Max Krasnyansky <maxk@qualcomm.com>
[    0.494714] PPP generic driver version 2.4.2
[    0.495905] PPP BSD Compression module registered
[    0.496942] PPP Deflate Compression module registered
[    0.497752] PPP MPPE Compression module registered
[    0.498448] NET: Registered protocol family 24
[    0.499268] PPTP driver version 0.8.5
[    0.500314] usbcore: registered new interface driver usb-storage
[    0.502483] hidraw: raw HID events driver (C) Jiri Kosina
[    0.503565] usbcore: registered new interface driver usbhid
[    0.504459] usbhid: USB HID core driver
[    0.505374] Netfilter messages via NETLINK v0.30.
[    0.506656] nf_conntrack version 0.5.0 (3958 buckets, 15832 max)
[    0.508463] ctnetlink v0.93: registering with nfnetlink.
[    0.510199] ipip: IPv4 over IPv4 tunneling driver
[    0.512319] gre: GRE over IPv4 demultiplexor driver
[    0.513125] ip_gre: GRE over IPv4 tunneling driver
[    0.517189] ip_tables: (C) 2000-2006 Netfilter Core Team
[    0.519106] arp_tables: (C) 2002 David S. Miller
[    0.520578] Initializing XFRM netlink socket
[    0.521616] NET: Registered protocol family 10
[    0.527076] ip6_tables: (C) 2000-2006 Netfilter Core Team
[    0.529024] sit: IPv6 over IPv4 tunneling driver
[    0.532321] NET: Registered protocol family 17
[    0.533404] bridge: automatic filtering via arp/ip/ip6tables has been deprecated. Update your scripts to load br_netfilter if you need this.
[    0.535195] Bridge firewalling registered
[    0.535821] Ebtables v2.0 registered
[    0.537477] 8021q: 802.1Q VLAN Support v1.8
[    0.538629] Registering SWP/SWPB emulation handler
[    0.540891] hctosys: unable to open rtc device (rtc0)
[    0.550119] EXT4-fs (vda1): couldn't mount as ext3 due to feature incompatibilities
[    0.552485] EXT4-fs (vda1): mounting ext2 file system using the ext4 subsystem
[    0.560616] EXT4-fs (vda1): warning: mounting unchecked fs, running e2fsck is recommended
[    0.564235] EXT4-fs (vda1): mounted filesystem without journal. Opts: (null)
[    0.566246] VFS: Mounted root (ext2 filesystem) on device 254:1.
[    0.571327] Freeing unused kernel memory: 180K (c05c7000 - c05f4000)
[    0.574049] Starting init: /sbin/init exists but couldn't execute it (error -20)
[    0.579606] Starting init: /bin/init exists but couldn't execute it (error -20)
[    0.580784] firmadyne: do_execve: /firmadyne/console
[    0.581565] OFFSETS: offset of pid: 0x190 offset of comm: 0x270
[    0.582422] Starting init: /bin/sh exists but couldn't execute it (error -20)
[    0.583490] Kernel panic - not syncing: No working init found.  Try passing init= option to kernel. See Linux Documentation/init.txt for guidance.
[    0.585454] CPU: 0 PID: 1 Comm: swapper Tainted: G        W       4.1.17+ #1
[    0.586475] Hardware name: Generic DT based system
[    0.587168] [<c001c99c>] (unwind_backtrace) from [<c0019d30>] (show_stack+0x10/0x14)
[    0.588267] [<c0019d30>] (show_stack) from [<c0410b78>] (panic+0x70/0x1c8)
[    0.589456] [<c0410b78>] (panic) from [<c040f33c>] (kernel_init+0xb8/0xe4)
[    0.590083] [<c040f33c>] (kernel_init) from [<c0016da8>] (ret_from_fork+0x14/0x2c)
[    0.590745] ---[ end Kernel panic - not syncing: No working init found.  Try passing init= option to kernel. See Linux Documentation/init.txt for guidance.
