[    0.000000] Booting Linux on physical CPU 0x0
[    0.000000] Linux version 4.1.17+ (vagrant@vagrant-ubuntu-trusty-64) (gcc version 5.3.0 (GCC) ) #1 Thu Feb 18 01:05:21 UTC 2016
[    0.000000] CPU: ARMv7 Processor [412fc0f1] revision 1 (ARMv7), cr=10c5387d
[    0.000000] CPU: PIPT / VIPT nonaliasing data cache, PIPT instruction cache
[    0.000000] Machine model: linux,dummy-virt
[    0.000000] debug: ignoring loglevel setting.
[    0.000000] Memory policy: Data cache writeback
[    0.000000] On node 0 totalpages: 65536
[    0.000000] free_area_init_node: node 0, pgdat c061dfe8, node_mem_map cfdf9000
[    0.000000]   Normal zone: 512 pages used for memmap
[    0.000000]   Normal zone: 0 pages reserved
[    0.000000]   Normal zone: 65536 pages, LIFO batch:15
[    0.000000] CPU: All CPU(s) started in SVC mode.
[    0.000000] pcpu-alloc: s0 r0 d32768 u32768 alloc=1*32768
[    0.000000] pcpu-alloc: [0] 0 
[    0.000000] Built 1 zonelists in Zone order, mobility grouping on.  Total pages: 65024
[    0.000000] Kernel command line: root=/dev/vda1 console=ttyS0 nandsim.parts=64,64,64,64,64,64,64,64,64,64 rdinit=/firmadyne/preInit.sh rw debug ignore_loglevel print-fatal-signals=1 user_debug=31 firmadyne.syscall=0
[    0.000000] PID hash table entries: 1024 (order: 0, 4096 bytes)
[    0.000000] Dentry cache hash table entries: 32768 (order: 5, 131072 bytes)
[    0.000000] Inode-cache hash table entries: 16384 (order: 4, 65536 bytes)
[    0.000000] Memory: 253344K/262144K available (4297K kernel code, 170K rwdata, 1584K rodata, 180K init, 148K bss, 8800K reserved, 0K cma-reserved)
[    0.000000] Virtual kernel memory layout:
[    0.000000]     vector  : 0xffff0000 - 0xffff1000   (   4 kB)
[    0.000000]     fixmap  : 0xffc00000 - 0xfff00000   (3072 kB)
[    0.000000]     vmalloc : 0xd0800000 - 0xff000000   ( 744 MB)
[    0.000000]     lowmem  : 0xc0000000 - 0xd0000000   ( 256 MB)
[    0.000000]     modules : 0xbf000000 - 0xc0000000   (  16 MB)
[    0.000000]       .text : 0xc0008000 - 0xc05c67bc   (5882 kB)
[    0.000000]       .init : 0xc05c7000 - 0xc05f4000   ( 180 kB)
[    0.000000]       .data : 0xc05f4000 - 0xc061e840   ( 171 kB)
[    0.000000]        .bss : 0xc0621000 - 0xc06462d4   ( 149 kB)
[    0.000000] NR_IRQS:16 nr_irqs:16 16
[    0.000000] Architected cp15 timer(s) running at 62.50MHz (virt).
[    0.000000] clocksource arch_sys_counter: mask: 0xffffffffffffff max_cycles: 0x1cd42e208c, max_idle_ns: 881590405314 ns
[    0.000129] sched_clock: 56 bits at 62MHz, resolution 16ns, wraps every 4398046511096ns
[    0.000232] Switching to timer-based delay loop, resolution 16ns
[    0.002831] Console: colour dummy device 80x30
[    0.003117] Calibrating delay loop (skipped), value calculated using timer frequency.. 125.00 BogoMIPS (lpj=625000)
[    0.003228] pid_max: default: 32768 minimum: 301
[    0.003994] Mount-cache hash table entries: 1024 (order: 0, 4096 bytes)
[    0.004024] Mountpoint-cache hash table entries: 1024 (order: 0, 4096 bytes)
[    0.011792] CPU: Testing write buffer coherency: ok
[    0.016956] Setting up static identity map for 0x40008240 - 0x40008298
[    0.029436] VFP support v0.3: implementor 41 architecture 4 part 30 variant f rev 0
[    0.039629] clocksource jiffies: mask: 0xffffffff max_cycles: 0xffffffff, max_idle_ns: 19112604462750000 ns
[    0.047279] NET: Registered protocol family 16
[    0.049862] DMA: preallocated 256 KiB pool for atomic coherent allocations
[    0.053140] cpuidle: using governor ladder
[    0.053270] cpuidle: using governor menu
[    0.056415] genirq: Setting trigger mode 1 for irq 20 failed (gic_set_type+0x0/0x48)
[    0.057907] genirq: Setting trigger mode 1 for irq 21 failed (gic_set_type+0x0/0x48)
[    0.058172] genirq: Setting trigger mode 1 for irq 22 failed (gic_set_type+0x0/0x48)
[    0.058431] genirq: Setting trigger mode 1 for irq 23 failed (gic_set_type+0x0/0x48)
[    0.058692] genirq: Setting trigger mode 1 for irq 24 failed (gic_set_type+0x0/0x48)
[    0.058962] genirq: Setting trigger mode 1 for irq 25 failed (gic_set_type+0x0/0x48)
[    0.059199] genirq: Setting trigger mode 1 for irq 26 failed (gic_set_type+0x0/0x48)
[    0.059436] genirq: Setting trigger mode 1 for irq 27 failed (gic_set_type+0x0/0x48)
[    0.059786] genirq: Setting trigger mode 1 for irq 28 failed (gic_set_type+0x0/0x48)
[    0.060043] genirq: Setting trigger mode 1 for irq 29 failed (gic_set_type+0x0/0x48)
[    0.060276] genirq: Setting trigger mode 1 for irq 30 failed (gic_set_type+0x0/0x48)
[    0.060552] genirq: Setting trigger mode 1 for irq 31 failed (gic_set_type+0x0/0x48)
[    0.060802] genirq: Setting trigger mode 1 for irq 32 failed (gic_set_type+0x0/0x48)
[    0.061048] genirq: Setting trigger mode 1 for irq 33 failed (gic_set_type+0x0/0x48)
[    0.061304] genirq: Setting trigger mode 1 for irq 34 failed (gic_set_type+0x0/0x48)
[    0.061534] genirq: Setting trigger mode 1 for irq 35 failed (gic_set_type+0x0/0x48)
[    0.061777] genirq: Setting trigger mode 1 for irq 36 failed (gic_set_type+0x0/0x48)
[    0.062030] genirq: Setting trigger mode 1 for irq 37 failed (gic_set_type+0x0/0x48)
[    0.062312] genirq: Setting trigger mode 1 for irq 38 failed (gic_set_type+0x0/0x48)
[    0.062560] genirq: Setting trigger mode 1 for irq 39 failed (gic_set_type+0x0/0x48)
[    0.062807] genirq: Setting trigger mode 1 for irq 40 failed (gic_set_type+0x0/0x48)
[    0.063061] genirq: Setting trigger mode 1 for irq 41 failed (gic_set_type+0x0/0x48)
[    0.063312] genirq: Setting trigger mode 1 for irq 42 failed (gic_set_type+0x0/0x48)
[    0.063777] genirq: Setting trigger mode 1 for irq 43 failed (gic_set_type+0x0/0x48)
[    0.064080] genirq: Setting trigger mode 1 for irq 44 failed (gic_set_type+0x0/0x48)
[    0.064345] genirq: Setting trigger mode 1 for irq 45 failed (gic_set_type+0x0/0x48)
[    0.064616] genirq: Setting trigger mode 1 for irq 46 failed (gic_set_type+0x0/0x48)
[    0.064919] genirq: Setting trigger mode 1 for irq 47 failed (gic_set_type+0x0/0x48)
[    0.065203] genirq: Setting trigger mode 1 for irq 48 failed (gic_set_type+0x0/0x48)
[    0.065452] genirq: Setting trigger mode 1 for irq 49 failed (gic_set_type+0x0/0x48)
[    0.065689] genirq: Setting trigger mode 1 for irq 50 failed (gic_set_type+0x0/0x48)
[    0.065942] genirq: Setting trigger mode 1 for irq 51 failed (gic_set_type+0x0/0x48)
[    0.066362] genirq: Setting trigger mode 1 for irq 52 failed (gic_set_type+0x0/0x48)
[    0.069452] Serial: AMBA PL011 UART driver
[    0.071145] 9000000.pl011: ttyS0 at MMIO 0x9000000 (irq = 52, base_baud = 0) is a PL011 rev1
[    0.142141] console [ttyS0] enabled
[    0.162141] vgaarb: loaded
[    0.164347] SCSI subsystem initialized
[    0.166137] usbcore: registered new interface driver usbfs
[    0.167563] usbcore: registered new interface driver hub
[    0.168924] usbcore: registered new device driver usb
[    0.177734] cfg80211: Calling CRDA to update world regulatory domain
[    0.180996] Switched to clocksource arch_sys_counter
[    0.196709] NET: Registered protocol family 2
[    0.202066] TCP established hash table entries: 2048 (order: 1, 8192 bytes)
[    0.203649] TCP bind hash table entries: 2048 (order: 1, 8192 bytes)
[    0.205184] TCP: Hash tables configured (established 2048 bind 2048)
[    0.206899] UDP hash table entries: 256 (order: 0, 4096 bytes)
[    0.208205] UDP-Lite hash table entries: 256 (order: 0, 4096 bytes)
[    0.210689] NET: Registered protocol family 1
[    0.212245] PCI: CLS 0 bytes, default 64
[    0.220162] NetWinder Floating Point Emulator V0.97 (extended precision)
[    0.223895] futex hash table entries: 256 (order: -1, 3072 bytes)
[    0.229777] squashfs: version 4.0 (2009/01/31) Phillip Lougher
[    0.232509] jffs2: version 2.2. (NAND) Â© 2001-2006 Red Hat, Inc.
[    0.234490] romfs: ROMFS MTD (C) 2007 Red Hat, Inc.
[    0.242762] Block layer SCSI generic (bsg) driver version 0.4 loaded (major 253)
[    0.244470] io scheduler noop registered
[    0.245483] io scheduler cfq registered (default)
[    0.247042] firmadyne: devfs: 1, execute: 1, procfs: 1, syscall: 0
[    0.249441] ------------[ cut here ]------------
[    0.250499] WARNING: CPU: 0 PID: 1 at /home/vagrant/firmadyne-kernel/kernel-v4.1/fs/sysfs/dir.c:31 sysfs_warn_dup+0x50/0x6c()
[    0.253106] sysfs: cannot create duplicate filename '/class/gpio'
[    0.254376] Modules linked in:
[    0.255310] CPU: 0 PID: 1 Comm: swapper Not tainted 4.1.17+ #1
[    0.256527] Hardware name: Generic DT based system
[    0.258128] [<c001c99c>] (unwind_backtrace) from [<c0019d30>] (show_stack+0x10/0x14)
[    0.259853] [<c0019d30>] (show_stack) from [<c0024ab4>] (warn_slowpath_common+0x80/0xa8)
[    0.261782] [<c0024ab4>] (warn_slowpath_common) from [<c0024b08>] (warn_slowpath_fmt+0x2c/0x3c)
[    0.263633] [<c0024b08>] (warn_slowpath_fmt) from [<c00e363c>] (sysfs_warn_dup+0x50/0x6c)
[    0.265353] [<c00e363c>] (sysfs_warn_dup) from [<c00e3714>] (sysfs_create_dir_ns+0x74/0x84)
[    0.267035] [<c00e3714>] (sysfs_create_dir_ns) from [<c018e6ac>] (kobject_add_internal+0xb8/0x2ac)
[    0.268054] [<c018e6ac>] (kobject_add_internal) from [<c018e9a8>] (kset_register+0x1c/0x44)
[    0.269110] [<c018e9a8>] (kset_register) from [<c02090b4>] (__class_register+0xa8/0x198)
[    0.270072] [<c02090b4>] (__class_register) from [<c02091e4>] (__class_create+0x40/0x70)
[    0.271316] [<c02091e4>] (__class_create) from [<c01adf68>] (register_devfs_stubs+0x314/0xbb4)
[    0.272669] [<c01adf68>] (register_devfs_stubs) from [<c05d9b08>] (init_module+0x28/0xa4)
[    0.273498] [<c05d9b08>] (init_module) from [<c0009670>] (do_one_initcall+0x104/0x1b4)
[    0.274695] [<c0009670>] (do_one_initcall) from [<c05c7d08>] (kernel_init_freeable+0xf0/0x1b0)
[    0.275677] [<c05c7d08>] (kernel_init_freeable) from [<c040f28c>] (kernel_init+0x8/0xe4)
[    0.276728] [<c040f28c>] (kernel_init) from [<c0016da8>] (ret_from_fork+0x14/0x2c)
[    0.277666] ---[ end trace 67637dbe996bf60e ]---
[    0.278471] ------------[ cut here ]------------
[    0.279243] WARNING: CPU: 0 PID: 1 at /home/vagrant/firmadyne-kernel/kernel-v4.1/lib/kobject.c:240 kobject_add_internal+0x240/0x2ac()
[    0.280497] kobject_add_internal failed for gpio with -EEXIST, don't try to register things with the same name in the same directory.
[    0.282104] Modules linked in:
[    0.282713] CPU: 0 PID: 1 Comm: swapper Tainted: G        W       4.1.17+ #1
[    0.283459] Hardware name: Generic DT based system
[    0.284230] [<c001c99c>] (unwind_backtrace) from [<c0019d30>] (show_stack+0x10/0x14)
[    0.285230] [<c0019d30>] (show_stack) from [<c0024ab4>] (warn_slowpath_common+0x80/0xa8)
[    0.286151] [<c0024ab4>] (warn_slowpath_common) from [<c0024b08>] (warn_slowpath_fmt+0x2c/0x3c)
[    0.287124] [<c0024b08>] (warn_slowpath_fmt) from [<c018e834>] (kobject_add_internal+0x240/0x2ac)
[    0.288122] [<c018e834>] (kobject_add_internal) from [<c018e9a8>] (kset_register+0x1c/0x44)
[    0.289367] [<c018e9a8>] (kset_register) from [<c02090b4>] (__class_register+0xa8/0x198)
[    0.290397] [<c02090b4>] (__class_register) from [<c02091e4>] (__class_create+0x40/0x70)
[    0.291587] [<c02091e4>] (__class_create) from [<c01adf68>] (register_devfs_stubs+0x314/0xbb4)
[    0.292892] [<c01adf68>] (register_devfs_stubs) from [<c05d9b08>] (init_module+0x28/0xa4)
[    0.293887] [<c05d9b08>] (init_module) from [<c0009670>] (do_one_initcall+0x104/0x1b4)
[    0.294926] [<c0009670>] (do_one_initcall) from [<c05c7d08>] (kernel_init_freeable+0xf0/0x1b0)
[    0.295883] [<c05c7d08>] (kernel_init_freeable) from [<c040f28c>] (kernel_init+0x8/0xe4)
[    0.296819] [<c040f28c>] (kernel_init) from [<c0016da8>] (ret_from_fork+0x14/0x2c)
[    0.297690] ---[ end trace 67637dbe996bf60f ]---
[    0.298431] firmadyne: Cannot create device class: gpio!
[    0.300639] firmadyne: Cannot register character device: watchdog, 0xa, 0x82!
[    0.302451] firmadyne: Cannot register character device: wdt, 0xfd, 0x0!
[    0.403921] Non-volatile memory driver v1.3
[    0.425299] brd: module loaded
[    0.434538] loop: module loaded
[    0.444035]  vda: vda1
[    0.448829] [nandsim] warning: read_byte: unexpected data output cycle, state is STATE_READY return 0x0
[    0.451226] [nandsim] warning: read_byte: unexpected data output cycle, state is STATE_READY return 0x0
[    0.453153] [nandsim] warning: read_byte: unexpected data output cycle, state is STATE_READY return 0x0
[    0.455018] [nandsim] warning: read_byte: unexpected data output cycle, state is STATE_READY return 0x0
[    0.456873] [nandsim] warning: read_byte: unexpected data output cycle, state is STATE_READY return 0x0
[    0.458755] [nandsim] warning: read_byte: unexpected data output cycle, state is STATE_READY return 0x0
[    0.460200] nand: device found, Manufacturer ID: 0x98, Chip ID: 0x39
[    0.461849] nand: Toshiba NAND 128MiB 1,8V 8-bit
[    0.462674] nand: 128 MiB, SLC, erase size: 16 KiB, page size: 512, OOB size: 16
[    0.464302] flash size: 128 MiB
[    0.465000] page size: 512 bytes
[    0.465740] OOB area size: 16 bytes
[    0.466465] sector size: 16 KiB
[    0.467097] pages number: 262144
[    0.467775] pages per sector: 32
[    0.468456] bus width: 8
[    0.468700] bits in sector size: 14
[    0.469232] bits in page size: 9
[    0.469556] bits in OOB size: 4
[    0.470016] flash size with OOB: 135168 KiB
[    0.470584] page address bytes: 4
[    0.471300] sector address bytes: 3
[    0.471885] options: 0x42
[    0.477212] Scanning device for bad blocks
[    0.590034] Creating 11 MTD partitions on "NAND 128MiB 1,8V 8-bit":
[    0.592042] 0x000000000000-0x000000100000 : "NAND simulator partition 0"
[    0.596619] 0x000000100000-0x000000200000 : "NAND simulator partition 1"
[    0.599386] 0x000000200000-0x000000300000 : "NAND simulator partition 2"
[    0.602273] 0x000000300000-0x000000400000 : "NAND simulator partition 3"
[    0.604933] 0x000000400000-0x000000500000 : "NAND simulator partition 4"
[    0.607585] 0x000000500000-0x000000600000 : "NAND simulator partition 5"
[    0.610282] 0x000000600000-0x000000700000 : "NAND simulator partition 6"
[    0.613220] 0x000000700000-0x000000800000 : "NAND simulator partition 7"
[    0.615920] 0x000000800000-0x000000900000 : "NAND simulator partition 8"
[    0.618722] 0x000000900000-0x000000a00000 : "NAND simulator partition 9"
[    0.621619] 0x000000a00000-0x000008000000 : "NAND simulator partition 10"
[    0.627155] tun: Universal TUN/TAP device driver, 1.6
[    0.628239] tun: (C) 1999-2004 Max Krasnyansky <maxk@qualcomm.com>
[    0.642612] PPP generic driver version 2.4.2
[    0.644213] PPP BSD Compression module registered
[    0.645302] PPP Deflate Compression module registered
[    0.646500] PPP MPPE Compression module registered
[    0.647511] NET: Registered protocol family 24
[    0.648738] PPTP driver version 0.8.5
[    0.650180] usbcore: registered new interface driver usb-storage
[    0.653232] hidraw: raw HID events driver (C) Jiri Kosina
[    0.654798] usbcore: registered new interface driver usbhid
[    0.655968] usbhid: USB HID core driver
[    0.657223] Netfilter messages via NETLINK v0.30.
[    0.658763] nf_conntrack version 0.5.0 (3958 buckets, 15832 max)
[    0.661496] ctnetlink v0.93: registering with nfnetlink.
[    0.663873] ipip: IPv4 over IPv4 tunneling driver
[    0.666648] gre: GRE over IPv4 demultiplexor driver
[    0.667737] ip_gre: GRE over IPv4 tunneling driver
[    0.673123] ip_tables: (C) 2000-2006 Netfilter Core Team
[    0.675747] arp_tables: (C) 2002 David S. Miller
[    0.677837] Initializing XFRM netlink socket
[    0.679220] NET: Registered protocol family 10
[    0.686182] ip6_tables: (C) 2000-2006 Netfilter Core Team
[    0.688766] sit: IPv6 over IPv4 tunneling driver
[    0.693560] NET: Registered protocol family 17
[    0.695065] bridge: automatic filtering via arp/ip/ip6tables has been deprecated. Update your scripts to load br_netfilter if you need this.
[    0.697765] Bridge firewalling registered
[    0.698678] Ebtables v2.0 registered
[    0.700505] 8021q: 802.1Q VLAN Support v1.8
[    0.702252] Registering SWP/SWPB emulation handler
[    0.705125] hctosys: unable to open rtc device (rtc0)
[    0.715357] EXT4-fs (vda1): couldn't mount as ext3 due to feature incompatibilities
[    0.718351] EXT4-fs (vda1): mounting ext2 file system using the ext4 subsystem
[    0.729486] EXT4-fs (vda1): warning: mounting unchecked fs, running e2fsck is recommended
[    0.733925] EXT4-fs (vda1): mounted filesystem without journal. Opts: (null)
[    0.736310] VFS: Mounted root (ext2 filesystem) on device 254:1.
[    0.742555] Freeing unused kernel memory: 180K (c05c7000 - c05f4000)
[    0.751649] Starting init: /sbin/init exists but couldn't execute it (error -13)
[    0.764362] firmadyne: do_execve: /firmadyne/console
[    0.765527] OFFSETS: offset of pid: 0x190 offset of comm: 0x270
[    0.766904] Starting init: /bin/sh exists but couldn't execute it (error -13)
[    0.768523] Kernel panic - not syncing: No working init found.  Try passing init= option to kernel. See Linux Documentation/init.txt for guidance.
[    0.771316] CPU: 0 PID: 1 Comm: swapper Tainted: G        W       4.1.17+ #1
[    0.772760] Hardware name: Generic DT based system
[    0.773825] [<c001c99c>] (unwind_backtrace) from [<c0019d30>] (show_stack+0x10/0x14)
[    0.775404] [<c0019d30>] (show_stack) from [<c0410b78>] (panic+0x70/0x1c8)
[    0.776712] [<c0410b78>] (panic) from [<c040f33c>] (kernel_init+0xb8/0xe4)
[    0.777588] [<c040f33c>] (kernel_init) from [<c0016da8>] (ret_from_fork+0x14/0x2c)
[    0.778596] ---[ end Kernel panic - not syncing: No working init found.  Try passing init= option to kernel. See Linux Documentation/init.txt for guidance.
