[    0.000000] Booting Linux on physical CPU 0x0
[    0.000000] Linux version 4.1.17+ (vagrant@vagrant-ubuntu-trusty-64) (gcc version 5.3.0 (GCC) ) #1 Thu Feb 18 01:05:21 UTC 2016
[    0.000000] CPU: ARMv7 Processor [412fc0f1] revision 1 (ARMv7), cr=10c5387d
[    0.000000] CPU: PIPT / VIPT nonaliasing data cache, PIPT instruction cache
[    0.000000] Machine model: linux,dummy-virt
[    0.000000] debug: ignoring loglevel setting.
[    0.000000] Memory policy: Data cache writeback
[    0.000000] On node 0 totalpages: 65536
[    0.000000] free_area_init_node: node 0, pgdat c061dfe8, node_mem_map cfdf9000
[    0.000000]   Normal zone: 512 pages used for memmap
[    0.000000]   Normal zone: 0 pages reserved
[    0.000000]   Normal zone: 65536 pages, LIFO batch:15
[    0.000000] CPU: All CPU(s) started in SVC mode.
[    0.000000] pcpu-alloc: s0 r0 d32768 u32768 alloc=1*32768
[    0.000000] pcpu-alloc: [0] 0 
[    0.000000] Built 1 zonelists in Zone order, mobility grouping on.  Total pages: 65024
[    0.000000] Kernel command line: root=/dev/vda1 console=ttyS0 nandsim.parts=64,64,64,64,64,64,64,64,64,64 rdinit=/firmadyne/preInit.sh rw debug ignore_loglevel print-fatal-signals=1 user_debug=31 firmadyne.syscall=0
[    0.000000] PID hash table entries: 1024 (order: 0, 4096 bytes)
[    0.000000] Dentry cache hash table entries: 32768 (order: 5, 131072 bytes)
[    0.000000] Inode-cache hash table entries: 16384 (order: 4, 65536 bytes)
[    0.000000] Memory: 253344K/262144K available (4297K kernel code, 170K rwdata, 1584K rodata, 180K init, 148K bss, 8800K reserved, 0K cma-reserved)
[    0.000000] Virtual kernel memory layout:
[    0.000000]     vector  : 0xffff0000 - 0xffff1000   (   4 kB)
[    0.000000]     fixmap  : 0xffc00000 - 0xfff00000   (3072 kB)
[    0.000000]     vmalloc : 0xd0800000 - 0xff000000   ( 744 MB)
[    0.000000]     lowmem  : 0xc0000000 - 0xd0000000   ( 256 MB)
[    0.000000]     modules : 0xbf000000 - 0xc0000000   (  16 MB)
[    0.000000]       .text : 0xc0008000 - 0xc05c67bc   (5882 kB)
[    0.000000]       .init : 0xc05c7000 - 0xc05f4000   ( 180 kB)
[    0.000000]       .data : 0xc05f4000 - 0xc061e840   ( 171 kB)
[    0.000000]        .bss : 0xc0621000 - 0xc06462d4   ( 149 kB)
[    0.000000] NR_IRQS:16 nr_irqs:16 16
[    0.000000] Architected cp15 timer(s) running at 62.50MHz (virt).
[    0.000000] clocksource arch_sys_counter: mask: 0xffffffffffffff max_cycles: 0x1cd42e208c, max_idle_ns: 881590405314 ns
[    0.000153] sched_clock: 56 bits at 62MHz, resolution 16ns, wraps every 4398046511096ns
[    0.000279] Switching to timer-based delay loop, resolution 16ns
[    0.003176] Console: colour dummy device 80x30
[    0.003502] Calibrating delay loop (skipped), value calculated using timer frequency.. 125.00 BogoMIPS (lpj=625000)
[    0.003627] pid_max: default: 32768 minimum: 301
[    0.004486] Mount-cache hash table entries: 1024 (order: 0, 4096 bytes)
[    0.004517] Mountpoint-cache hash table entries: 1024 (order: 0, 4096 bytes)
[    0.014083] CPU: Testing write buffer coherency: ok
[    0.019238] Setting up static identity map for 0x40008240 - 0x40008298
[    0.031789] VFP support v0.3: implementor 41 architecture 4 part 30 variant f rev 0
[    0.039351] clocksource jiffies: mask: 0xffffffff max_cycles: 0xffffffff, max_idle_ns: 19112604462750000 ns
[    0.049269] NET: Registered protocol family 16
[    0.051840] DMA: preallocated 256 KiB pool for atomic coherent allocations
[    0.055433] cpuidle: using governor ladder
[    0.055561] cpuidle: using governor menu
[    0.058529] genirq: Setting trigger mode 1 for irq 20 failed (gic_set_type+0x0/0x48)
[    0.059996] genirq: Setting trigger mode 1 for irq 21 failed (gic_set_type+0x0/0x48)
[    0.060274] genirq: Setting trigger mode 1 for irq 22 failed (gic_set_type+0x0/0x48)
[    0.060539] genirq: Setting trigger mode 1 for irq 23 failed (gic_set_type+0x0/0x48)
[    0.060804] genirq: Setting trigger mode 1 for irq 24 failed (gic_set_type+0x0/0x48)
[    0.061077] genirq: Setting trigger mode 1 for irq 25 failed (gic_set_type+0x0/0x48)
[    0.061339] genirq: Setting trigger mode 1 for irq 26 failed (gic_set_type+0x0/0x48)
[    0.061607] genirq: Setting trigger mode 1 for irq 27 failed (gic_set_type+0x0/0x48)
[    0.061953] genirq: Setting trigger mode 1 for irq 28 failed (gic_set_type+0x0/0x48)
[    0.062219] genirq: Setting trigger mode 1 for irq 29 failed (gic_set_type+0x0/0x48)
[    0.062461] genirq: Setting trigger mode 1 for irq 30 failed (gic_set_type+0x0/0x48)
[    0.062714] genirq: Setting trigger mode 1 for irq 31 failed (gic_set_type+0x0/0x48)
[    0.063186] genirq: Setting trigger mode 1 for irq 32 failed (gic_set_type+0x0/0x48)
[    0.063469] genirq: Setting trigger mode 1 for irq 33 failed (gic_set_type+0x0/0x48)
[    0.063706] genirq: Setting trigger mode 1 for irq 34 failed (gic_set_type+0x0/0x48)
[    0.063939] genirq: Setting trigger mode 1 for irq 35 failed (gic_set_type+0x0/0x48)
[    0.064179] genirq: Setting trigger mode 1 for irq 36 failed (gic_set_type+0x0/0x48)
[    0.064440] genirq: Setting trigger mode 1 for irq 37 failed (gic_set_type+0x0/0x48)
[    0.064729] genirq: Setting trigger mode 1 for irq 38 failed (gic_set_type+0x0/0x48)
[    0.065003] genirq: Setting trigger mode 1 for irq 39 failed (gic_set_type+0x0/0x48)
[    0.065261] genirq: Setting trigger mode 1 for irq 40 failed (gic_set_type+0x0/0x48)
[    0.065539] genirq: Setting trigger mode 1 for irq 41 failed (gic_set_type+0x0/0x48)
[    0.065800] genirq: Setting trigger mode 1 for irq 42 failed (gic_set_type+0x0/0x48)
[    0.066053] genirq: Setting trigger mode 1 for irq 43 failed (gic_set_type+0x0/0x48)
[    0.066329] genirq: Setting trigger mode 1 for irq 44 failed (gic_set_type+0x0/0x48)
[    0.066596] genirq: Setting trigger mode 1 for irq 45 failed (gic_set_type+0x0/0x48)
[    0.066844] genirq: Setting trigger mode 1 for irq 46 failed (gic_set_type+0x0/0x48)
[    0.067133] genirq: Setting trigger mode 1 for irq 47 failed (gic_set_type+0x0/0x48)
[    0.067404] genirq: Setting trigger mode 1 for irq 48 failed (gic_set_type+0x0/0x48)
[    0.067653] genirq: Setting trigger mode 1 for irq 49 failed (gic_set_type+0x0/0x48)
[    0.067894] genirq: Setting trigger mode 1 for irq 50 failed (gic_set_type+0x0/0x48)
[    0.068133] genirq: Setting trigger mode 1 for irq 51 failed (gic_set_type+0x0/0x48)
[    0.068560] genirq: Setting trigger mode 1 for irq 52 failed (gic_set_type+0x0/0x48)
[    0.071694] Serial: AMBA PL011 UART driver
[    0.073888] 9000000.pl011: ttyS0 at MMIO 0x9000000 (irq = 52, base_baud = 0) is a PL011 rev1
[    0.135320] console [ttyS0] enabled
[    0.155286] vgaarb: loaded
[    0.157387] SCSI subsystem initialized
[    0.159041] usbcore: registered new interface driver usbfs
[    0.160320] usbcore: registered new interface driver hub
[    0.161583] usbcore: registered new device driver usb
[    0.170277] cfg80211: Calling CRDA to update world regulatory domain
[    0.173441] Switched to clocksource arch_sys_counter
[    0.189175] NET: Registered protocol family 2
[    0.194499] TCP established hash table entries: 2048 (order: 1, 8192 bytes)
[    0.195937] TCP bind hash table entries: 2048 (order: 1, 8192 bytes)
[    0.197360] TCP: Hash tables configured (established 2048 bind 2048)
[    0.198947] UDP hash table entries: 256 (order: 0, 4096 bytes)
[    0.200183] UDP-Lite hash table entries: 256 (order: 0, 4096 bytes)
[    0.202548] NET: Registered protocol family 1
[    0.204019] PCI: CLS 0 bytes, default 64
[    0.210844] NetWinder Floating Point Emulator V0.97 (extended precision)
[    0.214513] futex hash table entries: 256 (order: -1, 3072 bytes)
[    0.220273] squashfs: version 4.0 (2009/01/31) Phillip Lougher
[    0.222628] jffs2: version 2.2. (NAND) Â© 2001-2006 Red Hat, Inc.
[    0.224723] romfs: ROMFS MTD (C) 2007 Red Hat, Inc.
[    0.232849] Block layer SCSI generic (bsg) driver version 0.4 loaded (major 253)
[    0.234762] io scheduler noop registered
[    0.235662] io scheduler cfq registered (default)
[    0.237179] firmadyne: devfs: 1, execute: 1, procfs: 1, syscall: 0
[    0.239497] ------------[ cut here ]------------
[    0.240444] WARNING: CPU: 0 PID: 1 at /home/vagrant/firmadyne-kernel/kernel-v4.1/fs/sysfs/dir.c:31 sysfs_warn_dup+0x50/0x6c()
[    0.242543] sysfs: cannot create duplicate filename '/class/gpio'
[    0.243947] Modules linked in:
[    0.244842] CPU: 0 PID: 1 Comm: swapper Not tainted 4.1.17+ #1
[    0.245984] Hardware name: Generic DT based system
[    0.247470] [<c001c99c>] (unwind_backtrace) from [<c0019d30>] (show_stack+0x10/0x14)
[    0.249054] [<c0019d30>] (show_stack) from [<c0024ab4>] (warn_slowpath_common+0x80/0xa8)
[    0.250609] [<c0024ab4>] (warn_slowpath_common) from [<c0024b08>] (warn_slowpath_fmt+0x2c/0x3c)
[    0.252276] [<c0024b08>] (warn_slowpath_fmt) from [<c00e363c>] (sysfs_warn_dup+0x50/0x6c)
[    0.254055] [<c00e363c>] (sysfs_warn_dup) from [<c00e3714>] (sysfs_create_dir_ns+0x74/0x84)
[    0.255617] [<c00e3714>] (sysfs_create_dir_ns) from [<c018e6ac>] (kobject_add_internal+0xb8/0x2ac)
[    0.256900] [<c018e6ac>] (kobject_add_internal) from [<c018e9a8>] (kset_register+0x1c/0x44)
[    0.257798] [<c018e9a8>] (kset_register) from [<c02090b4>] (__class_register+0xa8/0x198)
[    0.258488] [<c02090b4>] (__class_register) from [<c02091e4>] (__class_create+0x40/0x70)
[    0.259229] [<c02091e4>] (__class_create) from [<c01adf68>] (register_devfs_stubs+0x314/0xbb4)
[    0.260137] [<c01adf68>] (register_devfs_stubs) from [<c05d9b08>] (init_module+0x28/0xa4)
[    0.261302] [<c05d9b08>] (init_module) from [<c0009670>] (do_one_initcall+0x104/0x1b4)
[    0.262068] [<c0009670>] (do_one_initcall) from [<c05c7d08>] (kernel_init_freeable+0xf0/0x1b0)
[    0.262939] [<c05c7d08>] (kernel_init_freeable) from [<c040f28c>] (kernel_init+0x8/0xe4)
[    0.264039] [<c040f28c>] (kernel_init) from [<c0016da8>] (ret_from_fork+0x14/0x2c)
[    0.265290] ---[ end trace 5f4ad7377930ddf7 ]---
[    0.266096] ------------[ cut here ]------------
[    0.266713] WARNING: CPU: 0 PID: 1 at /home/vagrant/firmadyne-kernel/kernel-v4.1/lib/kobject.c:240 kobject_add_internal+0x240/0x2ac()
[    0.267689] kobject_add_internal failed for gpio with -EEXIST, don't try to register things with the same name in the same directory.
[    0.268769] Modules linked in:
[    0.269460] CPU: 0 PID: 1 Comm: swapper Tainted: G        W       4.1.17+ #1
[    0.270121] Hardware name: Generic DT based system
[    0.270765] [<c001c99c>] (unwind_backtrace) from [<c0019d30>] (show_stack+0x10/0x14)
[    0.271650] [<c0019d30>] (show_stack) from [<c0024ab4>] (warn_slowpath_common+0x80/0xa8)
[    0.272297] [<c0024ab4>] (warn_slowpath_common) from [<c0024b08>] (warn_slowpath_fmt+0x2c/0x3c)
[    0.273556] [<c0024b08>] (warn_slowpath_fmt) from [<c018e834>] (kobject_add_internal+0x240/0x2ac)
[    0.274662] [<c018e834>] (kobject_add_internal) from [<c018e9a8>] (kset_register+0x1c/0x44)
[    0.275675] [<c018e9a8>] (kset_register) from [<c02090b4>] (__class_register+0xa8/0x198)
[    0.276328] [<c02090b4>] (__class_register) from [<c02091e4>] (__class_create+0x40/0x70)
[    0.277360] [<c02091e4>] (__class_create) from [<c01adf68>] (register_devfs_stubs+0x314/0xbb4)
[    0.278813] [<c01adf68>] (register_devfs_stubs) from [<c05d9b08>] (init_module+0x28/0xa4)
[    0.279674] [<c05d9b08>] (init_module) from [<c0009670>] (do_one_initcall+0x104/0x1b4)
[    0.280590] [<c0009670>] (do_one_initcall) from [<c05c7d08>] (kernel_init_freeable+0xf0/0x1b0)
[    0.281439] [<c05c7d08>] (kernel_init_freeable) from [<c040f28c>] (kernel_init+0x8/0xe4)
[    0.282322] [<c040f28c>] (kernel_init) from [<c0016da8>] (ret_from_fork+0x14/0x2c)
[    0.283052] ---[ end trace 5f4ad7377930ddf8 ]---
[    0.283821] firmadyne: Cannot create device class: gpio!
[    0.286229] firmadyne: Cannot register character device: watchdog, 0xa, 0x82!
[    0.287616] firmadyne: Cannot register character device: wdt, 0xfd, 0x0!
[    0.378914] Non-volatile memory driver v1.3
[    0.398277] brd: module loaded
[    0.406304] loop: module loaded
[    0.414226]  vda: vda1
[    0.418294] [nandsim] warning: read_byte: unexpected data output cycle, state is STATE_READY return 0x0
[    0.419815] [nandsim] warning: read_byte: unexpected data output cycle, state is STATE_READY return 0x0
[    0.421226] [nandsim] warning: read_byte: unexpected data output cycle, state is STATE_READY return 0x0
[    0.422629] [nandsim] warning: read_byte: unexpected data output cycle, state is STATE_READY return 0x0
[    0.424232] [nandsim] warning: read_byte: unexpected data output cycle, state is STATE_READY return 0x0
[    0.425653] [nandsim] warning: read_byte: unexpected data output cycle, state is STATE_READY return 0x0
[    0.427338] nand: device found, Manufacturer ID: 0x98, Chip ID: 0x39
[    0.428398] nand: Toshiba NAND 128MiB 1,8V 8-bit
[    0.429074] nand: 128 MiB, SLC, erase size: 16 KiB, page size: 512, OOB size: 16
[    0.430420] flash size: 128 MiB
[    0.430926] page size: 512 bytes
[    0.431430] OOB area size: 16 bytes
[    0.431966] sector size: 16 KiB
[    0.432458] pages number: 262144
[    0.432966] pages per sector: 32
[    0.433675] bus width: 8
[    0.434073] bits in sector size: 14
[    0.434393] bits in page size: 9
[    0.434528] bits in OOB size: 4
[    0.434996] flash size with OOB: 135168 KiB
[    0.435304] page address bytes: 4
[    0.435531] sector address bytes: 3
[    0.436016] options: 0x42
[    0.440145] Scanning device for bad blocks
[    0.537052] Creating 11 MTD partitions on "NAND 128MiB 1,8V 8-bit":
[    0.538319] 0x000000000000-0x000000100000 : "NAND simulator partition 0"
[    0.541778] 0x000000100000-0x000000200000 : "NAND simulator partition 1"
[    0.544079] 0x000000200000-0x000000300000 : "NAND simulator partition 2"
[    0.546318] 0x000000300000-0x000000400000 : "NAND simulator partition 3"
[    0.548379] 0x000000400000-0x000000500000 : "NAND simulator partition 4"
[    0.550465] 0x000000500000-0x000000600000 : "NAND simulator partition 5"
[    0.552557] 0x000000600000-0x000000700000 : "NAND simulator partition 6"
[    0.554889] 0x000000700000-0x000000800000 : "NAND simulator partition 7"
[    0.556996] 0x000000800000-0x000000900000 : "NAND simulator partition 8"
[    0.559187] 0x000000900000-0x000000a00000 : "NAND simulator partition 9"
[    0.561494] 0x000000a00000-0x000008000000 : "NAND simulator partition 10"
[    0.566363] tun: Universal TUN/TAP device driver, 1.6
[    0.567191] tun: (C) 1999-2004 Max Krasnyansky <maxk@qualcomm.com>
[    0.580441] PPP generic driver version 2.4.2
[    0.581849] PPP BSD Compression module registered
[    0.582717] PPP Deflate Compression module registered
[    0.583815] PPP MPPE Compression module registered
[    0.584620] NET: Registered protocol family 24
[    0.585640] PPTP driver version 0.8.5
[    0.586866] usbcore: registered new interface driver usb-storage
[    0.589125] hidraw: raw HID events driver (C) Jiri Kosina
[    0.590597] usbcore: registered new interface driver usbhid
[    0.591461] usbhid: USB HID core driver
[    0.592450] Netfilter messages via NETLINK v0.30.
[    0.593877] nf_conntrack version 0.5.0 (3958 buckets, 15832 max)
[    0.595835] ctnetlink v0.93: registering with nfnetlink.
[    0.597992] ipip: IPv4 over IPv4 tunneling driver
[    0.600304] gre: GRE over IPv4 demultiplexor driver
[    0.601160] ip_gre: GRE over IPv4 tunneling driver
[    0.605735] ip_tables: (C) 2000-2006 Netfilter Core Team
[    0.607922] arp_tables: (C) 2002 David S. Miller
[    0.609533] Initializing XFRM netlink socket
[    0.610621] NET: Registered protocol family 10
[    0.617040] ip6_tables: (C) 2000-2006 Netfilter Core Team
[    0.619402] sit: IPv6 over IPv4 tunneling driver
[    0.623357] NET: Registered protocol family 17
[    0.624535] bridge: automatic filtering via arp/ip/ip6tables has been deprecated. Update your scripts to load br_netfilter if you need this.
[    0.626794] Bridge firewalling registered
[    0.627483] Ebtables v2.0 registered
[    0.629062] 8021q: 802.1Q VLAN Support v1.8
[    0.630454] Registering SWP/SWPB emulation handler
[    0.632843] hctosys: unable to open rtc device (rtc0)
[    0.642715] EXT4-fs (vda1): couldn't mount as ext3 due to feature incompatibilities
[    0.645621] EXT4-fs (vda1): mounting ext2 file system using the ext4 subsystem
[    0.654730] EXT4-fs (vda1): warning: mounting unchecked fs, running e2fsck is recommended
[    0.658737] EXT4-fs (vda1): mounted filesystem without journal. Opts: (null)
[    0.661506] VFS: Mounted root (ext2 filesystem) on device 254:1.
[    0.668423] Freeing unused kernel memory: 180K (c05c7000 - c05f4000)
[    0.676330] Starting init: /sbin/init exists but couldn't execute it (error -13)
[    0.682946] Starting init: /etc/init exists but couldn't execute it (error -13)
[    0.689266] firmadyne: do_execve: /firmadyne/console
[    0.690315] OFFSETS: offset of pid: 0x190 offset of comm: 0x270
[    0.691379] Starting init: /bin/sh exists but couldn't execute it (error -13)
[    0.692525] Kernel panic - not syncing: No working init found.  Try passing init= option to kernel. See Linux Documentation/init.txt for guidance.
[    0.694851] CPU: 0 PID: 1 Comm: swapper Tainted: G        W       4.1.17+ #1
[    0.695917] Hardware name: Generic DT based system
[    0.696708] [<c001c99c>] (unwind_backtrace) from [<c0019d30>] (show_stack+0x10/0x14)
[    0.697915] [<c0019d30>] (show_stack) from [<c0410b78>] (panic+0x70/0x1c8)
[    0.698968] [<c0410b78>] (panic) from [<c040f33c>] (kernel_init+0xb8/0xe4)
[    0.700012] [<c040f33c>] (kernel_init) from [<c0016da8>] (ret_from_fork+0x14/0x2c)
[    0.700987] ---[ end Kernel panic - not syncing: No working init found.  Try passing init= option to kernel. See Linux Documentation/init.txt for guidance.
