[    0.000000] Booting Linux on physical CPU 0x0
[    0.000000] Linux version 4.1.17+ (vagrant@vagrant-ubuntu-trusty-64) (gcc version 5.3.0 (GCC) ) #1 Thu Feb 18 01:05:21 UTC 2016
[    0.000000] CPU: ARMv7 Processor [412fc0f1] revision 1 (ARMv7), cr=10c5387d
[    0.000000] CPU: PIPT / VIPT nonaliasing data cache, PIPT instruction cache
[    0.000000] Machine model: linux,dummy-virt
[    0.000000] debug: ignoring loglevel setting.
[    0.000000] Memory policy: Data cache writeback
[    0.000000] On node 0 totalpages: 65536
[    0.000000] free_area_init_node: node 0, pgdat c061dfe8, node_mem_map cfdf9000
[    0.000000]   Normal zone: 512 pages used for memmap
[    0.000000]   Normal zone: 0 pages reserved
[    0.000000]   Normal zone: 65536 pages, LIFO batch:15
[    0.000000] CPU: All CPU(s) started in SVC mode.
[    0.000000] pcpu-alloc: s0 r0 d32768 u32768 alloc=1*32768
[    0.000000] pcpu-alloc: [0] 0 
[    0.000000] Built 1 zonelists in Zone order, mobility grouping on.  Total pages: 65024
[    0.000000] Kernel command line: firmadyne.syscall=1 root=/dev/vda1 console=ttyS0 nandsim.parts=64,64,64,64,64,64,64,64,64,64 rdinit=/firmadyne/preInit.sh rw debug ignore_loglevel print-fatal-signals=1 user_debug=31
[    0.000000] PID hash table entries: 1024 (order: 0, 4096 bytes)
[    0.000000] Dentry cache hash table entries: 32768 (order: 5, 131072 bytes)
[    0.000000] Inode-cache hash table entries: 16384 (order: 4, 65536 bytes)
[    0.000000] Memory: 253344K/262144K available (4297K kernel code, 170K rwdata, 1584K rodata, 180K init, 148K bss, 8800K reserved, 0K cma-reserved)
[    0.000000] Virtual kernel memory layout:
[    0.000000]     vector  : 0xffff0000 - 0xffff1000   (   4 kB)
[    0.000000]     fixmap  : 0xffc00000 - 0xfff00000   (3072 kB)
[    0.000000]     vmalloc : 0xd0800000 - 0xff000000   ( 744 MB)
[    0.000000]     lowmem  : 0xc0000000 - 0xd0000000   ( 256 MB)
[    0.000000]     modules : 0xbf000000 - 0xc0000000   (  16 MB)
[    0.000000]       .text : 0xc0008000 - 0xc05c67bc   (5882 kB)
[    0.000000]       .init : 0xc05c7000 - 0xc05f4000   ( 180 kB)
[    0.000000]       .data : 0xc05f4000 - 0xc061e840   ( 171 kB)
[    0.000000]        .bss : 0xc0621000 - 0xc06462d4   ( 149 kB)
[    0.000000] NR_IRQS:16 nr_irqs:16 16
[    0.000000] Architected cp15 timer(s) running at 62.50MHz (virt).
[    0.000000] clocksource arch_sys_counter: mask: 0xffffffffffffff max_cycles: 0x1cd42e208c, max_idle_ns: 881590405314 ns
[    0.000131] sched_clock: 56 bits at 62MHz, resolution 16ns, wraps every 4398046511096ns
[    0.000236] Switching to timer-based delay loop, resolution 16ns
[    0.002779] Console: colour dummy device 80x30
[    0.003058] Calibrating delay loop (skipped), value calculated using timer frequency.. 125.00 BogoMIPS (lpj=625000)
[    0.003160] pid_max: default: 32768 minimum: 301
[    0.003901] Mount-cache hash table entries: 1024 (order: 0, 4096 bytes)
[    0.003931] Mountpoint-cache hash table entries: 1024 (order: 0, 4096 bytes)
[    0.011584] CPU: Testing write buffer coherency: ok
[    0.016650] Setting up static identity map for 0x40008240 - 0x40008298
[    0.029166] VFP support v0.3: implementor 41 architecture 4 part 30 variant f rev 0
[    0.039333] clocksource jiffies: mask: 0xffffffff max_cycles: 0xffffffff, max_idle_ns: 19112604462750000 ns
[    0.047042] NET: Registered protocol family 16
[    0.049606] DMA: preallocated 256 KiB pool for atomic coherent allocations
[    0.052922] cpuidle: using governor ladder
[    0.053268] cpuidle: using governor menu
[    0.056299] genirq: Setting trigger mode 1 for irq 20 failed (gic_set_type+0x0/0x48)
[    0.057803] genirq: Setting trigger mode 1 for irq 21 failed (gic_set_type+0x0/0x48)
[    0.058096] genirq: Setting trigger mode 1 for irq 22 failed (gic_set_type+0x0/0x48)
[    0.058364] genirq: Setting trigger mode 1 for irq 23 failed (gic_set_type+0x0/0x48)
[    0.058630] genirq: Setting trigger mode 1 for irq 24 failed (gic_set_type+0x0/0x48)
[    0.058896] genirq: Setting trigger mode 1 for irq 25 failed (gic_set_type+0x0/0x48)
[    0.059137] genirq: Setting trigger mode 1 for irq 26 failed (gic_set_type+0x0/0x48)
[    0.059377] genirq: Setting trigger mode 1 for irq 27 failed (gic_set_type+0x0/0x48)
[    0.059715] genirq: Setting trigger mode 1 for irq 28 failed (gic_set_type+0x0/0x48)
[    0.059984] genirq: Setting trigger mode 1 for irq 29 failed (gic_set_type+0x0/0x48)
[    0.060221] genirq: Setting trigger mode 1 for irq 30 failed (gic_set_type+0x0/0x48)
[    0.060471] genirq: Setting trigger mode 1 for irq 31 failed (gic_set_type+0x0/0x48)
[    0.060704] genirq: Setting trigger mode 1 for irq 32 failed (gic_set_type+0x0/0x48)
[    0.060960] genirq: Setting trigger mode 1 for irq 33 failed (gic_set_type+0x0/0x48)
[    0.061193] genirq: Setting trigger mode 1 for irq 34 failed (gic_set_type+0x0/0x48)
[    0.061421] genirq: Setting trigger mode 1 for irq 35 failed (gic_set_type+0x0/0x48)
[    0.061686] genirq: Setting trigger mode 1 for irq 36 failed (gic_set_type+0x0/0x48)
[    0.061967] genirq: Setting trigger mode 1 for irq 37 failed (gic_set_type+0x0/0x48)
[    0.062265] genirq: Setting trigger mode 1 for irq 38 failed (gic_set_type+0x0/0x48)
[    0.062518] genirq: Setting trigger mode 1 for irq 39 failed (gic_set_type+0x0/0x48)
[    0.062759] genirq: Setting trigger mode 1 for irq 40 failed (gic_set_type+0x0/0x48)
[    0.063022] genirq: Setting trigger mode 1 for irq 41 failed (gic_set_type+0x0/0x48)
[    0.063493] genirq: Setting trigger mode 1 for irq 42 failed (gic_set_type+0x0/0x48)
[    0.063774] genirq: Setting trigger mode 1 for irq 43 failed (gic_set_type+0x0/0x48)
[    0.064057] genirq: Setting trigger mode 1 for irq 44 failed (gic_set_type+0x0/0x48)
[    0.064321] genirq: Setting trigger mode 1 for irq 45 failed (gic_set_type+0x0/0x48)
[    0.064567] genirq: Setting trigger mode 1 for irq 46 failed (gic_set_type+0x0/0x48)
[    0.064858] genirq: Setting trigger mode 1 for irq 47 failed (gic_set_type+0x0/0x48)
[    0.065130] genirq: Setting trigger mode 1 for irq 48 failed (gic_set_type+0x0/0x48)
[    0.065378] genirq: Setting trigger mode 1 for irq 49 failed (gic_set_type+0x0/0x48)
[    0.065641] genirq: Setting trigger mode 1 for irq 50 failed (gic_set_type+0x0/0x48)
[    0.065896] genirq: Setting trigger mode 1 for irq 51 failed (gic_set_type+0x0/0x48)
[    0.066343] genirq: Setting trigger mode 1 for irq 52 failed (gic_set_type+0x0/0x48)
[    0.069423] Serial: AMBA PL011 UART driver
[    0.071181] 9000000.pl011: ttyS0 at MMIO 0x9000000 (irq = 52, base_baud = 0) is a PL011 rev1
[    0.092225] console [ttyS0] enabled
[    0.112054] vgaarb: loaded
[    0.113321] SCSI subsystem initialized
[    0.114455] usbcore: registered new interface driver usbfs
[    0.114850] usbcore: registered new interface driver hub
[    0.115196] usbcore: registered new device driver usb
[    0.122705] cfg80211: Calling CRDA to update world regulatory domain
[    0.125014] Switched to clocksource arch_sys_counter
[    0.137829] NET: Registered protocol family 2
[    0.141912] TCP established hash table entries: 2048 (order: 1, 8192 bytes)
[    0.142264] TCP bind hash table entries: 2048 (order: 1, 8192 bytes)
[    0.142626] TCP: Hash tables configured (established 2048 bind 2048)
[    0.143163] UDP hash table entries: 256 (order: 0, 4096 bytes)
[    0.143463] UDP-Lite hash table entries: 256 (order: 0, 4096 bytes)
[    0.145815] NET: Registered protocol family 1
[    0.146293] PCI: CLS 0 bytes, default 64
[    0.152188] NetWinder Floating Point Emulator V0.97 (extended precision)
[    0.154482] futex hash table entries: 256 (order: -1, 3072 bytes)
[    0.159674] squashfs: version 4.0 (2009/01/31) Phillip Lougher
[    0.160644] jffs2: version 2.2. (NAND) Â© 2001-2006 Red Hat, Inc.
[    0.161413] romfs: ROMFS MTD (C) 2007 Red Hat, Inc.
[    0.168940] Block layer SCSI generic (bsg) driver version 0.4 loaded (major 253)
[    0.169314] io scheduler noop registered
[    0.169595] io scheduler cfq registered (default)
[    0.170254] firmadyne: devfs: 1, execute: 1, procfs: 1, syscall: 1
[    0.171389] ------------[ cut here ]------------
[    0.171601] WARNING: CPU: 0 PID: 1 at /home/vagrant/firmadyne-kernel/kernel-v4.1/fs/sysfs/dir.c:31 sysfs_warn_dup+0x50/0x6c()
[    0.171987] sysfs: cannot create duplicate filename '/class/gpio'
[    0.172225] Modules linked in:
[    0.172541] CPU: 0 PID: 1 Comm: swapper Not tainted 4.1.17+ #1
[    0.172755] Hardware name: Generic DT based system
[    0.173415] [<c001c99c>] (unwind_backtrace) from [<c0019d30>] (show_stack+0x10/0x14)
[    0.173795] [<c0019d30>] (show_stack) from [<c0024ab4>] (warn_slowpath_common+0x80/0xa8)
[    0.174119] [<c0024ab4>] (warn_slowpath_common) from [<c0024b08>] (warn_slowpath_fmt+0x2c/0x3c)
[    0.174474] [<c0024b08>] (warn_slowpath_fmt) from [<c00e363c>] (sysfs_warn_dup+0x50/0x6c)
[    0.174997] [<c00e363c>] (sysfs_warn_dup) from [<c00e3714>] (sysfs_create_dir_ns+0x74/0x84)
[    0.175299] [<c00e3714>] (sysfs_create_dir_ns) from [<c018e6ac>] (kobject_add_internal+0xb8/0x2ac)
[    0.175627] [<c018e6ac>] (kobject_add_internal) from [<c018e9a8>] (kset_register+0x1c/0x44)
[    0.175927] [<c018e9a8>] (kset_register) from [<c02090b4>] (__class_register+0xa8/0x198)
[    0.176269] [<c02090b4>] (__class_register) from [<c02091e4>] (__class_create+0x40/0x70)
[    0.176571] [<c02091e4>] (__class_create) from [<c01adf68>] (register_devfs_stubs+0x314/0xbb4)
[    0.176881] [<c01adf68>] (register_devfs_stubs) from [<c05d9b08>] (init_module+0x28/0xa4)
[    0.177209] [<c05d9b08>] (init_module) from [<c0009670>] (do_one_initcall+0x104/0x1b4)
[    0.177509] [<c0009670>] (do_one_initcall) from [<c05c7d08>] (kernel_init_freeable+0xf0/0x1b0)
[    0.177826] [<c05c7d08>] (kernel_init_freeable) from [<c040f28c>] (kernel_init+0x8/0xe4)
[    0.178127] [<c040f28c>] (kernel_init) from [<c0016da8>] (ret_from_fork+0x14/0x2c)
[    0.178465] ---[ end trace d68feb51e24e9903 ]---
[    0.178715] ------------[ cut here ]------------
[    0.178896] WARNING: CPU: 0 PID: 1 at /home/vagrant/firmadyne-kernel/kernel-v4.1/lib/kobject.c:240 kobject_add_internal+0x240/0x2ac()
[    0.179298] kobject_add_internal failed for gpio with -EEXIST, don't try to register things with the same name in the same directory.
[    0.179701] Modules linked in:
[    0.179879] CPU: 0 PID: 1 Comm: swapper Tainted: G        W       4.1.17+ #1
[    0.180124] Hardware name: Generic DT based system
[    0.180315] [<c001c99c>] (unwind_backtrace) from [<c0019d30>] (show_stack+0x10/0x14)
[    0.180605] [<c0019d30>] (show_stack) from [<c0024ab4>] (warn_slowpath_common+0x80/0xa8)
[    0.180902] [<c0024ab4>] (warn_slowpath_common) from [<c0024b08>] (warn_slowpath_fmt+0x2c/0x3c)
[    0.181219] [<c0024b08>] (warn_slowpath_fmt) from [<c018e834>] (kobject_add_internal+0x240/0x2ac)
[    0.181545] [<c018e834>] (kobject_add_internal) from [<c018e9a8>] (kset_register+0x1c/0x44)
[    0.181851] [<c018e9a8>] (kset_register) from [<c02090b4>] (__class_register+0xa8/0x198)
[    0.182153] [<c02090b4>] (__class_register) from [<c02091e4>] (__class_create+0x40/0x70)
[    0.182445] [<c02091e4>] (__class_create) from [<c01adf68>] (register_devfs_stubs+0x314/0xbb4)
[    0.182761] [<c01adf68>] (register_devfs_stubs) from [<c05d9b08>] (init_module+0x28/0xa4)
[    0.183055] [<c05d9b08>] (init_module) from [<c0009670>] (do_one_initcall+0x104/0x1b4)
[    0.183342] [<c0009670>] (do_one_initcall) from [<c05c7d08>] (kernel_init_freeable+0xf0/0x1b0)
[    0.183657] [<c05c7d08>] (kernel_init_freeable) from [<c040f28c>] (kernel_init+0x8/0xe4)
[    0.183945] [<c040f28c>] (kernel_init) from [<c0016da8>] (ret_from_fork+0x14/0x2c)
[    0.184227] ---[ end trace d68feb51e24e9904 ]---
[    0.184436] firmadyne: Cannot create device class: gpio!
[    0.186075] firmadyne: Cannot register character device: watchdog, 0xa, 0x82!
[    0.186355] firmadyne: Cannot register character device: wdt, 0xfd, 0x0!
[    0.281624] Non-volatile memory driver v1.3
[    0.301841] brd: module loaded
[    0.310158] loop: module loaded
[    0.319719]  vda: vda1
[    0.323713] [nandsim] warning: read_byte: unexpected data output cycle, state is STATE_READY return 0x0
[    0.324070] [nandsim] warning: read_byte: unexpected data output cycle, state is STATE_READY return 0x0
[    0.324387] [nandsim] warning: read_byte: unexpected data output cycle, state is STATE_READY return 0x0
[    0.324916] [nandsim] warning: read_byte: unexpected data output cycle, state is STATE_READY return 0x0
[    0.325238] [nandsim] warning: read_byte: unexpected data output cycle, state is STATE_READY return 0x0
[    0.325573] [nandsim] warning: read_byte: unexpected data output cycle, state is STATE_READY return 0x0
[    0.326132] nand: device found, Manufacturer ID: 0x98, Chip ID: 0x39
[    0.326374] nand: Toshiba NAND 128MiB 1,8V 8-bit
[    0.326570] nand: 128 MiB, SLC, erase size: 16 KiB, page size: 512, OOB size: 16
[    0.327450] flash size: 128 MiB
[    0.327584] page size: 512 bytes
[    0.327706] OOB area size: 16 bytes
[    0.327836] sector size: 16 KiB
[    0.327954] pages number: 262144
[    0.328074] pages per sector: 32
[    0.328194] bus width: 8
[    0.328291] bits in sector size: 14
[    0.328417] bits in page size: 9
[    0.328547] bits in OOB size: 4
[    0.328669] flash size with OOB: 135168 KiB
[    0.328820] page address bytes: 4
[    0.328945] sector address bytes: 3
[    0.329074] options: 0x42
[    0.333801] Scanning device for bad blocks
[    0.463341] Creating 11 MTD partitions on "NAND 128MiB 1,8V 8-bit":
[    0.463848] 0x000000000000-0x000000100000 : "NAND simulator partition 0"
[    0.467145] 0x000000100000-0x000000200000 : "NAND simulator partition 1"
[    0.468470] 0x000000200000-0x000000300000 : "NAND simulator partition 2"
[    0.469756] 0x000000300000-0x000000400000 : "NAND simulator partition 3"
[    0.471159] 0x000000400000-0x000000500000 : "NAND simulator partition 4"
[    0.472401] 0x000000500000-0x000000600000 : "NAND simulator partition 5"
[    0.473722] 0x000000600000-0x000000700000 : "NAND simulator partition 6"
[    0.475380] 0x000000700000-0x000000800000 : "NAND simulator partition 7"
[    0.476787] 0x000000800000-0x000000900000 : "NAND simulator partition 8"
[    0.478340] 0x000000900000-0x000000a00000 : "NAND simulator partition 9"
[    0.479687] 0x000000a00000-0x000008000000 : "NAND simulator partition 10"
[    0.484056] tun: Universal TUN/TAP device driver, 1.6
[    0.484253] tun: (C) 1999-2004 Max Krasnyansky <maxk@qualcomm.com>
[    0.503642] PPP generic driver version 2.4.2
[    0.504359] PPP BSD Compression module registered
[    0.504805] PPP Deflate Compression module registered
[    0.505085] PPP MPPE Compression module registered
[    0.505299] NET: Registered protocol family 24
[    0.505661] PPTP driver version 0.8.5
[    0.506570] usbcore: registered new interface driver usb-storage
[    0.508148] hidraw: raw HID events driver (C) Jiri Kosina
[    0.508660] usbcore: registered new interface driver usbhid
[    0.508867] usbhid: USB HID core driver
[    0.509332] Netfilter messages via NETLINK v0.30.
[    0.510030] nf_conntrack version 0.5.0 (3958 buckets, 15832 max)
[    0.511375] ctnetlink v0.93: registering with nfnetlink.
[    0.512710] ipip: IPv4 over IPv4 tunneling driver
[    0.514924] gre: GRE over IPv4 demultiplexor driver
[    0.515151] ip_gre: GRE over IPv4 tunneling driver
[    0.519385] ip_tables: (C) 2000-2006 Netfilter Core Team
[    0.520907] arp_tables: (C) 2002 David S. Miller
[    0.522013] Initializing XFRM netlink socket
[    0.522589] NET: Registered protocol family 10
[    0.528856] ip6_tables: (C) 2000-2006 Netfilter Core Team
[    0.530507] sit: IPv6 over IPv4 tunneling driver
[    0.533882] NET: Registered protocol family 17
[    0.534680] bridge: automatic filtering via arp/ip/ip6tables has been deprecated. Update your scripts to load br_netfilter if you need this.
[    0.535341] Bridge firewalling registered
[    0.535537] Ebtables v2.0 registered
[    0.536594] 8021q: 802.1Q VLAN Support v1.8
[    0.537204] Registering SWP/SWPB emulation handler
[    0.539338] hctosys: unable to open rtc device (rtc0)
[    0.548730] EXT4-fs (vda1): couldn't mount as ext3 due to feature incompatibilities
[    0.550242] EXT4-fs (vda1): mounting ext2 file system using the ext4 subsystem
[    0.562696] EXT4-fs (vda1): mounted filesystem without journal. Opts: (null)
[    0.563757] VFS: Mounted root (ext2 filesystem) on device 254:1.
[    0.568816] Freeing unused kernel memory: 180K (c05c7000 - c05f4000)
[    0.570828] Starting init: /sbin/init exists but couldn't execute it (error -20)
[    0.576383] Starting init: /bin/init exists but couldn't execute it (error -20)
[    0.576675] firmadyne: do_execve: /firmadyne/console
[    0.576914] OFFSETS: offset of pid: 0x190 offset of comm: 0x270
[    0.577158] Starting init: /bin/sh exists but couldn't execute it (error -20)
[    0.577461] Kernel panic - not syncing: No working init found.  Try passing init= option to kernel. See Linux Documentation/init.txt for guidance.
[    0.577947] CPU: 0 PID: 1 Comm: swapper Tainted: G        W       4.1.17+ #1
[    0.578186] Hardware name: Generic DT based system
[    0.578409] [<c001c99c>] (unwind_backtrace) from [<c0019d30>] (show_stack+0x10/0x14)
[    0.578690] [<c0019d30>] (show_stack) from [<c0410b78>] (panic+0x70/0x1c8)
[    0.578941] [<c0410b78>] (panic) from [<c040f33c>] (kernel_init+0xb8/0xe4)
[    0.579185] [<c040f33c>] (kernel_init) from [<c0016da8>] (ret_from_fork+0x14/0x2c)
[    0.579622] ---[ end Kernel panic - not syncing: No working init found.  Try passing init= option to kernel. See Linux Documentation/init.txt for guidance.
