[    0.000000] Booting Linux on physical CPU 0x0
[    0.000000] Linux version 4.1.17+ (vagrant@vagrant-ubuntu-trusty-64) (gcc version 5.3.0 (GCC) ) #1 Thu Feb 18 01:05:21 UTC 2016
[    0.000000] CPU: ARMv7 Processor [412fc0f1] revision 1 (ARMv7), cr=10c5387d
[    0.000000] CPU: PIPT / VIPT nonaliasing data cache, PIPT instruction cache
[    0.000000] Machine model: linux,dummy-virt
[    0.000000] debug: ignoring loglevel setting.
[    0.000000] Memory policy: Data cache writeback
[    0.000000] On node 0 totalpages: 65536
[    0.000000] free_area_init_node: node 0, pgdat c061dfe8, node_mem_map cfdf9000
[    0.000000]   Normal zone: 512 pages used for memmap
[    0.000000]   Normal zone: 0 pages reserved
[    0.000000]   Normal zone: 65536 pages, LIFO batch:15
[    0.000000] CPU: All CPU(s) started in SVC mode.
[    0.000000] pcpu-alloc: s0 r0 d32768 u32768 alloc=1*32768
[    0.000000] pcpu-alloc: [0] 0 
[    0.000000] Built 1 zonelists in Zone order, mobility grouping on.  Total pages: 65024
[    0.000000] Kernel command line: root=/dev/vda1 console=ttyS0 nandsim.parts=64,64,64,64,64,64,64,64,64,64 rdinit=/firmadyne/preInit.sh rw debug ignore_loglevel print-fatal-signals=1 user_debug=31 firmadyne.syscall=0
[    0.000000] PID hash table entries: 1024 (order: 0, 4096 bytes)
[    0.000000] Dentry cache hash table entries: 32768 (order: 5, 131072 bytes)
[    0.000000] Inode-cache hash table entries: 16384 (order: 4, 65536 bytes)
[    0.000000] Memory: 253344K/262144K available (4297K kernel code, 170K rwdata, 1584K rodata, 180K init, 148K bss, 8800K reserved, 0K cma-reserved)
[    0.000000] Virtual kernel memory layout:
[    0.000000]     vector  : 0xffff0000 - 0xffff1000   (   4 kB)
[    0.000000]     fixmap  : 0xffc00000 - 0xfff00000   (3072 kB)
[    0.000000]     vmalloc : 0xd0800000 - 0xff000000   ( 744 MB)
[    0.000000]     lowmem  : 0xc0000000 - 0xd0000000   ( 256 MB)
[    0.000000]     modules : 0xbf000000 - 0xc0000000   (  16 MB)
[    0.000000]       .text : 0xc0008000 - 0xc05c67bc   (5882 kB)
[    0.000000]       .init : 0xc05c7000 - 0xc05f4000   ( 180 kB)
[    0.000000]       .data : 0xc05f4000 - 0xc061e840   ( 171 kB)
[    0.000000]        .bss : 0xc0621000 - 0xc06462d4   ( 149 kB)
[    0.000000] NR_IRQS:16 nr_irqs:16 16
[    0.000000] Architected cp15 timer(s) running at 62.50MHz (virt).
[    0.000000] clocksource arch_sys_counter: mask: 0xffffffffffffff max_cycles: 0x1cd42e208c, max_idle_ns: 881590405314 ns
[    0.000111] sched_clock: 56 bits at 62MHz, resolution 16ns, wraps every 4398046511096ns
[    0.000198] Switching to timer-based delay loop, resolution 16ns
[    0.002717] Console: colour dummy device 80x30
[    0.002979] Calibrating delay loop (skipped), value calculated using timer frequency.. 125.00 BogoMIPS (lpj=625000)
[    0.003090] pid_max: default: 32768 minimum: 301
[    0.003819] Mount-cache hash table entries: 1024 (order: 0, 4096 bytes)
[    0.003859] Mountpoint-cache hash table entries: 1024 (order: 0, 4096 bytes)
[    0.011093] CPU: Testing write buffer coherency: ok
[    0.016018] Setting up static identity map for 0x40008240 - 0x40008298
[    0.027596] VFP support v0.3: implementor 41 architecture 4 part 30 variant f rev 0
[    0.036869] clocksource jiffies: mask: 0xffffffff max_cycles: 0xffffffff, max_idle_ns: 19112604462750000 ns
[    0.043738] NET: Registered protocol family 16
[    0.045917] DMA: preallocated 256 KiB pool for atomic coherent allocations
[    0.048703] cpuidle: using governor ladder
[    0.048812] cpuidle: using governor menu
[    0.051276] genirq: Setting trigger mode 1 for irq 20 failed (gic_set_type+0x0/0x48)
[    0.052536] genirq: Setting trigger mode 1 for irq 21 failed (gic_set_type+0x0/0x48)
[    0.052759] genirq: Setting trigger mode 1 for irq 22 failed (gic_set_type+0x0/0x48)
[    0.052979] genirq: Setting trigger mode 1 for irq 23 failed (gic_set_type+0x0/0x48)
[    0.053418] genirq: Setting trigger mode 1 for irq 24 failed (gic_set_type+0x0/0x48)
[    0.053664] genirq: Setting trigger mode 1 for irq 25 failed (gic_set_type+0x0/0x48)
[    0.053870] genirq: Setting trigger mode 1 for irq 26 failed (gic_set_type+0x0/0x48)
[    0.054073] genirq: Setting trigger mode 1 for irq 27 failed (gic_set_type+0x0/0x48)
[    0.054361] genirq: Setting trigger mode 1 for irq 28 failed (gic_set_type+0x0/0x48)
[    0.054633] genirq: Setting trigger mode 1 for irq 29 failed (gic_set_type+0x0/0x48)
[    0.054835] genirq: Setting trigger mode 1 for irq 30 failed (gic_set_type+0x0/0x48)
[    0.055046] genirq: Setting trigger mode 1 for irq 31 failed (gic_set_type+0x0/0x48)
[    0.055241] genirq: Setting trigger mode 1 for irq 32 failed (gic_set_type+0x0/0x48)
[    0.055442] genirq: Setting trigger mode 1 for irq 33 failed (gic_set_type+0x0/0x48)
[    0.055634] genirq: Setting trigger mode 1 for irq 34 failed (gic_set_type+0x0/0x48)
[    0.055843] genirq: Setting trigger mode 1 for irq 35 failed (gic_set_type+0x0/0x48)
[    0.056051] genirq: Setting trigger mode 1 for irq 36 failed (gic_set_type+0x0/0x48)
[    0.056255] genirq: Setting trigger mode 1 for irq 37 failed (gic_set_type+0x0/0x48)
[    0.056494] genirq: Setting trigger mode 1 for irq 38 failed (gic_set_type+0x0/0x48)
[    0.056705] genirq: Setting trigger mode 1 for irq 39 failed (gic_set_type+0x0/0x48)
[    0.056906] genirq: Setting trigger mode 1 for irq 40 failed (gic_set_type+0x0/0x48)
[    0.057112] genirq: Setting trigger mode 1 for irq 41 failed (gic_set_type+0x0/0x48)
[    0.057324] genirq: Setting trigger mode 1 for irq 42 failed (gic_set_type+0x0/0x48)
[    0.057535] genirq: Setting trigger mode 1 for irq 43 failed (gic_set_type+0x0/0x48)
[    0.057752] genirq: Setting trigger mode 1 for irq 44 failed (gic_set_type+0x0/0x48)
[    0.057970] genirq: Setting trigger mode 1 for irq 45 failed (gic_set_type+0x0/0x48)
[    0.058175] genirq: Setting trigger mode 1 for irq 46 failed (gic_set_type+0x0/0x48)
[    0.058414] genirq: Setting trigger mode 1 for irq 47 failed (gic_set_type+0x0/0x48)
[    0.058640] genirq: Setting trigger mode 1 for irq 48 failed (gic_set_type+0x0/0x48)
[    0.058847] genirq: Setting trigger mode 1 for irq 49 failed (gic_set_type+0x0/0x48)
[    0.059048] genirq: Setting trigger mode 1 for irq 50 failed (gic_set_type+0x0/0x48)
[    0.059248] genirq: Setting trigger mode 1 for irq 51 failed (gic_set_type+0x0/0x48)
[    0.059597] genirq: Setting trigger mode 1 for irq 52 failed (gic_set_type+0x0/0x48)
[    0.062183] Serial: AMBA PL011 UART driver
[    0.063980] 9000000.pl011: ttyS0 at MMIO 0x9000000 (irq = 52, base_baud = 0) is a PL011 rev1
[    0.113143] console [ttyS0] enabled
[    0.131644] vgaarb: loaded
[    0.133545] SCSI subsystem initialized
[    0.135218] usbcore: registered new interface driver usbfs
[    0.136407] usbcore: registered new interface driver hub
[    0.137519] usbcore: registered new device driver usb
[    0.144620] cfg80211: Calling CRDA to update world regulatory domain
[    0.147537] Switched to clocksource arch_sys_counter
[    0.160659] NET: Registered protocol family 2
[    0.165207] TCP established hash table entries: 2048 (order: 1, 8192 bytes)
[    0.166407] TCP bind hash table entries: 2048 (order: 1, 8192 bytes)
[    0.168154] TCP: Hash tables configured (established 2048 bind 2048)
[    0.169647] UDP hash table entries: 256 (order: 0, 4096 bytes)
[    0.170699] UDP-Lite hash table entries: 256 (order: 0, 4096 bytes)
[    0.172997] NET: Registered protocol family 1
[    0.174068] PCI: CLS 0 bytes, default 64
[    0.182369] NetWinder Floating Point Emulator V0.97 (extended precision)
[    0.185878] futex hash table entries: 256 (order: -1, 3072 bytes)
[    0.191723] squashfs: version 4.0 (2009/01/31) Phillip Lougher
[    0.193738] jffs2: version 2.2. (NAND) Â© 2001-2006 Red Hat, Inc.
[    0.195410] romfs: ROMFS MTD (C) 2007 Red Hat, Inc.
[    0.202562] Block layer SCSI generic (bsg) driver version 0.4 loaded (major 253)
[    0.204057] io scheduler noop registered
[    0.204767] io scheduler cfq registered (default)
[    0.205963] firmadyne: devfs: 1, execute: 1, procfs: 1, syscall: 0
[    0.208278] ------------[ cut here ]------------
[    0.209194] WARNING: CPU: 0 PID: 1 at /home/vagrant/firmadyne-kernel/kernel-v4.1/fs/sysfs/dir.c:31 sysfs_warn_dup+0x50/0x6c()
[    0.211051] sysfs: cannot create duplicate filename '/class/gpio'
[    0.212116] Modules linked in:
[    0.212801] CPU: 0 PID: 1 Comm: swapper Not tainted 4.1.17+ #1
[    0.213670] Hardware name: Generic DT based system
[    0.214987] [<c001c99c>] (unwind_backtrace) from [<c0019d30>] (show_stack+0x10/0x14)
[    0.216408] [<c0019d30>] (show_stack) from [<c0024ab4>] (warn_slowpath_common+0x80/0xa8)
[    0.217911] [<c0024ab4>] (warn_slowpath_common) from [<c0024b08>] (warn_slowpath_fmt+0x2c/0x3c)
[    0.219413] [<c0024b08>] (warn_slowpath_fmt) from [<c00e363c>] (sysfs_warn_dup+0x50/0x6c)
[    0.220719] [<c00e363c>] (sysfs_warn_dup) from [<c00e3714>] (sysfs_create_dir_ns+0x74/0x84)
[    0.221939] [<c00e3714>] (sysfs_create_dir_ns) from [<c018e6ac>] (kobject_add_internal+0xb8/0x2ac)
[    0.223092] [<c018e6ac>] (kobject_add_internal) from [<c018e9a8>] (kset_register+0x1c/0x44)
[    0.223885] [<c018e9a8>] (kset_register) from [<c02090b4>] (__class_register+0xa8/0x198)
[    0.224569] [<c02090b4>] (__class_register) from [<c02091e4>] (__class_create+0x40/0x70)
[    0.224997] [<c02091e4>] (__class_create) from [<c01adf68>] (register_devfs_stubs+0x314/0xbb4)
[    0.225854] [<c01adf68>] (register_devfs_stubs) from [<c05d9b08>] (init_module+0x28/0xa4)
[    0.226551] [<c05d9b08>] (init_module) from [<c0009670>] (do_one_initcall+0x104/0x1b4)
[    0.227251] [<c0009670>] (do_one_initcall) from [<c05c7d08>] (kernel_init_freeable+0xf0/0x1b0)
[    0.228322] [<c05c7d08>] (kernel_init_freeable) from [<c040f28c>] (kernel_init+0x8/0xe4)
[    0.229290] [<c040f28c>] (kernel_init) from [<c0016da8>] (ret_from_fork+0x14/0x2c)
[    0.229881] ---[ end trace 98dc24fb93e1ee64 ]---
[    0.230726] ------------[ cut here ]------------
[    0.231358] WARNING: CPU: 0 PID: 1 at /home/vagrant/firmadyne-kernel/kernel-v4.1/lib/kobject.c:240 kobject_add_internal+0x240/0x2ac()
[    0.232343] kobject_add_internal failed for gpio with -EEXIST, don't try to register things with the same name in the same directory.
[    0.233078] Modules linked in:
[    0.233273] CPU: 0 PID: 1 Comm: swapper Tainted: G        W       4.1.17+ #1
[    0.234173] Hardware name: Generic DT based system
[    0.234549] [<c001c99c>] (unwind_backtrace) from [<c0019d30>] (show_stack+0x10/0x14)
[    0.235353] [<c0019d30>] (show_stack) from [<c0024ab4>] (warn_slowpath_common+0x80/0xa8)
[    0.236134] [<c0024ab4>] (warn_slowpath_common) from [<c0024b08>] (warn_slowpath_fmt+0x2c/0x3c)
[    0.236962] [<c0024b08>] (warn_slowpath_fmt) from [<c018e834>] (kobject_add_internal+0x240/0x2ac)
[    0.237833] [<c018e834>] (kobject_add_internal) from [<c018e9a8>] (kset_register+0x1c/0x44)
[    0.238765] [<c018e9a8>] (kset_register) from [<c02090b4>] (__class_register+0xa8/0x198)
[    0.239640] [<c02090b4>] (__class_register) from [<c02091e4>] (__class_create+0x40/0x70)
[    0.240191] [<c02091e4>] (__class_create) from [<c01adf68>] (register_devfs_stubs+0x314/0xbb4)
[    0.240737] [<c01adf68>] (register_devfs_stubs) from [<c05d9b08>] (init_module+0x28/0xa4)
[    0.241464] [<c05d9b08>] (init_module) from [<c0009670>] (do_one_initcall+0x104/0x1b4)
[    0.242177] [<c0009670>] (do_one_initcall) from [<c05c7d08>] (kernel_init_freeable+0xf0/0x1b0)
[    0.242848] [<c05c7d08>] (kernel_init_freeable) from [<c040f28c>] (kernel_init+0x8/0xe4)
[    0.243465] [<c040f28c>] (kernel_init) from [<c0016da8>] (ret_from_fork+0x14/0x2c)
[    0.244237] ---[ end trace 98dc24fb93e1ee65 ]---
[    0.244760] firmadyne: Cannot create device class: gpio!
[    0.246603] firmadyne: Cannot register character device: watchdog, 0xa, 0x82!
[    0.248177] firmadyne: Cannot register character device: wdt, 0xfd, 0x0!
[    0.337376] Non-volatile memory driver v1.3
[    0.356382] brd: module loaded
[    0.364306] loop: module loaded
[    0.372714]  vda: vda1
[    0.376883] [nandsim] warning: read_byte: unexpected data output cycle, state is STATE_READY return 0x0
[    0.378833] [nandsim] warning: read_byte: unexpected data output cycle, state is STATE_READY return 0x0
[    0.380438] [nandsim] warning: read_byte: unexpected data output cycle, state is STATE_READY return 0x0
[    0.381776] [nandsim] warning: read_byte: unexpected data output cycle, state is STATE_READY return 0x0
[    0.383302] [nandsim] warning: read_byte: unexpected data output cycle, state is STATE_READY return 0x0
[    0.384745] [nandsim] warning: read_byte: unexpected data output cycle, state is STATE_READY return 0x0
[    0.386340] nand: device found, Manufacturer ID: 0x98, Chip ID: 0x39
[    0.387576] nand: Toshiba NAND 128MiB 1,8V 8-bit
[    0.388260] nand: 128 MiB, SLC, erase size: 16 KiB, page size: 512, OOB size: 16
[    0.389563] flash size: 128 MiB
[    0.390183] page size: 512 bytes
[    0.390771] OOB area size: 16 bytes
[    0.391383] sector size: 16 KiB
[    0.391928] pages number: 262144
[    0.392420] pages per sector: 32
[    0.392908] bus width: 8
[    0.393119] bits in sector size: 14
[    0.393388] bits in page size: 9
[    0.393678] bits in OOB size: 4
[    0.394009] flash size with OOB: 135168 KiB
[    0.394381] page address bytes: 4
[    0.394680] sector address bytes: 3
[    0.394859] options: 0x42
[    0.400083] Scanning device for bad blocks
[    0.500902] Creating 11 MTD partitions on "NAND 128MiB 1,8V 8-bit":
[    0.502266] 0x000000000000-0x000000100000 : "NAND simulator partition 0"
[    0.505793] 0x000000100000-0x000000200000 : "NAND simulator partition 1"
[    0.508159] 0x000000200000-0x000000300000 : "NAND simulator partition 2"
[    0.510228] 0x000000300000-0x000000400000 : "NAND simulator partition 3"
[    0.512512] 0x000000400000-0x000000500000 : "NAND simulator partition 4"
[    0.514884] 0x000000500000-0x000000600000 : "NAND simulator partition 5"
[    0.516955] 0x000000600000-0x000000700000 : "NAND simulator partition 6"
[    0.519427] 0x000000700000-0x000000800000 : "NAND simulator partition 7"
[    0.521561] 0x000000800000-0x000000900000 : "NAND simulator partition 8"
[    0.523733] 0x000000900000-0x000000a00000 : "NAND simulator partition 9"
[    0.525986] 0x000000a00000-0x000008000000 : "NAND simulator partition 10"
[    0.530724] tun: Universal TUN/TAP device driver, 1.6
[    0.532220] tun: (C) 1999-2004 Max Krasnyansky <maxk@qualcomm.com>
[    0.546370] PPP generic driver version 2.4.2
[    0.547986] PPP BSD Compression module registered
[    0.548797] PPP Deflate Compression module registered
[    0.549660] PPP MPPE Compression module registered
[    0.550404] NET: Registered protocol family 24
[    0.551301] PPTP driver version 0.8.5
[    0.552470] usbcore: registered new interface driver usb-storage
[    0.554692] hidraw: raw HID events driver (C) Jiri Kosina
[    0.555912] usbcore: registered new interface driver usbhid
[    0.556754] usbhid: USB HID core driver
[    0.557945] Netfilter messages via NETLINK v0.30.
[    0.559147] nf_conntrack version 0.5.0 (3958 buckets, 15832 max)
[    0.561102] ctnetlink v0.93: registering with nfnetlink.
[    0.563009] ipip: IPv4 over IPv4 tunneling driver
[    0.565281] gre: GRE over IPv4 demultiplexor driver
[    0.566106] ip_gre: GRE over IPv4 tunneling driver
[    0.570808] ip_tables: (C) 2000-2006 Netfilter Core Team
[    0.572947] arp_tables: (C) 2002 David S. Miller
[    0.574551] Initializing XFRM netlink socket
[    0.575670] NET: Registered protocol family 10
[    0.581749] ip6_tables: (C) 2000-2006 Netfilter Core Team
[    0.583910] sit: IPv6 over IPv4 tunneling driver
[    0.587734] NET: Registered protocol family 17
[    0.588918] bridge: automatic filtering via arp/ip/ip6tables has been deprecated. Update your scripts to load br_netfilter if you need this.
[    0.591131] Bridge firewalling registered
[    0.591763] Ebtables v2.0 registered
[    0.593223] 8021q: 802.1Q VLAN Support v1.8
[    0.594365] Registering SWP/SWPB emulation handler
[    0.596711] hctosys: unable to open rtc device (rtc0)
[    0.605622] EXT4-fs (vda1): couldn't mount as ext3 due to feature incompatibilities
[    0.608766] EXT4-fs (vda1): mounting ext2 file system using the ext4 subsystem
[    0.618164] EXT4-fs (vda1): warning: mounting unchecked fs, running e2fsck is recommended
[    0.621889] EXT4-fs (vda1): mounted filesystem without journal. Opts: (null)
[    0.624040] VFS: Mounted root (ext2 filesystem) on device 254:1.
[    0.629542] Freeing unused kernel memory: 180K (c05c7000 - c05f4000)
[    0.632451] Starting init: /sbin/init exists but couldn't execute it (error -20)
[    0.638946] Starting init: /bin/init exists but couldn't execute it (error -20)
[    0.640258] firmadyne: do_execve: /firmadyne/console
[    0.641080] OFFSETS: offset of pid: 0x190 offset of comm: 0x270
[    0.642013] Starting init: /bin/sh exists but couldn't execute it (error -20)
[    0.643158] Kernel panic - not syncing: No working init found.  Try passing init= option to kernel. See Linux Documentation/init.txt for guidance.
[    0.645093] CPU: 0 PID: 1 Comm: swapper Tainted: G        W       4.1.17+ #1
[    0.646120] Hardware name: Generic DT based system
[    0.646877] [<c001c99c>] (unwind_backtrace) from [<c0019d30>] (show_stack+0x10/0x14)
[    0.648121] [<c0019d30>] (show_stack) from [<c0410b78>] (panic+0x70/0x1c8)
[    0.649146] [<c0410b78>] (panic) from [<c040f33c>] (kernel_init+0xb8/0xe4)
[    0.649798] [<c040f33c>] (kernel_init) from [<c0016da8>] (ret_from_fork+0x14/0x2c)
[    0.650578] ---[ end Kernel panic - not syncing: No working init found.  Try passing init= option to kernel. See Linux Documentation/init.txt for guidance.
