[    0.000000] Booting Linux on physical CPU 0x0
[    0.000000] Linux version 4.1.17+ (vagrant@vagrant-ubuntu-trusty-64) (gcc version 5.3.0 (GCC) ) #1 Thu Feb 18 01:05:21 UTC 2016
[    0.000000] CPU: ARMv7 Processor [412fc0f1] revision 1 (ARMv7), cr=10c5387d
[    0.000000] CPU: PIPT / VIPT nonaliasing data cache, PIPT instruction cache
[    0.000000] Machine model: linux,dummy-virt
[    0.000000] debug: ignoring loglevel setting.
[    0.000000] Memory policy: Data cache writeback
[    0.000000] On node 0 totalpages: 65536
[    0.000000] free_area_init_node: node 0, pgdat c061dfe8, node_mem_map cfdf9000
[    0.000000]   Normal zone: 512 pages used for memmap
[    0.000000]   Normal zone: 0 pages reserved
[    0.000000]   Normal zone: 65536 pages, LIFO batch:15
[    0.000000] CPU: All CPU(s) started in SVC mode.
[    0.000000] pcpu-alloc: s0 r0 d32768 u32768 alloc=1*32768
[    0.000000] pcpu-alloc: [0] 0 
[    0.000000] Built 1 zonelists in Zone order, mobility grouping on.  Total pages: 65024
[    0.000000] Kernel command line: root=/dev/vda1 console=ttyS0 nandsim.parts=64,64,64,64,64,64,64,64,64,64 rdinit=/firmadyne/preInit.sh rw debug ignore_loglevel print-fatal-signals=1 user_debug=31 firmadyne.syscall=0
[    0.000000] PID hash table entries: 1024 (order: 0, 4096 bytes)
[    0.000000] Dentry cache hash table entries: 32768 (order: 5, 131072 bytes)
[    0.000000] Inode-cache hash table entries: 16384 (order: 4, 65536 bytes)
[    0.000000] Memory: 253344K/262144K available (4297K kernel code, 170K rwdata, 1584K rodata, 180K init, 148K bss, 8800K reserved, 0K cma-reserved)
[    0.000000] Virtual kernel memory layout:
[    0.000000]     vector  : 0xffff0000 - 0xffff1000   (   4 kB)
[    0.000000]     fixmap  : 0xffc00000 - 0xfff00000   (3072 kB)
[    0.000000]     vmalloc : 0xd0800000 - 0xff000000   ( 744 MB)
[    0.000000]     lowmem  : 0xc0000000 - 0xd0000000   ( 256 MB)
[    0.000000]     modules : 0xbf000000 - 0xc0000000   (  16 MB)
[    0.000000]       .text : 0xc0008000 - 0xc05c67bc   (5882 kB)
[    0.000000]       .init : 0xc05c7000 - 0xc05f4000   ( 180 kB)
[    0.000000]       .data : 0xc05f4000 - 0xc061e840   ( 171 kB)
[    0.000000]        .bss : 0xc0621000 - 0xc06462d4   ( 149 kB)
[    0.000000] NR_IRQS:16 nr_irqs:16 16
[    0.000000] Architected cp15 timer(s) running at 62.50MHz (virt).
[    0.000000] clocksource arch_sys_counter: mask: 0xffffffffffffff max_cycles: 0x1cd42e208c, max_idle_ns: 881590405314 ns
[    0.000127] sched_clock: 56 bits at 62MHz, resolution 16ns, wraps every 4398046511096ns
[    0.000228] Switching to timer-based delay loop, resolution 16ns
[    0.002708] Console: colour dummy device 80x30
[    0.002968] Calibrating delay loop (skipped), value calculated using timer frequency.. 125.00 BogoMIPS (lpj=625000)
[    0.003068] pid_max: default: 32768 minimum: 301
[    0.003794] Mount-cache hash table entries: 1024 (order: 0, 4096 bytes)
[    0.003823] Mountpoint-cache hash table entries: 1024 (order: 0, 4096 bytes)
[    0.011228] CPU: Testing write buffer coherency: ok
[    0.016208] Setting up static identity map for 0x40008240 - 0x40008298
[    0.027938] VFP support v0.3: implementor 41 architecture 4 part 30 variant f rev 0
[    0.037786] clocksource jiffies: mask: 0xffffffff max_cycles: 0xffffffff, max_idle_ns: 19112604462750000 ns
[    0.045174] NET: Registered protocol family 16
[    0.047688] DMA: preallocated 256 KiB pool for atomic coherent allocations
[    0.050858] cpuidle: using governor ladder
[    0.050982] cpuidle: using governor menu
[    0.054009] genirq: Setting trigger mode 1 for irq 20 failed (gic_set_type+0x0/0x48)
[    0.055431] genirq: Setting trigger mode 1 for irq 21 failed (gic_set_type+0x0/0x48)
[    0.055685] genirq: Setting trigger mode 1 for irq 22 failed (gic_set_type+0x0/0x48)
[    0.055942] genirq: Setting trigger mode 1 for irq 23 failed (gic_set_type+0x0/0x48)
[    0.056200] genirq: Setting trigger mode 1 for irq 24 failed (gic_set_type+0x0/0x48)
[    0.056467] genirq: Setting trigger mode 1 for irq 25 failed (gic_set_type+0x0/0x48)
[    0.056704] genirq: Setting trigger mode 1 for irq 26 failed (gic_set_type+0x0/0x48)
[    0.056940] genirq: Setting trigger mode 1 for irq 27 failed (gic_set_type+0x0/0x48)
[    0.057270] genirq: Setting trigger mode 1 for irq 28 failed (gic_set_type+0x0/0x48)
[    0.057516] genirq: Setting trigger mode 1 for irq 29 failed (gic_set_type+0x0/0x48)
[    0.057745] genirq: Setting trigger mode 1 for irq 30 failed (gic_set_type+0x0/0x48)
[    0.057989] genirq: Setting trigger mode 1 for irq 31 failed (gic_set_type+0x0/0x48)
[    0.058219] genirq: Setting trigger mode 1 for irq 32 failed (gic_set_type+0x0/0x48)
[    0.058455] genirq: Setting trigger mode 1 for irq 33 failed (gic_set_type+0x0/0x48)
[    0.058693] genirq: Setting trigger mode 1 for irq 34 failed (gic_set_type+0x0/0x48)
[    0.058921] genirq: Setting trigger mode 1 for irq 35 failed (gic_set_type+0x0/0x48)
[    0.059154] genirq: Setting trigger mode 1 for irq 36 failed (gic_set_type+0x0/0x48)
[    0.059390] genirq: Setting trigger mode 1 for irq 37 failed (gic_set_type+0x0/0x48)
[    0.059664] genirq: Setting trigger mode 1 for irq 38 failed (gic_set_type+0x0/0x48)
[    0.059910] genirq: Setting trigger mode 1 for irq 39 failed (gic_set_type+0x0/0x48)
[    0.060146] genirq: Setting trigger mode 1 for irq 40 failed (gic_set_type+0x0/0x48)
[    0.060405] genirq: Setting trigger mode 1 for irq 41 failed (gic_set_type+0x0/0x48)
[    0.060658] genirq: Setting trigger mode 1 for irq 42 failed (gic_set_type+0x0/0x48)
[    0.060905] genirq: Setting trigger mode 1 for irq 43 failed (gic_set_type+0x0/0x48)
[    0.061158] genirq: Setting trigger mode 1 for irq 44 failed (gic_set_type+0x0/0x48)
[    0.061412] genirq: Setting trigger mode 1 for irq 45 failed (gic_set_type+0x0/0x48)
[    0.061652] genirq: Setting trigger mode 1 for irq 46 failed (gic_set_type+0x0/0x48)
[    0.061932] genirq: Setting trigger mode 1 for irq 47 failed (gic_set_type+0x0/0x48)
[    0.062182] genirq: Setting trigger mode 1 for irq 48 failed (gic_set_type+0x0/0x48)
[    0.062422] genirq: Setting trigger mode 1 for irq 49 failed (gic_set_type+0x0/0x48)
[    0.062669] genirq: Setting trigger mode 1 for irq 50 failed (gic_set_type+0x0/0x48)
[    0.062903] genirq: Setting trigger mode 1 for irq 51 failed (gic_set_type+0x0/0x48)
[    0.063524] genirq: Setting trigger mode 1 for irq 52 failed (gic_set_type+0x0/0x48)
[    0.066489] Serial: AMBA PL011 UART driver
[    0.068134] 9000000.pl011: ttyS0 at MMIO 0x9000000 (irq = 52, base_baud = 0) is a PL011 rev1
[    0.123642] console [ttyS0] enabled
[    0.142737] vgaarb: loaded
[    0.144492] SCSI subsystem initialized
[    0.146213] usbcore: registered new interface driver usbfs
[    0.147446] usbcore: registered new interface driver hub
[    0.148634] usbcore: registered new device driver usb
[    0.156802] cfg80211: Calling CRDA to update world regulatory domain
[    0.159802] Switched to clocksource arch_sys_counter
[    0.174830] NET: Registered protocol family 2
[    0.179860] TCP established hash table entries: 2048 (order: 1, 8192 bytes)
[    0.181241] TCP bind hash table entries: 2048 (order: 1, 8192 bytes)
[    0.182557] TCP: Hash tables configured (established 2048 bind 2048)
[    0.184388] UDP hash table entries: 256 (order: 0, 4096 bytes)
[    0.185589] UDP-Lite hash table entries: 256 (order: 0, 4096 bytes)
[    0.187828] NET: Registered protocol family 1
[    0.189023] PCI: CLS 0 bytes, default 64
[    0.195761] NetWinder Floating Point Emulator V0.97 (extended precision)
[    0.199000] futex hash table entries: 256 (order: -1, 3072 bytes)
[    0.204660] squashfs: version 4.0 (2009/01/31) Phillip Lougher
[    0.206904] jffs2: version 2.2. (NAND) Â© 2001-2006 Red Hat, Inc.
[    0.208651] romfs: ROMFS MTD (C) 2007 Red Hat, Inc.
[    0.216462] Block layer SCSI generic (bsg) driver version 0.4 loaded (major 253)
[    0.217952] io scheduler noop registered
[    0.218847] io scheduler cfq registered (default)
[    0.220483] firmadyne: devfs: 1, execute: 1, procfs: 1, syscall: 0
[    0.222609] ------------[ cut here ]------------
[    0.223494] WARNING: CPU: 0 PID: 1 at /home/vagrant/firmadyne-kernel/kernel-v4.1/fs/sysfs/dir.c:31 sysfs_warn_dup+0x50/0x6c()
[    0.225451] sysfs: cannot create duplicate filename '/class/gpio'
[    0.226541] Modules linked in:
[    0.227375] CPU: 0 PID: 1 Comm: swapper Not tainted 4.1.17+ #1
[    0.228409] Hardware name: Generic DT based system
[    0.230039] [<c001c99c>] (unwind_backtrace) from [<c0019d30>] (show_stack+0x10/0x14)
[    0.231556] [<c0019d30>] (show_stack) from [<c0024ab4>] (warn_slowpath_common+0x80/0xa8)
[    0.233000] [<c0024ab4>] (warn_slowpath_common) from [<c0024b08>] (warn_slowpath_fmt+0x2c/0x3c)
[    0.234591] [<c0024b08>] (warn_slowpath_fmt) from [<c00e363c>] (sysfs_warn_dup+0x50/0x6c)
[    0.236022] [<c00e363c>] (sysfs_warn_dup) from [<c00e3714>] (sysfs_create_dir_ns+0x74/0x84)
[    0.237362] [<c00e3714>] (sysfs_create_dir_ns) from [<c018e6ac>] (kobject_add_internal+0xb8/0x2ac)
[    0.238089] [<c018e6ac>] (kobject_add_internal) from [<c018e9a8>] (kset_register+0x1c/0x44)
[    0.238960] [<c018e9a8>] (kset_register) from [<c02090b4>] (__class_register+0xa8/0x198)
[    0.239997] [<c02090b4>] (__class_register) from [<c02091e4>] (__class_create+0x40/0x70)
[    0.241074] [<c02091e4>] (__class_create) from [<c01adf68>] (register_devfs_stubs+0x314/0xbb4)
[    0.241733] [<c01adf68>] (register_devfs_stubs) from [<c05d9b08>] (init_module+0x28/0xa4)
[    0.242681] [<c05d9b08>] (init_module) from [<c0009670>] (do_one_initcall+0x104/0x1b4)
[    0.243460] [<c0009670>] (do_one_initcall) from [<c05c7d08>] (kernel_init_freeable+0xf0/0x1b0)
[    0.244165] [<c05c7d08>] (kernel_init_freeable) from [<c040f28c>] (kernel_init+0x8/0xe4)
[    0.244911] [<c040f28c>] (kernel_init) from [<c0016da8>] (ret_from_fork+0x14/0x2c)
[    0.245695] ---[ end trace 864df84dd749065b ]---
[    0.246617] ------------[ cut here ]------------
[    0.247161] WARNING: CPU: 0 PID: 1 at /home/vagrant/firmadyne-kernel/kernel-v4.1/lib/kobject.c:240 kobject_add_internal+0x240/0x2ac()
[    0.248222] kobject_add_internal failed for gpio with -EEXIST, don't try to register things with the same name in the same directory.
[    0.249330] Modules linked in:
[    0.249862] CPU: 0 PID: 1 Comm: swapper Tainted: G        W       4.1.17+ #1
[    0.250940] Hardware name: Generic DT based system
[    0.251292] [<c001c99c>] (unwind_backtrace) from [<c0019d30>] (show_stack+0x10/0x14)
[    0.252142] [<c0019d30>] (show_stack) from [<c0024ab4>] (warn_slowpath_common+0x80/0xa8)
[    0.253039] [<c0024ab4>] (warn_slowpath_common) from [<c0024b08>] (warn_slowpath_fmt+0x2c/0x3c)
[    0.253783] [<c0024b08>] (warn_slowpath_fmt) from [<c018e834>] (kobject_add_internal+0x240/0x2ac)
[    0.254751] [<c018e834>] (kobject_add_internal) from [<c018e9a8>] (kset_register+0x1c/0x44)
[    0.255339] [<c018e9a8>] (kset_register) from [<c02090b4>] (__class_register+0xa8/0x198)
[    0.256179] [<c02090b4>] (__class_register) from [<c02091e4>] (__class_create+0x40/0x70)
[    0.256907] [<c02091e4>] (__class_create) from [<c01adf68>] (register_devfs_stubs+0x314/0xbb4)
[    0.257733] [<c01adf68>] (register_devfs_stubs) from [<c05d9b08>] (init_module+0x28/0xa4)
[    0.258321] [<c05d9b08>] (init_module) from [<c0009670>] (do_one_initcall+0x104/0x1b4)
[    0.259180] [<c0009670>] (do_one_initcall) from [<c05c7d08>] (kernel_init_freeable+0xf0/0x1b0)
[    0.260052] [<c05c7d08>] (kernel_init_freeable) from [<c040f28c>] (kernel_init+0x8/0xe4)
[    0.261085] [<c040f28c>] (kernel_init) from [<c0016da8>] (ret_from_fork+0x14/0x2c)
[    0.261863] ---[ end trace 864df84dd749065c ]---
[    0.262519] firmadyne: Cannot create device class: gpio!
[    0.264412] firmadyne: Cannot register character device: watchdog, 0xa, 0x82!
[    0.265753] firmadyne: Cannot register character device: wdt, 0xfd, 0x0!
[    0.361059] Non-volatile memory driver v1.3
[    0.380284] brd: module loaded
[    0.388529] loop: module loaded
[    0.397219]  vda: vda1
[    0.401821] [nandsim] warning: read_byte: unexpected data output cycle, state is STATE_READY return 0x0
[    0.403551] [nandsim] warning: read_byte: unexpected data output cycle, state is STATE_READY return 0x0
[    0.405188] [nandsim] warning: read_byte: unexpected data output cycle, state is STATE_READY return 0x0
[    0.406803] [nandsim] warning: read_byte: unexpected data output cycle, state is STATE_READY return 0x0
[    0.408426] [nandsim] warning: read_byte: unexpected data output cycle, state is STATE_READY return 0x0
[    0.410257] [nandsim] warning: read_byte: unexpected data output cycle, state is STATE_READY return 0x0
[    0.411386] nand: device found, Manufacturer ID: 0x98, Chip ID: 0x39
[    0.417355] nand: Toshiba NAND 128MiB 1,8V 8-bit
[    0.417948] nand: 128 MiB, SLC, erase size: 16 KiB, page size: 512, OOB size: 16
[    0.419112] flash size: 128 MiB
[    0.419208] page size: 512 bytes
[    0.419300] OOB area size: 16 bytes
[    0.419396] sector size: 16 KiB
[    0.419484] pages number: 262144
[    0.420349] pages per sector: 32
[    0.420954] bus width: 8
[    0.421407] bits in sector size: 14
[    0.422044] bits in page size: 9
[    0.422623] bits in OOB size: 4
[    0.423187] flash size with OOB: 135168 KiB
[    0.423918] page address bytes: 4
[    0.424541] sector address bytes: 3
[    0.425144] options: 0x42
[    0.429532] Scanning device for bad blocks
[    0.540597] Creating 11 MTD partitions on "NAND 128MiB 1,8V 8-bit":
[    0.542079] 0x000000000000-0x000000100000 : "NAND simulator partition 0"
[    0.546151] 0x000000100000-0x000000200000 : "NAND simulator partition 1"
[    0.548597] 0x000000200000-0x000000300000 : "NAND simulator partition 2"
[    0.551267] 0x000000300000-0x000000400000 : "NAND simulator partition 3"
[    0.553634] 0x000000400000-0x000000500000 : "NAND simulator partition 4"
[    0.556021] 0x000000500000-0x000000600000 : "NAND simulator partition 5"
[    0.558415] 0x000000600000-0x000000700000 : "NAND simulator partition 6"
[    0.561129] 0x000000700000-0x000000800000 : "NAND simulator partition 7"
[    0.563560] 0x000000800000-0x000000900000 : "NAND simulator partition 8"
[    0.566078] 0x000000900000-0x000000a00000 : "NAND simulator partition 9"
[    0.568476] 0x000000a00000-0x000008000000 : "NAND simulator partition 10"
[    0.573896] tun: Universal TUN/TAP device driver, 1.6
[    0.574833] tun: (C) 1999-2004 Max Krasnyansky <maxk@qualcomm.com>
[    0.590269] PPP generic driver version 2.4.2
[    0.591751] PPP BSD Compression module registered
[    0.592667] PPP Deflate Compression module registered
[    0.593699] PPP MPPE Compression module registered
[    0.594626] NET: Registered protocol family 24
[    0.595683] PPTP driver version 0.8.5
[    0.597029] usbcore: registered new interface driver usb-storage
[    0.599838] hidraw: raw HID events driver (C) Jiri Kosina
[    0.601274] usbcore: registered new interface driver usbhid
[    0.602276] usbhid: USB HID core driver
[    0.603417] Netfilter messages via NETLINK v0.30.
[    0.604805] nf_conntrack version 0.5.0 (3958 buckets, 15832 max)
[    0.607065] ctnetlink v0.93: registering with nfnetlink.
[    0.609257] ipip: IPv4 over IPv4 tunneling driver
[    0.612025] gre: GRE over IPv4 demultiplexor driver
[    0.613011] ip_gre: GRE over IPv4 tunneling driver
[    0.617806] ip_tables: (C) 2000-2006 Netfilter Core Team
[    0.620480] arp_tables: (C) 2002 David S. Miller
[    0.622315] Initializing XFRM netlink socket
[    0.623570] NET: Registered protocol family 10
[    0.630129] ip6_tables: (C) 2000-2006 Netfilter Core Team
[    0.632561] sit: IPv6 over IPv4 tunneling driver
[    0.636592] NET: Registered protocol family 17
[    0.637950] bridge: automatic filtering via arp/ip/ip6tables has been deprecated. Update your scripts to load br_netfilter if you need this.
[    0.640555] Bridge firewalling registered
[    0.641348] Ebtables v2.0 registered
[    0.643005] 8021q: 802.1Q VLAN Support v1.8
[    0.644337] Registering SWP/SWPB emulation handler
[    0.647023] hctosys: unable to open rtc device (rtc0)
[    0.656945] EXT4-fs (vda1): couldn't mount as ext3 due to feature incompatibilities
[    0.659777] EXT4-fs (vda1): mounting ext2 file system using the ext4 subsystem
[    0.669938] EXT4-fs (vda1): warning: mounting unchecked fs, running e2fsck is recommended
[    0.673897] EXT4-fs (vda1): mounted filesystem without journal. Opts: (null)
[    0.676075] VFS: Mounted root (ext2 filesystem) on device 254:1.
[    0.682001] Freeing unused kernel memory: 180K (c05c7000 - c05f4000)
[    0.685011] Starting init: /sbin/init exists but couldn't execute it (error -20)
[    0.691885] Starting init: /bin/init exists but couldn't execute it (error -20)
[    0.693263] firmadyne: do_execve: /firmadyne/console
[    0.694207] OFFSETS: offset of pid: 0x190 offset of comm: 0x270
[    0.695298] Starting init: /bin/sh exists but couldn't execute it (error -20)
[    0.696903] Kernel panic - not syncing: No working init found.  Try passing init= option to kernel. See Linux Documentation/init.txt for guidance.
[    0.699206] CPU: 0 PID: 1 Comm: swapper Tainted: G        W       4.1.17+ #1
[    0.700548] Hardware name: Generic DT based system
[    0.701458] [<c001c99c>] (unwind_backtrace) from [<c0019d30>] (show_stack+0x10/0x14)
[    0.702605] [<c0019d30>] (show_stack) from [<c0410b78>] (panic+0x70/0x1c8)
[    0.703344] [<c0410b78>] (panic) from [<c040f33c>] (kernel_init+0xb8/0xe4)
[    0.704081] [<c040f33c>] (kernel_init) from [<c0016da8>] (ret_from_fork+0x14/0x2c)
[    0.705062] ---[ end Kernel panic - not syncing: No working init found.  Try passing init= option to kernel. See Linux Documentation/init.txt for guidance.
