[    0.000000] Booting Linux on physical CPU 0x0
[    0.000000] Linux version 4.1.17+ (vagrant@vagrant-ubuntu-trusty-64) (gcc version 5.3.0 (GCC) ) #1 Thu Feb 18 01:05:21 UTC 2016
[    0.000000] CPU: ARMv7 Processor [412fc0f1] revision 1 (ARMv7), cr=10c5387d
[    0.000000] CPU: PIPT / VIPT nonaliasing data cache, PIPT instruction cache
[    0.000000] Machine model: linux,dummy-virt
[    0.000000] debug: ignoring loglevel setting.
[    0.000000] Memory policy: Data cache writeback
[    0.000000] On node 0 totalpages: 65536
[    0.000000] free_area_init_node: node 0, pgdat c061dfe8, node_mem_map cfdf9000
[    0.000000]   Normal zone: 512 pages used for memmap
[    0.000000]   Normal zone: 0 pages reserved
[    0.000000]   Normal zone: 65536 pages, LIFO batch:15
[    0.000000] CPU: All CPU(s) started in SVC mode.
[    0.000000] pcpu-alloc: s0 r0 d32768 u32768 alloc=1*32768
[    0.000000] pcpu-alloc: [0] 0 
[    0.000000] Built 1 zonelists in Zone order, mobility grouping on.  Total pages: 65024
[    0.000000] Kernel command line: root=/dev/vda1 console=ttyS0 nandsim.parts=64,64,64,64,64,64,64,64,64,64 rdinit=/firmadyne/preInit.sh rw debug ignore_loglevel print-fatal-signals=1 user_debug=31 firmadyne.syscall=0
[    0.000000] PID hash table entries: 1024 (order: 0, 4096 bytes)
[    0.000000] Dentry cache hash table entries: 32768 (order: 5, 131072 bytes)
[    0.000000] Inode-cache hash table entries: 16384 (order: 4, 65536 bytes)
[    0.000000] Memory: 253344K/262144K available (4297K kernel code, 170K rwdata, 1584K rodata, 180K init, 148K bss, 8800K reserved, 0K cma-reserved)
[    0.000000] Virtual kernel memory layout:
[    0.000000]     vector  : 0xffff0000 - 0xffff1000   (   4 kB)
[    0.000000]     fixmap  : 0xffc00000 - 0xfff00000   (3072 kB)
[    0.000000]     vmalloc : 0xd0800000 - 0xff000000   ( 744 MB)
[    0.000000]     lowmem  : 0xc0000000 - 0xd0000000   ( 256 MB)
[    0.000000]     modules : 0xbf000000 - 0xc0000000   (  16 MB)
[    0.000000]       .text : 0xc0008000 - 0xc05c67bc   (5882 kB)
[    0.000000]       .init : 0xc05c7000 - 0xc05f4000   ( 180 kB)
[    0.000000]       .data : 0xc05f4000 - 0xc061e840   ( 171 kB)
[    0.000000]        .bss : 0xc0621000 - 0xc06462d4   ( 149 kB)
[    0.000000] NR_IRQS:16 nr_irqs:16 16
[    0.000000] Architected cp15 timer(s) running at 62.50MHz (virt).
[    0.000000] clocksource arch_sys_counter: mask: 0xffffffffffffff max_cycles: 0x1cd42e208c, max_idle_ns: 881590405314 ns
[    0.000124] sched_clock: 56 bits at 62MHz, resolution 16ns, wraps every 4398046511096ns
[    0.000224] Switching to timer-based delay loop, resolution 16ns
[    0.002718] Console: colour dummy device 80x30
[    0.002989] Calibrating delay loop (skipped), value calculated using timer frequency.. 125.00 BogoMIPS (lpj=625000)
[    0.003091] pid_max: default: 32768 minimum: 301
[    0.003823] Mount-cache hash table entries: 1024 (order: 0, 4096 bytes)
[    0.003852] Mountpoint-cache hash table entries: 1024 (order: 0, 4096 bytes)
[    0.011262] CPU: Testing write buffer coherency: ok
[    0.016156] Setting up static identity map for 0x40008240 - 0x40008298
[    0.028332] VFP support v0.3: implementor 41 architecture 4 part 30 variant f rev 0
[    0.038181] clocksource jiffies: mask: 0xffffffff max_cycles: 0xffffffff, max_idle_ns: 19112604462750000 ns
[    0.045726] NET: Registered protocol family 16
[    0.048202] DMA: preallocated 256 KiB pool for atomic coherent allocations
[    0.051379] cpuidle: using governor ladder
[    0.051503] cpuidle: using governor menu
[    0.054529] genirq: Setting trigger mode 1 for irq 20 failed (gic_set_type+0x0/0x48)
[    0.055956] genirq: Setting trigger mode 1 for irq 21 failed (gic_set_type+0x0/0x48)
[    0.056210] genirq: Setting trigger mode 1 for irq 22 failed (gic_set_type+0x0/0x48)
[    0.056466] genirq: Setting trigger mode 1 for irq 23 failed (gic_set_type+0x0/0x48)
[    0.056723] genirq: Setting trigger mode 1 for irq 24 failed (gic_set_type+0x0/0x48)
[    0.056990] genirq: Setting trigger mode 1 for irq 25 failed (gic_set_type+0x0/0x48)
[    0.057225] genirq: Setting trigger mode 1 for irq 26 failed (gic_set_type+0x0/0x48)
[    0.057462] genirq: Setting trigger mode 1 for irq 27 failed (gic_set_type+0x0/0x48)
[    0.057794] genirq: Setting trigger mode 1 for irq 28 failed (gic_set_type+0x0/0x48)
[    0.058040] genirq: Setting trigger mode 1 for irq 29 failed (gic_set_type+0x0/0x48)
[    0.058270] genirq: Setting trigger mode 1 for irq 30 failed (gic_set_type+0x0/0x48)
[    0.058514] genirq: Setting trigger mode 1 for irq 31 failed (gic_set_type+0x0/0x48)
[    0.058742] genirq: Setting trigger mode 1 for irq 32 failed (gic_set_type+0x0/0x48)
[    0.058988] genirq: Setting trigger mode 1 for irq 33 failed (gic_set_type+0x0/0x48)
[    0.059215] genirq: Setting trigger mode 1 for irq 34 failed (gic_set_type+0x0/0x48)
[    0.059440] genirq: Setting trigger mode 1 for irq 35 failed (gic_set_type+0x0/0x48)
[    0.059672] genirq: Setting trigger mode 1 for irq 36 failed (gic_set_type+0x0/0x48)
[    0.059909] genirq: Setting trigger mode 1 for irq 37 failed (gic_set_type+0x0/0x48)
[    0.060182] genirq: Setting trigger mode 1 for irq 38 failed (gic_set_type+0x0/0x48)
[    0.060427] genirq: Setting trigger mode 1 for irq 39 failed (gic_set_type+0x0/0x48)
[    0.060661] genirq: Setting trigger mode 1 for irq 40 failed (gic_set_type+0x0/0x48)
[    0.060922] genirq: Setting trigger mode 1 for irq 41 failed (gic_set_type+0x0/0x48)
[    0.061173] genirq: Setting trigger mode 1 for irq 42 failed (gic_set_type+0x0/0x48)
[    0.061419] genirq: Setting trigger mode 1 for irq 43 failed (gic_set_type+0x0/0x48)
[    0.061672] genirq: Setting trigger mode 1 for irq 44 failed (gic_set_type+0x0/0x48)
[    0.061927] genirq: Setting trigger mode 1 for irq 45 failed (gic_set_type+0x0/0x48)
[    0.062167] genirq: Setting trigger mode 1 for irq 46 failed (gic_set_type+0x0/0x48)
[    0.062447] genirq: Setting trigger mode 1 for irq 47 failed (gic_set_type+0x0/0x48)
[    0.062694] genirq: Setting trigger mode 1 for irq 48 failed (gic_set_type+0x0/0x48)
[    0.063032] genirq: Setting trigger mode 1 for irq 49 failed (gic_set_type+0x0/0x48)
[    0.063394] genirq: Setting trigger mode 1 for irq 50 failed (gic_set_type+0x0/0x48)
[    0.063638] genirq: Setting trigger mode 1 for irq 51 failed (gic_set_type+0x0/0x48)
[    0.064048] genirq: Setting trigger mode 1 for irq 52 failed (gic_set_type+0x0/0x48)
[    0.067078] Serial: AMBA PL011 UART driver
[    0.068722] 9000000.pl011: ttyS0 at MMIO 0x9000000 (irq = 52, base_baud = 0) is a PL011 rev1
[    0.125211] console [ttyS0] enabled
[    0.144496] vgaarb: loaded
[    0.146254] SCSI subsystem initialized
[    0.148041] usbcore: registered new interface driver usbfs
[    0.149275] usbcore: registered new interface driver hub
[    0.150467] usbcore: registered new device driver usb
[    0.158656] cfg80211: Calling CRDA to update world regulatory domain
[    0.161708] Switched to clocksource arch_sys_counter
[    0.176695] NET: Registered protocol family 2
[    0.186808] TCP established hash table entries: 2048 (order: 1, 8192 bytes)
[    0.188313] TCP bind hash table entries: 2048 (order: 1, 8192 bytes)
[    0.189699] TCP: Hash tables configured (established 2048 bind 2048)
[    0.191312] UDP hash table entries: 256 (order: 0, 4096 bytes)
[    0.192734] UDP-Lite hash table entries: 256 (order: 0, 4096 bytes)
[    0.195076] NET: Registered protocol family 1
[    0.196307] PCI: CLS 0 bytes, default 64
[    0.203054] NetWinder Floating Point Emulator V0.97 (extended precision)
[    0.206415] futex hash table entries: 256 (order: -1, 3072 bytes)
[    0.212230] squashfs: version 4.0 (2009/01/31) Phillip Lougher
[    0.214473] jffs2: version 2.2. (NAND) Â© 2001-2006 Red Hat, Inc.
[    0.216247] romfs: ROMFS MTD (C) 2007 Red Hat, Inc.
[    0.224168] Block layer SCSI generic (bsg) driver version 0.4 loaded (major 253)
[    0.225670] io scheduler noop registered
[    0.226531] io scheduler cfq registered (default)
[    0.227964] firmadyne: devfs: 1, execute: 1, procfs: 1, syscall: 0
[    0.230178] ------------[ cut here ]------------
[    0.231091] WARNING: CPU: 0 PID: 1 at /home/vagrant/firmadyne-kernel/kernel-v4.1/fs/sysfs/dir.c:31 sysfs_warn_dup+0x50/0x6c()
[    0.233393] sysfs: cannot create duplicate filename '/class/gpio'
[    0.234511] Modules linked in:
[    0.235365] CPU: 0 PID: 1 Comm: swapper Not tainted 4.1.17+ #1
[    0.236421] Hardware name: Generic DT based system
[    0.237917] [<c001c99c>] (unwind_backtrace) from [<c0019d30>] (show_stack+0x10/0x14)
[    0.239439] [<c0019d30>] (show_stack) from [<c0024ab4>] (warn_slowpath_common+0x80/0xa8)
[    0.241008] [<c0024ab4>] (warn_slowpath_common) from [<c0024b08>] (warn_slowpath_fmt+0x2c/0x3c)
[    0.242845] [<c0024b08>] (warn_slowpath_fmt) from [<c00e363c>] (sysfs_warn_dup+0x50/0x6c)
[    0.244333] [<c00e363c>] (sysfs_warn_dup) from [<c00e3714>] (sysfs_create_dir_ns+0x74/0x84)
[    0.245852] [<c00e3714>] (sysfs_create_dir_ns) from [<c018e6ac>] (kobject_add_internal+0xb8/0x2ac)
[    0.246589] [<c018e6ac>] (kobject_add_internal) from [<c018e9a8>] (kset_register+0x1c/0x44)
[    0.247405] [<c018e9a8>] (kset_register) from [<c02090b4>] (__class_register+0xa8/0x198)
[    0.248195] [<c02090b4>] (__class_register) from [<c02091e4>] (__class_create+0x40/0x70)
[    0.248991] [<c02091e4>] (__class_create) from [<c01adf68>] (register_devfs_stubs+0x314/0xbb4)
[    0.249817] [<c01adf68>] (register_devfs_stubs) from [<c05d9b08>] (init_module+0x28/0xa4)
[    0.250593] [<c05d9b08>] (init_module) from [<c0009670>] (do_one_initcall+0x104/0x1b4)
[    0.251511] [<c0009670>] (do_one_initcall) from [<c05c7d08>] (kernel_init_freeable+0xf0/0x1b0)
[    0.252497] [<c05c7d08>] (kernel_init_freeable) from [<c040f28c>] (kernel_init+0x8/0xe4)
[    0.253309] [<c040f28c>] (kernel_init) from [<c0016da8>] (ret_from_fork+0x14/0x2c)
[    0.254133] ---[ end trace bc046c4a63f96a1d ]---
[    0.255030] ------------[ cut here ]------------
[    0.255601] WARNING: CPU: 0 PID: 1 at /home/vagrant/firmadyne-kernel/kernel-v4.1/lib/kobject.c:240 kobject_add_internal+0x240/0x2ac()
[    0.256644] kobject_add_internal failed for gpio with -EEXIST, don't try to register things with the same name in the same directory.
[    0.257555] Modules linked in:
[    0.257943] CPU: 0 PID: 1 Comm: swapper Tainted: G        W       4.1.17+ #1
[    0.258644] Hardware name: Generic DT based system
[    0.259257] [<c001c99c>] (unwind_backtrace) from [<c0019d30>] (show_stack+0x10/0x14)
[    0.260041] [<c0019d30>] (show_stack) from [<c0024ab4>] (warn_slowpath_common+0x80/0xa8)
[    0.260693] [<c0024ab4>] (warn_slowpath_common) from [<c0024b08>] (warn_slowpath_fmt+0x2c/0x3c)
[    0.261907] [<c0024b08>] (warn_slowpath_fmt) from [<c018e834>] (kobject_add_internal+0x240/0x2ac)
[    0.262789] [<c018e834>] (kobject_add_internal) from [<c018e9a8>] (kset_register+0x1c/0x44)
[    0.263531] [<c018e9a8>] (kset_register) from [<c02090b4>] (__class_register+0xa8/0x198)
[    0.264405] [<c02090b4>] (__class_register) from [<c02091e4>] (__class_create+0x40/0x70)
[    0.265006] [<c02091e4>] (__class_create) from [<c01adf68>] (register_devfs_stubs+0x314/0xbb4)
[    0.265932] [<c01adf68>] (register_devfs_stubs) from [<c05d9b08>] (init_module+0x28/0xa4)
[    0.266638] [<c05d9b08>] (init_module) from [<c0009670>] (do_one_initcall+0x104/0x1b4)
[    0.267422] [<c0009670>] (do_one_initcall) from [<c05c7d08>] (kernel_init_freeable+0xf0/0x1b0)
[    0.268270] [<c05c7d08>] (kernel_init_freeable) from [<c040f28c>] (kernel_init+0x8/0xe4)
[    0.269000] [<c040f28c>] (kernel_init) from [<c0016da8>] (ret_from_fork+0x14/0x2c)
[    0.269568] ---[ end trace bc046c4a63f96a1e ]---
[    0.270258] firmadyne: Cannot create device class: gpio!
[    0.272561] firmadyne: Cannot register character device: watchdog, 0xa, 0x82!
[    0.273919] firmadyne: Cannot register character device: wdt, 0xfd, 0x0!
[    0.370074] Non-volatile memory driver v1.3
[    0.390211] brd: module loaded
[    0.398707] loop: module loaded
[    0.409908]  vda: vda1
[    0.414525] [nandsim] warning: read_byte: unexpected data output cycle, state is STATE_READY return 0x0
[    0.416285] [nandsim] warning: read_byte: unexpected data output cycle, state is STATE_READY return 0x0
[    0.417941] [nandsim] warning: read_byte: unexpected data output cycle, state is STATE_READY return 0x0
[    0.419614] [nandsim] warning: read_byte: unexpected data output cycle, state is STATE_READY return 0x0
[    0.421254] [nandsim] warning: read_byte: unexpected data output cycle, state is STATE_READY return 0x0
[    0.422918] [nandsim] warning: read_byte: unexpected data output cycle, state is STATE_READY return 0x0
[    0.424170] nand: device found, Manufacturer ID: 0x98, Chip ID: 0x39
[    0.425365] nand: Toshiba NAND 128MiB 1,8V 8-bit
[    0.425655] nand: 128 MiB, SLC, erase size: 16 KiB, page size: 512, OOB size: 16
[    0.427234] flash size: 128 MiB
[    0.427851] page size: 512 bytes
[    0.428429] OOB area size: 16 bytes
[    0.429134] sector size: 16 KiB
[    0.429698] pages number: 262144
[    0.430272] pages per sector: 32
[    0.430825] bus width: 8
[    0.431117] bits in sector size: 14
[    0.431270] bits in page size: 9
[    0.432069] bits in OOB size: 4
[    0.432577] flash size with OOB: 135168 KiB
[    0.432938] page address bytes: 4
[    0.433319] sector address bytes: 3
[    0.433696] options: 0x42
[    0.438907] Scanning device for bad blocks
[    0.555132] Creating 11 MTD partitions on "NAND 128MiB 1,8V 8-bit":
[    0.556646] 0x000000000000-0x000000100000 : "NAND simulator partition 0"
[    0.560579] 0x000000100000-0x000000200000 : "NAND simulator partition 1"
[    0.563273] 0x000000200000-0x000000300000 : "NAND simulator partition 2"
[    0.565716] 0x000000300000-0x000000400000 : "NAND simulator partition 3"
[    0.568124] 0x000000400000-0x000000500000 : "NAND simulator partition 4"
[    0.570519] 0x000000500000-0x000000600000 : "NAND simulator partition 5"
[    0.573181] 0x000000600000-0x000000700000 : "NAND simulator partition 6"
[    0.575678] 0x000000700000-0x000000800000 : "NAND simulator partition 7"
[    0.578113] 0x000000800000-0x000000900000 : "NAND simulator partition 8"
[    0.580640] 0x000000900000-0x000000a00000 : "NAND simulator partition 9"
[    0.583256] 0x000000a00000-0x000008000000 : "NAND simulator partition 10"
[    0.588472] tun: Universal TUN/TAP device driver, 1.6
[    0.589450] tun: (C) 1999-2004 Max Krasnyansky <maxk@qualcomm.com>
[    0.608493] PPP generic driver version 2.4.2
[    0.609987] PPP BSD Compression module registered
[    0.610905] PPP Deflate Compression module registered
[    0.612237] PPP MPPE Compression module registered
[    0.613175] NET: Registered protocol family 24
[    0.614185] PPTP driver version 0.8.5
[    0.615524] usbcore: registered new interface driver usb-storage
[    0.618053] hidraw: raw HID events driver (C) Jiri Kosina
[    0.619503] usbcore: registered new interface driver usbhid
[    0.620525] usbhid: USB HID core driver
[    0.621849] Netfilter messages via NETLINK v0.30.
[    0.623269] nf_conntrack version 0.5.0 (3958 buckets, 15832 max)
[    0.625507] ctnetlink v0.93: registering with nfnetlink.
[    0.627723] ipip: IPv4 over IPv4 tunneling driver
[    0.630263] gre: GRE over IPv4 demultiplexor driver
[    0.631262] ip_gre: GRE over IPv4 tunneling driver
[    0.636244] ip_tables: (C) 2000-2006 Netfilter Core Team
[    0.638681] arp_tables: (C) 2002 David S. Miller
[    0.640515] Initializing XFRM netlink socket
[    0.642042] NET: Registered protocol family 10
[    0.648388] ip6_tables: (C) 2000-2006 Netfilter Core Team
[    0.650813] sit: IPv6 over IPv4 tunneling driver
[    0.655034] NET: Registered protocol family 17
[    0.656393] bridge: automatic filtering via arp/ip/ip6tables has been deprecated. Update your scripts to load br_netfilter if you need this.
[    0.658722] Bridge firewalling registered
[    0.659588] Ebtables v2.0 registered
[    0.661217] 8021q: 802.1Q VLAN Support v1.8
[    0.662766] Registering SWP/SWPB emulation handler
[    0.665428] hctosys: unable to open rtc device (rtc0)
[    0.675169] EXT4-fs (vda1): couldn't mount as ext3 due to feature incompatibilities
[    0.683088] EXT4-fs (vda1): mounting ext2 file system using the ext4 subsystem
[    0.692931] EXT4-fs (vda1): warning: mounting unchecked fs, running e2fsck is recommended
[    0.699608] EXT4-fs (vda1): mounted filesystem without journal. Opts: (null)
[    0.702289] VFS: Mounted root (ext2 filesystem) on device 254:1.
[    0.708023] Freeing unused kernel memory: 180K (c05c7000 - c05f4000)
[    0.711040] Starting init: /sbin/init exists but couldn't execute it (error -20)
[    0.717949] Starting init: /bin/init exists but couldn't execute it (error -20)
[    0.719343] firmadyne: do_execve: /firmadyne/console
[    0.720292] OFFSETS: offset of pid: 0x190 offset of comm: 0x270
[    0.721679] Starting init: /bin/sh exists but couldn't execute it (error -20)
[    0.723044] Kernel panic - not syncing: No working init found.  Try passing init= option to kernel. See Linux Documentation/init.txt for guidance.
[    0.725383] CPU: 0 PID: 1 Comm: swapper Tainted: G        W       4.1.17+ #1
[    0.726624] Hardware name: Generic DT based system
[    0.727547] [<c001c99c>] (unwind_backtrace) from [<c0019d30>] (show_stack+0x10/0x14)
[    0.728626] [<c0019d30>] (show_stack) from [<c0410b78>] (panic+0x70/0x1c8)
[    0.729176] [<c0410b78>] (panic) from [<c040f33c>] (kernel_init+0xb8/0xe4)
[    0.729880] [<c040f33c>] (kernel_init) from [<c0016da8>] (ret_from_fork+0x14/0x2c)
[    0.730958] ---[ end Kernel panic - not syncing: No working init found.  Try passing init= option to kernel. See Linux Documentation/init.txt for guidance.
