[    0.000000] Booting Linux on physical CPU 0x0
[    0.000000] Linux version 4.1.17+ (vagrant@vagrant-ubuntu-trusty-64) (gcc version 5.3.0 (GCC) ) #1 Thu Feb 18 01:05:21 UTC 2016
[    0.000000] CPU: ARMv7 Processor [412fc0f1] revision 1 (ARMv7), cr=10c5387d
[    0.000000] CPU: PIPT / VIPT nonaliasing data cache, PIPT instruction cache
[    0.000000] Machine model: linux,dummy-virt
[    0.000000] debug: ignoring loglevel setting.
[    0.000000] Memory policy: Data cache writeback
[    0.000000] On node 0 totalpages: 65536
[    0.000000] free_area_init_node: node 0, pgdat c061dfe8, node_mem_map cfdf9000
[    0.000000]   Normal zone: 512 pages used for memmap
[    0.000000]   Normal zone: 0 pages reserved
[    0.000000]   Normal zone: 65536 pages, LIFO batch:15
[    0.000000] CPU: All CPU(s) started in SVC mode.
[    0.000000] pcpu-alloc: s0 r0 d32768 u32768 alloc=1*32768
[    0.000000] pcpu-alloc: [0] 0 
[    0.000000] Built 1 zonelists in Zone order, mobility grouping on.  Total pages: 65024
[    0.000000] Kernel command line: firmadyne.syscall=1 root=/dev/vda1 console=ttyS0 nandsim.parts=64,64,64,64,64,64,64,64,64,64 rdinit=/firmadyne/preInit.sh rw debug ignore_loglevel print-fatal-signals=1 user_debug=31
[    0.000000] PID hash table entries: 1024 (order: 0, 4096 bytes)
[    0.000000] Dentry cache hash table entries: 32768 (order: 5, 131072 bytes)
[    0.000000] Inode-cache hash table entries: 16384 (order: 4, 65536 bytes)
[    0.000000] Memory: 253344K/262144K available (4297K kernel code, 170K rwdata, 1584K rodata, 180K init, 148K bss, 8800K reserved, 0K cma-reserved)
[    0.000000] Virtual kernel memory layout:
[    0.000000]     vector  : 0xffff0000 - 0xffff1000   (   4 kB)
[    0.000000]     fixmap  : 0xffc00000 - 0xfff00000   (3072 kB)
[    0.000000]     vmalloc : 0xd0800000 - 0xff000000   ( 744 MB)
[    0.000000]     lowmem  : 0xc0000000 - 0xd0000000   ( 256 MB)
[    0.000000]     modules : 0xbf000000 - 0xc0000000   (  16 MB)
[    0.000000]       .text : 0xc0008000 - 0xc05c67bc   (5882 kB)
[    0.000000]       .init : 0xc05c7000 - 0xc05f4000   ( 180 kB)
[    0.000000]       .data : 0xc05f4000 - 0xc061e840   ( 171 kB)
[    0.000000]        .bss : 0xc0621000 - 0xc06462d4   ( 149 kB)
[    0.000000] NR_IRQS:16 nr_irqs:16 16
[    0.000000] Architected cp15 timer(s) running at 62.50MHz (virt).
[    0.000000] clocksource arch_sys_counter: mask: 0xffffffffffffff max_cycles: 0x1cd42e208c, max_idle_ns: 881590405314 ns
[    0.000134] sched_clock: 56 bits at 62MHz, resolution 16ns, wraps every 4398046511096ns
[    0.000239] Switching to timer-based delay loop, resolution 16ns
[    0.002820] Console: colour dummy device 80x30
[    0.003102] Calibrating delay loop (skipped), value calculated using timer frequency.. 125.00 BogoMIPS (lpj=625000)
[    0.003214] pid_max: default: 32768 minimum: 301
[    0.004024] Mount-cache hash table entries: 1024 (order: 0, 4096 bytes)
[    0.004054] Mountpoint-cache hash table entries: 1024 (order: 0, 4096 bytes)
[    0.012017] CPU: Testing write buffer coherency: ok
[    0.016954] Setting up static identity map for 0x40008240 - 0x40008298
[    0.028884] VFP support v0.3: implementor 41 architecture 4 part 30 variant f rev 0
[    0.038780] clocksource jiffies: mask: 0xffffffff max_cycles: 0xffffffff, max_idle_ns: 19112604462750000 ns
[    0.046211] NET: Registered protocol family 16
[    0.048692] DMA: preallocated 256 KiB pool for atomic coherent allocations
[    0.052366] cpuidle: using governor ladder
[    0.052551] cpuidle: using governor menu
[    0.057050] genirq: Setting trigger mode 1 for irq 20 failed (gic_set_type+0x0/0x48)
[    0.059070] genirq: Setting trigger mode 1 for irq 21 failed (gic_set_type+0x0/0x48)
[    0.059427] genirq: Setting trigger mode 1 for irq 22 failed (gic_set_type+0x0/0x48)
[    0.059782] genirq: Setting trigger mode 1 for irq 23 failed (gic_set_type+0x0/0x48)
[    0.060154] genirq: Setting trigger mode 1 for irq 24 failed (gic_set_type+0x0/0x48)
[    0.060491] genirq: Setting trigger mode 1 for irq 25 failed (gic_set_type+0x0/0x48)
[    0.060846] genirq: Setting trigger mode 1 for irq 26 failed (gic_set_type+0x0/0x48)
[    0.061240] genirq: Setting trigger mode 1 for irq 27 failed (gic_set_type+0x0/0x48)
[    0.061785] genirq: Setting trigger mode 1 for irq 28 failed (gic_set_type+0x0/0x48)
[    0.062227] genirq: Setting trigger mode 1 for irq 29 failed (gic_set_type+0x0/0x48)
[    0.062613] genirq: Setting trigger mode 1 for irq 30 failed (gic_set_type+0x0/0x48)
[    0.063152] genirq: Setting trigger mode 1 for irq 31 failed (gic_set_type+0x0/0x48)
[    0.063701] genirq: Setting trigger mode 1 for irq 32 failed (gic_set_type+0x0/0x48)
[    0.064108] genirq: Setting trigger mode 1 for irq 33 failed (gic_set_type+0x0/0x48)
[    0.064484] genirq: Setting trigger mode 1 for irq 34 failed (gic_set_type+0x0/0x48)
[    0.064856] genirq: Setting trigger mode 1 for irq 35 failed (gic_set_type+0x0/0x48)
[    0.065235] genirq: Setting trigger mode 1 for irq 36 failed (gic_set_type+0x0/0x48)
[    0.065621] genirq: Setting trigger mode 1 for irq 37 failed (gic_set_type+0x0/0x48)
[    0.066106] genirq: Setting trigger mode 1 for irq 38 failed (gic_set_type+0x0/0x48)
[    0.066523] genirq: Setting trigger mode 1 for irq 39 failed (gic_set_type+0x0/0x48)
[    0.066920] genirq: Setting trigger mode 1 for irq 40 failed (gic_set_type+0x0/0x48)
[    0.067318] genirq: Setting trigger mode 1 for irq 41 failed (gic_set_type+0x0/0x48)
[    0.067724] genirq: Setting trigger mode 1 for irq 42 failed (gic_set_type+0x0/0x48)
[    0.068146] genirq: Setting trigger mode 1 for irq 43 failed (gic_set_type+0x0/0x48)
[    0.068560] genirq: Setting trigger mode 1 for irq 44 failed (gic_set_type+0x0/0x48)
[    0.068998] genirq: Setting trigger mode 1 for irq 45 failed (gic_set_type+0x0/0x48)
[    0.069265] genirq: Setting trigger mode 1 for irq 46 failed (gic_set_type+0x0/0x48)
[    0.069560] genirq: Setting trigger mode 1 for irq 47 failed (gic_set_type+0x0/0x48)
[    0.069833] genirq: Setting trigger mode 1 for irq 48 failed (gic_set_type+0x0/0x48)
[    0.070086] genirq: Setting trigger mode 1 for irq 49 failed (gic_set_type+0x0/0x48)
[    0.070324] genirq: Setting trigger mode 1 for irq 50 failed (gic_set_type+0x0/0x48)
[    0.070561] genirq: Setting trigger mode 1 for irq 51 failed (gic_set_type+0x0/0x48)
[    0.070974] genirq: Setting trigger mode 1 for irq 52 failed (gic_set_type+0x0/0x48)
[    0.074214] Serial: AMBA PL011 UART driver
[    0.075880] 9000000.pl011: ttyS0 at MMIO 0x9000000 (irq = 52, base_baud = 0) is a PL011 rev1
[    0.097260] console [ttyS0] enabled
[    0.116522] vgaarb: loaded
[    0.117722] SCSI subsystem initialized
[    0.118594] usbcore: registered new interface driver usbfs
[    0.118955] usbcore: registered new interface driver hub
[    0.119297] usbcore: registered new device driver usb
[    0.126713] cfg80211: Calling CRDA to update world regulatory domain
[    0.128688] Switched to clocksource arch_sys_counter
[    0.142855] NET: Registered protocol family 2
[    0.146802] TCP established hash table entries: 2048 (order: 1, 8192 bytes)
[    0.147142] TCP bind hash table entries: 2048 (order: 1, 8192 bytes)
[    0.147512] TCP: Hash tables configured (established 2048 bind 2048)
[    0.148042] UDP hash table entries: 256 (order: 0, 4096 bytes)
[    0.148734] UDP-Lite hash table entries: 256 (order: 0, 4096 bytes)
[    0.150004] NET: Registered protocol family 1
[    0.150435] PCI: CLS 0 bytes, default 64
[    0.156276] NetWinder Floating Point Emulator V0.97 (extended precision)
[    0.158507] futex hash table entries: 256 (order: -1, 3072 bytes)
[    0.162999] squashfs: version 4.0 (2009/01/31) Phillip Lougher
[    0.163965] jffs2: version 2.2. (NAND) Â© 2001-2006 Red Hat, Inc.
[    0.164722] romfs: ROMFS MTD (C) 2007 Red Hat, Inc.
[    0.171975] Block layer SCSI generic (bsg) driver version 0.4 loaded (major 253)
[    0.172352] io scheduler noop registered
[    0.172603] io scheduler cfq registered (default)
[    0.173225] firmadyne: devfs: 1, execute: 1, procfs: 1, syscall: 1
[    0.174356] ------------[ cut here ]------------
[    0.174560] WARNING: CPU: 0 PID: 1 at /home/vagrant/firmadyne-kernel/kernel-v4.1/fs/sysfs/dir.c:31 sysfs_warn_dup+0x50/0x6c()
[    0.174953] sysfs: cannot create duplicate filename '/class/gpio'
[    0.175192] Modules linked in:
[    0.175495] CPU: 0 PID: 1 Comm: swapper Not tainted 4.1.17+ #1
[    0.175712] Hardware name: Generic DT based system
[    0.176377] [<c001c99c>] (unwind_backtrace) from [<c0019d30>] (show_stack+0x10/0x14)
[    0.176740] [<c0019d30>] (show_stack) from [<c0024ab4>] (warn_slowpath_common+0x80/0xa8)
[    0.177051] [<c0024ab4>] (warn_slowpath_common) from [<c0024b08>] (warn_slowpath_fmt+0x2c/0x3c)
[    0.177405] [<c0024b08>] (warn_slowpath_fmt) from [<c00e363c>] (sysfs_warn_dup+0x50/0x6c)
[    0.177700] [<c00e363c>] (sysfs_warn_dup) from [<c00e3714>] (sysfs_create_dir_ns+0x74/0x84)
[    0.178012] [<c00e3714>] (sysfs_create_dir_ns) from [<c018e6ac>] (kobject_add_internal+0xb8/0x2ac)
[    0.178330] [<c018e6ac>] (kobject_add_internal) from [<c018e9a8>] (kset_register+0x1c/0x44)
[    0.178841] [<c018e9a8>] (kset_register) from [<c02090b4>] (__class_register+0xa8/0x198)
[    0.179141] [<c02090b4>] (__class_register) from [<c02091e4>] (__class_create+0x40/0x70)
[    0.179437] [<c02091e4>] (__class_create) from [<c01adf68>] (register_devfs_stubs+0x314/0xbb4)
[    0.179751] [<c01adf68>] (register_devfs_stubs) from [<c05d9b08>] (init_module+0x28/0xa4)
[    0.180086] [<c05d9b08>] (init_module) from [<c0009670>] (do_one_initcall+0x104/0x1b4)
[    0.180379] [<c0009670>] (do_one_initcall) from [<c05c7d08>] (kernel_init_freeable+0xf0/0x1b0)
[    0.180692] [<c05c7d08>] (kernel_init_freeable) from [<c040f28c>] (kernel_init+0x8/0xe4)
[    0.180981] [<c040f28c>] (kernel_init) from [<c0016da8>] (ret_from_fork+0x14/0x2c)
[    0.181313] ---[ end trace 6dbe963efd6fdac9 ]---
[    0.181552] ------------[ cut here ]------------
[    0.181732] WARNING: CPU: 0 PID: 1 at /home/vagrant/firmadyne-kernel/kernel-v4.1/lib/kobject.c:240 kobject_add_internal+0x240/0x2ac()
[    0.182150] kobject_add_internal failed for gpio with -EEXIST, don't try to register things with the same name in the same directory.
[    0.182552] Modules linked in:
[    0.182728] CPU: 0 PID: 1 Comm: swapper Tainted: G        W       4.1.17+ #1
[    0.182972] Hardware name: Generic DT based system
[    0.183161] [<c001c99c>] (unwind_backtrace) from [<c0019d30>] (show_stack+0x10/0x14)
[    0.183444] [<c0019d30>] (show_stack) from [<c0024ab4>] (warn_slowpath_common+0x80/0xa8)
[    0.183740] [<c0024ab4>] (warn_slowpath_common) from [<c0024b08>] (warn_slowpath_fmt+0x2c/0x3c)
[    0.184061] [<c0024b08>] (warn_slowpath_fmt) from [<c018e834>] (kobject_add_internal+0x240/0x2ac)
[    0.184378] [<c018e834>] (kobject_add_internal) from [<c018e9a8>] (kset_register+0x1c/0x44)
[    0.184678] [<c018e9a8>] (kset_register) from [<c02090b4>] (__class_register+0xa8/0x198)
[    0.184968] [<c02090b4>] (__class_register) from [<c02091e4>] (__class_create+0x40/0x70)
[    0.185260] [<c02091e4>] (__class_create) from [<c01adf68>] (register_devfs_stubs+0x314/0xbb4)
[    0.185570] [<c01adf68>] (register_devfs_stubs) from [<c05d9b08>] (init_module+0x28/0xa4)
[    0.185874] [<c05d9b08>] (init_module) from [<c0009670>] (do_one_initcall+0x104/0x1b4)
[    0.186161] [<c0009670>] (do_one_initcall) from [<c05c7d08>] (kernel_init_freeable+0xf0/0x1b0)
[    0.186468] [<c05c7d08>] (kernel_init_freeable) from [<c040f28c>] (kernel_init+0x8/0xe4)
[    0.186755] [<c040f28c>] (kernel_init) from [<c0016da8>] (ret_from_fork+0x14/0x2c)
[    0.187028] ---[ end trace 6dbe963efd6fdaca ]---
[    0.187280] firmadyne: Cannot create device class: gpio!
[    0.188912] firmadyne: Cannot register character device: watchdog, 0xa, 0x82!
[    0.189193] firmadyne: Cannot register character device: wdt, 0xfd, 0x0!
[    0.284494] Non-volatile memory driver v1.3
[    0.304410] brd: module loaded
[    0.313273] loop: module loaded
[    0.322172]  vda: vda1
[    0.326003] [nandsim] warning: read_byte: unexpected data output cycle, state is STATE_READY return 0x0
[    0.326358] [nandsim] warning: read_byte: unexpected data output cycle, state is STATE_READY return 0x0
[    0.326680] [nandsim] warning: read_byte: unexpected data output cycle, state is STATE_READY return 0x0
[    0.326999] [nandsim] warning: read_byte: unexpected data output cycle, state is STATE_READY return 0x0
[    0.327317] [nandsim] warning: read_byte: unexpected data output cycle, state is STATE_READY return 0x0
[    0.327634] [nandsim] warning: read_byte: unexpected data output cycle, state is STATE_READY return 0x0
[    0.328168] nand: device found, Manufacturer ID: 0x98, Chip ID: 0x39
[    0.328603] nand: Toshiba NAND 128MiB 1,8V 8-bit
[    0.328803] nand: 128 MiB, SLC, erase size: 16 KiB, page size: 512, OOB size: 16
[    0.329678] flash size: 128 MiB
[    0.329817] page size: 512 bytes
[    0.329942] OOB area size: 16 bytes
[    0.330076] sector size: 16 KiB
[    0.330196] pages number: 262144
[    0.330318] pages per sector: 32
[    0.330439] bus width: 8
[    0.330539] bits in sector size: 14
[    0.330669] bits in page size: 9
[    0.330794] bits in OOB size: 4
[    0.330917] flash size with OOB: 135168 KiB
[    0.331070] page address bytes: 4
[    0.331195] sector address bytes: 3
[    0.331326] options: 0x42
[    0.335994] Scanning device for bad blocks
[    0.457060] Creating 11 MTD partitions on "NAND 128MiB 1,8V 8-bit":
[    0.457537] 0x000000000000-0x000000100000 : "NAND simulator partition 0"
[    0.461113] 0x000000100000-0x000000200000 : "NAND simulator partition 1"
[    0.463133] 0x000000200000-0x000000300000 : "NAND simulator partition 2"
[    0.464899] 0x000000300000-0x000000400000 : "NAND simulator partition 3"
[    0.466208] 0x000000400000-0x000000500000 : "NAND simulator partition 4"
[    0.467456] 0x000000500000-0x000000600000 : "NAND simulator partition 5"
[    0.469019] 0x000000600000-0x000000700000 : "NAND simulator partition 6"
[    0.470349] 0x000000700000-0x000000800000 : "NAND simulator partition 7"
[    0.471736] 0x000000800000-0x000000900000 : "NAND simulator partition 8"
[    0.473161] 0x000000900000-0x000000a00000 : "NAND simulator partition 9"
[    0.474471] 0x000000a00000-0x000008000000 : "NAND simulator partition 10"
[    0.478836] tun: Universal TUN/TAP device driver, 1.6
[    0.479036] tun: (C) 1999-2004 Max Krasnyansky <maxk@qualcomm.com>
[    0.500150] PPP generic driver version 2.4.2
[    0.500838] PPP BSD Compression module registered
[    0.501059] PPP Deflate Compression module registered
[    0.501331] PPP MPPE Compression module registered
[    0.501542] NET: Registered protocol family 24
[    0.501902] PPTP driver version 0.8.5
[    0.502583] usbcore: registered new interface driver usb-storage
[    0.504115] hidraw: raw HID events driver (C) Jiri Kosina
[    0.504620] usbcore: registered new interface driver usbhid
[    0.504828] usbhid: USB HID core driver
[    0.505270] Netfilter messages via NETLINK v0.30.
[    0.505882] nf_conntrack version 0.5.0 (3958 buckets, 15832 max)
[    0.507132] ctnetlink v0.93: registering with nfnetlink.
[    0.508638] ipip: IPv4 over IPv4 tunneling driver
[    0.510469] gre: GRE over IPv4 demultiplexor driver
[    0.510694] ip_gre: GRE over IPv4 tunneling driver
[    0.514711] ip_tables: (C) 2000-2006 Netfilter Core Team
[    0.516211] arp_tables: (C) 2002 David S. Miller
[    0.517218] Initializing XFRM netlink socket
[    0.517709] NET: Registered protocol family 10
[    0.523606] ip6_tables: (C) 2000-2006 Netfilter Core Team
[    0.525067] sit: IPv6 over IPv4 tunneling driver
[    0.528302] NET: Registered protocol family 17
[    0.529093] bridge: automatic filtering via arp/ip/ip6tables has been deprecated. Update your scripts to load br_netfilter if you need this.
[    0.529606] Bridge firewalling registered
[    0.529844] Ebtables v2.0 registered
[    0.530843] 8021q: 802.1Q VLAN Support v1.8
[    0.531435] Registering SWP/SWPB emulation handler
[    0.533261] hctosys: unable to open rtc device (rtc0)
[    0.542864] EXT4-fs (vda1): couldn't mount as ext3 due to feature incompatibilities
[    0.544267] EXT4-fs (vda1): mounting ext2 file system using the ext4 subsystem
[    0.555172] EXT4-fs (vda1): mounted filesystem without journal. Opts: (null)
[    0.556209] VFS: Mounted root (ext2 filesystem) on device 254:1.
[    0.561097] Freeing unused kernel memory: 180K (c05c7000 - c05f4000)
[    0.563012] Starting init: /sbin/init exists but couldn't execute it (error -20)
[    0.568359] Starting init: /bin/init exists but couldn't execute it (error -20)
[    0.568845] firmadyne: do_execve: /firmadyne/console
[    0.569080] OFFSETS: offset of pid: 0x190 offset of comm: 0x270
[    0.569332] Starting init: /bin/sh exists but couldn't execute it (error -20)
[    0.569643] Kernel panic - not syncing: No working init found.  Try passing init= option to kernel. See Linux Documentation/init.txt for guidance.
[    0.570130] CPU: 0 PID: 1 Comm: swapper Tainted: G        W       4.1.17+ #1
[    0.570376] Hardware name: Generic DT based system
[    0.570588] [<c001c99c>] (unwind_backtrace) from [<c0019d30>] (show_stack+0x10/0x14)
[    0.570876] [<c0019d30>] (show_stack) from [<c0410b78>] (panic+0x70/0x1c8)
[    0.571133] [<c0410b78>] (panic) from [<c040f33c>] (kernel_init+0xb8/0xe4)
[    0.571384] [<c040f33c>] (kernel_init) from [<c0016da8>] (ret_from_fork+0x14/0x2c)
[    0.571821] ---[ end Kernel panic - not syncing: No working init found.  Try passing init= option to kernel. See Linux Documentation/init.txt for guidance.
