[    0.000000] Booting Linux on physical CPU 0x0
[    0.000000] Linux version 4.1.17+ (vagrant@vagrant-ubuntu-trusty-64) (gcc version 5.3.0 (GCC) ) #1 Thu Feb 18 01:05:21 UTC 2016
[    0.000000] CPU: ARMv7 Processor [412fc0f1] revision 1 (ARMv7), cr=10c5387d
[    0.000000] CPU: PIPT / VIPT nonaliasing data cache, PIPT instruction cache
[    0.000000] Machine model: linux,dummy-virt
[    0.000000] debug: ignoring loglevel setting.
[    0.000000] Memory policy: Data cache writeback
[    0.000000] On node 0 totalpages: 65536
[    0.000000] free_area_init_node: node 0, pgdat c061dfe8, node_mem_map cfdf9000
[    0.000000]   Normal zone: 512 pages used for memmap
[    0.000000]   Normal zone: 0 pages reserved
[    0.000000]   Normal zone: 65536 pages, LIFO batch:15
[    0.000000] CPU: All CPU(s) started in SVC mode.
[    0.000000] pcpu-alloc: s0 r0 d32768 u32768 alloc=1*32768
[    0.000000] pcpu-alloc: [0] 0 
[    0.000000] Built 1 zonelists in Zone order, mobility grouping on.  Total pages: 65024
[    0.000000] Kernel command line: root=/dev/vda1 console=ttyS0 nandsim.parts=64,64,64,64,64,64,64,64,64,64 rdinit=/firmadyne/preInit.sh rw debug ignore_loglevel print-fatal-signals=1 user_debug=31 firmadyne.syscall=0
[    0.000000] PID hash table entries: 1024 (order: 0, 4096 bytes)
[    0.000000] Dentry cache hash table entries: 32768 (order: 5, 131072 bytes)
[    0.000000] Inode-cache hash table entries: 16384 (order: 4, 65536 bytes)
[    0.000000] Memory: 253344K/262144K available (4297K kernel code, 170K rwdata, 1584K rodata, 180K init, 148K bss, 8800K reserved, 0K cma-reserved)
[    0.000000] Virtual kernel memory layout:
[    0.000000]     vector  : 0xffff0000 - 0xffff1000   (   4 kB)
[    0.000000]     fixmap  : 0xffc00000 - 0xfff00000   (3072 kB)
[    0.000000]     vmalloc : 0xd0800000 - 0xff000000   ( 744 MB)
[    0.000000]     lowmem  : 0xc0000000 - 0xd0000000   ( 256 MB)
[    0.000000]     modules : 0xbf000000 - 0xc0000000   (  16 MB)
[    0.000000]       .text : 0xc0008000 - 0xc05c67bc   (5882 kB)
[    0.000000]       .init : 0xc05c7000 - 0xc05f4000   ( 180 kB)
[    0.000000]       .data : 0xc05f4000 - 0xc061e840   ( 171 kB)
[    0.000000]        .bss : 0xc0621000 - 0xc06462d4   ( 149 kB)
[    0.000000] NR_IRQS:16 nr_irqs:16 16
[    0.000000] Architected cp15 timer(s) running at 62.50MHz (virt).
[    0.000000] clocksource arch_sys_counter: mask: 0xffffffffffffff max_cycles: 0x1cd42e208c, max_idle_ns: 881590405314 ns
[    0.000129] sched_clock: 56 bits at 62MHz, resolution 16ns, wraps every 4398046511096ns
[    0.000231] Switching to timer-based delay loop, resolution 16ns
[    0.002766] Console: colour dummy device 80x30
[    0.003031] Calibrating delay loop (skipped), value calculated using timer frequency.. 125.00 BogoMIPS (lpj=625000)
[    0.003140] pid_max: default: 32768 minimum: 301
[    0.003885] Mount-cache hash table entries: 1024 (order: 0, 4096 bytes)
[    0.003914] Mountpoint-cache hash table entries: 1024 (order: 0, 4096 bytes)
[    0.011368] CPU: Testing write buffer coherency: ok
[    0.016313] Setting up static identity map for 0x40008240 - 0x40008298
[    0.028435] VFP support v0.3: implementor 41 architecture 4 part 30 variant f rev 0
[    0.038358] clocksource jiffies: mask: 0xffffffff max_cycles: 0xffffffff, max_idle_ns: 19112604462750000 ns
[    0.045594] NET: Registered protocol family 16
[    0.047999] DMA: preallocated 256 KiB pool for atomic coherent allocations
[    0.050906] cpuidle: using governor ladder
[    0.051032] cpuidle: using governor menu
[    0.053773] genirq: Setting trigger mode 1 for irq 20 failed (gic_set_type+0x0/0x48)
[    0.055200] genirq: Setting trigger mode 1 for irq 21 failed (gic_set_type+0x0/0x48)
[    0.055456] genirq: Setting trigger mode 1 for irq 22 failed (gic_set_type+0x0/0x48)
[    0.055718] genirq: Setting trigger mode 1 for irq 23 failed (gic_set_type+0x0/0x48)
[    0.055940] genirq: Setting trigger mode 1 for irq 24 failed (gic_set_type+0x0/0x48)
[    0.056150] genirq: Setting trigger mode 1 for irq 25 failed (gic_set_type+0x0/0x48)
[    0.056351] genirq: Setting trigger mode 1 for irq 26 failed (gic_set_type+0x0/0x48)
[    0.056553] genirq: Setting trigger mode 1 for irq 27 failed (gic_set_type+0x0/0x48)
[    0.056836] genirq: Setting trigger mode 1 for irq 28 failed (gic_set_type+0x0/0x48)
[    0.057050] genirq: Setting trigger mode 1 for irq 29 failed (gic_set_type+0x0/0x48)
[    0.057270] genirq: Setting trigger mode 1 for irq 30 failed (gic_set_type+0x0/0x48)
[    0.057486] genirq: Setting trigger mode 1 for irq 31 failed (gic_set_type+0x0/0x48)
[    0.057684] genirq: Setting trigger mode 1 for irq 32 failed (gic_set_type+0x0/0x48)
[    0.057888] genirq: Setting trigger mode 1 for irq 33 failed (gic_set_type+0x0/0x48)
[    0.058127] genirq: Setting trigger mode 1 for irq 34 failed (gic_set_type+0x0/0x48)
[    0.058355] genirq: Setting trigger mode 1 for irq 35 failed (gic_set_type+0x0/0x48)
[    0.058590] genirq: Setting trigger mode 1 for irq 36 failed (gic_set_type+0x0/0x48)
[    0.058828] genirq: Setting trigger mode 1 for irq 37 failed (gic_set_type+0x0/0x48)
[    0.059104] genirq: Setting trigger mode 1 for irq 38 failed (gic_set_type+0x0/0x48)
[    0.059349] genirq: Setting trigger mode 1 for irq 39 failed (gic_set_type+0x0/0x48)
[    0.059585] genirq: Setting trigger mode 1 for irq 40 failed (gic_set_type+0x0/0x48)
[    0.059817] genirq: Setting trigger mode 1 for irq 41 failed (gic_set_type+0x0/0x48)
[    0.060030] genirq: Setting trigger mode 1 for irq 42 failed (gic_set_type+0x0/0x48)
[    0.060243] genirq: Setting trigger mode 1 for irq 43 failed (gic_set_type+0x0/0x48)
[    0.060462] genirq: Setting trigger mode 1 for irq 44 failed (gic_set_type+0x0/0x48)
[    0.060682] genirq: Setting trigger mode 1 for irq 45 failed (gic_set_type+0x0/0x48)
[    0.060889] genirq: Setting trigger mode 1 for irq 46 failed (gic_set_type+0x0/0x48)
[    0.061130] genirq: Setting trigger mode 1 for irq 47 failed (gic_set_type+0x0/0x48)
[    0.061369] genirq: Setting trigger mode 1 for irq 48 failed (gic_set_type+0x0/0x48)
[    0.061578] genirq: Setting trigger mode 1 for irq 49 failed (gic_set_type+0x0/0x48)
[    0.061782] genirq: Setting trigger mode 1 for irq 50 failed (gic_set_type+0x0/0x48)
[    0.061991] genirq: Setting trigger mode 1 for irq 51 failed (gic_set_type+0x0/0x48)
[    0.062345] genirq: Setting trigger mode 1 for irq 52 failed (gic_set_type+0x0/0x48)
[    0.065309] Serial: AMBA PL011 UART driver
[    0.066905] 9000000.pl011: ttyS0 at MMIO 0x9000000 (irq = 52, base_baud = 0) is a PL011 rev1
[    0.118520] console [ttyS0] enabled
[    0.136998] vgaarb: loaded
[    0.138563] SCSI subsystem initialized
[    0.139908] usbcore: registered new interface driver usbfs
[    0.140936] usbcore: registered new interface driver hub
[    0.141933] usbcore: registered new device driver usb
[    0.149492] cfg80211: Calling CRDA to update world regulatory domain
[    0.152367] Switched to clocksource arch_sys_counter
[    0.166135] NET: Registered protocol family 2
[    0.170615] TCP established hash table entries: 2048 (order: 1, 8192 bytes)
[    0.171883] TCP bind hash table entries: 2048 (order: 1, 8192 bytes)
[    0.173301] TCP: Hash tables configured (established 2048 bind 2048)
[    0.174630] UDP hash table entries: 256 (order: 0, 4096 bytes)
[    0.175620] UDP-Lite hash table entries: 256 (order: 0, 4096 bytes)
[    0.177551] NET: Registered protocol family 1
[    0.178680] PCI: CLS 0 bytes, default 64
[    0.184559] NetWinder Floating Point Emulator V0.97 (extended precision)
[    0.187815] futex hash table entries: 256 (order: -1, 3072 bytes)
[    0.193973] squashfs: version 4.0 (2009/01/31) Phillip Lougher
[    0.196188] jffs2: version 2.2. (NAND) Â© 2001-2006 Red Hat, Inc.
[    0.197830] romfs: ROMFS MTD (C) 2007 Red Hat, Inc.
[    0.205250] Block layer SCSI generic (bsg) driver version 0.4 loaded (major 253)
[    0.206512] io scheduler noop registered
[    0.207221] io scheduler cfq registered (default)
[    0.208407] firmadyne: devfs: 1, execute: 1, procfs: 1, syscall: 0
[    0.210310] ------------[ cut here ]------------
[    0.211203] WARNING: CPU: 0 PID: 1 at /home/vagrant/firmadyne-kernel/kernel-v4.1/fs/sysfs/dir.c:31 sysfs_warn_dup+0x50/0x6c()
[    0.213089] sysfs: cannot create duplicate filename '/class/gpio'
[    0.214063] Modules linked in:
[    0.214750] CPU: 0 PID: 1 Comm: swapper Not tainted 4.1.17+ #1
[    0.215624] Hardware name: Generic DT based system
[    0.216851] [<c001c99c>] (unwind_backtrace) from [<c0019d30>] (show_stack+0x10/0x14)
[    0.218187] [<c0019d30>] (show_stack) from [<c0024ab4>] (warn_slowpath_common+0x80/0xa8)
[    0.219631] [<c0024ab4>] (warn_slowpath_common) from [<c0024b08>] (warn_slowpath_fmt+0x2c/0x3c)
[    0.221046] [<c0024b08>] (warn_slowpath_fmt) from [<c00e363c>] (sysfs_warn_dup+0x50/0x6c)
[    0.222552] [<c00e363c>] (sysfs_warn_dup) from [<c00e3714>] (sysfs_create_dir_ns+0x74/0x84)
[    0.224093] [<c00e3714>] (sysfs_create_dir_ns) from [<c018e6ac>] (kobject_add_internal+0xb8/0x2ac)
[    0.225259] [<c018e6ac>] (kobject_add_internal) from [<c018e9a8>] (kset_register+0x1c/0x44)
[    0.225943] [<c018e9a8>] (kset_register) from [<c02090b4>] (__class_register+0xa8/0x198)
[    0.226763] [<c02090b4>] (__class_register) from [<c02091e4>] (__class_create+0x40/0x70)
[    0.227480] [<c02091e4>] (__class_create) from [<c01adf68>] (register_devfs_stubs+0x314/0xbb4)
[    0.228103] [<c01adf68>] (register_devfs_stubs) from [<c05d9b08>] (init_module+0x28/0xa4)
[    0.228825] [<c05d9b08>] (init_module) from [<c0009670>] (do_one_initcall+0x104/0x1b4)
[    0.229600] [<c0009670>] (do_one_initcall) from [<c05c7d08>] (kernel_init_freeable+0xf0/0x1b0)
[    0.230353] [<c05c7d08>] (kernel_init_freeable) from [<c040f28c>] (kernel_init+0x8/0xe4)
[    0.231109] [<c040f28c>] (kernel_init) from [<c0016da8>] (ret_from_fork+0x14/0x2c)
[    0.231852] ---[ end trace 05249b3c13f9019c ]---
[    0.232720] ------------[ cut here ]------------
[    0.233421] WARNING: CPU: 0 PID: 1 at /home/vagrant/firmadyne-kernel/kernel-v4.1/lib/kobject.c:240 kobject_add_internal+0x240/0x2ac()
[    0.234454] kobject_add_internal failed for gpio with -EEXIST, don't try to register things with the same name in the same directory.
[    0.235422] Modules linked in:
[    0.235894] CPU: 0 PID: 1 Comm: swapper Tainted: G        W       4.1.17+ #1
[    0.236343] Hardware name: Generic DT based system
[    0.236843] [<c001c99c>] (unwind_backtrace) from [<c0019d30>] (show_stack+0x10/0x14)
[    0.237404] [<c0019d30>] (show_stack) from [<c0024ab4>] (warn_slowpath_common+0x80/0xa8)
[    0.238131] [<c0024ab4>] (warn_slowpath_common) from [<c0024b08>] (warn_slowpath_fmt+0x2c/0x3c)
[    0.239189] [<c0024b08>] (warn_slowpath_fmt) from [<c018e834>] (kobject_add_internal+0x240/0x2ac)
[    0.239924] [<c018e834>] (kobject_add_internal) from [<c018e9a8>] (kset_register+0x1c/0x44)
[    0.240565] [<c018e9a8>] (kset_register) from [<c02090b4>] (__class_register+0xa8/0x198)
[    0.241226] [<c02090b4>] (__class_register) from [<c02091e4>] (__class_create+0x40/0x70)
[    0.241916] [<c02091e4>] (__class_create) from [<c01adf68>] (register_devfs_stubs+0x314/0xbb4)
[    0.243014] [<c01adf68>] (register_devfs_stubs) from [<c05d9b08>] (init_module+0x28/0xa4)
[    0.243769] [<c05d9b08>] (init_module) from [<c0009670>] (do_one_initcall+0x104/0x1b4)
[    0.244643] [<c0009670>] (do_one_initcall) from [<c05c7d08>] (kernel_init_freeable+0xf0/0x1b0)
[    0.245417] [<c05c7d08>] (kernel_init_freeable) from [<c040f28c>] (kernel_init+0x8/0xe4)
[    0.246099] [<c040f28c>] (kernel_init) from [<c0016da8>] (ret_from_fork+0x14/0x2c)
[    0.246793] ---[ end trace 05249b3c13f9019d ]---
[    0.247276] firmadyne: Cannot create device class: gpio!
[    0.248943] firmadyne: Cannot register character device: watchdog, 0xa, 0x82!
[    0.250204] firmadyne: Cannot register character device: wdt, 0xfd, 0x0!
[    0.337826] Non-volatile memory driver v1.3
[    0.356678] brd: module loaded
[    0.364663] loop: module loaded
[    0.372728]  vda: vda1
[    0.376576] [nandsim] warning: read_byte: unexpected data output cycle, state is STATE_READY return 0x0
[    0.378157] [nandsim] warning: read_byte: unexpected data output cycle, state is STATE_READY return 0x0
[    0.379532] [nandsim] warning: read_byte: unexpected data output cycle, state is STATE_READY return 0x0
[    0.380896] [nandsim] warning: read_byte: unexpected data output cycle, state is STATE_READY return 0x0
[    0.382582] [nandsim] warning: read_byte: unexpected data output cycle, state is STATE_READY return 0x0
[    0.384218] [nandsim] warning: read_byte: unexpected data output cycle, state is STATE_READY return 0x0
[    0.385572] nand: device found, Manufacturer ID: 0x98, Chip ID: 0x39
[    0.386667] nand: Toshiba NAND 128MiB 1,8V 8-bit
[    0.387113] nand: 128 MiB, SLC, erase size: 16 KiB, page size: 512, OOB size: 16
[    0.388480] flash size: 128 MiB
[    0.388970] page size: 512 bytes
[    0.389474] OOB area size: 16 bytes
[    0.390005] sector size: 16 KiB
[    0.390560] pages number: 262144
[    0.391132] pages per sector: 32
[    0.391509] bus width: 8
[    0.391823] bits in sector size: 14
[    0.392387] bits in page size: 9
[    0.392921] bits in OOB size: 4
[    0.393293] flash size with OOB: 135168 KiB
[    0.393654] page address bytes: 4
[    0.394002] sector address bytes: 3
[    0.394472] options: 0x42
[    0.399363] Scanning device for bad blocks
[    0.502019] Creating 11 MTD partitions on "NAND 128MiB 1,8V 8-bit":
[    0.503764] 0x000000000000-0x000000100000 : "NAND simulator partition 0"
[    0.507381] 0x000000100000-0x000000200000 : "NAND simulator partition 1"
[    0.509510] 0x000000200000-0x000000300000 : "NAND simulator partition 2"
[    0.511864] 0x000000300000-0x000000400000 : "NAND simulator partition 3"
[    0.514134] 0x000000400000-0x000000500000 : "NAND simulator partition 4"
[    0.516387] 0x000000500000-0x000000600000 : "NAND simulator partition 5"
[    0.518568] 0x000000600000-0x000000700000 : "NAND simulator partition 6"
[    0.520978] 0x000000700000-0x000000800000 : "NAND simulator partition 7"
[    0.523463] 0x000000800000-0x000000900000 : "NAND simulator partition 8"
[    0.525899] 0x000000900000-0x000000a00000 : "NAND simulator partition 9"
[    0.528254] 0x000000a00000-0x000008000000 : "NAND simulator partition 10"
[    0.533660] tun: Universal TUN/TAP device driver, 1.6
[    0.534577] tun: (C) 1999-2004 Max Krasnyansky <maxk@qualcomm.com>
[    0.548842] PPP generic driver version 2.4.2
[    0.550098] PPP BSD Compression module registered
[    0.551013] PPP Deflate Compression module registered
[    0.552012] PPP MPPE Compression module registered
[    0.552965] NET: Registered protocol family 24
[    0.553908] PPTP driver version 0.8.5
[    0.555243] usbcore: registered new interface driver usb-storage
[    0.557549] hidraw: raw HID events driver (C) Jiri Kosina
[    0.558902] usbcore: registered new interface driver usbhid
[    0.559801] usbhid: USB HID core driver
[    0.560776] Netfilter messages via NETLINK v0.30.
[    0.562461] nf_conntrack version 0.5.0 (3958 buckets, 15832 max)
[    0.565700] ctnetlink v0.93: registering with nfnetlink.
[    0.567888] ipip: IPv4 over IPv4 tunneling driver
[    0.570145] gre: GRE over IPv4 demultiplexor driver
[    0.570968] ip_gre: GRE over IPv4 tunneling driver
[    0.575357] ip_tables: (C) 2000-2006 Netfilter Core Team
[    0.577469] arp_tables: (C) 2002 David S. Miller
[    0.579214] Initializing XFRM netlink socket
[    0.580357] NET: Registered protocol family 10
[    0.586523] ip6_tables: (C) 2000-2006 Netfilter Core Team
[    0.588807] sit: IPv6 over IPv4 tunneling driver
[    0.592665] NET: Registered protocol family 17
[    0.593891] bridge: automatic filtering via arp/ip/ip6tables has been deprecated. Update your scripts to load br_netfilter if you need this.
[    0.596060] Bridge firewalling registered
[    0.596730] Ebtables v2.0 registered
[    0.598215] 8021q: 802.1Q VLAN Support v1.8
[    0.599528] Registering SWP/SWPB emulation handler
[    0.601970] hctosys: unable to open rtc device (rtc0)
[    0.611687] EXT4-fs (vda1): couldn't mount as ext3 due to feature incompatibilities
[    0.614709] EXT4-fs (vda1): mounting ext2 file system using the ext4 subsystem
[    0.624004] EXT4-fs (vda1): warning: mounting unchecked fs, running e2fsck is recommended
[    0.627742] EXT4-fs (vda1): mounted filesystem without journal. Opts: (null)
[    0.629586] VFS: Mounted root (ext2 filesystem) on device 254:1.
[    0.635383] Freeing unused kernel memory: 180K (c05c7000 - c05f4000)
[    0.642880] Starting init: /sbin/init exists but couldn't execute it (error -13)
[    0.653622] firmadyne: do_execve: /firmadyne/console
[    0.654651] OFFSETS: offset of pid: 0x190 offset of comm: 0x270
[    0.655809] Starting init: /bin/sh exists but couldn't execute it (error -13)
[    0.656963] Kernel panic - not syncing: No working init found.  Try passing init= option to kernel. See Linux Documentation/init.txt for guidance.
[    0.659119] CPU: 0 PID: 1 Comm: swapper Tainted: G        W       4.1.17+ #1
[    0.660321] Hardware name: Generic DT based system
[    0.661162] [<c001c99c>] (unwind_backtrace) from [<c0019d30>] (show_stack+0x10/0x14)
[    0.662538] [<c0019d30>] (show_stack) from [<c0410b78>] (panic+0x70/0x1c8)
[    0.663787] [<c0410b78>] (panic) from [<c040f33c>] (kernel_init+0xb8/0xe4)
[    0.664780] [<c040f33c>] (kernel_init) from [<c0016da8>] (ret_from_fork+0x14/0x2c)
[    0.665396] ---[ end Kernel panic - not syncing: No working init found.  Try passing init= option to kernel. See Linux Documentation/init.txt for guidance.
