[    0.000000] Booting Linux on physical CPU 0x0
[    0.000000] Linux version 4.1.17+ (vagrant@vagrant-ubuntu-trusty-64) (gcc version 5.3.0 (GCC) ) #1 Thu Feb 18 01:05:21 UTC 2016
[    0.000000] CPU: ARMv7 Processor [412fc0f1] revision 1 (ARMv7), cr=10c5387d
[    0.000000] CPU: PIPT / VIPT nonaliasing data cache, PIPT instruction cache
[    0.000000] Machine model: linux,dummy-virt
[    0.000000] debug: ignoring loglevel setting.
[    0.000000] Memory policy: Data cache writeback
[    0.000000] On node 0 totalpages: 65536
[    0.000000] free_area_init_node: node 0, pgdat c061dfe8, node_mem_map cfdf9000
[    0.000000]   Normal zone: 512 pages used for memmap
[    0.000000]   Normal zone: 0 pages reserved
[    0.000000]   Normal zone: 65536 pages, LIFO batch:15
[    0.000000] CPU: All CPU(s) started in SVC mode.
[    0.000000] pcpu-alloc: s0 r0 d32768 u32768 alloc=1*32768
[    0.000000] pcpu-alloc: [0] 0 
[    0.000000] Built 1 zonelists in Zone order, mobility grouping on.  Total pages: 65024
[    0.000000] Kernel command line: firmadyne.syscall=1 root=/dev/vda1 console=ttyS0 nandsim.parts=64,64,64,64,64,64,64,64,64,64 rdinit=/firmadyne/preInit.sh rw debug ignore_loglevel print-fatal-signals=1 user_debug=31
[    0.000000] PID hash table entries: 1024 (order: 0, 4096 bytes)
[    0.000000] Dentry cache hash table entries: 32768 (order: 5, 131072 bytes)
[    0.000000] Inode-cache hash table entries: 16384 (order: 4, 65536 bytes)
[    0.000000] Memory: 253344K/262144K available (4297K kernel code, 170K rwdata, 1584K rodata, 180K init, 148K bss, 8800K reserved, 0K cma-reserved)
[    0.000000] Virtual kernel memory layout:
[    0.000000]     vector  : 0xffff0000 - 0xffff1000   (   4 kB)
[    0.000000]     fixmap  : 0xffc00000 - 0xfff00000   (3072 kB)
[    0.000000]     vmalloc : 0xd0800000 - 0xff000000   ( 744 MB)
[    0.000000]     lowmem  : 0xc0000000 - 0xd0000000   ( 256 MB)
[    0.000000]     modules : 0xbf000000 - 0xc0000000   (  16 MB)
[    0.000000]       .text : 0xc0008000 - 0xc05c67bc   (5882 kB)
[    0.000000]       .init : 0xc05c7000 - 0xc05f4000   ( 180 kB)
[    0.000000]       .data : 0xc05f4000 - 0xc061e840   ( 171 kB)
[    0.000000]        .bss : 0xc0621000 - 0xc06462d4   ( 149 kB)
[    0.000000] NR_IRQS:16 nr_irqs:16 16
[    0.000000] Architected cp15 timer(s) running at 62.50MHz (virt).
[    0.000000] clocksource arch_sys_counter: mask: 0xffffffffffffff max_cycles: 0x1cd42e208c, max_idle_ns: 881590405314 ns
[    0.000116] sched_clock: 56 bits at 62MHz, resolution 16ns, wraps every 4398046511096ns
[    0.000498] Switching to timer-based delay loop, resolution 16ns
[    0.003022] Console: colour dummy device 80x30
[    0.003256] Calibrating delay loop (skipped), value calculated using timer frequency.. 125.00 BogoMIPS (lpj=625000)
[    0.003348] pid_max: default: 32768 minimum: 301
[    0.004011] Mount-cache hash table entries: 1024 (order: 0, 4096 bytes)
[    0.004037] Mountpoint-cache hash table entries: 1024 (order: 0, 4096 bytes)
[    0.011195] CPU: Testing write buffer coherency: ok
[    0.015834] Setting up static identity map for 0x40008240 - 0x40008298
[    0.026282] VFP support v0.3: implementor 41 architecture 4 part 30 variant f rev 0
[    0.034850] clocksource jiffies: mask: 0xffffffff max_cycles: 0xffffffff, max_idle_ns: 19112604462750000 ns
[    0.041045] NET: Registered protocol family 16
[    0.043582] DMA: preallocated 256 KiB pool for atomic coherent allocations
[    0.046518] cpuidle: using governor ladder
[    0.046622] cpuidle: using governor menu
[    0.049186] genirq: Setting trigger mode 1 for irq 20 failed (gic_set_type+0x0/0x48)
[    0.050496] genirq: Setting trigger mode 1 for irq 21 failed (gic_set_type+0x0/0x48)
[    0.050717] genirq: Setting trigger mode 1 for irq 22 failed (gic_set_type+0x0/0x48)
[    0.050940] genirq: Setting trigger mode 1 for irq 23 failed (gic_set_type+0x0/0x48)
[    0.051163] genirq: Setting trigger mode 1 for irq 24 failed (gic_set_type+0x0/0x48)
[    0.051375] genirq: Setting trigger mode 1 for irq 25 failed (gic_set_type+0x0/0x48)
[    0.051578] genirq: Setting trigger mode 1 for irq 26 failed (gic_set_type+0x0/0x48)
[    0.051782] genirq: Setting trigger mode 1 for irq 27 failed (gic_set_type+0x0/0x48)
[    0.052067] genirq: Setting trigger mode 1 for irq 28 failed (gic_set_type+0x0/0x48)
[    0.052307] genirq: Setting trigger mode 1 for irq 29 failed (gic_set_type+0x0/0x48)
[    0.052546] genirq: Setting trigger mode 1 for irq 30 failed (gic_set_type+0x0/0x48)
[    0.053051] genirq: Setting trigger mode 1 for irq 31 failed (gic_set_type+0x0/0x48)
[    0.053297] genirq: Setting trigger mode 1 for irq 32 failed (gic_set_type+0x0/0x48)
[    0.053541] genirq: Setting trigger mode 1 for irq 33 failed (gic_set_type+0x0/0x48)
[    0.053769] genirq: Setting trigger mode 1 for irq 34 failed (gic_set_type+0x0/0x48)
[    0.053998] genirq: Setting trigger mode 1 for irq 35 failed (gic_set_type+0x0/0x48)
[    0.054234] genirq: Setting trigger mode 1 for irq 36 failed (gic_set_type+0x0/0x48)
[    0.054474] genirq: Setting trigger mode 1 for irq 37 failed (gic_set_type+0x0/0x48)
[    0.054751] genirq: Setting trigger mode 1 for irq 38 failed (gic_set_type+0x0/0x48)
[    0.055002] genirq: Setting trigger mode 1 for irq 39 failed (gic_set_type+0x0/0x48)
[    0.055228] genirq: Setting trigger mode 1 for irq 40 failed (gic_set_type+0x0/0x48)
[    0.055437] genirq: Setting trigger mode 1 for irq 41 failed (gic_set_type+0x0/0x48)
[    0.055651] genirq: Setting trigger mode 1 for irq 42 failed (gic_set_type+0x0/0x48)
[    0.055866] genirq: Setting trigger mode 1 for irq 43 failed (gic_set_type+0x0/0x48)
[    0.056086] genirq: Setting trigger mode 1 for irq 44 failed (gic_set_type+0x0/0x48)
[    0.056332] genirq: Setting trigger mode 1 for irq 45 failed (gic_set_type+0x0/0x48)
[    0.056544] genirq: Setting trigger mode 1 for irq 46 failed (gic_set_type+0x0/0x48)
[    0.056859] genirq: Setting trigger mode 1 for irq 47 failed (gic_set_type+0x0/0x48)
[    0.057113] genirq: Setting trigger mode 1 for irq 48 failed (gic_set_type+0x0/0x48)
[    0.057355] genirq: Setting trigger mode 1 for irq 49 failed (gic_set_type+0x0/0x48)
[    0.057594] genirq: Setting trigger mode 1 for irq 50 failed (gic_set_type+0x0/0x48)
[    0.057836] genirq: Setting trigger mode 1 for irq 51 failed (gic_set_type+0x0/0x48)
[    0.058184] genirq: Setting trigger mode 1 for irq 52 failed (gic_set_type+0x0/0x48)
[    0.061158] Serial: AMBA PL011 UART driver
[    0.062716] 9000000.pl011: ttyS0 at MMIO 0x9000000 (irq = 52, base_baud = 0) is a PL011 rev1
[    0.081687] console [ttyS0] enabled
[    0.099137] vgaarb: loaded
[    0.100186] SCSI subsystem initialized
[    0.101034] usbcore: registered new interface driver usbfs
[    0.101397] usbcore: registered new interface driver hub
[    0.101741] usbcore: registered new device driver usb
[    0.108455] cfg80211: Calling CRDA to update world regulatory domain
[    0.110161] Switched to clocksource arch_sys_counter
[    0.123223] NET: Registered protocol family 2
[    0.126641] TCP established hash table entries: 2048 (order: 1, 8192 bytes)
[    0.126928] TCP bind hash table entries: 2048 (order: 1, 8192 bytes)
[    0.127240] TCP: Hash tables configured (established 2048 bind 2048)
[    0.127686] UDP hash table entries: 256 (order: 0, 4096 bytes)
[    0.127946] UDP-Lite hash table entries: 256 (order: 0, 4096 bytes)
[    0.129015] NET: Registered protocol family 1
[    0.129383] PCI: CLS 0 bytes, default 64
[    0.134586] NetWinder Floating Point Emulator V0.97 (extended precision)
[    0.136444] futex hash table entries: 256 (order: -1, 3072 bytes)
[    0.140710] squashfs: version 4.0 (2009/01/31) Phillip Lougher
[    0.141646] jffs2: version 2.2. (NAND) Â© 2001-2006 Red Hat, Inc.
[    0.142400] romfs: ROMFS MTD (C) 2007 Red Hat, Inc.
[    0.148819] Block layer SCSI generic (bsg) driver version 0.4 loaded (major 253)
[    0.149189] io scheduler noop registered
[    0.149438] io scheduler cfq registered (default)
[    0.150292] firmadyne: devfs: 1, execute: 1, procfs: 1, syscall: 1
[    0.151279] ------------[ cut here ]------------
[    0.151452] WARNING: CPU: 0 PID: 1 at /home/vagrant/firmadyne-kernel/kernel-v4.1/fs/sysfs/dir.c:31 sysfs_warn_dup+0x50/0x6c()
[    0.151785] sysfs: cannot create duplicate filename '/class/gpio'
[    0.151989] Modules linked in:
[    0.152264] CPU: 0 PID: 1 Comm: swapper Not tainted 4.1.17+ #1
[    0.152449] Hardware name: Generic DT based system
[    0.153114] [<c001c99c>] (unwind_backtrace) from [<c0019d30>] (show_stack+0x10/0x14)
[    0.153471] [<c0019d30>] (show_stack) from [<c0024ab4>] (warn_slowpath_common+0x80/0xa8)
[    0.153780] [<c0024ab4>] (warn_slowpath_common) from [<c0024b08>] (warn_slowpath_fmt+0x2c/0x3c)
[    0.154125] [<c0024b08>] (warn_slowpath_fmt) from [<c00e363c>] (sysfs_warn_dup+0x50/0x6c)
[    0.154375] [<c00e363c>] (sysfs_warn_dup) from [<c00e3714>] (sysfs_create_dir_ns+0x74/0x84)
[    0.154630] [<c00e3714>] (sysfs_create_dir_ns) from [<c018e6ac>] (kobject_add_internal+0xb8/0x2ac)
[    0.154900] [<c018e6ac>] (kobject_add_internal) from [<c018e9a8>] (kset_register+0x1c/0x44)
[    0.155177] [<c018e9a8>] (kset_register) from [<c02090b4>] (__class_register+0xa8/0x198)
[    0.155467] [<c02090b4>] (__class_register) from [<c02091e4>] (__class_create+0x40/0x70)
[    0.155754] [<c02091e4>] (__class_create) from [<c01adf68>] (register_devfs_stubs+0x314/0xbb4)
[    0.156060] [<c01adf68>] (register_devfs_stubs) from [<c05d9b08>] (init_module+0x28/0xa4)
[    0.156383] [<c05d9b08>] (init_module) from [<c0009670>] (do_one_initcall+0x104/0x1b4)
[    0.156676] [<c0009670>] (do_one_initcall) from [<c05c7d08>] (kernel_init_freeable+0xf0/0x1b0)
[    0.156982] [<c05c7d08>] (kernel_init_freeable) from [<c040f28c>] (kernel_init+0x8/0xe4)
[    0.157269] [<c040f28c>] (kernel_init) from [<c0016da8>] (ret_from_fork+0x14/0x2c)
[    0.157642] ---[ end trace 7744bda57ac41880 ]---
[    0.157881] ------------[ cut here ]------------
[    0.158064] WARNING: CPU: 0 PID: 1 at /home/vagrant/firmadyne-kernel/kernel-v4.1/lib/kobject.c:240 kobject_add_internal+0x240/0x2ac()
[    0.158404] kobject_add_internal failed for gpio with -EEXIST, don't try to register things with the same name in the same directory.
[    0.158740] Modules linked in:
[    0.158890] CPU: 0 PID: 1 Comm: swapper Tainted: G        W       4.1.17+ #1
[    0.159094] Hardware name: Generic DT based system
[    0.159256] [<c001c99c>] (unwind_backtrace) from [<c0019d30>] (show_stack+0x10/0x14)
[    0.159496] [<c0019d30>] (show_stack) from [<c0024ab4>] (warn_slowpath_common+0x80/0xa8)
[    0.159747] [<c0024ab4>] (warn_slowpath_common) from [<c0024b08>] (warn_slowpath_fmt+0x2c/0x3c)
[    0.160200] [<c0024b08>] (warn_slowpath_fmt) from [<c018e834>] (kobject_add_internal+0x240/0x2ac)
[    0.160508] [<c018e834>] (kobject_add_internal) from [<c018e9a8>] (kset_register+0x1c/0x44)
[    0.160816] [<c018e9a8>] (kset_register) from [<c02090b4>] (__class_register+0xa8/0x198)
[    0.161106] [<c02090b4>] (__class_register) from [<c02091e4>] (__class_create+0x40/0x70)
[    0.161399] [<c02091e4>] (__class_create) from [<c01adf68>] (register_devfs_stubs+0x314/0xbb4)
[    0.161707] [<c01adf68>] (register_devfs_stubs) from [<c05d9b08>] (init_module+0x28/0xa4)
[    0.162000] [<c05d9b08>] (init_module) from [<c0009670>] (do_one_initcall+0x104/0x1b4)
[    0.162265] [<c0009670>] (do_one_initcall) from [<c05c7d08>] (kernel_init_freeable+0xf0/0x1b0)
[    0.162528] [<c05c7d08>] (kernel_init_freeable) from [<c040f28c>] (kernel_init+0x8/0xe4)
[    0.162773] [<c040f28c>] (kernel_init) from [<c0016da8>] (ret_from_fork+0x14/0x2c)
[    0.163014] ---[ end trace 7744bda57ac41881 ]---
[    0.163198] firmadyne: Cannot create device class: gpio!
[    0.164400] firmadyne: Cannot register character device: watchdog, 0xa, 0x82!
[    0.164678] firmadyne: Cannot register character device: wdt, 0xfd, 0x0!
[    0.249680] Non-volatile memory driver v1.3
[    0.266541] brd: module loaded
[    0.273747] loop: module loaded
[    0.281090]  vda: vda1
[    0.284945] [nandsim] warning: read_byte: unexpected data output cycle, state is STATE_READY return 0x0
[    0.285301] [nandsim] warning: read_byte: unexpected data output cycle, state is STATE_READY return 0x0
[    0.285620] [nandsim] warning: read_byte: unexpected data output cycle, state is STATE_READY return 0x0
[    0.285937] [nandsim] warning: read_byte: unexpected data output cycle, state is STATE_READY return 0x0
[    0.286225] [nandsim] warning: read_byte: unexpected data output cycle, state is STATE_READY return 0x0
[    0.286495] [nandsim] warning: read_byte: unexpected data output cycle, state is STATE_READY return 0x0
[    0.286944] nand: device found, Manufacturer ID: 0x98, Chip ID: 0x39
[    0.287149] nand: Toshiba NAND 128MiB 1,8V 8-bit
[    0.287309] nand: 128 MiB, SLC, erase size: 16 KiB, page size: 512, OOB size: 16
[    0.288059] flash size: 128 MiB
[    0.288189] page size: 512 bytes
[    0.288324] OOB area size: 16 bytes
[    0.288454] sector size: 16 KiB
[    0.288580] pages number: 262144
[    0.288701] pages per sector: 32
[    0.288820] bus width: 8
[    0.288918] bits in sector size: 14
[    0.289046] bits in page size: 9
[    0.289169] bits in OOB size: 4
[    0.289291] flash size with OOB: 135168 KiB
[    0.289441] page address bytes: 4
[    0.289568] sector address bytes: 3
[    0.289699] options: 0x42
[    0.293356] Scanning device for bad blocks
[    0.407542] Creating 11 MTD partitions on "NAND 128MiB 1,8V 8-bit":
[    0.407981] 0x000000000000-0x000000100000 : "NAND simulator partition 0"
[    0.410905] 0x000000100000-0x000000200000 : "NAND simulator partition 1"
[    0.412089] 0x000000200000-0x000000300000 : "NAND simulator partition 2"
[    0.413393] 0x000000300000-0x000000400000 : "NAND simulator partition 3"
[    0.414660] 0x000000400000-0x000000500000 : "NAND simulator partition 4"
[    0.415752] 0x000000500000-0x000000600000 : "NAND simulator partition 5"
[    0.416973] 0x000000600000-0x000000700000 : "NAND simulator partition 6"
[    0.418272] 0x000000700000-0x000000800000 : "NAND simulator partition 7"
[    0.419527] 0x000000800000-0x000000900000 : "NAND simulator partition 8"
[    0.421065] 0x000000900000-0x000000a00000 : "NAND simulator partition 9"
[    0.422340] 0x000000a00000-0x000008000000 : "NAND simulator partition 10"
[    0.425915] tun: Universal TUN/TAP device driver, 1.6
[    0.426083] tun: (C) 1999-2004 Max Krasnyansky <maxk@qualcomm.com>
[    0.441338] PPP generic driver version 2.4.2
[    0.442051] PPP BSD Compression module registered
[    0.442271] PPP Deflate Compression module registered
[    0.442542] PPP MPPE Compression module registered
[    0.442754] NET: Registered protocol family 24
[    0.443088] PPTP driver version 0.8.5
[    0.443782] usbcore: registered new interface driver usb-storage
[    0.445363] hidraw: raw HID events driver (C) Jiri Kosina
[    0.445864] usbcore: registered new interface driver usbhid
[    0.446041] usbhid: USB HID core driver
[    0.446434] Netfilter messages via NETLINK v0.30.
[    0.446956] nf_conntrack version 0.5.0 (3958 buckets, 15832 max)
[    0.448058] ctnetlink v0.93: registering with nfnetlink.
[    0.449245] ipip: IPv4 over IPv4 tunneling driver
[    0.451006] gre: GRE over IPv4 demultiplexor driver
[    0.451199] ip_gre: GRE over IPv4 tunneling driver
[    0.454902] ip_tables: (C) 2000-2006 Netfilter Core Team
[    0.456204] arp_tables: (C) 2002 David S. Miller
[    0.457097] Initializing XFRM netlink socket
[    0.457526] NET: Registered protocol family 10
[    0.463203] ip6_tables: (C) 2000-2006 Netfilter Core Team
[    0.464485] sit: IPv6 over IPv4 tunneling driver
[    0.467667] NET: Registered protocol family 17
[    0.468240] bridge: automatic filtering via arp/ip/ip6tables has been deprecated. Update your scripts to load br_netfilter if you need this.
[    0.468726] Bridge firewalling registered
[    0.468916] Ebtables v2.0 registered
[    0.469931] 8021q: 802.1Q VLAN Support v1.8
[    0.470701] Registering SWP/SWPB emulation handler
[    0.472332] hctosys: unable to open rtc device (rtc0)
[    0.481296] EXT4-fs (vda1): couldn't mount as ext3 due to feature incompatibilities
[    0.483161] EXT4-fs (vda1): mounting ext2 file system using the ext4 subsystem
[    0.493183] EXT4-fs (vda1): mounted filesystem without journal. Opts: (null)
[    0.494202] VFS: Mounted root (ext2 filesystem) on device 254:1.
[    0.498606] Freeing unused kernel memory: 180K (c05c7000 - c05f4000)
[    0.500610] Starting init: /sbin/init exists but couldn't execute it (error -20)
[    0.505577] Starting init: /bin/init exists but couldn't execute it (error -20)
[    0.505869] firmadyne: do_execve: /firmadyne/console
[    0.506111] OFFSETS: offset of pid: 0x190 offset of comm: 0x270
[    0.506323] Starting init: /bin/sh exists but couldn't execute it (error -20)
[    0.506585] Kernel panic - not syncing: No working init found.  Try passing init= option to kernel. See Linux Documentation/init.txt for guidance.
[    0.506984] CPU: 0 PID: 1 Comm: swapper Tainted: G        W       4.1.17+ #1
[    0.507191] Hardware name: Generic DT based system
[    0.507378] [<c001c99c>] (unwind_backtrace) from [<c0019d30>] (show_stack+0x10/0x14)
[    0.507622] [<c0019d30>] (show_stack) from [<c0410b78>] (panic+0x70/0x1c8)
[    0.507842] [<c0410b78>] (panic) from [<c040f33c>] (kernel_init+0xb8/0xe4)
[    0.508054] [<c040f33c>] (kernel_init) from [<c0016da8>] (ret_from_fork+0x14/0x2c)
[    0.508441] ---[ end Kernel panic - not syncing: No working init found.  Try passing init= option to kernel. See Linux Documentation/init.txt for guidance.
