[    0.000000] Booting Linux on physical CPU 0x0
[    0.000000] Linux version 4.1.17+ (vagrant@vagrant-ubuntu-trusty-64) (gcc version 5.3.0 (GCC) ) #1 Thu Feb 18 01:05:21 UTC 2016
[    0.000000] CPU: ARMv7 Processor [412fc0f1] revision 1 (ARMv7), cr=10c5387d
[    0.000000] CPU: PIPT / VIPT nonaliasing data cache, PIPT instruction cache
[    0.000000] Machine model: linux,dummy-virt
[    0.000000] debug: ignoring loglevel setting.
[    0.000000] Memory policy: Data cache writeback
[    0.000000] On node 0 totalpages: 65536
[    0.000000] free_area_init_node: node 0, pgdat c061dfe8, node_mem_map cfdf9000
[    0.000000]   Normal zone: 512 pages used for memmap
[    0.000000]   Normal zone: 0 pages reserved
[    0.000000]   Normal zone: 65536 pages, LIFO batch:15
[    0.000000] CPU: All CPU(s) started in SVC mode.
[    0.000000] pcpu-alloc: s0 r0 d32768 u32768 alloc=1*32768
[    0.000000] pcpu-alloc: [0] 0 
[    0.000000] Built 1 zonelists in Zone order, mobility grouping on.  Total pages: 65024
[    0.000000] Kernel command line: root=/dev/vda1 console=ttyS0 nandsim.parts=64,64,64,64,64,64,64,64,64,64 rdinit=/firmadyne/preInit.sh rw debug ignore_loglevel print-fatal-signals=1 user_debug=31 firmadyne.syscall=0
[    0.000000] PID hash table entries: 1024 (order: 0, 4096 bytes)
[    0.000000] Dentry cache hash table entries: 32768 (order: 5, 131072 bytes)
[    0.000000] Inode-cache hash table entries: 16384 (order: 4, 65536 bytes)
[    0.000000] Memory: 253344K/262144K available (4297K kernel code, 170K rwdata, 1584K rodata, 180K init, 148K bss, 8800K reserved, 0K cma-reserved)
[    0.000000] Virtual kernel memory layout:
[    0.000000]     vector  : 0xffff0000 - 0xffff1000   (   4 kB)
[    0.000000]     fixmap  : 0xffc00000 - 0xfff00000   (3072 kB)
[    0.000000]     vmalloc : 0xd0800000 - 0xff000000   ( 744 MB)
[    0.000000]     lowmem  : 0xc0000000 - 0xd0000000   ( 256 MB)
[    0.000000]     modules : 0xbf000000 - 0xc0000000   (  16 MB)
[    0.000000]       .text : 0xc0008000 - 0xc05c67bc   (5882 kB)
[    0.000000]       .init : 0xc05c7000 - 0xc05f4000   ( 180 kB)
[    0.000000]       .data : 0xc05f4000 - 0xc061e840   ( 171 kB)
[    0.000000]        .bss : 0xc0621000 - 0xc06462d4   ( 149 kB)
[    0.000000] NR_IRQS:16 nr_irqs:16 16
[    0.000000] Architected cp15 timer(s) running at 62.50MHz (virt).
[    0.000000] clocksource arch_sys_counter: mask: 0xffffffffffffff max_cycles: 0x1cd42e208c, max_idle_ns: 881590405314 ns
[    0.000134] sched_clock: 56 bits at 62MHz, resolution 16ns, wraps every 4398046511096ns
[    0.000250] Switching to timer-based delay loop, resolution 16ns
[    0.002843] Console: colour dummy device 80x30
[    0.003819] Calibrating delay loop (skipped), value calculated using timer frequency.. 125.00 BogoMIPS (lpj=625000)
[    0.003930] pid_max: default: 32768 minimum: 301
[    0.006437] Mount-cache hash table entries: 1024 (order: 0, 4096 bytes)
[    0.006472] Mountpoint-cache hash table entries: 1024 (order: 0, 4096 bytes)
[    0.014023] CPU: Testing write buffer coherency: ok
[    0.019011] Setting up static identity map for 0x40008240 - 0x40008298
[    0.031235] VFP support v0.3: implementor 41 architecture 4 part 30 variant f rev 0
[    0.038703] clocksource jiffies: mask: 0xffffffff max_cycles: 0xffffffff, max_idle_ns: 19112604462750000 ns
[    0.048323] NET: Registered protocol family 16
[    0.050804] DMA: preallocated 256 KiB pool for atomic coherent allocations
[    0.054208] cpuidle: using governor ladder
[    0.054332] cpuidle: using governor menu
[    0.057176] genirq: Setting trigger mode 1 for irq 20 failed (gic_set_type+0x0/0x48)
[    0.058585] genirq: Setting trigger mode 1 for irq 21 failed (gic_set_type+0x0/0x48)
[    0.058839] genirq: Setting trigger mode 1 for irq 22 failed (gic_set_type+0x0/0x48)
[    0.059116] genirq: Setting trigger mode 1 for irq 23 failed (gic_set_type+0x0/0x48)
[    0.059382] genirq: Setting trigger mode 1 for irq 24 failed (gic_set_type+0x0/0x48)
[    0.059627] genirq: Setting trigger mode 1 for irq 25 failed (gic_set_type+0x0/0x48)
[    0.059861] genirq: Setting trigger mode 1 for irq 26 failed (gic_set_type+0x0/0x48)
[    0.060098] genirq: Setting trigger mode 1 for irq 27 failed (gic_set_type+0x0/0x48)
[    0.060428] genirq: Setting trigger mode 1 for irq 28 failed (gic_set_type+0x0/0x48)
[    0.060676] genirq: Setting trigger mode 1 for irq 29 failed (gic_set_type+0x0/0x48)
[    0.060906] genirq: Setting trigger mode 1 for irq 30 failed (gic_set_type+0x0/0x48)
[    0.061151] genirq: Setting trigger mode 1 for irq 31 failed (gic_set_type+0x0/0x48)
[    0.061398] genirq: Setting trigger mode 1 for irq 32 failed (gic_set_type+0x0/0x48)
[    0.061636] genirq: Setting trigger mode 1 for irq 33 failed (gic_set_type+0x0/0x48)
[    0.061863] genirq: Setting trigger mode 1 for irq 34 failed (gic_set_type+0x0/0x48)
[    0.062089] genirq: Setting trigger mode 1 for irq 35 failed (gic_set_type+0x0/0x48)
[    0.062323] genirq: Setting trigger mode 1 for irq 36 failed (gic_set_type+0x0/0x48)
[    0.062559] genirq: Setting trigger mode 1 for irq 37 failed (gic_set_type+0x0/0x48)
[    0.063084] genirq: Setting trigger mode 1 for irq 38 failed (gic_set_type+0x0/0x48)
[    0.063351] genirq: Setting trigger mode 1 for irq 39 failed (gic_set_type+0x0/0x48)
[    0.063591] genirq: Setting trigger mode 1 for irq 40 failed (gic_set_type+0x0/0x48)
[    0.063836] genirq: Setting trigger mode 1 for irq 41 failed (gic_set_type+0x0/0x48)
[    0.064084] genirq: Setting trigger mode 1 for irq 42 failed (gic_set_type+0x0/0x48)
[    0.064331] genirq: Setting trigger mode 1 for irq 43 failed (gic_set_type+0x0/0x48)
[    0.064585] genirq: Setting trigger mode 1 for irq 44 failed (gic_set_type+0x0/0x48)
[    0.064841] genirq: Setting trigger mode 1 for irq 45 failed (gic_set_type+0x0/0x48)
[    0.065082] genirq: Setting trigger mode 1 for irq 46 failed (gic_set_type+0x0/0x48)
[    0.065375] genirq: Setting trigger mode 1 for irq 47 failed (gic_set_type+0x0/0x48)
[    0.065629] genirq: Setting trigger mode 1 for irq 48 failed (gic_set_type+0x0/0x48)
[    0.065872] genirq: Setting trigger mode 1 for irq 49 failed (gic_set_type+0x0/0x48)
[    0.066107] genirq: Setting trigger mode 1 for irq 50 failed (gic_set_type+0x0/0x48)
[    0.066341] genirq: Setting trigger mode 1 for irq 51 failed (gic_set_type+0x0/0x48)
[    0.066746] genirq: Setting trigger mode 1 for irq 52 failed (gic_set_type+0x0/0x48)
[    0.069733] Serial: AMBA PL011 UART driver
[    0.071379] 9000000.pl011: ttyS0 at MMIO 0x9000000 (irq = 52, base_baud = 0) is a PL011 rev1
[    0.130825] console [ttyS0] enabled
[    0.149909] vgaarb: loaded
[    0.151688] SCSI subsystem initialized
[    0.153252] usbcore: registered new interface driver usbfs
[    0.154500] usbcore: registered new interface driver hub
[    0.155732] usbcore: registered new device driver usb
[    0.163986] cfg80211: Calling CRDA to update world regulatory domain
[    0.167062] Switched to clocksource arch_sys_counter
[    0.182183] NET: Registered protocol family 2
[    0.187260] TCP established hash table entries: 2048 (order: 1, 8192 bytes)
[    0.188670] TCP bind hash table entries: 2048 (order: 1, 8192 bytes)
[    0.190097] TCP: Hash tables configured (established 2048 bind 2048)
[    0.191693] UDP hash table entries: 256 (order: 0, 4096 bytes)
[    0.192892] UDP-Lite hash table entries: 256 (order: 0, 4096 bytes)
[    0.195171] NET: Registered protocol family 1
[    0.196386] PCI: CLS 0 bytes, default 64
[    0.203153] NetWinder Floating Point Emulator V0.97 (extended precision)
[    0.206403] futex hash table entries: 256 (order: -1, 3072 bytes)
[    0.212154] squashfs: version 4.0 (2009/01/31) Phillip Lougher
[    0.214432] jffs2: version 2.2. (NAND) Â© 2001-2006 Red Hat, Inc.
[    0.216240] romfs: ROMFS MTD (C) 2007 Red Hat, Inc.
[    0.224146] Block layer SCSI generic (bsg) driver version 0.4 loaded (major 253)
[    0.225705] io scheduler noop registered
[    0.226580] io scheduler cfq registered (default)
[    0.228235] firmadyne: devfs: 1, execute: 1, procfs: 1, syscall: 0
[    0.230445] ------------[ cut here ]------------
[    0.231361] WARNING: CPU: 0 PID: 1 at /home/vagrant/firmadyne-kernel/kernel-v4.1/fs/sysfs/dir.c:31 sysfs_warn_dup+0x50/0x6c()
[    0.233419] sysfs: cannot create duplicate filename '/class/gpio'
[    0.234538] Modules linked in:
[    0.235393] CPU: 0 PID: 1 Comm: swapper Not tainted 4.1.17+ #1
[    0.236456] Hardware name: Generic DT based system
[    0.238167] [<c001c99c>] (unwind_backtrace) from [<c0019d30>] (show_stack+0x10/0x14)
[    0.239722] [<c0019d30>] (show_stack) from [<c0024ab4>] (warn_slowpath_common+0x80/0xa8)
[    0.241221] [<c0024ab4>] (warn_slowpath_common) from [<c0024b08>] (warn_slowpath_fmt+0x2c/0x3c)
[    0.242889] [<c0024b08>] (warn_slowpath_fmt) from [<c00e363c>] (sysfs_warn_dup+0x50/0x6c)
[    0.244377] [<c00e363c>] (sysfs_warn_dup) from [<c00e3714>] (sysfs_create_dir_ns+0x74/0x84)
[    0.245672] [<c00e3714>] (sysfs_create_dir_ns) from [<c018e6ac>] (kobject_add_internal+0xb8/0x2ac)
[    0.246632] [<c018e6ac>] (kobject_add_internal) from [<c018e9a8>] (kset_register+0x1c/0x44)
[    0.247621] [<c018e9a8>] (kset_register) from [<c02090b4>] (__class_register+0xa8/0x198)
[    0.248672] [<c02090b4>] (__class_register) from [<c02091e4>] (__class_create+0x40/0x70)
[    0.249330] [<c02091e4>] (__class_create) from [<c01adf68>] (register_devfs_stubs+0x314/0xbb4)
[    0.250396] [<c01adf68>] (register_devfs_stubs) from [<c05d9b08>] (init_module+0x28/0xa4)
[    0.251234] [<c05d9b08>] (init_module) from [<c0009670>] (do_one_initcall+0x104/0x1b4)
[    0.252027] [<c0009670>] (do_one_initcall) from [<c05c7d08>] (kernel_init_freeable+0xf0/0x1b0)
[    0.252962] [<c05c7d08>] (kernel_init_freeable) from [<c040f28c>] (kernel_init+0x8/0xe4)
[    0.253796] [<c040f28c>] (kernel_init) from [<c0016da8>] (ret_from_fork+0x14/0x2c)
[    0.254612] ---[ end trace 2dd975d8506c89a5 ]---
[    0.255319] ------------[ cut here ]------------
[    0.255956] WARNING: CPU: 0 PID: 1 at /home/vagrant/firmadyne-kernel/kernel-v4.1/lib/kobject.c:240 kobject_add_internal+0x240/0x2ac()
[    0.257265] kobject_add_internal failed for gpio with -EEXIST, don't try to register things with the same name in the same directory.
[    0.258600] Modules linked in:
[    0.258845] CPU: 0 PID: 1 Comm: swapper Tainted: G        W       4.1.17+ #1
[    0.259614] Hardware name: Generic DT based system
[    0.260133] [<c001c99c>] (unwind_backtrace) from [<c0019d30>] (show_stack+0x10/0x14)
[    0.261022] [<c0019d30>] (show_stack) from [<c0024ab4>] (warn_slowpath_common+0x80/0xa8)
[    0.261817] [<c0024ab4>] (warn_slowpath_common) from [<c0024b08>] (warn_slowpath_fmt+0x2c/0x3c)
[    0.262747] [<c0024b08>] (warn_slowpath_fmt) from [<c018e834>] (kobject_add_internal+0x240/0x2ac)
[    0.263517] [<c018e834>] (kobject_add_internal) from [<c018e9a8>] (kset_register+0x1c/0x44)
[    0.264159] [<c018e9a8>] (kset_register) from [<c02090b4>] (__class_register+0xa8/0x198)
[    0.265101] [<c02090b4>] (__class_register) from [<c02091e4>] (__class_create+0x40/0x70)
[    0.265853] [<c02091e4>] (__class_create) from [<c01adf68>] (register_devfs_stubs+0x314/0xbb4)
[    0.266858] [<c01adf68>] (register_devfs_stubs) from [<c05d9b08>] (init_module+0x28/0xa4)
[    0.268087] [<c05d9b08>] (init_module) from [<c0009670>] (do_one_initcall+0x104/0x1b4)
[    0.268760] [<c0009670>] (do_one_initcall) from [<c05c7d08>] (kernel_init_freeable+0xf0/0x1b0)
[    0.269717] [<c05c7d08>] (kernel_init_freeable) from [<c040f28c>] (kernel_init+0x8/0xe4)
[    0.270599] [<c040f28c>] (kernel_init) from [<c0016da8>] (ret_from_fork+0x14/0x2c)
[    0.271236] ---[ end trace 2dd975d8506c89a6 ]---
[    0.271989] firmadyne: Cannot create device class: gpio!
[    0.273949] firmadyne: Cannot register character device: watchdog, 0xa, 0x82!
[    0.275321] firmadyne: Cannot register character device: wdt, 0xfd, 0x0!
[    0.374887] Non-volatile memory driver v1.3
[    0.395539] brd: module loaded
[    0.404009] loop: module loaded
[    0.412715]  vda: vda1
[    0.417277] [nandsim] warning: read_byte: unexpected data output cycle, state is STATE_READY return 0x0
[    0.419061] [nandsim] warning: read_byte: unexpected data output cycle, state is STATE_READY return 0x0
[    0.420770] [nandsim] warning: read_byte: unexpected data output cycle, state is STATE_READY return 0x0
[    0.422446] [nandsim] warning: read_byte: unexpected data output cycle, state is STATE_READY return 0x0
[    0.424145] [nandsim] warning: read_byte: unexpected data output cycle, state is STATE_READY return 0x0
[    0.425691] [nandsim] warning: read_byte: unexpected data output cycle, state is STATE_READY return 0x0
[    0.427080] nand: device found, Manufacturer ID: 0x98, Chip ID: 0x39
[    0.428278] nand: Toshiba NAND 128MiB 1,8V 8-bit
[    0.428841] nand: 128 MiB, SLC, erase size: 16 KiB, page size: 512, OOB size: 16
[    0.430421] flash size: 128 MiB
[    0.431053] page size: 512 bytes
[    0.431646] OOB area size: 16 bytes
[    0.432304] sector size: 16 KiB
[    0.432877] pages number: 262144
[    0.433469] pages per sector: 32
[    0.434086] bus width: 8
[    0.434308] bits in sector size: 14
[    0.434504] bits in page size: 9
[    0.435092] bits in OOB size: 4
[    0.435443] flash size with OOB: 135168 KiB
[    0.435793] page address bytes: 4
[    0.436256] sector address bytes: 3
[    0.436422] options: 0x42
[    0.442442] Scanning device for bad blocks
[    0.550631] Creating 11 MTD partitions on "NAND 128MiB 1,8V 8-bit":
[    0.552182] 0x000000000000-0x000000100000 : "NAND simulator partition 0"
[    0.556184] 0x000000100000-0x000000200000 : "NAND simulator partition 1"
[    0.558898] 0x000000200000-0x000000300000 : "NAND simulator partition 2"
[    0.561360] 0x000000300000-0x000000400000 : "NAND simulator partition 3"
[    0.563788] 0x000000400000-0x000000500000 : "NAND simulator partition 4"
[    0.566196] 0x000000500000-0x000000600000 : "NAND simulator partition 5"
[    0.568885] 0x000000600000-0x000000700000 : "NAND simulator partition 6"
[    0.571372] 0x000000700000-0x000000800000 : "NAND simulator partition 7"
[    0.573854] 0x000000800000-0x000000900000 : "NAND simulator partition 8"
[    0.576415] 0x000000900000-0x000000a00000 : "NAND simulator partition 9"
[    0.579105] 0x000000a00000-0x000008000000 : "NAND simulator partition 10"
[    0.584340] tun: Universal TUN/TAP device driver, 1.6
[    0.585340] tun: (C) 1999-2004 Max Krasnyansky <maxk@qualcomm.com>
[    0.602419] PPP generic driver version 2.4.2
[    0.603904] PPP BSD Compression module registered
[    0.604876] PPP Deflate Compression module registered
[    0.605901] PPP MPPE Compression module registered
[    0.607115] NET: Registered protocol family 24
[    0.608382] PPTP driver version 0.8.5
[    0.609846] usbcore: registered new interface driver usb-storage
[    0.612760] hidraw: raw HID events driver (C) Jiri Kosina
[    0.614312] usbcore: registered new interface driver usbhid
[    0.615359] usbhid: USB HID core driver
[    0.616491] Netfilter messages via NETLINK v0.30.
[    0.618173] nf_conntrack version 0.5.0 (3958 buckets, 15832 max)
[    0.620446] ctnetlink v0.93: registering with nfnetlink.
[    0.622675] ipip: IPv4 over IPv4 tunneling driver
[    0.625250] gre: GRE over IPv4 demultiplexor driver
[    0.626253] ip_gre: GRE over IPv4 tunneling driver
[    0.631315] ip_tables: (C) 2000-2006 Netfilter Core Team
[    0.633763] arp_tables: (C) 2002 David S. Miller
[    0.635608] Initializing XFRM netlink socket
[    0.637068] NET: Registered protocol family 10
[    0.645065] ip6_tables: (C) 2000-2006 Netfilter Core Team
[    0.647733] sit: IPv6 over IPv4 tunneling driver
[    0.651797] NET: Registered protocol family 17
[    0.653170] bridge: automatic filtering via arp/ip/ip6tables has been deprecated. Update your scripts to load br_netfilter if you need this.
[    0.655586] Bridge firewalling registered
[    0.656375] Ebtables v2.0 registered
[    0.658257] 8021q: 802.1Q VLAN Support v1.8
[    0.659636] Registering SWP/SWPB emulation handler
[    0.662290] hctosys: unable to open rtc device (rtc0)
[    0.672162] EXT4-fs (vda1): couldn't mount as ext3 due to feature incompatibilities
[    0.674867] EXT4-fs (vda1): mounting ext2 file system using the ext4 subsystem
[    0.685228] EXT4-fs (vda1): warning: mounting unchecked fs, running e2fsck is recommended
[    0.689364] EXT4-fs (vda1): mounted filesystem without journal. Opts: (null)
[    0.691569] VFS: Mounted root (ext2 filesystem) on device 254:1.
[    0.697733] Freeing unused kernel memory: 180K (c05c7000 - c05f4000)
[    0.705884] Starting init: /sbin/init exists but couldn't execute it (error -13)
[    0.712634] Starting init: /etc/init exists but couldn't execute it (error -13)
[    0.719456] firmadyne: do_execve: /firmadyne/console
[    0.720489] OFFSETS: offset of pid: 0x190 offset of comm: 0x270
[    0.721779] Starting init: /bin/sh exists but couldn't execute it (error -13)
[    0.723181] Kernel panic - not syncing: No working init found.  Try passing init= option to kernel. See Linux Documentation/init.txt for guidance.
[    0.725550] CPU: 0 PID: 1 Comm: swapper Tainted: G        W       4.1.17+ #1
[    0.726903] Hardware name: Generic DT based system
[    0.727869] [<c001c99c>] (unwind_backtrace) from [<c0019d30>] (show_stack+0x10/0x14)
[    0.729295] [<c0019d30>] (show_stack) from [<c0410b78>] (panic+0x70/0x1c8)
[    0.730554] [<c0410b78>] (panic) from [<c040f33c>] (kernel_init+0xb8/0xe4)
[    0.731298] [<c040f33c>] (kernel_init) from [<c0016da8>] (ret_from_fork+0x14/0x2c)
[    0.732209] ---[ end Kernel panic - not syncing: No working init found.  Try passing init= option to kernel. See Linux Documentation/init.txt for guidance.
