[    0.000000] Booting Linux on physical CPU 0x0
[    0.000000] Linux version 4.1.17+ (vagrant@vagrant-ubuntu-trusty-64) (gcc version 5.3.0 (GCC) ) #1 Thu Feb 18 01:05:21 UTC 2016
[    0.000000] CPU: ARMv7 Processor [412fc0f1] revision 1 (ARMv7), cr=10c5387d
[    0.000000] CPU: PIPT / VIPT nonaliasing data cache, PIPT instruction cache
[    0.000000] Machine model: linux,dummy-virt
[    0.000000] debug: ignoring loglevel setting.
[    0.000000] Memory policy: Data cache writeback
[    0.000000] On node 0 totalpages: 65536
[    0.000000] free_area_init_node: node 0, pgdat c061dfe8, node_mem_map cfdf9000
[    0.000000]   Normal zone: 512 pages used for memmap
[    0.000000]   Normal zone: 0 pages reserved
[    0.000000]   Normal zone: 65536 pages, LIFO batch:15
[    0.000000] CPU: All CPU(s) started in SVC mode.
[    0.000000] pcpu-alloc: s0 r0 d32768 u32768 alloc=1*32768
[    0.000000] pcpu-alloc: [0] 0 
[    0.000000] Built 1 zonelists in Zone order, mobility grouping on.  Total pages: 65024
[    0.000000] Kernel command line: firmadyne.syscall=1 root=/dev/vda1 console=ttyS0 nandsim.parts=64,64,64,64,64,64,64,64,64,64 rdinit=/firmadyne/preInit.sh rw debug ignore_loglevel print-fatal-signals=1 user_debug=31
[    0.000000] PID hash table entries: 1024 (order: 0, 4096 bytes)
[    0.000000] Dentry cache hash table entries: 32768 (order: 5, 131072 bytes)
[    0.000000] Inode-cache hash table entries: 16384 (order: 4, 65536 bytes)
[    0.000000] Memory: 253344K/262144K available (4297K kernel code, 170K rwdata, 1584K rodata, 180K init, 148K bss, 8800K reserved, 0K cma-reserved)
[    0.000000] Virtual kernel memory layout:
[    0.000000]     vector  : 0xffff0000 - 0xffff1000   (   4 kB)
[    0.000000]     fixmap  : 0xffc00000 - 0xfff00000   (3072 kB)
[    0.000000]     vmalloc : 0xd0800000 - 0xff000000   ( 744 MB)
[    0.000000]     lowmem  : 0xc0000000 - 0xd0000000   ( 256 MB)
[    0.000000]     modules : 0xbf000000 - 0xc0000000   (  16 MB)
[    0.000000]       .text : 0xc0008000 - 0xc05c67bc   (5882 kB)
[    0.000000]       .init : 0xc05c7000 - 0xc05f4000   ( 180 kB)
[    0.000000]       .data : 0xc05f4000 - 0xc061e840   ( 171 kB)
[    0.000000]        .bss : 0xc0621000 - 0xc06462d4   ( 149 kB)
[    0.000000] NR_IRQS:16 nr_irqs:16 16
[    0.000000] Architected cp15 timer(s) running at 62.50MHz (virt).
[    0.000000] clocksource arch_sys_counter: mask: 0xffffffffffffff max_cycles: 0x1cd42e208c, max_idle_ns: 881590405314 ns
[    0.000130] sched_clock: 56 bits at 62MHz, resolution 16ns, wraps every 4398046511096ns
[    0.000233] Switching to timer-based delay loop, resolution 16ns
[    0.002757] Console: colour dummy device 80x30
[    0.003025] Calibrating delay loop (skipped), value calculated using timer frequency.. 125.00 BogoMIPS (lpj=625000)
[    0.003131] pid_max: default: 32768 minimum: 301
[    0.003878] Mount-cache hash table entries: 1024 (order: 0, 4096 bytes)
[    0.003909] Mountpoint-cache hash table entries: 1024 (order: 0, 4096 bytes)
[    0.011470] CPU: Testing write buffer coherency: ok
[    0.017696] Setting up static identity map for 0x40008240 - 0x40008298
[    0.029760] VFP support v0.3: implementor 41 architecture 4 part 30 variant f rev 0
[    0.039739] clocksource jiffies: mask: 0xffffffff max_cycles: 0xffffffff, max_idle_ns: 19112604462750000 ns
[    0.047198] NET: Registered protocol family 16
[    0.049683] DMA: preallocated 256 KiB pool for atomic coherent allocations
[    0.052895] cpuidle: using governor ladder
[    0.053219] cpuidle: using governor menu
[    0.056164] genirq: Setting trigger mode 1 for irq 20 failed (gic_set_type+0x0/0x48)
[    0.057608] genirq: Setting trigger mode 1 for irq 21 failed (gic_set_type+0x0/0x48)
[    0.057866] genirq: Setting trigger mode 1 for irq 22 failed (gic_set_type+0x0/0x48)
[    0.058126] genirq: Setting trigger mode 1 for irq 23 failed (gic_set_type+0x0/0x48)
[    0.058428] genirq: Setting trigger mode 1 for irq 24 failed (gic_set_type+0x0/0x48)
[    0.058680] genirq: Setting trigger mode 1 for irq 25 failed (gic_set_type+0x0/0x48)
[    0.058916] genirq: Setting trigger mode 1 for irq 26 failed (gic_set_type+0x0/0x48)
[    0.059154] genirq: Setting trigger mode 1 for irq 27 failed (gic_set_type+0x0/0x48)
[    0.059488] genirq: Setting trigger mode 1 for irq 28 failed (gic_set_type+0x0/0x48)
[    0.059739] genirq: Setting trigger mode 1 for irq 29 failed (gic_set_type+0x0/0x48)
[    0.059970] genirq: Setting trigger mode 1 for irq 30 failed (gic_set_type+0x0/0x48)
[    0.060218] genirq: Setting trigger mode 1 for irq 31 failed (gic_set_type+0x0/0x48)
[    0.060449] genirq: Setting trigger mode 1 for irq 32 failed (gic_set_type+0x0/0x48)
[    0.060688] genirq: Setting trigger mode 1 for irq 33 failed (gic_set_type+0x0/0x48)
[    0.060916] genirq: Setting trigger mode 1 for irq 34 failed (gic_set_type+0x0/0x48)
[    0.061144] genirq: Setting trigger mode 1 for irq 35 failed (gic_set_type+0x0/0x48)
[    0.061379] genirq: Setting trigger mode 1 for irq 36 failed (gic_set_type+0x0/0x48)
[    0.061618] genirq: Setting trigger mode 1 for irq 37 failed (gic_set_type+0x0/0x48)
[    0.061895] genirq: Setting trigger mode 1 for irq 38 failed (gic_set_type+0x0/0x48)
[    0.062160] genirq: Setting trigger mode 1 for irq 39 failed (gic_set_type+0x0/0x48)
[    0.062418] genirq: Setting trigger mode 1 for irq 40 failed (gic_set_type+0x0/0x48)
[    0.062667] genirq: Setting trigger mode 1 for irq 41 failed (gic_set_type+0x0/0x48)
[    0.062919] genirq: Setting trigger mode 1 for irq 42 failed (gic_set_type+0x0/0x48)
[    0.063379] genirq: Setting trigger mode 1 for irq 43 failed (gic_set_type+0x0/0x48)
[    0.063656] genirq: Setting trigger mode 1 for irq 44 failed (gic_set_type+0x0/0x48)
[    0.063918] genirq: Setting trigger mode 1 for irq 45 failed (gic_set_type+0x0/0x48)
[    0.064163] genirq: Setting trigger mode 1 for irq 46 failed (gic_set_type+0x0/0x48)
[    0.064451] genirq: Setting trigger mode 1 for irq 47 failed (gic_set_type+0x0/0x48)
[    0.064706] genirq: Setting trigger mode 1 for irq 48 failed (gic_set_type+0x0/0x48)
[    0.064949] genirq: Setting trigger mode 1 for irq 49 failed (gic_set_type+0x0/0x48)
[    0.065185] genirq: Setting trigger mode 1 for irq 50 failed (gic_set_type+0x0/0x48)
[    0.065423] genirq: Setting trigger mode 1 for irq 51 failed (gic_set_type+0x0/0x48)
[    0.065838] genirq: Setting trigger mode 1 for irq 52 failed (gic_set_type+0x0/0x48)
[    0.068884] Serial: AMBA PL011 UART driver
[    0.070577] 9000000.pl011: ttyS0 at MMIO 0x9000000 (irq = 52, base_baud = 0) is a PL011 rev1
[    0.091655] console [ttyS0] enabled
[    0.110488] vgaarb: loaded
[    0.111699] SCSI subsystem initialized
[    0.112559] usbcore: registered new interface driver usbfs
[    0.112920] usbcore: registered new interface driver hub
[    0.113263] usbcore: registered new device driver usb
[    0.120753] cfg80211: Calling CRDA to update world regulatory domain
[    0.122744] Switched to clocksource arch_sys_counter
[    0.137027] NET: Registered protocol family 2
[    0.141077] TCP established hash table entries: 2048 (order: 1, 8192 bytes)
[    0.141414] TCP bind hash table entries: 2048 (order: 1, 8192 bytes)
[    0.141787] TCP: Hash tables configured (established 2048 bind 2048)
[    0.142337] UDP hash table entries: 256 (order: 0, 4096 bytes)
[    0.142922] UDP-Lite hash table entries: 256 (order: 0, 4096 bytes)
[    0.144173] NET: Registered protocol family 1
[    0.144599] PCI: CLS 0 bytes, default 64
[    0.150456] NetWinder Floating Point Emulator V0.97 (extended precision)
[    0.152840] futex hash table entries: 256 (order: -1, 3072 bytes)
[    0.157600] squashfs: version 4.0 (2009/01/31) Phillip Lougher
[    0.158596] jffs2: version 2.2. (NAND) Â© 2001-2006 Red Hat, Inc.
[    0.159362] romfs: ROMFS MTD (C) 2007 Red Hat, Inc.
[    0.166743] Block layer SCSI generic (bsg) driver version 0.4 loaded (major 253)
[    0.167112] io scheduler noop registered
[    0.167365] io scheduler cfq registered (default)
[    0.167990] firmadyne: devfs: 1, execute: 1, procfs: 1, syscall: 1
[    0.169123] ------------[ cut here ]------------
[    0.169324] WARNING: CPU: 0 PID: 1 at /home/vagrant/firmadyne-kernel/kernel-v4.1/fs/sysfs/dir.c:31 sysfs_warn_dup+0x50/0x6c()
[    0.169710] sysfs: cannot create duplicate filename '/class/gpio'
[    0.169949] Modules linked in:
[    0.170274] CPU: 0 PID: 1 Comm: swapper Not tainted 4.1.17+ #1
[    0.170497] Hardware name: Generic DT based system
[    0.171159] [<c001c99c>] (unwind_backtrace) from [<c0019d30>] (show_stack+0x10/0x14)
[    0.171515] [<c0019d30>] (show_stack) from [<c0024ab4>] (warn_slowpath_common+0x80/0xa8)
[    0.171822] [<c0024ab4>] (warn_slowpath_common) from [<c0024b08>] (warn_slowpath_fmt+0x2c/0x3c)
[    0.172172] [<c0024b08>] (warn_slowpath_fmt) from [<c00e363c>] (sysfs_warn_dup+0x50/0x6c)
[    0.172556] [<c00e363c>] (sysfs_warn_dup) from [<c00e3714>] (sysfs_create_dir_ns+0x74/0x84)
[    0.173007] [<c00e3714>] (sysfs_create_dir_ns) from [<c018e6ac>] (kobject_add_internal+0xb8/0x2ac)
[    0.173335] [<c018e6ac>] (kobject_add_internal) from [<c018e9a8>] (kset_register+0x1c/0x44)
[    0.173641] [<c018e9a8>] (kset_register) from [<c02090b4>] (__class_register+0xa8/0x198)
[    0.173938] [<c02090b4>] (__class_register) from [<c02091e4>] (__class_create+0x40/0x70)
[    0.174241] [<c02091e4>] (__class_create) from [<c01adf68>] (register_devfs_stubs+0x314/0xbb4)
[    0.174558] [<c01adf68>] (register_devfs_stubs) from [<c05d9b08>] (init_module+0x28/0xa4)
[    0.174879] [<c05d9b08>] (init_module) from [<c0009670>] (do_one_initcall+0x104/0x1b4)
[    0.175165] [<c0009670>] (do_one_initcall) from [<c05c7d08>] (kernel_init_freeable+0xf0/0x1b0)
[    0.175475] [<c05c7d08>] (kernel_init_freeable) from [<c040f28c>] (kernel_init+0x8/0xe4)
[    0.175761] [<c040f28c>] (kernel_init) from [<c0016da8>] (ret_from_fork+0x14/0x2c)
[    0.176098] ---[ end trace bacd2e7dde5397f0 ]---
[    0.176336] ------------[ cut here ]------------
[    0.176514] WARNING: CPU: 0 PID: 1 at /home/vagrant/firmadyne-kernel/kernel-v4.1/lib/kobject.c:240 kobject_add_internal+0x240/0x2ac()
[    0.176910] kobject_add_internal failed for gpio with -EEXIST, don't try to register things with the same name in the same directory.
[    0.177305] Modules linked in:
[    0.177486] CPU: 0 PID: 1 Comm: swapper Tainted: G        W       4.1.17+ #1
[    0.177727] Hardware name: Generic DT based system
[    0.177915] [<c001c99c>] (unwind_backtrace) from [<c0019d30>] (show_stack+0x10/0x14)
[    0.183379] [<c0019d30>] (show_stack) from [<c0024ab4>] (warn_slowpath_common+0x80/0xa8)
[    0.183684] [<c0024ab4>] (warn_slowpath_common) from [<c0024b08>] (warn_slowpath_fmt+0x2c/0x3c)
[    0.184001] [<c0024b08>] (warn_slowpath_fmt) from [<c018e834>] (kobject_add_internal+0x240/0x2ac)
[    0.184316] [<c018e834>] (kobject_add_internal) from [<c018e9a8>] (kset_register+0x1c/0x44)
[    0.184613] [<c018e9a8>] (kset_register) from [<c02090b4>] (__class_register+0xa8/0x198)
[    0.184904] [<c02090b4>] (__class_register) from [<c02091e4>] (__class_create+0x40/0x70)
[    0.185196] [<c02091e4>] (__class_create) from [<c01adf68>] (register_devfs_stubs+0x314/0xbb4)
[    0.185505] [<c01adf68>] (register_devfs_stubs) from [<c05d9b08>] (init_module+0x28/0xa4)
[    0.185801] [<c05d9b08>] (init_module) from [<c0009670>] (do_one_initcall+0x104/0x1b4)
[    0.186088] [<c0009670>] (do_one_initcall) from [<c05c7d08>] (kernel_init_freeable+0xf0/0x1b0)
[    0.186415] [<c05c7d08>] (kernel_init_freeable) from [<c040f28c>] (kernel_init+0x8/0xe4)
[    0.186701] [<c040f28c>] (kernel_init) from [<c0016da8>] (ret_from_fork+0x14/0x2c)
[    0.186999] ---[ end trace bacd2e7dde5397f1 ]---
[    0.187218] firmadyne: Cannot create device class: gpio!
[    0.188651] firmadyne: Cannot register character device: watchdog, 0xa, 0x82!
[    0.188924] firmadyne: Cannot register character device: wdt, 0xfd, 0x0!
[    0.283491] Non-volatile memory driver v1.3
[    0.302179] brd: module loaded
[    0.310620] loop: module loaded
[    0.318865]  vda: vda1
[    0.322965] [nandsim] warning: read_byte: unexpected data output cycle, state is STATE_READY return 0x0
[    0.323318] [nandsim] warning: read_byte: unexpected data output cycle, state is STATE_READY return 0x0
[    0.323641] [nandsim] warning: read_byte: unexpected data output cycle, state is STATE_READY return 0x0
[    0.323958] [nandsim] warning: read_byte: unexpected data output cycle, state is STATE_READY return 0x0
[    0.324277] [nandsim] warning: read_byte: unexpected data output cycle, state is STATE_READY return 0x0
[    0.324594] [nandsim] warning: read_byte: unexpected data output cycle, state is STATE_READY return 0x0
[    0.325120] nand: device found, Manufacturer ID: 0x98, Chip ID: 0x39
[    0.325360] nand: Toshiba NAND 128MiB 1,8V 8-bit
[    0.325547] nand: 128 MiB, SLC, erase size: 16 KiB, page size: 512, OOB size: 16
[    0.326439] flash size: 128 MiB
[    0.326565] page size: 512 bytes
[    0.326687] OOB area size: 16 bytes
[    0.326817] sector size: 16 KiB
[    0.326934] pages number: 262144
[    0.327054] pages per sector: 32
[    0.327173] bus width: 8
[    0.327271] bits in sector size: 14
[    0.327398] bits in page size: 9
[    0.327521] bits in OOB size: 4
[    0.327644] flash size with OOB: 135168 KiB
[    0.327798] page address bytes: 4
[    0.327921] sector address bytes: 3
[    0.328050] options: 0x42
[    0.331762] Scanning device for bad blocks
[    0.455795] Creating 11 MTD partitions on "NAND 128MiB 1,8V 8-bit":
[    0.456287] 0x000000000000-0x000000100000 : "NAND simulator partition 0"
[    0.459166] 0x000000100000-0x000000200000 : "NAND simulator partition 1"
[    0.460467] 0x000000200000-0x000000300000 : "NAND simulator partition 2"
[    0.461725] 0x000000300000-0x000000400000 : "NAND simulator partition 3"
[    0.463241] 0x000000400000-0x000000500000 : "NAND simulator partition 4"
[    0.464489] 0x000000500000-0x000000600000 : "NAND simulator partition 5"
[    0.465783] 0x000000600000-0x000000700000 : "NAND simulator partition 6"
[    0.467090] 0x000000700000-0x000000800000 : "NAND simulator partition 7"
[    0.468474] 0x000000800000-0x000000900000 : "NAND simulator partition 8"
[    0.469897] 0x000000900000-0x000000a00000 : "NAND simulator partition 9"
[    0.471212] 0x000000a00000-0x000008000000 : "NAND simulator partition 10"
[    0.475606] tun: Universal TUN/TAP device driver, 1.6
[    0.475808] tun: (C) 1999-2004 Max Krasnyansky <maxk@qualcomm.com>
[    0.495200] PPP generic driver version 2.4.2
[    0.495882] PPP BSD Compression module registered
[    0.496099] PPP Deflate Compression module registered
[    0.496369] PPP MPPE Compression module registered
[    0.496579] NET: Registered protocol family 24
[    0.496918] PPTP driver version 0.8.5
[    0.497606] usbcore: registered new interface driver usb-storage
[    0.499193] hidraw: raw HID events driver (C) Jiri Kosina
[    0.499706] usbcore: registered new interface driver usbhid
[    0.499913] usbhid: USB HID core driver
[    0.500369] Netfilter messages via NETLINK v0.30.
[    0.500974] nf_conntrack version 0.5.0 (3958 buckets, 15832 max)
[    0.502272] ctnetlink v0.93: registering with nfnetlink.
[    0.503842] ipip: IPv4 over IPv4 tunneling driver
[    0.505665] gre: GRE over IPv4 demultiplexor driver
[    0.505886] ip_gre: GRE over IPv4 tunneling driver
[    0.510290] ip_tables: (C) 2000-2006 Netfilter Core Team
[    0.511819] arp_tables: (C) 2002 David S. Miller
[    0.513073] Initializing XFRM netlink socket
[    0.513590] NET: Registered protocol family 10
[    0.519480] ip6_tables: (C) 2000-2006 Netfilter Core Team
[    0.520995] sit: IPv6 over IPv4 tunneling driver
[    0.524530] NET: Registered protocol family 17
[    0.525118] bridge: automatic filtering via arp/ip/ip6tables has been deprecated. Update your scripts to load br_netfilter if you need this.
[    0.525632] Bridge firewalling registered
[    0.525830] Ebtables v2.0 registered
[    0.526884] 8021q: 802.1Q VLAN Support v1.8
[    0.527477] Registering SWP/SWPB emulation handler
[    0.529335] hctosys: unable to open rtc device (rtc0)
[    0.538448] EXT4-fs (vda1): couldn't mount as ext3 due to feature incompatibilities
[    0.541606] EXT4-fs (vda1): mounting ext2 file system using the ext4 subsystem
[    0.552969] EXT4-fs (vda1): mounted filesystem without journal. Opts: (null)
[    0.554032] VFS: Mounted root (ext2 filesystem) on device 254:1.
[    0.558861] Freeing unused kernel memory: 180K (c05c7000 - c05f4000)
[    0.560824] Starting init: /sbin/init exists but couldn't execute it (error -20)
[    0.566455] Starting init: /bin/init exists but couldn't execute it (error -20)
[    0.566746] firmadyne: do_execve: /firmadyne/console
[    0.566989] OFFSETS: offset of pid: 0x190 offset of comm: 0x270
[    0.567238] Starting init: /bin/sh exists but couldn't execute it (error -20)
[    0.567545] Kernel panic - not syncing: No working init found.  Try passing init= option to kernel. See Linux Documentation/init.txt for guidance.
[    0.568016] CPU: 0 PID: 1 Comm: swapper Tainted: G        W       4.1.17+ #1
[    0.568259] Hardware name: Generic DT based system
[    0.568472] [<c001c99c>] (unwind_backtrace) from [<c0019d30>] (show_stack+0x10/0x14)
[    0.568755] [<c0019d30>] (show_stack) from [<c0410b78>] (panic+0x70/0x1c8)
[    0.569011] [<c0410b78>] (panic) from [<c040f33c>] (kernel_init+0xb8/0xe4)
[    0.569259] [<c040f33c>] (kernel_init) from [<c0016da8>] (ret_from_fork+0x14/0x2c)
[    0.569701] ---[ end Kernel panic - not syncing: No working init found.  Try passing init= option to kernel. See Linux Documentation/init.txt for guidance.
