[    0.000000] Booting Linux on physical CPU 0x0
[    0.000000] Linux version 4.1.17+ (vagrant@vagrant-ubuntu-trusty-64) (gcc version 5.3.0 (GCC) ) #1 Thu Feb 18 01:05:21 UTC 2016
[    0.000000] CPU: ARMv7 Processor [412fc0f1] revision 1 (ARMv7), cr=10c5387d
[    0.000000] CPU: PIPT / VIPT nonaliasing data cache, PIPT instruction cache
[    0.000000] Machine model: linux,dummy-virt
[    0.000000] debug: ignoring loglevel setting.
[    0.000000] Memory policy: Data cache writeback
[    0.000000] On node 0 totalpages: 65536
[    0.000000] free_area_init_node: node 0, pgdat c061dfe8, node_mem_map cfdf9000
[    0.000000]   Normal zone: 512 pages used for memmap
[    0.000000]   Normal zone: 0 pages reserved
[    0.000000]   Normal zone: 65536 pages, LIFO batch:15
[    0.000000] CPU: All CPU(s) started in SVC mode.
[    0.000000] pcpu-alloc: s0 r0 d32768 u32768 alloc=1*32768
[    0.000000] pcpu-alloc: [0] 0 
[    0.000000] Built 1 zonelists in Zone order, mobility grouping on.  Total pages: 65024
[    0.000000] Kernel command line: root=/dev/vda1 console=ttyS0 nandsim.parts=64,64,64,64,64,64,64,64,64,64 rdinit=/firmadyne/preInit.sh rw debug ignore_loglevel print-fatal-signals=1 user_debug=31 firmadyne.syscall=0
[    0.000000] PID hash table entries: 1024 (order: 0, 4096 bytes)
[    0.000000] Dentry cache hash table entries: 32768 (order: 5, 131072 bytes)
[    0.000000] Inode-cache hash table entries: 16384 (order: 4, 65536 bytes)
[    0.000000] Memory: 253344K/262144K available (4297K kernel code, 170K rwdata, 1584K rodata, 180K init, 148K bss, 8800K reserved, 0K cma-reserved)
[    0.000000] Virtual kernel memory layout:
[    0.000000]     vector  : 0xffff0000 - 0xffff1000   (   4 kB)
[    0.000000]     fixmap  : 0xffc00000 - 0xfff00000   (3072 kB)
[    0.000000]     vmalloc : 0xd0800000 - 0xff000000   ( 744 MB)
[    0.000000]     lowmem  : 0xc0000000 - 0xd0000000   ( 256 MB)
[    0.000000]     modules : 0xbf000000 - 0xc0000000   (  16 MB)
[    0.000000]       .text : 0xc0008000 - 0xc05c67bc   (5882 kB)
[    0.000000]       .init : 0xc05c7000 - 0xc05f4000   ( 180 kB)
[    0.000000]       .data : 0xc05f4000 - 0xc061e840   ( 171 kB)
[    0.000000]        .bss : 0xc0621000 - 0xc06462d4   ( 149 kB)
[    0.000000] NR_IRQS:16 nr_irqs:16 16
[    0.000000] Architected cp15 timer(s) running at 62.50MHz (virt).
[    0.000000] clocksource arch_sys_counter: mask: 0xffffffffffffff max_cycles: 0x1cd42e208c, max_idle_ns: 881590405314 ns
[    0.000112] sched_clock: 56 bits at 62MHz, resolution 16ns, wraps every 4398046511096ns
[    0.000200] Switching to timer-based delay loop, resolution 16ns
[    0.002729] Console: colour dummy device 80x30
[    0.002998] Calibrating delay loop (skipped), value calculated using timer frequency.. 125.00 BogoMIPS (lpj=625000)
[    0.003103] pid_max: default: 32768 minimum: 301
[    0.003858] Mount-cache hash table entries: 1024 (order: 0, 4096 bytes)
[    0.003888] Mountpoint-cache hash table entries: 1024 (order: 0, 4096 bytes)
[    0.011180] CPU: Testing write buffer coherency: ok
[    0.015917] Setting up static identity map for 0x40008240 - 0x40008298
[    0.027155] VFP support v0.3: implementor 41 architecture 4 part 30 variant f rev 0
[    0.035714] clocksource jiffies: mask: 0xffffffff max_cycles: 0xffffffff, max_idle_ns: 19112604462750000 ns
[    0.042056] NET: Registered protocol family 16
[    0.044419] DMA: preallocated 256 KiB pool for atomic coherent allocations
[    0.047199] cpuidle: using governor ladder
[    0.047307] cpuidle: using governor menu
[    0.049768] genirq: Setting trigger mode 1 for irq 20 failed (gic_set_type+0x0/0x48)
[    0.051026] genirq: Setting trigger mode 1 for irq 21 failed (gic_set_type+0x0/0x48)
[    0.051249] genirq: Setting trigger mode 1 for irq 22 failed (gic_set_type+0x0/0x48)
[    0.051472] genirq: Setting trigger mode 1 for irq 23 failed (gic_set_type+0x0/0x48)
[    0.051697] genirq: Setting trigger mode 1 for irq 24 failed (gic_set_type+0x0/0x48)
[    0.051909] genirq: Setting trigger mode 1 for irq 25 failed (gic_set_type+0x0/0x48)
[    0.052112] genirq: Setting trigger mode 1 for irq 26 failed (gic_set_type+0x0/0x48)
[    0.052317] genirq: Setting trigger mode 1 for irq 27 failed (gic_set_type+0x0/0x48)
[    0.052803] genirq: Setting trigger mode 1 for irq 28 failed (gic_set_type+0x0/0x48)
[    0.053043] genirq: Setting trigger mode 1 for irq 29 failed (gic_set_type+0x0/0x48)
[    0.053247] genirq: Setting trigger mode 1 for irq 30 failed (gic_set_type+0x0/0x48)
[    0.053477] genirq: Setting trigger mode 1 for irq 31 failed (gic_set_type+0x0/0x48)
[    0.053680] genirq: Setting trigger mode 1 for irq 32 failed (gic_set_type+0x0/0x48)
[    0.053886] genirq: Setting trigger mode 1 for irq 33 failed (gic_set_type+0x0/0x48)
[    0.054082] genirq: Setting trigger mode 1 for irq 34 failed (gic_set_type+0x0/0x48)
[    0.054299] genirq: Setting trigger mode 1 for irq 35 failed (gic_set_type+0x0/0x48)
[    0.054504] genirq: Setting trigger mode 1 for irq 36 failed (gic_set_type+0x0/0x48)
[    0.054710] genirq: Setting trigger mode 1 for irq 37 failed (gic_set_type+0x0/0x48)
[    0.054952] genirq: Setting trigger mode 1 for irq 38 failed (gic_set_type+0x0/0x48)
[    0.055165] genirq: Setting trigger mode 1 for irq 39 failed (gic_set_type+0x0/0x48)
[    0.055370] genirq: Setting trigger mode 1 for irq 40 failed (gic_set_type+0x0/0x48)
[    0.055578] genirq: Setting trigger mode 1 for irq 41 failed (gic_set_type+0x0/0x48)
[    0.055793] genirq: Setting trigger mode 1 for irq 42 failed (gic_set_type+0x0/0x48)
[    0.056009] genirq: Setting trigger mode 1 for irq 43 failed (gic_set_type+0x0/0x48)
[    0.056228] genirq: Setting trigger mode 1 for irq 44 failed (gic_set_type+0x0/0x48)
[    0.056450] genirq: Setting trigger mode 1 for irq 45 failed (gic_set_type+0x0/0x48)
[    0.056659] genirq: Setting trigger mode 1 for irq 46 failed (gic_set_type+0x0/0x48)
[    0.056902] genirq: Setting trigger mode 1 for irq 47 failed (gic_set_type+0x0/0x48)
[    0.057119] genirq: Setting trigger mode 1 for irq 48 failed (gic_set_type+0x0/0x48)
[    0.057328] genirq: Setting trigger mode 1 for irq 49 failed (gic_set_type+0x0/0x48)
[    0.057545] genirq: Setting trigger mode 1 for irq 50 failed (gic_set_type+0x0/0x48)
[    0.057751] genirq: Setting trigger mode 1 for irq 51 failed (gic_set_type+0x0/0x48)
[    0.058106] genirq: Setting trigger mode 1 for irq 52 failed (gic_set_type+0x0/0x48)
[    0.060713] Serial: AMBA PL011 UART driver
[    0.062200] 9000000.pl011: ttyS0 at MMIO 0x9000000 (irq = 52, base_baud = 0) is a PL011 rev1
[    0.114572] console [ttyS0] enabled
[    0.132431] vgaarb: loaded
[    0.134032] SCSI subsystem initialized
[    0.135606] usbcore: registered new interface driver usbfs
[    0.136678] usbcore: registered new interface driver hub
[    0.137746] usbcore: registered new device driver usb
[    0.144856] cfg80211: Calling CRDA to update world regulatory domain
[    0.147942] Switched to clocksource arch_sys_counter
[    0.160888] NET: Registered protocol family 2
[    0.165024] TCP established hash table entries: 2048 (order: 1, 8192 bytes)
[    0.166242] TCP bind hash table entries: 2048 (order: 1, 8192 bytes)
[    0.167394] TCP: Hash tables configured (established 2048 bind 2048)
[    0.168953] UDP hash table entries: 256 (order: 0, 4096 bytes)
[    0.170122] UDP-Lite hash table entries: 256 (order: 0, 4096 bytes)
[    0.172203] NET: Registered protocol family 1
[    0.173217] PCI: CLS 0 bytes, default 64
[    0.179487] NetWinder Floating Point Emulator V0.97 (extended precision)
[    0.182858] futex hash table entries: 256 (order: -1, 3072 bytes)
[    0.188101] squashfs: version 4.0 (2009/01/31) Phillip Lougher
[    0.190182] jffs2: version 2.2. (NAND) Â© 2001-2006 Red Hat, Inc.
[    0.191838] romfs: ROMFS MTD (C) 2007 Red Hat, Inc.
[    0.199281] Block layer SCSI generic (bsg) driver version 0.4 loaded (major 253)
[    0.200607] io scheduler noop registered
[    0.201376] io scheduler cfq registered (default)
[    0.202840] firmadyne: devfs: 1, execute: 1, procfs: 1, syscall: 0
[    0.204974] ------------[ cut here ]------------
[    0.205841] WARNING: CPU: 0 PID: 1 at /home/vagrant/firmadyne-kernel/kernel-v4.1/fs/sysfs/dir.c:31 sysfs_warn_dup+0x50/0x6c()
[    0.208045] sysfs: cannot create duplicate filename '/class/gpio'
[    0.209098] Modules linked in:
[    0.209965] CPU: 0 PID: 1 Comm: swapper Not tainted 4.1.17+ #1
[    0.211029] Hardware name: Generic DT based system
[    0.212383] [<c001c99c>] (unwind_backtrace) from [<c0019d30>] (show_stack+0x10/0x14)
[    0.213746] [<c0019d30>] (show_stack) from [<c0024ab4>] (warn_slowpath_common+0x80/0xa8)
[    0.215275] [<c0024ab4>] (warn_slowpath_common) from [<c0024b08>] (warn_slowpath_fmt+0x2c/0x3c)
[    0.216702] [<c0024b08>] (warn_slowpath_fmt) from [<c00e363c>] (sysfs_warn_dup+0x50/0x6c)
[    0.218313] [<c00e363c>] (sysfs_warn_dup) from [<c00e3714>] (sysfs_create_dir_ns+0x74/0x84)
[    0.219725] [<c00e3714>] (sysfs_create_dir_ns) from [<c018e6ac>] (kobject_add_internal+0xb8/0x2ac)
[    0.220648] [<c018e6ac>] (kobject_add_internal) from [<c018e9a8>] (kset_register+0x1c/0x44)
[    0.221376] [<c018e9a8>] (kset_register) from [<c02090b4>] (__class_register+0xa8/0x198)
[    0.222099] [<c02090b4>] (__class_register) from [<c02091e4>] (__class_create+0x40/0x70)
[    0.222853] [<c02091e4>] (__class_create) from [<c01adf68>] (register_devfs_stubs+0x314/0xbb4)
[    0.223742] [<c01adf68>] (register_devfs_stubs) from [<c05d9b08>] (init_module+0x28/0xa4)
[    0.224480] [<c05d9b08>] (init_module) from [<c0009670>] (do_one_initcall+0x104/0x1b4)
[    0.225374] [<c0009670>] (do_one_initcall) from [<c05c7d08>] (kernel_init_freeable+0xf0/0x1b0)
[    0.226248] [<c05c7d08>] (kernel_init_freeable) from [<c040f28c>] (kernel_init+0x8/0xe4)
[    0.226917] [<c040f28c>] (kernel_init) from [<c0016da8>] (ret_from_fork+0x14/0x2c)
[    0.227612] ---[ end trace 7f2790ed552e4ab8 ]---
[    0.228614] ------------[ cut here ]------------
[    0.229262] WARNING: CPU: 0 PID: 1 at /home/vagrant/firmadyne-kernel/kernel-v4.1/lib/kobject.c:240 kobject_add_internal+0x240/0x2ac()
[    0.230315] kobject_add_internal failed for gpio with -EEXIST, don't try to register things with the same name in the same directory.
[    0.231291] Modules linked in:
[    0.231793] CPU: 0 PID: 1 Comm: swapper Tainted: G        W       4.1.17+ #1
[    0.232347] Hardware name: Generic DT based system
[    0.232879] [<c001c99c>] (unwind_backtrace) from [<c0019d30>] (show_stack+0x10/0x14)
[    0.233362] [<c0019d30>] (show_stack) from [<c0024ab4>] (warn_slowpath_common+0x80/0xa8)
[    0.234130] [<c0024ab4>] (warn_slowpath_common) from [<c0024b08>] (warn_slowpath_fmt+0x2c/0x3c)
[    0.235013] [<c0024b08>] (warn_slowpath_fmt) from [<c018e834>] (kobject_add_internal+0x240/0x2ac)
[    0.235867] [<c018e834>] (kobject_add_internal) from [<c018e9a8>] (kset_register+0x1c/0x44)
[    0.236633] [<c018e9a8>] (kset_register) from [<c02090b4>] (__class_register+0xa8/0x198)
[    0.237196] [<c02090b4>] (__class_register) from [<c02091e4>] (__class_create+0x40/0x70)
[    0.238192] [<c02091e4>] (__class_create) from [<c01adf68>] (register_devfs_stubs+0x314/0xbb4)
[    0.239223] [<c01adf68>] (register_devfs_stubs) from [<c05d9b08>] (init_module+0x28/0xa4)
[    0.239773] [<c05d9b08>] (init_module) from [<c0009670>] (do_one_initcall+0x104/0x1b4)
[    0.240408] [<c0009670>] (do_one_initcall) from [<c05c7d08>] (kernel_init_freeable+0xf0/0x1b0)
[    0.241162] [<c05c7d08>] (kernel_init_freeable) from [<c040f28c>] (kernel_init+0x8/0xe4)
[    0.241958] [<c040f28c>] (kernel_init) from [<c0016da8>] (ret_from_fork+0x14/0x2c)
[    0.242606] ---[ end trace 7f2790ed552e4ab9 ]---
[    0.243097] firmadyne: Cannot create device class: gpio!
[    0.244705] firmadyne: Cannot register character device: watchdog, 0xa, 0x82!
[    0.245870] firmadyne: Cannot register character device: wdt, 0xfd, 0x0!
[    0.332349] Non-volatile memory driver v1.3
[    0.349221] brd: module loaded
[    0.356393] loop: module loaded
[    0.365211]  vda: vda1
[    0.369215] [nandsim] warning: read_byte: unexpected data output cycle, state is STATE_READY return 0x0
[    0.370938] [nandsim] warning: read_byte: unexpected data output cycle, state is STATE_READY return 0x0
[    0.372343] [nandsim] warning: read_byte: unexpected data output cycle, state is STATE_READY return 0x0
[    0.373763] [nandsim] warning: read_byte: unexpected data output cycle, state is STATE_READY return 0x0
[    0.375167] [nandsim] warning: read_byte: unexpected data output cycle, state is STATE_READY return 0x0
[    0.376563] [nandsim] warning: read_byte: unexpected data output cycle, state is STATE_READY return 0x0
[    0.378153] nand: device found, Manufacturer ID: 0x98, Chip ID: 0x39
[    0.379146] nand: Toshiba NAND 128MiB 1,8V 8-bit
[    0.379814] nand: 128 MiB, SLC, erase size: 16 KiB, page size: 512, OOB size: 16
[    0.381042] flash size: 128 MiB
[    0.381592] page size: 512 bytes
[    0.382218] OOB area size: 16 bytes
[    0.382845] sector size: 16 KiB
[    0.383442] pages number: 262144
[    0.383915] pages per sector: 32
[    0.384149] bus width: 8
[    0.384409] bits in sector size: 14
[    0.384728] bits in page size: 9
[    0.384909] bits in OOB size: 4
[    0.385062] flash size with OOB: 135168 KiB
[    0.385786] page address bytes: 4
[    0.386150] sector address bytes: 3
[    0.386426] options: 0x42
[    0.391337] Scanning device for bad blocks
[    0.491182] Creating 11 MTD partitions on "NAND 128MiB 1,8V 8-bit":
[    0.492761] 0x000000000000-0x000000100000 : "NAND simulator partition 0"
[    0.496600] 0x000000100000-0x000000200000 : "NAND simulator partition 1"
[    0.499198] 0x000000200000-0x000000300000 : "NAND simulator partition 2"
[    0.501658] 0x000000300000-0x000000400000 : "NAND simulator partition 3"
[    0.504087] 0x000000400000-0x000000500000 : "NAND simulator partition 4"
[    0.506518] 0x000000500000-0x000000600000 : "NAND simulator partition 5"
[    0.509207] 0x000000600000-0x000000700000 : "NAND simulator partition 6"
[    0.511685] 0x000000700000-0x000000800000 : "NAND simulator partition 7"
[    0.514175] 0x000000800000-0x000000900000 : "NAND simulator partition 8"
[    0.516788] 0x000000900000-0x000000a00000 : "NAND simulator partition 9"
[    0.519480] 0x000000a00000-0x000008000000 : "NAND simulator partition 10"
[    0.524862] tun: Universal TUN/TAP device driver, 1.6
[    0.525902] tun: (C) 1999-2004 Max Krasnyansky <maxk@qualcomm.com>
[    0.544775] PPP generic driver version 2.4.2
[    0.546326] PPP BSD Compression module registered
[    0.547307] PPP Deflate Compression module registered
[    0.548619] PPP MPPE Compression module registered
[    0.549588] NET: Registered protocol family 24
[    0.550697] PPTP driver version 0.8.5
[    0.552053] usbcore: registered new interface driver usb-storage
[    0.554682] hidraw: raw HID events driver (C) Jiri Kosina
[    0.556082] usbcore: registered new interface driver usbhid
[    0.556943] usbhid: USB HID core driver
[    0.558243] Netfilter messages via NETLINK v0.30.
[    0.559672] nf_conntrack version 0.5.0 (3958 buckets, 15832 max)
[    0.561683] ctnetlink v0.93: registering with nfnetlink.
[    0.563910] ipip: IPv4 over IPv4 tunneling driver
[    0.566291] gre: GRE over IPv4 demultiplexor driver
[    0.567297] ip_gre: GRE over IPv4 tunneling driver
[    0.572354] ip_tables: (C) 2000-2006 Netfilter Core Team
[    0.574677] arp_tables: (C) 2002 David S. Miller
[    0.576426] Initializing XFRM netlink socket
[    0.577535] NET: Registered protocol family 10
[    0.583970] ip6_tables: (C) 2000-2006 Netfilter Core Team
[    0.586230] sit: IPv6 over IPv4 tunneling driver
[    0.590433] NET: Registered protocol family 17
[    0.591795] bridge: automatic filtering via arp/ip/ip6tables has been deprecated. Update your scripts to load br_netfilter if you need this.
[    0.593886] Bridge firewalling registered
[    0.594733] Ebtables v2.0 registered
[    0.596307] 8021q: 802.1Q VLAN Support v1.8
[    0.597551] Registering SWP/SWPB emulation handler
[    0.600388] hctosys: unable to open rtc device (rtc0)
[    0.610011] EXT4-fs (vda1): couldn't mount as ext3 due to feature incompatibilities
[    0.613035] EXT4-fs (vda1): mounting ext2 file system using the ext4 subsystem
[    0.624053] EXT4-fs (vda1): warning: mounting unchecked fs, running e2fsck is recommended
[    0.627653] EXT4-fs (vda1): mounted filesystem without journal. Opts: (null)
[    0.629828] VFS: Mounted root (ext2 filesystem) on device 254:1.
[    0.635637] Freeing unused kernel memory: 180K (c05c7000 - c05f4000)
[    0.643320] Starting init: /sbin/init exists but couldn't execute it (error -20)
[    0.649897] Starting init: /bin/init exists but couldn't execute it (error -20)
[    0.651273] firmadyne: do_execve: /firmadyne/console
[    0.652080] OFFSETS: offset of pid: 0x190 offset of comm: 0x270
[    0.653057] Starting init: /bin/sh exists but couldn't execute it (error -20)
[    0.654391] Kernel panic - not syncing: No working init found.  Try passing init= option to kernel. See Linux Documentation/init.txt for guidance.
[    0.656480] CPU: 0 PID: 1 Comm: swapper Tainted: G        W       4.1.17+ #1
[    0.657582] Hardware name: Generic DT based system
[    0.658649] [<c001c99c>] (unwind_backtrace) from [<c0019d30>] (show_stack+0x10/0x14)
[    0.659946] [<c0019d30>] (show_stack) from [<c0410b78>] (panic+0x70/0x1c8)
[    0.660719] [<c0410b78>] (panic) from [<c040f33c>] (kernel_init+0xb8/0xe4)
[    0.661346] [<c040f33c>] (kernel_init) from [<c0016da8>] (ret_from_fork+0x14/0x2c)
[    0.662415] ---[ end Kernel panic - not syncing: No working init found.  Try passing init= option to kernel. See Linux Documentation/init.txt for guidance.
