[    0.000000] Booting Linux on physical CPU 0x0
[    0.000000] Linux version 4.1.17+ (vagrant@vagrant-ubuntu-trusty-64) (gcc version 5.3.0 (GCC) ) #1 Thu Feb 18 01:05:21 UTC 2016
[    0.000000] CPU: ARMv7 Processor [412fc0f1] revision 1 (ARMv7), cr=10c5387d
[    0.000000] CPU: PIPT / VIPT nonaliasing data cache, PIPT instruction cache
[    0.000000] Machine model: linux,dummy-virt
[    0.000000] debug: ignoring loglevel setting.
[    0.000000] Memory policy: Data cache writeback
[    0.000000] On node 0 totalpages: 65536
[    0.000000] free_area_init_node: node 0, pgdat c061dfe8, node_mem_map cfdf9000
[    0.000000]   Normal zone: 512 pages used for memmap
[    0.000000]   Normal zone: 0 pages reserved
[    0.000000]   Normal zone: 65536 pages, LIFO batch:15
[    0.000000] CPU: All CPU(s) started in SVC mode.
[    0.000000] pcpu-alloc: s0 r0 d32768 u32768 alloc=1*32768
[    0.000000] pcpu-alloc: [0] 0 
[    0.000000] Built 1 zonelists in Zone order, mobility grouping on.  Total pages: 65024
[    0.000000] Kernel command line: firmadyne.syscall=1 root=/dev/vda1 console=ttyS0 nandsim.parts=64,64,64,64,64,64,64,64,64,64 rdinit=/firmadyne/preInit.sh rw debug ignore_loglevel print-fatal-signals=1 user_debug=31
[    0.000000] PID hash table entries: 1024 (order: 0, 4096 bytes)
[    0.000000] Dentry cache hash table entries: 32768 (order: 5, 131072 bytes)
[    0.000000] Inode-cache hash table entries: 16384 (order: 4, 65536 bytes)
[    0.000000] Memory: 253344K/262144K available (4297K kernel code, 170K rwdata, 1584K rodata, 180K init, 148K bss, 8800K reserved, 0K cma-reserved)
[    0.000000] Virtual kernel memory layout:
[    0.000000]     vector  : 0xffff0000 - 0xffff1000   (   4 kB)
[    0.000000]     fixmap  : 0xffc00000 - 0xfff00000   (3072 kB)
[    0.000000]     vmalloc : 0xd0800000 - 0xff000000   ( 744 MB)
[    0.000000]     lowmem  : 0xc0000000 - 0xd0000000   ( 256 MB)
[    0.000000]     modules : 0xbf000000 - 0xc0000000   (  16 MB)
[    0.000000]       .text : 0xc0008000 - 0xc05c67bc   (5882 kB)
[    0.000000]       .init : 0xc05c7000 - 0xc05f4000   ( 180 kB)
[    0.000000]       .data : 0xc05f4000 - 0xc061e840   ( 171 kB)
[    0.000000]        .bss : 0xc0621000 - 0xc06462d4   ( 149 kB)
[    0.000000] NR_IRQS:16 nr_irqs:16 16
[    0.000000] Architected cp15 timer(s) running at 62.50MHz (virt).
[    0.000000] clocksource arch_sys_counter: mask: 0xffffffffffffff max_cycles: 0x1cd42e208c, max_idle_ns: 881590405314 ns
[    0.000127] sched_clock: 56 bits at 62MHz, resolution 16ns, wraps every 4398046511096ns
[    0.000229] Switching to timer-based delay loop, resolution 16ns
[    0.002784] Console: colour dummy device 80x30
[    0.003016] Calibrating delay loop (skipped), value calculated using timer frequency.. 125.00 BogoMIPS (lpj=625000)
[    0.003105] pid_max: default: 32768 minimum: 301
[    0.003748] Mount-cache hash table entries: 1024 (order: 0, 4096 bytes)
[    0.003774] Mountpoint-cache hash table entries: 1024 (order: 0, 4096 bytes)
[    0.010966] CPU: Testing write buffer coherency: ok
[    0.015646] Setting up static identity map for 0x40008240 - 0x40008298
[    0.027454] VFP support v0.3: implementor 41 architecture 4 part 30 variant f rev 0
[    0.036819] clocksource jiffies: mask: 0xffffffff max_cycles: 0xffffffff, max_idle_ns: 19112604462750000 ns
[    0.044201] NET: Registered protocol family 16
[    0.046709] DMA: preallocated 256 KiB pool for atomic coherent allocations
[    0.049804] cpuidle: using governor ladder
[    0.049928] cpuidle: using governor menu
[    0.052550] genirq: Setting trigger mode 1 for irq 20 failed (gic_set_type+0x0/0x48)
[    0.054184] genirq: Setting trigger mode 1 for irq 21 failed (gic_set_type+0x0/0x48)
[    0.054412] genirq: Setting trigger mode 1 for irq 22 failed (gic_set_type+0x0/0x48)
[    0.054635] genirq: Setting trigger mode 1 for irq 23 failed (gic_set_type+0x0/0x48)
[    0.054861] genirq: Setting trigger mode 1 for irq 24 failed (gic_set_type+0x0/0x48)
[    0.055075] genirq: Setting trigger mode 1 for irq 25 failed (gic_set_type+0x0/0x48)
[    0.055278] genirq: Setting trigger mode 1 for irq 26 failed (gic_set_type+0x0/0x48)
[    0.055485] genirq: Setting trigger mode 1 for irq 27 failed (gic_set_type+0x0/0x48)
[    0.055770] genirq: Setting trigger mode 1 for irq 28 failed (gic_set_type+0x0/0x48)
[    0.055985] genirq: Setting trigger mode 1 for irq 29 failed (gic_set_type+0x0/0x48)
[    0.056185] genirq: Setting trigger mode 1 for irq 30 failed (gic_set_type+0x0/0x48)
[    0.056399] genirq: Setting trigger mode 1 for irq 31 failed (gic_set_type+0x0/0x48)
[    0.056642] genirq: Setting trigger mode 1 for irq 32 failed (gic_set_type+0x0/0x48)
[    0.056883] genirq: Setting trigger mode 1 for irq 33 failed (gic_set_type+0x0/0x48)
[    0.057136] genirq: Setting trigger mode 1 for irq 34 failed (gic_set_type+0x0/0x48)
[    0.057368] genirq: Setting trigger mode 1 for irq 35 failed (gic_set_type+0x0/0x48)
[    0.057606] genirq: Setting trigger mode 1 for irq 36 failed (gic_set_type+0x0/0x48)
[    0.057847] genirq: Setting trigger mode 1 for irq 37 failed (gic_set_type+0x0/0x48)
[    0.058120] genirq: Setting trigger mode 1 for irq 38 failed (gic_set_type+0x0/0x48)
[    0.058335] genirq: Setting trigger mode 1 for irq 39 failed (gic_set_type+0x0/0x48)
[    0.058540] genirq: Setting trigger mode 1 for irq 40 failed (gic_set_type+0x0/0x48)
[    0.058749] genirq: Setting trigger mode 1 for irq 41 failed (gic_set_type+0x0/0x48)
[    0.058966] genirq: Setting trigger mode 1 for irq 42 failed (gic_set_type+0x0/0x48)
[    0.059182] genirq: Setting trigger mode 1 for irq 43 failed (gic_set_type+0x0/0x48)
[    0.059403] genirq: Setting trigger mode 1 for irq 44 failed (gic_set_type+0x0/0x48)
[    0.059626] genirq: Setting trigger mode 1 for irq 45 failed (gic_set_type+0x0/0x48)
[    0.059836] genirq: Setting trigger mode 1 for irq 46 failed (gic_set_type+0x0/0x48)
[    0.060080] genirq: Setting trigger mode 1 for irq 47 failed (gic_set_type+0x0/0x48)
[    0.060298] genirq: Setting trigger mode 1 for irq 48 failed (gic_set_type+0x0/0x48)
[    0.060569] genirq: Setting trigger mode 1 for irq 49 failed (gic_set_type+0x0/0x48)
[    0.060811] genirq: Setting trigger mode 1 for irq 50 failed (gic_set_type+0x0/0x48)
[    0.061070] genirq: Setting trigger mode 1 for irq 51 failed (gic_set_type+0x0/0x48)
[    0.061485] genirq: Setting trigger mode 1 for irq 52 failed (gic_set_type+0x0/0x48)
[    0.064416] Serial: AMBA PL011 UART driver
[    0.066146] 9000000.pl011: ttyS0 at MMIO 0x9000000 (irq = 52, base_baud = 0) is a PL011 rev1
[    0.086148] console [ttyS0] enabled
[    0.104218] vgaarb: loaded
[    0.105683] SCSI subsystem initialized
[    0.106550] usbcore: registered new interface driver usbfs
[    0.106872] usbcore: registered new interface driver hub
[    0.107165] usbcore: registered new device driver usb
[    0.114058] cfg80211: Calling CRDA to update world regulatory domain
[    0.116145] Switched to clocksource arch_sys_counter
[    0.130550] NET: Registered protocol family 2
[    0.134389] TCP established hash table entries: 2048 (order: 1, 8192 bytes)
[    0.134713] TCP bind hash table entries: 2048 (order: 1, 8192 bytes)
[    0.135027] TCP: Hash tables configured (established 2048 bind 2048)
[    0.135471] UDP hash table entries: 256 (order: 0, 4096 bytes)
[    0.135731] UDP-Lite hash table entries: 256 (order: 0, 4096 bytes)
[    0.137168] NET: Registered protocol family 1
[    0.137595] PCI: CLS 0 bytes, default 64
[    0.143369] NetWinder Floating Point Emulator V0.97 (extended precision)
[    0.145385] futex hash table entries: 256 (order: -1, 3072 bytes)
[    0.150084] squashfs: version 4.0 (2009/01/31) Phillip Lougher
[    0.150971] jffs2: version 2.2. (NAND) Â© 2001-2006 Red Hat, Inc.
[    0.151607] romfs: ROMFS MTD (C) 2007 Red Hat, Inc.
[    0.160106] Block layer SCSI generic (bsg) driver version 0.4 loaded (major 253)
[    0.160423] io scheduler noop registered
[    0.160686] io scheduler cfq registered (default)
[    0.161339] firmadyne: devfs: 1, execute: 1, procfs: 1, syscall: 1
[    0.162478] ------------[ cut here ]------------
[    0.162677] WARNING: CPU: 0 PID: 1 at /home/vagrant/firmadyne-kernel/kernel-v4.1/fs/sysfs/dir.c:31 sysfs_warn_dup+0x50/0x6c()
[    0.163012] sysfs: cannot create duplicate filename '/class/gpio'
[    0.163217] Modules linked in:
[    0.163606] CPU: 0 PID: 1 Comm: swapper Not tainted 4.1.17+ #1
[    0.163840] Hardware name: Generic DT based system
[    0.164649] [<c001c99c>] (unwind_backtrace) from [<c0019d30>] (show_stack+0x10/0x14)
[    0.165031] [<c0019d30>] (show_stack) from [<c0024ab4>] (warn_slowpath_common+0x80/0xa8)
[    0.165343] [<c0024ab4>] (warn_slowpath_common) from [<c0024b08>] (warn_slowpath_fmt+0x2c/0x3c)
[    0.165703] [<c0024b08>] (warn_slowpath_fmt) from [<c00e363c>] (sysfs_warn_dup+0x50/0x6c)
[    0.166212] [<c00e363c>] (sysfs_warn_dup) from [<c00e3714>] (sysfs_create_dir_ns+0x74/0x84)
[    0.166518] [<c00e3714>] (sysfs_create_dir_ns) from [<c018e6ac>] (kobject_add_internal+0xb8/0x2ac)
[    0.166813] [<c018e6ac>] (kobject_add_internal) from [<c018e9a8>] (kset_register+0x1c/0x44)
[    0.167070] [<c018e9a8>] (kset_register) from [<c02090b4>] (__class_register+0xa8/0x198)
[    0.167320] [<c02090b4>] (__class_register) from [<c02091e4>] (__class_create+0x40/0x70)
[    0.167570] [<c02091e4>] (__class_create) from [<c01adf68>] (register_devfs_stubs+0x314/0xbb4)
[    0.167835] [<c01adf68>] (register_devfs_stubs) from [<c05d9b08>] (init_module+0x28/0xa4)
[    0.168111] [<c05d9b08>] (init_module) from [<c0009670>] (do_one_initcall+0x104/0x1b4)
[    0.168358] [<c0009670>] (do_one_initcall) from [<c05c7d08>] (kernel_init_freeable+0xf0/0x1b0)
[    0.168710] [<c05c7d08>] (kernel_init_freeable) from [<c040f28c>] (kernel_init+0x8/0xe4)
[    0.169010] [<c040f28c>] (kernel_init) from [<c0016da8>] (ret_from_fork+0x14/0x2c)
[    0.169342] ---[ end trace c4731c798c2fd3ef ]---
[    0.169581] ------------[ cut here ]------------
[    0.169759] WARNING: CPU: 0 PID: 1 at /home/vagrant/firmadyne-kernel/kernel-v4.1/lib/kobject.c:240 kobject_add_internal+0x240/0x2ac()
[    0.170159] kobject_add_internal failed for gpio with -EEXIST, don't try to register things with the same name in the same directory.
[    0.170553] Modules linked in:
[    0.170718] CPU: 0 PID: 1 Comm: swapper Tainted: G        W       4.1.17+ #1
[    0.170925] Hardware name: Generic DT based system
[    0.171087] [<c001c99c>] (unwind_backtrace) from [<c0019d30>] (show_stack+0x10/0x14)
[    0.171326] [<c0019d30>] (show_stack) from [<c0024ab4>] (warn_slowpath_common+0x80/0xa8)
[    0.171577] [<c0024ab4>] (warn_slowpath_common) from [<c0024b08>] (warn_slowpath_fmt+0x2c/0x3c)
[    0.171854] [<c0024b08>] (warn_slowpath_fmt) from [<c018e834>] (kobject_add_internal+0x240/0x2ac)
[    0.172139] [<c018e834>] (kobject_add_internal) from [<c018e9a8>] (kset_register+0x1c/0x44)
[    0.172403] [<c018e9a8>] (kset_register) from [<c02090b4>] (__class_register+0xa8/0x198)
[    0.172716] [<c02090b4>] (__class_register) from [<c02091e4>] (__class_create+0x40/0x70)
[    0.173027] [<c02091e4>] (__class_create) from [<c01adf68>] (register_devfs_stubs+0x314/0xbb4)
[    0.173342] [<c01adf68>] (register_devfs_stubs) from [<c05d9b08>] (init_module+0x28/0xa4)
[    0.173639] [<c05d9b08>] (init_module) from [<c0009670>] (do_one_initcall+0x104/0x1b4)
[    0.173933] [<c0009670>] (do_one_initcall) from [<c05c7d08>] (kernel_init_freeable+0xf0/0x1b0)
[    0.174245] [<c05c7d08>] (kernel_init_freeable) from [<c040f28c>] (kernel_init+0x8/0xe4)
[    0.174539] [<c040f28c>] (kernel_init) from [<c0016da8>] (ret_from_fork+0x14/0x2c)
[    0.174807] ---[ end trace c4731c798c2fd3f0 ]---
[    0.174994] firmadyne: Cannot create device class: gpio!
[    0.176458] firmadyne: Cannot register character device: watchdog, 0xa, 0x82!
[    0.176768] firmadyne: Cannot register character device: wdt, 0xfd, 0x0!
[    0.266590] Non-volatile memory driver v1.3
[    0.286897] brd: module loaded
[    0.294746] loop: module loaded
[    0.302944]  vda: vda1
[    0.306673] [nandsim] warning: read_byte: unexpected data output cycle, state is STATE_READY return 0x0
[    0.306988] [nandsim] warning: read_byte: unexpected data output cycle, state is STATE_READY return 0x0
[    0.307263] [nandsim] warning: read_byte: unexpected data output cycle, state is STATE_READY return 0x0
[    0.307538] [nandsim] warning: read_byte: unexpected data output cycle, state is STATE_READY return 0x0
[    0.307812] [nandsim] warning: read_byte: unexpected data output cycle, state is STATE_READY return 0x0
[    0.308086] [nandsim] warning: read_byte: unexpected data output cycle, state is STATE_READY return 0x0
[    0.308579] nand: device found, Manufacturer ID: 0x98, Chip ID: 0x39
[    0.308820] nand: Toshiba NAND 128MiB 1,8V 8-bit
[    0.309019] nand: 128 MiB, SLC, erase size: 16 KiB, page size: 512, OOB size: 16
[    0.309892] flash size: 128 MiB
[    0.309999] page size: 512 bytes
[    0.310104] OOB area size: 16 bytes
[    0.310215] sector size: 16 KiB
[    0.310316] pages number: 262144
[    0.310418] pages per sector: 32
[    0.310521] bus width: 8
[    0.310605] bits in sector size: 14
[    0.310715] bits in page size: 9
[    0.310820] bits in OOB size: 4
[    0.310925] flash size with OOB: 135168 KiB
[    0.311053] page address bytes: 4
[    0.311166] sector address bytes: 3
[    0.311275] options: 0x42
[    0.316300] Scanning device for bad blocks
[    0.430532] Creating 11 MTD partitions on "NAND 128MiB 1,8V 8-bit":
[    0.430948] 0x000000000000-0x000000100000 : "NAND simulator partition 0"
[    0.433477] 0x000000100000-0x000000200000 : "NAND simulator partition 1"
[    0.434646] 0x000000200000-0x000000300000 : "NAND simulator partition 2"
[    0.435763] 0x000000300000-0x000000400000 : "NAND simulator partition 3"
[    0.437113] 0x000000400000-0x000000500000 : "NAND simulator partition 4"
[    0.438216] 0x000000500000-0x000000600000 : "NAND simulator partition 5"
[    0.439290] 0x000000600000-0x000000700000 : "NAND simulator partition 6"
[    0.440429] 0x000000700000-0x000000800000 : "NAND simulator partition 7"
[    0.441956] 0x000000800000-0x000000900000 : "NAND simulator partition 8"
[    0.443376] 0x000000900000-0x000000a00000 : "NAND simulator partition 9"
[    0.444451] 0x000000a00000-0x000008000000 : "NAND simulator partition 10"
[    0.448552] tun: Universal TUN/TAP device driver, 1.6
[    0.448749] tun: (C) 1999-2004 Max Krasnyansky <maxk@qualcomm.com>
[    0.467475] PPP generic driver version 2.4.2
[    0.468069] PPP BSD Compression module registered
[    0.468255] PPP Deflate Compression module registered
[    0.468483] PPP MPPE Compression module registered
[    0.468713] NET: Registered protocol family 24
[    0.469062] PPTP driver version 0.8.5
[    0.469766] usbcore: registered new interface driver usb-storage
[    0.471108] hidraw: raw HID events driver (C) Jiri Kosina
[    0.471525] usbcore: registered new interface driver usbhid
[    0.471690] usbhid: USB HID core driver
[    0.472059] Netfilter messages via NETLINK v0.30.
[    0.472594] nf_conntrack version 0.5.0 (3958 buckets, 15832 max)
[    0.473878] ctnetlink v0.93: registering with nfnetlink.
[    0.475043] ipip: IPv4 over IPv4 tunneling driver
[    0.476880] gre: GRE over IPv4 demultiplexor driver
[    0.477117] ip_gre: GRE over IPv4 tunneling driver
[    0.482710] ip_tables: (C) 2000-2006 Netfilter Core Team
[    0.483937] arp_tables: (C) 2002 David S. Miller
[    0.484872] Initializing XFRM netlink socket
[    0.485392] NET: Registered protocol family 10
[    0.490757] ip6_tables: (C) 2000-2006 Netfilter Core Team
[    0.491945] sit: IPv6 over IPv4 tunneling driver
[    0.494968] NET: Registered protocol family 17
[    0.495434] bridge: automatic filtering via arp/ip/ip6tables has been deprecated. Update your scripts to load br_netfilter if you need this.
[    0.495874] Bridge firewalling registered
[    0.496226] Ebtables v2.0 registered
[    0.497407] 8021q: 802.1Q VLAN Support v1.8
[    0.497930] Registering SWP/SWPB emulation handler
[    0.499483] hctosys: unable to open rtc device (rtc0)
[    0.507493] EXT4-fs (vda1): couldn't mount as ext3 due to feature incompatibilities
[    0.509015] EXT4-fs (vda1): mounting ext2 file system using the ext4 subsystem
[    0.518647] EXT4-fs (vda1): mounted filesystem without journal. Opts: (null)
[    0.519479] VFS: Mounted root (ext2 filesystem) on device 254:1.
[    0.523765] Freeing unused kernel memory: 180K (c05c7000 - c05f4000)
[    0.525552] Starting init: /sbin/init exists but couldn't execute it (error -20)
[    0.530600] Starting init: /bin/init exists but couldn't execute it (error -20)
[    0.530851] firmadyne: do_execve: /firmadyne/console
[    0.531056] OFFSETS: offset of pid: 0x190 offset of comm: 0x270
[    0.531268] Starting init: /bin/sh exists but couldn't execute it (error -20)
[    0.531526] Kernel panic - not syncing: No working init found.  Try passing init= option to kernel. See Linux Documentation/init.txt for guidance.
[    0.531925] CPU: 0 PID: 1 Comm: swapper Tainted: G        W       4.1.17+ #1
[    0.532134] Hardware name: Generic DT based system
[    0.532308] [<c001c99c>] (unwind_backtrace) from [<c0019d30>] (show_stack+0x10/0x14)
[    0.532584] [<c0019d30>] (show_stack) from [<c0410b78>] (panic+0x70/0x1c8)
[    0.532836] [<c0410b78>] (panic) from [<c040f33c>] (kernel_init+0xb8/0xe4)
[    0.533095] [<c040f33c>] (kernel_init) from [<c0016da8>] (ret_from_fork+0x14/0x2c)
[    0.533529] ---[ end Kernel panic - not syncing: No working init found.  Try passing init= option to kernel. See Linux Documentation/init.txt for guidance.
