[    0.000000] Booting Linux on physical CPU 0x0
[    0.000000] Linux version 4.1.17+ (vagrant@vagrant-ubuntu-trusty-64) (gcc version 5.3.0 (GCC) ) #1 Thu Feb 18 01:05:21 UTC 2016
[    0.000000] CPU: ARMv7 Processor [412fc0f1] revision 1 (ARMv7), cr=10c5387d
[    0.000000] CPU: PIPT / VIPT nonaliasing data cache, PIPT instruction cache
[    0.000000] Machine model: linux,dummy-virt
[    0.000000] debug: ignoring loglevel setting.
[    0.000000] Memory policy: Data cache writeback
[    0.000000] On node 0 totalpages: 65536
[    0.000000] free_area_init_node: node 0, pgdat c061dfe8, node_mem_map cfdf9000
[    0.000000]   Normal zone: 512 pages used for memmap
[    0.000000]   Normal zone: 0 pages reserved
[    0.000000]   Normal zone: 65536 pages, LIFO batch:15
[    0.000000] CPU: All CPU(s) started in SVC mode.
[    0.000000] pcpu-alloc: s0 r0 d32768 u32768 alloc=1*32768
[    0.000000] pcpu-alloc: [0] 0 
[    0.000000] Built 1 zonelists in Zone order, mobility grouping on.  Total pages: 65024
[    0.000000] Kernel command line: firmadyne.syscall=1 root=/dev/vda1 console=ttyS0 nandsim.parts=64,64,64,64,64,64,64,64,64,64 rdinit=/firmadyne/preInit.sh rw debug ignore_loglevel print-fatal-signals=1 user_debug=31
[    0.000000] PID hash table entries: 1024 (order: 0, 4096 bytes)
[    0.000000] Dentry cache hash table entries: 32768 (order: 5, 131072 bytes)
[    0.000000] Inode-cache hash table entries: 16384 (order: 4, 65536 bytes)
[    0.000000] Memory: 253344K/262144K available (4297K kernel code, 170K rwdata, 1584K rodata, 180K init, 148K bss, 8800K reserved, 0K cma-reserved)
[    0.000000] Virtual kernel memory layout:
[    0.000000]     vector  : 0xffff0000 - 0xffff1000   (   4 kB)
[    0.000000]     fixmap  : 0xffc00000 - 0xfff00000   (3072 kB)
[    0.000000]     vmalloc : 0xd0800000 - 0xff000000   ( 744 MB)
[    0.000000]     lowmem  : 0xc0000000 - 0xd0000000   ( 256 MB)
[    0.000000]     modules : 0xbf000000 - 0xc0000000   (  16 MB)
[    0.000000]       .text : 0xc0008000 - 0xc05c67bc   (5882 kB)
[    0.000000]       .init : 0xc05c7000 - 0xc05f4000   ( 180 kB)
[    0.000000]       .data : 0xc05f4000 - 0xc061e840   ( 171 kB)
[    0.000000]        .bss : 0xc0621000 - 0xc06462d4   ( 149 kB)
[    0.000000] NR_IRQS:16 nr_irqs:16 16
[    0.000000] Architected cp15 timer(s) running at 62.50MHz (virt).
[    0.000000] clocksource arch_sys_counter: mask: 0xffffffffffffff max_cycles: 0x1cd42e208c, max_idle_ns: 881590405314 ns
[    0.000113] sched_clock: 56 bits at 62MHz, resolution 16ns, wraps every 4398046511096ns
[    0.000201] Switching to timer-based delay loop, resolution 16ns
[    0.002450] Console: colour dummy device 80x30
[    0.002715] Calibrating delay loop (skipped), value calculated using timer frequency.. 125.00 BogoMIPS (lpj=625000)
[    0.002816] pid_max: default: 32768 minimum: 301
[    0.003522] Mount-cache hash table entries: 1024 (order: 0, 4096 bytes)
[    0.003548] Mountpoint-cache hash table entries: 1024 (order: 0, 4096 bytes)
[    0.008708] CPU: Testing write buffer coherency: ok
[    0.014997] Setting up static identity map for 0x40008240 - 0x40008298
[    0.025873] VFP support v0.3: implementor 41 architecture 4 part 30 variant f rev 0
[    0.035411] clocksource jiffies: mask: 0xffffffff max_cycles: 0xffffffff, max_idle_ns: 19112604462750000 ns
[    0.042173] NET: Registered protocol family 16
[    0.044802] DMA: preallocated 256 KiB pool for atomic coherent allocations
[    0.047717] cpuidle: using governor ladder
[    0.047840] cpuidle: using governor menu
[    0.050409] genirq: Setting trigger mode 1 for irq 20 failed (gic_set_type+0x0/0x48)
[    0.051846] genirq: Setting trigger mode 1 for irq 21 failed (gic_set_type+0x0/0x48)
[    0.052112] genirq: Setting trigger mode 1 for irq 22 failed (gic_set_type+0x0/0x48)
[    0.052336] genirq: Setting trigger mode 1 for irq 23 failed (gic_set_type+0x0/0x48)
[    0.052562] genirq: Setting trigger mode 1 for irq 24 failed (gic_set_type+0x0/0x48)
[    0.052974] genirq: Setting trigger mode 1 for irq 25 failed (gic_set_type+0x0/0x48)
[    0.053201] genirq: Setting trigger mode 1 for irq 26 failed (gic_set_type+0x0/0x48)
[    0.053413] genirq: Setting trigger mode 1 for irq 27 failed (gic_set_type+0x0/0x48)
[    0.053708] genirq: Setting trigger mode 1 for irq 28 failed (gic_set_type+0x0/0x48)
[    0.053968] genirq: Setting trigger mode 1 for irq 29 failed (gic_set_type+0x0/0x48)
[    0.054203] genirq: Setting trigger mode 1 for irq 30 failed (gic_set_type+0x0/0x48)
[    0.054453] genirq: Setting trigger mode 1 for irq 31 failed (gic_set_type+0x0/0x48)
[    0.054684] genirq: Setting trigger mode 1 for irq 32 failed (gic_set_type+0x0/0x48)
[    0.054923] genirq: Setting trigger mode 1 for irq 33 failed (gic_set_type+0x0/0x48)
[    0.055150] genirq: Setting trigger mode 1 for irq 34 failed (gic_set_type+0x0/0x48)
[    0.055346] genirq: Setting trigger mode 1 for irq 35 failed (gic_set_type+0x0/0x48)
[    0.055574] genirq: Setting trigger mode 1 for irq 36 failed (gic_set_type+0x0/0x48)
[    0.055784] genirq: Setting trigger mode 1 for irq 37 failed (gic_set_type+0x0/0x48)
[    0.056025] genirq: Setting trigger mode 1 for irq 38 failed (gic_set_type+0x0/0x48)
[    0.056239] genirq: Setting trigger mode 1 for irq 39 failed (gic_set_type+0x0/0x48)
[    0.056442] genirq: Setting trigger mode 1 for irq 40 failed (gic_set_type+0x0/0x48)
[    0.056652] genirq: Setting trigger mode 1 for irq 41 failed (gic_set_type+0x0/0x48)
[    0.056915] genirq: Setting trigger mode 1 for irq 42 failed (gic_set_type+0x0/0x48)
[    0.057165] genirq: Setting trigger mode 1 for irq 43 failed (gic_set_type+0x0/0x48)
[    0.057421] genirq: Setting trigger mode 1 for irq 44 failed (gic_set_type+0x0/0x48)
[    0.057643] genirq: Setting trigger mode 1 for irq 45 failed (gic_set_type+0x0/0x48)
[    0.057880] genirq: Setting trigger mode 1 for irq 46 failed (gic_set_type+0x0/0x48)
[    0.058164] genirq: Setting trigger mode 1 for irq 47 failed (gic_set_type+0x0/0x48)
[    0.058417] genirq: Setting trigger mode 1 for irq 48 failed (gic_set_type+0x0/0x48)
[    0.058660] genirq: Setting trigger mode 1 for irq 49 failed (gic_set_type+0x0/0x48)
[    0.058898] genirq: Setting trigger mode 1 for irq 50 failed (gic_set_type+0x0/0x48)
[    0.059136] genirq: Setting trigger mode 1 for irq 51 failed (gic_set_type+0x0/0x48)
[    0.059566] genirq: Setting trigger mode 1 for irq 52 failed (gic_set_type+0x0/0x48)
[    0.062319] Serial: AMBA PL011 UART driver
[    0.064072] 9000000.pl011: ttyS0 at MMIO 0x9000000 (irq = 52, base_baud = 0) is a PL011 rev1
[    0.082326] console [ttyS0] enabled
[    0.098428] vgaarb: loaded
[    0.099936] SCSI subsystem initialized
[    0.100685] usbcore: registered new interface driver usbfs
[    0.100994] usbcore: registered new interface driver hub
[    0.101288] usbcore: registered new device driver usb
[    0.107966] cfg80211: Calling CRDA to update world regulatory domain
[    0.109659] Switched to clocksource arch_sys_counter
[    0.122505] NET: Registered protocol family 2
[    0.125948] TCP established hash table entries: 2048 (order: 1, 8192 bytes)
[    0.126295] TCP bind hash table entries: 2048 (order: 1, 8192 bytes)
[    0.126658] TCP: Hash tables configured (established 2048 bind 2048)
[    0.127188] UDP hash table entries: 256 (order: 0, 4096 bytes)
[    0.127506] UDP-Lite hash table entries: 256 (order: 0, 4096 bytes)
[    0.128724] NET: Registered protocol family 1
[    0.129153] PCI: CLS 0 bytes, default 64
[    0.135044] NetWinder Floating Point Emulator V0.97 (extended precision)
[    0.137219] futex hash table entries: 256 (order: -1, 3072 bytes)
[    0.142040] squashfs: version 4.0 (2009/01/31) Phillip Lougher
[    0.142980] jffs2: version 2.2. (NAND) Â© 2001-2006 Red Hat, Inc.
[    0.143742] romfs: ROMFS MTD (C) 2007 Red Hat, Inc.
[    0.150969] Block layer SCSI generic (bsg) driver version 0.4 loaded (major 253)
[    0.151343] io scheduler noop registered
[    0.151611] io scheduler cfq registered (default)
[    0.152226] firmadyne: devfs: 1, execute: 1, procfs: 1, syscall: 1
[    0.153202] ------------[ cut here ]------------
[    0.153374] WARNING: CPU: 0 PID: 1 at /home/vagrant/firmadyne-kernel/kernel-v4.1/fs/sysfs/dir.c:31 sysfs_warn_dup+0x50/0x6c()
[    0.153710] sysfs: cannot create duplicate filename '/class/gpio'
[    0.153955] Modules linked in:
[    0.154262] CPU: 0 PID: 1 Comm: swapper Not tainted 4.1.17+ #1
[    0.154476] Hardware name: Generic DT based system
[    0.155135] [<c001c99c>] (unwind_backtrace) from [<c0019d30>] (show_stack+0x10/0x14)
[    0.155496] [<c0019d30>] (show_stack) from [<c0024ab4>] (warn_slowpath_common+0x80/0xa8)
[    0.155762] [<c0024ab4>] (warn_slowpath_common) from [<c0024b08>] (warn_slowpath_fmt+0x2c/0x3c)
[    0.156067] [<c0024b08>] (warn_slowpath_fmt) from [<c00e363c>] (sysfs_warn_dup+0x50/0x6c)
[    0.156316] [<c00e363c>] (sysfs_warn_dup) from [<c00e3714>] (sysfs_create_dir_ns+0x74/0x84)
[    0.156572] [<c00e3714>] (sysfs_create_dir_ns) from [<c018e6ac>] (kobject_add_internal+0xb8/0x2ac)
[    0.156867] [<c018e6ac>] (kobject_add_internal) from [<c018e9a8>] (kset_register+0x1c/0x44)
[    0.157166] [<c018e9a8>] (kset_register) from [<c02090b4>] (__class_register+0xa8/0x198)
[    0.157454] [<c02090b4>] (__class_register) from [<c02091e4>] (__class_create+0x40/0x70)
[    0.157744] [<c02091e4>] (__class_create) from [<c01adf68>] (register_devfs_stubs+0x314/0xbb4)
[    0.158061] [<c01adf68>] (register_devfs_stubs) from [<c05d9b08>] (init_module+0x28/0xa4)
[    0.158377] [<c05d9b08>] (init_module) from [<c0009670>] (do_one_initcall+0x104/0x1b4)
[    0.158665] [<c0009670>] (do_one_initcall) from [<c05c7d08>] (kernel_init_freeable+0xf0/0x1b0)
[    0.158974] [<c05c7d08>] (kernel_init_freeable) from [<c040f28c>] (kernel_init+0x8/0xe4)
[    0.159260] [<c040f28c>] (kernel_init) from [<c0016da8>] (ret_from_fork+0x14/0x2c)
[    0.159818] ---[ end trace 8194bf8166c1063f ]---
[    0.160061] ------------[ cut here ]------------
[    0.160238] WARNING: CPU: 0 PID: 1 at /home/vagrant/firmadyne-kernel/kernel-v4.1/lib/kobject.c:240 kobject_add_internal+0x240/0x2ac()
[    0.160581] kobject_add_internal failed for gpio with -EEXIST, don't try to register things with the same name in the same directory.
[    0.160919] Modules linked in:
[    0.161069] CPU: 0 PID: 1 Comm: swapper Tainted: G        W       4.1.17+ #1
[    0.161300] Hardware name: Generic DT based system
[    0.161489] [<c001c99c>] (unwind_backtrace) from [<c0019d30>] (show_stack+0x10/0x14)
[    0.161769] [<c0019d30>] (show_stack) from [<c0024ab4>] (warn_slowpath_common+0x80/0xa8)
[    0.162074] [<c0024ab4>] (warn_slowpath_common) from [<c0024b08>] (warn_slowpath_fmt+0x2c/0x3c)
[    0.162386] [<c0024b08>] (warn_slowpath_fmt) from [<c018e834>] (kobject_add_internal+0x240/0x2ac)
[    0.162701] [<c018e834>] (kobject_add_internal) from [<c018e9a8>] (kset_register+0x1c/0x44)
[    0.163002] [<c018e9a8>] (kset_register) from [<c02090b4>] (__class_register+0xa8/0x198)
[    0.163291] [<c02090b4>] (__class_register) from [<c02091e4>] (__class_create+0x40/0x70)
[    0.163590] [<c02091e4>] (__class_create) from [<c01adf68>] (register_devfs_stubs+0x314/0xbb4)
[    0.163900] [<c01adf68>] (register_devfs_stubs) from [<c05d9b08>] (init_module+0x28/0xa4)
[    0.164189] [<c05d9b08>] (init_module) from [<c0009670>] (do_one_initcall+0x104/0x1b4)
[    0.164434] [<c0009670>] (do_one_initcall) from [<c05c7d08>] (kernel_init_freeable+0xf0/0x1b0)
[    0.164698] [<c05c7d08>] (kernel_init_freeable) from [<c040f28c>] (kernel_init+0x8/0xe4)
[    0.164943] [<c040f28c>] (kernel_init) from [<c0016da8>] (ret_from_fork+0x14/0x2c)
[    0.165177] ---[ end trace 8194bf8166c10640 ]---
[    0.165364] firmadyne: Cannot create device class: gpio!
[    0.166738] firmadyne: Cannot register character device: watchdog, 0xa, 0x82!
[    0.167010] firmadyne: Cannot register character device: wdt, 0xfd, 0x0!
[    0.252309] Non-volatile memory driver v1.3
[    0.271346] brd: module loaded
[    0.278922] loop: module loaded
[    0.286710]  vda: vda1
[    0.290555] [nandsim] warning: read_byte: unexpected data output cycle, state is STATE_READY return 0x0
[    0.290909] [nandsim] warning: read_byte: unexpected data output cycle, state is STATE_READY return 0x0
[    0.291228] [nandsim] warning: read_byte: unexpected data output cycle, state is STATE_READY return 0x0
[    0.291557] [nandsim] warning: read_byte: unexpected data output cycle, state is STATE_READY return 0x0
[    0.291872] [nandsim] warning: read_byte: unexpected data output cycle, state is STATE_READY return 0x0
[    0.292178] [nandsim] warning: read_byte: unexpected data output cycle, state is STATE_READY return 0x0
[    0.292632] nand: device found, Manufacturer ID: 0x98, Chip ID: 0x39
[    0.292834] nand: Toshiba NAND 128MiB 1,8V 8-bit
[    0.292996] nand: 128 MiB, SLC, erase size: 16 KiB, page size: 512, OOB size: 16
[    0.293749] flash size: 128 MiB
[    0.293927] page size: 512 bytes
[    0.294049] OOB area size: 16 bytes
[    0.294179] sector size: 16 KiB
[    0.294298] pages number: 262144
[    0.294419] pages per sector: 32
[    0.294540] bus width: 8
[    0.294639] bits in sector size: 14
[    0.294766] bits in page size: 9
[    0.294891] bits in OOB size: 4
[    0.295013] flash size with OOB: 135168 KiB
[    0.295165] page address bytes: 4
[    0.295287] sector address bytes: 3
[    0.295428] options: 0x42
[    0.300246] Scanning device for bad blocks
[    0.414182] Creating 11 MTD partitions on "NAND 128MiB 1,8V 8-bit":
[    0.414676] 0x000000000000-0x000000100000 : "NAND simulator partition 0"
[    0.417281] 0x000000100000-0x000000200000 : "NAND simulator partition 1"
[    0.418608] 0x000000200000-0x000000300000 : "NAND simulator partition 2"
[    0.420093] 0x000000300000-0x000000400000 : "NAND simulator partition 3"
[    0.421197] 0x000000400000-0x000000500000 : "NAND simulator partition 4"
[    0.422323] 0x000000500000-0x000000600000 : "NAND simulator partition 5"
[    0.423462] 0x000000600000-0x000000700000 : "NAND simulator partition 6"
[    0.424570] 0x000000700000-0x000000800000 : "NAND simulator partition 7"
[    0.425762] 0x000000800000-0x000000900000 : "NAND simulator partition 8"
[    0.427040] 0x000000900000-0x000000a00000 : "NAND simulator partition 9"
[    0.428356] 0x000000a00000-0x000008000000 : "NAND simulator partition 10"
[    0.432565] tun: Universal TUN/TAP device driver, 1.6
[    0.432736] tun: (C) 1999-2004 Max Krasnyansky <maxk@qualcomm.com>
[    0.454319] PPP generic driver version 2.4.2
[    0.454918] PPP BSD Compression module registered
[    0.455117] PPP Deflate Compression module registered
[    0.455353] PPP MPPE Compression module registered
[    0.455546] NET: Registered protocol family 24
[    0.455844] PPTP driver version 0.8.5
[    0.456459] usbcore: registered new interface driver usb-storage
[    0.457821] hidraw: raw HID events driver (C) Jiri Kosina
[    0.458369] usbcore: registered new interface driver usbhid
[    0.458574] usbhid: USB HID core driver
[    0.459031] Netfilter messages via NETLINK v0.30.
[    0.459848] nf_conntrack version 0.5.0 (3958 buckets, 15832 max)
[    0.463541] ctnetlink v0.93: registering with nfnetlink.
[    0.464692] ipip: IPv4 over IPv4 tunneling driver
[    0.466450] gre: GRE over IPv4 demultiplexor driver
[    0.466671] ip_gre: GRE over IPv4 tunneling driver
[    0.470494] ip_tables: (C) 2000-2006 Netfilter Core Team
[    0.471822] arp_tables: (C) 2002 David S. Miller
[    0.472716] Initializing XFRM netlink socket
[    0.473154] NET: Registered protocol family 10
[    0.478268] ip6_tables: (C) 2000-2006 Netfilter Core Team
[    0.479745] sit: IPv6 over IPv4 tunneling driver
[    0.482607] NET: Registered protocol family 17
[    0.483105] bridge: automatic filtering via arp/ip/ip6tables has been deprecated. Update your scripts to load br_netfilter if you need this.
[    0.483553] Bridge firewalling registered
[    0.483714] Ebtables v2.0 registered
[    0.484599] 8021q: 802.1Q VLAN Support v1.8
[    0.485120] Registering SWP/SWPB emulation handler
[    0.486730] hctosys: unable to open rtc device (rtc0)
[    0.494618] EXT4-fs (vda1): couldn't mount as ext3 due to feature incompatibilities
[    0.495822] EXT4-fs (vda1): mounting ext2 file system using the ext4 subsystem
[    0.505327] EXT4-fs (vda1): mounted filesystem without journal. Opts: (null)
[    0.506226] VFS: Mounted root (ext2 filesystem) on device 254:1.
[    0.510755] Freeing unused kernel memory: 180K (c05c7000 - c05f4000)
[    0.512427] Starting init: /sbin/init exists but couldn't execute it (error -20)
[    0.517207] Starting init: /bin/init exists but couldn't execute it (error -20)
[    0.517463] firmadyne: do_execve: /firmadyne/console
[    0.517663] OFFSETS: offset of pid: 0x190 offset of comm: 0x270
[    0.517887] Starting init: /bin/sh exists but couldn't execute it (error -20)
[    0.518150] Kernel panic - not syncing: No working init found.  Try passing init= option to kernel. See Linux Documentation/init.txt for guidance.
[    0.518548] CPU: 0 PID: 1 Comm: swapper Tainted: G        W       4.1.17+ #1
[    0.518756] Hardware name: Generic DT based system
[    0.518938] [<c001c99c>] (unwind_backtrace) from [<c0019d30>] (show_stack+0x10/0x14)
[    0.519282] [<c0019d30>] (show_stack) from [<c0410b78>] (panic+0x70/0x1c8)
[    0.519581] [<c0410b78>] (panic) from [<c040f33c>] (kernel_init+0xb8/0xe4)
[    0.519796] [<c040f33c>] (kernel_init) from [<c0016da8>] (ret_from_fork+0x14/0x2c)
[    0.520223] ---[ end Kernel panic - not syncing: No working init found.  Try passing init= option to kernel. See Linux Documentation/init.txt for guidance.
