[    0.000000] Booting Linux on physical CPU 0x0
[    0.000000] Linux version 4.1.17+ (vagrant@vagrant-ubuntu-trusty-64) (gcc version 5.3.0 (GCC) ) #1 Thu Feb 18 01:05:21 UTC 2016
[    0.000000] CPU: ARMv7 Processor [412fc0f1] revision 1 (ARMv7), cr=10c5387d
[    0.000000] CPU: PIPT / VIPT nonaliasing data cache, PIPT instruction cache
[    0.000000] Machine model: linux,dummy-virt
[    0.000000] debug: ignoring loglevel setting.
[    0.000000] Memory policy: Data cache writeback
[    0.000000] On node 0 totalpages: 65536
[    0.000000] free_area_init_node: node 0, pgdat c061dfe8, node_mem_map cfdf9000
[    0.000000]   Normal zone: 512 pages used for memmap
[    0.000000]   Normal zone: 0 pages reserved
[    0.000000]   Normal zone: 65536 pages, LIFO batch:15
[    0.000000] CPU: All CPU(s) started in SVC mode.
[    0.000000] pcpu-alloc: s0 r0 d32768 u32768 alloc=1*32768
[    0.000000] pcpu-alloc: [0] 0 
[    0.000000] Built 1 zonelists in Zone order, mobility grouping on.  Total pages: 65024
[    0.000000] Kernel command line: firmadyne.syscall=1 root=/dev/vda1 console=ttyS0 nandsim.parts=64,64,64,64,64,64,64,64,64,64 rdinit=/firmadyne/preInit.sh rw debug ignore_loglevel print-fatal-signals=1 user_debug=31
[    0.000000] PID hash table entries: 1024 (order: 0, 4096 bytes)
[    0.000000] Dentry cache hash table entries: 32768 (order: 5, 131072 bytes)
[    0.000000] Inode-cache hash table entries: 16384 (order: 4, 65536 bytes)
[    0.000000] Memory: 253344K/262144K available (4297K kernel code, 170K rwdata, 1584K rodata, 180K init, 148K bss, 8800K reserved, 0K cma-reserved)
[    0.000000] Virtual kernel memory layout:
[    0.000000]     vector  : 0xffff0000 - 0xffff1000   (   4 kB)
[    0.000000]     fixmap  : 0xffc00000 - 0xfff00000   (3072 kB)
[    0.000000]     vmalloc : 0xd0800000 - 0xff000000   ( 744 MB)
[    0.000000]     lowmem  : 0xc0000000 - 0xd0000000   ( 256 MB)
[    0.000000]     modules : 0xbf000000 - 0xc0000000   (  16 MB)
[    0.000000]       .text : 0xc0008000 - 0xc05c67bc   (5882 kB)
[    0.000000]       .init : 0xc05c7000 - 0xc05f4000   ( 180 kB)
[    0.000000]       .data : 0xc05f4000 - 0xc061e840   ( 171 kB)
[    0.000000]        .bss : 0xc0621000 - 0xc06462d4   ( 149 kB)
[    0.000000] NR_IRQS:16 nr_irqs:16 16
[    0.000000] Architected cp15 timer(s) running at 62.50MHz (virt).
[    0.000000] clocksource arch_sys_counter: mask: 0xffffffffffffff max_cycles: 0x1cd42e208c, max_idle_ns: 881590405314 ns
[    0.000130] sched_clock: 56 bits at 62MHz, resolution 16ns, wraps every 4398046511096ns
[    0.000234] Switching to timer-based delay loop, resolution 16ns
[    0.002726] Console: colour dummy device 80x30
[    0.002987] Calibrating delay loop (skipped), value calculated using timer frequency.. 125.00 BogoMIPS (lpj=625000)
[    0.003089] pid_max: default: 32768 minimum: 301
[    0.003901] Mount-cache hash table entries: 1024 (order: 0, 4096 bytes)
[    0.003931] Mountpoint-cache hash table entries: 1024 (order: 0, 4096 bytes)
[    0.010966] CPU: Testing write buffer coherency: ok
[    0.015698] Setting up static identity map for 0x40008240 - 0x40008298
[    0.027229] VFP support v0.3: implementor 41 architecture 4 part 30 variant f rev 0
[    0.036615] clocksource jiffies: mask: 0xffffffff max_cycles: 0xffffffff, max_idle_ns: 19112604462750000 ns
[    0.043205] NET: Registered protocol family 16
[    0.045538] DMA: preallocated 256 KiB pool for atomic coherent allocations
[    0.048521] cpuidle: using governor ladder
[    0.048628] cpuidle: using governor menu
[    0.051060] genirq: Setting trigger mode 1 for irq 20 failed (gic_set_type+0x0/0x48)
[    0.052567] genirq: Setting trigger mode 1 for irq 21 failed (gic_set_type+0x0/0x48)
[    0.053056] genirq: Setting trigger mode 1 for irq 22 failed (gic_set_type+0x0/0x48)
[    0.053336] genirq: Setting trigger mode 1 for irq 23 failed (gic_set_type+0x0/0x48)
[    0.053603] genirq: Setting trigger mode 1 for irq 24 failed (gic_set_type+0x0/0x48)
[    0.053854] genirq: Setting trigger mode 1 for irq 25 failed (gic_set_type+0x0/0x48)
[    0.054091] genirq: Setting trigger mode 1 for irq 26 failed (gic_set_type+0x0/0x48)
[    0.054310] genirq: Setting trigger mode 1 for irq 27 failed (gic_set_type+0x0/0x48)
[    0.054600] genirq: Setting trigger mode 1 for irq 28 failed (gic_set_type+0x0/0x48)
[    0.054817] genirq: Setting trigger mode 1 for irq 29 failed (gic_set_type+0x0/0x48)
[    0.055019] genirq: Setting trigger mode 1 for irq 30 failed (gic_set_type+0x0/0x48)
[    0.055281] genirq: Setting trigger mode 1 for irq 31 failed (gic_set_type+0x0/0x48)
[    0.055517] genirq: Setting trigger mode 1 for irq 32 failed (gic_set_type+0x0/0x48)
[    0.055780] genirq: Setting trigger mode 1 for irq 33 failed (gic_set_type+0x0/0x48)
[    0.056013] genirq: Setting trigger mode 1 for irq 34 failed (gic_set_type+0x0/0x48)
[    0.056241] genirq: Setting trigger mode 1 for irq 35 failed (gic_set_type+0x0/0x48)
[    0.056469] genirq: Setting trigger mode 1 for irq 36 failed (gic_set_type+0x0/0x48)
[    0.056677] genirq: Setting trigger mode 1 for irq 37 failed (gic_set_type+0x0/0x48)
[    0.056934] genirq: Setting trigger mode 1 for irq 38 failed (gic_set_type+0x0/0x48)
[    0.057155] genirq: Setting trigger mode 1 for irq 39 failed (gic_set_type+0x0/0x48)
[    0.057359] genirq: Setting trigger mode 1 for irq 40 failed (gic_set_type+0x0/0x48)
[    0.057570] genirq: Setting trigger mode 1 for irq 41 failed (gic_set_type+0x0/0x48)
[    0.057786] genirq: Setting trigger mode 1 for irq 42 failed (gic_set_type+0x0/0x48)
[    0.058002] genirq: Setting trigger mode 1 for irq 43 failed (gic_set_type+0x0/0x48)
[    0.058223] genirq: Setting trigger mode 1 for irq 44 failed (gic_set_type+0x0/0x48)
[    0.058446] genirq: Setting trigger mode 1 for irq 45 failed (gic_set_type+0x0/0x48)
[    0.058657] genirq: Setting trigger mode 1 for irq 46 failed (gic_set_type+0x0/0x48)
[    0.058900] genirq: Setting trigger mode 1 for irq 47 failed (gic_set_type+0x0/0x48)
[    0.059129] genirq: Setting trigger mode 1 for irq 48 failed (gic_set_type+0x0/0x48)
[    0.059344] genirq: Setting trigger mode 1 for irq 49 failed (gic_set_type+0x0/0x48)
[    0.059549] genirq: Setting trigger mode 1 for irq 50 failed (gic_set_type+0x0/0x48)
[    0.059775] genirq: Setting trigger mode 1 for irq 51 failed (gic_set_type+0x0/0x48)
[    0.060134] genirq: Setting trigger mode 1 for irq 52 failed (gic_set_type+0x0/0x48)
[    0.062706] Serial: AMBA PL011 UART driver
[    0.064465] 9000000.pl011: ttyS0 at MMIO 0x9000000 (irq = 52, base_baud = 0) is a PL011 rev1
[    0.084392] console [ttyS0] enabled
[    0.102079] vgaarb: loaded
[    0.103146] SCSI subsystem initialized
[    0.104549] usbcore: registered new interface driver usbfs
[    0.104898] usbcore: registered new interface driver hub
[    0.105243] usbcore: registered new device driver usb
[    0.112221] cfg80211: Calling CRDA to update world regulatory domain
[    0.114073] Switched to clocksource arch_sys_counter
[    0.127448] NET: Registered protocol family 2
[    0.131153] TCP established hash table entries: 2048 (order: 1, 8192 bytes)
[    0.131488] TCP bind hash table entries: 2048 (order: 1, 8192 bytes)
[    0.131870] TCP: Hash tables configured (established 2048 bind 2048)
[    0.132392] UDP hash table entries: 256 (order: 0, 4096 bytes)
[    0.132693] UDP-Lite hash table entries: 256 (order: 0, 4096 bytes)
[    0.133924] NET: Registered protocol family 1
[    0.134468] PCI: CLS 0 bytes, default 64
[    0.139936] NetWinder Floating Point Emulator V0.97 (extended precision)
[    0.141983] futex hash table entries: 256 (order: -1, 3072 bytes)
[    0.146275] squashfs: version 4.0 (2009/01/31) Phillip Lougher
[    0.147077] jffs2: version 2.2. (NAND) Â© 2001-2006 Red Hat, Inc.
[    0.147856] romfs: ROMFS MTD (C) 2007 Red Hat, Inc.
[    0.154350] Block layer SCSI generic (bsg) driver version 0.4 loaded (major 253)
[    0.154669] io scheduler noop registered
[    0.154883] io scheduler cfq registered (default)
[    0.155435] firmadyne: devfs: 1, execute: 1, procfs: 1, syscall: 1
[    0.156414] ------------[ cut here ]------------
[    0.156588] WARNING: CPU: 0 PID: 1 at /home/vagrant/firmadyne-kernel/kernel-v4.1/fs/sysfs/dir.c:31 sysfs_warn_dup+0x50/0x6c()
[    0.156922] sysfs: cannot create duplicate filename '/class/gpio'
[    0.157180] Modules linked in:
[    0.157490] CPU: 0 PID: 1 Comm: swapper Not tainted 4.1.17+ #1
[    0.157705] Hardware name: Generic DT based system
[    0.158363] [<c001c99c>] (unwind_backtrace) from [<c0019d30>] (show_stack+0x10/0x14)
[    0.158669] [<c0019d30>] (show_stack) from [<c0024ab4>] (warn_slowpath_common+0x80/0xa8)
[    0.158937] [<c0024ab4>] (warn_slowpath_common) from [<c0024b08>] (warn_slowpath_fmt+0x2c/0x3c)
[    0.159251] [<c0024b08>] (warn_slowpath_fmt) from [<c00e363c>] (sysfs_warn_dup+0x50/0x6c)
[    0.159505] [<c00e363c>] (sysfs_warn_dup) from [<c00e3714>] (sysfs_create_dir_ns+0x74/0x84)
[    0.159772] [<c00e3714>] (sysfs_create_dir_ns) from [<c018e6ac>] (kobject_add_internal+0xb8/0x2ac)
[    0.160045] [<c018e6ac>] (kobject_add_internal) from [<c018e9a8>] (kset_register+0x1c/0x44)
[    0.160301] [<c018e9a8>] (kset_register) from [<c02090b4>] (__class_register+0xa8/0x198)
[    0.160549] [<c02090b4>] (__class_register) from [<c02091e4>] (__class_create+0x40/0x70)
[    0.160798] [<c02091e4>] (__class_create) from [<c01adf68>] (register_devfs_stubs+0x314/0xbb4)
[    0.161064] [<c01adf68>] (register_devfs_stubs) from [<c05d9b08>] (init_module+0x28/0xa4)
[    0.161333] [<c05d9b08>] (init_module) from [<c0009670>] (do_one_initcall+0x104/0x1b4)
[    0.161582] [<c0009670>] (do_one_initcall) from [<c05c7d08>] (kernel_init_freeable+0xf0/0x1b0)
[    0.161847] [<c05c7d08>] (kernel_init_freeable) from [<c040f28c>] (kernel_init+0x8/0xe4)
[    0.162094] [<c040f28c>] (kernel_init) from [<c0016da8>] (ret_from_fork+0x14/0x2c)
[    0.162375] ---[ end trace 6f19639987f17fbb ]---
[    0.162578] ------------[ cut here ]------------
[    0.162731] WARNING: CPU: 0 PID: 1 at /home/vagrant/firmadyne-kernel/kernel-v4.1/lib/kobject.c:240 kobject_add_internal+0x240/0x2ac()
[    0.163075] kobject_add_internal failed for gpio with -EEXIST, don't try to register things with the same name in the same directory.
[    0.163421] Modules linked in:
[    0.163570] CPU: 0 PID: 1 Comm: swapper Tainted: G        W       4.1.17+ #1
[    0.163786] Hardware name: Generic DT based system
[    0.164131] [<c001c99c>] (unwind_backtrace) from [<c0019d30>] (show_stack+0x10/0x14)
[    0.164377] [<c0019d30>] (show_stack) from [<c0024ab4>] (warn_slowpath_common+0x80/0xa8)
[    0.164631] [<c0024ab4>] (warn_slowpath_common) from [<c0024b08>] (warn_slowpath_fmt+0x2c/0x3c)
[    0.164901] [<c0024b08>] (warn_slowpath_fmt) from [<c018e834>] (kobject_add_internal+0x240/0x2ac)
[    0.165172] [<c018e834>] (kobject_add_internal) from [<c018e9a8>] (kset_register+0x1c/0x44)
[    0.165429] [<c018e9a8>] (kset_register) from [<c02090b4>] (__class_register+0xa8/0x198)
[    0.165678] [<c02090b4>] (__class_register) from [<c02091e4>] (__class_create+0x40/0x70)
[    0.165928] [<c02091e4>] (__class_create) from [<c01adf68>] (register_devfs_stubs+0x314/0xbb4)
[    0.166193] [<c01adf68>] (register_devfs_stubs) from [<c05d9b08>] (init_module+0x28/0xa4)
[    0.166444] [<c05d9b08>] (init_module) from [<c0009670>] (do_one_initcall+0x104/0x1b4)
[    0.166689] [<c0009670>] (do_one_initcall) from [<c05c7d08>] (kernel_init_freeable+0xf0/0x1b0)
[    0.166952] [<c05c7d08>] (kernel_init_freeable) from [<c040f28c>] (kernel_init+0x8/0xe4)
[    0.167206] [<c040f28c>] (kernel_init) from [<c0016da8>] (ret_from_fork+0x14/0x2c)
[    0.167448] ---[ end trace 6f19639987f17fbc ]---
[    0.167640] firmadyne: Cannot create device class: gpio!
[    0.168869] firmadyne: Cannot register character device: watchdog, 0xa, 0x82!
[    0.169143] firmadyne: Cannot register character device: wdt, 0xfd, 0x0!
[    0.260005] Non-volatile memory driver v1.3
[    0.279746] brd: module loaded
[    0.287786] loop: module loaded
[    0.297453]  vda: vda1
[    0.301269] [nandsim] warning: read_byte: unexpected data output cycle, state is STATE_READY return 0x0
[    0.301591] [nandsim] warning: read_byte: unexpected data output cycle, state is STATE_READY return 0x0
[    0.301872] [nandsim] warning: read_byte: unexpected data output cycle, state is STATE_READY return 0x0
[    0.302146] [nandsim] warning: read_byte: unexpected data output cycle, state is STATE_READY return 0x0
[    0.302419] [nandsim] warning: read_byte: unexpected data output cycle, state is STATE_READY return 0x0
[    0.302692] [nandsim] warning: read_byte: unexpected data output cycle, state is STATE_READY return 0x0
[    0.303234] nand: device found, Manufacturer ID: 0x98, Chip ID: 0x39
[    0.303475] nand: Toshiba NAND 128MiB 1,8V 8-bit
[    0.304147] nand: 128 MiB, SLC, erase size: 16 KiB, page size: 512, OOB size: 16
[    0.305022] flash size: 128 MiB
[    0.305148] page size: 512 bytes
[    0.305272] OOB area size: 16 bytes
[    0.305405] sector size: 16 KiB
[    0.305526] pages number: 262144
[    0.305649] pages per sector: 32
[    0.305771] bus width: 8
[    0.305871] bits in sector size: 14
[    0.306000] bits in page size: 9
[    0.306125] bits in OOB size: 4
[    0.306249] flash size with OOB: 135168 KiB
[    0.306402] page address bytes: 4
[    0.306531] sector address bytes: 3
[    0.306660] options: 0x42
[    0.310422] Scanning device for bad blocks
[    0.428510] Creating 11 MTD partitions on "NAND 128MiB 1,8V 8-bit":
[    0.429000] 0x000000000000-0x000000100000 : "NAND simulator partition 0"
[    0.431734] 0x000000100000-0x000000200000 : "NAND simulator partition 1"
[    0.433002] 0x000000200000-0x000000300000 : "NAND simulator partition 2"
[    0.434307] 0x000000300000-0x000000400000 : "NAND simulator partition 3"
[    0.435502] 0x000000400000-0x000000500000 : "NAND simulator partition 4"
[    0.436755] 0x000000500000-0x000000600000 : "NAND simulator partition 5"
[    0.437890] 0x000000600000-0x000000700000 : "NAND simulator partition 6"
[    0.439003] 0x000000700000-0x000000800000 : "NAND simulator partition 7"
[    0.440430] 0x000000800000-0x000000900000 : "NAND simulator partition 8"
[    0.441794] 0x000000900000-0x000000a00000 : "NAND simulator partition 9"
[    0.442917] 0x000000a00000-0x000008000000 : "NAND simulator partition 10"
[    0.447045] tun: Universal TUN/TAP device driver, 1.6
[    0.447257] tun: (C) 1999-2004 Max Krasnyansky <maxk@qualcomm.com>
[    0.463492] PPP generic driver version 2.4.2
[    0.464397] PPP BSD Compression module registered
[    0.464623] PPP Deflate Compression module registered
[    0.464876] PPP MPPE Compression module registered
[    0.465060] NET: Registered protocol family 24
[    0.465351] PPTP driver version 0.8.5
[    0.465951] usbcore: registered new interface driver usb-storage
[    0.467493] hidraw: raw HID events driver (C) Jiri Kosina
[    0.468020] usbcore: registered new interface driver usbhid
[    0.468230] usbhid: USB HID core driver
[    0.468677] Netfilter messages via NETLINK v0.30.
[    0.469274] nf_conntrack version 0.5.0 (3958 buckets, 15832 max)
[    0.470540] ctnetlink v0.93: registering with nfnetlink.
[    0.471870] ipip: IPv4 over IPv4 tunneling driver
[    0.473645] gre: GRE over IPv4 demultiplexor driver
[    0.473836] ip_gre: GRE over IPv4 tunneling driver
[    0.477995] ip_tables: (C) 2000-2006 Netfilter Core Team
[    0.479484] arp_tables: (C) 2002 David S. Miller
[    0.480627] Initializing XFRM netlink socket
[    0.481131] NET: Registered protocol family 10
[    0.487057] ip6_tables: (C) 2000-2006 Netfilter Core Team
[    0.488550] sit: IPv6 over IPv4 tunneling driver
[    0.491565] NET: Registered protocol family 17
[    0.492160] bridge: automatic filtering via arp/ip/ip6tables has been deprecated. Update your scripts to load br_netfilter if you need this.
[    0.492670] Bridge firewalling registered
[    0.492857] Ebtables v2.0 registered
[    0.494135] 8021q: 802.1Q VLAN Support v1.8
[    0.494744] Registering SWP/SWPB emulation handler
[    0.496658] hctosys: unable to open rtc device (rtc0)
[    0.505387] EXT4-fs (vda1): couldn't mount as ext3 due to feature incompatibilities
[    0.507106] EXT4-fs (vda1): mounting ext2 file system using the ext4 subsystem
[    0.517909] EXT4-fs (vda1): mounted filesystem without journal. Opts: (null)
[    0.518801] VFS: Mounted root (ext2 filesystem) on device 254:1.
[    0.523534] Freeing unused kernel memory: 180K (c05c7000 - c05f4000)
[    0.525675] Starting init: /sbin/init exists but couldn't execute it (error -20)
[    0.530716] Starting init: /bin/init exists but couldn't execute it (error -20)
[    0.530972] firmadyne: do_execve: /firmadyne/console
[    0.531231] OFFSETS: offset of pid: 0x190 offset of comm: 0x270
[    0.531483] Starting init: /bin/sh exists but couldn't execute it (error -20)
[    0.531806] Kernel panic - not syncing: No working init found.  Try passing init= option to kernel. See Linux Documentation/init.txt for guidance.
[    0.532279] CPU: 0 PID: 1 Comm: swapper Tainted: G        W       4.1.17+ #1
[    0.532525] Hardware name: Generic DT based system
[    0.532745] [<c001c99c>] (unwind_backtrace) from [<c0019d30>] (show_stack+0x10/0x14)
[    0.533033] [<c0019d30>] (show_stack) from [<c0410b78>] (panic+0x70/0x1c8)
[    0.533289] [<c0410b78>] (panic) from [<c040f33c>] (kernel_init+0xb8/0xe4)
[    0.533518] [<c040f33c>] (kernel_init) from [<c0016da8>] (ret_from_fork+0x14/0x2c)
[    0.533968] ---[ end Kernel panic - not syncing: No working init found.  Try passing init= option to kernel. See Linux Documentation/init.txt for guidance.
