[    0.000000] Booting Linux on physical CPU 0x0
[    0.000000] Linux version 4.1.17+ (vagrant@vagrant-ubuntu-trusty-64) (gcc version 5.3.0 (GCC) ) #1 Thu Feb 18 01:05:21 UTC 2016
[    0.000000] CPU: ARMv7 Processor [412fc0f1] revision 1 (ARMv7), cr=10c5387d
[    0.000000] CPU: PIPT / VIPT nonaliasing data cache, PIPT instruction cache
[    0.000000] Machine model: linux,dummy-virt
[    0.000000] debug: ignoring loglevel setting.
[    0.000000] Memory policy: Data cache writeback
[    0.000000] On node 0 totalpages: 65536
[    0.000000] free_area_init_node: node 0, pgdat c061dfe8, node_mem_map cfdf9000
[    0.000000]   Normal zone: 512 pages used for memmap
[    0.000000]   Normal zone: 0 pages reserved
[    0.000000]   Normal zone: 65536 pages, LIFO batch:15
[    0.000000] CPU: All CPU(s) started in SVC mode.
[    0.000000] pcpu-alloc: s0 r0 d32768 u32768 alloc=1*32768
[    0.000000] pcpu-alloc: [0] 0 
[    0.000000] Built 1 zonelists in Zone order, mobility grouping on.  Total pages: 65024
[    0.000000] Kernel command line: root=/dev/vda1 console=ttyS0 nandsim.parts=64,64,64,64,64,64,64,64,64,64 rdinit=/firmadyne/preInit.sh rw debug ignore_loglevel print-fatal-signals=1 user_debug=31 firmadyne.syscall=0
[    0.000000] PID hash table entries: 1024 (order: 0, 4096 bytes)
[    0.000000] Dentry cache hash table entries: 32768 (order: 5, 131072 bytes)
[    0.000000] Inode-cache hash table entries: 16384 (order: 4, 65536 bytes)
[    0.000000] Memory: 253344K/262144K available (4297K kernel code, 170K rwdata, 1584K rodata, 180K init, 148K bss, 8800K reserved, 0K cma-reserved)
[    0.000000] Virtual kernel memory layout:
[    0.000000]     vector  : 0xffff0000 - 0xffff1000   (   4 kB)
[    0.000000]     fixmap  : 0xffc00000 - 0xfff00000   (3072 kB)
[    0.000000]     vmalloc : 0xd0800000 - 0xff000000   ( 744 MB)
[    0.000000]     lowmem  : 0xc0000000 - 0xd0000000   ( 256 MB)
[    0.000000]     modules : 0xbf000000 - 0xc0000000   (  16 MB)
[    0.000000]       .text : 0xc0008000 - 0xc05c67bc   (5882 kB)
[    0.000000]       .init : 0xc05c7000 - 0xc05f4000   ( 180 kB)
[    0.000000]       .data : 0xc05f4000 - 0xc061e840   ( 171 kB)
[    0.000000]        .bss : 0xc0621000 - 0xc06462d4   ( 149 kB)
[    0.000000] NR_IRQS:16 nr_irqs:16 16
[    0.000000] Architected cp15 timer(s) running at 62.50MHz (virt).
[    0.000000] clocksource arch_sys_counter: mask: 0xffffffffffffff max_cycles: 0x1cd42e208c, max_idle_ns: 881590405314 ns
[    0.000102] sched_clock: 56 bits at 62MHz, resolution 16ns, wraps every 4398046511096ns
[    0.000184] Switching to timer-based delay loop, resolution 16ns
[    0.002279] Console: colour dummy device 80x30
[    0.002504] Calibrating delay loop (skipped), value calculated using timer frequency.. 125.00 BogoMIPS (lpj=625000)
[    0.002588] pid_max: default: 32768 minimum: 301
[    0.003193] Mount-cache hash table entries: 1024 (order: 0, 4096 bytes)
[    0.003216] Mountpoint-cache hash table entries: 1024 (order: 0, 4096 bytes)
[    0.007837] CPU: Testing write buffer coherency: ok
[    0.013552] Setting up static identity map for 0x40008240 - 0x40008298
[    0.023672] VFP support v0.3: implementor 41 architecture 4 part 30 variant f rev 0
[    0.030103] clocksource jiffies: mask: 0xffffffff max_cycles: 0xffffffff, max_idle_ns: 19112604462750000 ns
[    0.038196] NET: Registered protocol family 16
[    0.040240] DMA: preallocated 256 KiB pool for atomic coherent allocations
[    0.043166] cpuidle: using governor ladder
[    0.043277] cpuidle: using governor menu
[    0.045697] genirq: Setting trigger mode 1 for irq 20 failed (gic_set_type+0x0/0x48)
[    0.046897] genirq: Setting trigger mode 1 for irq 21 failed (gic_set_type+0x0/0x48)
[    0.047104] genirq: Setting trigger mode 1 for irq 22 failed (gic_set_type+0x0/0x48)
[    0.047311] genirq: Setting trigger mode 1 for irq 23 failed (gic_set_type+0x0/0x48)
[    0.047548] genirq: Setting trigger mode 1 for irq 24 failed (gic_set_type+0x0/0x48)
[    0.047748] genirq: Setting trigger mode 1 for irq 25 failed (gic_set_type+0x0/0x48)
[    0.047937] genirq: Setting trigger mode 1 for irq 26 failed (gic_set_type+0x0/0x48)
[    0.048127] genirq: Setting trigger mode 1 for irq 27 failed (gic_set_type+0x0/0x48)
[    0.048395] genirq: Setting trigger mode 1 for irq 28 failed (gic_set_type+0x0/0x48)
[    0.048596] genirq: Setting trigger mode 1 for irq 29 failed (gic_set_type+0x0/0x48)
[    0.048782] genirq: Setting trigger mode 1 for irq 30 failed (gic_set_type+0x0/0x48)
[    0.048982] genirq: Setting trigger mode 1 for irq 31 failed (gic_set_type+0x0/0x48)
[    0.049203] genirq: Setting trigger mode 1 for irq 32 failed (gic_set_type+0x0/0x48)
[    0.049410] genirq: Setting trigger mode 1 for irq 33 failed (gic_set_type+0x0/0x48)
[    0.049605] genirq: Setting trigger mode 1 for irq 34 failed (gic_set_type+0x0/0x48)
[    0.049799] genirq: Setting trigger mode 1 for irq 35 failed (gic_set_type+0x0/0x48)
[    0.050000] genirq: Setting trigger mode 1 for irq 36 failed (gic_set_type+0x0/0x48)
[    0.050206] genirq: Setting trigger mode 1 for irq 37 failed (gic_set_type+0x0/0x48)
[    0.050444] genirq: Setting trigger mode 1 for irq 38 failed (gic_set_type+0x0/0x48)
[    0.050661] genirq: Setting trigger mode 1 for irq 39 failed (gic_set_type+0x0/0x48)
[    0.050850] genirq: Setting trigger mode 1 for irq 40 failed (gic_set_type+0x0/0x48)
[    0.051044] genirq: Setting trigger mode 1 for irq 41 failed (gic_set_type+0x0/0x48)
[    0.051243] genirq: Setting trigger mode 1 for irq 42 failed (gic_set_type+0x0/0x48)
[    0.051513] genirq: Setting trigger mode 1 for irq 43 failed (gic_set_type+0x0/0x48)
[    0.051741] genirq: Setting trigger mode 1 for irq 44 failed (gic_set_type+0x0/0x48)
[    0.051964] genirq: Setting trigger mode 1 for irq 45 failed (gic_set_type+0x0/0x48)
[    0.052172] genirq: Setting trigger mode 1 for irq 46 failed (gic_set_type+0x0/0x48)
[    0.052416] genirq: Setting trigger mode 1 for irq 47 failed (gic_set_type+0x0/0x48)
[    0.052858] genirq: Setting trigger mode 1 for irq 48 failed (gic_set_type+0x0/0x48)
[    0.053091] genirq: Setting trigger mode 1 for irq 49 failed (gic_set_type+0x0/0x48)
[    0.053300] genirq: Setting trigger mode 1 for irq 50 failed (gic_set_type+0x0/0x48)
[    0.053504] genirq: Setting trigger mode 1 for irq 51 failed (gic_set_type+0x0/0x48)
[    0.053860] genirq: Setting trigger mode 1 for irq 52 failed (gic_set_type+0x0/0x48)
[    0.056319] Serial: AMBA PL011 UART driver
[    0.057706] 9000000.pl011: ttyS0 at MMIO 0x9000000 (irq = 52, base_baud = 0) is a PL011 rev1
[    0.103846] console [ttyS0] enabled
[    0.120046] vgaarb: loaded
[    0.121803] SCSI subsystem initialized
[    0.123254] usbcore: registered new interface driver usbfs
[    0.124296] usbcore: registered new interface driver hub
[    0.125304] usbcore: registered new device driver usb
[    0.132873] cfg80211: Calling CRDA to update world regulatory domain
[    0.135762] Switched to clocksource arch_sys_counter
[    0.149560] NET: Registered protocol family 2
[    0.153959] TCP established hash table entries: 2048 (order: 1, 8192 bytes)
[    0.155234] TCP bind hash table entries: 2048 (order: 1, 8192 bytes)
[    0.157769] TCP: Hash tables configured (established 2048 bind 2048)
[    0.159227] UDP hash table entries: 256 (order: 0, 4096 bytes)
[    0.160240] UDP-Lite hash table entries: 256 (order: 0, 4096 bytes)
[    0.162361] NET: Registered protocol family 1
[    0.163421] PCI: CLS 0 bytes, default 64
[    0.169534] NetWinder Floating Point Emulator V0.97 (extended precision)
[    0.172774] futex hash table entries: 256 (order: -1, 3072 bytes)
[    0.178135] squashfs: version 4.0 (2009/01/31) Phillip Lougher
[    0.179783] jffs2: version 2.2. (NAND) Â© 2001-2006 Red Hat, Inc.
[    0.181301] romfs: ROMFS MTD (C) 2007 Red Hat, Inc.
[    0.188233] Block layer SCSI generic (bsg) driver version 0.4 loaded (major 253)
[    0.189541] io scheduler noop registered
[    0.190256] io scheduler cfq registered (default)
[    0.191453] firmadyne: devfs: 1, execute: 1, procfs: 1, syscall: 0
[    0.193303] ------------[ cut here ]------------
[    0.194081] WARNING: CPU: 0 PID: 1 at /home/vagrant/firmadyne-kernel/kernel-v4.1/fs/sysfs/dir.c:31 sysfs_warn_dup+0x50/0x6c()
[    0.195951] sysfs: cannot create duplicate filename '/class/gpio'
[    0.196956] Modules linked in:
[    0.197766] CPU: 0 PID: 1 Comm: swapper Not tainted 4.1.17+ #1
[    0.198773] Hardware name: Generic DT based system
[    0.200001] [<c001c99c>] (unwind_backtrace) from [<c0019d30>] (show_stack+0x10/0x14)
[    0.201336] [<c0019d30>] (show_stack) from [<c0024ab4>] (warn_slowpath_common+0x80/0xa8)
[    0.202740] [<c0024ab4>] (warn_slowpath_common) from [<c0024b08>] (warn_slowpath_fmt+0x2c/0x3c)
[    0.204067] [<c0024b08>] (warn_slowpath_fmt) from [<c00e363c>] (sysfs_warn_dup+0x50/0x6c)
[    0.205384] [<c00e363c>] (sysfs_warn_dup) from [<c00e3714>] (sysfs_create_dir_ns+0x74/0x84)
[    0.207038] [<c00e3714>] (sysfs_create_dir_ns) from [<c018e6ac>] (kobject_add_internal+0xb8/0x2ac)
[    0.207988] [<c018e6ac>] (kobject_add_internal) from [<c018e9a8>] (kset_register+0x1c/0x44)
[    0.208561] [<c018e9a8>] (kset_register) from [<c02090b4>] (__class_register+0xa8/0x198)
[    0.209333] [<c02090b4>] (__class_register) from [<c02091e4>] (__class_create+0x40/0x70)
[    0.209940] [<c02091e4>] (__class_create) from [<c01adf68>] (register_devfs_stubs+0x314/0xbb4)
[    0.210595] [<c01adf68>] (register_devfs_stubs) from [<c05d9b08>] (init_module+0x28/0xa4)
[    0.211088] [<c05d9b08>] (init_module) from [<c0009670>] (do_one_initcall+0x104/0x1b4)
[    0.211922] [<c0009670>] (do_one_initcall) from [<c05c7d08>] (kernel_init_freeable+0xf0/0x1b0)
[    0.212654] [<c05c7d08>] (kernel_init_freeable) from [<c040f28c>] (kernel_init+0x8/0xe4)
[    0.213387] [<c040f28c>] (kernel_init) from [<c0016da8>] (ret_from_fork+0x14/0x2c)
[    0.214078] ---[ end trace 00b6c85403ceaf5f ]---
[    0.214603] ------------[ cut here ]------------
[    0.215157] WARNING: CPU: 0 PID: 1 at /home/vagrant/firmadyne-kernel/kernel-v4.1/lib/kobject.c:240 kobject_add_internal+0x240/0x2ac()
[    0.216065] kobject_add_internal failed for gpio with -EEXIST, don't try to register things with the same name in the same directory.
[    0.217161] Modules linked in:
[    0.217518] CPU: 0 PID: 1 Comm: swapper Tainted: G        W       4.1.17+ #1
[    0.218217] Hardware name: Generic DT based system
[    0.218769] [<c001c99c>] (unwind_backtrace) from [<c0019d30>] (show_stack+0x10/0x14)
[    0.219414] [<c0019d30>] (show_stack) from [<c0024ab4>] (warn_slowpath_common+0x80/0xa8)
[    0.220279] [<c0024ab4>] (warn_slowpath_common) from [<c0024b08>] (warn_slowpath_fmt+0x2c/0x3c)
[    0.221011] [<c0024b08>] (warn_slowpath_fmt) from [<c018e834>] (kobject_add_internal+0x240/0x2ac)
[    0.221912] [<c018e834>] (kobject_add_internal) from [<c018e9a8>] (kset_register+0x1c/0x44)
[    0.222553] [<c018e9a8>] (kset_register) from [<c02090b4>] (__class_register+0xa8/0x198)
[    0.222977] [<c02090b4>] (__class_register) from [<c02091e4>] (__class_create+0x40/0x70)
[    0.223874] [<c02091e4>] (__class_create) from [<c01adf68>] (register_devfs_stubs+0x314/0xbb4)
[    0.224685] [<c01adf68>] (register_devfs_stubs) from [<c05d9b08>] (init_module+0x28/0xa4)
[    0.225282] [<c05d9b08>] (init_module) from [<c0009670>] (do_one_initcall+0x104/0x1b4)
[    0.226351] [<c0009670>] (do_one_initcall) from [<c05c7d08>] (kernel_init_freeable+0xf0/0x1b0)
[    0.226988] [<c05c7d08>] (kernel_init_freeable) from [<c040f28c>] (kernel_init+0x8/0xe4)
[    0.227648] [<c040f28c>] (kernel_init) from [<c0016da8>] (ret_from_fork+0x14/0x2c)
[    0.228172] ---[ end trace 00b6c85403ceaf60 ]---
[    0.228785] firmadyne: Cannot create device class: gpio!
[    0.230387] firmadyne: Cannot register character device: watchdog, 0xa, 0x82!
[    0.231532] firmadyne: Cannot register character device: wdt, 0xfd, 0x0!
[    0.314667] Non-volatile memory driver v1.3
[    0.332268] brd: module loaded
[    0.339717] loop: module loaded
[    0.347181]  vda: vda1
[    0.350911] [nandsim] warning: read_byte: unexpected data output cycle, state is STATE_READY return 0x0
[    0.352407] [nandsim] warning: read_byte: unexpected data output cycle, state is STATE_READY return 0x0
[    0.353846] [nandsim] warning: read_byte: unexpected data output cycle, state is STATE_READY return 0x0
[    0.355226] [nandsim] warning: read_byte: unexpected data output cycle, state is STATE_READY return 0x0
[    0.356817] [nandsim] warning: read_byte: unexpected data output cycle, state is STATE_READY return 0x0
[    0.358424] [nandsim] warning: read_byte: unexpected data output cycle, state is STATE_READY return 0x0
[    0.359355] nand: device found, Manufacturer ID: 0x98, Chip ID: 0x39
[    0.360350] nand: Toshiba NAND 128MiB 1,8V 8-bit
[    0.360880] nand: 128 MiB, SLC, erase size: 16 KiB, page size: 512, OOB size: 16
[    0.362146] flash size: 128 MiB
[    0.362637] page size: 512 bytes
[    0.363134] OOB area size: 16 bytes
[    0.363672] sector size: 16 KiB
[    0.364156] pages number: 262144
[    0.364647] pages per sector: 32
[    0.364882] bus width: 8
[    0.364947] bits in sector size: 14
[    0.365427] bits in page size: 9
[    0.365814] bits in OOB size: 4
[    0.366316] flash size with OOB: 135168 KiB
[    0.366508] page address bytes: 4
[    0.366876] sector address bytes: 3
[    0.367155] options: 0x42
[    0.370994] Scanning device for bad blocks
[    0.480832] Creating 11 MTD partitions on "NAND 128MiB 1,8V 8-bit":
[    0.482370] 0x000000000000-0x000000100000 : "NAND simulator partition 0"
[    0.486591] 0x000000100000-0x000000200000 : "NAND simulator partition 1"
[    0.489068] 0x000000200000-0x000000300000 : "NAND simulator partition 2"
[    0.491521] 0x000000300000-0x000000400000 : "NAND simulator partition 3"
[    0.493944] 0x000000400000-0x000000500000 : "NAND simulator partition 4"
[    0.496889] 0x000000500000-0x000000600000 : "NAND simulator partition 5"
[    0.499378] 0x000000600000-0x000000700000 : "NAND simulator partition 6"
[    0.501859] 0x000000700000-0x000000800000 : "NAND simulator partition 7"
[    0.504326] 0x000000800000-0x000000900000 : "NAND simulator partition 8"
[    0.507136] 0x000000900000-0x000000a00000 : "NAND simulator partition 9"
[    0.509584] 0x000000a00000-0x000008000000 : "NAND simulator partition 10"
[    0.514831] tun: Universal TUN/TAP device driver, 1.6
[    0.516053] tun: (C) 1999-2004 Max Krasnyansky <maxk@qualcomm.com>
[    0.530480] PPP generic driver version 2.4.2
[    0.531962] PPP BSD Compression module registered
[    0.532886] PPP Deflate Compression module registered
[    0.533936] PPP MPPE Compression module registered
[    0.534852] NET: Registered protocol family 24
[    0.536170] PPTP driver version 0.8.5
[    0.537500] usbcore: registered new interface driver usb-storage
[    0.540059] hidraw: raw HID events driver (C) Jiri Kosina
[    0.541513] usbcore: registered new interface driver usbhid
[    0.542535] usbhid: USB HID core driver
[    0.543660] Netfilter messages via NETLINK v0.30.
[    0.545081] nf_conntrack version 0.5.0 (3958 buckets, 15832 max)
[    0.547591] ctnetlink v0.93: registering with nfnetlink.
[    0.549816] ipip: IPv4 over IPv4 tunneling driver
[    0.552417] gre: GRE over IPv4 demultiplexor driver
[    0.553453] ip_gre: GRE over IPv4 tunneling driver
[    0.558520] ip_tables: (C) 2000-2006 Netfilter Core Team
[    0.560987] arp_tables: (C) 2002 David S. Miller
[    0.562860] Initializing XFRM netlink socket
[    0.564125] NET: Registered protocol family 10
[    0.570712] ip6_tables: (C) 2000-2006 Netfilter Core Team
[    0.573169] sit: IPv6 over IPv4 tunneling driver
[    0.577496] NET: Registered protocol family 17
[    0.578869] bridge: automatic filtering via arp/ip/ip6tables has been deprecated. Update your scripts to load br_netfilter if you need this.
[    0.581263] Bridge firewalling registered
[    0.582044] Ebtables v2.0 registered
[    0.583732] 8021q: 802.1Q VLAN Support v1.8
[    0.585091] Registering SWP/SWPB emulation handler
[    0.588009] hctosys: unable to open rtc device (rtc0)
[    0.597752] EXT4-fs (vda1): couldn't mount as ext3 due to feature incompatibilities
[    0.600715] EXT4-fs (vda1): mounting ext2 file system using the ext4 subsystem
[    0.610524] EXT4-fs (vda1): warning: mounting unchecked fs, running e2fsck is recommended
[    0.614348] EXT4-fs (vda1): mounted filesystem without journal. Opts: (null)
[    0.616771] VFS: Mounted root (ext2 filesystem) on device 254:1.
[    0.622548] Freeing unused kernel memory: 180K (c05c7000 - c05f4000)
[    0.646089] firmadyne: do_execve: /firmadyne/console
[    0.647165] OFFSETS: offset of pid: 0x190 offset of comm: 0x270
[    0.672704] request_module: runaway loop modprobe binfmt-464c
[    0.686710] request_module: runaway loop modprobe binfmt-464c
[    0.696910] Starting init: /sbin/init exists but couldn't execute it (error -8)
[    0.717915] request_module: runaway loop modprobe binfmt-464c
[    0.727465] Starting init: /bin/sh exists but couldn't execute it (error -8)
[    0.728879] Kernel panic - not syncing: No working init found.  Try passing init= option to kernel. See Linux Documentation/init.txt for guidance.
[    0.731258] CPU: 0 PID: 1 Comm: swapper Tainted: G        W       4.1.17+ #1
[    0.732520] Hardware name: Generic DT based system
[    0.733436] [<c001c99c>] (unwind_backtrace) from [<c0019d30>] (show_stack+0x10/0x14)
[    0.734833] [<c0019d30>] (show_stack) from [<c0410b78>] (panic+0x70/0x1c8)
[    0.736193] [<c0410b78>] (panic) from [<c040f33c>] (kernel_init+0xb8/0xe4)
[    0.736975] [<c040f33c>] (kernel_init) from [<c0016da8>] (ret_from_fork+0x14/0x2c)
[    0.737840] ---[ end Kernel panic - not syncing: No working init found.  Try passing init= option to kernel. See Linux Documentation/init.txt for guidance.
