[    0.000000] Booting Linux on physical CPU 0x0
[    0.000000] Linux version 4.1.17+ (vagrant@vagrant-ubuntu-trusty-64) (gcc version 5.3.0 (GCC) ) #1 Thu Feb 18 01:05:21 UTC 2016
[    0.000000] CPU: ARMv7 Processor [412fc0f1] revision 1 (ARMv7), cr=10c5387d
[    0.000000] CPU: PIPT / VIPT nonaliasing data cache, PIPT instruction cache
[    0.000000] Machine model: linux,dummy-virt
[    0.000000] debug: ignoring loglevel setting.
[    0.000000] Memory policy: Data cache writeback
[    0.000000] On node 0 totalpages: 65536
[    0.000000] free_area_init_node: node 0, pgdat c061dfe8, node_mem_map cfdf9000
[    0.000000]   Normal zone: 512 pages used for memmap
[    0.000000]   Normal zone: 0 pages reserved
[    0.000000]   Normal zone: 65536 pages, LIFO batch:15
[    0.000000] CPU: All CPU(s) started in SVC mode.
[    0.000000] pcpu-alloc: s0 r0 d32768 u32768 alloc=1*32768
[    0.000000] pcpu-alloc: [0] 0 
[    0.000000] Built 1 zonelists in Zone order, mobility grouping on.  Total pages: 65024
[    0.000000] Kernel command line: root=/dev/vda1 console=ttyS0 nandsim.parts=64,64,64,64,64,64,64,64,64,64 rdinit=/firmadyne/preInit.sh rw debug ignore_loglevel print-fatal-signals=1 user_debug=31 firmadyne.syscall=0
[    0.000000] PID hash table entries: 1024 (order: 0, 4096 bytes)
[    0.000000] Dentry cache hash table entries: 32768 (order: 5, 131072 bytes)
[    0.000000] Inode-cache hash table entries: 16384 (order: 4, 65536 bytes)
[    0.000000] Memory: 253344K/262144K available (4297K kernel code, 170K rwdata, 1584K rodata, 180K init, 148K bss, 8800K reserved, 0K cma-reserved)
[    0.000000] Virtual kernel memory layout:
[    0.000000]     vector  : 0xffff0000 - 0xffff1000   (   4 kB)
[    0.000000]     fixmap  : 0xffc00000 - 0xfff00000   (3072 kB)
[    0.000000]     vmalloc : 0xd0800000 - 0xff000000   ( 744 MB)
[    0.000000]     lowmem  : 0xc0000000 - 0xd0000000   ( 256 MB)
[    0.000000]     modules : 0xbf000000 - 0xc0000000   (  16 MB)
[    0.000000]       .text : 0xc0008000 - 0xc05c67bc   (5882 kB)
[    0.000000]       .init : 0xc05c7000 - 0xc05f4000   ( 180 kB)
[    0.000000]       .data : 0xc05f4000 - 0xc061e840   ( 171 kB)
[    0.000000]        .bss : 0xc0621000 - 0xc06462d4   ( 149 kB)
[    0.000000] NR_IRQS:16 nr_irqs:16 16
[    0.000000] Architected cp15 timer(s) running at 62.50MHz (virt).
[    0.000000] clocksource arch_sys_counter: mask: 0xffffffffffffff max_cycles: 0x1cd42e208c, max_idle_ns: 881590405314 ns
[    0.000179] sched_clock: 56 bits at 62MHz, resolution 16ns, wraps every 4398046511096ns
[    0.000275] Switching to timer-based delay loop, resolution 16ns
[    0.002902] Console: colour dummy device 80x30
[    0.003158] Calibrating delay loop (skipped), value calculated using timer frequency.. 125.00 BogoMIPS (lpj=625000)
[    0.003250] pid_max: default: 32768 minimum: 301
[    0.003913] Mount-cache hash table entries: 1024 (order: 0, 4096 bytes)
[    0.003937] Mountpoint-cache hash table entries: 1024 (order: 0, 4096 bytes)
[    0.011438] CPU: Testing write buffer coherency: ok
[    0.015686] Setting up static identity map for 0x40008240 - 0x40008298
[    0.025978] VFP support v0.3: implementor 41 architecture 4 part 30 variant f rev 0
[    0.034362] clocksource jiffies: mask: 0xffffffff max_cycles: 0xffffffff, max_idle_ns: 19112604462750000 ns
[    0.040301] NET: Registered protocol family 16
[    0.042601] DMA: preallocated 256 KiB pool for atomic coherent allocations
[    0.045302] cpuidle: using governor ladder
[    0.045404] cpuidle: using governor menu
[    0.047715] genirq: Setting trigger mode 1 for irq 20 failed (gic_set_type+0x0/0x48)
[    0.048934] genirq: Setting trigger mode 1 for irq 21 failed (gic_set_type+0x0/0x48)
[    0.049159] genirq: Setting trigger mode 1 for irq 22 failed (gic_set_type+0x0/0x48)
[    0.049382] genirq: Setting trigger mode 1 for irq 23 failed (gic_set_type+0x0/0x48)
[    0.049604] genirq: Setting trigger mode 1 for irq 24 failed (gic_set_type+0x0/0x48)
[    0.049803] genirq: Setting trigger mode 1 for irq 25 failed (gic_set_type+0x0/0x48)
[    0.049992] genirq: Setting trigger mode 1 for irq 26 failed (gic_set_type+0x0/0x48)
[    0.050206] genirq: Setting trigger mode 1 for irq 27 failed (gic_set_type+0x0/0x48)
[    0.050478] genirq: Setting trigger mode 1 for irq 28 failed (gic_set_type+0x0/0x48)
[    0.050679] genirq: Setting trigger mode 1 for irq 29 failed (gic_set_type+0x0/0x48)
[    0.050892] genirq: Setting trigger mode 1 for irq 30 failed (gic_set_type+0x0/0x48)
[    0.051105] genirq: Setting trigger mode 1 for irq 31 failed (gic_set_type+0x0/0x48)
[    0.051305] genirq: Setting trigger mode 1 for irq 32 failed (gic_set_type+0x0/0x48)
[    0.051510] genirq: Setting trigger mode 1 for irq 33 failed (gic_set_type+0x0/0x48)
[    0.051716] genirq: Setting trigger mode 1 for irq 34 failed (gic_set_type+0x0/0x48)
[    0.051900] genirq: Setting trigger mode 1 for irq 35 failed (gic_set_type+0x0/0x48)
[    0.052181] genirq: Setting trigger mode 1 for irq 36 failed (gic_set_type+0x0/0x48)
[    0.052429] genirq: Setting trigger mode 1 for irq 37 failed (gic_set_type+0x0/0x48)
[    0.052957] genirq: Setting trigger mode 1 for irq 38 failed (gic_set_type+0x0/0x48)
[    0.053215] genirq: Setting trigger mode 1 for irq 39 failed (gic_set_type+0x0/0x48)
[    0.053422] genirq: Setting trigger mode 1 for irq 40 failed (gic_set_type+0x0/0x48)
[    0.053639] genirq: Setting trigger mode 1 for irq 41 failed (gic_set_type+0x0/0x48)
[    0.053842] genirq: Setting trigger mode 1 for irq 42 failed (gic_set_type+0x0/0x48)
[    0.054063] genirq: Setting trigger mode 1 for irq 43 failed (gic_set_type+0x0/0x48)
[    0.054276] genirq: Setting trigger mode 1 for irq 44 failed (gic_set_type+0x0/0x48)
[    0.054506] genirq: Setting trigger mode 1 for irq 45 failed (gic_set_type+0x0/0x48)
[    0.054715] genirq: Setting trigger mode 1 for irq 46 failed (gic_set_type+0x0/0x48)
[    0.054960] genirq: Setting trigger mode 1 for irq 47 failed (gic_set_type+0x0/0x48)
[    0.055179] genirq: Setting trigger mode 1 for irq 48 failed (gic_set_type+0x0/0x48)
[    0.055389] genirq: Setting trigger mode 1 for irq 49 failed (gic_set_type+0x0/0x48)
[    0.055601] genirq: Setting trigger mode 1 for irq 50 failed (gic_set_type+0x0/0x48)
[    0.055791] genirq: Setting trigger mode 1 for irq 51 failed (gic_set_type+0x0/0x48)
[    0.056175] genirq: Setting trigger mode 1 for irq 52 failed (gic_set_type+0x0/0x48)
[    0.058869] Serial: AMBA PL011 UART driver
[    0.060369] 9000000.pl011: ttyS0 at MMIO 0x9000000 (irq = 52, base_baud = 0) is a PL011 rev1
[    0.107426] console [ttyS0] enabled
[    0.124004] vgaarb: loaded
[    0.125589] SCSI subsystem initialized
[    0.127034] usbcore: registered new interface driver usbfs
[    0.128005] usbcore: registered new interface driver hub
[    0.129082] usbcore: registered new device driver usb
[    0.135792] cfg80211: Calling CRDA to update world regulatory domain
[    0.138621] Switched to clocksource arch_sys_counter
[    0.151672] NET: Registered protocol family 2
[    0.159493] TCP established hash table entries: 2048 (order: 1, 8192 bytes)
[    0.160976] TCP bind hash table entries: 2048 (order: 1, 8192 bytes)
[    0.162176] TCP: Hash tables configured (established 2048 bind 2048)
[    0.163523] UDP hash table entries: 256 (order: 0, 4096 bytes)
[    0.164519] UDP-Lite hash table entries: 256 (order: 0, 4096 bytes)
[    0.166418] NET: Registered protocol family 1
[    0.167468] PCI: CLS 0 bytes, default 64
[    0.173595] NetWinder Floating Point Emulator V0.97 (extended precision)
[    0.176434] futex hash table entries: 256 (order: -1, 3072 bytes)
[    0.181307] squashfs: version 4.0 (2009/01/31) Phillip Lougher
[    0.182935] jffs2: version 2.2. (NAND) Â© 2001-2006 Red Hat, Inc.
[    0.184592] romfs: ROMFS MTD (C) 2007 Red Hat, Inc.
[    0.191569] Block layer SCSI generic (bsg) driver version 0.4 loaded (major 253)
[    0.192961] io scheduler noop registered
[    0.193738] io scheduler cfq registered (default)
[    0.194941] firmadyne: devfs: 1, execute: 1, procfs: 1, syscall: 0
[    0.196712] ------------[ cut here ]------------
[    0.197408] WARNING: CPU: 0 PID: 1 at /home/vagrant/firmadyne-kernel/kernel-v4.1/fs/sysfs/dir.c:31 sysfs_warn_dup+0x50/0x6c()
[    0.199154] sysfs: cannot create duplicate filename '/class/gpio'
[    0.200042] Modules linked in:
[    0.200761] CPU: 0 PID: 1 Comm: swapper Not tainted 4.1.17+ #1
[    0.201678] Hardware name: Generic DT based system
[    0.203125] [<c001c99c>] (unwind_backtrace) from [<c0019d30>] (show_stack+0x10/0x14)
[    0.204349] [<c0019d30>] (show_stack) from [<c0024ab4>] (warn_slowpath_common+0x80/0xa8)
[    0.205764] [<c0024ab4>] (warn_slowpath_common) from [<c0024b08>] (warn_slowpath_fmt+0x2c/0x3c)
[    0.207034] [<c0024b08>] (warn_slowpath_fmt) from [<c00e363c>] (sysfs_warn_dup+0x50/0x6c)
[    0.208194] [<c00e363c>] (sysfs_warn_dup) from [<c00e3714>] (sysfs_create_dir_ns+0x74/0x84)
[    0.209604] [<c00e3714>] (sysfs_create_dir_ns) from [<c018e6ac>] (kobject_add_internal+0xb8/0x2ac)
[    0.210830] [<c018e6ac>] (kobject_add_internal) from [<c018e9a8>] (kset_register+0x1c/0x44)
[    0.211802] [<c018e9a8>] (kset_register) from [<c02090b4>] (__class_register+0xa8/0x198)
[    0.212372] [<c02090b4>] (__class_register) from [<c02091e4>] (__class_create+0x40/0x70)
[    0.212908] [<c02091e4>] (__class_create) from [<c01adf68>] (register_devfs_stubs+0x314/0xbb4)
[    0.213446] [<c01adf68>] (register_devfs_stubs) from [<c05d9b08>] (init_module+0x28/0xa4)
[    0.214235] [<c05d9b08>] (init_module) from [<c0009670>] (do_one_initcall+0x104/0x1b4)
[    0.214670] [<c0009670>] (do_one_initcall) from [<c05c7d08>] (kernel_init_freeable+0xf0/0x1b0)
[    0.215355] [<c05c7d08>] (kernel_init_freeable) from [<c040f28c>] (kernel_init+0x8/0xe4)
[    0.215933] [<c040f28c>] (kernel_init) from [<c0016da8>] (ret_from_fork+0x14/0x2c)
[    0.216709] ---[ end trace 625b2c5537628482 ]---
[    0.217423] ------------[ cut here ]------------
[    0.217829] WARNING: CPU: 0 PID: 1 at /home/vagrant/firmadyne-kernel/kernel-v4.1/lib/kobject.c:240 kobject_add_internal+0x240/0x2ac()
[    0.218766] kobject_add_internal failed for gpio with -EEXIST, don't try to register things with the same name in the same directory.
[    0.219654] Modules linked in:
[    0.219842] CPU: 0 PID: 1 Comm: swapper Tainted: G        W       4.1.17+ #1
[    0.220739] Hardware name: Generic DT based system
[    0.221099] [<c001c99c>] (unwind_backtrace) from [<c0019d30>] (show_stack+0x10/0x14)
[    0.221542] [<c0019d30>] (show_stack) from [<c0024ab4>] (warn_slowpath_common+0x80/0xa8)
[    0.222151] [<c0024ab4>] (warn_slowpath_common) from [<c0024b08>] (warn_slowpath_fmt+0x2c/0x3c)
[    0.222959] [<c0024b08>] (warn_slowpath_fmt) from [<c018e834>] (kobject_add_internal+0x240/0x2ac)
[    0.223483] [<c018e834>] (kobject_add_internal) from [<c018e9a8>] (kset_register+0x1c/0x44)
[    0.224155] [<c018e9a8>] (kset_register) from [<c02090b4>] (__class_register+0xa8/0x198)
[    0.224744] [<c02090b4>] (__class_register) from [<c02091e4>] (__class_create+0x40/0x70)
[    0.225183] [<c02091e4>] (__class_create) from [<c01adf68>] (register_devfs_stubs+0x314/0xbb4)
[    0.225884] [<c01adf68>] (register_devfs_stubs) from [<c05d9b08>] (init_module+0x28/0xa4)
[    0.226594] [<c05d9b08>] (init_module) from [<c0009670>] (do_one_initcall+0x104/0x1b4)
[    0.227174] [<c0009670>] (do_one_initcall) from [<c05c7d08>] (kernel_init_freeable+0xf0/0x1b0)
[    0.227795] [<c05c7d08>] (kernel_init_freeable) from [<c040f28c>] (kernel_init+0x8/0xe4)
[    0.228688] [<c040f28c>] (kernel_init) from [<c0016da8>] (ret_from_fork+0x14/0x2c)
[    0.229224] ---[ end trace 625b2c5537628483 ]---
[    0.229859] firmadyne: Cannot create device class: gpio!
[    0.231349] firmadyne: Cannot register character device: watchdog, 0xa, 0x82!
[    0.232549] firmadyne: Cannot register character device: wdt, 0xfd, 0x0!
[    0.315545] Non-volatile memory driver v1.3
[    0.332617] brd: module loaded
[    0.340763] loop: module loaded
[    0.348773]  vda: vda1
[    0.352498] [nandsim] warning: read_byte: unexpected data output cycle, state is STATE_READY return 0x0
[    0.353919] [nandsim] warning: read_byte: unexpected data output cycle, state is STATE_READY return 0x0
[    0.355207] [nandsim] warning: read_byte: unexpected data output cycle, state is STATE_READY return 0x0
[    0.356504] [nandsim] warning: read_byte: unexpected data output cycle, state is STATE_READY return 0x0
[    0.357867] [nandsim] warning: read_byte: unexpected data output cycle, state is STATE_READY return 0x0
[    0.359318] [nandsim] warning: read_byte: unexpected data output cycle, state is STATE_READY return 0x0
[    0.360951] nand: device found, Manufacturer ID: 0x98, Chip ID: 0x39
[    0.361933] nand: Toshiba NAND 128MiB 1,8V 8-bit
[    0.362326] nand: 128 MiB, SLC, erase size: 16 KiB, page size: 512, OOB size: 16
[    0.363426] flash size: 128 MiB
[    0.364057] page size: 512 bytes
[    0.364648] OOB area size: 16 bytes
[    0.365268] sector size: 16 KiB
[    0.365730] pages number: 262144
[    0.366194] pages per sector: 32
[    0.366678] bus width: 8
[    0.367015] bits in sector size: 14
[    0.367320] bits in page size: 9
[    0.367524] bits in OOB size: 4
[    0.367682] flash size with OOB: 135168 KiB
[    0.368214] page address bytes: 4
[    0.368753] sector address bytes: 3
[    0.369130] options: 0x42
[    0.373318] Scanning device for bad blocks
[    0.469840] Creating 11 MTD partitions on "NAND 128MiB 1,8V 8-bit":
[    0.471525] 0x000000000000-0x000000100000 : "NAND simulator partition 0"
[    0.475013] 0x000000100000-0x000000200000 : "NAND simulator partition 1"
[    0.477426] 0x000000200000-0x000000300000 : "NAND simulator partition 2"
[    0.479559] 0x000000300000-0x000000400000 : "NAND simulator partition 3"
[    0.481804] 0x000000400000-0x000000500000 : "NAND simulator partition 4"
[    0.483824] 0x000000500000-0x000000600000 : "NAND simulator partition 5"
[    0.485878] 0x000000600000-0x000000700000 : "NAND simulator partition 6"
[    0.487846] 0x000000700000-0x000000800000 : "NAND simulator partition 7"
[    0.490188] 0x000000800000-0x000000900000 : "NAND simulator partition 8"
[    0.492261] 0x000000900000-0x000000a00000 : "NAND simulator partition 9"
[    0.494293] 0x000000a00000-0x000008000000 : "NAND simulator partition 10"
[    0.498747] tun: Universal TUN/TAP device driver, 1.6
[    0.499478] tun: (C) 1999-2004 Max Krasnyansky <maxk@qualcomm.com>
[    0.513300] PPP generic driver version 2.4.2
[    0.514493] PPP BSD Compression module registered
[    0.515205] PPP Deflate Compression module registered
[    0.516013] PPP MPPE Compression module registered
[    0.516722] NET: Registered protocol family 24
[    0.517557] PPTP driver version 0.8.5
[    0.518792] usbcore: registered new interface driver usb-storage
[    0.520892] hidraw: raw HID events driver (C) Jiri Kosina
[    0.522079] usbcore: registered new interface driver usbhid
[    0.522880] usbhid: USB HID core driver
[    0.523798] Netfilter messages via NETLINK v0.30.
[    0.524922] nf_conntrack version 0.5.0 (3958 buckets, 15832 max)
[    0.526741] ctnetlink v0.93: registering with nfnetlink.
[    0.528694] ipip: IPv4 over IPv4 tunneling driver
[    0.530790] gre: GRE over IPv4 demultiplexor driver
[    0.531565] ip_gre: GRE over IPv4 tunneling driver
[    0.535552] ip_tables: (C) 2000-2006 Netfilter Core Team
[    0.537530] arp_tables: (C) 2002 David S. Miller
[    0.539202] Initializing XFRM netlink socket
[    0.540315] NET: Registered protocol family 10
[    0.546098] ip6_tables: (C) 2000-2006 Netfilter Core Team
[    0.548322] sit: IPv6 over IPv4 tunneling driver
[    0.551930] NET: Registered protocol family 17
[    0.553096] bridge: automatic filtering via arp/ip/ip6tables has been deprecated. Update your scripts to load br_netfilter if you need this.
[    0.555947] Bridge firewalling registered
[    0.556659] Ebtables v2.0 registered
[    0.558064] 8021q: 802.1Q VLAN Support v1.8
[    0.559379] Registering SWP/SWPB emulation handler
[    0.561689] hctosys: unable to open rtc device (rtc0)
[    0.570321] EXT4-fs (vda1): couldn't mount as ext3 due to feature incompatibilities
[    0.572907] EXT4-fs (vda1): mounting ext2 file system using the ext4 subsystem
[    0.581334] EXT4-fs (vda1): warning: mounting unchecked fs, running e2fsck is recommended
[    0.584591] EXT4-fs (vda1): mounted filesystem without journal. Opts: (null)
[    0.586388] VFS: Mounted root (ext2 filesystem) on device 254:1.
[    0.591508] Freeing unused kernel memory: 180K (c05c7000 - c05f4000)
[    0.603620] firmadyne: do_execve: /firmadyne/console
[    0.604609] OFFSETS: offset of pid: 0x190 offset of comm: 0x270
[    0.606211] Kernel panic - not syncing: No working init found.  Try passing init= option to kernel. See Linux Documentation/init.txt for guidance.
[    0.608061] CPU: 0 PID: 1 Comm: swapper Tainted: G        W       4.1.17+ #1
[    0.609254] Hardware name: Generic DT based system
[    0.609978] [<c001c99c>] (unwind_backtrace) from [<c0019d30>] (show_stack+0x10/0x14)
[    0.611054] [<c0019d30>] (show_stack) from [<c0410b78>] (panic+0x70/0x1c8)
[    0.612015] [<c0410b78>] (panic) from [<c040f33c>] (kernel_init+0xb8/0xe4)
[    0.613026] [<c040f33c>] (kernel_init) from [<c0016da8>] (ret_from_fork+0x14/0x2c)
[    0.614351] ---[ end Kernel panic - not syncing: No working init found.  Try passing init= option to kernel. See Linux Documentation/init.txt for guidance.
