[    0.000000] Booting Linux on physical CPU 0x0
[    0.000000] Linux version 4.1.17+ (vagrant@vagrant-ubuntu-trusty-64) (gcc version 5.3.0 (GCC) ) #1 Thu Feb 18 01:05:21 UTC 2016
[    0.000000] CPU: ARMv7 Processor [412fc0f1] revision 1 (ARMv7), cr=10c5387d
[    0.000000] CPU: PIPT / VIPT nonaliasing data cache, PIPT instruction cache
[    0.000000] Machine model: linux,dummy-virt
[    0.000000] debug: ignoring loglevel setting.
[    0.000000] Memory policy: Data cache writeback
[    0.000000] On node 0 totalpages: 65536
[    0.000000] free_area_init_node: node 0, pgdat c061dfe8, node_mem_map cfdf9000
[    0.000000]   Normal zone: 512 pages used for memmap
[    0.000000]   Normal zone: 0 pages reserved
[    0.000000]   Normal zone: 65536 pages, LIFO batch:15
[    0.000000] CPU: All CPU(s) started in SVC mode.
[    0.000000] pcpu-alloc: s0 r0 d32768 u32768 alloc=1*32768
[    0.000000] pcpu-alloc: [0] 0 
[    0.000000] Built 1 zonelists in Zone order, mobility grouping on.  Total pages: 65024
[    0.000000] Kernel command line: firmadyne.syscall=1 root=/dev/vda1 console=ttyS0 nandsim.parts=64,64,64,64,64,64,64,64,64,64 rdinit=/firmadyne/preInit.sh rw debug ignore_loglevel print-fatal-signals=1 user_debug=31
[    0.000000] PID hash table entries: 1024 (order: 0, 4096 bytes)
[    0.000000] Dentry cache hash table entries: 32768 (order: 5, 131072 bytes)
[    0.000000] Inode-cache hash table entries: 16384 (order: 4, 65536 bytes)
[    0.000000] Memory: 253344K/262144K available (4297K kernel code, 170K rwdata, 1584K rodata, 180K init, 148K bss, 8800K reserved, 0K cma-reserved)
[    0.000000] Virtual kernel memory layout:
[    0.000000]     vector  : 0xffff0000 - 0xffff1000   (   4 kB)
[    0.000000]     fixmap  : 0xffc00000 - 0xfff00000   (3072 kB)
[    0.000000]     vmalloc : 0xd0800000 - 0xff000000   ( 744 MB)
[    0.000000]     lowmem  : 0xc0000000 - 0xd0000000   ( 256 MB)
[    0.000000]     modules : 0xbf000000 - 0xc0000000   (  16 MB)
[    0.000000]       .text : 0xc0008000 - 0xc05c67bc   (5882 kB)
[    0.000000]       .init : 0xc05c7000 - 0xc05f4000   ( 180 kB)
[    0.000000]       .data : 0xc05f4000 - 0xc061e840   ( 171 kB)
[    0.000000]        .bss : 0xc0621000 - 0xc06462d4   ( 149 kB)
[    0.000000] NR_IRQS:16 nr_irqs:16 16
[    0.000000] Architected cp15 timer(s) running at 62.50MHz (virt).
[    0.000000] clocksource arch_sys_counter: mask: 0xffffffffffffff max_cycles: 0x1cd42e208c, max_idle_ns: 881590405314 ns
[    0.000117] sched_clock: 56 bits at 62MHz, resolution 16ns, wraps every 4398046511096ns
[    0.000209] Switching to timer-based delay loop, resolution 16ns
[    0.002461] Console: colour dummy device 80x30
[    0.003110] Calibrating delay loop (skipped), value calculated using timer frequency.. 125.00 BogoMIPS (lpj=625000)
[    0.003204] pid_max: default: 32768 minimum: 301
[    0.003832] Mount-cache hash table entries: 1024 (order: 0, 4096 bytes)
[    0.003856] Mountpoint-cache hash table entries: 1024 (order: 0, 4096 bytes)
[    0.008462] CPU: Testing write buffer coherency: ok
[    0.014472] Setting up static identity map for 0x40008240 - 0x40008298
[    0.024368] VFP support v0.3: implementor 41 architecture 4 part 30 variant f rev 0
[    0.032919] clocksource jiffies: mask: 0xffffffff max_cycles: 0xffffffff, max_idle_ns: 19112604462750000 ns
[    0.038852] NET: Registered protocol family 16
[    0.040880] DMA: preallocated 256 KiB pool for atomic coherent allocations
[    0.043925] cpuidle: using governor ladder
[    0.044025] cpuidle: using governor menu
[    0.046361] genirq: Setting trigger mode 1 for irq 20 failed (gic_set_type+0x0/0x48)
[    0.047759] genirq: Setting trigger mode 1 for irq 21 failed (gic_set_type+0x0/0x48)
[    0.048003] genirq: Setting trigger mode 1 for irq 22 failed (gic_set_type+0x0/0x48)
[    0.048227] genirq: Setting trigger mode 1 for irq 23 failed (gic_set_type+0x0/0x48)
[    0.048458] genirq: Setting trigger mode 1 for irq 24 failed (gic_set_type+0x0/0x48)
[    0.048657] genirq: Setting trigger mode 1 for irq 25 failed (gic_set_type+0x0/0x48)
[    0.048846] genirq: Setting trigger mode 1 for irq 26 failed (gic_set_type+0x0/0x48)
[    0.049038] genirq: Setting trigger mode 1 for irq 27 failed (gic_set_type+0x0/0x48)
[    0.049325] genirq: Setting trigger mode 1 for irq 28 failed (gic_set_type+0x0/0x48)
[    0.049539] genirq: Setting trigger mode 1 for irq 29 failed (gic_set_type+0x0/0x48)
[    0.049771] genirq: Setting trigger mode 1 for irq 30 failed (gic_set_type+0x0/0x48)
[    0.050021] genirq: Setting trigger mode 1 for irq 31 failed (gic_set_type+0x0/0x48)
[    0.050251] genirq: Setting trigger mode 1 for irq 32 failed (gic_set_type+0x0/0x48)
[    0.050490] genirq: Setting trigger mode 1 for irq 33 failed (gic_set_type+0x0/0x48)
[    0.050701] genirq: Setting trigger mode 1 for irq 34 failed (gic_set_type+0x0/0x48)
[    0.050897] genirq: Setting trigger mode 1 for irq 35 failed (gic_set_type+0x0/0x48)
[    0.051099] genirq: Setting trigger mode 1 for irq 36 failed (gic_set_type+0x0/0x48)
[    0.051306] genirq: Setting trigger mode 1 for irq 37 failed (gic_set_type+0x0/0x48)
[    0.051541] genirq: Setting trigger mode 1 for irq 38 failed (gic_set_type+0x0/0x48)
[    0.051738] genirq: Setting trigger mode 1 for irq 39 failed (gic_set_type+0x0/0x48)
[    0.051951] genirq: Setting trigger mode 1 for irq 40 failed (gic_set_type+0x0/0x48)
[    0.052149] genirq: Setting trigger mode 1 for irq 41 failed (gic_set_type+0x0/0x48)
[    0.052349] genirq: Setting trigger mode 1 for irq 42 failed (gic_set_type+0x0/0x48)
[    0.052751] genirq: Setting trigger mode 1 for irq 43 failed (gic_set_type+0x0/0x48)
[    0.052970] genirq: Setting trigger mode 1 for irq 44 failed (gic_set_type+0x0/0x48)
[    0.053180] genirq: Setting trigger mode 1 for irq 45 failed (gic_set_type+0x0/0x48)
[    0.053376] genirq: Setting trigger mode 1 for irq 46 failed (gic_set_type+0x0/0x48)
[    0.053608] genirq: Setting trigger mode 1 for irq 47 failed (gic_set_type+0x0/0x48)
[    0.053847] genirq: Setting trigger mode 1 for irq 48 failed (gic_set_type+0x0/0x48)
[    0.054056] genirq: Setting trigger mode 1 for irq 49 failed (gic_set_type+0x0/0x48)
[    0.054259] genirq: Setting trigger mode 1 for irq 50 failed (gic_set_type+0x0/0x48)
[    0.054462] genirq: Setting trigger mode 1 for irq 51 failed (gic_set_type+0x0/0x48)
[    0.054812] genirq: Setting trigger mode 1 for irq 52 failed (gic_set_type+0x0/0x48)
[    0.057250] Serial: AMBA PL011 UART driver
[    0.058656] 9000000.pl011: ttyS0 at MMIO 0x9000000 (irq = 52, base_baud = 0) is a PL011 rev1
[    0.076071] console [ttyS0] enabled
[    0.091277] vgaarb: loaded
[    0.092247] SCSI subsystem initialized
[    0.092937] usbcore: registered new interface driver usbfs
[    0.093427] usbcore: registered new interface driver hub
[    0.093739] usbcore: registered new device driver usb
[    0.100062] cfg80211: Calling CRDA to update world regulatory domain
[    0.101625] Switched to clocksource arch_sys_counter
[    0.113735] NET: Registered protocol family 2
[    0.116991] TCP established hash table entries: 2048 (order: 1, 8192 bytes)
[    0.117259] TCP bind hash table entries: 2048 (order: 1, 8192 bytes)
[    0.117552] TCP: Hash tables configured (established 2048 bind 2048)
[    0.118009] UDP hash table entries: 256 (order: 0, 4096 bytes)
[    0.118269] UDP-Lite hash table entries: 256 (order: 0, 4096 bytes)
[    0.119308] NET: Registered protocol family 1
[    0.119643] PCI: CLS 0 bytes, default 64
[    0.124634] NetWinder Floating Point Emulator V0.97 (extended precision)
[    0.126414] futex hash table entries: 256 (order: -1, 3072 bytes)
[    0.130024] squashfs: version 4.0 (2009/01/31) Phillip Lougher
[    0.130819] jffs2: version 2.2. (NAND) Â© 2001-2006 Red Hat, Inc.
[    0.131671] romfs: ROMFS MTD (C) 2007 Red Hat, Inc.
[    0.137494] Block layer SCSI generic (bsg) driver version 0.4 loaded (major 253)
[    0.137827] io scheduler noop registered
[    0.138042] io scheduler cfq registered (default)
[    0.138579] firmadyne: devfs: 1, execute: 1, procfs: 1, syscall: 1
[    0.139522] ------------[ cut here ]------------
[    0.139681] WARNING: CPU: 0 PID: 1 at /home/vagrant/firmadyne-kernel/kernel-v4.1/fs/sysfs/dir.c:31 sysfs_warn_dup+0x50/0x6c()
[    0.140003] sysfs: cannot create duplicate filename '/class/gpio'
[    0.140194] Modules linked in:
[    0.140438] CPU: 0 PID: 1 Comm: swapper Not tainted 4.1.17+ #1
[    0.140609] Hardware name: Generic DT based system
[    0.141134] [<c001c99c>] (unwind_backtrace) from [<c0019d30>] (show_stack+0x10/0x14)
[    0.141595] [<c0019d30>] (show_stack) from [<c0024ab4>] (warn_slowpath_common+0x80/0xa8)
[    0.141885] [<c0024ab4>] (warn_slowpath_common) from [<c0024b08>] (warn_slowpath_fmt+0x2c/0x3c)
[    0.142192] [<c0024b08>] (warn_slowpath_fmt) from [<c00e363c>] (sysfs_warn_dup+0x50/0x6c)
[    0.142442] [<c00e363c>] (sysfs_warn_dup) from [<c00e3714>] (sysfs_create_dir_ns+0x74/0x84)
[    0.142696] [<c00e3714>] (sysfs_create_dir_ns) from [<c018e6ac>] (kobject_add_internal+0xb8/0x2ac)
[    0.142968] [<c018e6ac>] (kobject_add_internal) from [<c018e9a8>] (kset_register+0x1c/0x44)
[    0.143227] [<c018e9a8>] (kset_register) from [<c02090b4>] (__class_register+0xa8/0x198)
[    0.143458] [<c02090b4>] (__class_register) from [<c02091e4>] (__class_create+0x40/0x70)
[    0.143690] [<c02091e4>] (__class_create) from [<c01adf68>] (register_devfs_stubs+0x314/0xbb4)
[    0.143948] [<c01adf68>] (register_devfs_stubs) from [<c05d9b08>] (init_module+0x28/0xa4)
[    0.144203] [<c05d9b08>] (init_module) from [<c0009670>] (do_one_initcall+0x104/0x1b4)
[    0.144432] [<c0009670>] (do_one_initcall) from [<c05c7d08>] (kernel_init_freeable+0xf0/0x1b0)
[    0.144679] [<c05c7d08>] (kernel_init_freeable) from [<c040f28c>] (kernel_init+0x8/0xe4)
[    0.144907] [<c040f28c>] (kernel_init) from [<c0016da8>] (ret_from_fork+0x14/0x2c)
[    0.145172] ---[ end trace b834d204fc7ab705 ]---
[    0.145363] ------------[ cut here ]------------
[    0.145505] WARNING: CPU: 0 PID: 1 at /home/vagrant/firmadyne-kernel/kernel-v4.1/lib/kobject.c:240 kobject_add_internal+0x240/0x2ac()
[    0.145855] kobject_add_internal failed for gpio with -EEXIST, don't try to register things with the same name in the same directory.
[    0.146194] Modules linked in:
[    0.146345] CPU: 0 PID: 1 Comm: swapper Tainted: G        W       4.1.17+ #1
[    0.146551] Hardware name: Generic DT based system
[    0.146712] [<c001c99c>] (unwind_backtrace) from [<c0019d30>] (show_stack+0x10/0x14)
[    0.146954] [<c0019d30>] (show_stack) from [<c0024ab4>] (warn_slowpath_common+0x80/0xa8)
[    0.147211] [<c0024ab4>] (warn_slowpath_common) from [<c0024b08>] (warn_slowpath_fmt+0x2c/0x3c)
[    0.147464] [<c0024b08>] (warn_slowpath_fmt) from [<c018e834>] (kobject_add_internal+0x240/0x2ac)
[    0.147717] [<c018e834>] (kobject_add_internal) from [<c018e9a8>] (kset_register+0x1c/0x44)
[    0.148181] [<c018e9a8>] (kset_register) from [<c02090b4>] (__class_register+0xa8/0x198)
[    0.148415] [<c02090b4>] (__class_register) from [<c02091e4>] (__class_create+0x40/0x70)
[    0.148649] [<c02091e4>] (__class_create) from [<c01adf68>] (register_devfs_stubs+0x314/0xbb4)
[    0.148896] [<c01adf68>] (register_devfs_stubs) from [<c05d9b08>] (init_module+0x28/0xa4)
[    0.149129] [<c05d9b08>] (init_module) from [<c0009670>] (do_one_initcall+0x104/0x1b4)
[    0.149359] [<c0009670>] (do_one_initcall) from [<c05c7d08>] (kernel_init_freeable+0xf0/0x1b0)
[    0.149603] [<c05c7d08>] (kernel_init_freeable) from [<c040f28c>] (kernel_init+0x8/0xe4)
[    0.149863] [<c040f28c>] (kernel_init) from [<c0016da8>] (ret_from_fork+0x14/0x2c)
[    0.150104] ---[ end trace b834d204fc7ab706 ]---
[    0.150286] firmadyne: Cannot create device class: gpio!
[    0.151889] firmadyne: Cannot register character device: watchdog, 0xa, 0x82!
[    0.152110] firmadyne: Cannot register character device: wdt, 0xfd, 0x0!
[    0.231192] Non-volatile memory driver v1.3
[    0.246949] brd: module loaded
[    0.253976] loop: module loaded
[    0.260579]  vda: vda1
[    0.264046] [nandsim] warning: read_byte: unexpected data output cycle, state is STATE_READY return 0x0
[    0.264327] [nandsim] warning: read_byte: unexpected data output cycle, state is STATE_READY return 0x0
[    0.264582] [nandsim] warning: read_byte: unexpected data output cycle, state is STATE_READY return 0x0
[    0.264836] [nandsim] warning: read_byte: unexpected data output cycle, state is STATE_READY return 0x0
[    0.265090] [nandsim] warning: read_byte: unexpected data output cycle, state is STATE_READY return 0x0
[    0.265343] [nandsim] warning: read_byte: unexpected data output cycle, state is STATE_READY return 0x0
[    0.265792] nand: device found, Manufacturer ID: 0x98, Chip ID: 0x39
[    0.265997] nand: Toshiba NAND 128MiB 1,8V 8-bit
[    0.266156] nand: 128 MiB, SLC, erase size: 16 KiB, page size: 512, OOB size: 16
[    0.266899] flash size: 128 MiB
[    0.267004] page size: 512 bytes
[    0.267118] OOB area size: 16 bytes
[    0.267223] sector size: 16 KiB
[    0.267317] pages number: 262144
[    0.267413] pages per sector: 32
[    0.267509] bus width: 8
[    0.267588] bits in sector size: 14
[    0.267741] bits in page size: 9
[    0.267877] bits in OOB size: 4
[    0.267998] flash size with OOB: 135168 KiB
[    0.268148] page address bytes: 4
[    0.268275] sector address bytes: 3
[    0.268404] options: 0x42
[    0.271778] Scanning device for bad blocks
[    0.381685] Creating 11 MTD partitions on "NAND 128MiB 1,8V 8-bit":
[    0.382102] 0x000000000000-0x000000100000 : "NAND simulator partition 0"
[    0.384592] 0x000000100000-0x000000200000 : "NAND simulator partition 1"
[    0.385682] 0x000000200000-0x000000300000 : "NAND simulator partition 2"
[    0.386796] 0x000000300000-0x000000400000 : "NAND simulator partition 3"
[    0.387877] 0x000000400000-0x000000500000 : "NAND simulator partition 4"
[    0.388879] 0x000000500000-0x000000600000 : "NAND simulator partition 5"
[    0.389994] 0x000000600000-0x000000700000 : "NAND simulator partition 6"
[    0.391107] 0x000000700000-0x000000800000 : "NAND simulator partition 7"
[    0.392444] 0x000000800000-0x000000900000 : "NAND simulator partition 8"
[    0.393593] 0x000000900000-0x000000a00000 : "NAND simulator partition 9"
[    0.394727] 0x000000a00000-0x000008000000 : "NAND simulator partition 10"
[    0.398170] tun: Universal TUN/TAP device driver, 1.6
[    0.398336] tun: (C) 1999-2004 Max Krasnyansky <maxk@qualcomm.com>
[    0.411790] PPP generic driver version 2.4.2
[    0.412327] PPP BSD Compression module registered
[    0.412500] PPP Deflate Compression module registered
[    0.412716] PPP MPPE Compression module registered
[    0.412883] NET: Registered protocol family 24
[    0.413149] PPTP driver version 0.8.5
[    0.413750] usbcore: registered new interface driver usb-storage
[    0.415052] hidraw: raw HID events driver (C) Jiri Kosina
[    0.415476] usbcore: registered new interface driver usbhid
[    0.415641] usbhid: USB HID core driver
[    0.416009] Netfilter messages via NETLINK v0.30.
[    0.416484] nf_conntrack version 0.5.0 (3958 buckets, 15832 max)
[    0.417486] ctnetlink v0.93: registering with nfnetlink.
[    0.418602] ipip: IPv4 over IPv4 tunneling driver
[    0.420094] gre: GRE over IPv4 demultiplexor driver
[    0.420270] ip_gre: GRE over IPv4 tunneling driver
[    0.423820] ip_tables: (C) 2000-2006 Netfilter Core Team
[    0.425026] arp_tables: (C) 2002 David S. Miller
[    0.425869] Initializing XFRM netlink socket
[    0.426298] NET: Registered protocol family 10
[    0.431361] ip6_tables: (C) 2000-2006 Netfilter Core Team
[    0.432725] sit: IPv6 over IPv4 tunneling driver
[    0.435463] NET: Registered protocol family 17
[    0.435970] bridge: automatic filtering via arp/ip/ip6tables has been deprecated. Update your scripts to load br_netfilter if you need this.
[    0.436404] Bridge firewalling registered
[    0.436566] Ebtables v2.0 registered
[    0.437386] 8021q: 802.1Q VLAN Support v1.8
[    0.437892] Registering SWP/SWPB emulation handler
[    0.439458] hctosys: unable to open rtc device (rtc0)
[    0.446743] EXT4-fs (vda1): couldn't mount as ext3 due to feature incompatibilities
[    0.447849] EXT4-fs (vda1): mounting ext2 file system using the ext4 subsystem
[    0.457247] EXT4-fs (vda1): mounted filesystem without journal. Opts: (null)
[    0.458127] VFS: Mounted root (ext2 filesystem) on device 254:1.
[    0.462395] Freeing unused kernel memory: 180K (c05c7000 - c05f4000)
[    0.473316] firmadyne: do_execve: /firmadyne/console
[    0.473512] OFFSETS: offset of pid: 0x190 offset of comm: 0x270
[    0.473881] Kernel panic - not syncing: No working init found.  Try passing init= option to kernel. See Linux Documentation/init.txt for guidance.
[    0.474282] CPU: 0 PID: 1 Comm: swapper Tainted: G        W       4.1.17+ #1
[    0.474489] Hardware name: Generic DT based system
[    0.474669] [<c001c99c>] (unwind_backtrace) from [<c0019d30>] (show_stack+0x10/0x14)
[    0.474912] [<c0019d30>] (show_stack) from [<c0410b78>] (panic+0x70/0x1c8)
[    0.475129] [<c0410b78>] (panic) from [<c040f33c>] (kernel_init+0xb8/0xe4)
[    0.475337] [<c040f33c>] (kernel_init) from [<c0016da8>] (ret_from_fork+0x14/0x2c)
[    0.475677] ---[ end Kernel panic - not syncing: No working init found.  Try passing init= option to kernel. See Linux Documentation/init.txt for guidance.
