[    0.000000] Booting Linux on physical CPU 0x0
[    0.000000] Linux version 4.1.17+ (vagrant@vagrant-ubuntu-trusty-64) (gcc version 5.3.0 (GCC) ) #1 Thu Feb 18 01:05:21 UTC 2016
[    0.000000] CPU: ARMv7 Processor [412fc0f1] revision 1 (ARMv7), cr=10c5387d
[    0.000000] CPU: PIPT / VIPT nonaliasing data cache, PIPT instruction cache
[    0.000000] Machine model: linux,dummy-virt
[    0.000000] debug: ignoring loglevel setting.
[    0.000000] Memory policy: Data cache writeback
[    0.000000] On node 0 totalpages: 65536
[    0.000000] free_area_init_node: node 0, pgdat c061dfe8, node_mem_map cfdf9000
[    0.000000]   Normal zone: 512 pages used for memmap
[    0.000000]   Normal zone: 0 pages reserved
[    0.000000]   Normal zone: 65536 pages, LIFO batch:15
[    0.000000] CPU: All CPU(s) started in SVC mode.
[    0.000000] pcpu-alloc: s0 r0 d32768 u32768 alloc=1*32768
[    0.000000] pcpu-alloc: [0] 0 
[    0.000000] Built 1 zonelists in Zone order, mobility grouping on.  Total pages: 65024
[    0.000000] Kernel command line: root=/dev/vda1 console=ttyS0 nandsim.parts=64,64,64,64,64,64,64,64,64,64 rdinit=/firmadyne/preInit.sh rw debug ignore_loglevel print-fatal-signals=1 user_debug=31 firmadyne.syscall=0
[    0.000000] PID hash table entries: 1024 (order: 0, 4096 bytes)
[    0.000000] Dentry cache hash table entries: 32768 (order: 5, 131072 bytes)
[    0.000000] Inode-cache hash table entries: 16384 (order: 4, 65536 bytes)
[    0.000000] Memory: 253344K/262144K available (4297K kernel code, 170K rwdata, 1584K rodata, 180K init, 148K bss, 8800K reserved, 0K cma-reserved)
[    0.000000] Virtual kernel memory layout:
[    0.000000]     vector  : 0xffff0000 - 0xffff1000   (   4 kB)
[    0.000000]     fixmap  : 0xffc00000 - 0xfff00000   (3072 kB)
[    0.000000]     vmalloc : 0xd0800000 - 0xff000000   ( 744 MB)
[    0.000000]     lowmem  : 0xc0000000 - 0xd0000000   ( 256 MB)
[    0.000000]     modules : 0xbf000000 - 0xc0000000   (  16 MB)
[    0.000000]       .text : 0xc0008000 - 0xc05c67bc   (5882 kB)
[    0.000000]       .init : 0xc05c7000 - 0xc05f4000   ( 180 kB)
[    0.000000]       .data : 0xc05f4000 - 0xc061e840   ( 171 kB)
[    0.000000]        .bss : 0xc0621000 - 0xc06462d4   ( 149 kB)
[    0.000000] NR_IRQS:16 nr_irqs:16 16
[    0.000000] Architected cp15 timer(s) running at 62.50MHz (virt).
[    0.000000] clocksource arch_sys_counter: mask: 0xffffffffffffff max_cycles: 0x1cd42e208c, max_idle_ns: 881590405314 ns
[    0.000111] sched_clock: 56 bits at 62MHz, resolution 16ns, wraps every 4398046511096ns
[    0.000206] Switching to timer-based delay loop, resolution 16ns
[    0.002480] Console: colour dummy device 80x30
[    0.002702] Calibrating delay loop (skipped), value calculated using timer frequency.. 125.00 BogoMIPS (lpj=625000)
[    0.002786] pid_max: default: 32768 minimum: 301
[    0.003388] Mount-cache hash table entries: 1024 (order: 0, 4096 bytes)
[    0.003414] Mountpoint-cache hash table entries: 1024 (order: 0, 4096 bytes)
[    0.007893] CPU: Testing write buffer coherency: ok
[    0.013428] Setting up static identity map for 0x40008240 - 0x40008298
[    0.023043] VFP support v0.3: implementor 41 architecture 4 part 30 variant f rev 0
[    0.029195] clocksource jiffies: mask: 0xffffffff max_cycles: 0xffffffff, max_idle_ns: 19112604462750000 ns
[    0.037018] NET: Registered protocol family 16
[    0.039023] DMA: preallocated 256 KiB pool for atomic coherent allocations
[    0.041639] cpuidle: using governor ladder
[    0.041737] cpuidle: using governor menu
[    0.044353] genirq: Setting trigger mode 1 for irq 20 failed (gic_set_type+0x0/0x48)
[    0.045601] genirq: Setting trigger mode 1 for irq 21 failed (gic_set_type+0x0/0x48)
[    0.045809] genirq: Setting trigger mode 1 for irq 22 failed (gic_set_type+0x0/0x48)
[    0.046018] genirq: Setting trigger mode 1 for irq 23 failed (gic_set_type+0x0/0x48)
[    0.046229] genirq: Setting trigger mode 1 for irq 24 failed (gic_set_type+0x0/0x48)
[    0.046447] genirq: Setting trigger mode 1 for irq 25 failed (gic_set_type+0x0/0x48)
[    0.046642] genirq: Setting trigger mode 1 for irq 26 failed (gic_set_type+0x0/0x48)
[    0.046834] genirq: Setting trigger mode 1 for irq 27 failed (gic_set_type+0x0/0x48)
[    0.047105] genirq: Setting trigger mode 1 for irq 28 failed (gic_set_type+0x0/0x48)
[    0.047307] genirq: Setting trigger mode 1 for irq 29 failed (gic_set_type+0x0/0x48)
[    0.047493] genirq: Setting trigger mode 1 for irq 30 failed (gic_set_type+0x0/0x48)
[    0.047693] genirq: Setting trigger mode 1 for irq 31 failed (gic_set_type+0x0/0x48)
[    0.047880] genirq: Setting trigger mode 1 for irq 32 failed (gic_set_type+0x0/0x48)
[    0.048071] genirq: Setting trigger mode 1 for irq 33 failed (gic_set_type+0x0/0x48)
[    0.048254] genirq: Setting trigger mode 1 for irq 34 failed (gic_set_type+0x0/0x48)
[    0.048445] genirq: Setting trigger mode 1 for irq 35 failed (gic_set_type+0x0/0x48)
[    0.048634] genirq: Setting trigger mode 1 for irq 36 failed (gic_set_type+0x0/0x48)
[    0.048826] genirq: Setting trigger mode 1 for irq 37 failed (gic_set_type+0x0/0x48)
[    0.049049] genirq: Setting trigger mode 1 for irq 38 failed (gic_set_type+0x0/0x48)
[    0.049249] genirq: Setting trigger mode 1 for irq 39 failed (gic_set_type+0x0/0x48)
[    0.049440] genirq: Setting trigger mode 1 for irq 40 failed (gic_set_type+0x0/0x48)
[    0.049634] genirq: Setting trigger mode 1 for irq 41 failed (gic_set_type+0x0/0x48)
[    0.049835] genirq: Setting trigger mode 1 for irq 42 failed (gic_set_type+0x0/0x48)
[    0.050034] genirq: Setting trigger mode 1 for irq 43 failed (gic_set_type+0x0/0x48)
[    0.050239] genirq: Setting trigger mode 1 for irq 44 failed (gic_set_type+0x0/0x48)
[    0.050466] genirq: Setting trigger mode 1 for irq 45 failed (gic_set_type+0x0/0x48)
[    0.050664] genirq: Setting trigger mode 1 for irq 46 failed (gic_set_type+0x0/0x48)
[    0.050894] genirq: Setting trigger mode 1 for irq 47 failed (gic_set_type+0x0/0x48)
[    0.051097] genirq: Setting trigger mode 1 for irq 48 failed (gic_set_type+0x0/0x48)
[    0.051292] genirq: Setting trigger mode 1 for irq 49 failed (gic_set_type+0x0/0x48)
[    0.051482] genirq: Setting trigger mode 1 for irq 50 failed (gic_set_type+0x0/0x48)
[    0.051671] genirq: Setting trigger mode 1 for irq 51 failed (gic_set_type+0x0/0x48)
[    0.052174] genirq: Setting trigger mode 1 for irq 52 failed (gic_set_type+0x0/0x48)
[    0.054606] Serial: AMBA PL011 UART driver
[    0.055931] 9000000.pl011: ttyS0 at MMIO 0x9000000 (irq = 52, base_baud = 0) is a PL011 rev1
[    0.100821] console [ttyS0] enabled
[    0.116083] vgaarb: loaded
[    0.117763] SCSI subsystem initialized
[    0.119016] usbcore: registered new interface driver usbfs
[    0.119985] usbcore: registered new interface driver hub
[    0.120896] usbcore: registered new device driver usb
[    0.127657] cfg80211: Calling CRDA to update world regulatory domain
[    0.130049] Switched to clocksource arch_sys_counter
[    0.142144] NET: Registered protocol family 2
[    0.146106] TCP established hash table entries: 2048 (order: 1, 8192 bytes)
[    0.147183] TCP bind hash table entries: 2048 (order: 1, 8192 bytes)
[    0.148207] TCP: Hash tables configured (established 2048 bind 2048)
[    0.149407] UDP hash table entries: 256 (order: 0, 4096 bytes)
[    0.150597] UDP-Lite hash table entries: 256 (order: 0, 4096 bytes)
[    0.152445] NET: Registered protocol family 1
[    0.153424] PCI: CLS 0 bytes, default 64
[    0.158599] NetWinder Floating Point Emulator V0.97 (extended precision)
[    0.161611] futex hash table entries: 256 (order: -1, 3072 bytes)
[    0.165963] squashfs: version 4.0 (2009/01/31) Phillip Lougher
[    0.167492] jffs2: version 2.2. (NAND) Â© 2001-2006 Red Hat, Inc.
[    0.168938] romfs: ROMFS MTD (C) 2007 Red Hat, Inc.
[    0.175862] Block layer SCSI generic (bsg) driver version 0.4 loaded (major 253)
[    0.177039] io scheduler noop registered
[    0.177722] io scheduler cfq registered (default)
[    0.178810] firmadyne: devfs: 1, execute: 1, procfs: 1, syscall: 0
[    0.180704] ------------[ cut here ]------------
[    0.181403] WARNING: CPU: 0 PID: 1 at /home/vagrant/firmadyne-kernel/kernel-v4.1/fs/sysfs/dir.c:31 sysfs_warn_dup+0x50/0x6c()
[    0.182945] sysfs: cannot create duplicate filename '/class/gpio'
[    0.183809] Modules linked in:
[    0.184458] CPU: 0 PID: 1 Comm: swapper Not tainted 4.1.17+ #1
[    0.185280] Hardware name: Generic DT based system
[    0.186395] [<c001c99c>] (unwind_backtrace) from [<c0019d30>] (show_stack+0x10/0x14)
[    0.187553] [<c0019d30>] (show_stack) from [<c0024ab4>] (warn_slowpath_common+0x80/0xa8)
[    0.188704] [<c0024ab4>] (warn_slowpath_common) from [<c0024b08>] (warn_slowpath_fmt+0x2c/0x3c)
[    0.190122] [<c0024b08>] (warn_slowpath_fmt) from [<c00e363c>] (sysfs_warn_dup+0x50/0x6c)
[    0.191266] [<c00e363c>] (sysfs_warn_dup) from [<c00e3714>] (sysfs_create_dir_ns+0x74/0x84)
[    0.192501] [<c00e3714>] (sysfs_create_dir_ns) from [<c018e6ac>] (kobject_add_internal+0xb8/0x2ac)
[    0.193734] [<c018e6ac>] (kobject_add_internal) from [<c018e9a8>] (kset_register+0x1c/0x44)
[    0.194336] [<c018e9a8>] (kset_register) from [<c02090b4>] (__class_register+0xa8/0x198)
[    0.194980] [<c02090b4>] (__class_register) from [<c02091e4>] (__class_create+0x40/0x70)
[    0.195518] [<c02091e4>] (__class_create) from [<c01adf68>] (register_devfs_stubs+0x314/0xbb4)
[    0.196042] [<c01adf68>] (register_devfs_stubs) from [<c05d9b08>] (init_module+0x28/0xa4)
[    0.196803] [<c05d9b08>] (init_module) from [<c0009670>] (do_one_initcall+0x104/0x1b4)
[    0.197263] [<c0009670>] (do_one_initcall) from [<c05c7d08>] (kernel_init_freeable+0xf0/0x1b0)
[    0.198047] [<c05c7d08>] (kernel_init_freeable) from [<c040f28c>] (kernel_init+0x8/0xe4)
[    0.198622] [<c040f28c>] (kernel_init) from [<c0016da8>] (ret_from_fork+0x14/0x2c)
[    0.199284] ---[ end trace 0df76be64f969b96 ]---
[    0.199813] ------------[ cut here ]------------
[    0.200508] WARNING: CPU: 0 PID: 1 at /home/vagrant/firmadyne-kernel/kernel-v4.1/lib/kobject.c:240 kobject_add_internal+0x240/0x2ac()
[    0.201373] kobject_add_internal failed for gpio with -EEXIST, don't try to register things with the same name in the same directory.
[    0.202215] Modules linked in:
[    0.202417] CPU: 0 PID: 1 Comm: swapper Tainted: G        W       4.1.17+ #1
[    0.203022] Hardware name: Generic DT based system
[    0.203521] [<c001c99c>] (unwind_backtrace) from [<c0019d30>] (show_stack+0x10/0x14)
[    0.204076] [<c0019d30>] (show_stack) from [<c0024ab4>] (warn_slowpath_common+0x80/0xa8)
[    0.204499] [<c0024ab4>] (warn_slowpath_common) from [<c0024b08>] (warn_slowpath_fmt+0x2c/0x3c)
[    0.205232] [<c0024b08>] (warn_slowpath_fmt) from [<c018e834>] (kobject_add_internal+0x240/0x2ac)
[    0.205938] [<c018e834>] (kobject_add_internal) from [<c018e9a8>] (kset_register+0x1c/0x44)
[    0.206480] [<c018e9a8>] (kset_register) from [<c02090b4>] (__class_register+0xa8/0x198)
[    0.207026] [<c02090b4>] (__class_register) from [<c02091e4>] (__class_create+0x40/0x70)
[    0.207548] [<c02091e4>] (__class_create) from [<c01adf68>] (register_devfs_stubs+0x314/0xbb4)
[    0.208336] [<c01adf68>] (register_devfs_stubs) from [<c05d9b08>] (init_module+0x28/0xa4)
[    0.208964] [<c05d9b08>] (init_module) from [<c0009670>] (do_one_initcall+0x104/0x1b4)
[    0.209433] [<c0009670>] (do_one_initcall) from [<c05c7d08>] (kernel_init_freeable+0xf0/0x1b0)
[    0.210380] [<c05c7d08>] (kernel_init_freeable) from [<c040f28c>] (kernel_init+0x8/0xe4)
[    0.211109] [<c040f28c>] (kernel_init) from [<c0016da8>] (ret_from_fork+0x14/0x2c)
[    0.211599] ---[ end trace 0df76be64f969b97 ]---
[    0.212036] firmadyne: Cannot create device class: gpio!
[    0.213682] firmadyne: Cannot register character device: watchdog, 0xa, 0x82!
[    0.214712] firmadyne: Cannot register character device: wdt, 0xfd, 0x0!
[    0.290678] Non-volatile memory driver v1.3
[    0.306142] brd: module loaded
[    0.313020] loop: module loaded
[    0.320024]  vda: vda1
[    0.323524] [nandsim] warning: read_byte: unexpected data output cycle, state is STATE_READY return 0x0
[    0.324869] [nandsim] warning: read_byte: unexpected data output cycle, state is STATE_READY return 0x0
[    0.326136] [nandsim] warning: read_byte: unexpected data output cycle, state is STATE_READY return 0x0
[    0.327424] [nandsim] warning: read_byte: unexpected data output cycle, state is STATE_READY return 0x0
[    0.328683] [nandsim] warning: read_byte: unexpected data output cycle, state is STATE_READY return 0x0
[    0.330118] [nandsim] warning: read_byte: unexpected data output cycle, state is STATE_READY return 0x0
[    0.331673] nand: device found, Manufacturer ID: 0x98, Chip ID: 0x39
[    0.332567] nand: Toshiba NAND 128MiB 1,8V 8-bit
[    0.333229] nand: 128 MiB, SLC, erase size: 16 KiB, page size: 512, OOB size: 16
[    0.334293] flash size: 128 MiB
[    0.334759] page size: 512 bytes
[    0.335222] OOB area size: 16 bytes
[    0.335687] sector size: 16 KiB
[    0.336136] pages number: 262144
[    0.336602] pages per sector: 32
[    0.336962] bus width: 8
[    0.337024] bits in sector size: 14
[    0.337242] bits in page size: 9
[    0.337707] bits in OOB size: 4
[    0.337906] flash size with OOB: 135168 KiB
[    0.338130] page address bytes: 4
[    0.338596] sector address bytes: 3
[    0.338719] options: 0x42
[    0.342154] Scanning device for bad blocks
[    0.435742] Creating 11 MTD partitions on "NAND 128MiB 1,8V 8-bit":
[    0.437222] 0x000000000000-0x000000100000 : "NAND simulator partition 0"
[    0.440652] 0x000000100000-0x000000200000 : "NAND simulator partition 1"
[    0.442618] 0x000000200000-0x000000300000 : "NAND simulator partition 2"
[    0.444673] 0x000000300000-0x000000400000 : "NAND simulator partition 3"
[    0.446610] 0x000000400000-0x000000500000 : "NAND simulator partition 4"
[    0.448521] 0x000000500000-0x000000600000 : "NAND simulator partition 5"
[    0.450632] 0x000000600000-0x000000700000 : "NAND simulator partition 6"
[    0.452632] 0x000000700000-0x000000800000 : "NAND simulator partition 7"
[    0.454699] 0x000000800000-0x000000900000 : "NAND simulator partition 8"
[    0.456722] 0x000000900000-0x000000a00000 : "NAND simulator partition 9"
[    0.458656] 0x000000a00000-0x000008000000 : "NAND simulator partition 10"
[    0.462998] tun: Universal TUN/TAP device driver, 1.6
[    0.463728] tun: (C) 1999-2004 Max Krasnyansky <maxk@qualcomm.com>
[    0.475324] PPP generic driver version 2.4.2
[    0.476490] PPP BSD Compression module registered
[    0.477198] PPP Deflate Compression module registered
[    0.478004] PPP MPPE Compression module registered
[    0.478714] NET: Registered protocol family 24
[    0.479529] PPTP driver version 0.8.5
[    0.480737] usbcore: registered new interface driver usb-storage
[    0.482797] hidraw: raw HID events driver (C) Jiri Kosina
[    0.483971] usbcore: registered new interface driver usbhid
[    0.484822] usbhid: USB HID core driver
[    0.485705] Netfilter messages via NETLINK v0.30.
[    0.486811] nf_conntrack version 0.5.0 (3958 buckets, 15832 max)
[    0.488597] ctnetlink v0.93: registering with nfnetlink.
[    0.490562] ipip: IPv4 over IPv4 tunneling driver
[    0.492614] gre: GRE over IPv4 demultiplexor driver
[    0.493383] ip_gre: GRE over IPv4 tunneling driver
[    0.497223] ip_tables: (C) 2000-2006 Netfilter Core Team
[    0.499168] arp_tables: (C) 2002 David S. Miller
[    0.500793] Initializing XFRM netlink socket
[    0.501777] NET: Registered protocol family 10
[    0.507128] ip6_tables: (C) 2000-2006 Netfilter Core Team
[    0.509102] sit: IPv6 over IPv4 tunneling driver
[    0.512519] NET: Registered protocol family 17
[    0.513600] bridge: automatic filtering via arp/ip/ip6tables has been deprecated. Update your scripts to load br_netfilter if you need this.
[    0.515414] Bridge firewalling registered
[    0.516007] Ebtables v2.0 registered
[    0.517329] 8021q: 802.1Q VLAN Support v1.8
[    0.518397] Registering SWP/SWPB emulation handler
[    0.520688] hctosys: unable to open rtc device (rtc0)
[    0.528303] EXT4-fs (vda1): couldn't mount as ext3 due to feature incompatibilities
[    0.530790] EXT4-fs (vda1): mounting ext2 file system using the ext4 subsystem
[    0.538698] EXT4-fs (vda1): warning: mounting unchecked fs, running e2fsck is recommended
[    0.541926] EXT4-fs (vda1): mounted filesystem without journal. Opts: (null)
[    0.543644] VFS: Mounted root (ext2 filesystem) on device 254:1.
[    0.548435] Freeing unused kernel memory: 180K (c05c7000 - c05f4000)
[    0.560173] firmadyne: do_execve: /firmadyne/console
[    0.560992] OFFSETS: offset of pid: 0x190 offset of comm: 0x270
[    0.561992] Kernel panic - not syncing: No working init found.  Try passing init= option to kernel. See Linux Documentation/init.txt for guidance.
[    0.563806] CPU: 0 PID: 1 Comm: swapper Tainted: G        W       4.1.17+ #1
[    0.564833] Hardware name: Generic DT based system
[    0.565581] [<c001c99c>] (unwind_backtrace) from [<c0019d30>] (show_stack+0x10/0x14)
[    0.566644] [<c0019d30>] (show_stack) from [<c0410b78>] (panic+0x70/0x1c8)
[    0.567602] [<c0410b78>] (panic) from [<c040f33c>] (kernel_init+0xb8/0xe4)
[    0.568574] [<c040f33c>] (kernel_init) from [<c0016da8>] (ret_from_fork+0x14/0x2c)
[    0.569942] ---[ end Kernel panic - not syncing: No working init found.  Try passing init= option to kernel. See Linux Documentation/init.txt for guidance.
