[    0.000000] Booting Linux on physical CPU 0x0
[    0.000000] Linux version 4.1.17+ (vagrant@vagrant-ubuntu-trusty-64) (gcc version 5.3.0 (GCC) ) #1 Thu Feb 18 01:05:21 UTC 2016
[    0.000000] CPU: ARMv7 Processor [412fc0f1] revision 1 (ARMv7), cr=10c5387d
[    0.000000] CPU: PIPT / VIPT nonaliasing data cache, PIPT instruction cache
[    0.000000] Machine model: linux,dummy-virt
[    0.000000] debug: ignoring loglevel setting.
[    0.000000] Memory policy: Data cache writeback
[    0.000000] On node 0 totalpages: 65536
[    0.000000] free_area_init_node: node 0, pgdat c061dfe8, node_mem_map cfdf9000
[    0.000000]   Normal zone: 512 pages used for memmap
[    0.000000]   Normal zone: 0 pages reserved
[    0.000000]   Normal zone: 65536 pages, LIFO batch:15
[    0.000000] CPU: All CPU(s) started in SVC mode.
[    0.000000] pcpu-alloc: s0 r0 d32768 u32768 alloc=1*32768
[    0.000000] pcpu-alloc: [0] 0 
[    0.000000] Built 1 zonelists in Zone order, mobility grouping on.  Total pages: 65024
[    0.000000] Kernel command line: firmadyne.syscall=1 root=/dev/vda1 console=ttyS0 nandsim.parts=64,64,64,64,64,64,64,64,64,64 rdinit=/firmadyne/preInit.sh rw debug ignore_loglevel print-fatal-signals=1 user_debug=31
[    0.000000] PID hash table entries: 1024 (order: 0, 4096 bytes)
[    0.000000] Dentry cache hash table entries: 32768 (order: 5, 131072 bytes)
[    0.000000] Inode-cache hash table entries: 16384 (order: 4, 65536 bytes)
[    0.000000] Memory: 253344K/262144K available (4297K kernel code, 170K rwdata, 1584K rodata, 180K init, 148K bss, 8800K reserved, 0K cma-reserved)
[    0.000000] Virtual kernel memory layout:
[    0.000000]     vector  : 0xffff0000 - 0xffff1000   (   4 kB)
[    0.000000]     fixmap  : 0xffc00000 - 0xfff00000   (3072 kB)
[    0.000000]     vmalloc : 0xd0800000 - 0xff000000   ( 744 MB)
[    0.000000]     lowmem  : 0xc0000000 - 0xd0000000   ( 256 MB)
[    0.000000]     modules : 0xbf000000 - 0xc0000000   (  16 MB)
[    0.000000]       .text : 0xc0008000 - 0xc05c67bc   (5882 kB)
[    0.000000]       .init : 0xc05c7000 - 0xc05f4000   ( 180 kB)
[    0.000000]       .data : 0xc05f4000 - 0xc061e840   ( 171 kB)
[    0.000000]        .bss : 0xc0621000 - 0xc06462d4   ( 149 kB)
[    0.000000] NR_IRQS:16 nr_irqs:16 16
[    0.000000] Architected cp15 timer(s) running at 62.50MHz (virt).
[    0.000000] clocksource arch_sys_counter: mask: 0xffffffffffffff max_cycles: 0x1cd42e208c, max_idle_ns: 881590405314 ns
[    0.000141] sched_clock: 56 bits at 62MHz, resolution 16ns, wraps every 4398046511096ns
[    0.000242] Switching to timer-based delay loop, resolution 16ns
[    0.002723] Console: colour dummy device 80x30
[    0.002994] Calibrating delay loop (skipped), value calculated using timer frequency.. 125.00 BogoMIPS (lpj=625000)
[    0.003128] pid_max: default: 32768 minimum: 301
[    0.003869] Mount-cache hash table entries: 1024 (order: 0, 4096 bytes)
[    0.003899] Mountpoint-cache hash table entries: 1024 (order: 0, 4096 bytes)
[    0.011437] CPU: Testing write buffer coherency: ok
[    0.016461] Setting up static identity map for 0x40008240 - 0x40008298
[    0.028880] VFP support v0.3: implementor 41 architecture 4 part 30 variant f rev 0
[    0.038880] clocksource jiffies: mask: 0xffffffff max_cycles: 0xffffffff, max_idle_ns: 19112604462750000 ns
[    0.046390] NET: Registered protocol family 16
[    0.048929] DMA: preallocated 256 KiB pool for atomic coherent allocations
[    0.052144] cpuidle: using governor ladder
[    0.052269] cpuidle: using governor menu
[    0.055378] genirq: Setting trigger mode 1 for irq 20 failed (gic_set_type+0x0/0x48)
[    0.056807] genirq: Setting trigger mode 1 for irq 21 failed (gic_set_type+0x0/0x48)
[    0.057081] genirq: Setting trigger mode 1 for irq 22 failed (gic_set_type+0x0/0x48)
[    0.057345] genirq: Setting trigger mode 1 for irq 23 failed (gic_set_type+0x0/0x48)
[    0.057607] genirq: Setting trigger mode 1 for irq 24 failed (gic_set_type+0x0/0x48)
[    0.057856] genirq: Setting trigger mode 1 for irq 25 failed (gic_set_type+0x0/0x48)
[    0.058108] genirq: Setting trigger mode 1 for irq 26 failed (gic_set_type+0x0/0x48)
[    0.058348] genirq: Setting trigger mode 1 for irq 27 failed (gic_set_type+0x0/0x48)
[    0.058682] genirq: Setting trigger mode 1 for irq 28 failed (gic_set_type+0x0/0x48)
[    0.058949] genirq: Setting trigger mode 1 for irq 29 failed (gic_set_type+0x0/0x48)
[    0.059233] genirq: Setting trigger mode 1 for irq 30 failed (gic_set_type+0x0/0x48)
[    0.059492] genirq: Setting trigger mode 1 for irq 31 failed (gic_set_type+0x0/0x48)
[    0.059724] genirq: Setting trigger mode 1 for irq 32 failed (gic_set_type+0x0/0x48)
[    0.059981] genirq: Setting trigger mode 1 for irq 33 failed (gic_set_type+0x0/0x48)
[    0.060214] genirq: Setting trigger mode 1 for irq 34 failed (gic_set_type+0x0/0x48)
[    0.060443] genirq: Setting trigger mode 1 for irq 35 failed (gic_set_type+0x0/0x48)
[    0.060711] genirq: Setting trigger mode 1 for irq 36 failed (gic_set_type+0x0/0x48)
[    0.060972] genirq: Setting trigger mode 1 for irq 37 failed (gic_set_type+0x0/0x48)
[    0.061260] genirq: Setting trigger mode 1 for irq 38 failed (gic_set_type+0x0/0x48)
[    0.061510] genirq: Setting trigger mode 1 for irq 39 failed (gic_set_type+0x0/0x48)
[    0.061749] genirq: Setting trigger mode 1 for irq 40 failed (gic_set_type+0x0/0x48)
[    0.062011] genirq: Setting trigger mode 1 for irq 41 failed (gic_set_type+0x0/0x48)
[    0.062267] genirq: Setting trigger mode 1 for irq 42 failed (gic_set_type+0x0/0x48)
[    0.062517] genirq: Setting trigger mode 1 for irq 43 failed (gic_set_type+0x0/0x48)
[    0.062774] genirq: Setting trigger mode 1 for irq 44 failed (gic_set_type+0x0/0x48)
[    0.063068] genirq: Setting trigger mode 1 for irq 45 failed (gic_set_type+0x0/0x48)
[    0.063539] genirq: Setting trigger mode 1 for irq 46 failed (gic_set_type+0x0/0x48)
[    0.063838] genirq: Setting trigger mode 1 for irq 47 failed (gic_set_type+0x0/0x48)
[    0.064113] genirq: Setting trigger mode 1 for irq 48 failed (gic_set_type+0x0/0x48)
[    0.064362] genirq: Setting trigger mode 1 for irq 49 failed (gic_set_type+0x0/0x48)
[    0.064603] genirq: Setting trigger mode 1 for irq 50 failed (gic_set_type+0x0/0x48)
[    0.064841] genirq: Setting trigger mode 1 for irq 51 failed (gic_set_type+0x0/0x48)
[    0.065265] genirq: Setting trigger mode 1 for irq 52 failed (gic_set_type+0x0/0x48)
[    0.068313] Serial: AMBA PL011 UART driver
[    0.069957] 9000000.pl011: ttyS0 at MMIO 0x9000000 (irq = 52, base_baud = 0) is a PL011 rev1
[    0.091863] console [ttyS0] enabled
[    0.111072] vgaarb: loaded
[    0.112300] SCSI subsystem initialized
[    0.113180] usbcore: registered new interface driver usbfs
[    0.113547] usbcore: registered new interface driver hub
[    0.113905] usbcore: registered new device driver usb
[    0.121412] cfg80211: Calling CRDA to update world regulatory domain
[    0.123431] Switched to clocksource arch_sys_counter
[    0.138134] NET: Registered protocol family 2
[    0.142197] TCP established hash table entries: 2048 (order: 1, 8192 bytes)
[    0.142541] TCP bind hash table entries: 2048 (order: 1, 8192 bytes)
[    0.142914] TCP: Hash tables configured (established 2048 bind 2048)
[    0.143795] UDP hash table entries: 256 (order: 0, 4096 bytes)
[    0.144108] UDP-Lite hash table entries: 256 (order: 0, 4096 bytes)
[    0.145361] NET: Registered protocol family 1
[    0.145790] PCI: CLS 0 bytes, default 64
[    0.151685] NetWinder Floating Point Emulator V0.97 (extended precision)
[    0.154094] futex hash table entries: 256 (order: -1, 3072 bytes)
[    0.158523] squashfs: version 4.0 (2009/01/31) Phillip Lougher
[    0.159506] jffs2: version 2.2. (NAND) Â© 2001-2006 Red Hat, Inc.
[    0.160264] romfs: ROMFS MTD (C) 2007 Red Hat, Inc.
[    0.167731] Block layer SCSI generic (bsg) driver version 0.4 loaded (major 253)
[    0.168105] io scheduler noop registered
[    0.168357] io scheduler cfq registered (default)
[    0.168995] firmadyne: devfs: 1, execute: 1, procfs: 1, syscall: 1
[    0.170136] ------------[ cut here ]------------
[    0.170342] WARNING: CPU: 0 PID: 1 at /home/vagrant/firmadyne-kernel/kernel-v4.1/fs/sysfs/dir.c:31 sysfs_warn_dup+0x50/0x6c()
[    0.170748] sysfs: cannot create duplicate filename '/class/gpio'
[    0.171008] Modules linked in:
[    0.171333] CPU: 0 PID: 1 Comm: swapper Not tainted 4.1.17+ #1
[    0.171561] Hardware name: Generic DT based system
[    0.172228] [<c001c99c>] (unwind_backtrace) from [<c0019d30>] (show_stack+0x10/0x14)
[    0.172607] [<c0019d30>] (show_stack) from [<c0024ab4>] (warn_slowpath_common+0x80/0xa8)
[    0.172927] [<c0024ab4>] (warn_slowpath_common) from [<c0024b08>] (warn_slowpath_fmt+0x2c/0x3c)
[    0.173513] [<c0024b08>] (warn_slowpath_fmt) from [<c00e363c>] (sysfs_warn_dup+0x50/0x6c)
[    0.173828] [<c00e363c>] (sysfs_warn_dup) from [<c00e3714>] (sysfs_create_dir_ns+0x74/0x84)
[    0.174137] [<c00e3714>] (sysfs_create_dir_ns) from [<c018e6ac>] (kobject_add_internal+0xb8/0x2ac)
[    0.174465] [<c018e6ac>] (kobject_add_internal) from [<c018e9a8>] (kset_register+0x1c/0x44)
[    0.174779] [<c018e9a8>] (kset_register) from [<c02090b4>] (__class_register+0xa8/0x198)
[    0.175094] [<c02090b4>] (__class_register) from [<c02091e4>] (__class_create+0x40/0x70)
[    0.175405] [<c02091e4>] (__class_create) from [<c01adf68>] (register_devfs_stubs+0x314/0xbb4)
[    0.175730] [<c01adf68>] (register_devfs_stubs) from [<c05d9b08>] (init_module+0x28/0xa4)
[    0.176061] [<c05d9b08>] (init_module) from [<c0009670>] (do_one_initcall+0x104/0x1b4)
[    0.176361] [<c0009670>] (do_one_initcall) from [<c05c7d08>] (kernel_init_freeable+0xf0/0x1b0)
[    0.176685] [<c05c7d08>] (kernel_init_freeable) from [<c040f28c>] (kernel_init+0x8/0xe4)
[    0.176982] [<c040f28c>] (kernel_init) from [<c0016da8>] (ret_from_fork+0x14/0x2c)
[    0.177319] ---[ end trace d81b2d2b864c76a0 ]---
[    0.177563] ------------[ cut here ]------------
[    0.177754] WARNING: CPU: 0 PID: 1 at /home/vagrant/firmadyne-kernel/kernel-v4.1/lib/kobject.c:240 kobject_add_internal+0x240/0x2ac()
[    0.178166] kobject_add_internal failed for gpio with -EEXIST, don't try to register things with the same name in the same directory.
[    0.178576] Modules linked in:
[    0.178766] CPU: 0 PID: 1 Comm: swapper Tainted: G        W       4.1.17+ #1
[    0.179032] Hardware name: Generic DT based system
[    0.179238] [<c001c99c>] (unwind_backtrace) from [<c0019d30>] (show_stack+0x10/0x14)
[    0.179528] [<c0019d30>] (show_stack) from [<c0024ab4>] (warn_slowpath_common+0x80/0xa8)
[    0.179838] [<c0024ab4>] (warn_slowpath_common) from [<c0024b08>] (warn_slowpath_fmt+0x2c/0x3c)
[    0.180162] [<c0024b08>] (warn_slowpath_fmt) from [<c018e834>] (kobject_add_internal+0x240/0x2ac)
[    0.180487] [<c018e834>] (kobject_add_internal) from [<c018e9a8>] (kset_register+0x1c/0x44)
[    0.180801] [<c018e9a8>] (kset_register) from [<c02090b4>] (__class_register+0xa8/0x198)
[    0.181101] [<c02090b4>] (__class_register) from [<c02091e4>] (__class_create+0x40/0x70)
[    0.181401] [<c02091e4>] (__class_create) from [<c01adf68>] (register_devfs_stubs+0x314/0xbb4)
[    0.181727] [<c01adf68>] (register_devfs_stubs) from [<c05d9b08>] (init_module+0x28/0xa4)
[    0.182029] [<c05d9b08>] (init_module) from [<c0009670>] (do_one_initcall+0x104/0x1b4)
[    0.182325] [<c0009670>] (do_one_initcall) from [<c05c7d08>] (kernel_init_freeable+0xf0/0x1b0)
[    0.182642] [<c05c7d08>] (kernel_init_freeable) from [<c040f28c>] (kernel_init+0x8/0xe4)
[    0.182944] [<c040f28c>] (kernel_init) from [<c0016da8>] (ret_from_fork+0x14/0x2c)
[    0.183440] ---[ end trace d81b2d2b864c76a1 ]---
[    0.183663] firmadyne: Cannot create device class: gpio!
[    0.185078] firmadyne: Cannot register character device: watchdog, 0xa, 0x82!
[    0.185359] firmadyne: Cannot register character device: wdt, 0xfd, 0x0!
[    0.280743] Non-volatile memory driver v1.3
[    0.300041] brd: module loaded
[    0.308419] loop: module loaded
[    0.316785]  vda: vda1
[    0.320721] [nandsim] warning: read_byte: unexpected data output cycle, state is STATE_READY return 0x0
[    0.321079] [nandsim] warning: read_byte: unexpected data output cycle, state is STATE_READY return 0x0
[    0.321406] [nandsim] warning: read_byte: unexpected data output cycle, state is STATE_READY return 0x0
[    0.321736] [nandsim] warning: read_byte: unexpected data output cycle, state is STATE_READY return 0x0
[    0.322058] [nandsim] warning: read_byte: unexpected data output cycle, state is STATE_READY return 0x0
[    0.322384] [nandsim] warning: read_byte: unexpected data output cycle, state is STATE_READY return 0x0
[    0.322919] nand: device found, Manufacturer ID: 0x98, Chip ID: 0x39
[    0.323393] nand: Toshiba NAND 128MiB 1,8V 8-bit
[    0.323603] nand: 128 MiB, SLC, erase size: 16 KiB, page size: 512, OOB size: 16
[    0.324489] flash size: 128 MiB
[    0.324626] page size: 512 bytes
[    0.324753] OOB area size: 16 bytes
[    0.324888] sector size: 16 KiB
[    0.325010] pages number: 262144
[    0.325134] pages per sector: 32
[    0.325258] bus width: 8
[    0.325359] bits in sector size: 14
[    0.325491] bits in page size: 9
[    0.325626] bits in OOB size: 4
[    0.325752] flash size with OOB: 135168 KiB
[    0.325912] page address bytes: 4
[    0.326038] sector address bytes: 3
[    0.326171] options: 0x42
[    0.330660] Scanning device for bad blocks
[    0.457894] Creating 11 MTD partitions on "NAND 128MiB 1,8V 8-bit":
[    0.458372] 0x000000000000-0x000000100000 : "NAND simulator partition 0"
[    0.461220] 0x000000100000-0x000000200000 : "NAND simulator partition 1"
[    0.462545] 0x000000200000-0x000000300000 : "NAND simulator partition 2"
[    0.464089] 0x000000300000-0x000000400000 : "NAND simulator partition 3"
[    0.465387] 0x000000400000-0x000000500000 : "NAND simulator partition 4"
[    0.466654] 0x000000500000-0x000000600000 : "NAND simulator partition 5"
[    0.468014] 0x000000600000-0x000000700000 : "NAND simulator partition 6"
[    0.469327] 0x000000700000-0x000000800000 : "NAND simulator partition 7"
[    0.470735] 0x000000800000-0x000000900000 : "NAND simulator partition 8"
[    0.472199] 0x000000900000-0x000000a00000 : "NAND simulator partition 9"
[    0.473735] 0x000000a00000-0x000008000000 : "NAND simulator partition 10"
[    0.477961] tun: Universal TUN/TAP device driver, 1.6
[    0.478160] tun: (C) 1999-2004 Max Krasnyansky <maxk@qualcomm.com>
[    0.495828] PPP generic driver version 2.4.2
[    0.496491] PPP BSD Compression module registered
[    0.496709] PPP Deflate Compression module registered
[    0.496978] PPP MPPE Compression module registered
[    0.497192] NET: Registered protocol family 24
[    0.497524] PPTP driver version 0.8.5
[    0.498193] usbcore: registered new interface driver usb-storage
[    0.499736] hidraw: raw HID events driver (C) Jiri Kosina
[    0.500254] usbcore: registered new interface driver usbhid
[    0.500466] usbhid: USB HID core driver
[    0.500908] Netfilter messages via NETLINK v0.30.
[    0.501500] nf_conntrack version 0.5.0 (3958 buckets, 15832 max)
[    0.502742] ctnetlink v0.93: registering with nfnetlink.
[    0.504297] ipip: IPv4 over IPv4 tunneling driver
[    0.506094] gre: GRE over IPv4 demultiplexor driver
[    0.506319] ip_gre: GRE over IPv4 tunneling driver
[    0.510371] ip_tables: (C) 2000-2006 Netfilter Core Team
[    0.511875] arp_tables: (C) 2002 David S. Miller
[    0.512885] Initializing XFRM netlink socket
[    0.513586] NET: Registered protocol family 10
[    0.519269] ip6_tables: (C) 2000-2006 Netfilter Core Team
[    0.520717] sit: IPv6 over IPv4 tunneling driver
[    0.524187] NET: Registered protocol family 17
[    0.524763] bridge: automatic filtering via arp/ip/ip6tables has been deprecated. Update your scripts to load br_netfilter if you need this.
[    0.525280] Bridge firewalling registered
[    0.525473] Ebtables v2.0 registered
[    0.526467] 8021q: 802.1Q VLAN Support v1.8
[    0.527106] Registering SWP/SWPB emulation handler
[    0.528940] hctosys: unable to open rtc device (rtc0)
[    0.537702] EXT4-fs (vda1): couldn't mount as ext3 due to feature incompatibilities
[    0.539094] EXT4-fs (vda1): mounting ext2 file system using the ext4 subsystem
[    0.550032] EXT4-fs (vda1): mounted filesystem without journal. Opts: (null)
[    0.551314] VFS: Mounted root (ext2 filesystem) on device 254:1.
[    0.556213] Freeing unused kernel memory: 180K (c05c7000 - c05f4000)
[    0.568893] firmadyne: do_execve: /firmadyne/console
[    0.569141] OFFSETS: offset of pid: 0x190 offset of comm: 0x270
[    0.569720] Kernel panic - not syncing: No working init found.  Try passing init= option to kernel. See Linux Documentation/init.txt for guidance.
[    0.570202] CPU: 0 PID: 1 Comm: swapper Tainted: G        W       4.1.17+ #1
[    0.570451] Hardware name: Generic DT based system
[    0.570665] [<c001c99c>] (unwind_backtrace) from [<c0019d30>] (show_stack+0x10/0x14)
[    0.570959] [<c0019d30>] (show_stack) from [<c0410b78>] (panic+0x70/0x1c8)
[    0.571242] [<c0410b78>] (panic) from [<c040f33c>] (kernel_init+0xb8/0xe4)
[    0.571495] [<c040f33c>] (kernel_init) from [<c0016da8>] (ret_from_fork+0x14/0x2c)
[    0.571932] ---[ end Kernel panic - not syncing: No working init found.  Try passing init= option to kernel. See Linux Documentation/init.txt for guidance.
