[    0.000000] Booting Linux on physical CPU 0x0
[    0.000000] Linux version 4.1.17+ (vagrant@vagrant-ubuntu-trusty-64) (gcc version 5.3.0 (GCC) ) #1 Thu Feb 18 01:05:21 UTC 2016
[    0.000000] CPU: ARMv7 Processor [412fc0f1] revision 1 (ARMv7), cr=10c5387d
[    0.000000] CPU: PIPT / VIPT nonaliasing data cache, PIPT instruction cache
[    0.000000] Machine model: linux,dummy-virt
[    0.000000] debug: ignoring loglevel setting.
[    0.000000] Memory policy: Data cache writeback
[    0.000000] On node 0 totalpages: 65536
[    0.000000] free_area_init_node: node 0, pgdat c061dfe8, node_mem_map cfdf9000
[    0.000000]   Normal zone: 512 pages used for memmap
[    0.000000]   Normal zone: 0 pages reserved
[    0.000000]   Normal zone: 65536 pages, LIFO batch:15
[    0.000000] CPU: All CPU(s) started in SVC mode.
[    0.000000] pcpu-alloc: s0 r0 d32768 u32768 alloc=1*32768
[    0.000000] pcpu-alloc: [0] 0 
[    0.000000] Built 1 zonelists in Zone order, mobility grouping on.  Total pages: 65024
[    0.000000] Kernel command line: firmadyne.syscall=1 root=/dev/vda1 console=ttyS0 nandsim.parts=64,64,64,64,64,64,64,64,64,64 rdinit=/firmadyne/preInit.sh rw debug ignore_loglevel print-fatal-signals=1 user_debug=31
[    0.000000] PID hash table entries: 1024 (order: 0, 4096 bytes)
[    0.000000] Dentry cache hash table entries: 32768 (order: 5, 131072 bytes)
[    0.000000] Inode-cache hash table entries: 16384 (order: 4, 65536 bytes)
[    0.000000] Memory: 253344K/262144K available (4297K kernel code, 170K rwdata, 1584K rodata, 180K init, 148K bss, 8800K reserved, 0K cma-reserved)
[    0.000000] Virtual kernel memory layout:
[    0.000000]     vector  : 0xffff0000 - 0xffff1000   (   4 kB)
[    0.000000]     fixmap  : 0xffc00000 - 0xfff00000   (3072 kB)
[    0.000000]     vmalloc : 0xd0800000 - 0xff000000   ( 744 MB)
[    0.000000]     lowmem  : 0xc0000000 - 0xd0000000   ( 256 MB)
[    0.000000]     modules : 0xbf000000 - 0xc0000000   (  16 MB)
[    0.000000]       .text : 0xc0008000 - 0xc05c67bc   (5882 kB)
[    0.000000]       .init : 0xc05c7000 - 0xc05f4000   ( 180 kB)
[    0.000000]       .data : 0xc05f4000 - 0xc061e840   ( 171 kB)
[    0.000000]        .bss : 0xc0621000 - 0xc06462d4   ( 149 kB)
[    0.000000] NR_IRQS:16 nr_irqs:16 16
[    0.000000] Architected cp15 timer(s) running at 62.50MHz (virt).
[    0.000000] clocksource arch_sys_counter: mask: 0xffffffffffffff max_cycles: 0x1cd42e208c, max_idle_ns: 881590405314 ns
[    0.000130] sched_clock: 56 bits at 62MHz, resolution 16ns, wraps every 4398046511096ns
[    0.000231] Switching to timer-based delay loop, resolution 16ns
[    0.002767] Console: colour dummy device 80x30
[    0.003040] Calibrating delay loop (skipped), value calculated using timer frequency.. 125.00 BogoMIPS (lpj=625000)
[    0.003141] pid_max: default: 32768 minimum: 301
[    0.003883] Mount-cache hash table entries: 1024 (order: 0, 4096 bytes)
[    0.003913] Mountpoint-cache hash table entries: 1024 (order: 0, 4096 bytes)
[    0.011510] CPU: Testing write buffer coherency: ok
[    0.016522] Setting up static identity map for 0x40008240 - 0x40008298
[    0.028670] VFP support v0.3: implementor 41 architecture 4 part 30 variant f rev 0
[    0.038810] clocksource jiffies: mask: 0xffffffff max_cycles: 0xffffffff, max_idle_ns: 19112604462750000 ns
[    0.046354] NET: Registered protocol family 16
[    0.048918] DMA: preallocated 256 KiB pool for atomic coherent allocations
[    0.052145] cpuidle: using governor ladder
[    0.052268] cpuidle: using governor menu
[    0.055388] genirq: Setting trigger mode 1 for irq 20 failed (gic_set_type+0x0/0x48)
[    0.056856] genirq: Setting trigger mode 1 for irq 21 failed (gic_set_type+0x0/0x48)
[    0.057121] genirq: Setting trigger mode 1 for irq 22 failed (gic_set_type+0x0/0x48)
[    0.057383] genirq: Setting trigger mode 1 for irq 23 failed (gic_set_type+0x0/0x48)
[    0.057664] genirq: Setting trigger mode 1 for irq 24 failed (gic_set_type+0x0/0x48)
[    0.057920] genirq: Setting trigger mode 1 for irq 25 failed (gic_set_type+0x0/0x48)
[    0.058158] genirq: Setting trigger mode 1 for irq 26 failed (gic_set_type+0x0/0x48)
[    0.058397] genirq: Setting trigger mode 1 for irq 27 failed (gic_set_type+0x0/0x48)
[    0.058765] genirq: Setting trigger mode 1 for irq 28 failed (gic_set_type+0x0/0x48)
[    0.059029] genirq: Setting trigger mode 1 for irq 29 failed (gic_set_type+0x0/0x48)
[    0.059265] genirq: Setting trigger mode 1 for irq 30 failed (gic_set_type+0x0/0x48)
[    0.059516] genirq: Setting trigger mode 1 for irq 31 failed (gic_set_type+0x0/0x48)
[    0.059768] genirq: Setting trigger mode 1 for irq 32 failed (gic_set_type+0x0/0x48)
[    0.060014] genirq: Setting trigger mode 1 for irq 33 failed (gic_set_type+0x0/0x48)
[    0.060244] genirq: Setting trigger mode 1 for irq 34 failed (gic_set_type+0x0/0x48)
[    0.060473] genirq: Setting trigger mode 1 for irq 35 failed (gic_set_type+0x0/0x48)
[    0.060751] genirq: Setting trigger mode 1 for irq 36 failed (gic_set_type+0x0/0x48)
[    0.061000] genirq: Setting trigger mode 1 for irq 37 failed (gic_set_type+0x0/0x48)
[    0.061283] genirq: Setting trigger mode 1 for irq 38 failed (gic_set_type+0x0/0x48)
[    0.061533] genirq: Setting trigger mode 1 for irq 39 failed (gic_set_type+0x0/0x48)
[    0.061790] genirq: Setting trigger mode 1 for irq 40 failed (gic_set_type+0x0/0x48)
[    0.062039] genirq: Setting trigger mode 1 for irq 41 failed (gic_set_type+0x0/0x48)
[    0.062293] genirq: Setting trigger mode 1 for irq 42 failed (gic_set_type+0x0/0x48)
[    0.062544] genirq: Setting trigger mode 1 for irq 43 failed (gic_set_type+0x0/0x48)
[    0.062847] genirq: Setting trigger mode 1 for irq 44 failed (gic_set_type+0x0/0x48)
[    0.063113] genirq: Setting trigger mode 1 for irq 45 failed (gic_set_type+0x0/0x48)
[    0.063576] genirq: Setting trigger mode 1 for irq 46 failed (gic_set_type+0x0/0x48)
[    0.063894] genirq: Setting trigger mode 1 for irq 47 failed (gic_set_type+0x0/0x48)
[    0.064157] genirq: Setting trigger mode 1 for irq 48 failed (gic_set_type+0x0/0x48)
[    0.064403] genirq: Setting trigger mode 1 for irq 49 failed (gic_set_type+0x0/0x48)
[    0.064665] genirq: Setting trigger mode 1 for irq 50 failed (gic_set_type+0x0/0x48)
[    0.064927] genirq: Setting trigger mode 1 for irq 51 failed (gic_set_type+0x0/0x48)
[    0.065343] genirq: Setting trigger mode 1 for irq 52 failed (gic_set_type+0x0/0x48)
[    0.068392] Serial: AMBA PL011 UART driver
[    0.070084] 9000000.pl011: ttyS0 at MMIO 0x9000000 (irq = 52, base_baud = 0) is a PL011 rev1
[    0.091309] console [ttyS0] enabled
[    0.110721] vgaarb: loaded
[    0.111927] SCSI subsystem initialized
[    0.112867] usbcore: registered new interface driver usbfs
[    0.113231] usbcore: registered new interface driver hub
[    0.113586] usbcore: registered new device driver usb
[    0.121198] cfg80211: Calling CRDA to update world regulatory domain
[    0.123230] Switched to clocksource arch_sys_counter
[    0.137831] NET: Registered protocol family 2
[    0.141862] TCP established hash table entries: 2048 (order: 1, 8192 bytes)
[    0.142201] TCP bind hash table entries: 2048 (order: 1, 8192 bytes)
[    0.142573] TCP: Hash tables configured (established 2048 bind 2048)
[    0.143412] UDP hash table entries: 256 (order: 0, 4096 bytes)
[    0.143721] UDP-Lite hash table entries: 256 (order: 0, 4096 bytes)
[    0.144992] NET: Registered protocol family 1
[    0.145421] PCI: CLS 0 bytes, default 64
[    0.151551] NetWinder Floating Point Emulator V0.97 (extended precision)
[    0.153957] futex hash table entries: 256 (order: -1, 3072 bytes)
[    0.158400] squashfs: version 4.0 (2009/01/31) Phillip Lougher
[    0.159410] jffs2: version 2.2. (NAND) Â© 2001-2006 Red Hat, Inc.
[    0.160175] romfs: ROMFS MTD (C) 2007 Red Hat, Inc.
[    0.167554] Block layer SCSI generic (bsg) driver version 0.4 loaded (major 253)
[    0.167925] io scheduler noop registered
[    0.168176] io scheduler cfq registered (default)
[    0.168827] firmadyne: devfs: 1, execute: 1, procfs: 1, syscall: 1
[    0.169969] ------------[ cut here ]------------
[    0.170172] WARNING: CPU: 0 PID: 1 at /home/vagrant/firmadyne-kernel/kernel-v4.1/fs/sysfs/dir.c:31 sysfs_warn_dup+0x50/0x6c()
[    0.170572] sysfs: cannot create duplicate filename '/class/gpio'
[    0.170828] Modules linked in:
[    0.171135] CPU: 0 PID: 1 Comm: swapper Not tainted 4.1.17+ #1
[    0.171358] Hardware name: Generic DT based system
[    0.172019] [<c001c99c>] (unwind_backtrace) from [<c0019d30>] (show_stack+0x10/0x14)
[    0.172388] [<c0019d30>] (show_stack) from [<c0024ab4>] (warn_slowpath_common+0x80/0xa8)
[    0.172718] [<c0024ab4>] (warn_slowpath_common) from [<c0024b08>] (warn_slowpath_fmt+0x2c/0x3c)
[    0.173294] [<c0024b08>] (warn_slowpath_fmt) from [<c00e363c>] (sysfs_warn_dup+0x50/0x6c)
[    0.173610] [<c00e363c>] (sysfs_warn_dup) from [<c00e3714>] (sysfs_create_dir_ns+0x74/0x84)
[    0.173915] [<c00e3714>] (sysfs_create_dir_ns) from [<c018e6ac>] (kobject_add_internal+0xb8/0x2ac)
[    0.174235] [<c018e6ac>] (kobject_add_internal) from [<c018e9a8>] (kset_register+0x1c/0x44)
[    0.174544] [<c018e9a8>] (kset_register) from [<c02090b4>] (__class_register+0xa8/0x198)
[    0.174853] [<c02090b4>] (__class_register) from [<c02091e4>] (__class_create+0x40/0x70)
[    0.175148] [<c02091e4>] (__class_create) from [<c01adf68>] (register_devfs_stubs+0x314/0xbb4)
[    0.175466] [<c01adf68>] (register_devfs_stubs) from [<c05d9b08>] (init_module+0x28/0xa4)
[    0.175792] [<c05d9b08>] (init_module) from [<c0009670>] (do_one_initcall+0x104/0x1b4)
[    0.176084] [<c0009670>] (do_one_initcall) from [<c05c7d08>] (kernel_init_freeable+0xf0/0x1b0)
[    0.176401] [<c05c7d08>] (kernel_init_freeable) from [<c040f28c>] (kernel_init+0x8/0xe4)
[    0.176705] [<c040f28c>] (kernel_init) from [<c0016da8>] (ret_from_fork+0x14/0x2c)
[    0.177039] ---[ end trace d6cbcc5f5b61e4a6 ]---
[    0.177278] ------------[ cut here ]------------
[    0.177464] WARNING: CPU: 0 PID: 1 at /home/vagrant/firmadyne-kernel/kernel-v4.1/lib/kobject.c:240 kobject_add_internal+0x240/0x2ac()
[    0.177870] kobject_add_internal failed for gpio with -EEXIST, don't try to register things with the same name in the same directory.
[    0.178273] Modules linked in:
[    0.178462] CPU: 0 PID: 1 Comm: swapper Tainted: G        W       4.1.17+ #1
[    0.178724] Hardware name: Generic DT based system
[    0.178915] [<c001c99c>] (unwind_backtrace) from [<c0019d30>] (show_stack+0x10/0x14)
[    0.179197] [<c0019d30>] (show_stack) from [<c0024ab4>] (warn_slowpath_common+0x80/0xa8)
[    0.179500] [<c0024ab4>] (warn_slowpath_common) from [<c0024b08>] (warn_slowpath_fmt+0x2c/0x3c)
[    0.179817] [<c0024b08>] (warn_slowpath_fmt) from [<c018e834>] (kobject_add_internal+0x240/0x2ac)
[    0.180135] [<c018e834>] (kobject_add_internal) from [<c018e9a8>] (kset_register+0x1c/0x44)
[    0.180441] [<c018e9a8>] (kset_register) from [<c02090b4>] (__class_register+0xa8/0x198)
[    0.180745] [<c02090b4>] (__class_register) from [<c02091e4>] (__class_create+0x40/0x70)
[    0.181038] [<c02091e4>] (__class_create) from [<c01adf68>] (register_devfs_stubs+0x314/0xbb4)
[    0.181350] [<c01adf68>] (register_devfs_stubs) from [<c05d9b08>] (init_module+0x28/0xa4)
[    0.181649] [<c05d9b08>] (init_module) from [<c0009670>] (do_one_initcall+0x104/0x1b4)
[    0.181936] [<c0009670>] (do_one_initcall) from [<c05c7d08>] (kernel_init_freeable+0xf0/0x1b0)
[    0.182242] [<c05c7d08>] (kernel_init_freeable) from [<c040f28c>] (kernel_init+0x8/0xe4)
[    0.182535] [<c040f28c>] (kernel_init) from [<c0016da8>] (ret_from_fork+0x14/0x2c)
[    0.182820] ---[ end trace d6cbcc5f5b61e4a7 ]---
[    0.183221] firmadyne: Cannot create device class: gpio!
[    0.184654] firmadyne: Cannot register character device: watchdog, 0xa, 0x82!
[    0.184933] firmadyne: Cannot register character device: wdt, 0xfd, 0x0!
[    0.280636] Non-volatile memory driver v1.3
[    0.299570] brd: module loaded
[    0.307772] loop: module loaded
[    0.315830]  vda: vda1
[    0.319668] [nandsim] warning: read_byte: unexpected data output cycle, state is STATE_READY return 0x0
[    0.320024] [nandsim] warning: read_byte: unexpected data output cycle, state is STATE_READY return 0x0
[    0.320348] [nandsim] warning: read_byte: unexpected data output cycle, state is STATE_READY return 0x0
[    0.320683] [nandsim] warning: read_byte: unexpected data output cycle, state is STATE_READY return 0x0
[    0.321001] [nandsim] warning: read_byte: unexpected data output cycle, state is STATE_READY return 0x0
[    0.321322] [nandsim] warning: read_byte: unexpected data output cycle, state is STATE_READY return 0x0
[    0.321854] nand: device found, Manufacturer ID: 0x98, Chip ID: 0x39
[    0.322094] nand: Toshiba NAND 128MiB 1,8V 8-bit
[    0.322281] nand: 128 MiB, SLC, erase size: 16 KiB, page size: 512, OOB size: 16
[    0.323365] flash size: 128 MiB
[    0.323494] page size: 512 bytes
[    0.323618] OOB area size: 16 bytes
[    0.323749] sector size: 16 KiB
[    0.323871] pages number: 262144
[    0.323992] pages per sector: 32
[    0.324114] bus width: 8
[    0.324212] bits in sector size: 14
[    0.324342] bits in page size: 9
[    0.324467] bits in OOB size: 4
[    0.324603] flash size with OOB: 135168 KiB
[    0.324761] page address bytes: 4
[    0.324886] sector address bytes: 3
[    0.325017] options: 0x42
[    0.328690] Scanning device for bad blocks
[    0.452869] Creating 11 MTD partitions on "NAND 128MiB 1,8V 8-bit":
[    0.453554] 0x000000000000-0x000000100000 : "NAND simulator partition 0"
[    0.456402] 0x000000100000-0x000000200000 : "NAND simulator partition 1"
[    0.457739] 0x000000200000-0x000000300000 : "NAND simulator partition 2"
[    0.459032] 0x000000300000-0x000000400000 : "NAND simulator partition 3"
[    0.460309] 0x000000400000-0x000000500000 : "NAND simulator partition 4"
[    0.461583] 0x000000500000-0x000000600000 : "NAND simulator partition 5"
[    0.462913] 0x000000600000-0x000000700000 : "NAND simulator partition 6"
[    0.464448] 0x000000700000-0x000000800000 : "NAND simulator partition 7"
[    0.465877] 0x000000800000-0x000000900000 : "NAND simulator partition 8"
[    0.467319] 0x000000900000-0x000000a00000 : "NAND simulator partition 9"
[    0.468649] 0x000000a00000-0x000008000000 : "NAND simulator partition 10"
[    0.473275] tun: Universal TUN/TAP device driver, 1.6
[    0.473474] tun: (C) 1999-2004 Max Krasnyansky <maxk@qualcomm.com>
[    0.488900] PPP generic driver version 2.4.2
[    0.489563] PPP BSD Compression module registered
[    0.489782] PPP Deflate Compression module registered
[    0.490064] PPP MPPE Compression module registered
[    0.490277] NET: Registered protocol family 24
[    0.490618] PPTP driver version 0.8.5
[    0.491309] usbcore: registered new interface driver usb-storage
[    0.492843] hidraw: raw HID events driver (C) Jiri Kosina
[    0.493894] usbcore: registered new interface driver usbhid
[    0.494107] usbhid: USB HID core driver
[    0.494554] Netfilter messages via NETLINK v0.30.
[    0.495174] nf_conntrack version 0.5.0 (3958 buckets, 15832 max)
[    0.496447] ctnetlink v0.93: registering with nfnetlink.
[    0.497760] ipip: IPv4 over IPv4 tunneling driver
[    0.499553] gre: GRE over IPv4 demultiplexor driver
[    0.499773] ip_gre: GRE over IPv4 tunneling driver
[    0.503993] ip_tables: (C) 2000-2006 Netfilter Core Team
[    0.505494] arp_tables: (C) 2002 David S. Miller
[    0.506501] Initializing XFRM netlink socket
[    0.507000] NET: Registered protocol family 10
[    0.512668] ip6_tables: (C) 2000-2006 Netfilter Core Team
[    0.514332] sit: IPv6 over IPv4 tunneling driver
[    0.517584] NET: Registered protocol family 17
[    0.518155] bridge: automatic filtering via arp/ip/ip6tables has been deprecated. Update your scripts to load br_netfilter if you need this.
[    0.518679] Bridge firewalling registered
[    0.518872] Ebtables v2.0 registered
[    0.519863] 8021q: 802.1Q VLAN Support v1.8
[    0.520447] Registering SWP/SWPB emulation handler
[    0.522277] hctosys: unable to open rtc device (rtc0)
[    0.531072] EXT4-fs (vda1): couldn't mount as ext3 due to feature incompatibilities
[    0.532392] EXT4-fs (vda1): mounting ext2 file system using the ext4 subsystem
[    0.543454] EXT4-fs (vda1): mounted filesystem without journal. Opts: (null)
[    0.544479] VFS: Mounted root (ext2 filesystem) on device 254:1.
[    0.549180] Freeing unused kernel memory: 180K (c05c7000 - c05f4000)
[    0.569123] firmadyne: do_execve: /firmadyne/console
[    0.569379] OFFSETS: offset of pid: 0x190 offset of comm: 0x270
[    0.592687] request_module: runaway loop modprobe binfmt-464c
[    0.605340] request_module: runaway loop modprobe binfmt-464c
[    0.614255] Starting init: /sbin/init exists but couldn't execute it (error -8)
[    0.629158] request_module: runaway loop modprobe binfmt-464c
[    0.637225] Starting init: /bin/sh exists but couldn't execute it (error -8)
[    0.637567] Kernel panic - not syncing: No working init found.  Try passing init= option to kernel. See Linux Documentation/init.txt for guidance.
[    0.638039] CPU: 0 PID: 1 Comm: swapper Tainted: G        W       4.1.17+ #1
[    0.638285] Hardware name: Generic DT based system
[    0.638497] [<c001c99c>] (unwind_backtrace) from [<c0019d30>] (show_stack+0x10/0x14)
[    0.638795] [<c0019d30>] (show_stack) from [<c0410b78>] (panic+0x70/0x1c8)
[    0.639049] [<c0410b78>] (panic) from [<c040f33c>] (kernel_init+0xb8/0xe4)
[    0.639299] [<c040f33c>] (kernel_init) from [<c0016da8>] (ret_from_fork+0x14/0x2c)
[    0.639737] ---[ end Kernel panic - not syncing: No working init found.  Try passing init= option to kernel. See Linux Documentation/init.txt for guidance.
