[    0.000000] Booting Linux on physical CPU 0x0
[    0.000000] Linux version 4.1.17+ (vagrant@vagrant-ubuntu-trusty-64) (gcc version 5.3.0 (GCC) ) #1 Thu Feb 18 01:05:21 UTC 2016
[    0.000000] CPU: ARMv7 Processor [412fc0f1] revision 1 (ARMv7), cr=10c5387d
[    0.000000] CPU: PIPT / VIPT nonaliasing data cache, PIPT instruction cache
[    0.000000] Machine model: linux,dummy-virt
[    0.000000] debug: ignoring loglevel setting.
[    0.000000] Memory policy: Data cache writeback
[    0.000000] On node 0 totalpages: 65536
[    0.000000] free_area_init_node: node 0, pgdat c061dfe8, node_mem_map cfdf9000
[    0.000000]   Normal zone: 512 pages used for memmap
[    0.000000]   Normal zone: 0 pages reserved
[    0.000000]   Normal zone: 65536 pages, LIFO batch:15
[    0.000000] CPU: All CPU(s) started in SVC mode.
[    0.000000] pcpu-alloc: s0 r0 d32768 u32768 alloc=1*32768
[    0.000000] pcpu-alloc: [0] 0 
[    0.000000] Built 1 zonelists in Zone order, mobility grouping on.  Total pages: 65024
[    0.000000] Kernel command line: root=/dev/vda1 console=ttyS0 nandsim.parts=64,64,64,64,64,64,64,64,64,64 rdinit=/firmadyne/preInit.sh rw debug ignore_loglevel print-fatal-signals=1 user_debug=31 firmadyne.syscall=0
[    0.000000] PID hash table entries: 1024 (order: 0, 4096 bytes)
[    0.000000] Dentry cache hash table entries: 32768 (order: 5, 131072 bytes)
[    0.000000] Inode-cache hash table entries: 16384 (order: 4, 65536 bytes)
[    0.000000] Memory: 253344K/262144K available (4297K kernel code, 170K rwdata, 1584K rodata, 180K init, 148K bss, 8800K reserved, 0K cma-reserved)
[    0.000000] Virtual kernel memory layout:
[    0.000000]     vector  : 0xffff0000 - 0xffff1000   (   4 kB)
[    0.000000]     fixmap  : 0xffc00000 - 0xfff00000   (3072 kB)
[    0.000000]     vmalloc : 0xd0800000 - 0xff000000   ( 744 MB)
[    0.000000]     lowmem  : 0xc0000000 - 0xd0000000   ( 256 MB)
[    0.000000]     modules : 0xbf000000 - 0xc0000000   (  16 MB)
[    0.000000]       .text : 0xc0008000 - 0xc05c67bc   (5882 kB)
[    0.000000]       .init : 0xc05c7000 - 0xc05f4000   ( 180 kB)
[    0.000000]       .data : 0xc05f4000 - 0xc061e840   ( 171 kB)
[    0.000000]        .bss : 0xc0621000 - 0xc06462d4   ( 149 kB)
[    0.000000] NR_IRQS:16 nr_irqs:16 16
[    0.000000] Architected cp15 timer(s) running at 62.50MHz (virt).
[    0.000000] clocksource arch_sys_counter: mask: 0xffffffffffffff max_cycles: 0x1cd42e208c, max_idle_ns: 881590405314 ns
[    0.000141] sched_clock: 56 bits at 62MHz, resolution 16ns, wraps every 4398046511096ns
[    0.000258] Switching to timer-based delay loop, resolution 16ns
[    0.002914] Console: colour dummy device 80x30
[    0.003206] Calibrating delay loop (skipped), value calculated using timer frequency.. 125.00 BogoMIPS (lpj=625000)
[    0.003310] pid_max: default: 32768 minimum: 301
[    0.004089] Mount-cache hash table entries: 1024 (order: 0, 4096 bytes)
[    0.004119] Mountpoint-cache hash table entries: 1024 (order: 0, 4096 bytes)
[    0.012444] CPU: Testing write buffer coherency: ok
[    0.017528] Setting up static identity map for 0x40008240 - 0x40008298
[    0.029690] VFP support v0.3: implementor 41 architecture 4 part 30 variant f rev 0
[    0.039618] clocksource jiffies: mask: 0xffffffff max_cycles: 0xffffffff, max_idle_ns: 19112604462750000 ns
[    0.047011] NET: Registered protocol family 16
[    0.049558] DMA: preallocated 256 KiB pool for atomic coherent allocations
[    0.052715] cpuidle: using governor ladder
[    0.052838] cpuidle: using governor menu
[    0.055944] genirq: Setting trigger mode 1 for irq 20 failed (gic_set_type+0x0/0x48)
[    0.057389] genirq: Setting trigger mode 1 for irq 21 failed (gic_set_type+0x0/0x48)
[    0.057646] genirq: Setting trigger mode 1 for irq 22 failed (gic_set_type+0x0/0x48)
[    0.057904] genirq: Setting trigger mode 1 for irq 23 failed (gic_set_type+0x0/0x48)
[    0.058164] genirq: Setting trigger mode 1 for irq 24 failed (gic_set_type+0x0/0x48)
[    0.058410] genirq: Setting trigger mode 1 for irq 25 failed (gic_set_type+0x0/0x48)
[    0.058644] genirq: Setting trigger mode 1 for irq 26 failed (gic_set_type+0x0/0x48)
[    0.058905] genirq: Setting trigger mode 1 for irq 27 failed (gic_set_type+0x0/0x48)
[    0.059241] genirq: Setting trigger mode 1 for irq 28 failed (gic_set_type+0x0/0x48)
[    0.059489] genirq: Setting trigger mode 1 for irq 29 failed (gic_set_type+0x0/0x48)
[    0.059720] genirq: Setting trigger mode 1 for irq 30 failed (gic_set_type+0x0/0x48)
[    0.059966] genirq: Setting trigger mode 1 for irq 31 failed (gic_set_type+0x0/0x48)
[    0.060196] genirq: Setting trigger mode 1 for irq 32 failed (gic_set_type+0x0/0x48)
[    0.060433] genirq: Setting trigger mode 1 for irq 33 failed (gic_set_type+0x0/0x48)
[    0.060672] genirq: Setting trigger mode 1 for irq 34 failed (gic_set_type+0x0/0x48)
[    0.060900] genirq: Setting trigger mode 1 for irq 35 failed (gic_set_type+0x0/0x48)
[    0.061134] genirq: Setting trigger mode 1 for irq 36 failed (gic_set_type+0x0/0x48)
[    0.061372] genirq: Setting trigger mode 1 for irq 37 failed (gic_set_type+0x0/0x48)
[    0.061649] genirq: Setting trigger mode 1 for irq 38 failed (gic_set_type+0x0/0x48)
[    0.061895] genirq: Setting trigger mode 1 for irq 39 failed (gic_set_type+0x0/0x48)
[    0.062130] genirq: Setting trigger mode 1 for irq 40 failed (gic_set_type+0x0/0x48)
[    0.062371] genirq: Setting trigger mode 1 for irq 41 failed (gic_set_type+0x0/0x48)
[    0.062620] genirq: Setting trigger mode 1 for irq 42 failed (gic_set_type+0x0/0x48)
[    0.062892] genirq: Setting trigger mode 1 for irq 43 failed (gic_set_type+0x0/0x48)
[    0.063360] genirq: Setting trigger mode 1 for irq 44 failed (gic_set_type+0x0/0x48)
[    0.063631] genirq: Setting trigger mode 1 for irq 45 failed (gic_set_type+0x0/0x48)
[    0.063875] genirq: Setting trigger mode 1 for irq 46 failed (gic_set_type+0x0/0x48)
[    0.064160] genirq: Setting trigger mode 1 for irq 47 failed (gic_set_type+0x0/0x48)
[    0.064413] genirq: Setting trigger mode 1 for irq 48 failed (gic_set_type+0x0/0x48)
[    0.064667] genirq: Setting trigger mode 1 for irq 49 failed (gic_set_type+0x0/0x48)
[    0.064906] genirq: Setting trigger mode 1 for irq 50 failed (gic_set_type+0x0/0x48)
[    0.065142] genirq: Setting trigger mode 1 for irq 51 failed (gic_set_type+0x0/0x48)
[    0.065548] genirq: Setting trigger mode 1 for irq 52 failed (gic_set_type+0x0/0x48)
[    0.068523] Serial: AMBA PL011 UART driver
[    0.070178] 9000000.pl011: ttyS0 at MMIO 0x9000000 (irq = 52, base_baud = 0) is a PL011 rev1
[    0.128669] console [ttyS0] enabled
[    0.148074] vgaarb: loaded
[    0.150096] SCSI subsystem initialized
[    0.151684] usbcore: registered new interface driver usbfs
[    0.152971] usbcore: registered new interface driver hub
[    0.154177] usbcore: registered new device driver usb
[    0.162525] cfg80211: Calling CRDA to update world regulatory domain
[    0.165702] Switched to clocksource arch_sys_counter
[    0.180954] NET: Registered protocol family 2
[    0.186079] TCP established hash table entries: 2048 (order: 1, 8192 bytes)
[    0.187518] TCP bind hash table entries: 2048 (order: 1, 8192 bytes)
[    0.188901] TCP: Hash tables configured (established 2048 bind 2048)
[    0.190469] UDP hash table entries: 256 (order: 0, 4096 bytes)
[    0.191675] UDP-Lite hash table entries: 256 (order: 0, 4096 bytes)
[    0.193963] NET: Registered protocol family 1
[    0.195188] PCI: CLS 0 bytes, default 64
[    0.202024] NetWinder Floating Point Emulator V0.97 (extended precision)
[    0.205324] futex hash table entries: 256 (order: -1, 3072 bytes)
[    0.212123] squashfs: version 4.0 (2009/01/31) Phillip Lougher
[    0.216362] jffs2: version 2.2. (NAND) Â© 2001-2006 Red Hat, Inc.
[    0.219428] romfs: ROMFS MTD (C) 2007 Red Hat, Inc.
[    0.234841] Block layer SCSI generic (bsg) driver version 0.4 loaded (major 253)
[    0.237712] io scheduler noop registered
[    0.239124] io scheduler cfq registered (default)
[    0.241481] firmadyne: devfs: 1, execute: 1, procfs: 1, syscall: 0
[    0.245194] ------------[ cut here ]------------
[    0.246981] WARNING: CPU: 0 PID: 1 at /home/vagrant/firmadyne-kernel/kernel-v4.1/fs/sysfs/dir.c:31 sysfs_warn_dup+0x50/0x6c()
[    0.250012] sysfs: cannot create duplicate filename '/class/gpio'
[    0.251733] Modules linked in:
[    0.253112] CPU: 0 PID: 1 Comm: swapper Not tainted 4.1.17+ #1
[    0.254757] Hardware name: Generic DT based system
[    0.257451] [<c001c99c>] (unwind_backtrace) from [<c0019d30>] (show_stack+0x10/0x14)
[    0.259830] [<c0019d30>] (show_stack) from [<c0024ab4>] (warn_slowpath_common+0x80/0xa8)
[    0.262095] [<c0024ab4>] (warn_slowpath_common) from [<c0024b08>] (warn_slowpath_fmt+0x2c/0x3c)
[    0.264559] [<c0024b08>] (warn_slowpath_fmt) from [<c00e363c>] (sysfs_warn_dup+0x50/0x6c)
[    0.267182] [<c00e363c>] (sysfs_warn_dup) from [<c00e3714>] (sysfs_create_dir_ns+0x74/0x84)
[    0.269496] [<c00e3714>] (sysfs_create_dir_ns) from [<c018e6ac>] (kobject_add_internal+0xb8/0x2ac)
[    0.270959] [<c018e6ac>] (kobject_add_internal) from [<c018e9a8>] (kset_register+0x1c/0x44)
[    0.272094] [<c018e9a8>] (kset_register) from [<c02090b4>] (__class_register+0xa8/0x198)
[    0.273500] [<c02090b4>] (__class_register) from [<c02091e4>] (__class_create+0x40/0x70)
[    0.274613] [<c02091e4>] (__class_create) from [<c01adf68>] (register_devfs_stubs+0x314/0xbb4)
[    0.276320] [<c01adf68>] (register_devfs_stubs) from [<c05d9b08>] (init_module+0x28/0xa4)
[    0.277596] [<c05d9b08>] (init_module) from [<c0009670>] (do_one_initcall+0x104/0x1b4)
[    0.278952] [<c0009670>] (do_one_initcall) from [<c05c7d08>] (kernel_init_freeable+0xf0/0x1b0)
[    0.280039] [<c05c7d08>] (kernel_init_freeable) from [<c040f28c>] (kernel_init+0x8/0xe4)
[    0.281452] [<c040f28c>] (kernel_init) from [<c0016da8>] (ret_from_fork+0x14/0x2c)
[    0.282610] ---[ end trace 08ee6edbca695325 ]---
[    0.283776] ------------[ cut here ]------------
[    0.284778] WARNING: CPU: 0 PID: 1 at /home/vagrant/firmadyne-kernel/kernel-v4.1/lib/kobject.c:240 kobject_add_internal+0x240/0x2ac()
[    0.286672] kobject_add_internal failed for gpio with -EEXIST, don't try to register things with the same name in the same directory.
[    0.288197] Modules linked in:
[    0.289055] CPU: 0 PID: 1 Comm: swapper Tainted: G        W       4.1.17+ #1
[    0.290175] Hardware name: Generic DT based system
[    0.290944] [<c001c99c>] (unwind_backtrace) from [<c0019d30>] (show_stack+0x10/0x14)
[    0.292063] [<c0019d30>] (show_stack) from [<c0024ab4>] (warn_slowpath_common+0x80/0xa8)
[    0.293230] [<c0024ab4>] (warn_slowpath_common) from [<c0024b08>] (warn_slowpath_fmt+0x2c/0x3c)
[    0.294457] [<c0024b08>] (warn_slowpath_fmt) from [<c018e834>] (kobject_add_internal+0x240/0x2ac)
[    0.296012] [<c018e834>] (kobject_add_internal) from [<c018e9a8>] (kset_register+0x1c/0x44)
[    0.297340] [<c018e9a8>] (kset_register) from [<c02090b4>] (__class_register+0xa8/0x198)
[    0.298529] [<c02090b4>] (__class_register) from [<c02091e4>] (__class_create+0x40/0x70)
[    0.299886] [<c02091e4>] (__class_create) from [<c01adf68>] (register_devfs_stubs+0x314/0xbb4)
[    0.301175] [<c01adf68>] (register_devfs_stubs) from [<c05d9b08>] (init_module+0x28/0xa4)
[    0.302327] [<c05d9b08>] (init_module) from [<c0009670>] (do_one_initcall+0x104/0x1b4)
[    0.303883] [<c0009670>] (do_one_initcall) from [<c05c7d08>] (kernel_init_freeable+0xf0/0x1b0)
[    0.305004] [<c05c7d08>] (kernel_init_freeable) from [<c040f28c>] (kernel_init+0x8/0xe4)
[    0.306810] [<c040f28c>] (kernel_init) from [<c0016da8>] (ret_from_fork+0x14/0x2c)
[    0.308770] ---[ end trace 08ee6edbca695326 ]---
[    0.309543] firmadyne: Cannot create device class: gpio!
[    0.313207] firmadyne: Cannot register character device: watchdog, 0xa, 0x82!
[    0.315140] firmadyne: Cannot register character device: wdt, 0xfd, 0x0!
[    0.501548] Non-volatile memory driver v1.3
[    0.535146] brd: module loaded
[    0.548364] loop: module loaded
[    0.564752]  vda: vda1
[    0.573315] [nandsim] warning: read_byte: unexpected data output cycle, state is STATE_READY return 0x0
[    0.576363] [nandsim] warning: read_byte: unexpected data output cycle, state is STATE_READY return 0x0
[    0.578793] [nandsim] warning: read_byte: unexpected data output cycle, state is STATE_READY return 0x0
[    0.580953] [nandsim] warning: read_byte: unexpected data output cycle, state is STATE_READY return 0x0
[    0.582977] [nandsim] warning: read_byte: unexpected data output cycle, state is STATE_READY return 0x0
[    0.584338] [nandsim] warning: read_byte: unexpected data output cycle, state is STATE_READY return 0x0
[    0.586354] nand: device found, Manufacturer ID: 0x98, Chip ID: 0x39
[    0.587808] nand: Toshiba NAND 128MiB 1,8V 8-bit
[    0.588967] nand: 128 MiB, SLC, erase size: 16 KiB, page size: 512, OOB size: 16
[    0.590875] flash size: 128 MiB
[    0.591499] page size: 512 bytes
[    0.592078] OOB area size: 16 bytes
[    0.592747] sector size: 16 KiB
[    0.593378] pages number: 262144
[    0.594184] pages per sector: 32
[    0.595063] bus width: 8
[    0.595966] bits in sector size: 14
[    0.596849] bits in page size: 9
[    0.597258] bits in OOB size: 4
[    0.597849] flash size with OOB: 135168 KiB
[    0.598415] page address bytes: 4
[    0.599014] sector address bytes: 3
[    0.599575] options: 0x42
[    0.608653] Scanning device for bad blocks
[    0.813994] Creating 11 MTD partitions on "NAND 128MiB 1,8V 8-bit":
[    0.816727] 0x000000000000-0x000000100000 : "NAND simulator partition 0"
[    0.823818] 0x000000100000-0x000000200000 : "NAND simulator partition 1"
[    0.828441] 0x000000200000-0x000000300000 : "NAND simulator partition 2"
[    0.832620] 0x000000300000-0x000000400000 : "NAND simulator partition 3"
[    0.837145] 0x000000400000-0x000000500000 : "NAND simulator partition 4"
[    0.841389] 0x000000500000-0x000000600000 : "NAND simulator partition 5"
[    0.846022] 0x000000600000-0x000000700000 : "NAND simulator partition 6"
[    0.850418] 0x000000700000-0x000000800000 : "NAND simulator partition 7"
[    0.854711] 0x000000800000-0x000000900000 : "NAND simulator partition 8"
[    0.859251] 0x000000900000-0x000000a00000 : "NAND simulator partition 9"
[    0.863437] 0x000000a00000-0x000008000000 : "NAND simulator partition 10"
[    0.875878] tun: Universal TUN/TAP device driver, 1.6
[    0.877179] tun: (C) 1999-2004 Max Krasnyansky <maxk@qualcomm.com>
[    0.904332] PPP generic driver version 2.4.2
[    0.907103] PPP BSD Compression module registered
[    0.908499] PPP Deflate Compression module registered
[    0.910332] PPP MPPE Compression module registered
[    0.911692] NET: Registered protocol family 24
[    0.913353] PPTP driver version 0.8.5
[    0.915856] usbcore: registered new interface driver usb-storage
[    0.920141] hidraw: raw HID events driver (C) Jiri Kosina
[    0.922303] usbcore: registered new interface driver usbhid
[    0.923782] usbhid: USB HID core driver
[    0.925773] Netfilter messages via NETLINK v0.30.
[    0.927951] nf_conntrack version 0.5.0 (3958 buckets, 15832 max)
[    0.931694] ctnetlink v0.93: registering with nfnetlink.
[    0.935322] ipip: IPv4 over IPv4 tunneling driver
[    0.940288] gre: GRE over IPv4 demultiplexor driver
[    0.941677] ip_gre: GRE over IPv4 tunneling driver
[    0.951178] ip_tables: (C) 2000-2006 Netfilter Core Team
[    0.955300] arp_tables: (C) 2002 David S. Miller
[    0.958680] Initializing XFRM netlink socket
[    0.960609] NET: Registered protocol family 10
[    0.975389] ip6_tables: (C) 2000-2006 Netfilter Core Team
[    0.979690] sit: IPv6 over IPv4 tunneling driver
[    0.986354] NET: Registered protocol family 17
[    0.987823] bridge: automatic filtering via arp/ip/ip6tables has been deprecated. Update your scripts to load br_netfilter if you need this.
[    0.990830] Bridge firewalling registered
[    0.991813] Ebtables v2.0 registered
[    0.994152] 8021q: 802.1Q VLAN Support v1.8
[    0.996687] Registering SWP/SWPB emulation handler
[    1.001249] hctosys: unable to open rtc device (rtc0)
[    1.020536] EXT4-fs (vda1): couldn't mount as ext3 due to feature incompatibilities
[    1.025295] EXT4-fs (vda1): mounting ext2 file system using the ext4 subsystem
[    1.039482] EXT4-fs (vda1): warning: mounting unchecked fs, running e2fsck is recommended
[    1.046419] EXT4-fs (vda1): mounted filesystem without journal. Opts: (null)
[    1.049802] VFS: Mounted root (ext2 filesystem) on device 254:1.
[    1.060480] Freeing unused kernel memory: 180K (c05c7000 - c05f4000)
[    1.094080] firmadyne: do_execve: /firmadyne/console
[    1.095772] OFFSETS: offset of pid: 0x190 offset of comm: 0x270
[    1.139762] request_module: runaway loop modprobe binfmt-464c
[    1.157837] request_module: runaway loop modprobe binfmt-464c
[    1.175319] Starting init: /sbin/init exists but couldn't execute it (error -8)
[    1.205313] request_module: runaway loop modprobe binfmt-464c
[    1.222486] Starting init: /bin/sh exists but couldn't execute it (error -8)
[    1.224678] Kernel panic - not syncing: No working init found.  Try passing init= option to kernel. See Linux Documentation/init.txt for guidance.
[    1.228199] CPU: 0 PID: 1 Comm: swapper Tainted: G        W       4.1.17+ #1
[    1.230103] Hardware name: Generic DT based system
[    1.231478] [<c001c99c>] (unwind_backtrace) from [<c0019d30>] (show_stack+0x10/0x14)
[    1.233537] [<c0019d30>] (show_stack) from [<c0410b78>] (panic+0x70/0x1c8)
[    1.234870] [<c0410b78>] (panic) from [<c040f33c>] (kernel_init+0xb8/0xe4)
[    1.235838] [<c040f33c>] (kernel_init) from [<c0016da8>] (ret_from_fork+0x14/0x2c)
[    1.237512] ---[ end Kernel panic - not syncing: No working init found.  Try passing init= option to kernel. See Linux Documentation/init.txt for guidance.
