[    0.000000] Booting Linux on physical CPU 0x0
[    0.000000] Linux version 4.1.17+ (vagrant@vagrant-ubuntu-trusty-64) (gcc version 5.3.0 (GCC) ) #1 Thu Feb 18 01:05:21 UTC 2016
[    0.000000] CPU: ARMv7 Processor [412fc0f1] revision 1 (ARMv7), cr=10c5387d
[    0.000000] CPU: PIPT / VIPT nonaliasing data cache, PIPT instruction cache
[    0.000000] Machine model: linux,dummy-virt
[    0.000000] debug: ignoring loglevel setting.
[    0.000000] Memory policy: Data cache writeback
[    0.000000] On node 0 totalpages: 65536
[    0.000000] free_area_init_node: node 0, pgdat c061dfe8, node_mem_map cfdf9000
[    0.000000]   Normal zone: 512 pages used for memmap
[    0.000000]   Normal zone: 0 pages reserved
[    0.000000]   Normal zone: 65536 pages, LIFO batch:15
[    0.000000] CPU: All CPU(s) started in SVC mode.
[    0.000000] pcpu-alloc: s0 r0 d32768 u32768 alloc=1*32768
[    0.000000] pcpu-alloc: [0] 0 
[    0.000000] Built 1 zonelists in Zone order, mobility grouping on.  Total pages: 65024
[    0.000000] Kernel command line: firmadyne.syscall=1 root=/dev/vda1 console=ttyS0 nandsim.parts=64,64,64,64,64,64,64,64,64,64 rdinit=/firmadyne/preInit.sh rw debug ignore_loglevel print-fatal-signals=1 user_debug=31
[    0.000000] PID hash table entries: 1024 (order: 0, 4096 bytes)
[    0.000000] Dentry cache hash table entries: 32768 (order: 5, 131072 bytes)
[    0.000000] Inode-cache hash table entries: 16384 (order: 4, 65536 bytes)
[    0.000000] Memory: 253344K/262144K available (4297K kernel code, 170K rwdata, 1584K rodata, 180K init, 148K bss, 8800K reserved, 0K cma-reserved)
[    0.000000] Virtual kernel memory layout:
[    0.000000]     vector  : 0xffff0000 - 0xffff1000   (   4 kB)
[    0.000000]     fixmap  : 0xffc00000 - 0xfff00000   (3072 kB)
[    0.000000]     vmalloc : 0xd0800000 - 0xff000000   ( 744 MB)
[    0.000000]     lowmem  : 0xc0000000 - 0xd0000000   ( 256 MB)
[    0.000000]     modules : 0xbf000000 - 0xc0000000   (  16 MB)
[    0.000000]       .text : 0xc0008000 - 0xc05c67bc   (5882 kB)
[    0.000000]       .init : 0xc05c7000 - 0xc05f4000   ( 180 kB)
[    0.000000]       .data : 0xc05f4000 - 0xc061e840   ( 171 kB)
[    0.000000]        .bss : 0xc0621000 - 0xc06462d4   ( 149 kB)
[    0.000000] NR_IRQS:16 nr_irqs:16 16
[    0.000000] Architected cp15 timer(s) running at 62.50MHz (virt).
[    0.000000] clocksource arch_sys_counter: mask: 0xffffffffffffff max_cycles: 0x1cd42e208c, max_idle_ns: 881590405314 ns
[    0.000138] sched_clock: 56 bits at 62MHz, resolution 16ns, wraps every 4398046511096ns
[    0.000245] Switching to timer-based delay loop, resolution 16ns
[    0.002918] Console: colour dummy device 80x30
[    0.003195] Calibrating delay loop (skipped), value calculated using timer frequency.. 125.00 BogoMIPS (lpj=625000)
[    0.003303] pid_max: default: 32768 minimum: 301
[    0.004121] Mount-cache hash table entries: 1024 (order: 0, 4096 bytes)
[    0.004152] Mountpoint-cache hash table entries: 1024 (order: 0, 4096 bytes)
[    0.012271] CPU: Testing write buffer coherency: ok
[    0.017331] Setting up static identity map for 0x40008240 - 0x40008298
[    0.029559] VFP support v0.3: implementor 41 architecture 4 part 30 variant f rev 0
[    0.039715] clocksource jiffies: mask: 0xffffffff max_cycles: 0xffffffff, max_idle_ns: 19112604462750000 ns
[    0.047306] NET: Registered protocol family 16
[    0.049833] DMA: preallocated 256 KiB pool for atomic coherent allocations
[    0.053355] cpuidle: using governor ladder
[    0.053487] cpuidle: using governor menu
[    0.056404] genirq: Setting trigger mode 1 for irq 20 failed (gic_set_type+0x0/0x48)
[    0.057841] genirq: Setting trigger mode 1 for irq 21 failed (gic_set_type+0x0/0x48)
[    0.058107] genirq: Setting trigger mode 1 for irq 22 failed (gic_set_type+0x0/0x48)
[    0.058387] genirq: Setting trigger mode 1 for irq 23 failed (gic_set_type+0x0/0x48)
[    0.058658] genirq: Setting trigger mode 1 for irq 24 failed (gic_set_type+0x0/0x48)
[    0.058940] genirq: Setting trigger mode 1 for irq 25 failed (gic_set_type+0x0/0x48)
[    0.059182] genirq: Setting trigger mode 1 for irq 26 failed (gic_set_type+0x0/0x48)
[    0.059444] genirq: Setting trigger mode 1 for irq 27 failed (gic_set_type+0x0/0x48)
[    0.059820] genirq: Setting trigger mode 1 for irq 28 failed (gic_set_type+0x0/0x48)
[    0.060076] genirq: Setting trigger mode 1 for irq 29 failed (gic_set_type+0x0/0x48)
[    0.060315] genirq: Setting trigger mode 1 for irq 30 failed (gic_set_type+0x0/0x48)
[    0.060585] genirq: Setting trigger mode 1 for irq 31 failed (gic_set_type+0x0/0x48)
[    0.060822] genirq: Setting trigger mode 1 for irq 32 failed (gic_set_type+0x0/0x48)
[    0.061066] genirq: Setting trigger mode 1 for irq 33 failed (gic_set_type+0x0/0x48)
[    0.061298] genirq: Setting trigger mode 1 for irq 34 failed (gic_set_type+0x0/0x48)
[    0.061548] genirq: Setting trigger mode 1 for irq 35 failed (gic_set_type+0x0/0x48)
[    0.061791] genirq: Setting trigger mode 1 for irq 36 failed (gic_set_type+0x0/0x48)
[    0.062035] genirq: Setting trigger mode 1 for irq 37 failed (gic_set_type+0x0/0x48)
[    0.062319] genirq: Setting trigger mode 1 for irq 38 failed (gic_set_type+0x0/0x48)
[    0.062591] genirq: Setting trigger mode 1 for irq 39 failed (gic_set_type+0x0/0x48)
[    0.062863] genirq: Setting trigger mode 1 for irq 40 failed (gic_set_type+0x0/0x48)
[    0.063115] genirq: Setting trigger mode 1 for irq 41 failed (gic_set_type+0x0/0x48)
[    0.063644] genirq: Setting trigger mode 1 for irq 42 failed (gic_set_type+0x0/0x48)
[    0.063912] genirq: Setting trigger mode 1 for irq 43 failed (gic_set_type+0x0/0x48)
[    0.064177] genirq: Setting trigger mode 1 for irq 44 failed (gic_set_type+0x0/0x48)
[    0.064459] genirq: Setting trigger mode 1 for irq 45 failed (gic_set_type+0x0/0x48)
[    0.064714] genirq: Setting trigger mode 1 for irq 46 failed (gic_set_type+0x0/0x48)
[    0.065006] genirq: Setting trigger mode 1 for irq 47 failed (gic_set_type+0x0/0x48)
[    0.065265] genirq: Setting trigger mode 1 for irq 48 failed (gic_set_type+0x0/0x48)
[    0.065530] genirq: Setting trigger mode 1 for irq 49 failed (gic_set_type+0x0/0x48)
[    0.065776] genirq: Setting trigger mode 1 for irq 50 failed (gic_set_type+0x0/0x48)
[    0.066017] genirq: Setting trigger mode 1 for irq 51 failed (gic_set_type+0x0/0x48)
[    0.066434] genirq: Setting trigger mode 1 for irq 52 failed (gic_set_type+0x0/0x48)
[    0.069525] Serial: AMBA PL011 UART driver
[    0.071215] 9000000.pl011: ttyS0 at MMIO 0x9000000 (irq = 52, base_baud = 0) is a PL011 rev1
[    0.096204] console [ttyS0] enabled
[    0.115532] vgaarb: loaded
[    0.116752] SCSI subsystem initialized
[    0.117649] usbcore: registered new interface driver usbfs
[    0.118042] usbcore: registered new interface driver hub
[    0.118429] usbcore: registered new device driver usb
[    0.126035] cfg80211: Calling CRDA to update world regulatory domain
[    0.128113] Switched to clocksource arch_sys_counter
[    0.142726] NET: Registered protocol family 2
[    0.146807] TCP established hash table entries: 2048 (order: 1, 8192 bytes)
[    0.147185] TCP bind hash table entries: 2048 (order: 1, 8192 bytes)
[    0.147626] TCP: Hash tables configured (established 2048 bind 2048)
[    0.148485] UDP hash table entries: 256 (order: 0, 4096 bytes)
[    0.148842] UDP-Lite hash table entries: 256 (order: 0, 4096 bytes)
[    0.150131] NET: Registered protocol family 1
[    0.150582] PCI: CLS 0 bytes, default 64
[    0.156607] NetWinder Floating Point Emulator V0.97 (extended precision)
[    0.159106] futex hash table entries: 256 (order: -1, 3072 bytes)
[    0.163638] squashfs: version 4.0 (2009/01/31) Phillip Lougher
[    0.164630] jffs2: version 2.2. (NAND) Â© 2001-2006 Red Hat, Inc.
[    0.165428] romfs: ROMFS MTD (C) 2007 Red Hat, Inc.
[    0.173010] Block layer SCSI generic (bsg) driver version 0.4 loaded (major 253)
[    0.173434] io scheduler noop registered
[    0.173708] io scheduler cfq registered (default)
[    0.174377] firmadyne: devfs: 1, execute: 1, procfs: 1, syscall: 1
[    0.175607] ------------[ cut here ]------------
[    0.175842] WARNING: CPU: 0 PID: 1 at /home/vagrant/firmadyne-kernel/kernel-v4.1/fs/sysfs/dir.c:31 sysfs_warn_dup+0x50/0x6c()
[    0.176308] sysfs: cannot create duplicate filename '/class/gpio'
[    0.176584] Modules linked in:
[    0.176911] CPU: 0 PID: 1 Comm: swapper Not tainted 4.1.17+ #1
[    0.177169] Hardware name: Generic DT based system
[    0.178100] [<c001c99c>] (unwind_backtrace) from [<c0019d30>] (show_stack+0x10/0x14)
[    0.178522] [<c0019d30>] (show_stack) from [<c0024ab4>] (warn_slowpath_common+0x80/0xa8)
[    0.178897] [<c0024ab4>] (warn_slowpath_common) from [<c0024b08>] (warn_slowpath_fmt+0x2c/0x3c)
[    0.179313] [<c0024b08>] (warn_slowpath_fmt) from [<c00e363c>] (sysfs_warn_dup+0x50/0x6c)
[    0.179671] [<c00e363c>] (sysfs_warn_dup) from [<c00e3714>] (sysfs_create_dir_ns+0x74/0x84)
[    0.180019] [<c00e3714>] (sysfs_create_dir_ns) from [<c018e6ac>] (kobject_add_internal+0xb8/0x2ac)
[    0.180397] [<c018e6ac>] (kobject_add_internal) from [<c018e9a8>] (kset_register+0x1c/0x44)
[    0.180746] [<c018e9a8>] (kset_register) from [<c02090b4>] (__class_register+0xa8/0x198)
[    0.181085] [<c02090b4>] (__class_register) from [<c02091e4>] (__class_create+0x40/0x70)
[    0.181429] [<c02091e4>] (__class_create) from [<c01adf68>] (register_devfs_stubs+0x314/0xbb4)
[    0.181789] [<c01adf68>] (register_devfs_stubs) from [<c05d9b08>] (init_module+0x28/0xa4)
[    0.182163] [<c05d9b08>] (init_module) from [<c0009670>] (do_one_initcall+0x104/0x1b4)
[    0.182498] [<c0009670>] (do_one_initcall) from [<c05c7d08>] (kernel_init_freeable+0xf0/0x1b0)
[    0.182869] [<c05c7d08>] (kernel_init_freeable) from [<c040f28c>] (kernel_init+0x8/0xe4)
[    0.183211] [<c040f28c>] (kernel_init) from [<c0016da8>] (ret_from_fork+0x14/0x2c)
[    0.183602] ---[ end trace 523cf05019581b4d ]---
[    0.183869] ------------[ cut here ]------------
[    0.184077] WARNING: CPU: 0 PID: 1 at /home/vagrant/firmadyne-kernel/kernel-v4.1/lib/kobject.c:240 kobject_add_internal+0x240/0x2ac()
[    0.184555] kobject_add_internal failed for gpio with -EEXIST, don't try to register things with the same name in the same directory.
[    0.185022] Modules linked in:
[    0.185227] CPU: 0 PID: 1 Comm: swapper Tainted: G        W       4.1.17+ #1
[    0.185512] Hardware name: Generic DT based system
[    0.185730] [<c001c99c>] (unwind_backtrace) from [<c0019d30>] (show_stack+0x10/0x14)
[    0.186057] [<c0019d30>] (show_stack) from [<c0024ab4>] (warn_slowpath_common+0x80/0xa8)
[    0.186407] [<c0024ab4>] (warn_slowpath_common) from [<c0024b08>] (warn_slowpath_fmt+0x2c/0x3c)
[    0.186784] [<c0024b08>] (warn_slowpath_fmt) from [<c018e834>] (kobject_add_internal+0x240/0x2ac)
[    0.187152] [<c018e834>] (kobject_add_internal) from [<c018e9a8>] (kset_register+0x1c/0x44)
[    0.187519] [<c018e9a8>] (kset_register) from [<c02090b4>] (__class_register+0xa8/0x198)
[    0.188065] [<c02090b4>] (__class_register) from [<c02091e4>] (__class_create+0x40/0x70)
[    0.188415] [<c02091e4>] (__class_create) from [<c01adf68>] (register_devfs_stubs+0x314/0xbb4)
[    0.188776] [<c01adf68>] (register_devfs_stubs) from [<c05d9b08>] (init_module+0x28/0xa4)
[    0.189119] [<c05d9b08>] (init_module) from [<c0009670>] (do_one_initcall+0x104/0x1b4)
[    0.189458] [<c0009670>] (do_one_initcall) from [<c05c7d08>] (kernel_init_freeable+0xf0/0x1b0)
[    0.189816] [<c05c7d08>] (kernel_init_freeable) from [<c040f28c>] (kernel_init+0x8/0xe4)
[    0.190149] [<c040f28c>] (kernel_init) from [<c0016da8>] (ret_from_fork+0x14/0x2c)
[    0.190477] ---[ end trace 523cf05019581b4e ]---
[    0.190736] firmadyne: Cannot create device class: gpio!
[    0.192197] firmadyne: Cannot register character device: watchdog, 0xa, 0x82!
[    0.192527] firmadyne: Cannot register character device: wdt, 0xfd, 0x0!
[    0.288395] Non-volatile memory driver v1.3
[    0.308946] brd: module loaded
[    0.317120] loop: module loaded
[    0.325414]  vda: vda1
[    0.329609] [nandsim] warning: read_byte: unexpected data output cycle, state is STATE_READY return 0x0
[    0.330019] [nandsim] warning: read_byte: unexpected data output cycle, state is STATE_READY return 0x0
[    0.330404] [nandsim] warning: read_byte: unexpected data output cycle, state is STATE_READY return 0x0
[    0.330793] [nandsim] warning: read_byte: unexpected data output cycle, state is STATE_READY return 0x0
[    0.331174] [nandsim] warning: read_byte: unexpected data output cycle, state is STATE_READY return 0x0
[    0.331563] [nandsim] warning: read_byte: unexpected data output cycle, state is STATE_READY return 0x0
[    0.332159] nand: device found, Manufacturer ID: 0x98, Chip ID: 0x39
[    0.332442] nand: Toshiba NAND 128MiB 1,8V 8-bit
[    0.332658] nand: 128 MiB, SLC, erase size: 16 KiB, page size: 512, OOB size: 16
[    0.333590] flash size: 128 MiB
[    0.333735] page size: 512 bytes
[    0.333879] OOB area size: 16 bytes
[    0.334032] sector size: 16 KiB
[    0.334174] pages number: 262144
[    0.334321] pages per sector: 32
[    0.334462] bus width: 8
[    0.334577] bits in sector size: 14
[    0.334742] bits in page size: 9
[    0.334888] bits in OOB size: 4
[    0.335030] flash size with OOB: 135168 KiB
[    0.335215] page address bytes: 4
[    0.335359] sector address bytes: 3
[    0.335523] options: 0x42
[    0.339538] Scanning device for bad blocks
[    0.464652] Creating 11 MTD partitions on "NAND 128MiB 1,8V 8-bit":
[    0.465173] 0x000000000000-0x000000100000 : "NAND simulator partition 0"
[    0.468358] 0x000000100000-0x000000200000 : "NAND simulator partition 1"
[    0.469750] 0x000000200000-0x000000300000 : "NAND simulator partition 2"
[    0.471105] 0x000000300000-0x000000400000 : "NAND simulator partition 3"
[    0.472466] 0x000000400000-0x000000500000 : "NAND simulator partition 4"
[    0.473775] 0x000000500000-0x000000600000 : "NAND simulator partition 5"
[    0.475178] 0x000000600000-0x000000700000 : "NAND simulator partition 6"
[    0.476560] 0x000000700000-0x000000800000 : "NAND simulator partition 7"
[    0.478252] 0x000000800000-0x000000900000 : "NAND simulator partition 8"
[    0.479791] 0x000000900000-0x000000a00000 : "NAND simulator partition 9"
[    0.481166] 0x000000a00000-0x000008000000 : "NAND simulator partition 10"
[    0.485444] tun: Universal TUN/TAP device driver, 1.6
[    0.485671] tun: (C) 1999-2004 Max Krasnyansky <maxk@qualcomm.com>
[    0.503737] PPP generic driver version 2.4.2
[    0.504448] PPP BSD Compression module registered
[    0.504695] PPP Deflate Compression module registered
[    0.504994] PPP MPPE Compression module registered
[    0.505233] NET: Registered protocol family 24
[    0.505601] PPTP driver version 0.8.5
[    0.506300] usbcore: registered new interface driver usb-storage
[    0.508212] hidraw: raw HID events driver (C) Jiri Kosina
[    0.508783] usbcore: registered new interface driver usbhid
[    0.509025] usbhid: USB HID core driver
[    0.509510] Netfilter messages via NETLINK v0.30.
[    0.510139] nf_conntrack version 0.5.0 (3958 buckets, 15832 max)
[    0.511475] ctnetlink v0.93: registering with nfnetlink.
[    0.512845] ipip: IPv4 over IPv4 tunneling driver
[    0.514711] gre: GRE over IPv4 demultiplexor driver
[    0.514965] ip_gre: GRE over IPv4 tunneling driver
[    0.519364] ip_tables: (C) 2000-2006 Netfilter Core Team
[    0.520944] arp_tables: (C) 2002 David S. Miller
[    0.522008] Initializing XFRM netlink socket
[    0.522525] NET: Registered protocol family 10
[    0.528740] ip6_tables: (C) 2000-2006 Netfilter Core Team
[    0.530257] sit: IPv6 over IPv4 tunneling driver
[    0.533632] NET: Registered protocol family 17
[    0.534248] bridge: automatic filtering via arp/ip/ip6tables has been deprecated. Update your scripts to load br_netfilter if you need this.
[    0.534862] Bridge firewalling registered
[    0.535082] Ebtables v2.0 registered
[    0.536155] 8021q: 802.1Q VLAN Support v1.8
[    0.536772] Registering SWP/SWPB emulation handler
[    0.539169] hctosys: unable to open rtc device (rtc0)
[    0.548321] EXT4-fs (vda1): couldn't mount as ext3 due to feature incompatibilities
[    0.550087] EXT4-fs (vda1): mounting ext2 file system using the ext4 subsystem
[    0.561738] EXT4-fs (vda1): mounted filesystem without journal. Opts: (null)
[    0.562834] VFS: Mounted root (ext2 filesystem) on device 254:1.
[    0.568090] Freeing unused kernel memory: 180K (c05c7000 - c05f4000)
[    0.585980] firmadyne: do_execve: /firmadyne/console
[    0.586262] OFFSETS: offset of pid: 0x190 offset of comm: 0x270
[    0.586639] Kernel panic - not syncing: No working init found.  Try passing init= option to kernel. See Linux Documentation/init.txt for guidance.
[    0.587202] CPU: 0 PID: 1 Comm: swapper Tainted: G        W       4.1.17+ #1
[    0.587500] Hardware name: Generic DT based system
[    0.587924] [<c001c99c>] (unwind_backtrace) from [<c0019d30>] (show_stack+0x10/0x14)
[    0.588269] [<c0019d30>] (show_stack) from [<c0410b78>] (panic+0x70/0x1c8)
[    0.588569] [<c0410b78>] (panic) from [<c040f33c>] (kernel_init+0xb8/0xe4)
[    0.588864] [<c040f33c>] (kernel_init) from [<c0016da8>] (ret_from_fork+0x14/0x2c)
[    0.589352] ---[ end Kernel panic - not syncing: No working init found.  Try passing init= option to kernel. See Linux Documentation/init.txt for guidance.
