[    0.000000] Booting Linux on physical CPU 0x0
[    0.000000] Linux version 4.1.17+ (vagrant@vagrant-ubuntu-trusty-64) (gcc version 5.3.0 (GCC) ) #1 Thu Feb 18 01:05:21 UTC 2016
[    0.000000] CPU: ARMv7 Processor [412fc0f1] revision 1 (ARMv7), cr=10c5387d
[    0.000000] CPU: PIPT / VIPT nonaliasing data cache, PIPT instruction cache
[    0.000000] Machine model: linux,dummy-virt
[    0.000000] debug: ignoring loglevel setting.
[    0.000000] Memory policy: Data cache writeback
[    0.000000] On node 0 totalpages: 65536
[    0.000000] free_area_init_node: node 0, pgdat c061dfe8, node_mem_map cfdf9000
[    0.000000]   Normal zone: 512 pages used for memmap
[    0.000000]   Normal zone: 0 pages reserved
[    0.000000]   Normal zone: 65536 pages, LIFO batch:15
[    0.000000] CPU: All CPU(s) started in SVC mode.
[    0.000000] pcpu-alloc: s0 r0 d32768 u32768 alloc=1*32768
[    0.000000] pcpu-alloc: [0] 0 
[    0.000000] Built 1 zonelists in Zone order, mobility grouping on.  Total pages: 65024
[    0.000000] Kernel command line: root=/dev/vda1 console=ttyS0 nandsim.parts=64,64,64,64,64,64,64,64,64,64 rdinit=/firmadyne/preInit.sh rw debug ignore_loglevel print-fatal-signals=1 user_debug=31 firmadyne.syscall=0
[    0.000000] PID hash table entries: 1024 (order: 0, 4096 bytes)
[    0.000000] Dentry cache hash table entries: 32768 (order: 5, 131072 bytes)
[    0.000000] Inode-cache hash table entries: 16384 (order: 4, 65536 bytes)
[    0.000000] Memory: 253344K/262144K available (4297K kernel code, 170K rwdata, 1584K rodata, 180K init, 148K bss, 8800K reserved, 0K cma-reserved)
[    0.000000] Virtual kernel memory layout:
[    0.000000]     vector  : 0xffff0000 - 0xffff1000   (   4 kB)
[    0.000000]     fixmap  : 0xffc00000 - 0xfff00000   (3072 kB)
[    0.000000]     vmalloc : 0xd0800000 - 0xff000000   ( 744 MB)
[    0.000000]     lowmem  : 0xc0000000 - 0xd0000000   ( 256 MB)
[    0.000000]     modules : 0xbf000000 - 0xc0000000   (  16 MB)
[    0.000000]       .text : 0xc0008000 - 0xc05c67bc   (5882 kB)
[    0.000000]       .init : 0xc05c7000 - 0xc05f4000   ( 180 kB)
[    0.000000]       .data : 0xc05f4000 - 0xc061e840   ( 171 kB)
[    0.000000]        .bss : 0xc0621000 - 0xc06462d4   ( 149 kB)
[    0.000000] NR_IRQS:16 nr_irqs:16 16
[    0.000000] Architected cp15 timer(s) running at 62.50MHz (virt).
[    0.000000] clocksource arch_sys_counter: mask: 0xffffffffffffff max_cycles: 0x1cd42e208c, max_idle_ns: 881590405314 ns
[    0.000111] sched_clock: 56 bits at 62MHz, resolution 16ns, wraps every 4398046511096ns
[    0.000198] Switching to timer-based delay loop, resolution 16ns
[    0.002335] Console: colour dummy device 80x30
[    0.002561] Calibrating delay loop (skipped), value calculated using timer frequency.. 125.00 BogoMIPS (lpj=625000)
[    0.002654] pid_max: default: 32768 minimum: 301
[    0.003277] Mount-cache hash table entries: 1024 (order: 0, 4096 bytes)
[    0.003303] Mountpoint-cache hash table entries: 1024 (order: 0, 4096 bytes)
[    0.008040] CPU: Testing write buffer coherency: ok
[    0.013853] Setting up static identity map for 0x40008240 - 0x40008298
[    0.024114] VFP support v0.3: implementor 41 architecture 4 part 30 variant f rev 0
[    0.032900] clocksource jiffies: mask: 0xffffffff max_cycles: 0xffffffff, max_idle_ns: 19112604462750000 ns
[    0.039236] NET: Registered protocol family 16
[    0.041365] DMA: preallocated 256 KiB pool for atomic coherent allocations
[    0.044625] cpuidle: using governor ladder
[    0.044733] cpuidle: using governor menu
[    0.047345] genirq: Setting trigger mode 1 for irq 20 failed (gic_set_type+0x0/0x48)
[    0.048661] genirq: Setting trigger mode 1 for irq 21 failed (gic_set_type+0x0/0x48)
[    0.048887] genirq: Setting trigger mode 1 for irq 22 failed (gic_set_type+0x0/0x48)
[    0.049109] genirq: Setting trigger mode 1 for irq 23 failed (gic_set_type+0x0/0x48)
[    0.049334] genirq: Setting trigger mode 1 for irq 24 failed (gic_set_type+0x0/0x48)
[    0.049546] genirq: Setting trigger mode 1 for irq 25 failed (gic_set_type+0x0/0x48)
[    0.049748] genirq: Setting trigger mode 1 for irq 26 failed (gic_set_type+0x0/0x48)
[    0.049953] genirq: Setting trigger mode 1 for irq 27 failed (gic_set_type+0x0/0x48)
[    0.050236] genirq: Setting trigger mode 1 for irq 28 failed (gic_set_type+0x0/0x48)
[    0.050451] genirq: Setting trigger mode 1 for irq 29 failed (gic_set_type+0x0/0x48)
[    0.050660] genirq: Setting trigger mode 1 for irq 30 failed (gic_set_type+0x0/0x48)
[    0.050876] genirq: Setting trigger mode 1 for irq 31 failed (gic_set_type+0x0/0x48)
[    0.051076] genirq: Setting trigger mode 1 for irq 32 failed (gic_set_type+0x0/0x48)
[    0.051281] genirq: Setting trigger mode 1 for irq 33 failed (gic_set_type+0x0/0x48)
[    0.051478] genirq: Setting trigger mode 1 for irq 34 failed (gic_set_type+0x0/0x48)
[    0.051673] genirq: Setting trigger mode 1 for irq 35 failed (gic_set_type+0x0/0x48)
[    0.051876] genirq: Setting trigger mode 1 for irq 36 failed (gic_set_type+0x0/0x48)
[    0.052104] genirq: Setting trigger mode 1 for irq 37 failed (gic_set_type+0x0/0x48)
[    0.052427] genirq: Setting trigger mode 1 for irq 38 failed (gic_set_type+0x0/0x48)
[    0.052773] genirq: Setting trigger mode 1 for irq 39 failed (gic_set_type+0x0/0x48)
[    0.052986] genirq: Setting trigger mode 1 for irq 40 failed (gic_set_type+0x0/0x48)
[    0.053198] genirq: Setting trigger mode 1 for irq 41 failed (gic_set_type+0x0/0x48)
[    0.053414] genirq: Setting trigger mode 1 for irq 42 failed (gic_set_type+0x0/0x48)
[    0.053630] genirq: Setting trigger mode 1 for irq 43 failed (gic_set_type+0x0/0x48)
[    0.053851] genirq: Setting trigger mode 1 for irq 44 failed (gic_set_type+0x0/0x48)
[    0.054074] genirq: Setting trigger mode 1 for irq 45 failed (gic_set_type+0x0/0x48)
[    0.054283] genirq: Setting trigger mode 1 for irq 46 failed (gic_set_type+0x0/0x48)
[    0.054526] genirq: Setting trigger mode 1 for irq 47 failed (gic_set_type+0x0/0x48)
[    0.054756] genirq: Setting trigger mode 1 for irq 48 failed (gic_set_type+0x0/0x48)
[    0.054966] genirq: Setting trigger mode 1 for irq 49 failed (gic_set_type+0x0/0x48)
[    0.055168] genirq: Setting trigger mode 1 for irq 50 failed (gic_set_type+0x0/0x48)
[    0.055371] genirq: Setting trigger mode 1 for irq 51 failed (gic_set_type+0x0/0x48)
[    0.055719] genirq: Setting trigger mode 1 for irq 52 failed (gic_set_type+0x0/0x48)
[    0.058287] Serial: AMBA PL011 UART driver
[    0.059703] 9000000.pl011: ttyS0 at MMIO 0x9000000 (irq = 52, base_baud = 0) is a PL011 rev1
[    0.108417] console [ttyS0] enabled
[    0.125194] vgaarb: loaded
[    0.126734] SCSI subsystem initialized
[    0.128231] usbcore: registered new interface driver usbfs
[    0.129239] usbcore: registered new interface driver hub
[    0.130176] usbcore: registered new device driver usb
[    0.138022] cfg80211: Calling CRDA to update world regulatory domain
[    0.140788] Switched to clocksource arch_sys_counter
[    0.154116] NET: Registered protocol family 2
[    0.158142] TCP established hash table entries: 2048 (order: 1, 8192 bytes)
[    0.159427] TCP bind hash table entries: 2048 (order: 1, 8192 bytes)
[    0.160871] TCP: Hash tables configured (established 2048 bind 2048)
[    0.162221] UDP hash table entries: 256 (order: 0, 4096 bytes)
[    0.163398] UDP-Lite hash table entries: 256 (order: 0, 4096 bytes)
[    0.165356] NET: Registered protocol family 1
[    0.166349] PCI: CLS 0 bytes, default 64
[    0.172493] NetWinder Floating Point Emulator V0.97 (extended precision)
[    0.175359] futex hash table entries: 256 (order: -1, 3072 bytes)
[    0.181569] squashfs: version 4.0 (2009/01/31) Phillip Lougher
[    0.183592] jffs2: version 2.2. (NAND) Â© 2001-2006 Red Hat, Inc.
[    0.185120] romfs: ROMFS MTD (C) 2007 Red Hat, Inc.
[    0.192237] Block layer SCSI generic (bsg) driver version 0.4 loaded (major 253)
[    0.193455] io scheduler noop registered
[    0.194152] io scheduler cfq registered (default)
[    0.195457] firmadyne: devfs: 1, execute: 1, procfs: 1, syscall: 0
[    0.197334] ------------[ cut here ]------------
[    0.198060] WARNING: CPU: 0 PID: 1 at /home/vagrant/firmadyne-kernel/kernel-v4.1/fs/sysfs/dir.c:31 sysfs_warn_dup+0x50/0x6c()
[    0.199926] sysfs: cannot create duplicate filename '/class/gpio'
[    0.201044] Modules linked in:
[    0.201728] CPU: 0 PID: 1 Comm: swapper Not tainted 4.1.17+ #1
[    0.202589] Hardware name: Generic DT based system
[    0.204059] [<c001c99c>] (unwind_backtrace) from [<c0019d30>] (show_stack+0x10/0x14)
[    0.205275] [<c0019d30>] (show_stack) from [<c0024ab4>] (warn_slowpath_common+0x80/0xa8)
[    0.206475] [<c0024ab4>] (warn_slowpath_common) from [<c0024b08>] (warn_slowpath_fmt+0x2c/0x3c)
[    0.208034] [<c0024b08>] (warn_slowpath_fmt) from [<c00e363c>] (sysfs_warn_dup+0x50/0x6c)
[    0.209221] [<c00e363c>] (sysfs_warn_dup) from [<c00e3714>] (sysfs_create_dir_ns+0x74/0x84)
[    0.210422] [<c00e3714>] (sysfs_create_dir_ns) from [<c018e6ac>] (kobject_add_internal+0xb8/0x2ac)
[    0.211959] [<c018e6ac>] (kobject_add_internal) from [<c018e9a8>] (kset_register+0x1c/0x44)
[    0.212774] [<c018e9a8>] (kset_register) from [<c02090b4>] (__class_register+0xa8/0x198)
[    0.213322] [<c02090b4>] (__class_register) from [<c02091e4>] (__class_create+0x40/0x70)
[    0.213942] [<c02091e4>] (__class_create) from [<c01adf68>] (register_devfs_stubs+0x314/0xbb4)
[    0.214694] [<c01adf68>] (register_devfs_stubs) from [<c05d9b08>] (init_module+0x28/0xa4)
[    0.215410] [<c05d9b08>] (init_module) from [<c0009670>] (do_one_initcall+0x104/0x1b4)
[    0.216197] [<c0009670>] (do_one_initcall) from [<c05c7d08>] (kernel_init_freeable+0xf0/0x1b0)
[    0.216930] [<c05c7d08>] (kernel_init_freeable) from [<c040f28c>] (kernel_init+0x8/0xe4)
[    0.217402] [<c040f28c>] (kernel_init) from [<c0016da8>] (ret_from_fork+0x14/0x2c)
[    0.218199] ---[ end trace 820852abeba98f91 ]---
[    0.218917] ------------[ cut here ]------------
[    0.219498] WARNING: CPU: 0 PID: 1 at /home/vagrant/firmadyne-kernel/kernel-v4.1/lib/kobject.c:240 kobject_add_internal+0x240/0x2ac()
[    0.220443] kobject_add_internal failed for gpio with -EEXIST, don't try to register things with the same name in the same directory.
[    0.221627] Modules linked in:
[    0.222027] CPU: 0 PID: 1 Comm: swapper Tainted: G        W       4.1.17+ #1
[    0.222698] Hardware name: Generic DT based system
[    0.223087] [<c001c99c>] (unwind_backtrace) from [<c0019d30>] (show_stack+0x10/0x14)
[    0.223764] [<c0019d30>] (show_stack) from [<c0024ab4>] (warn_slowpath_common+0x80/0xa8)
[    0.224403] [<c0024ab4>] (warn_slowpath_common) from [<c0024b08>] (warn_slowpath_fmt+0x2c/0x3c)
[    0.225088] [<c0024b08>] (warn_slowpath_fmt) from [<c018e834>] (kobject_add_internal+0x240/0x2ac)
[    0.225803] [<c018e834>] (kobject_add_internal) from [<c018e9a8>] (kset_register+0x1c/0x44)
[    0.226508] [<c018e9a8>] (kset_register) from [<c02090b4>] (__class_register+0xa8/0x198)
[    0.227296] [<c02090b4>] (__class_register) from [<c02091e4>] (__class_create+0x40/0x70)
[    0.228031] [<c02091e4>] (__class_create) from [<c01adf68>] (register_devfs_stubs+0x314/0xbb4)
[    0.228774] [<c01adf68>] (register_devfs_stubs) from [<c05d9b08>] (init_module+0x28/0xa4)
[    0.229386] [<c05d9b08>] (init_module) from [<c0009670>] (do_one_initcall+0x104/0x1b4)
[    0.229982] [<c0009670>] (do_one_initcall) from [<c05c7d08>] (kernel_init_freeable+0xf0/0x1b0)
[    0.230919] [<c05c7d08>] (kernel_init_freeable) from [<c040f28c>] (kernel_init+0x8/0xe4)
[    0.231722] [<c040f28c>] (kernel_init) from [<c0016da8>] (ret_from_fork+0x14/0x2c)
[    0.232345] ---[ end trace 820852abeba98f92 ]---
[    0.232966] firmadyne: Cannot create device class: gpio!
[    0.234557] firmadyne: Cannot register character device: watchdog, 0xa, 0x82!
[    0.235862] firmadyne: Cannot register character device: wdt, 0xfd, 0x0!
[    0.320465] Non-volatile memory driver v1.3
[    0.337430] brd: module loaded
[    0.345001] loop: module loaded
[    0.352605]  vda: vda1
[    0.356366] [nandsim] warning: read_byte: unexpected data output cycle, state is STATE_READY return 0x0
[    0.357776] [nandsim] warning: read_byte: unexpected data output cycle, state is STATE_READY return 0x0
[    0.359129] [nandsim] warning: read_byte: unexpected data output cycle, state is STATE_READY return 0x0
[    0.360473] [nandsim] warning: read_byte: unexpected data output cycle, state is STATE_READY return 0x0
[    0.362006] [nandsim] warning: read_byte: unexpected data output cycle, state is STATE_READY return 0x0
[    0.363361] [nandsim] warning: read_byte: unexpected data output cycle, state is STATE_READY return 0x0
[    0.364951] nand: device found, Manufacturer ID: 0x98, Chip ID: 0x39
[    0.365894] nand: Toshiba NAND 128MiB 1,8V 8-bit
[    0.366573] nand: 128 MiB, SLC, erase size: 16 KiB, page size: 512, OOB size: 16
[    0.367874] flash size: 128 MiB
[    0.368363] page size: 512 bytes
[    0.368846] OOB area size: 16 bytes
[    0.369357] sector size: 16 KiB
[    0.369798] pages number: 262144
[    0.370279] pages per sector: 32
[    0.370956] bus width: 8
[    0.371338] bits in sector size: 14
[    0.371851] bits in page size: 9
[    0.372061] bits in OOB size: 4
[    0.372411] flash size with OOB: 135168 KiB
[    0.372725] page address bytes: 4
[    0.373013] sector address bytes: 3
[    0.373274] options: 0x42
[    0.377987] Scanning device for bad blocks
[    0.476990] Creating 11 MTD partitions on "NAND 128MiB 1,8V 8-bit":
[    0.478230] 0x000000000000-0x000000100000 : "NAND simulator partition 0"
[    0.481986] 0x000000100000-0x000000200000 : "NAND simulator partition 1"
[    0.484361] 0x000000200000-0x000000300000 : "NAND simulator partition 2"
[    0.486384] 0x000000300000-0x000000400000 : "NAND simulator partition 3"
[    0.488408] 0x000000400000-0x000000500000 : "NAND simulator partition 4"
[    0.490406] 0x000000500000-0x000000600000 : "NAND simulator partition 5"
[    0.492688] 0x000000600000-0x000000700000 : "NAND simulator partition 6"
[    0.494792] 0x000000700000-0x000000800000 : "NAND simulator partition 7"
[    0.497040] 0x000000800000-0x000000900000 : "NAND simulator partition 8"
[    0.499217] 0x000000900000-0x000000a00000 : "NAND simulator partition 9"
[    0.501563] 0x000000a00000-0x000008000000 : "NAND simulator partition 10"
[    0.505995] tun: Universal TUN/TAP device driver, 1.6
[    0.506792] tun: (C) 1999-2004 Max Krasnyansky <maxk@qualcomm.com>
[    0.518700] PPP generic driver version 2.4.2
[    0.520078] PPP BSD Compression module registered
[    0.521066] PPP Deflate Compression module registered
[    0.521990] PPP MPPE Compression module registered
[    0.522807] NET: Registered protocol family 24
[    0.523737] PPTP driver version 0.8.5
[    0.524844] usbcore: registered new interface driver usb-storage
[    0.527076] hidraw: raw HID events driver (C) Jiri Kosina
[    0.528382] usbcore: registered new interface driver usbhid
[    0.529209] usbhid: USB HID core driver
[    0.530133] Netfilter messages via NETLINK v0.30.
[    0.531509] nf_conntrack version 0.5.0 (3958 buckets, 15832 max)
[    0.533406] ctnetlink v0.93: registering with nfnetlink.
[    0.535285] ipip: IPv4 over IPv4 tunneling driver
[    0.537681] gre: GRE over IPv4 demultiplexor driver
[    0.538487] ip_gre: GRE over IPv4 tunneling driver
[    0.543158] ip_tables: (C) 2000-2006 Netfilter Core Team
[    0.545304] arp_tables: (C) 2002 David S. Miller
[    0.546831] Initializing XFRM netlink socket
[    0.547852] NET: Registered protocol family 10
[    0.553429] ip6_tables: (C) 2000-2006 Netfilter Core Team
[    0.555467] sit: IPv6 over IPv4 tunneling driver
[    0.558937] NET: Registered protocol family 17
[    0.560252] bridge: automatic filtering via arp/ip/ip6tables has been deprecated. Update your scripts to load br_netfilter if you need this.
[    0.562356] Bridge firewalling registered
[    0.563054] Ebtables v2.0 registered
[    0.564454] 8021q: 802.1Q VLAN Support v1.8
[    0.565566] Registering SWP/SWPB emulation handler
[    0.567799] hctosys: unable to open rtc device (rtc0)
[    0.576281] EXT4-fs (vda1): couldn't mount as ext3 due to feature incompatibilities
[    0.578457] EXT4-fs (vda1): mounting ext2 file system using the ext4 subsystem
[    0.587536] EXT4-fs (vda1): warning: mounting unchecked fs, running e2fsck is recommended
[    0.591126] EXT4-fs (vda1): mounted filesystem without journal. Opts: (null)
[    0.593077] VFS: Mounted root (ext2 filesystem) on device 254:1.
[    0.598262] Freeing unused kernel memory: 180K (c05c7000 - c05f4000)
[    0.613927] firmadyne: do_execve: /firmadyne/console
[    0.614769] OFFSETS: offset of pid: 0x190 offset of comm: 0x270
[    0.615776] Kernel panic - not syncing: No working init found.  Try passing init= option to kernel. See Linux Documentation/init.txt for guidance.
[    0.617683] CPU: 0 PID: 1 Comm: swapper Tainted: G        W       4.1.17+ #1
[    0.618676] Hardware name: Generic DT based system
[    0.619436] [<c001c99c>] (unwind_backtrace) from [<c0019d30>] (show_stack+0x10/0x14)
[    0.620651] [<c0019d30>] (show_stack) from [<c0410b78>] (panic+0x70/0x1c8)
[    0.621733] [<c0410b78>] (panic) from [<c040f33c>] (kernel_init+0xb8/0xe4)
[    0.622783] [<c040f33c>] (kernel_init) from [<c0016da8>] (ret_from_fork+0x14/0x2c)
[    0.624258] ---[ end Kernel panic - not syncing: No working init found.  Try passing init= option to kernel. See Linux Documentation/init.txt for guidance.
